Java HotSpot(TM) 64-Bit Server VM (25.74-b02) for linux-amd64 JRE (1.8.0_74-b02), built on Jan 29 2016 19:20:56 by "java_re" with gcc 4.3.0 20080428 (Red Hat 4.3.0-8)
Memory: 4k page, physical 65960280k(2497904k free), swap 32767996k(32757056k free)
CommandLine flags: -XX:InitialHeapSize=1055364480 -XX:MaxHeapSize=16885831680 -XX:+PrintGC -XX:+PrintGCTimeStamps -XX:+UseCompressedClassPointers -XX:+UseCompressedOops -XX:+UseParallelGC 
0.924: [GC (Allocation Failure)  258048K->14765K(989184K), 0.0241156 secs]
2.020: [GC (Allocation Failure)  272813K->11706K(1247232K), 0.0206019 secs]
3.548: [GC (Allocation Failure)  527802K->9490K(1247232K), 0.0157808 secs]
4.623: [GC (Allocation Failure)  525586K->9559K(1763328K), 0.0132707 secs]
47951.746: [GC (Allocation Failure)  1041751K->9282K(1763328K), 0.0197405 secs]
47952.880: [GC (Allocation Failure)  1041474K->8842K(2767360K), 0.0144964 secs]
47955.858: [GC (Allocation Failure)  2073226K->9226K(2662400K), 0.0189019 secs]
47957.925: [GC (Allocation Failure)  1981962K->8946K(2574848K), 0.0059862 secs]
47959.873: [GC (Allocation Failure)  1894642K->8902K(2491904K), 0.0059279 secs]
47961.921: [GC (Allocation Failure)  1812166K->8878K(2413056K), 0.0051590 secs]
47963.743: [GC (Allocation Failure)  1733294K->8942K(2356224K), 0.0034265 secs]
47965.438: [GC (Allocation Failure)  1658606K->8878K(2267136K), 0.0088647 secs]
47967.054: [GC (Allocation Failure)  1587374K->8910K(2216960K), 0.0055089 secs]
47968.620: [GC (Allocation Failure)  1519822K->8926K(2135040K), 0.0076735 secs]
47970.205: [GC (Allocation Failure)  1455326K->8926K(2091008K), 0.0039807 secs]
47971.699: [GC (Allocation Failure)  1394398K->8982K(2015744K), 0.0077072 secs]
47973.158: [GC (Allocation Failure)  1336086K->8918K(1976320K), 0.0038981 secs]
47974.545: [GC (Allocation Failure)  1280726K->8950K(1907712K), 0.0066719 secs]
47975.849: [GC (Allocation Failure)  1228022K->8886K(1871872K), 0.0052072 secs]
47977.099: [GC (Allocation Failure)  1177782K->8886K(1809920K), 0.0131704 secs]
47978.282: [GC (Allocation Failure)  1130166K->8886K(1777152K), 0.0053475 secs]
47979.472: [GC (Allocation Failure)  1084598K->8886K(1721344K), 0.0070202 secs]
47980.550: [GC (Allocation Failure)  1041590K->8918K(1692160K), 0.0034995 secs]
47981.580: [GC (Allocation Failure)  1000662K->8950K(1641472K), 0.0066907 secs]
47982.577: [GC (Allocation Failure)  961782K->9046K(1614336K), 0.0033105 secs]
47983.544: [GC (Allocation Failure)  924502K->8982K(1568768K), 0.0056867 secs]
47984.612: [GC (Allocation Failure)  889110K->8950K(1544192K), 0.0040386 secs]
47985.502: [GC (Allocation Failure)  855286K->8950K(1502720K), 0.0057801 secs]
47986.371: [GC (Allocation Failure)  823030K->8966K(1479680K), 0.0037778 secs]
47987.217: [GC (Allocation Failure)  792326K->8966K(1442816K), 0.0070240 secs]
47988.040: [GC (Allocation Failure)  763142K->8934K(1421824K), 0.0041121 secs]
47988.800: [GC (Allocation Failure)  735462K->8934K(1388544K), 0.0053437 secs]
47989.554: [GC (Allocation Failure)  708838K->8934K(1369088K), 0.0042931 secs]
47990.258: [GC (Allocation Failure)  683750K->8966K(1339392K), 0.0056587 secs]
47990.943: [GC (Allocation Failure)  659718K->8966K(1321472K), 0.0041426 secs]
47991.611: [GC (Allocation Failure)  636678K->8966K(1294336K), 0.0066751 secs]
47992.282: [GC (Allocation Failure)  614662K->8998K(1277440K), 0.0041291 secs]
47992.899: [GC (Allocation Failure)  593702K->8966K(1253376K), 0.0052299 secs]
47993.498: [GC (Allocation Failure)  573702K->8966K(1238016K), 0.0042205 secs]
47994.075: [GC (Allocation Failure)  554758K->8966K(1216000K), 0.0190557 secs]
47994.665: [GC (Allocation Failure)  536326K->8934K(1201664K), 0.0039905 secs]
47995.199: [GC (Allocation Failure)  518886K->8934K(1181696K), 0.0042812 secs]
47995.732: [GC (Allocation Failure)  501990K->8998K(1168384K), 0.0040418 secs]
47996.280: [GC (Allocation Failure)  486182K->8966K(1150464K), 0.0046056 secs]
47996.770: [GC (Allocation Failure)  470790K->8966K(1138176K), 0.0035223 secs]
47997.243: [GC (Allocation Failure)  456454K->8966K(1122304K), 0.0044029 secs]
47997.708: [GC (Allocation Failure)  442630K->8934K(1111040K), 0.0041018 secs]
47998.173: [GC (Allocation Failure)  429286K->8998K(1096192K), 0.0042919 secs]
47998.607: [GC (Allocation Failure)  416550K->8998K(1085440K), 0.0042329 secs]
47999.022: [GC (Allocation Failure)  404262K->8966K(1072128K), 0.0040169 secs]
47999.443: [GC (Allocation Failure)  392454K->8934K(1061888K), 0.0047778 secs]
47999.834: [GC (Allocation Failure)  381158K->8934K(1050112K), 0.0050006 secs]
48000.207: [GC (Allocation Failure)  370406K->8934K(1040896K), 0.0043001 secs]
48000.574: [GC (Allocation Failure)  360166K->8934K(1114112K), 0.0043653 secs]
48001.096: [GC (Allocation Failure)  434406K->8934K(1204736K), 0.0097325 secs]
48001.629: [GC (Allocation Failure)  524006K->8934K(1312256K), 0.0038731 secs]
48002.270: [GC (Allocation Failure)  632550K->8998K(1437696K), 0.0074820 secs]
48003.047: [GC (Allocation Failure)  757542K->8902K(1409536K), 0.0035456 secs]
48003.818: [GC (Allocation Failure)  729798K->9030K(1383936K), 0.0039775 secs]
48004.542: [GC (Allocation Failure)  703814K->8998K(1358336K), 0.0085264 secs]
48005.250: [GC (Allocation Failure)  678694K->9070K(1334784K), 0.0042261 secs]
48005.905: [GC (Allocation Failure)  654702K->9198K(1311232K), 0.0061615 secs]
48006.544: [GC (Allocation Failure)  631790K->9094K(1290240K), 0.0040147 secs]
48007.261: [GC (Allocation Failure)  610182K->9158K(1268736K), 0.0036251 secs]
48007.836: [GC (Allocation Failure)  589254K->9166K(1249280K), 0.0023078 secs]
48008.385: [GC (Allocation Failure)  569294K->9134K(1229824K), 0.0032281 secs]
48008.942: [GC (Allocation Failure)  550318K->9134K(1211904K), 0.0039915 secs]
48009.453: [GC (Allocation Failure)  532398K->9134K(1194496K), 0.0037273 secs]
48009.948: [GC (Allocation Failure)  514990K->9166K(1178112K), 0.0039319 secs]
48010.440: [GC (Allocation Failure)  498638K->9294K(1162240K), 0.0037281 secs]
48010.956: [GC (Allocation Failure)  482894K->9214K(1147392K), 0.0044255 secs]
48011.447: [GC (Allocation Failure)  467966K->9214K(1133056K), 0.0037702 secs]
48011.926: [GC (Allocation Failure)  453630K->9230K(1119232K), 0.0029900 secs]
48012.407: [GC (Allocation Failure)  439822K->9294K(1105920K), 0.0034799 secs]
48012.833: [GC (Allocation Failure)  426574K->9262K(1093120K), 0.0039678 secs]
48013.244: [GC (Allocation Failure)  413742K->9326K(1080832K), 0.0035731 secs]
48013.632: [GC (Allocation Failure)  401518K->9326K(1069056K), 0.0037249 secs]
48013.999: [GC (Allocation Failure)  389742K->9334K(1057792K), 0.0041307 secs]
48014.362: [GC (Allocation Failure)  378486K->9334K(1047040K), 0.0045624 secs]
48014.712: [GC (Allocation Failure)  367734K->9374K(1118720K), 0.0043973 secs]
48015.135: [GC (Allocation Failure)  439454K->9438K(1105408K), 0.0030980 secs]
48015.567: [GC (Allocation Failure)  426206K->9382K(1092608K), 0.0032893 secs]
48015.986: [GC (Allocation Failure)  413350K->9382K(1173504K), 0.0072101 secs]
48016.481: [GC (Allocation Failure)  494246K->9414K(1270784K), 0.0052017 secs]
48017.050: [GC (Allocation Failure)  591558K->9382K(1250816K), 0.0035446 secs]
48017.612: [GC (Allocation Failure)  571558K->9382K(1231872K), 0.0049055 secs]
48018.182: [GC (Allocation Failure)  552614K->9350K(1213952K), 0.0037972 secs]
48018.693: [GC (Allocation Failure)  534662K->9350K(1196544K), 0.0034450 secs]
48019.224: [GC (Allocation Failure)  517254K->9382K(1180160K), 0.0034436 secs]
48019.787: [GC (Allocation Failure)  500902K->9382K(1164288K), 0.0046963 secs]
48020.254: [GC (Allocation Failure)  485030K->9350K(1148928K), 0.0035521 secs]
48020.739: [GC (Allocation Failure)  469638K->9414K(1134592K), 0.0033092 secs]
48021.203: [GC (Allocation Failure)  455366K->9350K(1120768K), 0.0050369 secs]
48021.643: [GC (Allocation Failure)  441478K->9350K(1107456K), 0.0030850 secs]
48022.077: [GC (Allocation Failure)  428166K->9414K(1094656K), 0.0044304 secs]
48022.490: [GC (Allocation Failure)  415430K->9350K(1082368K), 0.0043417 secs]
48022.891: [GC (Allocation Failure)  403078K->9350K(1070592K), 0.0044692 secs]
48023.294: [GC (Allocation Failure)  391302K->9382K(1059328K), 0.0037181 secs]
48023.669: [GC (Allocation Failure)  380070K->9382K(1048576K), 0.0041626 secs]
48024.081: [GC (Allocation Failure)  369318K->9350K(1038336K), 0.0045194 secs]
48024.440: [GC (Allocation Failure)  359046K->9414K(1108480K), 0.0037435 secs]
48024.868: [GC (Allocation Failure)  429254K->9382K(1095680K), 0.0038304 secs]
48025.276: [GC (Allocation Failure)  416422K->9414K(1083392K), 0.0025766 secs]
48025.691: [GC (Allocation Failure)  404166K->9414K(1071616K), 0.0027606 secs]
48026.077: [GC (Allocation Failure)  392390K->9382K(1060352K), 0.0035012 secs]
48026.451: [GC (Allocation Failure)  381094K->9350K(1049600K), 0.0035372 secs]
48026.819: [GC (Allocation Failure)  370310K->9414K(1039360K), 0.0040789 secs]
48027.176: [GC (Allocation Failure)  360134K->9350K(1029632K), 0.0031096 secs]
48027.520: [GC (Allocation Failure)  350342K->9382K(1020416K), 0.0037936 secs]
48027.883: [GC (Allocation Failure)  341158K->9350K(1011200K), 0.0037713 secs]
48028.211: [GC (Allocation Failure)  331910K->9382K(1002496K), 0.0032652 secs]
48028.543: [GC (Allocation Failure)  323238K->9382K(994304K), 0.0034189 secs]
48028.872: [GC (Allocation Failure)  315046K->9350K(986112K), 0.0033744 secs]
48029.173: [GC (Allocation Failure)  306822K->9350K(1046016K), 0.0041689 secs]
48029.540: [GC (Allocation Failure)  366726K->9350K(1117696K), 0.0038750 secs]
48029.978: [GC (Allocation Failure)  438406K->9382K(1203712K), 0.0038074 secs]
48030.505: [GC (Allocation Failure)  524454K->9350K(1186816K), 0.0042846 secs]
48031.036: [GC (Allocation Failure)  507526K->9350K(1170432K), 0.0039899 secs]
48031.525: [GC (Allocation Failure)  491142K->9350K(1155072K), 0.0042637 secs]
48032.002: [GC (Allocation Failure)  475782K->9414K(1140224K), 0.0039548 secs]
48032.501: [GC (Allocation Failure)  460998K->9382K(1125888K), 0.0034911 secs]
48032.942: [GC (Allocation Failure)  446630K->9350K(1112576K), 0.0035379 secs]
48033.369: [GC (Allocation Failure)  433286K->9382K(1099776K), 0.0036989 secs]
48033.792: [GC (Allocation Failure)  420518K->9414K(1087488K), 0.0030550 secs]
48034.198: [GC (Allocation Failure)  408262K->9382K(1075712K), 0.0040789 secs]
48034.597: [GC (Allocation Failure)  396454K->9382K(1064448K), 0.0041170 secs]
48034.985: [GC (Allocation Failure)  385190K->9382K(1053696K), 0.0031879 secs]
48035.353: [GC (Allocation Failure)  374438K->9446K(1043456K), 0.0042816 secs]
48035.724: [GC (Allocation Failure)  364262K->9414K(1033216K), 0.0030492 secs]
48036.103: [GC (Allocation Failure)  353990K->9382K(1023488K), 0.0034979 secs]
48036.441: [GC (Allocation Failure)  344230K->9382K(1014272K), 0.0041242 secs]
48036.773: [GC (Allocation Failure)  335014K->9382K(1079808K), 0.0042229 secs]
48037.169: [GC (Allocation Failure)  400550K->9382K(1158144K), 0.0036132 secs]
48037.641: [GC (Allocation Failure)  478886K->9382K(1143296K), 0.0039084 secs]
48038.102: [GC (Allocation Failure)  464038K->9350K(1128960K), 0.0039488 secs]
48038.548: [GC (Allocation Failure)  449670K->9382K(1115136K), 0.0041882 secs]
48038.995: [GC (Allocation Failure)  435878K->9350K(1102336K), 0.0040971 secs]
48039.414: [GC (Allocation Failure)  423046K->9382K(1090048K), 0.0050116 secs]
48039.822: [GC (Allocation Failure)  410790K->9350K(1078272K), 0.0030562 secs]
48040.214: [GC (Allocation Failure)  398982K->9414K(1067008K), 0.0038667 secs]
48040.599: [GC (Allocation Failure)  387782K->9382K(1056256K), 0.0039254 secs]
48040.972: [GC (Allocation Failure)  376998K->9350K(1045504K), 0.0032386 secs]
48041.364: [GC (Allocation Failure)  366214K->9382K(1035264K), 0.0033162 secs]
48041.714: [GC (Allocation Failure)  356006K->9414K(1025536K), 0.0034401 secs]
48042.055: [GC (Allocation Failure)  346310K->9382K(1016320K), 0.0038948 secs]
48042.387: [GC (Allocation Failure)  337062K->9382K(1007616K), 0.0032932 secs]
48042.707: [GC (Allocation Failure)  328358K->9382K(998912K), 0.0028287 secs]
48043.019: [GC (Allocation Failure)  319654K->9382K(990720K), 0.0034051 secs]
48043.324: [GC (Allocation Failure)  311462K->9414K(1051136K), 0.0035424 secs]
48043.687: [GC (Allocation Failure)  371910K->9414K(1123840K), 0.0037843 secs]
48044.170: [GC (Allocation Failure)  444614K->9382K(1110528K), 0.0035162 secs]
48044.596: [GC (Allocation Failure)  431270K->9382K(1097728K), 0.0030574 secs]
48045.053: [GC (Allocation Failure)  418470K->9382K(1085440K), 0.0039153 secs]
48045.453: [GC (Allocation Failure)  406182K->9414K(1073664K), 0.0028209 secs]
48045.841: [GC (Allocation Failure)  394438K->9382K(1062400K), 0.0033194 secs]
48046.218: [GC (Allocation Failure)  383142K->9382K(1051648K), 0.0035830 secs]
48046.584: [GC (Allocation Failure)  372390K->9382K(1041408K), 0.0037069 secs]
48046.939: [GC (Allocation Failure)  362150K->9382K(1031680K), 0.0029262 secs]
48047.282: [GC (Allocation Failure)  352422K->9382K(1021952K), 0.0036493 secs]
48047.618: [GC (Allocation Failure)  342694K->9382K(1012736K), 0.0028387 secs]
48047.945: [GC (Allocation Failure)  333478K->9382K(1004032K), 0.0039757 secs]
48048.305: [GC (Allocation Failure)  324774K->9382K(1067520K), 0.0041194 secs]
48048.689: [GC (Allocation Failure)  388262K->9382K(1143296K), 0.0047897 secs]
48049.159: [GC (Allocation Failure)  464038K->9350K(1128960K), 0.0030867 secs]
48049.611: [GC (Allocation Failure)  449670K->9414K(1115136K), 0.0040318 secs]
48050.042: [GC (Allocation Failure)  435910K->9382K(1102336K), 0.0036789 secs]
48050.460: [GC (Allocation Failure)  423078K->9350K(1090048K), 0.0037323 secs]
48050.866: [GC (Allocation Failure)  410758K->9382K(1078272K), 0.0039884 secs]
48051.259: [GC (Allocation Failure)  399014K->9350K(1067008K), 0.0035580 secs]
48051.658: [GC (Allocation Failure)  387718K->9382K(1056256K), 0.0038943 secs]
48052.029: [GC (Allocation Failure)  376998K->9382K(1045504K), 0.0033669 secs]
48052.390: [GC (Allocation Failure)  366246K->9382K(1117184K), 0.0047261 secs]
48052.829: [GC (Allocation Failure)  437926K->9414K(1103872K), 0.0042136 secs]
48053.246: [GC (Allocation Failure)  424646K->9382K(1091072K), 0.0035855 secs]
48053.652: [GC (Allocation Failure)  411814K->9382K(1079296K), 0.0045821 secs]
48054.051: [GC (Allocation Failure)  400038K->9414K(1068032K), 0.0033484 secs]
48054.433: [GC (Allocation Failure)  388806K->9382K(1056768K), 0.0041444 secs]
48054.809: [GC (Allocation Failure)  377510K->9382K(1046016K), 0.0040476 secs]
48055.230: [GC (Allocation Failure)  366758K->9350K(1035776K), 0.0034613 secs]
48055.580: [GC (Allocation Failure)  356486K->9382K(1026048K), 0.0035718 secs]
48055.921: [GC (Allocation Failure)  346790K->9414K(1016832K), 0.0030076 secs]
48056.251: [GC (Allocation Failure)  337606K->9350K(1008128K), 0.0036116 secs]
48056.573: [GC (Allocation Failure)  328838K->9350K(1072128K), 0.0036789 secs]
48057.076: [GC (Allocation Failure)  392838K->9414K(1060864K), 0.0034032 secs]
48057.471: [GC (Allocation Failure)  381638K->9382K(1050112K), 0.0034914 secs]
48057.836: [GC (Allocation Failure)  370854K->9382K(1039872K), 0.0037404 secs]
48058.203: [GC (Allocation Failure)  360614K->9382K(1030144K), 0.0035725 secs]
48058.575: [GC (Allocation Failure)  350886K->9382K(1020928K), 0.0036811 secs]
48058.919: [GC (Allocation Failure)  341670K->9350K(1011712K), 0.0034727 secs]
48059.249: [GC (Allocation Failure)  332422K->9350K(1003008K), 0.0027561 secs]
48059.583: [GC (Allocation Failure)  323718K->9382K(994816K), 0.0033953 secs]
48059.892: [GC (Allocation Failure)  315558K->9350K(1056256K), 0.0037995 secs]
48060.264: [GC (Allocation Failure)  376966K->9350K(1045504K), 0.0033283 secs]
48060.625: [GC (Allocation Failure)  366214K->9350K(1035264K), 0.0035340 secs]
48060.974: [GC (Allocation Failure)  355974K->9382K(1025536K), 0.0030118 secs]
48061.313: [GC (Allocation Failure)  346278K->9382K(1016320K), 0.0038600 secs]
48061.645: [GC (Allocation Failure)  337062K->9350K(1007616K), 0.0034639 secs]
48061.999: [GC (Allocation Failure)  328326K->9382K(1071616K), 0.0038901 secs]
48062.386: [GC (Allocation Failure)  392358K->9382K(1148416K), 0.0038774 secs]
48062.914: [GC (Allocation Failure)  469158K->9350K(1134080K), 0.0030603 secs]
48063.363: [GC (Allocation Failure)  454790K->9350K(1120256K), 0.0028221 secs]
48063.803: [GC (Allocation Failure)  440966K->9350K(1106944K), 0.0033250 secs]
48064.315: [GC (Allocation Failure)  427654K->9382K(1094144K), 0.0036193 secs]
48064.726: [GC (Allocation Failure)  414886K->9350K(1081856K), 0.0032904 secs]
48065.123: [GC (Allocation Failure)  402566K->9382K(1070080K), 0.0029688 secs]
48065.509: [GC (Allocation Failure)  390822K->9350K(1058816K), 0.0040473 secs]
48065.897: [GC (Allocation Failure)  379526K->9414K(1048064K), 0.0037364 secs]
48066.313: [GC (Allocation Failure)  368838K->9350K(1037824K), 0.0052343 secs]
48066.669: [GC (Allocation Failure)  358534K->9382K(1028096K), 0.0038366 secs]
48067.014: [GC (Allocation Failure)  348838K->9382K(1096192K), 0.0048173 secs]
48067.425: [GC (Allocation Failure)  416934K->9382K(1178112K), 0.0036002 secs]
48067.921: [GC (Allocation Failure)  498854K->9318K(1162240K), 0.0032180 secs]
48068.397: [GC (Allocation Failure)  482918K->9382K(1147392K), 0.0033944 secs]
48068.859: [GC (Allocation Failure)  468134K->9382K(1133056K), 0.0033523 secs]
48069.336: [GC (Allocation Failure)  453798K->9382K(1119232K), 0.0038415 secs]
48069.771: [GC (Allocation Failure)  439974K->9350K(1105920K), 0.0042955 secs]
48070.196: [GC (Allocation Failure)  426630K->9350K(1093120K), 0.0038586 secs]
48070.623: [GC (Allocation Failure)  413830K->9382K(1080832K), 0.0033132 secs]
48071.018: [GC (Allocation Failure)  401574K->9382K(1069056K), 0.0029671 secs]
48071.400: [GC (Allocation Failure)  389798K->9414K(1057792K), 0.0031574 secs]
48071.773: [GC (Allocation Failure)  378566K->9382K(1047040K), 0.0035578 secs]
48072.166: [GC (Allocation Failure)  367782K->9382K(1036800K), 0.0033305 secs]
48072.516: [GC (Allocation Failure)  357542K->9382K(1027072K), 0.0038293 secs]
48072.862: [GC (Allocation Failure)  347814K->9382K(1017856K), 0.0040750 secs]
48073.205: [GC (Allocation Failure)  338598K->9382K(1083904K), 0.0044805 secs]
48073.607: [GC (Allocation Failure)  404646K->9414K(1072128K), 0.0034419 secs]
48074.007: [GC (Allocation Failure)  392902K->9350K(1060864K), 0.0040665 secs]
48074.384: [GC (Allocation Failure)  381574K->9350K(1050112K), 0.0038526 secs]
48074.760: [GC (Allocation Failure)  370822K->9382K(1122816K), 0.0042180 secs]
48075.205: [GC (Allocation Failure)  443558K->9382K(1209856K), 0.0043075 secs]
48075.731: [GC (Allocation Failure)  530598K->9382K(1192448K), 0.0039184 secs]
48076.254: [GC (Allocation Failure)  513190K->9382K(1176064K), 0.0036587 secs]
48076.746: [GC (Allocation Failure)  496806K->9382K(1160192K), 0.0035524 secs]
48077.241: [GC (Allocation Failure)  480934K->9382K(1145344K), 0.0034152 secs]
48077.702: [GC (Allocation Failure)  466086K->9350K(1131008K), 0.0043336 secs]
48078.156: [GC (Allocation Failure)  451718K->9382K(1117184K), 0.0037921 secs]
48078.590: [GC (Allocation Failure)  437926K->9382K(1103872K), 0.0038319 secs]
48079.057: [GC (Allocation Failure)  424614K->9414K(1091072K), 0.0033693 secs]
48079.475: [GC (Allocation Failure)  411846K->9350K(1079296K), 0.0032442 secs]
48079.886: [GC (Allocation Failure)  400006K->9382K(1068032K), 0.0035595 secs]
48080.270: [GC (Allocation Failure)  388774K->9350K(1056768K), 0.0036499 secs]
48080.641: [GC (Allocation Failure)  377478K->9382K(1046016K), 0.0039534 secs]
48081.005: [GC (Allocation Failure)  366758K->9350K(1035776K), 0.0037298 secs]
48081.397: [GC (Allocation Failure)  356486K->9382K(1026048K), 0.0045205 secs]
48081.760: [GC (Allocation Failure)  346790K->9382K(1016832K), 0.0040439 secs]
48082.100: [GC (Allocation Failure)  337574K->9350K(1082880K), 0.0057868 secs]
48082.522: [GC (Allocation Failure)  403590K->9350K(1161728K), 0.0034793 secs]
48083.031: [GC (Allocation Failure)  482438K->9382K(1146880K), 0.0038315 secs]
48083.492: [GC (Allocation Failure)  467622K->9382K(1132544K), 0.0029830 secs]
48083.938: [GC (Allocation Failure)  453286K->9382K(1118720K), 0.0039195 secs]
48084.398: [GC (Allocation Failure)  439462K->9382K(1105408K), 0.0040338 secs]
48084.825: [GC (Allocation Failure)  426150K->9382K(1092608K), 0.0040714 secs]
48085.233: [GC (Allocation Failure)  413350K->9350K(1080320K), 0.0034758 secs]
48085.630: [GC (Allocation Failure)  401030K->9414K(1068544K), 0.0034383 secs]
48086.015: [GC (Allocation Failure)  389318K->9350K(1057280K), 0.0042549 secs]
48086.391: [GC (Allocation Failure)  377990K->9350K(1046528K), 0.0041302 secs]
48086.754: [GC (Allocation Failure)  367238K->9382K(1036288K), 0.0039711 secs]
48087.103: [GC (Allocation Failure)  357030K->9414K(1105920K), 0.0039536 secs]
48087.522: [GC (Allocation Failure)  426694K->9414K(1189376K), 0.0043790 secs]
48088.029: [GC (Allocation Failure)  510150K->9350K(1172992K), 0.0042112 secs]
48088.521: [GC (Allocation Failure)  493702K->9382K(1157632K), 0.0028261 secs]
48088.991: [GC (Allocation Failure)  478374K->9382K(1142784K), 0.0041692 secs]
48089.512: [GC (Allocation Failure)  463526K->9382K(1128448K), 0.0040690 secs]
48089.992: [GC (Allocation Failure)  449190K->9350K(1114624K), 0.0041421 secs]
48090.421: [GC (Allocation Failure)  435334K->9414K(1101824K), 0.0041681 secs]
48090.837: [GC (Allocation Failure)  422598K->9414K(1089536K), 0.0035326 secs]
48091.240: [GC (Allocation Failure)  410310K->9382K(1077760K), 0.0035224 secs]
48091.632: [GC (Allocation Failure)  398502K->9382K(1066496K), 0.0038776 secs]
48092.013: [GC (Allocation Failure)  387238K->9382K(1055744K), 0.0037448 secs]
48092.382: [GC (Allocation Failure)  376486K->9382K(1044992K), 0.0028963 secs]
48092.741: [GC (Allocation Failure)  365734K->9382K(1034752K), 0.0039020 secs]
48093.092: [GC (Allocation Failure)  355494K->9350K(1025024K), 0.0034913 secs]
48093.432: [GC (Allocation Failure)  345734K->9382K(1015808K), 0.0030753 secs]
48093.763: [GC (Allocation Failure)  336550K->9350K(1007104K), 0.0040150 secs]
48094.087: [GC (Allocation Failure)  327814K->9350K(1071104K), 0.0036084 secs]
48094.496: [GC (Allocation Failure)  391814K->9382K(1059840K), 0.0038672 secs]
48094.871: [GC (Allocation Failure)  380582K->9382K(1134080K), 0.0041057 secs]
48095.348: [GC (Allocation Failure)  454822K->9350K(1120256K), 0.0038385 secs]
48095.804: [GC (Allocation Failure)  440966K->9382K(1106944K), 0.0039358 secs]
48096.226: [GC (Allocation Failure)  427686K->9414K(1094144K), 0.0039952 secs]
48096.636: [GC (Allocation Failure)  414918K->9382K(1081856K), 0.0042803 secs]
48097.036: [GC (Allocation Failure)  402598K->9350K(1070080K), 0.0036215 secs]
48097.424: [GC (Allocation Failure)  390790K->9350K(1058816K), 0.0045934 secs]
48097.811: [GC (Allocation Failure)  379526K->9350K(1048064K), 0.0038194 secs]
48098.177: [GC (Allocation Failure)  368774K->9382K(1037824K), 0.0037972 secs]
48098.556: [GC (Allocation Failure)  358566K->9382K(1107968K), 0.0044155 secs]
48098.983: [GC (Allocation Failure)  428710K->9382K(1095168K), 0.0035101 secs]
48099.390: [GC (Allocation Failure)  415910K->9350K(1082880K), 0.0032150 secs]
48099.786: [GC (Allocation Failure)  403590K->9382K(1071104K), 0.0029600 secs]
48100.236: [GC (Allocation Failure)  391846K->9350K(1059840K), 0.0030829 secs]
48100.672: [GC (Allocation Failure)  380550K->9382K(1049088K), 0.0032741 secs]
48101.040: [GC (Allocation Failure)  369830K->9398K(1038848K), 0.0037007 secs]
48101.400: [GC (Allocation Failure)  359606K->9374K(1029120K), 0.0036728 secs]
48101.767: [GC (Allocation Failure)  349854K->9374K(1019904K), 0.0037335 secs]
48102.104: [GC (Allocation Failure)  340638K->9406K(1010688K), 0.0033478 secs]
48102.432: [GC (Allocation Failure)  331454K->9374K(1001984K), 0.0036538 secs]
48102.749: [GC (Allocation Failure)  322718K->9406K(993792K), 0.0033273 secs]
48103.060: [GC (Allocation Failure)  314558K->9406K(1055232K), 0.0034113 secs]
48103.429: [GC (Allocation Failure)  375998K->9438K(1044480K), 0.0031562 secs]
48103.808: [GC (Allocation Failure)  365278K->9470K(1034240K), 0.0037035 secs]
48104.165: [GC (Allocation Failure)  355070K->9446K(1024512K), 0.0033335 secs]
48104.511: [GC (Allocation Failure)  345318K->9446K(1015296K), 0.0030141 secs]
48104.848: [GC (Allocation Failure)  336102K->9414K(1080832K), 0.0043281 secs]
48105.250: [GC (Allocation Failure)  401606K->9510K(1069056K), 0.0031290 secs]
48105.657: [GC (Allocation Failure)  389926K->9414K(1057792K), 0.0046897 secs]
48106.047: [GC (Allocation Failure)  378566K->9446K(1132032K), 0.0048926 secs]
48106.509: [GC (Allocation Failure)  452838K->9446K(1118208K), 0.0035537 secs]
48106.949: [GC (Allocation Failure)  439014K->9446K(1104896K), 0.0037898 secs]
48107.400: [GC (Allocation Failure)  425702K->9446K(1092096K), 0.0033237 secs]
48107.818: [GC (Allocation Failure)  412902K->9446K(1079808K), 0.0049003 secs]
48108.219: [GC (Allocation Failure)  400614K->9446K(1068032K), 0.0043263 secs]
48108.619: [GC (Allocation Failure)  388838K->9446K(1144320K), 0.0063137 secs]
48109.101: [GC (Allocation Failure)  465126K->9414K(1235456K), 0.0053474 secs]
48109.664: [GC (Allocation Failure)  556230K->9446K(1345024K), 0.0043009 secs]
48110.332: [GC (Allocation Failure)  665830K->9478K(1321472K), 0.0037385 secs]
48110.995: [GC (Allocation Failure)  642310K->9478K(1299456K), 0.0034669 secs]
48111.617: [GC (Allocation Failure)  620294K->9446K(1278464K), 0.0039787 secs]
48112.217: [GC (Allocation Failure)  599270K->9446K(1257984K), 0.0041697 secs]
48112.797: [GC (Allocation Failure)  578790K->9446K(1238528K), 0.0033404 secs]
48113.356: [GC (Allocation Failure)  559334K->9446K(1220096K), 0.0031358 secs]
48113.896: [GC (Allocation Failure)  540902K->9446K(1202688K), 0.0044703 secs]
48114.434: [GC (Allocation Failure)  523494K->9414K(1185792K), 0.0029785 secs]
48114.941: [GC (Allocation Failure)  506566K->9446K(1169920K), 0.0034958 secs]
48115.449: [GC (Allocation Failure)  490726K->9494K(1154560K), 0.0033061 secs]
48115.922: [GC (Allocation Failure)  475414K->9462K(1139712K), 0.0032439 secs]
48116.375: [GC (Allocation Failure)  460534K->9462K(1125376K), 0.0043119 secs]
48116.825: [GC (Allocation Failure)  446198K->9494K(1112064K), 0.0030193 secs]
48117.260: [GC (Allocation Failure)  432918K->9454K(1099264K), 0.0034291 secs]
48117.683: [GC (Allocation Failure)  420078K->9518K(1086976K), 0.0037153 secs]
48118.093: [GC (Allocation Failure)  407854K->9486K(1075200K), 0.0028958 secs]
48118.489: [GC (Allocation Failure)  396046K->9486K(1063936K), 0.0041970 secs]
48118.878: [GC (Allocation Failure)  384782K->9486K(1053184K), 0.0039559 secs]
48119.257: [GC (Allocation Failure)  374030K->9518K(1042944K), 0.0038694 secs]
48119.628: [GC (Allocation Failure)  363822K->9518K(1032704K), 0.0034193 secs]
48119.984: [GC (Allocation Failure)  353582K->9454K(1022976K), 0.0041037 secs]
48120.332: [GC (Allocation Failure)  343790K->9486K(1090048K), 0.0041640 secs]
48120.750: [GC (Allocation Failure)  410894K->9486K(1170432K), 0.0043274 secs]
48121.253: [GC (Allocation Failure)  491278K->9486K(1155072K), 0.0035854 secs]
48121.756: [GC (Allocation Failure)  475918K->9486K(1140224K), 0.0035698 secs]
48122.224: [GC (Allocation Failure)  461070K->9486K(1125888K), 0.0043678 secs]
48122.700: [GC (Allocation Failure)  446734K->9518K(1112576K), 0.0041464 secs]
48123.155: [GC (Allocation Failure)  433454K->9486K(1099776K), 0.0042041 secs]
48123.575: [GC (Allocation Failure)  420622K->9486K(1087488K), 0.0052225 secs]
48123.992: [GC (Allocation Failure)  408334K->9486K(1167360K), 0.0049721 secs]
48124.503: [GC (Allocation Failure)  488206K->9486K(1152000K), 0.0046099 secs]
48124.987: [GC (Allocation Failure)  472846K->9518K(1137152K), 0.0038283 secs]
48125.445: [GC (Allocation Failure)  458030K->9454K(1123328K), 0.0057132 secs]
48125.887: [GC (Allocation Failure)  444142K->9518K(1110016K), 0.0033733 secs]
48126.303: [GC (Allocation Failure)  430894K->9486K(1097216K), 0.0031553 secs]
48126.732: [GC (Allocation Failure)  418062K->9454K(1084928K), 0.0050175 secs]
48127.133: [GC (Allocation Failure)  405742K->9550K(1073152K), 0.0042462 secs]
48127.531: [GC (Allocation Failure)  394062K->9510K(1061888K), 0.0038829 secs]
48127.920: [GC (Allocation Failure)  382758K->9574K(1051136K), 0.0032133 secs]
48128.289: [GC (Allocation Failure)  372070K->9542K(1040896K), 0.0043786 secs]
48128.656: [GC (Allocation Failure)  361798K->9542K(1111552K), 0.0043210 secs]
48129.083: [GC (Allocation Failure)  432454K->9542K(1196544K), 0.0041790 secs]
48129.604: [GC (Allocation Failure)  517446K->9510K(1180160K), 0.0037165 secs]
48130.113: [GC (Allocation Failure)  501030K->9542K(1164288K), 0.0035277 secs]
48130.590: [GC (Allocation Failure)  485190K->9542K(1148928K), 0.0034867 secs]
48131.052: [GC (Allocation Failure)  469830K->9542K(1134592K), 0.0042084 secs]
48131.503: [GC (Allocation Failure)  455494K->9542K(1120768K), 0.0033170 secs]
48131.935: [GC (Allocation Failure)  441670K->9542K(1107456K), 0.0040613 secs]
48132.372: [GC (Allocation Failure)  428358K->9542K(1094656K), 0.0032040 secs]
48132.781: [GC (Allocation Failure)  415558K->9542K(1082368K), 0.0031712 secs]
48133.193: [GC (Allocation Failure)  403270K->9510K(1070592K), 0.0039183 secs]
48133.581: [GC (Allocation Failure)  391462K->9542K(1059328K), 0.0035579 secs]
48133.967: [GC (Allocation Failure)  380230K->9542K(1048576K), 0.0041913 secs]
48134.349: [GC (Allocation Failure)  369478K->9542K(1038336K), 0.0036410 secs]
48134.710: [GC (Allocation Failure)  359238K->9574K(1028608K), 0.0041880 secs]
48135.091: [GC (Allocation Failure)  349542K->9542K(1019392K), 0.0035630 secs]
48135.430: [GC (Allocation Failure)  340294K->9542K(1085952K), 0.0053915 secs]
48135.834: [GC (Allocation Failure)  406854K->9542K(1165824K), 0.0042355 secs]
48136.310: [GC (Allocation Failure)  486726K->9542K(1261568K), 0.0040027 secs]
48136.879: [GC (Allocation Failure)  582470K->9510K(1242112K), 0.0034532 secs]
48137.448: [GC (Allocation Failure)  562982K->9510K(1223680K), 0.0036395 secs]
48137.983: [GC (Allocation Failure)  544550K->9542K(1205760K), 0.0037296 secs]
48138.489: [GC (Allocation Failure)  526662K->9510K(1188864K), 0.0041231 secs]
48138.981: [GC (Allocation Failure)  509734K->9510K(1172480K), 0.0034751 secs]
48139.476: [GC (Allocation Failure)  493350K->9510K(1157120K), 0.0047022 secs]
48139.956: [GC (Allocation Failure)  477990K->9542K(1142272K), 0.0043607 secs]
48140.455: [GC (Allocation Failure)  463174K->9510K(1127936K), 0.0034659 secs]
48140.900: [GC (Allocation Failure)  448806K->9542K(1114112K), 0.0039186 secs]
48141.327: [GC (Allocation Failure)  435014K->9542K(1101312K), 0.0032483 secs]
48141.742: [GC (Allocation Failure)  422214K->9542K(1089024K), 0.0036553 secs]
48142.143: [GC (Allocation Failure)  409926K->9542K(1077248K), 0.0042075 secs]
48142.533: [GC (Allocation Failure)  398150K->9510K(1065984K), 0.0053645 secs]
48142.921: [GC (Allocation Failure)  386854K->9510K(1141760K), 0.0046872 secs]
48143.380: [GC (Allocation Failure)  462630K->9510K(1127424K), 0.0034485 secs]
48143.819: [GC (Allocation Failure)  448294K->9542K(1114112K), 0.0037457 secs]
48144.246: [GC (Allocation Failure)  435014K->9542K(1101312K), 0.0033468 secs]
48144.660: [GC (Allocation Failure)  422214K->9510K(1089024K), 0.0035366 secs]
48145.078: [GC (Allocation Failure)  409894K->9510K(1077248K), 0.0572775 secs]
48145.529: [GC (Allocation Failure)  398118K->9542K(1065984K), 0.0041153 secs]
48145.909: [GC (Allocation Failure)  386886K->9478K(1055232K), 0.0038133 secs]
48146.283: [GC (Allocation Failure)  376070K->9542K(1044480K), 0.0043983 secs]
48146.647: [GC (Allocation Failure)  365382K->9542K(1034240K), 0.0038228 secs]
48147.047: [GC (Allocation Failure)  355142K->9542K(1024512K), 0.0041896 secs]
48147.397: [GC (Allocation Failure)  345414K->9542K(1015296K), 0.0032607 secs]
48147.749: [GC (Allocation Failure)  336198K->9542K(1006592K), 0.0037109 secs]
48148.073: [GC (Allocation Failure)  327494K->9510K(1070592K), 0.0039536 secs]
48148.457: [GC (Allocation Failure)  391462K->9510K(1059328K), 0.0033710 secs]
48148.833: [GC (Allocation Failure)  380198K->9574K(1133568K), 0.0049885 secs]
48149.306: [GC (Allocation Failure)  454502K->9542K(1119744K), 0.0035863 secs]
48149.732: [GC (Allocation Failure)  440646K->9510K(1106432K), 0.0036578 secs]
48150.149: [GC (Allocation Failure)  427302K->9510K(1093632K), 0.0038529 secs]
48150.597: [GC (Allocation Failure)  414502K->9542K(1081344K), 0.0030812 secs]
48151.009: [GC (Allocation Failure)  402246K->9510K(1069568K), 0.0036540 secs]
48151.387: [GC (Allocation Failure)  390438K->9510K(1058304K), 0.0035382 secs]
48151.750: [GC (Allocation Failure)  379174K->9542K(1047552K), 0.0033191 secs]
48152.102: [GC (Allocation Failure)  368454K->9542K(1037312K), 0.0039347 secs]
48152.461: [GC (Allocation Failure)  358214K->9542K(1027584K), 0.0038370 secs]
48152.799: [GC (Allocation Failure)  348486K->9542K(1018368K), 0.0034820 secs]
48153.144: [GC (Allocation Failure)  339270K->9542K(1009152K), 0.0038097 secs]
48153.482: [GC (Allocation Failure)  330054K->9526K(1073664K), 0.0043594 secs]
48153.875: [GC (Allocation Failure)  394550K->9526K(1150976K), 0.0036231 secs]
48154.361: [GC (Allocation Failure)  471862K->9526K(1136640K), 0.0042117 secs]
48154.809: [GC (Allocation Failure)  457526K->9494K(1122816K), 0.0042734 secs]
48155.248: [GC (Allocation Failure)  443670K->9558K(1209856K), 0.0056658 secs]
48155.819: [GC (Allocation Failure)  530774K->9590K(1192448K), 0.0044291 secs]
48156.323: [GC (Allocation Failure)  513398K->9558K(1176064K), 0.0041083 secs]
48156.812: [GC (Allocation Failure)  496982K->9590K(1160192K), 0.0035627 secs]
48157.283: [GC (Allocation Failure)  481142K->9526K(1145344K), 0.0032928 secs]
48157.750: [GC (Allocation Failure)  466230K->9558K(1131008K), 0.0036675 secs]
48158.191: [GC (Allocation Failure)  451926K->9558K(1117184K), 0.0043851 secs]
48158.619: [GC (Allocation Failure)  438102K->9526K(1103872K), 0.0039814 secs]
48159.050: [GC (Allocation Failure)  424758K->9526K(1091072K), 0.0049334 secs]
48159.461: [GC (Allocation Failure)  411958K->9526K(1079296K), 0.0040973 secs]
48159.851: [GC (Allocation Failure)  400182K->9526K(1068032K), 0.0036083 secs]
48160.230: [GC (Allocation Failure)  388918K->9526K(1056768K), 0.0035420 secs]
48160.599: [GC (Allocation Failure)  377654K->9590K(1046016K), 0.0034229 secs]
48161.023: [GC (Allocation Failure)  366966K->9558K(1035776K), 0.0038650 secs]
48161.379: [GC (Allocation Failure)  356694K->9558K(1026048K), 0.0036026 secs]
48161.717: [GC (Allocation Failure)  346966K->9558K(1016832K), 0.0033212 secs]
48162.046: [GC (Allocation Failure)  337750K->9526K(1082880K), 0.0041358 secs]
48162.442: [GC (Allocation Failure)  403766K->9558K(1161728K), 0.0041927 secs]
48162.916: [GC (Allocation Failure)  482646K->9558K(1146880K), 0.0039858 secs]
48163.404: [GC (Allocation Failure)  467798K->9558K(1132544K), 0.0038692 secs]
48163.849: [GC (Allocation Failure)  453462K->9526K(1118720K), 0.0035408 secs]
48164.275: [GC (Allocation Failure)  439606K->9558K(1105408K), 0.0040900 secs]
48164.707: [GC (Allocation Failure)  426326K->9558K(1092608K), 0.0036734 secs]
48165.100: [GC (Allocation Failure)  413526K->9590K(1080320K), 0.0037211 secs]
48165.485: [GC (Allocation Failure)  401270K->9558K(1068544K), 0.0037795 secs]
48165.858: [GC (Allocation Failure)  389462K->9558K(1057280K), 0.0031207 secs]
48166.257: [GC (Allocation Failure)  378198K->9526K(1046528K), 0.0039045 secs]
48166.619: [GC (Allocation Failure)  367414K->9558K(1036288K), 0.0031379 secs]
48166.979: [GC (Allocation Failure)  357206K->9526K(1026560K), 0.0038246 secs]
48167.322: [GC (Allocation Failure)  347446K->9526K(1017344K), 0.0039666 secs]
48167.662: [GC (Allocation Failure)  338230K->9558K(1083392K), 0.0042831 secs]
48168.080: [GC (Allocation Failure)  404310K->9526K(1071616K), 0.0036516 secs]
48168.470: [GC (Allocation Failure)  392502K->9526K(1060352K), 0.0034097 secs]
48168.850: [GC (Allocation Failure)  381238K->9590K(1049600K), 0.0039137 secs]
48169.234: [GC (Allocation Failure)  370550K->9558K(1121792K), 0.0046658 secs]
48169.671: [GC (Allocation Failure)  442710K->9558K(1208832K), 0.0044319 secs]
48170.213: [GC (Allocation Failure)  529750K->9558K(1191936K), 0.0051874 secs]
48170.718: [GC (Allocation Failure)  512854K->9558K(1175552K), 0.0042644 secs]
48171.204: [GC (Allocation Failure)  496470K->9558K(1159680K), 0.0041479 secs]
48171.678: [GC (Allocation Failure)  480598K->9526K(1144832K), 0.0041736 secs]
48172.135: [GC (Allocation Failure)  465718K->9558K(1130496K), 0.0034205 secs]
48172.580: [GC (Allocation Failure)  451414K->9558K(1116672K), 0.0038207 secs]
48173.009: [GC (Allocation Failure)  437590K->9526K(1103360K), 0.0046130 secs]
48173.427: [GC (Allocation Failure)  424246K->9558K(1091072K), 0.0039669 secs]
48173.861: [GC (Allocation Failure)  411990K->9526K(1079296K), 0.0032765 secs]
48174.261: [GC (Allocation Failure)  400182K->9558K(1068032K), 0.0039565 secs]
48174.643: [GC (Allocation Failure)  388950K->9526K(1056768K), 0.0038767 secs]
48175.012: [GC (Allocation Failure)  377654K->9558K(1046016K), 0.0037966 secs]
48175.370: [GC (Allocation Failure)  366934K->9526K(1035776K), 0.0034983 secs]
48175.719: [GC (Allocation Failure)  356662K->9558K(1105408K), 0.0043852 secs]
48176.156: [GC (Allocation Failure)  426326K->9558K(1092608K), 0.0037719 secs]
48176.562: [GC (Allocation Failure)  413526K->9526K(1173504K), 0.0053708 secs]
48177.046: [GC (Allocation Failure)  494390K->9526K(1270784K), 0.0043534 secs]
48177.630: [GC (Allocation Failure)  591670K->9526K(1250816K), 0.0027954 secs]
48178.186: [GC (Allocation Failure)  571702K->9558K(1231872K), 0.0043837 secs]
48178.734: [GC (Allocation Failure)  552790K->9558K(1213952K), 0.0035025 secs]
48179.270: [GC (Allocation Failure)  534870K->9590K(1196544K), 0.0037724 secs]
48179.777: [GC (Allocation Failure)  517494K->9558K(1180160K), 0.0041832 secs]
48180.267: [GC (Allocation Failure)  501078K->9558K(1164288K), 0.0036977 secs]
48180.741: [GC (Allocation Failure)  485206K->9590K(1148928K), 0.0036183 secs]
48181.199: [GC (Allocation Failure)  469878K->9558K(1134592K), 0.0043969 secs]
48181.649: [GC (Allocation Failure)  455510K->9558K(1120768K), 0.0032308 secs]
48182.166: [GC (Allocation Failure)  441686K->9558K(1107456K), 0.0042225 secs]
48182.585: [GC (Allocation Failure)  428374K->9558K(1094656K), 0.0034266 secs]
48182.991: [GC (Allocation Failure)  415574K->9590K(1082368K), 0.0039770 secs]
48183.384: [GC (Allocation Failure)  403318K->9526K(1070592K), 0.0033654 secs]
48183.840: [GC (Allocation Failure)  391478K->9558K(1059328K), 0.0034837 secs]
48184.210: [GC (Allocation Failure)  380246K->9558K(1048576K), 0.0045670 secs]
48184.600: [GC (Allocation Failure)  369494K->9558K(1038336K), 0.0039097 secs]
48184.956: [GC (Allocation Failure)  359254K->9526K(1028608K), 0.0038976 secs]
48185.324: [GC (Allocation Failure)  349494K->9558K(1019392K), 0.0037112 secs]
48185.688: [GC (Allocation Failure)  340310K->9526K(1085952K), 0.0046583 secs]
48186.100: [GC (Allocation Failure)  406838K->9526K(1074176K), 0.0032440 secs]
48186.484: [GC (Allocation Failure)  395062K->9590K(1062912K), 0.0027830 secs]
48186.857: [GC (Allocation Failure)  383862K->9558K(1138176K), 0.0057143 secs]
48187.353: [GC (Allocation Failure)  459094K->9526K(1228288K), 0.0043746 secs]
48187.884: [GC (Allocation Failure)  549174K->9526K(1210368K), 0.0036508 secs]
48188.390: [GC (Allocation Failure)  531254K->9526K(1192960K), 0.0038626 secs]
48188.884: [GC (Allocation Failure)  513846K->9558K(1176576K), 0.0032914 secs]
48189.365: [GC (Allocation Failure)  497494K->9526K(1160704K), 0.0043509 secs]
48189.837: [GC (Allocation Failure)  481590K->9558K(1145856K), 0.0031262 secs]
48190.292: [GC (Allocation Failure)  466774K->9526K(1131520K), 0.0035515 secs]
48190.735: [GC (Allocation Failure)  452406K->9526K(1117696K), 0.0037245 secs]
48191.165: [GC (Allocation Failure)  438582K->9558K(1104384K), 0.0028262 secs]
48191.580: [GC (Allocation Failure)  425302K->9526K(1091584K), 0.0042062 secs]
48192.002: [GC (Allocation Failure)  412470K->9526K(1079808K), 0.0199456 secs]
48192.428: [GC (Allocation Failure)  400694K->9526K(1068032K), 0.0036101 secs]
48192.812: [GC (Allocation Failure)  388918K->9526K(1056768K), 0.0036064 secs]
48193.187: [GC (Allocation Failure)  377654K->9558K(1046016K), 0.0033416 secs]
48193.546: [GC (Allocation Failure)  366934K->9558K(1035776K), 0.0034013 secs]
48193.896: [GC (Allocation Failure)  356694K->9558K(1026048K), 0.0041180 secs]
48194.243: [GC (Allocation Failure)  346966K->9526K(1016832K), 0.0031617 secs]
48194.575: [GC (Allocation Failure)  337718K->9558K(1008128K), 0.0031666 secs]
48194.899: [GC (Allocation Failure)  329046K->9558K(999424K), 0.0036263 secs]
48195.214: [GC (Allocation Failure)  320342K->9558K(1061888K), 0.0037063 secs]
48195.592: [GC (Allocation Failure)  382806K->9590K(1051136K), 0.0036949 secs]
48195.957: [GC (Allocation Failure)  372086K->9558K(1040896K), 0.0032120 secs]
48196.312: [GC (Allocation Failure)  361814K->9590K(1031168K), 0.0034374 secs]
48196.658: [GC (Allocation Failure)  352118K->9558K(1021440K), 0.0033000 secs]
48196.993: [GC (Allocation Failure)  342358K->9526K(1012224K), 0.0037221 secs]
48197.322: [GC (Allocation Failure)  333110K->9526K(1003520K), 0.0034436 secs]
48197.642: [GC (Allocation Failure)  324406K->9526K(1066496K), 0.0036527 secs]
48198.020: [GC (Allocation Failure)  387382K->9558K(1055744K), 0.0033488 secs]
48198.386: [GC (Allocation Failure)  376662K->9558K(1044992K), 0.0040354 secs]
48198.748: [GC (Allocation Failure)  365910K->9526K(1034752K), 0.0036347 secs]
48199.095: [GC (Allocation Failure)  355638K->9526K(1025024K), 0.0035215 secs]
48199.442: [GC (Allocation Failure)  345910K->9558K(1015808K), 0.0032237 secs]
48199.780: [GC (Allocation Failure)  336726K->9558K(1007104K), 0.0036865 secs]
48200.102: [GC (Allocation Failure)  328022K->9558K(1071104K), 0.0045381 secs]
48200.491: [GC (Allocation Failure)  392022K->9526K(1147904K), 0.0035967 secs]
48200.952: [GC (Allocation Failure)  468790K->9558K(1133568K), 0.0038182 secs]
48201.478: [GC (Allocation Failure)  454486K->9590K(1119744K), 0.0038686 secs]
48201.925: [GC (Allocation Failure)  440694K->9590K(1106432K), 0.0033538 secs]
48202.342: [GC (Allocation Failure)  427382K->9590K(1093632K), 0.0035957 secs]
48202.794: [GC (Allocation Failure)  414582K->9558K(1081344K), 0.0050027 secs]
48203.188: [GC (Allocation Failure)  402262K->9558K(1069568K), 0.0032831 secs]
48203.586: [GC (Allocation Failure)  390486K->9558K(1058304K), 0.0036683 secs]
48203.956: [GC (Allocation Failure)  379222K->9526K(1047552K), 0.0030984 secs]
48204.317: [GC (Allocation Failure)  368438K->9526K(1037312K), 0.0038815 secs]
48204.669: [GC (Allocation Failure)  358198K->9558K(1027584K), 0.0035762 secs]
48205.009: [GC (Allocation Failure)  348502K->9558K(1018368K), 0.0033888 secs]
48205.341: [GC (Allocation Failure)  339286K->9526K(1009152K), 0.0035279 secs]
48205.664: [GC (Allocation Failure)  330038K->9558K(1073664K), 0.0037570 secs]
48206.072: [GC (Allocation Failure)  394582K->9590K(1062400K), 0.0037151 secs]
48206.448: [GC (Allocation Failure)  383350K->9558K(1051648K), 0.0035211 secs]
48206.811: [GC (Allocation Failure)  372566K->9526K(1041408K), 0.0038923 secs]
48207.164: [GC (Allocation Failure)  362294K->9526K(1031680K), 0.0037426 secs]
48207.508: [GC (Allocation Failure)  352566K->9558K(1021952K), 0.0035356 secs]
48207.873: [GC (Allocation Failure)  342870K->9558K(1012736K), 0.0037265 secs]
48208.204: [GC (Allocation Failure)  333654K->9558K(1004032K), 0.0034912 secs]
48208.524: [GC (Allocation Failure)  324950K->9558K(1067520K), 0.0036779 secs]
48208.907: [GC (Allocation Failure)  388438K->9558K(1056256K), 0.0030264 secs]
48209.271: [GC (Allocation Failure)  377174K->9558K(1045504K), 0.0038407 secs]
48209.627: [GC (Allocation Failure)  366422K->9558K(1035264K), 0.0034794 secs]
48209.973: [GC (Allocation Failure)  356182K->9526K(1025536K), 0.0036677 secs]
48210.312: [GC (Allocation Failure)  346422K->9558K(1093120K), 0.0044908 secs]
48210.725: [GC (Allocation Failure)  414038K->9526K(1174016K), 0.0039140 secs]
48211.197: [GC (Allocation Failure)  494902K->9526K(1271296K), 0.0050699 secs]
48211.767: [GC (Allocation Failure)  592182K->9526K(1251328K), 0.0035080 secs]
48212.351: [GC (Allocation Failure)  572214K->9558K(1232384K), 0.0028700 secs]
48212.919: [GC (Allocation Failure)  553302K->9590K(1213952K), 0.0034208 secs]
48213.477: [GC (Allocation Failure)  534902K->9558K(1196544K), 0.0033669 secs]
48213.985: [GC (Allocation Failure)  517462K->9526K(1180160K), 0.0032600 secs]
48214.475: [GC (Allocation Failure)  501046K->9558K(1164288K), 0.0037620 secs]
48214.949: [GC (Allocation Failure)  485206K->9558K(1148928K), 0.0034104 secs]
48215.410: [GC (Allocation Failure)  469846K->9558K(1134592K), 0.0050560 secs]
48215.862: [GC (Allocation Failure)  455510K->9558K(1120768K), 0.0032362 secs]
48216.301: [GC (Allocation Failure)  441686K->9558K(1107456K), 0.0047034 secs]
48216.729: [GC (Allocation Failure)  428374K->9526K(1094656K), 0.0041916 secs]
48217.141: [GC (Allocation Failure)  415542K->9558K(1082368K), 0.0039618 secs]
48217.550: [GC (Allocation Failure)  403286K->9558K(1070592K), 0.0032672 secs]
48217.934: [GC (Allocation Failure)  391510K->9526K(1059328K), 0.0037975 secs]
48218.335: [GC (Allocation Failure)  380214K->9558K(1048576K), 0.0034769 secs]
48218.699: [GC (Allocation Failure)  369494K->9526K(1038336K), 0.0038136 secs]
48219.052: [GC (Allocation Failure)  359222K->9558K(1028608K), 0.0035325 secs]
48219.396: [GC (Allocation Failure)  349526K->9590K(1019392K), 0.0031760 secs]
48219.729: [GC (Allocation Failure)  340342K->9526K(1010176K), 0.0040567 secs]
48220.060: [GC (Allocation Failure)  331062K->9558K(1001472K), 0.0035211 secs]
48220.377: [GC (Allocation Failure)  322390K->9526K(993280K), 0.0032904 secs]
48220.687: [GC (Allocation Failure)  314166K->9558K(1054208K), 0.0034819 secs]
48221.055: [GC (Allocation Failure)  375126K->9526K(1127424K), 0.0038623 secs]
48221.491: [GC (Allocation Failure)  448310K->9526K(1114112K), 0.0041534 secs]
48221.915: [GC (Allocation Failure)  434998K->9526K(1101312K), 0.0037270 secs]
48222.325: [GC (Allocation Failure)  422198K->9558K(1089024K), 0.0035084 secs]
48222.726: [GC (Allocation Failure)  409942K->9558K(1077248K), 0.0044740 secs]
48223.145: [GC (Allocation Failure)  398166K->9558K(1065984K), 0.0044579 secs]
48223.524: [GC (Allocation Failure)  386902K->9558K(1055232K), 0.0038020 secs]
48223.918: [GC (Allocation Failure)  376150K->9558K(1044480K), 0.0033431 secs]
48224.294: [GC (Allocation Failure)  365398K->9590K(1034240K), 0.0041278 secs]
48224.658: [GC (Allocation Failure)  355190K->9526K(1024512K), 0.0037029 secs]
48225.002: [GC (Allocation Failure)  345398K->9526K(1092096K), 0.0039063 secs]
48225.409: [GC (Allocation Failure)  412982K->9526K(1079808K), 0.0035784 secs]
48225.800: [GC (Allocation Failure)  400694K->9526K(1068032K), 0.0038136 secs]
48226.181: [GC (Allocation Failure)  388918K->9526K(1056768K), 0.0032277 secs]
48226.561: [GC (Allocation Failure)  377654K->9526K(1046016K), 0.0033012 secs]
48226.940: [GC (Allocation Failure)  366902K->9558K(1035776K), 0.0028054 secs]
48227.293: [GC (Allocation Failure)  356694K->9526K(1026048K), 0.0044719 secs]
48227.640: [GC (Allocation Failure)  346934K->9526K(1016832K), 0.0035414 secs]
48227.982: [GC (Allocation Failure)  337718K->9558K(1008128K), 0.0035898 secs]
48228.313: [GC (Allocation Failure)  329046K->9526K(999424K), 0.0035608 secs]
48228.653: [GC (Allocation Failure)  320310K->9526K(1061888K), 0.0056565 secs]
48229.031: [GC (Allocation Failure)  382774K->9526K(1136640K), 0.0033577 secs]
48229.480: [GC (Allocation Failure)  457526K->9526K(1122816K), 0.0035893 secs]
48229.926: [GC (Allocation Failure)  443702K->9526K(1109504K), 0.0040429 secs]
48230.344: [GC (Allocation Failure)  430390K->9526K(1096704K), 0.0034712 secs]
48230.759: [GC (Allocation Failure)  417590K->9558K(1084416K), 0.0028301 secs]
48231.175: [GC (Allocation Failure)  405334K->9526K(1072640K), 0.0039050 secs]
48231.559: [GC (Allocation Failure)  393526K->9558K(1061376K), 0.0034202 secs]
48231.931: [GC (Allocation Failure)  382294K->9526K(1050624K), 0.0036580 secs]
48232.291: [GC (Allocation Failure)  371510K->9526K(1040384K), 0.0045276 secs]
48232.662: [GC (Allocation Failure)  361270K->9558K(1030656K), 0.0033629 secs]
48233.007: [GC (Allocation Failure)  351574K->9558K(1020928K), 0.0035593 secs]
48233.341: [GC (Allocation Failure)  341846K->9526K(1011712K), 0.0031166 secs]
48233.783: [GC (Allocation Failure)  332598K->9558K(1003008K), 0.0031952 secs]
48234.116: [GC (Allocation Failure)  323926K->9558K(994816K), 0.0033634 secs]
48234.436: [GC (Allocation Failure)  315734K->9558K(986624K), 0.0032351 secs]
48234.733: [GC (Allocation Failure)  307542K->9558K(1046528K), 0.0050652 secs]
48235.093: [GC (Allocation Failure)  367446K->9526K(1118208K), 0.0034460 secs]
48235.517: [GC (Allocation Failure)  439094K->9526K(1104896K), 0.0035503 secs]
48235.932: [GC (Allocation Failure)  425782K->9526K(1092096K), 0.0042211 secs]
48236.343: [GC (Allocation Failure)  412982K->9526K(1172992K), 0.0044249 secs]
48236.830: [GC (Allocation Failure)  493878K->9558K(1157632K), 0.0036321 secs]
48237.298: [GC (Allocation Failure)  478550K->9558K(1142784K), 0.0037908 secs]
48237.750: [GC (Allocation Failure)  463702K->9526K(1128448K), 0.0037424 secs]
48238.189: [GC (Allocation Failure)  449334K->9526K(1114624K), 0.0030687 secs]
48238.616: [GC (Allocation Failure)  435510K->9558K(1101824K), 0.0032762 secs]
48239.031: [GC (Allocation Failure)  422742K->9558K(1089536K), 0.0038444 secs]
48239.436: [GC (Allocation Failure)  410454K->9526K(1077760K), 0.0036435 secs]
48239.831: [GC (Allocation Failure)  398646K->9526K(1066496K), 0.0035661 secs]
48240.209: [GC (Allocation Failure)  387382K->9558K(1055744K), 0.0036295 secs]
48240.584: [GC (Allocation Failure)  376662K->9558K(1044992K), 0.0035634 secs]
48240.944: [GC (Allocation Failure)  365910K->9526K(1034752K), 0.0038185 secs]
48241.300: [GC (Allocation Failure)  355638K->9526K(1104384K), 0.0053457 secs]
48241.720: [GC (Allocation Failure)  425270K->9558K(1091584K), 0.0035455 secs]
48242.169: [GC (Allocation Failure)  412502K->9526K(1079808K), 0.0039033 secs]
48242.563: [GC (Allocation Failure)  400694K->9558K(1068032K), 0.0031515 secs]
48242.944: [GC (Allocation Failure)  388950K->9558K(1056768K), 0.0036674 secs]
48243.314: [GC (Allocation Failure)  377686K->9558K(1046016K), 0.0037265 secs]
48243.676: [GC (Allocation Failure)  366934K->9590K(1035776K), 0.0032012 secs]
48244.057: [GC (Allocation Failure)  356726K->9558K(1026048K), 0.0035795 secs]
48244.400: [GC (Allocation Failure)  346966K->9526K(1016832K), 0.0040177 secs]
48244.731: [GC (Allocation Failure)  337718K->9558K(1082880K), 0.0038716 secs]
48245.123: [GC (Allocation Failure)  403798K->9558K(1071104K), 0.0038929 secs]
48245.514: [GC (Allocation Failure)  392022K->9558K(1059840K), 0.0039236 secs]
48245.885: [GC (Allocation Failure)  380758K->9526K(1049088K), 0.0031867 secs]
48246.270: [GC (Allocation Failure)  369974K->9526K(1038848K), 0.0035070 secs]
48246.623: [GC (Allocation Failure)  359734K->9526K(1029120K), 0.0038661 secs]
48246.966: [GC (Allocation Failure)  350006K->9558K(1019904K), 0.0038565 secs]
48247.302: [GC (Allocation Failure)  340822K->9526K(1086464K), 0.0037202 secs]
48247.703: [GC (Allocation Failure)  407350K->9558K(1074688K), 0.0031508 secs]
48248.091: [GC (Allocation Failure)  395606K->9558K(1063424K), 0.0035809 secs]
48248.470: [GC (Allocation Failure)  384342K->9558K(1052672K), 0.0033500 secs]
48248.836: [GC (Allocation Failure)  373590K->9558K(1042432K), 0.0034190 secs]
48249.226: [GC (Allocation Failure)  363350K->9558K(1032704K), 0.0036062 secs]
48249.575: [GC (Allocation Failure)  353622K->9526K(1022976K), 0.0036070 secs]
48249.916: [GC (Allocation Failure)  343862K->9558K(1013760K), 0.0036194 secs]
48250.246: [GC (Allocation Failure)  334678K->9526K(1078784K), 0.0053784 secs]
48250.655: [GC (Allocation Failure)  399670K->9526K(1157120K), 0.0037508 secs]
48251.122: [GC (Allocation Failure)  478006K->9558K(1142272K), 0.0035397 secs]
48251.576: [GC (Allocation Failure)  463190K->9526K(1127936K), 0.0031327 secs]
48252.027: [GC (Allocation Failure)  448822K->9558K(1114112K), 0.0035680 secs]
48252.452: [GC (Allocation Failure)  435030K->9558K(1101312K), 0.0044693 secs]
48252.867: [GC (Allocation Failure)  422230K->9558K(1089024K), 0.0034669 secs]
48253.272: [GC (Allocation Failure)  409942K->9558K(1077248K), 0.0035788 secs]
48253.661: [GC (Allocation Failure)  398166K->9526K(1065984K), 0.0040753 secs]
48254.037: [GC (Allocation Failure)  386870K->9558K(1055232K), 0.0034936 secs]
48254.441: [GC (Allocation Failure)  376150K->9526K(1044480K), 0.0035913 secs]
48254.796: [GC (Allocation Failure)  365366K->9526K(1034240K), 0.0035081 secs]
48255.142: [GC (Allocation Failure)  355126K->9494K(1024512K), 0.0042618 secs]
48255.560: [GC (Allocation Failure)  345366K->9558K(1015296K), 0.0037671 secs]
48255.894: [GC (Allocation Failure)  336214K->9558K(1080832K), 0.0043254 secs]
48256.285: [GC (Allocation Failure)  401750K->9526K(1069056K), 0.0036211 secs]
48256.663: [GC (Allocation Failure)  389942K->9558K(1145344K), 0.0040641 secs]
48257.116: [GC (Allocation Failure)  466262K->9526K(1131008K), 0.0040368 secs]
48257.552: [GC (Allocation Failure)  451894K->9526K(1117184K), 0.0041828 secs]
48257.971: [GC (Allocation Failure)  438070K->9558K(1103872K), 0.0033784 secs]
48258.378: [GC (Allocation Failure)  424790K->9558K(1091072K), 0.0031311 secs]
48258.772: [GC (Allocation Failure)  411990K->9558K(1079296K), 0.0038378 secs]
48259.160: [GC (Allocation Failure)  400214K->9526K(1068032K), 0.0039284 secs]
48259.567: [GC (Allocation Failure)  388918K->9558K(1056768K), 0.0031598 secs]
48259.937: [GC (Allocation Failure)  377686K->9590K(1046016K), 0.0036496 secs]
48260.318: [GC (Allocation Failure)  366966K->9526K(1035776K), 0.0042874 secs]
48260.678: [GC (Allocation Failure)  356662K->9526K(1026048K), 0.0032074 secs]
48261.026: [GC (Allocation Failure)  346934K->9558K(1016832K), 0.0033409 secs]
48261.357: [GC (Allocation Failure)  337750K->9526K(1008128K), 0.0029621 secs]
48261.681: [GC (Allocation Failure)  329014K->9526K(999424K), 0.0038063 secs]
48261.996: [GC (Allocation Failure)  320310K->9558K(1061888K), 0.0037092 secs]
48262.371: [GC (Allocation Failure)  382806K->9558K(1136640K), 0.0038426 secs]
48262.831: [GC (Allocation Failure)  457558K->9526K(1122816K), 0.0037725 secs]
48263.264: [GC (Allocation Failure)  443702K->9526K(1109504K), 0.0041995 secs]
48263.692: [GC (Allocation Failure)  430390K->9526K(1096704K), 0.0035966 secs]
48264.125: [GC (Allocation Failure)  417590K->9558K(1084416K), 0.0038703 secs]
48264.524: [GC (Allocation Failure)  405334K->9590K(1072640K), 0.0033185 secs]
48264.938: [GC (Allocation Failure)  393590K->9590K(1061376K), 0.0036943 secs]
48265.313: [GC (Allocation Failure)  382326K->9558K(1050624K), 0.0045618 secs]
48265.681: [GC (Allocation Failure)  371542K->9558K(1040384K), 0.0035374 secs]
48266.035: [GC (Allocation Failure)  361302K->9558K(1030656K), 0.0037346 secs]
48266.400: [GC (Allocation Failure)  351574K->9558K(1020928K), 0.0034179 secs]
48266.736: [GC (Allocation Failure)  341846K->9558K(1087488K), 0.0041313 secs]
48267.146: [GC (Allocation Failure)  408406K->9526K(1075712K), 0.0038627 secs]
48267.535: [GC (Allocation Failure)  396598K->9558K(1064448K), 0.0032575 secs]
48267.916: [GC (Allocation Failure)  385366K->9526K(1053696K), 0.0038239 secs]
48268.279: [GC (Allocation Failure)  374582K->9558K(1043456K), 0.0040565 secs]
48268.634: [GC (Allocation Failure)  364374K->9526K(1114624K), 0.0039200 secs]
48269.060: [GC (Allocation Failure)  435510K->9526K(1101824K), 0.0036616 secs]
48269.476: [GC (Allocation Failure)  422710K->9558K(1089536K), 0.0044794 secs]
48269.878: [GC (Allocation Failure)  410454K->9558K(1077760K), 0.0035737 secs]
48270.300: [GC (Allocation Failure)  398678K->9526K(1066496K), 0.0038992 secs]
48270.706: [GC (Allocation Failure)  387382K->9558K(1055744K), 0.0030755 secs]
48271.073: [GC (Allocation Failure)  376662K->9526K(1044992K), 0.0041592 secs]
48271.435: [GC (Allocation Failure)  365878K->9590K(1034752K), 0.0032906 secs]
48271.807: [GC (Allocation Failure)  355702K->9558K(1025024K), 0.0036307 secs]
48272.149: [GC (Allocation Failure)  345942K->9526K(1015808K), 0.0035267 secs]
48272.478: [GC (Allocation Failure)  336694K->9558K(1007104K), 0.0035679 secs]
48272.802: [GC (Allocation Failure)  328022K->9558K(1071104K), 0.0038018 secs]
48273.189: [GC (Allocation Failure)  392022K->9494K(1059840K), 0.0034696 secs]
48273.572: [GC (Allocation Failure)  380694K->9526K(1049088K), 0.0030849 secs]
48273.945: [GC (Allocation Failure)  369974K->9558K(1038848K), 0.0037426 secs]
48274.297: [GC (Allocation Failure)  359766K->9558K(1029120K), 0.0033776 secs]
48274.640: [GC (Allocation Failure)  350038K->9526K(1019904K), 0.0036717 secs]
48274.973: [GC (Allocation Failure)  340790K->9558K(1010688K), 0.0033717 secs]
48275.343: [GC (Allocation Failure)  331606K->9558K(1001984K), 0.0037830 secs]
48275.662: [GC (Allocation Failure)  322902K->9558K(993792K), 0.0029716 secs]
48275.969: [GC (Allocation Failure)  314710K->9558K(1055232K), 0.0048975 secs]
48276.337: [GC (Allocation Failure)  376150K->9558K(1128960K), 0.0032694 secs]
48276.774: [GC (Allocation Failure)  449878K->9558K(1115136K), 0.0037322 secs]
48277.197: [GC (Allocation Failure)  436054K->9558K(1102336K), 0.0036843 secs]
48277.610: [GC (Allocation Failure)  423254K->9558K(1090048K), 0.0036057 secs]
48278.009: [GC (Allocation Failure)  410966K->9526K(1078272K), 0.0037761 secs]
48278.396: [GC (Allocation Failure)  399158K->9558K(1067008K), 0.0034669 secs]
48278.775: [GC (Allocation Failure)  387926K->9526K(1056256K), 0.0041666 secs]
48279.145: [GC (Allocation Failure)  377142K->9558K(1045504K), 0.0038028 secs]
48279.502: [GC (Allocation Failure)  366422K->9558K(1117184K), 0.0055406 secs]
48279.937: [GC (Allocation Failure)  438102K->9526K(1203200K), 0.0035997 secs]
48280.445: [GC (Allocation Failure)  524086K->9526K(1186304K), 0.0037237 secs]
48280.929: [GC (Allocation Failure)  507190K->9558K(1169920K), 0.0030835 secs]
48281.399: [GC (Allocation Failure)  490838K->9558K(1154560K), 0.0037122 secs]
48281.867: [GC (Allocation Failure)  475478K->9526K(1139712K), 0.0037980 secs]
48282.314: [GC (Allocation Failure)  460598K->9526K(1125376K), 0.0039433 secs]
48282.759: [GC (Allocation Failure)  446262K->9558K(1112064K), 0.0035224 secs]
48283.185: [GC (Allocation Failure)  432982K->9526K(1099264K), 0.0035907 secs]
48283.597: [GC (Allocation Failure)  420150K->9526K(1086976K), 0.0040049 secs]
48284.005: [GC (Allocation Failure)  407862K->9558K(1075200K), 0.0041110 secs]
48284.400: [GC (Allocation Failure)  396118K->9526K(1063936K), 0.0039167 secs]
48284.778: [GC (Allocation Failure)  384822K->9558K(1053184K), 0.0034901 secs]
48285.148: [GC (Allocation Failure)  374102K->9558K(1042944K), 0.0035007 secs]
48285.531: [GC (Allocation Failure)  363862K->9526K(1032704K), 0.0038146 secs]
48285.918: [GC (Allocation Failure)  353590K->9558K(1022976K), 0.0036859 secs]
48286.255: [GC (Allocation Failure)  343894K->9558K(1013760K), 0.0037787 secs]
48286.620: [GC (Allocation Failure)  334678K->9558K(1078784K), 0.0043307 secs]
48287.019: [GC (Allocation Failure)  399702K->9526K(1067520K), 0.0036708 secs]
48287.415: [GC (Allocation Failure)  388406K->9558K(1056256K), 0.0034944 secs]
48287.786: [GC (Allocation Failure)  377174K->9558K(1045504K), 0.0040769 secs]
48288.150: [GC (Allocation Failure)  366422K->9526K(1035264K), 0.0035648 secs]
48288.503: [GC (Allocation Failure)  356150K->9526K(1025536K), 0.0035178 secs]
48288.846: [GC (Allocation Failure)  346422K->9526K(1016320K), 0.0033096 secs]
48289.184: [GC (Allocation Failure)  337206K->9526K(1007616K), 0.0035932 secs]
48289.512: [GC (Allocation Failure)  328502K->9558K(998912K), 0.0034208 secs]
48289.830: [GC (Allocation Failure)  319830K->9558K(1061376K), 0.0038448 secs]
48290.207: [GC (Allocation Failure)  382294K->9558K(1136128K), 0.0036484 secs]
48290.701: [GC (Allocation Failure)  457046K->9526K(1122304K), 0.0036886 secs]
48291.184: [GC (Allocation Failure)  443190K->9526K(1108992K), 0.0034746 secs]
48291.615: [GC (Allocation Failure)  429878K->9558K(1096192K), 0.0035182 secs]
48292.045: [GC (Allocation Failure)  417110K->9558K(1083904K), 0.0041296 secs]
48292.449: [GC (Allocation Failure)  404822K->9590K(1072128K), 0.0036339 secs]
48292.842: [GC (Allocation Failure)  393078K->9558K(1060864K), 0.0038663 secs]
48293.281: [GC (Allocation Failure)  381782K->9558K(1050112K), 0.0038418 secs]
48293.678: [GC (Allocation Failure)  371030K->9590K(1039872K), 0.0031109 secs]
48294.038: [GC (Allocation Failure)  360822K->9590K(1030144K), 0.0029080 secs]
48294.430: [GC (Allocation Failure)  351094K->9590K(1020928K), 0.0037165 secs]
48294.771: [GC (Allocation Failure)  341878K->9590K(1011712K), 0.0038044 secs]
48295.103: [GC (Allocation Failure)  332662K->9558K(1003008K), 0.0032980 secs]
48295.426: [GC (Allocation Failure)  323926K->9590K(1065984K), 0.0042530 secs]
48295.821: [GC (Allocation Failure)  386934K->9558K(1055232K), 0.0036681 secs]
48296.227: [GC (Allocation Failure)  376150K->9558K(1044480K), 0.0038198 secs]
48296.588: [GC (Allocation Failure)  365398K->9590K(1034240K), 0.0038811 secs]
48296.937: [GC (Allocation Failure)  355190K->9558K(1103360K), 0.0038390 secs]
48297.351: [GC (Allocation Failure)  424278K->9558K(1091072K), 0.0036008 secs]
48297.755: [GC (Allocation Failure)  411990K->9622K(1079296K), 0.0037307 secs]
48298.148: [GC (Allocation Failure)  400278K->9558K(1068032K), 0.0035962 secs]
48298.533: [GC (Allocation Failure)  388950K->9558K(1056768K), 0.0038319 secs]
48298.903: [GC (Allocation Failure)  377686K->9558K(1046016K), 0.0035587 secs]
48299.263: [GC (Allocation Failure)  366934K->9590K(1035776K), 0.0034181 secs]
48299.612: [GC (Allocation Failure)  356726K->9590K(1026048K), 0.0040051 secs]
48299.958: [GC (Allocation Failure)  346998K->9526K(1016832K), 0.0035954 secs]
48300.289: [GC (Allocation Failure)  337718K->9590K(1082880K), 0.0038895 secs]
48300.685: [GC (Allocation Failure)  403830K->9590K(1071104K), 0.0032584 secs]
48301.069: [GC (Allocation Failure)  392054K->9622K(1059840K), 0.0040842 secs]
48301.445: [GC (Allocation Failure)  380822K->9558K(1134080K), 0.0043111 secs]
48301.890: [GC (Allocation Failure)  454998K->9590K(1120256K), 0.0030570 secs]
48302.319: [GC (Allocation Failure)  441206K->9590K(1106944K), 0.0035539 secs]
48302.737: [GC (Allocation Failure)  427894K->9590K(1094144K), 0.0033609 secs]
48303.142: [GC (Allocation Failure)  415094K->9590K(1081856K), 0.0032361 secs]
48303.535: [GC (Allocation Failure)  402806K->9558K(1070080K), 0.0035000 secs]
48303.916: [GC (Allocation Failure)  390998K->9590K(1058816K), 0.0035647 secs]
48304.300: [GC (Allocation Failure)  379766K->9558K(1048064K), 0.0040959 secs]
48304.668: [GC (Allocation Failure)  368982K->9558K(1037824K), 0.0039353 secs]
48305.043: [GC (Allocation Failure)  358742K->9590K(1028096K), 0.0039167 secs]
48305.393: [GC (Allocation Failure)  349046K->9590K(1018880K), 0.0036513 secs]
48305.730: [GC (Allocation Failure)  339830K->9590K(1084928K), 0.0039838 secs]
48306.126: [GC (Allocation Failure)  405878K->9558K(1164288K), 0.0043403 secs]
48306.619: [GC (Allocation Failure)  485206K->9558K(1148928K), 0.0043413 secs]
48307.072: [GC (Allocation Failure)  469846K->9566K(1134592K), 0.0041418 secs]
48307.514: [GC (Allocation Failure)  455518K->9598K(1120768K), 0.0035571 secs]
48307.936: [GC (Allocation Failure)  441726K->9630K(1107456K), 0.0028612 secs]
48308.352: [GC (Allocation Failure)  428446K->9630K(1094656K), 0.0042533 secs]
48308.766: [GC (Allocation Failure)  415646K->9598K(1082368K), 0.0032044 secs]
48309.162: [GC (Allocation Failure)  403326K->9630K(1070592K), 0.0033107 secs]
48309.556: [GC (Allocation Failure)  391582K->9598K(1059328K), 0.0034891 secs]
48309.931: [GC (Allocation Failure)  380286K->9566K(1048576K), 0.0033811 secs]
48310.296: [GC (Allocation Failure)  369502K->9630K(1120768K), 0.0056328 secs]
48310.738: [GC (Allocation Failure)  441758K->9598K(1107456K), 0.0031550 secs]
48311.154: [GC (Allocation Failure)  428414K->9630K(1094656K), 0.0036063 secs]
48311.615: [GC (Allocation Failure)  415646K->9566K(1082368K), 0.0039793 secs]
48312.012: [GC (Allocation Failure)  403294K->9598K(1070592K), 0.0032405 secs]
48312.422: [GC (Allocation Failure)  391550K->9598K(1059328K), 0.0032772 secs]
48312.806: [GC (Allocation Failure)  380286K->9598K(1048576K), 0.0037255 secs]
48313.189: [GC (Allocation Failure)  369534K->9566K(1038336K), 0.0038521 secs]
48313.544: [GC (Allocation Failure)  359262K->9566K(1028608K), 0.0044302 secs]
48313.890: [GC (Allocation Failure)  349534K->9598K(1019392K), 0.0034894 secs]
48314.230: [GC (Allocation Failure)  340350K->9598K(1085952K), 0.0041150 secs]
48314.637: [GC (Allocation Failure)  406910K->9566K(1165824K), 0.0039861 secs]
48315.117: [GC (Allocation Failure)  486750K->9598K(1150464K), 0.0043471 secs]
48315.585: [GC (Allocation Failure)  471422K->9598K(1136128K), 0.0038087 secs]
48316.067: [GC (Allocation Failure)  457086K->9598K(1122304K), 0.0037778 secs]
48316.503: [GC (Allocation Failure)  443262K->9598K(1108992K), 0.0032752 secs]
48316.959: [GC (Allocation Failure)  429950K->9566K(1096192K), 0.0036573 secs]
48317.365: [GC (Allocation Failure)  417118K->9598K(1083904K), 0.0044225 secs]
48317.780: [GC (Allocation Failure)  404862K->9598K(1072128K), 0.0034152 secs]
48318.166: [GC (Allocation Failure)  393086K->9566K(1060864K), 0.0046961 secs]
48318.553: [GC (Allocation Failure)  381790K->9566K(1135616K), 0.0049116 secs]
48319.009: [GC (Allocation Failure)  456542K->9566K(1121792K), 0.0038452 secs]
48319.444: [GC (Allocation Failure)  442718K->9598K(1108480K), 0.0041539 secs]
48319.867: [GC (Allocation Failure)  429438K->9598K(1095680K), 0.0042978 secs]
48320.274: [GC (Allocation Failure)  416638K->9566K(1083392K), 0.0037038 secs]
48320.702: [GC (Allocation Failure)  404318K->9598K(1071616K), 0.0034578 secs]
48321.084: [GC (Allocation Failure)  392574K->9598K(1060352K), 0.0032058 secs]
48321.458: [GC (Allocation Failure)  381310K->9598K(1049600K), 0.0036065 secs]
48321.842: [GC (Allocation Failure)  370558K->9566K(1039360K), 0.0030449 secs]
48322.286: [GC (Allocation Failure)  360286K->9566K(1029632K), 0.0043262 secs]
48322.635: [GC (Allocation Failure)  350558K->9598K(1020416K), 0.0035422 secs]
48322.970: [GC (Allocation Failure)  341374K->9566K(1011200K), 0.0040227 secs]
48323.340: [GC (Allocation Failure)  332126K->9598K(1002496K), 0.0035159 secs]
48323.658: [GC (Allocation Failure)  323454K->9566K(1065472K), 0.0038365 secs]
48324.059: [GC (Allocation Failure)  386398K->9598K(1054720K), 0.0037484 secs]
48324.432: [GC (Allocation Failure)  375678K->9566K(1127936K), 0.0045167 secs]
48324.898: [GC (Allocation Failure)  448862K->9566K(1216000K), 0.0047130 secs]
48325.429: [GC (Allocation Failure)  536926K->9566K(1198592K), 0.0037346 secs]
48325.941: [GC (Allocation Failure)  519518K->9598K(1181696K), 0.0034811 secs]
48326.432: [GC (Allocation Failure)  502654K->9566K(1165824K), 0.0036847 secs]
48326.904: [GC (Allocation Failure)  486750K->9598K(1150464K), 0.0036578 secs]
48327.405: [GC (Allocation Failure)  471422K->9598K(1136128K), 0.0034864 secs]
48327.849: [GC (Allocation Failure)  457086K->9630K(1122304K), 0.0034182 secs]
48328.276: [GC (Allocation Failure)  443294K->9598K(1108992K), 0.0030976 secs]
48328.693: [GC (Allocation Failure)  429950K->9598K(1096192K), 0.0035793 secs]
48329.098: [GC (Allocation Failure)  417150K->9566K(1083904K), 0.0034874 secs]
48329.492: [GC (Allocation Failure)  404830K->9566K(1072128K), 0.0042481 secs]
48329.874: [GC (Allocation Failure)  393054K->9598K(1060864K), 0.0036153 secs]
48330.239: [GC (Allocation Failure)  381822K->9566K(1050112K), 0.0033633 secs]
48330.595: [GC (Allocation Failure)  371038K->9598K(1039872K), 0.0036571 secs]
48330.942: [GC (Allocation Failure)  360830K->9598K(1110528K), 0.0050564 secs]
48331.358: [GC (Allocation Failure)  431486K->9598K(1195008K), 0.0047234 secs]
48331.868: [GC (Allocation Failure)  515966K->9566K(1178624K), 0.0038198 secs]
48332.363: [GC (Allocation Failure)  499550K->9566K(1162752K), 0.0035669 secs]
48332.838: [GC (Allocation Failure)  483678K->9630K(1147904K), 0.0033300 secs]
48333.296: [GC (Allocation Failure)  468894K->9566K(1133568K), 0.0039972 secs]
48333.757: [GC (Allocation Failure)  454494K->9566K(1119744K), 0.0034868 secs]
48334.188: [GC (Allocation Failure)  440670K->9598K(1106432K), 0.0040953 secs]
48334.615: [GC (Allocation Failure)  427390K->9598K(1093632K), 0.0038169 secs]
48335.029: [GC (Allocation Failure)  414590K->9566K(1081344K), 0.0037040 secs]
48335.426: [GC (Allocation Failure)  402270K->9598K(1069568K), 0.0036615 secs]
48335.834: [GC (Allocation Failure)  390526K->9566K(1058304K), 0.0038765 secs]
48336.209: [GC (Allocation Failure)  379230K->9566K(1047552K), 0.0039319 secs]
48336.610: [GC (Allocation Failure)  368478K->9598K(1037312K), 0.0038120 secs]
48336.970: [GC (Allocation Failure)  358270K->9630K(1027584K), 0.0032603 secs]
48337.340: [GC (Allocation Failure)  348574K->9566K(1018368K), 0.0031295 secs]
48337.678: [GC (Allocation Failure)  339294K->9598K(1009152K), 0.0037076 secs]
48338.055: [GC (Allocation Failure)  330110K->9598K(1000448K), 0.0032955 secs]
48338.380: [GC (Allocation Failure)  321406K->9598K(992256K), 0.0031259 secs]
48338.697: [GC (Allocation Failure)  313214K->9566K(984064K), 0.0040554 secs]
48339.004: [GC (Allocation Failure)  304990K->9598K(1043456K), 0.0035403 secs]
48339.362: [GC (Allocation Failure)  364414K->9598K(1114624K), 0.0037634 secs]
48339.811: [GC (Allocation Failure)  435582K->9598K(1101824K), 0.0030855 secs]
48340.243: [GC (Allocation Failure)  422782K->9566K(1089536K), 0.0032975 secs]
48340.740: [GC (Allocation Failure)  410462K->9630K(1077760K), 0.0033918 secs]
48341.127: [GC (Allocation Failure)  398750K->9598K(1066496K), 0.0034860 secs]
48341.504: [GC (Allocation Failure)  387454K->9598K(1055744K), 0.0033723 secs]
48341.871: [GC (Allocation Failure)  376702K->9566K(1044992K), 0.0041970 secs]
48342.235: [GC (Allocation Failure)  365918K->9630K(1034752K), 0.0041640 secs]
48342.590: [GC (Allocation Failure)  355742K->9590K(1025024K), 0.0034151 secs]
48342.933: [GC (Allocation Failure)  345974K->9622K(1092608K), 0.0041766 secs]
48343.350: [GC (Allocation Failure)  413590K->9590K(1080320K), 0.0035827 secs]
48343.752: [GC (Allocation Failure)  401270K->9590K(1068544K), 0.0036594 secs]
48344.139: [GC (Allocation Failure)  389494K->9622K(1057280K), 0.0034031 secs]
48344.511: [GC (Allocation Failure)  378262K->9590K(1046528K), 0.0035747 secs]
48344.871: [GC (Allocation Failure)  367478K->9622K(1036288K), 0.0035644 secs]
48345.219: [GC (Allocation Failure)  357270K->9622K(1026560K), 0.0032363 secs]
48345.560: [GC (Allocation Failure)  347542K->9622K(1017344K), 0.0031648 secs]
48345.893: [GC (Allocation Failure)  338326K->9622K(1008640K), 0.0039977 secs]
48346.216: [GC (Allocation Failure)  329622K->9590K(999936K), 0.0035288 secs]
48346.530: [GC (Allocation Failure)  320886K->9622K(991744K), 0.0030694 secs]
48346.836: [GC (Allocation Failure)  312726K->9590K(1052672K), 0.0037848 secs]
48347.205: [GC (Allocation Failure)  373622K->9590K(1125888K), 0.0035789 secs]
48347.641: [GC (Allocation Failure)  446838K->9654K(1112576K), 0.0035371 secs]
48348.066: [GC (Allocation Failure)  433590K->9590K(1099776K), 0.0248532 secs]
48348.508: [GC (Allocation Failure)  420726K->9622K(1087488K), 0.0036866 secs]
48348.911: [GC (Allocation Failure)  408470K->9654K(1075712K), 0.0038142 secs]
48349.308: [GC (Allocation Failure)  396726K->9622K(1064448K), 0.0033598 secs]
48349.726: [GC (Allocation Failure)  385430K->9622K(1053696K), 0.0040905 secs]
48350.098: [GC (Allocation Failure)  374678K->9622K(1043456K), 0.0038449 secs]
48350.493: [GC (Allocation Failure)  364438K->9590K(1033216K), 0.0037209 secs]
48350.840: [GC (Allocation Failure)  354166K->9622K(1023488K), 0.0037382 secs]
48351.175: [GC (Allocation Failure)  344470K->9622K(1014272K), 0.0039517 secs]
48351.503: [GC (Allocation Failure)  335254K->9590K(1079808K), 0.0036480 secs]
48351.893: [GC (Allocation Failure)  400758K->9590K(1068032K), 0.0035379 secs]
48352.272: [GC (Allocation Failure)  388982K->9590K(1144320K), 0.0041603 secs]
48352.734: [GC (Allocation Failure)  465270K->9622K(1129984K), 0.0034690 secs]
48353.173: [GC (Allocation Failure)  450966K->9622K(1116160K), 0.0031716 secs]
48353.624: [GC (Allocation Failure)  437142K->9622K(1102848K), 0.0038312 secs]
48354.035: [GC (Allocation Failure)  423830K->9590K(1090560K), 0.0034665 secs]
48354.435: [GC (Allocation Failure)  411510K->9622K(1078784K), 0.0035328 secs]
48354.822: [GC (Allocation Failure)  399766K->9590K(1067520K), 0.0040147 secs]
48355.220: [GC (Allocation Failure)  388470K->9622K(1056256K), 0.0033018 secs]
48355.587: [GC (Allocation Failure)  377238K->9590K(1045504K), 0.0035459 secs]
48355.941: [GC (Allocation Failure)  366454K->9590K(1035264K), 0.0034195 secs]
48356.297: [GC (Allocation Failure)  356214K->9622K(1025536K), 0.0040035 secs]
48356.646: [GC (Allocation Failure)  346518K->9590K(1016320K), 0.0035055 secs]
48356.971: [GC (Allocation Failure)  337270K->9622K(1007616K), 0.0035800 secs]
48357.304: [GC (Allocation Failure)  328598K->9590K(1071616K), 0.0038684 secs]
48357.701: [GC (Allocation Failure)  392566K->9622K(1060352K), 0.0036657 secs]
48358.087: [GC (Allocation Failure)  381334K->9622K(1049600K), 0.0035509 secs]
48358.457: [GC (Allocation Failure)  370582K->9654K(1039360K), 0.0038009 secs]
48358.861: [GC (Allocation Failure)  360374K->9590K(1029632K), 0.0040425 secs]
48359.213: [GC (Allocation Failure)  350582K->9654K(1020416K), 0.0034746 secs]
48359.572: [GC (Allocation Failure)  341430K->9590K(1011200K), 0.0253331 secs]
48359.943: [GC (Allocation Failure)  332150K->9622K(1002496K), 0.0035978 secs]
48360.269: [GC (Allocation Failure)  323478K->9622K(994304K), 0.0025793 secs]
48360.580: [GC (Allocation Failure)  315286K->9622K(986112K), 0.0032931 secs]
48360.882: [GC (Allocation Failure)  307094K->9622K(978432K), 0.0033247 secs]
48361.177: [GC (Allocation Failure)  299414K->9622K(1036800K), 0.0034509 secs]
48361.568: [GC (Allocation Failure)  357782K->9622K(1027072K), 0.0034451 secs]
48361.911: [GC (Allocation Failure)  348054K->9622K(1017856K), 0.0029295 secs]
48362.254: [GC (Allocation Failure)  338838K->9590K(1008640K), 0.0036812 secs]
48362.584: [GC (Allocation Failure)  329590K->9558K(1072640K), 0.0039603 secs]
48362.971: [GC (Allocation Failure)  393558K->9590K(1061376K), 0.0038516 secs]
48363.348: [GC (Allocation Failure)  382326K->9590K(1050624K), 0.0037839 secs]
48363.719: [GC (Allocation Failure)  371574K->9590K(1040384K), 0.0037689 secs]
48364.099: [GC (Allocation Failure)  361334K->9622K(1030656K), 0.0035785 secs]
48364.447: [GC (Allocation Failure)  351638K->9622K(1020928K), 0.0033591 secs]
48364.783: [GC (Allocation Failure)  341910K->9622K(1011712K), 0.0032619 secs]
48365.110: [GC (Allocation Failure)  332694K->9590K(1003008K), 0.0036846 secs]
48365.430: [GC (Allocation Failure)  323958K->9590K(994816K), 0.0032662 secs]
48365.751: [GC (Allocation Failure)  315766K->9622K(986624K), 0.0034199 secs]
48366.054: [GC (Allocation Failure)  307606K->9622K(1046528K), 0.0036895 secs]
48366.416: [GC (Allocation Failure)  367510K->9590K(1118208K), 0.0033841 secs]
48366.841: [GC (Allocation Failure)  439158K->9590K(1104896K), 0.0037129 secs]
48367.255: [GC (Allocation Failure)  425846K->9622K(1092096K), 0.0039414 secs]
48367.660: [GC (Allocation Failure)  413078K->9622K(1079808K), 0.0035459 secs]
48368.063: [GC (Allocation Failure)  400790K->9622K(1068032K), 0.0041371 secs]
48368.451: [GC (Allocation Failure)  389014K->9590K(1056768K), 0.0030369 secs]
48368.821: [GC (Allocation Failure)  377718K->9622K(1046016K), 0.0043775 secs]
48369.213: [GC (Allocation Failure)  366998K->9590K(1035776K), 0.0042040 secs]
48369.569: [GC (Allocation Failure)  356726K->9622K(1105408K), 0.0047809 secs]
48369.987: [GC (Allocation Failure)  426390K->9590K(1092608K), 0.0028990 secs]
48370.397: [GC (Allocation Failure)  413558K->9622K(1080320K), 0.0038216 secs]
48370.796: [GC (Allocation Failure)  401302K->9590K(1068544K), 0.0034007 secs]
48371.177: [GC (Allocation Failure)  389494K->9654K(1057280K), 0.0032029 secs]
48371.549: [GC (Allocation Failure)  378294K->9654K(1046528K), 0.0034751 secs]
48371.908: [GC (Allocation Failure)  367542K->9590K(1036288K), 0.0036569 secs]
48372.257: [GC (Allocation Failure)  357238K->9654K(1026560K), 0.0025544 secs]
48372.600: [GC (Allocation Failure)  347574K->9622K(1017344K), 0.0029774 secs]
48372.931: [GC (Allocation Failure)  338326K->9622K(1008640K), 0.0027171 secs]
48373.252: [GC (Allocation Failure)  329622K->9622K(999936K), 0.0028835 secs]
48373.567: [GC (Allocation Failure)  320918K->9590K(991744K), 0.0027991 secs]
48373.871: [GC (Allocation Failure)  312694K->9622K(984064K), 0.0031007 secs]
48374.203: [GC (Allocation Failure)  305046K->9622K(976384K), 0.0036688 secs]
48374.497: [GC (Allocation Failure)  297366K->9654K(1034240K), 0.0048637 secs]
48374.852: [GC (Allocation Failure)  355254K->9622K(1103360K), 0.0032073 secs]
48375.284: [GC (Allocation Failure)  424342K->9654K(1091072K), 0.0025418 secs]
48375.686: [GC (Allocation Failure)  412086K->9654K(1079296K), 0.0038030 secs]
48376.076: [GC (Allocation Failure)  400310K->9622K(1068032K), 0.0032799 secs]
48376.479: [GC (Allocation Failure)  389014K->9622K(1056768K), 0.0032489 secs]
48376.848: [GC (Allocation Failure)  377750K->9622K(1046016K), 0.0038705 secs]
48377.212: [GC (Allocation Failure)  366998K->9622K(1035776K), 0.0036904 secs]
48377.562: [GC (Allocation Failure)  356758K->9622K(1026048K), 0.0036914 secs]
48377.901: [GC (Allocation Failure)  347030K->9622K(1016832K), 0.0037366 secs]
48378.229: [GC (Allocation Failure)  337814K->9654K(1008128K), 0.0029364 secs]
48378.551: [GC (Allocation Failure)  329142K->9622K(1072128K), 0.0038835 secs]
48378.934: [GC (Allocation Failure)  393110K->9590K(1060864K), 0.0036548 secs]
48379.315: [GC (Allocation Failure)  381814K->9590K(1050112K), 0.0034512 secs]
48379.677: [GC (Allocation Failure)  371062K->9590K(1039872K), 0.0034834 secs]
48380.023: [GC (Allocation Failure)  360822K->9622K(1030144K), 0.0038734 secs]
48380.360: [GC (Allocation Failure)  351126K->9590K(1020928K), 0.0034140 secs]
48380.688: [GC (Allocation Failure)  341878K->9622K(1011712K), 0.0034260 secs]
48381.008: [GC (Allocation Failure)  332694K->9590K(1003008K), 0.0032458 secs]
48381.321: [GC (Allocation Failure)  323958K->9590K(1065984K), 0.0035296 secs]
48381.701: [GC (Allocation Failure)  386934K->9590K(1055232K), 0.0035415 secs]
48382.078: [GC (Allocation Failure)  376182K->9622K(1044480K), 0.0035012 secs]
48382.439: [GC (Allocation Failure)  365462K->9590K(1034240K), 0.0035172 secs]
48382.809: [GC (Allocation Failure)  355190K->9590K(1024512K), 0.0031268 secs]
48383.150: [GC (Allocation Failure)  345462K->9654K(1015296K), 0.0034415 secs]
48383.484: [GC (Allocation Failure)  336310K->9590K(1006592K), 0.0032818 secs]
48383.818: [GC (Allocation Failure)  327542K->9622K(997888K), 0.0037337 secs]
48384.138: [GC (Allocation Failure)  318870K->9622K(989696K), 0.0034354 secs]
48384.445: [GC (Allocation Failure)  310678K->9622K(1050112K), 0.0034670 secs]
48384.810: [GC (Allocation Failure)  371094K->9622K(1039872K), 0.0033505 secs]
48385.166: [GC (Allocation Failure)  360854K->9622K(1030144K), 0.0030006 secs]
48385.510: [GC (Allocation Failure)  351126K->9654K(1098752K), 0.0043246 secs]
48385.926: [GC (Allocation Failure)  419766K->9622K(1086464K), 0.0037374 secs]
48386.327: [GC (Allocation Failure)  407446K->9622K(1166336K), 0.0049709 secs]
48386.816: [GC (Allocation Failure)  487318K->9622K(1150976K), 0.0034464 secs]
48387.276: [GC (Allocation Failure)  471958K->9622K(1136640K), 0.0038102 secs]
48387.731: [GC (Allocation Failure)  457622K->9622K(1122816K), 0.0036898 secs]
48388.175: [GC (Allocation Failure)  443798K->9622K(1109504K), 0.0033859 secs]
48388.604: [GC (Allocation Failure)  430486K->9590K(1096704K), 0.0032460 secs]
48389.017: [GC (Allocation Failure)  417654K->9590K(1084416K), 0.0034108 secs]
48389.454: [GC (Allocation Failure)  405366K->9622K(1072640K), 0.0030526 secs]
48389.871: [GC (Allocation Failure)  393622K->9622K(1061376K), 0.0032017 secs]
48390.246: [GC (Allocation Failure)  382358K->9622K(1050624K), 0.0035461 secs]
48390.612: [GC (Allocation Failure)  371606K->9622K(1040384K), 0.0033576 secs]
48390.965: [GC (Allocation Failure)  361366K->9622K(1030656K), 0.0039162 secs]
48391.310: [GC (Allocation Failure)  351638K->9622K(1020928K), 0.0037183 secs]
48391.646: [GC (Allocation Failure)  341910K->9590K(1011712K), 0.0038172 secs]
48391.972: [GC (Allocation Failure)  332662K->9590K(1003008K), 0.0031842 secs]
48392.297: [GC (Allocation Failure)  323958K->9622K(994816K), 0.0030859 secs]
48392.609: [GC (Allocation Failure)  315798K->9590K(986624K), 0.0031349 secs]
48392.915: [GC (Allocation Failure)  307574K->9590K(1046528K), 0.0039188 secs]
48393.287: [GC (Allocation Failure)  367478K->9622K(1118208K), 0.0037373 secs]
48393.723: [GC (Allocation Failure)  439190K->9654K(1104896K), 0.0033324 secs]
48394.137: [GC (Allocation Failure)  425910K->9590K(1092096K), 0.0030539 secs]
48394.598: [GC (Allocation Failure)  413046K->9622K(1079808K), 0.0040942 secs]
48395.041: [GC (Allocation Failure)  400790K->9622K(1068032K), 0.0036801 secs]
48395.423: [GC (Allocation Failure)  389014K->9590K(1056768K), 0.0030003 secs]
48395.794: [GC (Allocation Failure)  377718K->9654K(1046016K), 0.0035143 secs]
48396.155: [GC (Allocation Failure)  367030K->9622K(1035776K), 0.0031071 secs]
48396.507: [GC (Allocation Failure)  356758K->9622K(1026048K), 0.0033388 secs]
48396.847: [GC (Allocation Failure)  347030K->9590K(1016832K), 0.0038499 secs]
48397.178: [GC (Allocation Failure)  337782K->9590K(1008128K), 0.0034485 secs]
48397.500: [GC (Allocation Failure)  329078K->9622K(999424K), 0.0031569 secs]
48397.812: [GC (Allocation Failure)  320406K->9590K(991232K), 0.0031633 secs]
48398.117: [GC (Allocation Failure)  312182K->9590K(1052160K), 0.0037668 secs]
48398.484: [GC (Allocation Failure)  373110K->9622K(1041920K), 0.0034417 secs]
48398.838: [GC (Allocation Failure)  362902K->9622K(1032192K), 0.0035147 secs]
48399.193: [GC (Allocation Failure)  353174K->9622K(1022464K), 0.0037850 secs]
48399.530: [GC (Allocation Failure)  343446K->9622K(1089536K), 0.0040910 secs]
48399.934: [GC (Allocation Failure)  410518K->9654K(1077760K), 0.0033845 secs]
48400.332: [GC (Allocation Failure)  398774K->9654K(1066496K), 0.0033095 secs]
48400.709: [GC (Allocation Failure)  387510K->9590K(1055744K), 0.0030621 secs]
48401.075: [GC (Allocation Failure)  376694K->9622K(1044992K), 0.0037352 secs]
48401.431: [GC (Allocation Failure)  365974K->9590K(1034752K), 0.0038917 secs]
48401.788: [GC (Allocation Failure)  355702K->9590K(1025024K), 0.0037841 secs]
48402.124: [GC (Allocation Failure)  345974K->9622K(1092608K), 0.0049700 secs]
48402.529: [GC (Allocation Failure)  413590K->9622K(1173504K), 0.0043163 secs]
48403.018: [GC (Allocation Failure)  494486K->9622K(1270784K), 0.0039917 secs]
48403.587: [GC (Allocation Failure)  591766K->9622K(1250816K), 0.0036755 secs]
48404.134: [GC (Allocation Failure)  571798K->9622K(1231872K), 0.0029650 secs]
48404.668: [GC (Allocation Failure)  552854K->9590K(1213952K), 0.0035690 secs]
48405.194: [GC (Allocation Failure)  534902K->9670K(1196544K), 0.0034885 secs]
48405.714: [GC (Allocation Failure)  517574K->9638K(1180160K), 0.0034266 secs]
48406.210: [GC (Allocation Failure)  501158K->9606K(1164288K), 0.0034877 secs]
48406.684: [GC (Allocation Failure)  485254K->9638K(1148928K), 0.0033829 secs]
48407.143: [GC (Allocation Failure)  469926K->9606K(1134592K), 0.0034118 secs]
48407.590: [GC (Allocation Failure)  455558K->9606K(1120768K), 0.0034433 secs]
48408.023: [GC (Allocation Failure)  441734K->9638K(1107456K), 0.0034144 secs]
48408.443: [GC (Allocation Failure)  428454K->9606K(1094656K), 0.0031642 secs]
48408.850: [GC (Allocation Failure)  415622K->9670K(1082368K), 0.0034936 secs]
48409.245: [GC (Allocation Failure)  403398K->9606K(1070592K), 0.0033184 secs]
48409.644: [GC (Allocation Failure)  391558K->9606K(1059328K), 0.0037586 secs]
48410.027: [GC (Allocation Failure)  380294K->9606K(1048576K), 0.0035017 secs]
48410.394: [GC (Allocation Failure)  369542K->9638K(1038336K), 0.0039900 secs]
48410.787: [GC (Allocation Failure)  359334K->9638K(1028608K), 0.0029101 secs]
48411.131: [GC (Allocation Failure)  349606K->9606K(1019392K), 0.0039217 secs]
48411.483: [GC (Allocation Failure)  340358K->9606K(1010176K), 0.0040042 secs]
48411.825: [GC (Allocation Failure)  331142K->9606K(1001472K), 0.0034955 secs]
48412.152: [GC (Allocation Failure)  322438K->9606K(993280K), 0.0032432 secs]
48412.466: [GC (Allocation Failure)  314246K->9606K(1054208K), 0.0036917 secs]
48412.841: [GC (Allocation Failure)  375174K->9606K(1043968K), 0.0036486 secs]
48413.220: [GC (Allocation Failure)  364934K->9638K(1033728K), 0.0036007 secs]
48413.574: [GC (Allocation Failure)  354726K->9638K(1024000K), 0.0037922 secs]
48413.912: [GC (Allocation Failure)  344998K->9606K(1014784K), 0.0033720 secs]
48414.238: [GC (Allocation Failure)  335750K->9638K(1006080K), 0.0028592 secs]
48414.560: [GC (Allocation Failure)  327078K->9606K(997376K), 0.0029714 secs]
48414.871: [GC (Allocation Failure)  318342K->9606K(1059328K), 0.0055231 secs]
48415.245: [GC (Allocation Failure)  380294K->9638K(1133568K), 0.0034410 secs]
48415.691: [GC (Allocation Failure)  454566K->9606K(1222656K), 0.0037943 secs]
48416.263: [GC (Allocation Failure)  543622K->9638K(1204736K), 0.0040103 secs]
48416.784: [GC (Allocation Failure)  525734K->9606K(1187840K), 0.0036315 secs]
48417.341: [GC (Allocation Failure)  508806K->9606K(1171456K), 0.0035119 secs]
48417.833: [GC (Allocation Failure)  492422K->9638K(1156096K), 0.0036197 secs]
48418.318: [GC (Allocation Failure)  477094K->9638K(1141248K), 0.0033584 secs]
48418.824: [GC (Allocation Failure)  462246K->9606K(1126912K), 0.0039639 secs]
48419.273: [GC (Allocation Failure)  447878K->9606K(1113600K), 0.0032413 secs]
48419.714: [GC (Allocation Failure)  434566K->9638K(1100800K), 0.0032623 secs]
48420.133: [GC (Allocation Failure)  421798K->9638K(1088512K), 0.0044171 secs]
48420.550: [GC (Allocation Failure)  409510K->9638K(1076736K), 0.0034604 secs]
48420.941: [GC (Allocation Failure)  397734K->9606K(1065472K), 0.0035859 secs]
48421.358: [GC (Allocation Failure)  386438K->9638K(1054720K), 0.0031806 secs]
48421.729: [GC (Allocation Failure)  375718K->9606K(1044480K), 0.0034654 secs]
48422.086: [GC (Allocation Failure)  365446K->9606K(1034240K), 0.0038526 secs]
48422.440: [GC (Allocation Failure)  355206K->9606K(1024512K), 0.0035392 secs]
48422.779: [GC (Allocation Failure)  345478K->9606K(1015296K), 0.0032070 secs]
48423.106: [GC (Allocation Failure)  336262K->9606K(1006592K), 0.0036283 secs]
48423.505: [GC (Allocation Failure)  327558K->9638K(997888K), 0.0030814 secs]
48423.828: [GC (Allocation Failure)  318886K->9638K(989696K), 0.0034669 secs]
48424.145: [GC (Allocation Failure)  310694K->9638K(982016K), 0.0030302 secs]
48424.449: [GC (Allocation Failure)  303014K->9606K(974336K), 0.0032839 secs]
48424.744: [GC (Allocation Failure)  295302K->9606K(1031680K), 0.0039757 secs]
48425.096: [GC (Allocation Failure)  352646K->9638K(1100288K), 0.0034345 secs]
48425.515: [GC (Allocation Failure)  421286K->9670K(1088000K), 0.0027545 secs]
48425.932: [GC (Allocation Failure)  409030K->9606K(1076224K), 0.0029964 secs]
48426.326: [GC (Allocation Failure)  397190K->9638K(1064960K), 0.0038206 secs]
48426.706: [GC (Allocation Failure)  385958K->9638K(1054208K), 0.0030290 secs]
48427.110: [GC (Allocation Failure)  375206K->9606K(1043968K), 0.0032584 secs]
48427.480: [GC (Allocation Failure)  364934K->9638K(1033728K), 0.0036459 secs]
48427.844: [GC (Allocation Failure)  354726K->9638K(1024000K), 0.0034322 secs]
48428.183: [GC (Allocation Failure)  344998K->9606K(1014784K), 0.0042797 secs]
48428.527: [GC (Allocation Failure)  335750K->9606K(1006080K), 0.0033475 secs]
48428.856: [GC (Allocation Failure)  327046K->9638K(997376K), 0.0030683 secs]
48429.175: [GC (Allocation Failure)  318374K->9606K(1059328K), 0.0046746 secs]
48429.559: [GC (Allocation Failure)  380294K->9606K(1133568K), 0.0037034 secs]
48430.056: [GC (Allocation Failure)  454534K->9638K(1119744K), 0.0032185 secs]
48430.503: [GC (Allocation Failure)  440742K->9606K(1106432K), 0.0030838 secs]
48430.954: [GC (Allocation Failure)  427398K->9638K(1093632K), 0.0031533 secs]
48431.389: [GC (Allocation Failure)  414630K->9638K(1081344K), 0.0030841 secs]
48431.815: [GC (Allocation Failure)  402342K->9606K(1069568K), 0.0049261 secs]
48432.208: [GC (Allocation Failure)  390534K->9638K(1058304K), 0.0031896 secs]
48432.591: [GC (Allocation Failure)  379302K->9638K(1047552K), 0.0027811 secs]
48432.962: [GC (Allocation Failure)  368550K->9606K(1037312K), 0.0037778 secs]
48433.342: [GC (Allocation Failure)  358278K->9638K(1027584K), 0.0034667 secs]
48433.694: [GC (Allocation Failure)  348582K->9638K(1018368K), 0.0038201 secs]
48434.036: [GC (Allocation Failure)  339366K->9606K(1009152K), 0.0032149 secs]
48434.367: [GC (Allocation Failure)  330118K->9606K(1000448K), 0.0036044 secs]
48434.691: [GC (Allocation Failure)  321414K->9670K(992256K), 0.0031019 secs]
48435.004: [GC (Allocation Failure)  313286K->9670K(984064K), 0.0030848 secs]
48435.309: [GC (Allocation Failure)  305094K->9638K(976384K), 0.0031356 secs]
48435.624: [GC (Allocation Failure)  297382K->9606K(969216K), 0.0030232 secs]
48435.927: [GC (Allocation Failure)  290182K->9638K(962048K), 0.0032477 secs]
48436.211: [GC (Allocation Failure)  283046K->9638K(955392K), 0.0027728 secs]
48436.487: [GC (Allocation Failure)  276390K->9702K(1009152K), 0.0039101 secs]
48436.845: [GC (Allocation Failure)  330214K->9606K(1073664K), 0.0035619 secs]
48437.241: [GC (Allocation Failure)  394630K->9638K(1062400K), 0.0030116 secs]
48437.623: [GC (Allocation Failure)  383398K->9670K(1051648K), 0.0036089 secs]
48437.999: [GC (Allocation Failure)  372678K->9638K(1041408K), 0.0029522 secs]
48438.362: [GC (Allocation Failure)  362406K->9638K(1031680K), 0.0032550 secs]
48438.713: [GC (Allocation Failure)  352678K->9702K(1021952K), 0.0033761 secs]
48439.059: [GC (Allocation Failure)  343014K->9622K(1012736K), 0.0032030 secs]
48439.393: [GC (Allocation Failure)  333718K->9654K(1004032K), 0.0031649 secs]
48439.718: [GC (Allocation Failure)  325046K->9654K(995840K), 0.0033549 secs]
48440.034: [GC (Allocation Failure)  316854K->9686K(1057280K), 0.0038751 secs]
48440.414: [GC (Allocation Failure)  378326K->9622K(1046528K), 0.0036493 secs]
48440.811: [GC (Allocation Failure)  367510K->9654K(1036288K), 0.0034608 secs]
48441.190: [GC (Allocation Failure)  357302K->9622K(1026560K), 0.0029214 secs]
48441.538: [GC (Allocation Failure)  347542K->9654K(1017344K), 0.0035944 secs]
48441.910: [GC (Allocation Failure)  338358K->9622K(1008640K), 0.0034226 secs]
48442.240: [GC (Allocation Failure)  329622K->9654K(999936K), 0.0032088 secs]
48442.561: [GC (Allocation Failure)  320950K->9622K(991744K), 0.0034219 secs]
48442.891: [GC (Allocation Failure)  312726K->9622K(984064K), 0.0036155 secs]
48443.196: [GC (Allocation Failure)  305046K->9654K(1043456K), 0.0035378 secs]
48443.562: [GC (Allocation Failure)  364470K->9654K(1033216K), 0.0033537 secs]
48443.927: [GC (Allocation Failure)  354230K->9654K(1102336K), 0.0051021 secs]
48444.354: [GC (Allocation Failure)  423350K->9622K(1090048K), 0.0032541 secs]
48444.766: [GC (Allocation Failure)  411030K->9654K(1078272K), 0.0034669 secs]
48445.185: [GC (Allocation Failure)  399286K->9654K(1067008K), 0.0032690 secs]
48445.573: [GC (Allocation Failure)  388022K->9654K(1056256K), 0.0033689 secs]
48445.948: [GC (Allocation Failure)  377270K->9622K(1045504K), 0.0031113 secs]
48446.313: [GC (Allocation Failure)  366486K->9654K(1035264K), 0.0030469 secs]
48446.667: [GC (Allocation Failure)  356278K->9622K(1025536K), 0.0034303 secs]
48447.033: [GC (Allocation Failure)  346518K->9622K(1016320K), 0.0032526 secs]
48447.368: [GC (Allocation Failure)  337302K->9654K(1007616K), 0.0030015 secs]
48447.694: [GC (Allocation Failure)  328630K->9654K(998912K), 0.0031253 secs]
48448.014: [GC (Allocation Failure)  319926K->9654K(990720K), 0.0030441 secs]
48448.323: [GC (Allocation Failure)  311734K->9622K(983040K), 0.0026251 secs]
48448.624: [GC (Allocation Failure)  304022K->9654K(975360K), 0.0029478 secs]
48448.935: [GC (Allocation Failure)  296374K->9654K(968192K), 0.0263004 secs]
48449.248: [GC (Allocation Failure)  289206K->9622K(961024K), 0.0035072 secs]
48449.528: [GC (Allocation Failure)  282006K->9622K(1015808K), 0.0143577 secs]
48449.886: [GC (Allocation Failure)  336790K->9654K(1081344K), 0.0050145 secs]
48450.304: [GC (Allocation Failure)  402358K->9654K(1160192K), 0.0032374 secs]
48450.778: [GC (Allocation Failure)  481206K->9654K(1145344K), 0.0041682 secs]
48451.241: [GC (Allocation Failure)  466358K->9654K(1131008K), 0.0033748 secs]
48451.684: [GC (Allocation Failure)  452022K->9654K(1117184K), 0.0034225 secs]
48452.161: [GC (Allocation Failure)  438198K->9654K(1103872K), 0.0036032 secs]
48452.590: [GC (Allocation Failure)  424886K->9654K(1091072K), 0.0037770 secs]
48453.008: [GC (Allocation Failure)  412086K->9654K(1079296K), 0.0033076 secs]
48453.410: [GC (Allocation Failure)  400310K->9654K(1068032K), 0.0031193 secs]
48453.805: [GC (Allocation Failure)  389046K->9654K(1056768K), 0.0037164 secs]
48454.183: [GC (Allocation Failure)  377782K->9654K(1046016K), 0.0036203 secs]
48454.552: [GC (Allocation Failure)  367030K->9622K(1035776K), 0.0033518 secs]
48454.933: [GC (Allocation Failure)  356758K->9622K(1026048K), 0.0037492 secs]
48455.282: [GC (Allocation Failure)  347030K->9686K(1016832K), 0.0031636 secs]
48455.622: [GC (Allocation Failure)  337878K->9686K(1008128K), 0.0027243 secs]
48455.952: [GC (Allocation Failure)  329174K->9654K(999424K), 0.0030259 secs]
48456.295: [GC (Allocation Failure)  320438K->9654K(991232K), 0.0033922 secs]
48456.608: [GC (Allocation Failure)  312246K->9654K(983552K), 0.0035128 secs]
48456.985: [GC (Allocation Failure)  304566K->9686K(975872K), 0.0033385 secs]
48457.282: [GC (Allocation Failure)  296918K->9654K(968704K), 0.0024377 secs]
48457.572: [GC (Allocation Failure)  289718K->9654K(961536K), 0.0032314 secs]
48457.855: [GC (Allocation Failure)  282550K->9654K(1016320K), 0.0037815 secs]
48458.193: [GC (Allocation Failure)  337334K->9654K(1081856K), 0.0035628 secs]
48458.600: [GC (Allocation Failure)  402870K->9654K(1070080K), 0.0032955 secs]
48458.998: [GC (Allocation Failure)  391094K->9622K(1058816K), 0.0034611 secs]
48459.380: [GC (Allocation Failure)  379798K->9622K(1048064K), 0.0030104 secs]
48459.751: [GC (Allocation Failure)  369046K->9622K(1037824K), 0.0402746 secs]
48460.151: [GC (Allocation Failure)  358806K->9686K(1028096K), 0.0029900 secs]
48460.501: [GC (Allocation Failure)  349142K->9654K(1018880K), 0.0030972 secs]
48460.842: [GC (Allocation Failure)  339894K->9654K(1009664K), 0.0036138 secs]
48461.283: [GC (Allocation Failure)  330678K->9622K(1000960K), 0.0038522 secs]
48461.603: [GC (Allocation Failure)  321942K->9654K(992768K), 0.0032898 secs]
48461.927: [GC (Allocation Failure)  313782K->9654K(984576K), 0.0029979 secs]
48462.251: [GC (Allocation Failure)  305590K->9622K(976896K), 0.0028637 secs]
48462.545: [GC (Allocation Failure)  297878K->9654K(969728K), 0.0029189 secs]
48462.836: [GC (Allocation Failure)  290742K->9654K(962560K), 0.0032849 secs]
48463.120: [GC (Allocation Failure)  283574K->9654K(955904K), 0.0032048 secs]
48463.398: [GC (Allocation Failure)  276918K->9654K(1009664K), 0.0033968 secs]
48463.727: [GC (Allocation Failure)  330678K->9654K(1074176K), 0.0029597 secs]
48464.113: [GC (Allocation Failure)  395190K->9654K(1062912K), 0.0031979 secs]
48464.488: [GC (Allocation Failure)  383926K->9654K(1052160K), 0.0030858 secs]
48464.854: [GC (Allocation Failure)  373174K->9654K(1041920K), 0.0037085 secs]
48465.244: [GC (Allocation Failure)  362934K->9654K(1032192K), 0.0031515 secs]
48465.589: [GC (Allocation Failure)  353206K->9654K(1022464K), 0.0034602 secs]
48465.926: [GC (Allocation Failure)  343478K->9686K(1013248K), 0.0035271 secs]
48466.252: [GC (Allocation Failure)  334294K->9622K(1078272K), 0.0050080 secs]
48466.643: [GC (Allocation Failure)  399254K->9654K(1156608K), 0.0030704 secs]
48467.110: [GC (Allocation Failure)  477622K->9622K(1141760K), 0.0029242 secs]
48467.562: [GC (Allocation Failure)  462742K->9622K(1127424K), 0.0030368 secs]
48468.001: [GC (Allocation Failure)  448406K->9590K(1114112K), 0.0033312 secs]
48468.425: [GC (Allocation Failure)  435062K->9686K(1101312K), 0.0028858 secs]
48468.839: [GC (Allocation Failure)  422358K->9622K(1089024K), 0.0044769 secs]
48469.244: [GC (Allocation Failure)  410006K->9622K(1077248K), 0.0036320 secs]
48469.634: [GC (Allocation Failure)  398230K->9654K(1065984K), 0.0032077 secs]
48470.012: [GC (Allocation Failure)  386998K->9622K(1055232K), 0.0535330 secs]
48470.432: [GC (Allocation Failure)  376214K->9622K(1044480K), 0.0033978 secs]
48470.788: [GC (Allocation Failure)  365462K->9654K(1034240K), 0.0035818 secs]
48471.135: [GC (Allocation Failure)  355254K->9654K(1024512K), 0.0037608 secs]
48471.473: [GC (Allocation Failure)  345526K->9622K(1015296K), 0.0031016 secs]
48471.801: [GC (Allocation Failure)  336278K->9622K(1006592K), 0.0032022 secs]
48472.120: [GC (Allocation Failure)  327574K->9654K(997888K), 0.0030311 secs]
48472.429: [GC (Allocation Failure)  318902K->9654K(989696K), 0.0033216 secs]
48472.731: [GC (Allocation Failure)  310710K->9686K(982016K), 0.0034280 secs]
48473.027: [GC (Allocation Failure)  303062K->9654K(1040896K), 0.0032597 secs]
48473.381: [GC (Allocation Failure)  361910K->9654K(1031168K), 0.0034490 secs]
48473.724: [GC (Allocation Failure)  352182K->9654K(1021440K), 0.0034978 secs]
48474.058: [GC (Allocation Failure)  342454K->9686K(1012224K), 0.0032381 secs]
48474.382: [GC (Allocation Failure)  333270K->9654K(1077248K), 0.0035992 secs]
48474.771: [GC (Allocation Failure)  398262K->9654K(1065984K), 0.0035866 secs]
48475.170: [GC (Allocation Failure)  386998K->9654K(1055232K), 0.0039942 secs]
48475.537: [GC (Allocation Failure)  376246K->9654K(1044480K), 0.0027813 secs]
48475.894: [GC (Allocation Failure)  365494K->9686K(1034240K), 0.0030128 secs]
48476.239: [GC (Allocation Failure)  355286K->9654K(1024512K), 0.0033266 secs]
48476.577: [GC (Allocation Failure)  345526K->9590K(1015296K), 0.0036932 secs]
48476.923: [GC (Allocation Failure)  336246K->9654K(1006592K), 0.0035713 secs]
48477.244: [GC (Allocation Failure)  327606K->9654K(997888K), 0.0033184 secs]
48477.556: [GC (Allocation Failure)  318902K->9622K(1059840K), 0.0043210 secs]
48477.929: [GC (Allocation Failure)  380822K->9654K(1049088K), 0.0027978 secs]
48478.288: [GC (Allocation Failure)  370102K->9654K(1121280K), 0.0047515 secs]
48478.723: [GC (Allocation Failure)  442294K->9654K(1107968K), 0.0035255 secs]
48479.162: [GC (Allocation Failure)  428982K->9622K(1095168K), 0.0044351 secs]
48479.573: [GC (Allocation Failure)  416150K->9654K(1082880K), 0.0035665 secs]
48479.969: [GC (Allocation Failure)  403894K->9622K(1071104K), 0.0042292 secs]
48480.355: [GC (Allocation Failure)  392086K->9686K(1059840K), 0.0036628 secs]
48480.745: [GC (Allocation Failure)  380886K->9654K(1049088K), 0.0032133 secs]
48481.107: [GC (Allocation Failure)  370102K->9686K(1121280K), 0.0051520 secs]
48481.555: [GC (Allocation Failure)  442326K->9654K(1207808K), 0.0044034 secs]
48482.073: [GC (Allocation Failure)  528822K->9622K(1190912K), 0.0031690 secs]
48482.573: [GC (Allocation Failure)  511894K->9654K(1174528K), 0.0037410 secs]
48483.059: [GC (Allocation Failure)  495542K->9622K(1159168K), 0.0029596 secs]
48483.526: [GC (Allocation Failure)  480150K->9654K(1144320K), 0.0029862 secs]
48484.001: [GC (Allocation Failure)  465334K->9622K(1129984K), 0.0036160 secs]
48484.441: [GC (Allocation Failure)  450966K->9654K(1116160K), 0.0031774 secs]
48484.869: [GC (Allocation Failure)  437174K->9654K(1102848K), 0.0033621 secs]
48485.282: [GC (Allocation Failure)  423862K->9686K(1090560K), 0.0031618 secs]
48485.684: [GC (Allocation Failure)  411606K->9622K(1078784K), 0.0034439 secs]
48486.100: [GC (Allocation Failure)  399766K->9654K(1067520K), 0.0040393 secs]
48486.482: [GC (Allocation Failure)  388534K->9654K(1056256K), 0.0034421 secs]
48486.851: [GC (Allocation Failure)  377270K->9654K(1045504K), 0.0028605 secs]
48487.208: [GC (Allocation Failure)  366518K->9654K(1035264K), 0.0033283 secs]
48487.555: [GC (Allocation Failure)  356278K->9654K(1025536K), 0.0036200 secs]
48487.923: [GC (Allocation Failure)  346550K->9622K(1016320K), 0.0032742 secs]
48488.259: [GC (Allocation Failure)  337302K->9654K(1007616K), 0.0031043 secs]
48488.578: [GC (Allocation Failure)  328630K->9654K(998912K), 0.0029447 secs]
48488.898: [GC (Allocation Failure)  319926K->9622K(990720K), 0.0031276 secs]
48489.202: [GC (Allocation Failure)  311702K->9654K(1051136K), 0.0041747 secs]
48489.569: [GC (Allocation Failure)  372150K->9686K(1040896K), 0.0029439 secs]
48489.922: [GC (Allocation Failure)  361942K->9654K(1031168K), 0.0034167 secs]
48490.282: [GC (Allocation Failure)  352182K->9654K(1021440K), 0.0040573 secs]
48490.617: [GC (Allocation Failure)  342454K->9686K(1012224K), 0.0030042 secs]
48490.942: [GC (Allocation Failure)  333270K->9622K(1003520K), 0.0034313 secs]
48491.313: [GC (Allocation Failure)  324502K->9622K(995328K), 0.0038822 secs]
48491.622: [GC (Allocation Failure)  316310K->9622K(1056768K), 0.0036385 secs]
48491.992: [GC (Allocation Failure)  377750K->9686K(1046016K), 0.0029236 secs]
48492.350: [GC (Allocation Failure)  367062K->9654K(1035776K), 0.0034689 secs]
48492.698: [GC (Allocation Failure)  356790K->9654K(1026048K), 0.0033477 secs]
48493.045: [GC (Allocation Failure)  347062K->9686K(1016832K), 0.0032380 secs]
48493.400: [GC (Allocation Failure)  337878K->9622K(1082880K), 0.0046017 secs]
48493.797: [GC (Allocation Failure)  403862K->9654K(1071104K), 0.0032256 secs]
48494.181: [GC (Allocation Failure)  392118K->9622K(1059840K), 0.0029685 secs]
48494.555: [GC (Allocation Failure)  380822K->9654K(1049088K), 0.0039245 secs]
48494.917: [GC (Allocation Failure)  370102K->9654K(1038848K), 0.0033875 secs]
48495.268: [GC (Allocation Failure)  359862K->9622K(1108992K), 0.0045280 secs]
48495.692: [GC (Allocation Failure)  429974K->9654K(1096192K), 0.0030994 secs]
48496.101: [GC (Allocation Failure)  417206K->9654K(1083904K), 0.0034136 secs]
48496.498: [GC (Allocation Failure)  404918K->9654K(1072128K), 0.0040732 secs]
48496.910: [GC (Allocation Failure)  393142K->9654K(1060864K), 0.0038972 secs]
48497.284: [GC (Allocation Failure)  381878K->9686K(1050112K), 0.0030765 secs]
48497.648: [GC (Allocation Failure)  371158K->9654K(1039872K), 0.0030886 secs]
48498.002: [GC (Allocation Failure)  360886K->9654K(1030144K), 0.0038551 secs]
48498.345: [GC (Allocation Failure)  351158K->9654K(1020928K), 0.0034459 secs]
48498.680: [GC (Allocation Failure)  341942K->9686K(1011712K), 0.0033481 secs]
48499.006: [GC (Allocation Failure)  332758K->9654K(1003008K), 0.0033792 secs]
48499.322: [GC (Allocation Failure)  324022K->9686K(994816K), 0.0034517 secs]
48499.631: [GC (Allocation Failure)  315862K->9622K(1056256K), 0.0037918 secs]
48500.000: [GC (Allocation Failure)  377238K->9686K(1045504K), 0.0031444 secs]
48500.356: [GC (Allocation Failure)  366550K->9654K(1035264K), 0.0035415 secs]
48500.704: [GC (Allocation Failure)  356278K->9686K(1104896K), 0.0045171 secs]
48501.121: [GC (Allocation Failure)  425942K->9622K(1188352K), 0.0039723 secs]
48501.651: [GC (Allocation Failure)  509334K->9654K(1171968K), 0.0031759 secs]
48502.132: [GC (Allocation Failure)  492982K->9622K(1156608K), 0.0034618 secs]
48502.619: [GC (Allocation Failure)  477590K->9654K(1141760K), 0.0034436 secs]
48503.072: [GC (Allocation Failure)  462774K->9654K(1127424K), 0.0045899 secs]
48503.583: [GC (Allocation Failure)  448438K->9622K(1114112K), 0.0032058 secs]
48504.027: [GC (Allocation Failure)  435094K->9622K(1101312K), 0.0030010 secs]
48504.439: [GC (Allocation Failure)  422294K->9654K(1089024K), 0.0028336 secs]
48504.840: [GC (Allocation Failure)  410038K->9654K(1077248K), 0.0037282 secs]
48505.230: [GC (Allocation Failure)  398262K->9686K(1065984K), 0.0034153 secs]
48505.634: [GC (Allocation Failure)  387030K->9654K(1055232K), 0.0031645 secs]
48506.034: [GC (Allocation Failure)  376246K->9622K(1044480K), 0.0034756 secs]
48506.391: [GC (Allocation Failure)  365462K->9622K(1034240K), 0.0046968 secs]
48506.803: [GC (Allocation Failure)  355222K->9622K(1024512K), 0.0035016 secs]
48507.140: [GC (Allocation Failure)  345494K->9686K(1015296K), 0.0032973 secs]
48507.469: [GC (Allocation Failure)  336342K->9654K(1006592K), 0.0029561 secs]
48507.788: [GC (Allocation Failure)  327606K->9590K(997888K), 0.0032738 secs]
48508.099: [GC (Allocation Failure)  318838K->9622K(989696K), 0.0035816 secs]
48508.405: [GC (Allocation Failure)  310678K->9622K(982016K), 0.0033707 secs]
48508.717: [GC (Allocation Failure)  302998K->9654K(974336K), 0.0032012 secs]
48509.005: [GC (Allocation Failure)  295350K->9622K(1031680K), 0.0035326 secs]
48509.349: [GC (Allocation Failure)  352662K->9622K(1100288K), 0.0035389 secs]
48509.784: [GC (Allocation Failure)  421270K->9654K(1088000K), 0.0040262 secs]
48510.215: [GC (Allocation Failure)  409014K->9686K(1076224K), 0.0033032 secs]
48510.606: [GC (Allocation Failure)  397270K->9622K(1064960K), 0.0035795 secs]
48510.983: [GC (Allocation Failure)  385942K->9622K(1054208K), 0.0033526 secs]
48511.350: [GC (Allocation Failure)  375190K->9622K(1043968K), 0.0035677 secs]
48511.706: [GC (Allocation Failure)  364950K->9686K(1033728K), 0.0033338 secs]
48512.076: [GC (Allocation Failure)  354774K->9654K(1024000K), 0.0035687 secs]
48512.412: [GC (Allocation Failure)  345014K->9654K(1014784K), 0.0038474 secs]
48512.741: [GC (Allocation Failure)  335798K->9686K(1006080K), 0.0030903 secs]
48513.060: [GC (Allocation Failure)  327126K->9654K(997376K), 0.0032322 secs]
48513.371: [GC (Allocation Failure)  318390K->9622K(989184K), 0.0033095 secs]
48513.673: [GC (Allocation Failure)  310166K->9686K(981504K), 0.0030409 secs]
48513.975: [GC (Allocation Failure)  302550K->9654K(973824K), 0.0032698 secs]
48514.283: [GC (Allocation Failure)  294838K->9686K(966656K), 0.0025212 secs]
48514.563: [GC (Allocation Failure)  287702K->9654K(959488K), 0.0034217 secs]
48514.837: [GC (Allocation Failure)  280502K->9654K(1013760K), 0.0030747 secs]
48515.162: [GC (Allocation Failure)  334774K->9654K(1005056K), 0.0030685 secs]
48515.480: [GC (Allocation Failure)  326070K->9654K(996352K), 0.0033188 secs]
48515.790: [GC (Allocation Failure)  317366K->9622K(1058304K), 0.0041043 secs]
48516.160: [GC (Allocation Failure)  379286K->9622K(1132544K), 0.0032523 secs]
48516.619: [GC (Allocation Failure)  453526K->9622K(1118720K), 0.0030352 secs]
48517.082: [GC (Allocation Failure)  439702K->9654K(1105408K), 0.0031279 secs]
48517.498: [GC (Allocation Failure)  426422K->9622K(1092608K), 0.0037269 secs]
48517.909: [GC (Allocation Failure)  413590K->9622K(1080320K), 0.0035780 secs]
48518.301: [GC (Allocation Failure)  401302K->9654K(1068544K), 0.0035859 secs]
48518.681: [GC (Allocation Failure)  389558K->9622K(1057280K), 0.0036512 secs]
48519.051: [GC (Allocation Failure)  378262K->9654K(1046528K), 0.0032384 secs]
48519.423: [GC (Allocation Failure)  367542K->9654K(1036288K), 0.0032067 secs]
48519.773: [GC (Allocation Failure)  357302K->9622K(1026560K), 0.0035791 secs]
48520.114: [GC (Allocation Failure)  347542K->9622K(1017344K), 0.0037179 secs]
48520.443: [GC (Allocation Failure)  338326K->9654K(1008640K), 0.0033258 secs]
48520.765: [GC (Allocation Failure)  329654K->9622K(999936K), 0.0032991 secs]
48521.094: [GC (Allocation Failure)  320918K->9654K(991744K), 0.0031415 secs]
48521.398: [GC (Allocation Failure)  312758K->9654K(984064K), 0.0033574 secs]
48521.695: [GC (Allocation Failure)  305078K->9654K(976384K), 0.0030835 secs]
48521.984: [GC (Allocation Failure)  297398K->9622K(1034240K), 0.0036009 secs]
48522.330: [GC (Allocation Failure)  355222K->9622K(1024512K), 0.0032438 secs]
48522.681: [GC (Allocation Failure)  345494K->9622K(1092096K), 0.0038801 secs]
48523.106: [GC (Allocation Failure)  413078K->9622K(1079808K), 0.0032791 secs]
48523.497: [GC (Allocation Failure)  400790K->9622K(1068032K), 0.0032097 secs]
48523.880: [GC (Allocation Failure)  389014K->9686K(1056768K), 0.0029091 secs]
48524.250: [GC (Allocation Failure)  377814K->9622K(1046016K), 0.0032632 secs]
48524.607: [GC (Allocation Failure)  366998K->9654K(1035776K), 0.0032117 secs]
48524.959: [GC (Allocation Failure)  356790K->9622K(1026048K), 0.0031685 secs]
48525.296: [GC (Allocation Failure)  347030K->9622K(1016832K), 0.0033570 secs]
48525.627: [GC (Allocation Failure)  337814K->9654K(1008128K), 0.0036690 secs]
48525.948: [GC (Allocation Failure)  329142K->9622K(1072128K), 0.0040611 secs]
48526.336: [GC (Allocation Failure)  393110K->9654K(1148928K), 0.0040621 secs]
48526.797: [GC (Allocation Failure)  469942K->9654K(1134592K), 0.0041945 secs]
48527.247: [GC (Allocation Failure)  455606K->9686K(1120768K), 0.0025625 secs]
48527.677: [GC (Allocation Failure)  441814K->9686K(1107456K), 0.0035122 secs]
48528.132: [GC (Allocation Failure)  428502K->9654K(1094656K), 0.0042978 secs]
48528.554: [GC (Allocation Failure)  415670K->9654K(1082368K), 0.0045386 secs]
48528.954: [GC (Allocation Failure)  403382K->9654K(1070592K), 0.0035258 secs]
48529.357: [GC (Allocation Failure)  391606K->9654K(1059328K), 0.0051530 secs]
48529.736: [GC (Allocation Failure)  380342K->9686K(1048576K), 0.0038364 secs]
48530.102: [GC (Allocation Failure)  369622K->9622K(1120768K), 0.0041922 secs]
48530.533: [GC (Allocation Failure)  441750K->9654K(1107456K), 0.0037084 secs]
48530.955: [GC (Allocation Failure)  428470K->9654K(1094656K), 0.0026874 secs]
48531.360: [GC (Allocation Failure)  415670K->9622K(1082368K), 0.0035796 secs]
48531.755: [GC (Allocation Failure)  403350K->9622K(1070592K), 0.0037503 secs]
48532.142: [GC (Allocation Failure)  391574K->9622K(1059328K), 0.0037361 secs]
48532.523: [GC (Allocation Failure)  380310K->9654K(1048576K), 0.0036046 secs]
48532.886: [GC (Allocation Failure)  369590K->9654K(1038336K), 0.0039753 secs]
48533.237: [GC (Allocation Failure)  359350K->9622K(1028608K), 0.0039562 secs]
48533.580: [GC (Allocation Failure)  349590K->9654K(1019392K), 0.0032926 secs]
48533.912: [GC (Allocation Failure)  340406K->9654K(1010176K), 0.0033305 secs]
48534.234: [GC (Allocation Failure)  331190K->9686K(1001472K), 0.0029722 secs]
48534.548: [GC (Allocation Failure)  322518K->9654K(1064448K), 0.0040814 secs]
48534.925: [GC (Allocation Failure)  385462K->9622K(1053696K), 0.0034420 secs]
48535.291: [GC (Allocation Failure)  374678K->9654K(1043456K), 0.0030268 secs]
48535.647: [GC (Allocation Failure)  364470K->9686K(1033216K), 0.0031723 secs]
48535.994: [GC (Allocation Failure)  354262K->9654K(1023488K), 0.0031811 secs]
48536.341: [GC (Allocation Failure)  344502K->9654K(1014272K), 0.0035456 secs]
48536.673: [GC (Allocation Failure)  335286K->9654K(1005568K), 0.0038612 secs]
48537.016: [GC (Allocation Failure)  326582K->9622K(996864K), 0.0029050 secs]
48537.338: [GC (Allocation Failure)  317846K->9622K(988672K), 0.0036264 secs]
48537.641: [GC (Allocation Failure)  309654K->9622K(980992K), 0.0033883 secs]
48537.937: [GC (Allocation Failure)  301974K->9654K(1039872K), 0.0031443 secs]
48538.314: [GC (Allocation Failure)  360886K->9686K(1030144K), 0.0030098 secs]
48538.656: [GC (Allocation Failure)  351190K->9654K(1020928K), 0.0035122 secs]
48538.992: [GC (Allocation Failure)  341942K->9686K(1011712K), 0.0030646 secs]
48539.316: [GC (Allocation Failure)  332758K->9654K(1003008K), 0.0032008 secs]
48539.632: [GC (Allocation Failure)  324022K->9654K(994816K), 0.0034586 secs]
48539.959: [GC (Allocation Failure)  315830K->9622K(986624K), 0.0031851 secs]
48540.259: [GC (Allocation Failure)  307606K->9654K(1046528K), 0.0037462 secs]
48540.619: [GC (Allocation Failure)  367542K->9654K(1036288K), 0.0032647 secs]
48540.970: [GC (Allocation Failure)  357302K->9654K(1026560K), 0.0035012 secs]
48541.308: [GC (Allocation Failure)  347574K->9622K(1017344K), 0.0033141 secs]
48541.638: [GC (Allocation Failure)  338326K->9654K(1008640K), 0.0029020 secs]
48541.959: [GC (Allocation Failure)  329654K->9622K(999936K), 0.0035694 secs]
48542.272: [GC (Allocation Failure)  320918K->9654K(991744K), 0.0027903 secs]
48542.578: [GC (Allocation Failure)  312758K->9654K(1052672K), 0.0041391 secs]
48542.949: [GC (Allocation Failure)  373686K->9654K(1042432K), 0.0033755 secs]
48543.341: [GC (Allocation Failure)  363446K->9622K(1032704K), 0.0033739 secs]
48543.687: [GC (Allocation Failure)  353686K->9654K(1022976K), 0.0035925 secs]
48544.024: [GC (Allocation Failure)  343990K->9622K(1090048K), 0.0061068 secs]
48544.431: [GC (Allocation Failure)  411030K->9654K(1170432K), 0.0033734 secs]
48544.916: [GC (Allocation Failure)  491446K->9654K(1155072K), 0.0037008 secs]
48545.383: [GC (Allocation Failure)  476086K->9654K(1140224K), 0.0037553 secs]
48545.836: [GC (Allocation Failure)  461238K->9654K(1125888K), 0.0034974 secs]
48546.299: [GC (Allocation Failure)  446902K->9622K(1112576K), 0.0036354 secs]
48546.725: [GC (Allocation Failure)  433558K->9622K(1099776K), 0.0043375 secs]
48547.141: [GC (Allocation Failure)  420758K->9654K(1087488K), 0.0032877 secs]
48547.541: [GC (Allocation Failure)  408502K->9622K(1075712K), 0.0036474 secs]
48547.930: [GC (Allocation Failure)  396694K->9686K(1064448K), 0.0038225 secs]
48548.330: [GC (Allocation Failure)  385494K->9654K(1053696K), 0.0040686 secs]
48548.729: [GC (Allocation Failure)  374710K->9654K(1043456K), 0.0035086 secs]
48549.096: [GC (Allocation Failure)  364470K->9654K(1033216K), 0.0046725 secs]
48549.447: [GC (Allocation Failure)  354230K->9654K(1023488K), 0.0035859 secs]
48549.785: [GC (Allocation Failure)  344502K->9654K(1090560K), 0.0043450 secs]
48550.190: [GC (Allocation Failure)  411574K->9654K(1170944K), 0.0040180 secs]
48550.682: [GC (Allocation Failure)  491958K->9622K(1267712K), 0.0052335 secs]
48551.274: [GC (Allocation Failure)  588694K->9654K(1247744K), 0.0033642 secs]
48551.831: [GC (Allocation Failure)  568758K->9622K(1228800K), 0.0035442 secs]
48552.371: [GC (Allocation Failure)  549782K->9622K(1210880K), 0.0040123 secs]
48552.895: [GC (Allocation Failure)  531862K->9654K(1193472K), 0.0035378 secs]
48553.402: [GC (Allocation Failure)  514486K->9622K(1177088K), 0.0034651 secs]
48553.985: [GC (Allocation Failure)  498070K->9622K(1161216K), 0.0040194 secs]
48554.457: [GC (Allocation Failure)  482198K->9622K(1146368K), 0.0033688 secs]
48554.939: [GC (Allocation Failure)  467350K->9686K(1132032K), 0.0031249 secs]
48555.381: [GC (Allocation Failure)  453078K->9654K(1118208K), 0.0029658 secs]
48555.811: [GC (Allocation Failure)  439222K->9686K(1104896K), 0.0033225 secs]
48556.238: [GC (Allocation Failure)  425942K->9622K(1092096K), 0.0038089 secs]
48556.641: [GC (Allocation Failure)  413078K->9654K(1079808K), 0.0030467 secs]
48557.046: [GC (Allocation Failure)  400822K->9622K(1068032K), 0.0032437 secs]
48557.425: [GC (Allocation Failure)  389014K->9622K(1056768K), 0.0038543 secs]
48557.814: [GC (Allocation Failure)  377750K->9622K(1046016K), 0.0032779 secs]
48558.189: [GC (Allocation Failure)  366998K->9654K(1035776K), 0.0039242 secs]
48558.541: [GC (Allocation Failure)  356790K->9686K(1026048K), 0.0037504 secs]
48558.922: [GC (Allocation Failure)  347094K->9654K(1016832K), 0.0032565 secs]
48559.285: [GC (Allocation Failure)  337846K->9654K(1008128K), 0.0037239 secs]
48559.607: [GC (Allocation Failure)  329142K->9622K(999424K), 0.0032313 secs]
48559.920: [GC (Allocation Failure)  320406K->9654K(991232K), 0.0030905 secs]
48560.224: [GC (Allocation Failure)  312246K->9654K(983552K), 0.0036121 secs]
48560.521: [GC (Allocation Failure)  304566K->9622K(1042944K), 0.0038947 secs]
48560.894: [GC (Allocation Failure)  363926K->9622K(1114112K), 0.0042105 secs]
48561.326: [GC (Allocation Failure)  435094K->9654K(1199616K), 0.0039515 secs]
48561.835: [GC (Allocation Failure)  520630K->9622K(1182720K), 0.0037351 secs]
48562.352: [GC (Allocation Failure)  503702K->9654K(1166848K), 0.0034831 secs]
48562.829: [GC (Allocation Failure)  487862K->9622K(1151488K), 0.0034530 secs]
48563.304: [GC (Allocation Failure)  472470K->9622K(1136640K), 0.0036578 secs]
48563.786: [GC (Allocation Failure)  457622K->9622K(1122816K), 0.0035663 secs]
48564.223: [GC (Allocation Failure)  443798K->9622K(1109504K), 0.0034631 secs]
48564.643: [GC (Allocation Failure)  430486K->9654K(1096704K), 0.0037771 secs]
48565.052: [GC (Allocation Failure)  417718K->9686K(1084416K), 0.0034559 secs]
48565.449: [GC (Allocation Failure)  405462K->9622K(1072640K), 0.0036673 secs]
48565.835: [GC (Allocation Failure)  393622K->9686K(1061376K), 0.0041844 secs]
48566.210: [GC (Allocation Failure)  382422K->9654K(1050624K), 0.0037427 secs]
48566.573: [GC (Allocation Failure)  371638K->9590K(1040384K), 0.0036849 secs]
48566.926: [GC (Allocation Failure)  361334K->9654K(1030656K), 0.0040239 secs]
48567.274: [GC (Allocation Failure)  351670K->9654K(1020928K), 0.0036177 secs]
48567.609: [GC (Allocation Failure)  341942K->9654K(1011712K), 0.0035624 secs]
48567.934: [GC (Allocation Failure)  332726K->9622K(1003008K), 0.0034064 secs]
48568.250: [GC (Allocation Failure)  323990K->9622K(1065984K), 0.0036605 secs]
48568.628: [GC (Allocation Failure)  386966K->9622K(1055232K), 0.0035164 secs]
48569.008: [GC (Allocation Failure)  376214K->9622K(1044480K), 0.0031866 secs]
48569.430: [GC (Allocation Failure)  365462K->9622K(1034240K), 0.0033553 secs]
48569.781: [GC (Allocation Failure)  355222K->9654K(1024512K), 0.0041654 secs]
48570.120: [GC (Allocation Failure)  345526K->9654K(1015296K), 0.0033172 secs]
48570.468: [GC (Allocation Failure)  336310K->9654K(1006592K), 0.0032860 secs]
48570.798: [GC (Allocation Failure)  327606K->9622K(1070592K), 0.0039283 secs]
48571.181: [GC (Allocation Failure)  391574K->9654K(1147392K), 0.0042156 secs]
48571.641: [GC (Allocation Failure)  468406K->9622K(1133056K), 0.0032680 secs]
48572.085: [GC (Allocation Failure)  454038K->9654K(1119232K), 0.0033320 secs]
48572.515: [GC (Allocation Failure)  440246K->9686K(1105920K), 0.0029687 secs]
48572.933: [GC (Allocation Failure)  426966K->9590K(1093120K), 0.0028726 secs]
48573.336: [GC (Allocation Failure)  414070K->9686K(1080832K), 0.0036076 secs]
48573.729: [GC (Allocation Failure)  401878K->9622K(1069056K), 0.0035164 secs]
48574.111: [GC (Allocation Failure)  390038K->9654K(1057792K), 0.0029435 secs]
48574.481: [GC (Allocation Failure)  378806K->9654K(1047040K), 0.0041067 secs]
48574.840: [GC (Allocation Failure)  368054K->9622K(1036800K), 0.0037669 secs]
48575.191: [GC (Allocation Failure)  357782K->9654K(1027072K), 0.0028175 secs]
48575.555: [GC (Allocation Failure)  348086K->9654K(1017856K), 0.0031659 secs]
48575.886: [GC (Allocation Failure)  338870K->9654K(1008640K), 0.0031565 secs]
48576.208: [GC (Allocation Failure)  329654K->9654K(999936K), 0.0033199 secs]
48576.521: [GC (Allocation Failure)  320950K->9686K(991744K), 0.0032058 secs]
48576.826: [GC (Allocation Failure)  312790K->9654K(984064K), 0.0029186 secs]
48577.122: [GC (Allocation Failure)  305078K->9654K(1043456K), 0.0054316 secs]
48577.480: [GC (Allocation Failure)  364470K->9622K(1114624K), 0.0041938 secs]
48577.907: [GC (Allocation Failure)  435606K->9686K(1200128K), 0.0035403 secs]
48578.435: [GC (Allocation Failure)  521174K->9654K(1183232K), 0.0038133 secs]
48578.928: [GC (Allocation Failure)  504246K->9654K(1167360K), 0.0036560 secs]
48579.408: [GC (Allocation Failure)  488374K->9654K(1152000K), 0.0043559 secs]
48579.931: [GC (Allocation Failure)  473014K->9654K(1137152K), 0.0035497 secs]
48580.379: [GC (Allocation Failure)  458166K->9686K(1123328K), 0.0031852 secs]
48580.826: [GC (Allocation Failure)  444374K->9654K(1110016K), 0.0035069 secs]
48581.248: [GC (Allocation Failure)  431030K->9654K(1097216K), 0.0033022 secs]
48581.657: [GC (Allocation Failure)  418230K->9622K(1084928K), 0.0030056 secs]
48582.052: [GC (Allocation Failure)  405910K->9622K(1073152K), 0.0026990 secs]
48582.437: [GC (Allocation Failure)  394134K->9654K(1061888K), 0.0030871 secs]
48582.811: [GC (Allocation Failure)  382902K->9622K(1051136K), 0.0031437 secs]
48583.185: [GC (Allocation Failure)  372118K->9654K(1040896K), 0.0033444 secs]
48583.554: [GC (Allocation Failure)  361910K->9622K(1031168K), 0.0037275 secs]
48583.900: [GC (Allocation Failure)  352150K->9686K(1021440K), 0.0029301 secs]
48584.233: [GC (Allocation Failure)  342486K->9622K(1012224K), 0.0039217 secs]
48584.558: [GC (Allocation Failure)  333206K->9686K(1003520K), 0.0028565 secs]
48584.915: [GC (Allocation Failure)  324566K->9654K(995328K), 0.0031554 secs]
48585.223: [GC (Allocation Failure)  316342K->9654K(987136K), 0.0039805 secs]
48585.525: [GC (Allocation Failure)  308150K->9622K(979456K), 0.0027529 secs]
48585.817: [GC (Allocation Failure)  300438K->9686K(971776K), 0.0031144 secs]
48586.102: [GC (Allocation Failure)  292822K->9622K(1028608K), 0.0039254 secs]
48586.444: [GC (Allocation Failure)  349590K->9654K(1096704K), 0.0031351 secs]
48586.851: [GC (Allocation Failure)  417718K->9622K(1084416K), 0.0038515 secs]
48587.266: [GC (Allocation Failure)  405398K->9654K(1072640K), 0.0035437 secs]
48587.650: [GC (Allocation Failure)  393654K->9654K(1061376K), 0.0028013 secs]
48588.023: [GC (Allocation Failure)  382390K->9686K(1050624K), 0.0027750 secs]
48588.386: [GC (Allocation Failure)  371670K->9654K(1040384K), 0.0030726 secs]
48588.739: [GC (Allocation Failure)  361398K->9622K(1030656K), 0.0036187 secs]
48589.084: [GC (Allocation Failure)  351638K->9622K(1020928K), 0.0033076 secs]
48589.420: [GC (Allocation Failure)  341910K->9654K(1011712K), 0.0031248 secs]
48589.746: [GC (Allocation Failure)  332726K->9654K(1003008K), 0.0035415 secs]
48590.085: [GC (Allocation Failure)  324022K->9654K(994816K), 0.0037961 secs]
48590.393: [GC (Allocation Failure)  315830K->9622K(986624K), 0.0025369 secs]
48590.691: [GC (Allocation Failure)  307606K->9622K(978944K), 0.0028535 secs]
48591.015: [GC (Allocation Failure)  299926K->9654K(971264K), 0.0027587 secs]
48591.301: [GC (Allocation Failure)  292278K->9654K(964096K), 0.0032924 secs]
48591.579: [GC (Allocation Failure)  285110K->9654K(957440K), 0.0027226 secs]
48591.849: [GC (Allocation Failure)  278454K->9686K(950784K), 0.0027893 secs]
48592.165: [GC (Allocation Failure)  271830K->9654K(944640K), 0.0032488 secs]
48592.497: [GC (Allocation Failure)  265654K->9654K(938496K), 0.0029838 secs]
48592.757: [GC (Allocation Failure)  259510K->9654K(988672K), 0.0036117 secs]
48593.060: [GC (Allocation Failure)  309686K->9654K(1049088K), 0.0041268 secs]
48593.442: [GC (Allocation Failure)  370102K->9622K(1121280K), 0.0029221 secs]
48593.873: [GC (Allocation Failure)  442262K->9622K(1107968K), 0.0032435 secs]
48594.290: [GC (Allocation Failure)  428950K->9686K(1095168K), 0.0027904 secs]
48594.696: [GC (Allocation Failure)  416214K->9622K(1082880K), 0.0025825 secs]
48595.090: [GC (Allocation Failure)  403862K->9654K(1071104K), 0.0032495 secs]
48595.473: [GC (Allocation Failure)  392118K->9654K(1059840K), 0.0034744 secs]
48595.844: [GC (Allocation Failure)  380854K->9654K(1049088K), 0.0031782 secs]
48596.224: [GC (Allocation Failure)  370102K->9622K(1038848K), 0.0034528 secs]
48596.574: [GC (Allocation Failure)  359830K->9686K(1029120K), 0.0031898 secs]
48596.920: [GC (Allocation Failure)  350166K->9622K(1019904K), 0.0046050 secs]
48597.255: [GC (Allocation Failure)  340886K->9686K(1010688K), 0.0031232 secs]
48597.578: [GC (Allocation Failure)  331734K->9622K(1001984K), 0.0030604 secs]
48597.893: [GC (Allocation Failure)  322966K->9590K(993792K), 0.0032505 secs]
48598.199: [GC (Allocation Failure)  314742K->9686K(985600K), 0.0033426 secs]
48598.518: [GC (Allocation Failure)  306646K->9686K(977920K), 0.0031629 secs]
48598.808: [GC (Allocation Failure)  298966K->9654K(1035776K), 0.0034385 secs]
48599.156: [GC (Allocation Failure)  356790K->9654K(1105408K), 0.0043179 secs]
48599.578: [GC (Allocation Failure)  426422K->9622K(1092608K), 0.0025506 secs]
48599.982: [GC (Allocation Failure)  413590K->9654K(1080320K), 0.0032747 secs]
48600.374: [GC (Allocation Failure)  401334K->9686K(1068544K), 0.0027516 secs]
48600.784: [GC (Allocation Failure)  389590K->9654K(1057280K), 0.0031612 secs]
48601.153: [GC (Allocation Failure)  378294K->9654K(1046528K), 0.0035418 secs]
48601.511: [GC (Allocation Failure)  367542K->9622K(1036288K), 0.0035236 secs]
48601.860: [GC (Allocation Failure)  357270K->9654K(1026560K), 0.0034688 secs]
48602.199: [GC (Allocation Failure)  347574K->9654K(1017344K), 0.0031041 secs]
48602.529: [GC (Allocation Failure)  338358K->9622K(1008640K), 0.0035352 secs]
48602.850: [GC (Allocation Failure)  329622K->9686K(999936K), 0.0029124 secs]
48603.162: [GC (Allocation Failure)  320982K->9654K(991744K), 0.0029989 secs]
48603.507: [GC (Allocation Failure)  312758K->9686K(984064K), 0.0033193 secs]
48603.805: [GC (Allocation Failure)  305110K->9622K(1043456K), 0.0046325 secs]
48604.167: [GC (Allocation Failure)  364438K->9654K(1114624K), 0.0038184 secs]
48604.593: [GC (Allocation Failure)  435638K->9622K(1200128K), 0.0042403 secs]
48605.107: [GC (Allocation Failure)  521110K->9622K(1183232K), 0.0037669 secs]
48605.599: [GC (Allocation Failure)  504214K->9654K(1167360K), 0.0038775 secs]
48606.129: [GC (Allocation Failure)  488374K->9590K(1152000K), 0.0035621 secs]
48606.593: [GC (Allocation Failure)  472950K->9654K(1137152K), 0.0031161 secs]
48607.070: [GC (Allocation Failure)  458166K->9622K(1123328K), 0.0030244 secs]
48607.504: [GC (Allocation Failure)  444310K->9654K(1110016K), 0.0038360 secs]
48607.924: [GC (Allocation Failure)  431030K->9622K(1097216K), 0.0038542 secs]
48608.333: [GC (Allocation Failure)  418198K->9654K(1084928K), 0.0030764 secs]
48608.730: [GC (Allocation Failure)  405942K->9622K(1073152K), 0.0048601 secs]
48609.117: [GC (Allocation Failure)  394134K->9622K(1061888K), 0.0032529 secs]
48609.492: [GC (Allocation Failure)  382870K->9654K(1051136K), 0.0027857 secs]
48609.855: [GC (Allocation Failure)  372150K->9654K(1040896K), 0.0032165 secs]
48610.211: [GC (Allocation Failure)  361910K->9654K(1031168K), 0.0031482 secs]
48610.556: [GC (Allocation Failure)  352182K->9654K(1021440K), 0.0037070 secs]
48610.890: [GC (Allocation Failure)  342454K->9654K(1012224K), 0.0039648 secs]
48611.293: [GC (Allocation Failure)  333238K->9654K(1003520K), 0.0035856 secs]
48611.610: [GC (Allocation Failure)  324534K->9622K(995328K), 0.0027225 secs]
48611.918: [GC (Allocation Failure)  316310K->9718K(987136K), 0.0029061 secs]
48612.217: [GC (Allocation Failure)  308214K->9686K(979456K), 0.0030409 secs]
48612.511: [GC (Allocation Failure)  300502K->9654K(971776K), 0.0029502 secs]
48612.800: [GC (Allocation Failure)  292790K->9686K(964608K), 0.0029315 secs]
48613.079: [GC (Allocation Failure)  285654K->9654K(957952K), 0.0030552 secs]
48613.350: [GC (Allocation Failure)  278966K->9654K(951296K), 0.0025974 secs]
48613.613: [GC (Allocation Failure)  272310K->9654K(1004032K), 0.0034006 secs]
48613.930: [GC (Allocation Failure)  325046K->9654K(1067520K), 0.0074184 secs]
48614.319: [GC (Allocation Failure)  388534K->9686K(1143296K), 0.0040730 secs]
48614.773: [GC (Allocation Failure)  464342K->9654K(1234432K), 0.0027494 secs]
48615.317: [GC (Allocation Failure)  555446K->9654K(1216000K), 0.0034744 secs]
48615.859: [GC (Allocation Failure)  537014K->9622K(1198592K), 0.0037516 secs]
48616.413: [GC (Allocation Failure)  519574K->9654K(1181696K), 0.0028119 secs]
48616.914: [GC (Allocation Failure)  502710K->9622K(1165824K), 0.0035409 secs]
48617.391: [GC (Allocation Failure)  486806K->9622K(1150464K), 0.0031965 secs]
48617.853: [GC (Allocation Failure)  471446K->9654K(1136128K), 0.0034146 secs]
48618.331: [GC (Allocation Failure)  457142K->9622K(1122304K), 0.0037800 secs]
48618.764: [GC (Allocation Failure)  443286K->9622K(1108992K), 0.0033646 secs]
48619.183: [GC (Allocation Failure)  429974K->9654K(1096192K), 0.0028840 secs]
48619.589: [GC (Allocation Failure)  417206K->9654K(1083904K), 0.0029306 secs]
48620.002: [GC (Allocation Failure)  404918K->9622K(1072128K), 0.0055141 secs]
48620.400: [GC (Allocation Failure)  393110K->9654K(1060864K), 0.0034196 secs]
48620.777: [GC (Allocation Failure)  381878K->9654K(1050112K), 0.0034428 secs]
48621.156: [GC (Allocation Failure)  371126K->9622K(1039872K), 0.0037734 secs]
48621.512: [GC (Allocation Failure)  360854K->9622K(1030144K), 0.0036529 secs]
48621.890: [GC (Allocation Failure)  351126K->9622K(1020928K), 0.0035228 secs]
48622.243: [GC (Allocation Failure)  341910K->9590K(1011712K), 0.0037483 secs]
48622.567: [GC (Allocation Failure)  332662K->9686K(1003008K), 0.0026612 secs]
48622.881: [GC (Allocation Failure)  324054K->9686K(994816K), 0.0034649 secs]
48623.211: [GC (Allocation Failure)  315862K->9654K(986624K), 0.0039049 secs]
48623.511: [GC (Allocation Failure)  307638K->9686K(978944K), 0.0031415 secs]
48623.801: [GC (Allocation Failure)  299990K->9654K(1037312K), 0.0034787 secs]
48624.149: [GC (Allocation Failure)  358326K->9622K(1107456K), 0.0039891 secs]
48624.577: [GC (Allocation Failure)  428438K->9622K(1094656K), 0.0035120 secs]
48624.982: [GC (Allocation Failure)  415638K->9654K(1176064K), 0.0044708 secs]
48625.474: [GC (Allocation Failure)  497078K->9654K(1160192K), 0.0040633 secs]
48625.965: [GC (Allocation Failure)  481206K->9654K(1145344K), 0.0034233 secs]
48626.422: [GC (Allocation Failure)  466358K->9622K(1131008K), 0.0040985 secs]
48626.868: [GC (Allocation Failure)  451990K->9654K(1117184K), 0.0032650 secs]
48627.337: [GC (Allocation Failure)  438198K->9622K(1103872K), 0.0034434 secs]
48627.757: [GC (Allocation Failure)  424854K->9654K(1091072K), 0.0039885 secs]
48628.164: [GC (Allocation Failure)  412086K->9654K(1079296K), 0.0031580 secs]
48628.555: [GC (Allocation Failure)  400310K->9622K(1068032K), 0.0035094 secs]
48628.933: [GC (Allocation Failure)  389014K->9622K(1056768K), 0.0037644 secs]
48629.301: [GC (Allocation Failure)  377750K->9622K(1046016K), 0.0029719 secs]
48629.659: [GC (Allocation Failure)  366998K->9622K(1035776K), 0.0036493 secs]
48630.022: [GC (Allocation Failure)  356758K->9622K(1026048K), 0.0036211 secs]
48630.359: [GC (Allocation Failure)  347030K->9654K(1016832K), 0.0032045 secs]
48630.688: [GC (Allocation Failure)  337846K->9654K(1008128K), 0.0031548 secs]
48631.006: [GC (Allocation Failure)  329142K->9654K(999424K), 0.0031089 secs]
48631.317: [GC (Allocation Failure)  320438K->9654K(991232K), 0.0036686 secs]
48631.621: [GC (Allocation Failure)  312246K->9654K(1052160K), 0.0036129 secs]
48631.984: [GC (Allocation Failure)  373174K->9622K(1124864K), 0.0042730 secs]
48632.424: [GC (Allocation Failure)  445846K->9654K(1111552K), 0.0032887 secs]
48632.848: [GC (Allocation Failure)  432566K->9654K(1098752K), 0.0033698 secs]
48633.261: [GC (Allocation Failure)  419766K->9622K(1086464K), 0.0043086 secs]
48633.675: [GC (Allocation Failure)  407446K->9654K(1074688K), 0.0032945 secs]
48634.061: [GC (Allocation Failure)  395702K->9654K(1063424K), 0.0040295 secs]
48634.437: [GC (Allocation Failure)  384438K->9654K(1052672K), 0.0040345 secs]
48634.808: [GC (Allocation Failure)  373686K->9654K(1042432K), 0.0041985 secs]
48635.188: [GC (Allocation Failure)  363446K->9622K(1032704K), 0.0036775 secs]
48635.532: [GC (Allocation Failure)  353686K->9686K(1022976K), 0.0030568 secs]
48635.866: [GC (Allocation Failure)  344022K->9622K(1013760K), 0.0030763 secs]
48636.190: [GC (Allocation Failure)  334742K->9622K(1005056K), 0.0036458 secs]
48636.507: [GC (Allocation Failure)  326038K->9654K(1068544K), 0.0038774 secs]
48636.887: [GC (Allocation Failure)  389558K->9622K(1144832K), 0.0044326 secs]
48637.357: [GC (Allocation Failure)  465814K->9654K(1130496K), 0.0036684 secs]
48637.832: [GC (Allocation Failure)  451510K->9654K(1116672K), 0.0044016 secs]
48638.261: [GC (Allocation Failure)  437686K->9654K(1103360K), 0.0033991 secs]
48638.675: [GC (Allocation Failure)  424374K->9622K(1091072K), 0.0039268 secs]
48639.090: [GC (Allocation Failure)  412054K->9622K(1079296K), 0.0037001 secs]
48639.480: [GC (Allocation Failure)  400278K->9654K(1068032K), 0.0037728 secs]
48639.863: [GC (Allocation Failure)  389046K->9654K(1056768K), 0.0045275 secs]
48640.237: [GC (Allocation Failure)  377782K->9622K(1046016K), 0.0033232 secs]
48640.593: [GC (Allocation Failure)  366998K->9622K(1035776K), 0.0032050 secs]
48640.939: [GC (Allocation Failure)  356758K->9622K(1026048K), 0.0036442 secs]
48641.275: [GC (Allocation Failure)  347030K->9654K(1016832K), 0.0031636 secs]
48641.618: [GC (Allocation Failure)  337846K->9654K(1082880K), 0.0075767 secs]
48642.016: [GC (Allocation Failure)  403894K->9622K(1161728K), 0.0029594 secs]
48642.487: [GC (Allocation Failure)  482710K->9622K(1146880K), 0.0029386 secs]
48642.980: [GC (Allocation Failure)  467862K->9622K(1132544K), 0.0033777 secs]
48643.426: [GC (Allocation Failure)  453526K->9654K(1118720K), 0.0034119 secs]
48643.857: [GC (Allocation Failure)  439734K->9622K(1105408K), 0.0032566 secs]
48644.312: [GC (Allocation Failure)  426390K->9654K(1092608K), 0.0038198 secs]
48644.722: [GC (Allocation Failure)  413622K->9686K(1080320K), 0.0038044 secs]
48645.145: [GC (Allocation Failure)  401366K->9622K(1068544K), 0.0034257 secs]
48645.558: [GC (Allocation Failure)  389526K->9654K(1057280K), 0.0036219 secs]
48645.930: [GC (Allocation Failure)  378294K->9622K(1046528K), 0.0036720 secs]
48646.297: [GC (Allocation Failure)  367510K->9654K(1036288K), 0.0032334 secs]
48646.649: [GC (Allocation Failure)  357302K->9654K(1026560K), 0.0037995 secs]
48646.990: [GC (Allocation Failure)  347574K->9622K(1094144K), 0.0047489 secs]
48647.405: [GC (Allocation Failure)  415126K->9622K(1175552K), 0.0042668 secs]
48647.899: [GC (Allocation Failure)  496534K->9622K(1159680K), 0.0032449 secs]
48648.376: [GC (Allocation Failure)  480662K->9654K(1144832K), 0.0030030 secs]
48648.837: [GC (Allocation Failure)  465846K->9654K(1130496K), 0.0040452 secs]
48649.295: [GC (Allocation Failure)  451510K->9654K(1116672K), 0.0033396 secs]
48649.733: [GC (Allocation Failure)  437686K->9622K(1103360K), 0.0044446 secs]
48650.175: [GC (Allocation Failure)  424342K->9654K(1091072K), 0.0036341 secs]
48650.587: [GC (Allocation Failure)  412086K->9654K(1079296K), 0.0035319 secs]
48650.987: [GC (Allocation Failure)  400310K->9622K(1068032K), 0.0030513 secs]
48651.377: [GC (Allocation Failure)  389014K->9654K(1056768K), 0.0036047 secs]
48651.756: [GC (Allocation Failure)  377782K->9622K(1046016K), 0.0033458 secs]
48652.121: [GC (Allocation Failure)  366998K->9590K(1035776K), 0.0031804 secs]
48652.476: [GC (Allocation Failure)  356726K->9622K(1026048K), 0.0042490 secs]
48652.842: [GC (Allocation Failure)  347030K->9622K(1016832K), 0.0035248 secs]
48653.178: [GC (Allocation Failure)  337814K->9686K(1008128K), 0.0033643 secs]
48653.582: [GC (Allocation Failure)  329174K->9622K(999424K), 0.0043268 secs]
48653.924: [GC (Allocation Failure)  320406K->9622K(991232K), 0.0032634 secs]
48654.233: [GC (Allocation Failure)  312214K->9654K(983552K), 0.0034956 secs]
48654.565: [GC (Allocation Failure)  304566K->9654K(975872K), 0.0033570 secs]
48654.877: [GC (Allocation Failure)  296886K->9622K(968704K), 0.0034670 secs]
48655.165: [GC (Allocation Failure)  289686K->9622K(1025024K), 0.0032976 secs]
48655.512: [GC (Allocation Failure)  346006K->9622K(1092608K), 0.0036445 secs]
48655.937: [GC (Allocation Failure)  413590K->9622K(1080320K), 0.0033390 secs]
48656.335: [GC (Allocation Failure)  401302K->9622K(1068544K), 0.0044966 secs]
48656.758: [GC (Allocation Failure)  389526K->9654K(1057280K), 0.0042216 secs]
48657.140: [GC (Allocation Failure)  378294K->9622K(1046528K), 0.0033417 secs]
48657.503: [GC (Allocation Failure)  367510K->9622K(1036288K), 0.0031300 secs]
48657.856: [GC (Allocation Failure)  357270K->9622K(1026560K), 0.0036687 secs]
48658.199: [GC (Allocation Failure)  347542K->9622K(1017344K), 0.0034267 secs]
48658.575: [GC (Allocation Failure)  338326K->9622K(1008640K), 0.0031802 secs]
48658.912: [GC (Allocation Failure)  329622K->9622K(999936K), 0.0035977 secs]
48659.230: [GC (Allocation Failure)  320918K->9622K(991744K), 0.0035550 secs]
48659.540: [GC (Allocation Failure)  312726K->9686K(984064K), 0.0030766 secs]
48659.857: [GC (Allocation Failure)  305110K->9686K(1043456K), 0.0038287 secs]
48660.218: [GC (Allocation Failure)  364502K->9622K(1114624K), 0.0097485 secs]
48660.653: [GC (Allocation Failure)  435606K->9654K(1200128K), 0.0029311 secs]
48661.167: [GC (Allocation Failure)  521142K->9622K(1302528K), 0.0030209 secs]
48661.781: [GC (Allocation Failure)  623510K->9654K(1281024K), 0.0027257 secs]
48662.384: [GC (Allocation Failure)  602038K->9622K(1260544K), 0.0034765 secs]
48662.973: [GC (Allocation Failure)  581526K->9622K(1241088K), 0.0027570 secs]
48663.550: [GC (Allocation Failure)  562070K->9654K(1222656K), 0.0041427 secs]
48664.151: [GC (Allocation Failure)  543670K->9622K(1204736K), 0.0058735 secs]
48664.691: [GC (Allocation Failure)  525718K->9654K(1187840K), 0.0048548 secs]
48665.210: [GC (Allocation Failure)  508854K->9654K(1171456K), 0.0050548 secs]
48665.712: [GC (Allocation Failure)  492470K->9622K(1156096K), 0.0038292 secs]
48666.214: [GC (Allocation Failure)  477078K->9654K(1141248K), 0.0039894 secs]
48666.683: [GC (Allocation Failure)  462262K->9654K(1126912K), 0.0034235 secs]
48667.133: [GC (Allocation Failure)  447926K->9654K(1113600K), 0.0052352 secs]
48667.572: [GC (Allocation Failure)  434614K->9654K(1100800K), 0.0040147 secs]
48667.999: [GC (Allocation Failure)  421814K->9654K(1088512K), 0.0039550 secs]
48668.410: [GC (Allocation Failure)  409526K->9654K(1076736K), 0.0029359 secs]
48668.811: [GC (Allocation Failure)  397750K->9654K(1065472K), 0.0036836 secs]
48669.223: [GC (Allocation Failure)  386486K->9654K(1054720K), 0.0031859 secs]
48669.598: [GC (Allocation Failure)  375734K->9622K(1044480K), 0.0038062 secs]
48669.969: [GC (Allocation Failure)  365462K->9654K(1034240K), 0.0038454 secs]
48670.330: [GC (Allocation Failure)  355254K->9622K(1024512K), 0.0041510 secs]
48670.682: [GC (Allocation Failure)  345494K->9654K(1015296K), 0.0037587 secs]
48671.043: [GC (Allocation Failure)  336310K->9654K(1006592K), 0.0035220 secs]
48671.373: [GC (Allocation Failure)  327606K->9654K(1070592K), 0.0041616 secs]
48671.767: [GC (Allocation Failure)  391606K->9622K(1059328K), 0.0033882 secs]
48672.148: [GC (Allocation Failure)  380310K->9654K(1048576K), 0.0034293 secs]
48672.518: [GC (Allocation Failure)  369590K->9622K(1038336K), 0.0036255 secs]
48672.887: [GC (Allocation Failure)  359318K->9622K(1028608K), 0.0035925 secs]
48673.242: [GC (Allocation Failure)  349590K->9622K(1096704K), 0.0047886 secs]
48673.693: [GC (Allocation Failure)  417686K->9622K(1084416K), 0.0034315 secs]
48674.095: [GC (Allocation Failure)  405398K->9654K(1072640K), 0.0030943 secs]
48674.479: [GC (Allocation Failure)  393654K->9654K(1061376K), 0.0039551 secs]
48674.850: [GC (Allocation Failure)  382390K->9622K(1050624K), 0.0037155 secs]
48675.212: [GC (Allocation Failure)  371606K->9622K(1123328K), 0.0050874 secs]
48675.652: [GC (Allocation Failure)  444310K->9654K(1110016K), 0.0037423 secs]
48676.087: [GC (Allocation Failure)  431030K->9622K(1097216K), 0.0038126 secs]
48676.496: [GC (Allocation Failure)  418198K->9654K(1084928K), 0.0034050 secs]
48676.891: [GC (Allocation Failure)  405942K->9654K(1073152K), 0.0043004 secs]
48677.275: [GC (Allocation Failure)  394166K->9622K(1061888K), 0.0042899 secs]
48677.648: [GC (Allocation Failure)  382870K->9622K(1051136K), 0.0034734 secs]
48678.010: [GC (Allocation Failure)  372118K->9622K(1040896K), 0.0032780 secs]
48678.379: [GC (Allocation Failure)  361878K->9622K(1111552K), 0.0045718 secs]
48678.803: [GC (Allocation Failure)  432534K->9686K(1098752K), 0.0040360 secs]
48679.217: [GC (Allocation Failure)  419798K->9622K(1086464K), 0.0035226 secs]
48679.634: [GC (Allocation Failure)  407446K->9622K(1074688K), 0.0048419 secs]
48680.025: [GC (Allocation Failure)  395670K->9654K(1063424K), 0.0036106 secs]
48680.399: [GC (Allocation Failure)  384438K->9654K(1052672K), 0.0034971 secs]
48680.783: [GC (Allocation Failure)  373686K->9654K(1042432K), 0.0034806 secs]
48681.136: [GC (Allocation Failure)  363446K->9654K(1032704K), 0.0033642 secs]
48681.530: [GC (Allocation Failure)  353718K->9654K(1101824K), 0.0051871 secs]
48681.949: [GC (Allocation Failure)  422838K->9654K(1089536K), 0.0034445 secs]
48682.350: [GC (Allocation Failure)  410550K->9686K(1169920K), 0.0047625 secs]
48682.831: [GC (Allocation Failure)  490966K->9654K(1154560K), 0.0035766 secs]
48683.295: [GC (Allocation Failure)  475574K->9622K(1139712K), 0.0039226 secs]
48683.747: [GC (Allocation Failure)  460694K->9622K(1125376K), 0.0035877 secs]
48684.184: [GC (Allocation Failure)  446358K->9622K(1112064K), 0.0037709 secs]
48684.612: [GC (Allocation Failure)  433046K->9622K(1099264K), 0.0042356 secs]
48685.046: [GC (Allocation Failure)  420246K->9622K(1086976K), 0.0037088 secs]
48685.466: [GC (Allocation Failure)  407958K->9654K(1075200K), 0.0033336 secs]
48685.852: [GC (Allocation Failure)  396214K->9622K(1063936K), 0.0035532 secs]
48686.281: [GC (Allocation Failure)  384918K->9654K(1053184K), 0.0035894 secs]
48686.644: [GC (Allocation Failure)  374198K->9654K(1042944K), 0.0036000 secs]
48686.998: [GC (Allocation Failure)  363958K->9622K(1032704K), 0.0029835 secs]
48687.362: [GC (Allocation Failure)  353686K->9654K(1022976K), 0.0031128 secs]
48687.695: [GC (Allocation Failure)  343990K->9654K(1013760K), 0.0034048 secs]
48688.019: [GC (Allocation Failure)  334774K->9590K(1005056K), 0.0041142 secs]
48688.380: [GC (Allocation Failure)  326006K->9622K(996352K), 0.0037541 secs]
48688.687: [GC (Allocation Failure)  317334K->9654K(1058304K), 0.0034564 secs]
48689.056: [GC (Allocation Failure)  379318K->9622K(1132544K), 0.0049734 secs]
48689.502: [GC (Allocation Failure)  453526K->9622K(1118720K), 0.0033462 secs]
48689.933: [GC (Allocation Failure)  439702K->9622K(1105408K), 0.0035651 secs]
48690.349: [GC (Allocation Failure)  426390K->9622K(1092608K), 0.0037359 secs]
48690.756: [GC (Allocation Failure)  413590K->9654K(1080320K), 0.0032301 secs]
48691.148: [GC (Allocation Failure)  401334K->9622K(1068544K), 0.0035452 secs]
48691.528: [GC (Allocation Failure)  389526K->9654K(1057280K), 0.0039601 secs]
48691.900: [GC (Allocation Failure)  378294K->9654K(1131008K), 0.0057536 secs]
48692.347: [GC (Allocation Failure)  452022K->9622K(1219584K), 0.0038057 secs]
48692.876: [GC (Allocation Failure)  540566K->9654K(1202176K), 0.0037530 secs]
48693.390: [GC (Allocation Failure)  523190K->9654K(1185280K), 0.0036537 secs]
48693.886: [GC (Allocation Failure)  506294K->9654K(1169408K), 0.0034037 secs]
48694.366: [GC (Allocation Failure)  490422K->9654K(1154048K), 0.0037856 secs]
48694.831: [GC (Allocation Failure)  475062K->9590K(1139200K), 0.0038949 secs]
48695.282: [GC (Allocation Failure)  460150K->9654K(1125376K), 0.0054851 secs]
48695.726: [GC (Allocation Failure)  446390K->9654K(1112064K), 0.0036325 secs]
48696.147: [GC (Allocation Failure)  433078K->9654K(1099264K), 0.0031783 secs]
48696.556: [GC (Allocation Failure)  420278K->9622K(1086976K), 0.0035000 secs]
48696.954: [GC (Allocation Failure)  407958K->9622K(1075200K), 0.0040662 secs]
48697.342: [GC (Allocation Failure)  396182K->9686K(1063936K), 0.0036622 secs]
48697.716: [GC (Allocation Failure)  384982K->9654K(1053184K), 0.0040557 secs]
48698.086: [GC (Allocation Failure)  374198K->9654K(1042944K), 0.0034381 secs]
48698.456: [GC (Allocation Failure)  363958K->9654K(1032704K), 0.0036124 secs]
48698.800: [GC (Allocation Failure)  353718K->9590K(1022976K), 0.0040608 secs]
48699.134: [GC (Allocation Failure)  343926K->9622K(1013760K), 0.0035509 secs]
48699.459: [GC (Allocation Failure)  334742K->9654K(1078784K), 0.0035405 secs]
48699.847: [GC (Allocation Failure)  399798K->9686K(1067520K), 0.0038351 secs]
48700.241: [GC (Allocation Failure)  388566K->9654K(1056256K), 0.0034476 secs]
48700.608: [GC (Allocation Failure)  377270K->9654K(1045504K), 0.0037531 secs]
48701.004: [GC (Allocation Failure)  366518K->9622K(1035264K), 0.0032848 secs]
48701.349: [GC (Allocation Failure)  356246K->9654K(1025536K), 0.0026465 secs]
48701.690: [GC (Allocation Failure)  346550K->9654K(1016320K), 0.0037457 secs]
48702.021: [GC (Allocation Failure)  337334K->9622K(1007616K), 0.0037120 secs]
48702.340: [GC (Allocation Failure)  328598K->9654K(998912K), 0.0036255 secs]
48702.650: [GC (Allocation Failure)  319926K->9654K(1061376K), 0.0034806 secs]
48703.023: [GC (Allocation Failure)  382390K->9654K(1050624K), 0.0036708 secs]
48703.385: [GC (Allocation Failure)  371638K->9654K(1123328K), 0.0039297 secs]
48703.818: [GC (Allocation Failure)  444342K->9686K(1110016K), 0.0041544 secs]
48704.240: [GC (Allocation Failure)  431062K->9622K(1097216K), 0.0041020 secs]
48704.649: [GC (Allocation Failure)  418198K->9654K(1084928K), 0.0037946 secs]
48705.044: [GC (Allocation Failure)  405942K->9622K(1073152K), 0.0037310 secs]
48705.428: [GC (Allocation Failure)  394134K->9622K(1061888K), 0.0034081 secs]
48705.809: [GC (Allocation Failure)  382870K->9622K(1051136K), 0.0033216 secs]
48706.201: [GC (Allocation Failure)  372118K->9622K(1040896K), 0.0039824 secs]
48706.553: [GC (Allocation Failure)  361878K->9622K(1031168K), 0.0034580 secs]
48706.895: [GC (Allocation Failure)  352150K->9654K(1021440K), 0.0036875 secs]
48707.229: [GC (Allocation Failure)  342454K->9622K(1088000K), 0.0044300 secs]
48707.632: [GC (Allocation Failure)  408982K->9654K(1076224K), 0.0036742 secs]
48708.019: [GC (Allocation Failure)  397238K->9654K(1154048K), 0.0041131 secs]
48708.501: [GC (Allocation Failure)  475062K->9622K(1139200K), 0.0048781 secs]
48708.956: [GC (Allocation Failure)  460182K->9622K(1125376K), 0.0036560 secs]
48709.393: [GC (Allocation Failure)  446358K->9654K(1112064K), 0.0039593 secs]
48709.817: [GC (Allocation Failure)  433078K->9622K(1099264K), 0.0036976 secs]
48710.226: [GC (Allocation Failure)  420246K->9654K(1086976K), 0.0036227 secs]
48710.624: [GC (Allocation Failure)  407990K->9654K(1075200K), 0.0037515 secs]
48711.010: [GC (Allocation Failure)  396214K->9622K(1063936K), 0.0036426 secs]
48711.386: [GC (Allocation Failure)  384918K->9622K(1053184K), 0.0038438 secs]
48711.751: [GC (Allocation Failure)  374166K->9654K(1042944K), 0.0034666 secs]
48712.104: [GC (Allocation Failure)  363958K->9654K(1032704K), 0.0032472 secs]
48712.447: [GC (Allocation Failure)  353718K->9622K(1022976K), 0.0039414 secs]
48712.782: [GC (Allocation Failure)  343958K->9686K(1013760K), 0.0035581 secs]
48713.106: [GC (Allocation Failure)  334806K->9654K(1078784K), 0.0037090 secs]
48713.498: [GC (Allocation Failure)  399798K->9654K(1067520K), 0.0039901 secs]
48713.881: [GC (Allocation Failure)  388534K->9622K(1143296K), 0.0046940 secs]
48714.357: [GC (Allocation Failure)  464278K->9686K(1128960K), 0.0034563 secs]
48714.801: [GC (Allocation Failure)  450006K->9654K(1115136K), 0.0034950 secs]
48715.226: [GC (Allocation Failure)  436150K->9654K(1102336K), 0.0038854 secs]
48715.640: [GC (Allocation Failure)  423350K->9654K(1090048K), 0.0040632 secs]
48716.045: [GC (Allocation Failure)  411062K->9654K(1078272K), 0.0038624 secs]
48716.454: [GC (Allocation Failure)  399286K->9622K(1067008K), 0.0041399 secs]
48716.841: [GC (Allocation Failure)  387990K->9654K(1056256K), 0.0040355 secs]
48717.213: [GC (Allocation Failure)  377270K->9654K(1045504K), 0.0033168 secs]
48717.570: [GC (Allocation Failure)  366518K->9622K(1035264K), 0.0042229 secs]
48717.926: [GC (Allocation Failure)  356246K->9622K(1025536K), 0.0036914 secs]
48718.263: [GC (Allocation Failure)  346518K->9622K(1093120K), 0.0039345 secs]
48718.667: [GC (Allocation Failure)  414102K->9654K(1080832K), 0.0031518 secs]
48719.067: [GC (Allocation Failure)  401846K->9622K(1069056K), 0.0040646 secs]
48719.472: [GC (Allocation Failure)  390038K->9622K(1057792K), 0.0036311 secs]
48719.841: [GC (Allocation Failure)  378774K->9654K(1047040K), 0.0037826 secs]
48720.199: [GC (Allocation Failure)  368054K->9654K(1036800K), 0.0038534 secs]
48720.546: [GC (Allocation Failure)  357814K->9654K(1027072K), 0.0033343 secs]
48720.886: [GC (Allocation Failure)  348086K->9654K(1017856K), 0.0033924 secs]
48721.215: [GC (Allocation Failure)  338870K->9622K(1008640K), 0.0037983 secs]
48721.604: [GC (Allocation Failure)  329622K->9622K(999936K), 0.0039921 secs]
48721.915: [GC (Allocation Failure)  320918K->9654K(991744K), 0.0031031 secs]
48722.217: [GC (Allocation Failure)  312758K->9686K(1052672K), 0.0039379 secs]
48722.581: [GC (Allocation Failure)  373718K->9654K(1125888K), 0.0034113 secs]
48723.018: [GC (Allocation Failure)  446902K->9654K(1112576K), 0.0038716 secs]
48723.463: [GC (Allocation Failure)  433590K->9654K(1099776K), 0.0032011 secs]
48723.878: [GC (Allocation Failure)  420790K->9686K(1087488K), 0.0036579 secs]
48724.277: [GC (Allocation Failure)  408534K->9622K(1167360K), 0.0055709 secs]
48724.762: [GC (Allocation Failure)  488342K->9654K(1263104K), 0.0053284 secs]
48725.341: [GC (Allocation Failure)  584118K->9622K(1243648K), 0.0036061 secs]
48725.894: [GC (Allocation Failure)  564630K->9686K(1225216K), 0.0038810 secs]
48726.431: [GC (Allocation Failure)  546262K->9622K(1207296K), 0.0038430 secs]
48726.970: [GC (Allocation Failure)  528278K->9622K(1190400K), 0.0046093 secs]
48727.477: [GC (Allocation Failure)  511382K->9622K(1174016K), 0.0036374 secs]
48727.961: [GC (Allocation Failure)  494998K->9622K(1158656K), 0.0033853 secs]
48728.429: [GC (Allocation Failure)  479638K->9654K(1143808K), 0.0032848 secs]
48728.883: [GC (Allocation Failure)  464822K->9622K(1129472K), 0.0039041 secs]
48729.323: [GC (Allocation Failure)  450454K->9622K(1115648K), 0.0037317 secs]
48729.750: [GC (Allocation Failure)  436630K->9654K(1102848K), 0.0033950 secs]
48730.165: [GC (Allocation Failure)  423862K->9654K(1090560K), 0.0035915 secs]
48730.568: [GC (Allocation Failure)  411574K->9654K(1078784K), 0.0034805 secs]
48730.958: [GC (Allocation Failure)  399798K->9654K(1067520K), 0.0049340 secs]
48731.342: [GC (Allocation Failure)  388534K->9686K(1056256K), 0.0035909 secs]
48731.709: [GC (Allocation Failure)  377302K->9622K(1045504K), 0.0040313 secs]
48732.091: [GC (Allocation Failure)  366486K->9654K(1035264K), 0.0034070 secs]
48732.439: [GC (Allocation Failure)  356278K->9654K(1025536K), 0.0033088 secs]
48732.776: [GC (Allocation Failure)  346550K->9654K(1016320K), 0.0034335 secs]
48733.122: [GC (Allocation Failure)  337334K->9654K(1007616K), 0.0038654 secs]
48733.449: [GC (Allocation Failure)  328630K->9622K(1071616K), 0.0039185 secs]
48733.832: [GC (Allocation Failure)  392598K->9622K(1060352K), 0.0034449 secs]
48734.207: [GC (Allocation Failure)  381334K->9622K(1049600K), 0.0037934 secs]
48734.567: [GC (Allocation Failure)  370582K->9622K(1121792K), 0.0041031 secs]
48735.005: [GC (Allocation Failure)  442774K->9622K(1108480K), 0.0035454 secs]
48735.425: [GC (Allocation Failure)  429462K->9622K(1095680K), 0.0037506 secs]
48735.833: [GC (Allocation Failure)  416662K->9654K(1083392K), 0.0038970 secs]
48736.232: [GC (Allocation Failure)  404406K->9622K(1162752K), 0.0050187 secs]
48736.710: [GC (Allocation Failure)  483734K->9654K(1147904K), 0.0035135 secs]
48737.169: [GC (Allocation Failure)  468918K->9654K(1133568K), 0.0054466 secs]
48737.623: [GC (Allocation Failure)  454582K->9654K(1119744K), 0.0037502 secs]
48738.053: [GC (Allocation Failure)  440758K->9654K(1106432K), 0.0036510 secs]
48738.470: [GC (Allocation Failure)  427446K->9654K(1093632K), 0.0037634 secs]
48738.876: [GC (Allocation Failure)  414646K->9622K(1081344K), 0.0028653 secs]
48739.268: [GC (Allocation Failure)  402326K->9654K(1069568K), 0.0037255 secs]
48739.649: [GC (Allocation Failure)  390582K->9654K(1058304K), 0.0039471 secs]
48740.034: [GC (Allocation Failure)  379318K->9622K(1047552K), 0.0040118 secs]
48740.392: [GC (Allocation Failure)  368534K->9622K(1037312K), 0.0036086 secs]
48740.741: [GC (Allocation Failure)  358294K->9654K(1027584K), 0.0034940 secs]
48741.093: [GC (Allocation Failure)  348598K->9622K(1018368K), 0.0034148 secs]
48741.421: [GC (Allocation Failure)  339350K->9654K(1009152K), 0.0033922 secs]
48741.742: [GC (Allocation Failure)  330166K->9654K(1073664K), 0.0040915 secs]
48742.141: [GC (Allocation Failure)  394678K->9622K(1150976K), 0.0040985 secs]
48742.607: [GC (Allocation Failure)  471958K->9622K(1136640K), 0.0038120 secs]
48743.080: [GC (Allocation Failure)  457622K->9654K(1122816K), 0.0034227 secs]
48743.514: [GC (Allocation Failure)  443830K->9654K(1109504K), 0.0034713 secs]
48743.933: [GC (Allocation Failure)  430518K->9654K(1096704K), 0.0029597 secs]
48744.340: [GC (Allocation Failure)  417718K->9622K(1084416K), 0.0038385 secs]
48744.734: [GC (Allocation Failure)  405398K->9654K(1072640K), 0.0032368 secs]
48745.118: [GC (Allocation Failure)  393654K->9622K(1061376K), 0.0039172 secs]
48745.491: [GC (Allocation Failure)  382358K->9654K(1050624K), 0.0038019 secs]
48745.852: [GC (Allocation Failure)  371638K->9622K(1040384K), 0.0041338 secs]
48746.275: [GC (Allocation Failure)  361366K->9718K(1030656K), 0.0030089 secs]
48746.616: [GC (Allocation Failure)  351734K->9622K(1020928K), 0.0033380 secs]
48746.951: [GC (Allocation Failure)  341910K->9622K(1011712K), 0.0036446 secs]
48747.274: [GC (Allocation Failure)  332694K->9654K(1076736K), 0.0045327 secs]
48747.667: [GC (Allocation Failure)  397750K->9654K(1065472K), 0.0029649 secs]
48748.131: [GC (Allocation Failure)  386486K->9654K(1054720K), 0.0044828 secs]
48748.497: [GC (Allocation Failure)  375734K->9654K(1044480K), 0.0033647 secs]
48748.853: [GC (Allocation Failure)  365494K->9686K(1034240K), 0.0037232 secs]
48749.198: [GC (Allocation Failure)  355286K->9654K(1024512K), 0.0030492 secs]
48749.533: [GC (Allocation Failure)  345526K->9654K(1015296K), 0.0038686 secs]
48749.859: [GC (Allocation Failure)  336310K->9622K(1080832K), 0.0042249 secs]
48750.255: [GC (Allocation Failure)  401814K->9622K(1069056K), 0.0032092 secs]
48750.635: [GC (Allocation Failure)  390038K->9654K(1057792K), 0.0036253 secs]
48751.004: [GC (Allocation Failure)  378806K->9622K(1047040K), 0.0036076 secs]
48751.362: [GC (Allocation Failure)  368022K->9622K(1118720K), 0.0042233 secs]
48751.791: [GC (Allocation Failure)  439702K->9654K(1105408K), 0.0029209 secs]
48752.207: [GC (Allocation Failure)  426422K->9654K(1092608K), 0.0043654 secs]
48752.615: [GC (Allocation Failure)  413622K->9622K(1080320K), 0.0036280 secs]
48753.006: [GC (Allocation Failure)  401302K->9654K(1068544K), 0.0032276 secs]
48753.386: [GC (Allocation Failure)  389558K->9622K(1057280K), 0.0043789 secs]
48753.760: [GC (Allocation Failure)  378262K->9654K(1046528K), 0.0036197 secs]
48754.117: [GC (Allocation Failure)  367542K->9622K(1036288K), 0.0038963 secs]
48754.464: [GC (Allocation Failure)  357270K->9654K(1026560K), 0.0032813 secs]
48754.801: [GC (Allocation Failure)  347574K->9654K(1017344K), 0.0034273 secs]
48755.129: [GC (Allocation Failure)  338358K->9622K(1008640K), 0.0031140 secs]
48755.447: [GC (Allocation Failure)  329622K->9654K(999936K), 0.0032659 secs]
48755.758: [GC (Allocation Failure)  320950K->9622K(1062400K), 0.0039352 secs]
48756.132: [GC (Allocation Failure)  383382K->9654K(1051648K), 0.0035367 secs]
48756.497: [GC (Allocation Failure)  372662K->9622K(1124352K), 0.0042053 secs]
48756.948: [GC (Allocation Failure)  445334K->9622K(1111040K), 0.0040302 secs]
48757.374: [GC (Allocation Failure)  432022K->9718K(1098240K), 0.0033180 secs]
48757.782: [GC (Allocation Failure)  419318K->9654K(1085952K), 0.0031449 secs]
48758.179: [GC (Allocation Failure)  406966K->9654K(1074176K), 0.0031188 secs]
48758.647: [GC (Allocation Failure)  395190K->9654K(1062912K), 0.0033970 secs]
48759.020: [GC (Allocation Failure)  383926K->9654K(1052160K), 0.0039618 secs]
48759.382: [GC (Allocation Failure)  373174K->9622K(1041920K), 0.0038041 secs]
48759.737: [GC (Allocation Failure)  362902K->9622K(1032192K), 0.0033710 secs]
48760.079: [GC (Allocation Failure)  353174K->9622K(1022464K), 0.0041377 secs]
48760.418: [GC (Allocation Failure)  343446K->9622K(1089536K), 0.0040878 secs]
48760.823: [GC (Allocation Failure)  410518K->9654K(1077760K), 0.0032415 secs]
48761.230: [GC (Allocation Failure)  398774K->9654K(1066496K), 0.0039941 secs]
48761.614: [GC (Allocation Failure)  387510K->9654K(1142272K), 0.0048060 secs]
48762.073: [GC (Allocation Failure)  463286K->9654K(1127936K), 0.0030561 secs]
48762.557: [GC (Allocation Failure)  448950K->9686K(1114112K), 0.0038160 secs]
48762.982: [GC (Allocation Failure)  435158K->9654K(1101312K), 0.0036658 secs]
48763.420: [GC (Allocation Failure)  422326K->9654K(1089024K), 0.0037710 secs]
48763.840: [GC (Allocation Failure)  410038K->9622K(1077248K), 0.0041976 secs]
48764.228: [GC (Allocation Failure)  398230K->9622K(1065984K), 0.0037813 secs]
48764.605: [GC (Allocation Failure)  386966K->9654K(1055232K), 0.0035310 secs]
48764.970: [GC (Allocation Failure)  376246K->9622K(1044480K), 0.0038078 secs]
48765.327: [GC (Allocation Failure)  365462K->9654K(1034240K), 0.0036321 secs]
48765.672: [GC (Allocation Failure)  355254K->9686K(1024512K), 0.0037834 secs]
48766.011: [GC (Allocation Failure)  345558K->9622K(1092096K), 0.0040271 secs]
48766.414: [GC (Allocation Failure)  413078K->9654K(1079808K), 0.0038764 secs]
48766.806: [GC (Allocation Failure)  400822K->9654K(1068032K), 0.0033612 secs]
48767.185: [GC (Allocation Failure)  389046K->9654K(1056768K), 0.0036454 secs]
48767.584: [GC (Allocation Failure)  377782K->9654K(1046016K), 0.0036166 secs]
48767.940: [GC (Allocation Failure)  367030K->9654K(1035776K), 0.0038072 secs]
48768.286: [GC (Allocation Failure)  356790K->9654K(1026048K), 0.0035842 secs]
48768.623: [GC (Allocation Failure)  347062K->9654K(1016832K), 0.0033014 secs]
48769.004: [GC (Allocation Failure)  337846K->9654K(1008128K), 0.0037662 secs]
48769.325: [GC (Allocation Failure)  329142K->9654K(999424K), 0.0036194 secs]
48769.636: [GC (Allocation Failure)  320438K->9622K(1061888K), 0.0034009 secs]
48770.008: [GC (Allocation Failure)  382870K->9654K(1051136K), 0.0035263 secs]
48770.369: [GC (Allocation Failure)  372150K->9622K(1040896K), 0.0038261 secs]
48770.722: [GC (Allocation Failure)  361878K->9654K(1031168K), 0.0035417 secs]
48771.063: [GC (Allocation Failure)  352182K->9686K(1021440K), 0.0031654 secs]
48771.418: [GC (Allocation Failure)  342486K->9686K(1012224K), 0.0034859 secs]
48771.741: [GC (Allocation Failure)  333270K->9654K(1003520K), 0.0031567 secs]
48772.056: [GC (Allocation Failure)  324534K->9654K(1066496K), 0.0036988 secs]
48772.434: [GC (Allocation Failure)  387510K->9622K(1055744K), 0.0031158 secs]
48772.802: [GC (Allocation Failure)  376726K->9686K(1044992K), 0.0035485 secs]
48773.157: [GC (Allocation Failure)  366038K->9654K(1034752K), 0.0033913 secs]
48773.503: [GC (Allocation Failure)  355766K->9654K(1025024K), 0.0039690 secs]
48773.839: [GC (Allocation Failure)  346038K->9654K(1015808K), 0.0035170 secs]
48774.193: [GC (Allocation Failure)  336822K->9686K(1007104K), 0.0033716 secs]
48774.512: [GC (Allocation Failure)  328150K->9622K(998400K), 0.0033211 secs]
48774.821: [GC (Allocation Failure)  319382K->9622K(1060352K), 0.0040140 secs]
48775.192: [GC (Allocation Failure)  381334K->9686K(1135104K), 0.0032006 secs]
48775.640: [GC (Allocation Failure)  456150K->9654K(1121280K), 0.0038726 secs]
48776.073: [GC (Allocation Failure)  442294K->9654K(1107968K), 0.0040626 secs]
48776.520: [GC (Allocation Failure)  428982K->9622K(1095168K), 0.0032671 secs]
48776.924: [GC (Allocation Failure)  416150K->9686K(1082880K), 0.0047842 secs]
48777.319: [GC (Allocation Failure)  403926K->9686K(1071104K), 0.0037757 secs]
48777.701: [GC (Allocation Failure)  392150K->9686K(1059840K), 0.0034001 secs]
48778.074: [GC (Allocation Failure)  380886K->9654K(1049088K), 0.0034436 secs]
48778.433: [GC (Allocation Failure)  370102K->9686K(1038848K), 0.0032192 secs]
48778.784: [GC (Allocation Failure)  359894K->9654K(1029120K), 0.0038060 secs]
48779.124: [GC (Allocation Failure)  350134K->9622K(1019904K), 0.0035115 secs]
48779.456: [GC (Allocation Failure)  340886K->9654K(1010688K), 0.0029013 secs]
48779.777: [GC (Allocation Failure)  331702K->9686K(1001984K), 0.0036773 secs]
48780.089: [GC (Allocation Failure)  323030K->9622K(1064960K), 0.0042949 secs]
48780.466: [GC (Allocation Failure)  385942K->9686K(1140224K), 0.0036237 secs]
48780.917: [GC (Allocation Failure)  461270K->9686K(1125888K), 0.0030242 secs]
48781.369: [GC (Allocation Failure)  446934K->9654K(1112576K), 0.0032617 secs]
48781.813: [GC (Allocation Failure)  433590K->9654K(1099776K), 0.0036064 secs]
48782.222: [GC (Allocation Failure)  420790K->9654K(1087488K), 0.0029642 secs]
48782.620: [GC (Allocation Failure)  408502K->9622K(1075712K), 0.0031248 secs]
48783.005: [GC (Allocation Failure)  396694K->9654K(1064448K), 0.0039460 secs]
48783.381: [GC (Allocation Failure)  385462K->9654K(1053696K), 0.0034874 secs]
48783.745: [GC (Allocation Failure)  374710K->9686K(1043456K), 0.0035076 secs]
48784.111: [GC (Allocation Failure)  364502K->9654K(1033216K), 0.0037301 secs]
48784.456: [GC (Allocation Failure)  354230K->9654K(1023488K), 0.0037774 secs]
48784.824: [GC (Allocation Failure)  344502K->9654K(1014272K), 0.0033463 secs]
48785.153: [GC (Allocation Failure)  335286K->9622K(1005568K), 0.0035327 secs]
48785.470: [GC (Allocation Failure)  326550K->9622K(996864K), 0.0034516 secs]
48785.792: [GC (Allocation Failure)  317846K->9622K(988672K), 0.0028721 secs]
48786.092: [GC (Allocation Failure)  309654K->9654K(980992K), 0.0029688 secs]
48786.383: [GC (Allocation Failure)  302006K->9654K(1039872K), 0.0035548 secs]
48786.733: [GC (Allocation Failure)  360886K->9654K(1030144K), 0.0032511 secs]
48787.075: [GC (Allocation Failure)  351158K->9622K(1098752K), 0.0037130 secs]
48787.485: [GC (Allocation Failure)  419734K->9654K(1086464K), 0.0035187 secs]
48787.881: [GC (Allocation Failure)  407478K->9654K(1074688K), 0.0036033 secs]
48788.267: [GC (Allocation Failure)  395702K->9686K(1063424K), 0.0029955 secs]
48788.641: [GC (Allocation Failure)  384470K->9654K(1052672K), 0.0032117 secs]
48789.006: [GC (Allocation Failure)  373686K->9654K(1042432K), 0.0039533 secs]
48789.361: [GC (Allocation Failure)  363446K->9654K(1032704K), 0.0030434 secs]
48789.705: [GC (Allocation Failure)  353718K->9654K(1022976K), 0.0037236 secs]
48790.060: [GC (Allocation Failure)  343990K->9654K(1013760K), 0.0030702 secs]
48790.389: [GC (Allocation Failure)  334774K->9654K(1005056K), 0.0032412 secs]
48790.709: [GC (Allocation Failure)  326070K->9622K(996352K), 0.0034499 secs]
48791.017: [GC (Allocation Failure)  317334K->9654K(988160K), 0.0027462 secs]
48791.315: [GC (Allocation Failure)  309174K->9686K(980480K), 0.0030907 secs]
48791.607: [GC (Allocation Failure)  301526K->9654K(972800K), 0.0031952 secs]
48791.891: [GC (Allocation Failure)  293814K->9654K(965632K), 0.0030232 secs]
48792.172: [GC (Allocation Failure)  286646K->9686K(958464K), 0.0026806 secs]
48792.442: [GC (Allocation Failure)  279510K->9654K(951808K), 0.0028805 secs]
48792.764: [GC (Allocation Failure)  272822K->9686K(1004544K), 0.0036279 secs]
48793.079: [GC (Allocation Failure)  325590K->9622K(1068032K), 0.0032049 secs]
48793.457: [GC (Allocation Failure)  389014K->9654K(1144320K), 0.0040569 secs]
48793.913: [GC (Allocation Failure)  465334K->9590K(1129984K), 0.0031266 secs]
48794.357: [GC (Allocation Failure)  450934K->9654K(1116160K), 0.0038181 secs]
48794.788: [GC (Allocation Failure)  437174K->9622K(1102848K), 0.0033806 secs]
48795.223: [GC (Allocation Failure)  423830K->9622K(1090560K), 0.0034380 secs]
48795.634: [GC (Allocation Failure)  411542K->9654K(1078784K), 0.0034364 secs]
48796.028: [GC (Allocation Failure)  399798K->9654K(1067520K), 0.0042522 secs]
48796.413: [GC (Allocation Failure)  388534K->9686K(1056256K), 0.0033328 secs]
48796.787: [GC (Allocation Failure)  377302K->9622K(1045504K), 0.0047054 secs]
48797.150: [GC (Allocation Failure)  366486K->9622K(1117184K), 0.0043768 secs]
48797.591: [GC (Allocation Failure)  438166K->9654K(1103872K), 0.0034061 secs]
48798.016: [GC (Allocation Failure)  424886K->9654K(1091072K), 0.0034310 secs]
48798.429: [GC (Allocation Failure)  412086K->9654K(1079296K), 0.0052437 secs]
48798.848: [GC (Allocation Failure)  400310K->9654K(1068032K), 0.0031756 secs]
48799.240: [GC (Allocation Failure)  389046K->9654K(1056768K), 0.0040049 secs]
48799.649: [GC (Allocation Failure)  377782K->9686K(1046016K), 0.0035261 secs]
48800.055: [GC (Allocation Failure)  367062K->9654K(1035776K), 0.0030747 secs]
48800.452: [GC (Allocation Failure)  356790K->9622K(1026048K), 0.0034955 secs]
48800.798: [GC (Allocation Failure)  347030K->9622K(1016832K), 0.0036612 secs]
48801.135: [GC (Allocation Failure)  337814K->9622K(1008128K), 0.0033312 secs]
48801.468: [GC (Allocation Failure)  329110K->9622K(999424K), 0.0035950 secs]
48801.788: [GC (Allocation Failure)  320406K->9654K(991232K), 0.0032910 secs]
48802.103: [GC (Allocation Failure)  312246K->9622K(1052160K), 0.0037479 secs]
48802.476: [GC (Allocation Failure)  373142K->9622K(1041920K), 0.0036338 secs]
48802.844: [GC (Allocation Failure)  362902K->9622K(1032192K), 0.0032944 secs]
48803.197: [GC (Allocation Failure)  353174K->9622K(1022464K), 0.0039946 secs]
48803.543: [GC (Allocation Failure)  343446K->9654K(1089536K), 0.0039120 secs]
48803.952: [GC (Allocation Failure)  410550K->9654K(1169920K), 0.0041801 secs]
48804.447: [GC (Allocation Failure)  490934K->9654K(1154560K), 0.0037640 secs]
48804.925: [GC (Allocation Failure)  475574K->9654K(1139712K), 0.0038227 secs]
48805.386: [GC (Allocation Failure)  460726K->9654K(1125376K), 0.0037039 secs]
48805.861: [GC (Allocation Failure)  446390K->9654K(1112064K), 0.0053025 secs]
48806.300: [GC (Allocation Failure)  433078K->9622K(1099264K), 0.0040864 secs]
48806.719: [GC (Allocation Failure)  420246K->9654K(1086976K), 0.0036286 secs]
48807.124: [GC (Allocation Failure)  407990K->9654K(1075200K), 0.0041289 secs]
48807.517: [GC (Allocation Failure)  396214K->9654K(1063936K), 0.0043470 secs]
48807.933: [GC (Allocation Failure)  384950K->9654K(1053184K), 0.0040814 secs]
48808.311: [GC (Allocation Failure)  374198K->9654K(1042944K), 0.0041431 secs]
48808.678: [GC (Allocation Failure)  363958K->9622K(1032704K), 0.0040262 secs]
48809.032: [GC (Allocation Failure)  353686K->9654K(1101824K), 0.0039822 secs]
48809.448: [GC (Allocation Failure)  422838K->9622K(1089536K), 0.0038722 secs]
48809.851: [GC (Allocation Failure)  410518K->9622K(1077760K), 0.0031721 secs]
48810.245: [GC (Allocation Failure)  398742K->9654K(1155584K), 0.0050017 secs]
48810.721: [GC (Allocation Failure)  476598K->9654K(1140736K), 0.0036064 secs]
48811.213: [GC (Allocation Failure)  461750K->9622K(1126400K), 0.0036161 secs]
48811.663: [GC (Allocation Failure)  447382K->9654K(1113088K), 0.0033266 secs]
48812.101: [GC (Allocation Failure)  434102K->9622K(1100288K), 0.0039339 secs]
48812.535: [GC (Allocation Failure)  421270K->9654K(1088000K), 0.0035799 secs]
48812.948: [GC (Allocation Failure)  409014K->9654K(1076224K), 0.0033842 secs]
48813.357: [GC (Allocation Failure)  397238K->9654K(1064960K), 0.0039933 secs]
48813.750: [GC (Allocation Failure)  385974K->9654K(1054208K), 0.0031201 secs]
48814.127: [GC (Allocation Failure)  375222K->9622K(1043968K), 0.0032985 secs]
48814.492: [GC (Allocation Failure)  364950K->9654K(1033728K), 0.0032009 secs]
48814.852: [GC (Allocation Failure)  354742K->9654K(1024000K), 0.0037707 secs]
48815.198: [GC (Allocation Failure)  345014K->9654K(1014784K), 0.0031799 secs]
48815.535: [GC (Allocation Failure)  335798K->9622K(1006080K), 0.0032786 secs]
48815.863: [GC (Allocation Failure)  327062K->9622K(997376K), 0.0036458 secs]
48816.182: [GC (Allocation Failure)  318358K->9686K(1059328K), 0.0040336 secs]
48816.564: [GC (Allocation Failure)  380374K->9654K(1133568K), 0.0051232 secs]
48817.034: [GC (Allocation Failure)  454582K->9622K(1222656K), 0.0036122 secs]
48817.613: [GC (Allocation Failure)  543638K->9654K(1204736K), 0.0039589 secs]
48818.149: [GC (Allocation Failure)  525750K->9654K(1187840K), 0.0044465 secs]
48818.667: [GC (Allocation Failure)  508854K->9654K(1171456K), 0.0043076 secs]
48819.168: [GC (Allocation Failure)  492470K->9654K(1156096K), 0.0040119 secs]
48819.652: [GC (Allocation Failure)  477110K->9622K(1141248K), 0.0037202 secs]
48820.129: [GC (Allocation Failure)  462230K->9654K(1126912K), 0.0036393 secs]
48820.582: [GC (Allocation Failure)  447926K->9622K(1113600K), 0.0031126 secs]
48821.021: [GC (Allocation Failure)  434582K->9654K(1100800K), 0.0035843 secs]
48821.488: [GC (Allocation Failure)  421814K->9654K(1088512K), 0.0036872 secs]
48821.933: [GC (Allocation Failure)  409526K->9654K(1076736K), 0.0035355 secs]
48822.334: [GC (Allocation Failure)  397750K->9654K(1065472K), 0.0036439 secs]
48822.724: [GC (Allocation Failure)  386486K->9622K(1054720K), 0.0058995 secs]
48823.108: [GC (Allocation Failure)  375702K->9654K(1044480K), 0.0036269 secs]
48823.476: [GC (Allocation Failure)  365494K->9622K(1034240K), 0.0033885 secs]
48823.851: [GC (Allocation Failure)  355222K->9654K(1024512K), 0.0036202 secs]
48824.205: [GC (Allocation Failure)  345526K->9686K(1015296K), 0.0037429 secs]
48824.544: [GC (Allocation Failure)  336342K->9686K(1006592K), 0.0029724 secs]
48824.887: [GC (Allocation Failure)  327638K->9654K(997888K), 0.0039578 secs]
48825.211: [GC (Allocation Failure)  318902K->9622K(989696K), 0.0035500 secs]
48825.524: [GC (Allocation Failure)  310678K->9686K(982016K), 0.0032345 secs]
48825.833: [GC (Allocation Failure)  303062K->9622K(1040896K), 0.0040016 secs]
48826.198: [GC (Allocation Failure)  361878K->9654K(1111552K), 0.0033506 secs]
48826.716: [GC (Allocation Failure)  432566K->9654K(1098752K), 0.0040899 secs]
48827.138: [GC (Allocation Failure)  419766K->9622K(1181184K), 0.0074353 secs]
48827.665: [GC (Allocation Failure)  502166K->9654K(1280000K), 0.0040292 secs]
48828.271: [GC (Allocation Failure)  601014K->9686K(1259520K), 0.0027277 secs]
48828.854: [GC (Allocation Failure)  580566K->9622K(1240064K), 0.0045119 secs]
48829.423: [GC (Allocation Failure)  561046K->9622K(1221632K), 0.0034750 secs]
48829.968: [GC (Allocation Failure)  542614K->9654K(1203712K), 0.0039696 secs]
48830.496: [GC (Allocation Failure)  524726K->9622K(1186816K), 0.0038030 secs]
48831.006: [GC (Allocation Failure)  507798K->9622K(1170432K), 0.0038425 secs]
48831.501: [GC (Allocation Failure)  491414K->9654K(1155072K), 0.0030472 secs]
48832.017: [GC (Allocation Failure)  476086K->9654K(1140224K), 0.0039602 secs]
48832.480: [GC (Allocation Failure)  461238K->9654K(1125888K), 0.0034981 secs]
48832.929: [GC (Allocation Failure)  446902K->9654K(1112576K), 0.0030982 secs]
48833.364: [GC (Allocation Failure)  433590K->9654K(1099776K), 0.0029191 secs]
48833.786: [GC (Allocation Failure)  420790K->9654K(1087488K), 0.0034155 secs]
48834.195: [GC (Allocation Failure)  408502K->9622K(1075712K), 0.0031127 secs]
48834.591: [GC (Allocation Failure)  396694K->9622K(1064448K), 0.0034927 secs]
48834.981: [GC (Allocation Failure)  385430K->9654K(1053696K), 0.0033809 secs]
48835.356: [GC (Allocation Failure)  374710K->9622K(1043456K), 0.0032075 secs]
48835.720: [GC (Allocation Failure)  364438K->9622K(1033216K), 0.0028016 secs]
48836.073: [GC (Allocation Failure)  354198K->9654K(1023488K), 0.0034420 secs]
48836.416: [GC (Allocation Failure)  344502K->9686K(1014272K), 0.0029977 secs]
48836.748: [GC (Allocation Failure)  335318K->9622K(1005568K), 0.0275264 secs]
48837.104: [GC (Allocation Failure)  326550K->9622K(996864K), 0.0036466 secs]
48837.420: [GC (Allocation Failure)  317846K->9686K(1058816K), 0.0042977 secs]
48837.831: [GC (Allocation Failure)  379862K->9654K(1133056K), 0.0040239 secs]
48838.284: [GC (Allocation Failure)  454070K->9654K(1119232K), 0.0032519 secs]
48838.723: [GC (Allocation Failure)  440246K->9622K(1105920K), 0.0032526 secs]
48839.148: [GC (Allocation Failure)  426902K->9622K(1093120K), 0.0034156 secs]
48839.559: [GC (Allocation Failure)  414102K->9622K(1080832K), 0.0039806 secs]
48839.961: [GC (Allocation Failure)  401814K->9590K(1069056K), 0.0032017 secs]
48840.345: [GC (Allocation Failure)  390006K->9654K(1057792K), 0.0035197 secs]
48840.717: [GC (Allocation Failure)  378806K->9630K(1047040K), 0.0042146 secs]
48841.080: [GC (Allocation Failure)  368030K->9630K(1036800K), 0.0032559 secs]
48841.431: [GC (Allocation Failure)  357790K->9630K(1027072K), 0.0037878 secs]
48841.774: [GC (Allocation Failure)  348062K->9662K(1017856K), 0.0040174 secs]
48842.137: [GC (Allocation Failure)  338878K->9630K(1083904K), 0.0041772 secs]
48842.555: [GC (Allocation Failure)  404894K->9630K(1072128K), 0.0035035 secs]
48842.951: [GC (Allocation Failure)  393118K->9694K(1060864K), 0.0034307 secs]
48843.350: [GC (Allocation Failure)  381918K->9630K(1050112K), 0.0033532 secs]
48843.722: [GC (Allocation Failure)  371102K->9662K(1039872K), 0.0039601 secs]
48844.084: [GC (Allocation Failure)  360894K->9662K(1030144K), 0.0030757 secs]
48844.436: [GC (Allocation Failure)  351166K->9662K(1020928K), 0.0037035 secs]
48844.781: [GC (Allocation Failure)  341950K->9662K(1011712K), 0.0034649 secs]
48845.115: [GC (Allocation Failure)  332734K->9662K(1003008K), 0.0033027 secs]
48845.440: [GC (Allocation Failure)  324030K->9662K(994816K), 0.0034191 secs]
48845.756: [GC (Allocation Failure)  315838K->9662K(986624K), 0.0033170 secs]
48846.067: [GC (Allocation Failure)  307646K->9662K(978944K), 0.0031752 secs]
48846.368: [GC (Allocation Failure)  299966K->9662K(1037312K), 0.0034070 secs]
48846.729: [GC (Allocation Failure)  358334K->9694K(1107456K), 0.0035371 secs]
48847.161: [GC (Allocation Failure)  428510K->9662K(1094656K), 0.0033492 secs]
48847.597: [GC (Allocation Failure)  415678K->9662K(1082368K), 0.0036012 secs]
48848.002: [GC (Allocation Failure)  403390K->9662K(1070592K), 0.0030096 secs]
48848.394: [GC (Allocation Failure)  391614K->9662K(1059328K), 0.0030059 secs]
48848.792: [GC (Allocation Failure)  380350K->9662K(1048576K), 0.0032271 secs]
48849.163: [GC (Allocation Failure)  369598K->9662K(1038336K), 0.0037133 secs]
48849.524: [GC (Allocation Failure)  359358K->9630K(1028608K), 0.0041867 secs]
48849.876: [GC (Allocation Failure)  349598K->9662K(1019392K), 0.0030744 secs]
48850.218: [GC (Allocation Failure)  340414K->9662K(1010176K), 0.0032241 secs]
48850.550: [GC (Allocation Failure)  331198K->9662K(1001472K), 0.0030875 secs]
48850.874: [GC (Allocation Failure)  322494K->9662K(993280K), 0.0029388 secs]
48851.187: [GC (Allocation Failure)  314302K->9694K(985088K), 0.0032181 secs]
48851.490: [GC (Allocation Failure)  306142K->9662K(977408K), 0.0032764 secs]
48851.787: [GC (Allocation Failure)  298430K->9630K(1035264K), 0.0034572 secs]
48852.142: [GC (Allocation Failure)  356254K->9694K(1025536K), 0.0032212 secs]
48852.489: [GC (Allocation Failure)  346590K->9662K(1016320K), 0.0031995 secs]
48852.853: [GC (Allocation Failure)  337342K->9630K(1007616K), 0.0030368 secs]
48853.181: [GC (Allocation Failure)  328606K->9662K(998912K), 0.0030627 secs]
48853.499: [GC (Allocation Failure)  319934K->9662K(1061376K), 0.0050748 secs]
48853.890: [GC (Allocation Failure)  382398K->9662K(1050624K), 0.0030910 secs]
48854.262: [GC (Allocation Failure)  371646K->9630K(1123328K), 0.0045384 secs]
48854.732: [GC (Allocation Failure)  444318K->9630K(1110016K), 0.0030234 secs]
48855.165: [GC (Allocation Failure)  431006K->9662K(1097216K), 0.0040256 secs]
48855.588: [GC (Allocation Failure)  418238K->9662K(1084928K), 0.0037283 secs]
48855.995: [GC (Allocation Failure)  405950K->9662K(1073152K), 0.0035399 secs]
48856.391: [GC (Allocation Failure)  394174K->9662K(1061888K), 0.0035673 secs]
48856.777: [GC (Allocation Failure)  382910K->9630K(1051136K), 0.0036149 secs]
48857.150: [GC (Allocation Failure)  372126K->9694K(1040896K), 0.0033985 secs]
48857.513: [GC (Allocation Failure)  361950K->9662K(1031168K), 0.0040301 secs]
48857.894: [GC (Allocation Failure)  352190K->9630K(1021440K), 0.0038794 secs]
48858.236: [GC (Allocation Failure)  342430K->9662K(1012224K), 0.0039403 secs]
48858.598: [GC (Allocation Failure)  333246K->9630K(1003520K), 0.0029715 secs]
48858.921: [GC (Allocation Failure)  324510K->9662K(995328K), 0.0048879 secs]
48859.242: [GC (Allocation Failure)  316350K->9662K(1056768K), 0.0035776 secs]
48859.622: [GC (Allocation Failure)  377790K->9630K(1046016K), 0.0031821 secs]
48859.988: [GC (Allocation Failure)  367006K->9630K(1035776K), 0.0036356 secs]
48860.344: [GC (Allocation Failure)  356766K->9662K(1026048K), 0.0031997 secs]
48860.730: [GC (Allocation Failure)  347070K->9662K(1016832K), 0.0035476 secs]
48861.066: [GC (Allocation Failure)  337854K->9662K(1008128K), 0.0040075 secs]
48861.394: [GC (Allocation Failure)  329150K->9630K(999424K), 0.0034542 secs]
48861.724: [GC (Allocation Failure)  320414K->9662K(991232K), 0.0031966 secs]
48862.034: [GC (Allocation Failure)  312254K->9662K(1052160K), 0.0036493 secs]
48862.463: [GC (Allocation Failure)  373182K->9662K(1124864K), 0.0040799 secs]
48862.913: [GC (Allocation Failure)  445886K->9662K(1111552K), 0.0033972 secs]
48863.355: [GC (Allocation Failure)  432574K->9662K(1098752K), 0.0028925 secs]
48863.771: [GC (Allocation Failure)  419774K->9662K(1086464K), 0.0032326 secs]
48864.171: [GC (Allocation Failure)  407486K->9662K(1074688K), 0.0042925 secs]
48864.564: [GC (Allocation Failure)  395710K->9630K(1063424K), 0.0033341 secs]
48864.941: [GC (Allocation Failure)  384414K->9662K(1052672K), 0.0033678 secs]
48865.308: [GC (Allocation Failure)  373694K->9694K(1042432K), 0.0034653 secs]
48865.668: [GC (Allocation Failure)  363486K->9694K(1032704K), 0.0040634 secs]
48866.029: [GC (Allocation Failure)  353758K->9670K(1022976K), 0.0032874 secs]
48866.373: [GC (Allocation Failure)  344006K->9670K(1013760K), 0.0039218 secs]
48866.710: [GC (Allocation Failure)  334790K->9702K(1005056K), 0.0036858 secs]
48867.038: [GC (Allocation Failure)  326118K->9670K(996352K), 0.0034204 secs]
48867.356: [GC (Allocation Failure)  317382K->9670K(1058304K), 0.0038745 secs]
48867.751: [GC (Allocation Failure)  379334K->9702K(1047552K), 0.0029728 secs]
48868.170: [GC (Allocation Failure)  368614K->9670K(1037312K), 0.0037196 secs]
48868.558: [GC (Allocation Failure)  358342K->9638K(1027584K), 0.0036186 secs]
48868.923: [GC (Allocation Failure)  348582K->9638K(1018368K), 0.0029472 secs]
48869.263: [GC (Allocation Failure)  339366K->9670K(1009152K), 0.0035466 secs]
48869.626: [GC (Allocation Failure)  330182K->9670K(1000448K), 0.0038820 secs]
48869.949: [GC (Allocation Failure)  321478K->9670K(992256K), 0.0036879 secs]
48870.264: [GC (Allocation Failure)  313286K->9638K(1053184K), 0.0034351 secs]
48870.640: [GC (Allocation Failure)  374182K->9670K(1126400K), 0.0043589 secs]
48871.093: [GC (Allocation Failure)  447430K->9670K(1113088K), 0.0034567 secs]
48871.531: [GC (Allocation Failure)  434118K->9702K(1100288K), 0.0036002 secs]
48871.957: [GC (Allocation Failure)  421350K->9638K(1088000K), 0.0046537 secs]
48872.374: [GC (Allocation Failure)  408998K->9638K(1076224K), 0.0046798 secs]
48872.779: [GC (Allocation Failure)  397222K->9670K(1154048K), 0.0054287 secs]
48873.280: [GC (Allocation Failure)  475078K->9638K(1139200K), 0.0044696 secs]
48873.766: [GC (Allocation Failure)  460198K->9670K(1125376K), 0.0044983 secs]
48874.220: [GC (Allocation Failure)  446406K->9670K(1112064K), 0.0036128 secs]
48874.657: [GC (Allocation Failure)  433094K->9670K(1099264K), 0.0038931 secs]
48875.080: [GC (Allocation Failure)  420294K->9670K(1086976K), 0.0035255 secs]
48875.488: [GC (Allocation Failure)  408006K->9638K(1075200K), 0.0033514 secs]
48875.884: [GC (Allocation Failure)  396198K->9638K(1063936K), 0.0053608 secs]
48876.273: [GC (Allocation Failure)  384934K->9670K(1053184K), 0.0037479 secs]
48876.647: [GC (Allocation Failure)  374214K->9702K(1042944K), 0.0033060 secs]
48877.032: [GC (Allocation Failure)  364006K->9670K(1032704K), 0.0033354 secs]
48877.386: [GC (Allocation Failure)  353734K->9670K(1022976K), 0.0044545 secs]
48877.731: [GC (Allocation Failure)  344006K->9670K(1013760K), 0.0032881 secs]
48878.066: [GC (Allocation Failure)  334790K->9670K(1078784K), 0.0039375 secs]
48878.468: [GC (Allocation Failure)  399814K->9670K(1067520K), 0.0031931 secs]
48878.856: [GC (Allocation Failure)  388550K->9670K(1056256K), 0.0033372 secs]
48879.234: [GC (Allocation Failure)  377286K->9638K(1045504K), 0.0030475 secs]
48879.601: [GC (Allocation Failure)  366502K->9670K(1035264K), 0.0030782 secs]
48879.971: [GC (Allocation Failure)  356294K->9702K(1025536K), 0.0043269 secs]
48880.322: [GC (Allocation Failure)  346598K->9670K(1093120K), 0.0042407 secs]
48880.743: [GC (Allocation Failure)  414150K->9702K(1080832K), 0.0032947 secs]
48881.146: [GC (Allocation Failure)  401894K->9670K(1069056K), 0.0034503 secs]
48881.539: [GC (Allocation Failure)  390086K->9670K(1057792K), 0.0041695 secs]
48881.921: [GC (Allocation Failure)  378822K->9670K(1047040K), 0.0037085 secs]
48882.290: [GC (Allocation Failure)  368070K->9702K(1036800K), 0.0030173 secs]
48882.649: [GC (Allocation Failure)  357862K->9638K(1027072K), 0.0034037 secs]
48883.015: [GC (Allocation Failure)  348070K->9670K(1017856K), 0.0037241 secs]
48883.353: [GC (Allocation Failure)  338886K->9670K(1008640K), 0.0032701 secs]
48883.681: [GC (Allocation Failure)  329670K->9638K(999936K), 0.0034733 secs]
48884.034: [GC (Allocation Failure)  320934K->9638K(991744K), 0.0038118 secs]
48884.346: [GC (Allocation Failure)  312742K->9702K(984064K), 0.0028925 secs]
48884.649: [GC (Allocation Failure)  305126K->9670K(976384K), 0.0026788 secs]
48884.944: [GC (Allocation Failure)  297414K->9670K(969216K), 0.0035099 secs]
48885.233: [GC (Allocation Failure)  290246K->9638K(1025536K), 0.0033155 secs]
48885.578: [GC (Allocation Failure)  346534K->9670K(1093120K), 0.0033646 secs]
48885.991: [GC (Allocation Failure)  414150K->9670K(1080832K), 0.0034079 secs]
48886.390: [GC (Allocation Failure)  401862K->9638K(1069056K), 0.0040700 secs]
48886.776: [GC (Allocation Failure)  390054K->9606K(1057792K), 0.0031693 secs]
48887.153: [GC (Allocation Failure)  378758K->9670K(1047040K), 0.0038220 secs]
48887.519: [GC (Allocation Failure)  368070K->9638K(1036800K), 0.0031885 secs]
48887.878: [GC (Allocation Failure)  357798K->9638K(1027072K), 0.0034820 secs]
48888.224: [GC (Allocation Failure)  348070K->9670K(1017856K), 0.0031298 secs]
48888.556: [GC (Allocation Failure)  338886K->9638K(1008640K), 0.0037444 secs]
48888.880: [GC (Allocation Failure)  329638K->9670K(999936K), 0.0355654 secs]
48889.234: [GC (Allocation Failure)  320966K->9638K(991744K), 0.0035941 secs]
48889.542: [GC (Allocation Failure)  312742K->9702K(984064K), 0.0033362 secs]
48889.840: [GC (Allocation Failure)  305126K->9638K(1043456K), 0.0034727 secs]
48890.202: [GC (Allocation Failure)  364454K->9670K(1114624K), 0.0034816 secs]
48890.728: [GC (Allocation Failure)  435654K->9638K(1101824K), 0.0033445 secs]
48891.173: [GC (Allocation Failure)  422822K->9638K(1089536K), 0.0037593 secs]
48891.585: [GC (Allocation Failure)  410534K->9670K(1077760K), 0.0034808 secs]
48892.005: [GC (Allocation Failure)  398790K->9638K(1066496K), 0.0039438 secs]
48892.397: [GC (Allocation Failure)  387494K->9670K(1055744K), 0.0038120 secs]
48892.792: [GC (Allocation Failure)  376774K->9638K(1044992K), 0.0038303 secs]
48893.179: [GC (Allocation Failure)  365990K->9670K(1034752K), 0.0031006 secs]
48893.537: [GC (Allocation Failure)  355782K->9670K(1025024K), 0.0036217 secs]
48893.885: [GC (Allocation Failure)  346054K->9670K(1015808K), 0.0029293 secs]
48894.311: [GC (Allocation Failure)  336838K->9702K(1007104K), 0.0035794 secs]
48894.642: [GC (Allocation Failure)  328166K->9670K(998400K), 0.0033943 secs]
48894.962: [GC (Allocation Failure)  319430K->9638K(990208K), 0.0038075 secs]
48895.274: [GC (Allocation Failure)  311206K->9670K(1050624K), 0.0037108 secs]
48895.648: [GC (Allocation Failure)  371654K->9638K(1040384K), 0.0034499 secs]
48896.012: [GC (Allocation Failure)  361382K->9638K(1111040K), 0.0038427 secs]
48896.447: [GC (Allocation Failure)  432038K->9734K(1098240K), 0.0033559 secs]
48896.869: [GC (Allocation Failure)  419334K->9638K(1085952K), 0.0029887 secs]
48897.277: [GC (Allocation Failure)  406950K->9670K(1074176K), 0.0039903 secs]
48897.676: [GC (Allocation Failure)  395206K->9670K(1062912K), 0.0035420 secs]
48898.063: [GC (Allocation Failure)  383942K->9638K(1052160K), 0.0033244 secs]
48898.437: [GC (Allocation Failure)  373158K->9670K(1041920K), 0.0041842 secs]
48898.807: [GC (Allocation Failure)  362950K->9670K(1032192K), 0.0036238 secs]
48899.162: [GC (Allocation Failure)  353222K->9638K(1022464K), 0.0028590 secs]
48899.539: [GC (Allocation Failure)  343462K->9670K(1013248K), 0.0033530 secs]
48899.875: [GC (Allocation Failure)  334278K->9670K(1004544K), 0.0041140 secs]
48900.199: [GC (Allocation Failure)  325574K->9638K(1068032K), 0.0039479 secs]
48900.585: [GC (Allocation Failure)  389030K->9702K(1144320K), 0.0039868 secs]
48901.053: [GC (Allocation Failure)  465382K->9638K(1129984K), 0.0034671 secs]
48901.516: [GC (Allocation Failure)  450982K->9702K(1116160K), 0.0029998 secs]
48901.970: [GC (Allocation Failure)  437222K->9702K(1102848K), 0.0041824 secs]
48902.407: [GC (Allocation Failure)  423910K->9710K(1090560K), 0.0034036 secs]
48902.827: [GC (Allocation Failure)  411630K->9678K(1078784K), 0.0037236 secs]
48903.235: [GC (Allocation Failure)  399822K->9678K(1067520K), 0.0048525 secs]
48903.632: [GC (Allocation Failure)  388558K->9710K(1056256K), 0.0032121 secs]
48904.017: [GC (Allocation Failure)  377326K->9678K(1045504K), 0.0033034 secs]
48904.386: [GC (Allocation Failure)  366542K->9710K(1035264K), 0.0029429 secs]
48904.770: [GC (Allocation Failure)  356334K->9678K(1025536K), 0.0033817 secs]
48905.118: [GC (Allocation Failure)  346574K->9710K(1016320K), 0.0034518 secs]
48905.457: [GC (Allocation Failure)  337390K->9710K(1007616K), 0.0033168 secs]
48905.786: [GC (Allocation Failure)  328686K->9678K(998912K), 0.0038017 secs]
48906.106: [GC (Allocation Failure)  319950K->9710K(990720K), 0.0030462 secs]
48906.468: [GC (Allocation Failure)  311790K->9710K(983040K), 0.0027680 secs]
48906.771: [GC (Allocation Failure)  304110K->9742K(975360K), 0.0030610 secs]
48907.068: [GC (Allocation Failure)  296462K->9678K(968192K), 0.0035795 secs]
48907.356: [GC (Allocation Failure)  289230K->9678K(1024512K), 0.0033261 secs]
48907.736: [GC (Allocation Failure)  345550K->9710K(1015296K), 0.0030785 secs]
48908.072: [GC (Allocation Failure)  336366K->9678K(1080832K), 0.0043883 secs]
48908.480: [GC (Allocation Failure)  401870K->9710K(1159680K), 0.0039325 secs]
48908.963: [GC (Allocation Failure)  480750K->9678K(1144832K), 0.0035591 secs]
48909.444: [GC (Allocation Failure)  465870K->9678K(1130496K), 0.0034590 secs]
48909.941: [GC (Allocation Failure)  451534K->9710K(1116672K), 0.0040502 secs]
48910.404: [GC (Allocation Failure)  437742K->9678K(1103360K), 0.0033797 secs]
48910.829: [GC (Allocation Failure)  424398K->9710K(1091072K), 0.0033226 secs]
48911.241: [GC (Allocation Failure)  412142K->9710K(1079296K), 0.0039189 secs]
48911.641: [GC (Allocation Failure)  400366K->9678K(1068032K), 0.0040749 secs]
48912.034: [GC (Allocation Failure)  389070K->9710K(1056768K), 0.0040078 secs]
48912.414: [GC (Allocation Failure)  377838K->9710K(1046016K), 0.0033058 secs]
48912.779: [GC (Allocation Failure)  367086K->9710K(1035776K), 0.0033986 secs]
48913.134: [GC (Allocation Failure)  356846K->9710K(1026048K), 0.0039709 secs]
48913.479: [GC (Allocation Failure)  347118K->9710K(1093632K), 0.0058979 secs]
48913.897: [GC (Allocation Failure)  414702K->9710K(1175040K), 0.0038383 secs]
48914.391: [GC (Allocation Failure)  496110K->9678K(1159168K), 0.0032573 secs]
48914.870: [GC (Allocation Failure)  480206K->9678K(1144320K), 0.0039587 secs]
48915.334: [GC (Allocation Failure)  465358K->9678K(1129984K), 0.0037794 secs]
48915.782: [GC (Allocation Failure)  451022K->9710K(1116160K), 0.0038772 secs]
48916.230: [GC (Allocation Failure)  437230K->9678K(1102848K), 0.0047857 secs]
48916.648: [GC (Allocation Failure)  423886K->9710K(1090560K), 0.0036799 secs]
48917.052: [GC (Allocation Failure)  411630K->9742K(1078784K), 0.0036327 secs]
48917.445: [GC (Allocation Failure)  399886K->9710K(1157120K), 0.0057031 secs]
48917.935: [GC (Allocation Failure)  478190K->9710K(1142272K), 0.0036397 secs]
48918.401: [GC (Allocation Failure)  463342K->9710K(1127936K), 0.0034938 secs]
48918.851: [GC (Allocation Failure)  449006K->9710K(1114112K), 0.0034687 secs]
48919.289: [GC (Allocation Failure)  435182K->9742K(1101312K), 0.0032505 secs]
48919.728: [GC (Allocation Failure)  422414K->9710K(1089024K), 0.0036975 secs]
48920.139: [GC (Allocation Failure)  410094K->9678K(1077248K), 0.0035879 secs]
48920.540: [GC (Allocation Failure)  398286K->9710K(1065984K), 0.0033510 secs]
48920.930: [GC (Allocation Failure)  387054K->9710K(1055232K), 0.0046342 secs]
48921.312: [GC (Allocation Failure)  376302K->9742K(1044480K), 0.0036398 secs]
48921.706: [GC (Allocation Failure)  365582K->9678K(1034240K), 0.0034588 secs]
48922.067: [GC (Allocation Failure)  355278K->9710K(1024512K), 0.0037621 secs]
48922.413: [GC (Allocation Failure)  345582K->9710K(1092096K), 0.0044782 secs]
48922.835: [GC (Allocation Failure)  413166K->9678K(1079808K), 0.0039679 secs]
48923.242: [GC (Allocation Failure)  400846K->9742K(1068032K), 0.0041927 secs]
48923.657: [GC (Allocation Failure)  389134K->9710K(1056768K), 0.0038538 secs]
48924.039: [GC (Allocation Failure)  377838K->9678K(1046016K), 0.0029360 secs]
48924.427: [GC (Allocation Failure)  367054K->9710K(1035776K), 0.0037641 secs]
48924.785: [GC (Allocation Failure)  356846K->9710K(1105408K), 0.0044967 secs]
48925.214: [GC (Allocation Failure)  426478K->9774K(1092608K), 0.0042305 secs]
48925.652: [GC (Allocation Failure)  413742K->9710K(1080320K), 0.0031489 secs]
48926.073: [GC (Allocation Failure)  401390K->9678K(1068544K), 0.0034651 secs]
48926.467: [GC (Allocation Failure)  389582K->9710K(1057280K), 0.0036623 secs]
48926.853: [GC (Allocation Failure)  378350K->9710K(1046528K), 0.0032732 secs]
48927.218: [GC (Allocation Failure)  367598K->9678K(1036288K), 0.0037719 secs]
48927.573: [GC (Allocation Failure)  357326K->9710K(1026560K), 0.0041645 secs]
48927.954: [GC (Allocation Failure)  347630K->9710K(1094144K), 0.0043768 secs]
48928.400: [GC (Allocation Failure)  415214K->9710K(1081856K), 0.0036660 secs]
48928.827: [GC (Allocation Failure)  402926K->9710K(1070080K), 0.0038225 secs]
48929.220: [GC (Allocation Failure)  391150K->9710K(1058816K), 0.0036859 secs]
48929.601: [GC (Allocation Failure)  379886K->9710K(1048064K), 0.0032476 secs]
48929.969: [GC (Allocation Failure)  369134K->9710K(1037824K), 0.0034630 secs]
48930.329: [GC (Allocation Failure)  358894K->9710K(1028096K), 0.0037589 secs]
48930.711: [GC (Allocation Failure)  349166K->9710K(1018880K), 0.0044185 secs]
48931.057: [GC (Allocation Failure)  339950K->9678K(1009664K), 0.0031444 secs]
48931.392: [GC (Allocation Failure)  330702K->9678K(1000960K), 0.0034027 secs]
48931.712: [GC (Allocation Failure)  321998K->9710K(992768K), 0.0034365 secs]
48932.034: [GC (Allocation Failure)  313838K->9742K(984576K), 0.0030472 secs]
48932.337: [GC (Allocation Failure)  305678K->9678K(1043968K), 0.0041848 secs]
48932.700: [GC (Allocation Failure)  365006K->9710K(1115136K), 0.0033207 secs]
48933.127: [GC (Allocation Failure)  436206K->9710K(1102336K), 0.0035707 secs]
48933.559: [GC (Allocation Failure)  423406K->9710K(1090048K), 0.0037321 secs]
48933.965: [GC (Allocation Failure)  411118K->9710K(1078272K), 0.0037848 secs]
48934.356: [GC (Allocation Failure)  399342K->9678K(1067008K), 0.0032005 secs]
48934.740: [GC (Allocation Failure)  388046K->9710K(1056256K), 0.0030981 secs]
48935.117: [GC (Allocation Failure)  377326K->9678K(1045504K), 0.0043467 secs]
48935.482: [GC (Allocation Failure)  366542K->9646K(1035264K), 0.0038050 secs]
48935.831: [GC (Allocation Failure)  356270K->9710K(1025536K), 0.0036070 secs]
48936.173: [GC (Allocation Failure)  346606K->9678K(1093120K), 0.0048930 secs]
48936.618: [GC (Allocation Failure)  414158K->9678K(1080832K), 0.0034550 secs]
48937.039: [GC (Allocation Failure)  401870K->9678K(1069056K), 0.0036258 secs]
48937.435: [GC (Allocation Failure)  390094K->9678K(1057792K), 0.0038665 secs]
48937.806: [GC (Allocation Failure)  378830K->9710K(1132032K), 0.0044886 secs]
48938.265: [GC (Allocation Failure)  453102K->9710K(1118208K), 0.0043458 secs]
48938.693: [GC (Allocation Failure)  439278K->9742K(1104896K), 0.0039809 secs]
48939.112: [GC (Allocation Failure)  425998K->9710K(1092096K), 0.0044140 secs]
48939.516: [GC (Allocation Failure)  413166K->9678K(1172992K), 0.0049423 secs]
48940.000: [GC (Allocation Failure)  494030K->9710K(1157632K), 0.0039885 secs]
48940.478: [GC (Allocation Failure)  478702K->9742K(1142784K), 0.0050802 secs]
48940.927: [GC (Allocation Failure)  463886K->9678K(1128448K), 0.0039846 secs]
48941.358: [GC (Allocation Failure)  449486K->9678K(1114624K), 0.0043699 secs]
48941.778: [GC (Allocation Failure)  435662K->9710K(1101824K), 0.0031247 secs]
48942.192: [GC (Allocation Failure)  422894K->9678K(1089536K), 0.0034252 secs]
48942.595: [GC (Allocation Failure)  410574K->9710K(1077760K), 0.0036007 secs]
48942.985: [GC (Allocation Failure)  398830K->9710K(1066496K), 0.0037634 secs]
48943.396: [GC (Allocation Failure)  387566K->9710K(1055744K), 0.0036526 secs]
48943.767: [GC (Allocation Failure)  376814K->9710K(1044992K), 0.0037764 secs]
48944.128: [GC (Allocation Failure)  366062K->9710K(1034752K), 0.0036359 secs]
48944.493: [GC (Allocation Failure)  355822K->9710K(1025024K), 0.0041830 secs]
48944.834: [GC (Allocation Failure)  346094K->9678K(1015808K), 0.0033574 secs]
48945.179: [GC (Allocation Failure)  336846K->9710K(1007104K), 0.0031459 secs]
48945.504: [GC (Allocation Failure)  328174K->9678K(998400K), 0.0034066 secs]
48945.819: [GC (Allocation Failure)  319438K->9678K(1060352K), 0.0037193 secs]
48946.194: [GC (Allocation Failure)  381390K->9678K(1135104K), 0.0041280 secs]
48946.643: [GC (Allocation Failure)  456142K->9678K(1224704K), 0.0043611 secs]
48947.190: [GC (Allocation Failure)  545742K->9678K(1206784K), 0.0036144 secs]
48947.706: [GC (Allocation Failure)  527822K->9710K(1189888K), 0.0030428 secs]
48948.241: [GC (Allocation Failure)  510958K->9710K(1173504K), 0.0038655 secs]
48948.729: [GC (Allocation Failure)  494574K->9742K(1158144K), 0.0037019 secs]
48949.203: [GC (Allocation Failure)  479246K->9710K(1143296K), 0.0035322 secs]
48949.659: [GC (Allocation Failure)  464366K->9710K(1128960K), 0.0035658 secs]
48950.102: [GC (Allocation Failure)  450030K->9710K(1115136K), 0.0035158 secs]
48950.530: [GC (Allocation Failure)  436206K->9710K(1102336K), 0.0036946 secs]
48950.943: [GC (Allocation Failure)  423406K->9678K(1090048K), 0.0032588 secs]
48951.341: [GC (Allocation Failure)  411086K->9678K(1078272K), 0.0038604 secs]
48951.759: [GC (Allocation Failure)  399310K->9710K(1067008K), 0.0041589 secs]
48952.143: [GC (Allocation Failure)  388078K->9678K(1056256K), 0.0042365 secs]
48952.520: [GC (Allocation Failure)  377294K->9678K(1045504K), 0.0033611 secs]
48952.884: [GC (Allocation Failure)  366542K->9678K(1035264K), 0.0033958 secs]
48953.259: [GC (Allocation Failure)  356302K->9710K(1104896K), 0.0053470 secs]
48953.680: [GC (Allocation Failure)  425966K->9678K(1188352K), 0.0049087 secs]
48954.177: [GC (Allocation Failure)  509390K->9710K(1171968K), 0.0035489 secs]
48954.664: [GC (Allocation Failure)  493038K->9678K(1156608K), 0.0037783 secs]
48955.136: [GC (Allocation Failure)  477646K->9710K(1141760K), 0.0033034 secs]
48955.598: [GC (Allocation Failure)  462830K->9678K(1127424K), 0.0035322 secs]
48956.036: [GC (Allocation Failure)  448462K->9710K(1114112K), 0.0033358 secs]
48956.481: [GC (Allocation Failure)  435182K->9710K(1101312K), 0.0038272 secs]
48956.931: [GC (Allocation Failure)  422382K->9678K(1089024K), 0.0034145 secs]
48957.334: [GC (Allocation Failure)  410062K->9710K(1077248K), 0.0038586 secs]
48957.729: [GC (Allocation Failure)  398318K->9710K(1065984K), 0.0039577 secs]
48958.108: [GC (Allocation Failure)  387054K->9710K(1055232K), 0.0042759 secs]
48958.480: [GC (Allocation Failure)  376302K->9710K(1044480K), 0.0033533 secs]
48958.839: [GC (Allocation Failure)  365550K->9710K(1034240K), 0.0039736 secs]
48959.186: [GC (Allocation Failure)  355310K->9742K(1024512K), 0.0036656 secs]
48959.524: [GC (Allocation Failure)  345614K->9742K(1015296K), 0.0036174 secs]
48959.853: [GC (Allocation Failure)  336398K->9678K(1080832K), 0.0035191 secs]
48960.249: [GC (Allocation Failure)  401870K->9710K(1069056K), 0.0031162 secs]
48960.630: [GC (Allocation Failure)  390126K->9710K(1057792K), 0.0031776 secs]
48960.998: [GC (Allocation Failure)  378862K->9742K(1047040K), 0.0029767 secs]
48961.361: [GC (Allocation Failure)  368142K->9710K(1036800K), 0.0033797 secs]
48961.725: [GC (Allocation Failure)  357870K->9678K(1027072K), 0.0037179 secs]
48962.066: [GC (Allocation Failure)  348110K->9710K(1017856K), 0.0030420 secs]
48962.396: [GC (Allocation Failure)  338926K->9742K(1008640K), 0.0032836 secs]
48962.718: [GC (Allocation Failure)  329742K->9678K(999936K), 0.0039110 secs]
48963.033: [GC (Allocation Failure)  320974K->9742K(991744K), 0.0027262 secs]
48963.335: [GC (Allocation Failure)  312846K->9710K(984064K), 0.0028312 secs]
48963.628: [GC (Allocation Failure)  305134K->9710K(1043456K), 0.0043628 secs]
48963.978: [GC (Allocation Failure)  364526K->9710K(1114624K), 0.0037790 secs]
48964.402: [GC (Allocation Failure)  435694K->9710K(1101824K), 0.0034550 secs]
48964.806: [GC (Allocation Failure)  422894K->9710K(1184768K), 0.0043664 secs]
48965.324: [GC (Allocation Failure)  505838K->9710K(1168896K), 0.0041431 secs]
48965.810: [GC (Allocation Failure)  489966K->9710K(1153536K), 0.0035681 secs]
48966.273: [GC (Allocation Failure)  474606K->9710K(1138688K), 0.0032190 secs]
48966.724: [GC (Allocation Failure)  459758K->9710K(1124864K), 0.0037484 secs]
48967.163: [GC (Allocation Failure)  445934K->9710K(1111552K), 0.0034744 secs]
48967.589: [GC (Allocation Failure)  432622K->9710K(1098752K), 0.0034460 secs]
48968.006: [GC (Allocation Failure)  419822K->9710K(1086464K), 0.0034030 secs]
48968.416: [GC (Allocation Failure)  407534K->9678K(1074688K), 0.0035372 secs]
48968.814: [GC (Allocation Failure)  395726K->9678K(1063424K), 0.0032853 secs]
48969.196: [GC (Allocation Failure)  384462K->9710K(1052672K), 0.0033610 secs]
48969.566: [GC (Allocation Failure)  373742K->9710K(1042432K), 0.0031319 secs]
48969.921: [GC (Allocation Failure)  363502K->9710K(1032704K), 0.0042027 secs]
48970.296: [GC (Allocation Failure)  353774K->9742K(1022976K), 0.0030480 secs]
48970.632: [GC (Allocation Failure)  344078K->9678K(1013760K), 0.0040310 secs]
48970.975: [GC (Allocation Failure)  334798K->9678K(1005056K), 0.0035321 secs]
48971.305: [GC (Allocation Failure)  326094K->9678K(996352K), 0.0035835 secs]
48971.625: [GC (Allocation Failure)  317390K->9710K(1058304K), 0.0039983 secs]
48972.008: [GC (Allocation Failure)  379374K->9678K(1132544K), 0.0036380 secs]
48972.453: [GC (Allocation Failure)  453582K->9742K(1118720K), 0.0038787 secs]
48972.919: [GC (Allocation Failure)  439822K->9678K(1105408K), 0.0034725 secs]
48973.341: [GC (Allocation Failure)  426446K->9710K(1092608K), 0.0032489 secs]
48973.742: [GC (Allocation Failure)  413678K->9678K(1080320K), 0.0036102 secs]
48974.130: [GC (Allocation Failure)  401358K->9678K(1068544K), 0.0038618 secs]
48974.501: [GC (Allocation Failure)  389582K->9742K(1057280K), 0.0033958 secs]
48974.880: [GC (Allocation Failure)  378382K->9742K(1046528K), 0.0037746 secs]
48975.232: [GC (Allocation Failure)  367630K->9678K(1036288K), 0.0037442 secs]
48975.574: [GC (Allocation Failure)  357326K->9742K(1026560K), 0.0034445 secs]
48975.906: [GC (Allocation Failure)  347662K->9678K(1017344K), 0.0035363 secs]
48976.229: [GC (Allocation Failure)  338382K->9710K(1083392K), 0.0036841 secs]
48976.619: [GC (Allocation Failure)  404462K->9710K(1071616K), 0.0036368 secs]
48976.999: [GC (Allocation Failure)  392686K->9678K(1060352K), 0.0031107 secs]
48977.364: [GC (Allocation Failure)  381390K->9742K(1049600K), 0.0028368 secs]
48977.719: [GC (Allocation Failure)  370702K->9710K(1039360K), 0.0038425 secs]
48978.065: [GC (Allocation Failure)  360430K->9678K(1029632K), 0.0035290 secs]
48978.402: [GC (Allocation Failure)  350670K->9678K(1020416K), 0.0035625 secs]
48978.730: [GC (Allocation Failure)  341454K->9710K(1086976K), 0.0049582 secs]
48979.148: [GC (Allocation Failure)  408046K->9710K(1166848K), 0.0034716 secs]
48979.621: [GC (Allocation Failure)  487918K->9710K(1151488K), 0.0037018 secs]
48980.080: [GC (Allocation Failure)  472558K->9710K(1136640K), 0.0032753 secs]
48980.546: [GC (Allocation Failure)  457710K->9710K(1122816K), 0.0034911 secs]
48980.992: [GC (Allocation Failure)  443886K->9710K(1109504K), 0.0039483 secs]
48981.443: [GC (Allocation Failure)  430574K->9678K(1096704K), 0.0034473 secs]
48981.862: [GC (Allocation Failure)  417742K->9678K(1084416K), 0.0038260 secs]
48982.270: [GC (Allocation Failure)  405454K->9710K(1072640K), 0.0037272 secs]
48982.665: [GC (Allocation Failure)  393710K->9742K(1061376K), 0.0041588 secs]
48983.053: [GC (Allocation Failure)  382478K->9678K(1050624K), 0.0049087 secs]
48983.433: [GC (Allocation Failure)  371662K->9678K(1040384K), 0.0037251 secs]
48983.794: [GC (Allocation Failure)  361422K->9710K(1030656K), 0.0036472 secs]
48984.199: [GC (Allocation Failure)  351726K->9710K(1020928K), 0.0036242 secs]
48984.570: [GC (Allocation Failure)  341998K->9678K(1011712K), 0.0042289 secs]
48984.904: [GC (Allocation Failure)  332750K->9646K(1003008K), 0.0035738 secs]
48985.253: [GC (Allocation Failure)  324014K->9678K(1065984K), 0.0038125 secs]
48985.643: [GC (Allocation Failure)  387022K->9678K(1055232K), 0.0036636 secs]
48986.025: [GC (Allocation Failure)  376270K->9678K(1044480K), 0.0039614 secs]
48986.390: [GC (Allocation Failure)  365518K->9710K(1034240K), 0.0037522 secs]
48986.747: [GC (Allocation Failure)  355310K->9710K(1024512K), 0.0032556 secs]
48987.148: [GC (Allocation Failure)  345582K->9678K(1015296K), 0.0033759 secs]
48987.485: [GC (Allocation Failure)  336334K->9710K(1006592K), 0.0040967 secs]
48987.813: [GC (Allocation Failure)  327662K->9710K(997888K), 0.0033705 secs]
48988.152: [GC (Allocation Failure)  318958K->9710K(989696K), 0.0036288 secs]
48988.496: [GC (Allocation Failure)  310766K->9678K(982016K), 0.0034042 secs]
48988.799: [GC (Allocation Failure)  303054K->9710K(1040896K), 0.0040025 secs]
48989.167: [GC (Allocation Failure)  361966K->9678K(1111552K), 0.0035698 secs]
48989.624: [GC (Allocation Failure)  432590K->9710K(1098752K), 0.0036671 secs]
48990.045: [GC (Allocation Failure)  419822K->9710K(1086464K), 0.0037463 secs]
48990.498: [GC (Allocation Failure)  407534K->9710K(1074688K), 0.0033048 secs]
48990.895: [GC (Allocation Failure)  395758K->9742K(1063424K), 0.0033218 secs]
48991.280: [GC (Allocation Failure)  384526K->9678K(1052672K), 0.0038911 secs]
48991.683: [GC (Allocation Failure)  373710K->9742K(1042432K), 0.0031705 secs]
48992.048: [GC (Allocation Failure)  363534K->9710K(1032704K), 0.0043231 secs]
48992.403: [GC (Allocation Failure)  353774K->9678K(1022976K), 0.0035953 secs]
48992.747: [GC (Allocation Failure)  344014K->9678K(1013760K), 0.0034660 secs]
48993.082: [GC (Allocation Failure)  334798K->9710K(1005056K), 0.0031015 secs]
48993.409: [GC (Allocation Failure)  326126K->9678K(996352K), 0.0036958 secs]
48993.760: [GC (Allocation Failure)  317390K->9710K(1058304K), 0.0039631 secs]
48994.142: [GC (Allocation Failure)  379374K->9678K(1047552K), 0.0031715 secs]
48994.510: [GC (Allocation Failure)  368590K->9710K(1037312K), 0.0038211 secs]
48994.872: [GC (Allocation Failure)  358382K->9646K(1027584K), 0.0039430 secs]
48995.222: [GC (Allocation Failure)  348590K->9678K(1018368K), 0.0035320 secs]
48995.586: [GC (Allocation Failure)  339406K->9742K(1009152K), 0.0035265 secs]
48995.918: [GC (Allocation Failure)  330254K->9678K(1000448K), 0.0035884 secs]
48996.239: [GC (Allocation Failure)  321486K->9710K(1062912K), 0.0037959 secs]
48996.624: [GC (Allocation Failure)  383982K->9678K(1052160K), 0.0035610 secs]
48996.999: [GC (Allocation Failure)  373198K->9710K(1041920K), 0.0038026 secs]
48997.361: [GC (Allocation Failure)  362990K->9710K(1032192K), 0.0037232 secs]
48997.714: [GC (Allocation Failure)  353262K->9678K(1101312K), 0.0040691 secs]
48998.142: [GC (Allocation Failure)  422350K->9678K(1089024K), 0.0041157 secs]
48998.552: [GC (Allocation Failure)  410062K->9710K(1077248K), 0.0039454 secs]
48998.985: [GC (Allocation Failure)  398318K->9678K(1065984K), 0.0033919 secs]
48999.374: [GC (Allocation Failure)  387022K->9678K(1055232K), 0.0032208 secs]
48999.750: [GC (Allocation Failure)  376270K->9710K(1044480K), 0.0033471 secs]
49000.115: [GC (Allocation Failure)  365550K->9710K(1034240K), 0.0049660 secs]
49000.478: [GC (Allocation Failure)  355310K->9678K(1103360K), 0.0038907 secs]
49000.917: [GC (Allocation Failure)  424398K->9710K(1091072K), 0.0037532 secs]
49001.331: [GC (Allocation Failure)  412142K->9742K(1079296K), 0.0030912 secs]
49001.734: [GC (Allocation Failure)  400398K->9710K(1068032K), 0.0037526 secs]
49002.141: [GC (Allocation Failure)  389102K->9678K(1056768K), 0.0037154 secs]
49002.521: [GC (Allocation Failure)  377806K->9678K(1046016K), 0.0040023 secs]
49002.902: [GC (Allocation Failure)  367054K->9710K(1035776K), 0.0035759 secs]
49003.261: [GC (Allocation Failure)  356846K->9710K(1026048K), 0.0044758 secs]
49003.615: [GC (Allocation Failure)  347118K->9710K(1016832K), 0.0033424 secs]
49003.994: [GC (Allocation Failure)  337902K->9678K(1008128K), 0.0036726 secs]
49004.323: [GC (Allocation Failure)  329166K->9678K(999424K), 0.0037483 secs]
49004.645: [GC (Allocation Failure)  320462K->9710K(1061888K), 0.0035836 secs]
49005.029: [GC (Allocation Failure)  382958K->9678K(1136640K), 0.0046140 secs]
49005.526: [GC (Allocation Failure)  457678K->9710K(1226240K), 0.0043954 secs]
49006.078: [GC (Allocation Failure)  547310K->9710K(1208320K), 0.0036984 secs]
49006.614: [GC (Allocation Failure)  529390K->9710K(1191424K), 0.0037453 secs]
49007.146: [GC (Allocation Failure)  512494K->9710K(1175040K), 0.0036521 secs]
49007.650: [GC (Allocation Failure)  496110K->9678K(1159168K), 0.0032612 secs]
49008.132: [GC (Allocation Failure)  480206K->9710K(1144320K), 0.0043320 secs]
49008.621: [GC (Allocation Failure)  465390K->9710K(1129984K), 0.0041060 secs]
49009.119: [GC (Allocation Failure)  451054K->9710K(1116160K), 0.0056551 secs]
49009.579: [GC (Allocation Failure)  437230K->9710K(1102848K), 0.0042518 secs]
49010.006: [GC (Allocation Failure)  423918K->9710K(1090560K), 0.0037889 secs]
49010.435: [GC (Allocation Failure)  411630K->9678K(1078784K), 0.0039883 secs]
49010.924: [GC (Allocation Failure)  399822K->9678K(1067520K), 0.0043425 secs]
49011.315: [GC (Allocation Failure)  388558K->9710K(1056256K), 0.0033415 secs]
49011.719: [GC (Allocation Failure)  377326K->9710K(1045504K), 0.0039401 secs]
49012.088: [GC (Allocation Failure)  366574K->9678K(1035264K), 0.0035170 secs]
49012.466: [GC (Allocation Failure)  356302K->9710K(1025536K), 0.0034343 secs]
49012.814: [GC (Allocation Failure)  346606K->9678K(1016320K), 0.0042484 secs]
49013.156: [GC (Allocation Failure)  337358K->9678K(1007616K), 0.0036557 secs]
49013.485: [GC (Allocation Failure)  328654K->9710K(998912K), 0.0034189 secs]
49013.806: [GC (Allocation Failure)  319982K->9678K(990720K), 0.0030511 secs]
49014.143: [GC (Allocation Failure)  311758K->9678K(983040K), 0.0036967 secs]
49014.449: [GC (Allocation Failure)  304078K->9678K(1041920K), 0.0037112 secs]
49014.823: [GC (Allocation Failure)  362958K->9678K(1032192K), 0.0033364 secs]
49015.181: [GC (Allocation Failure)  353230K->9710K(1101312K), 0.0044818 secs]
49015.609: [GC (Allocation Failure)  422382K->9710K(1089024K), 0.0035347 secs]
49016.026: [GC (Allocation Failure)  410094K->9678K(1169408K), 0.0048890 secs]
49016.526: [GC (Allocation Failure)  490446K->9742K(1154048K), 0.0033962 secs]
49017.018: [GC (Allocation Failure)  475150K->9678K(1139200K), 0.0037115 secs]
49017.483: [GC (Allocation Failure)  460238K->9710K(1125376K), 0.0035791 secs]
49017.932: [GC (Allocation Failure)  446446K->9678K(1112064K), 0.0042443 secs]
49018.372: [GC (Allocation Failure)  433102K->9710K(1099264K), 0.0033016 secs]
49018.794: [GC (Allocation Failure)  420334K->9710K(1086976K), 0.0041461 secs]
49019.204: [GC (Allocation Failure)  408046K->9742K(1075200K), 0.0035799 secs]
49019.602: [GC (Allocation Failure)  396302K->9742K(1063936K), 0.0046935 secs]
49019.995: [GC (Allocation Failure)  385038K->9710K(1053184K), 0.0049214 secs]
49020.370: [GC (Allocation Failure)  374254K->9678K(1042944K), 0.0035098 secs]
49020.737: [GC (Allocation Failure)  363982K->9710K(1032704K), 0.0036957 secs]
49021.093: [GC (Allocation Failure)  353774K->9710K(1101824K), 0.0040269 secs]
49021.523: [GC (Allocation Failure)  422894K->9678K(1089536K), 0.0037610 secs]
49021.935: [GC (Allocation Failure)  410574K->9710K(1077760K), 0.0033775 secs]
49022.335: [GC (Allocation Failure)  398830K->9678K(1066496K), 0.0034138 secs]
49022.725: [GC (Allocation Failure)  387534K->9678K(1055744K), 0.0035760 secs]
49023.106: [GC (Allocation Failure)  376782K->9678K(1044992K), 0.0048022 secs]
49023.479: [GC (Allocation Failure)  366030K->9710K(1034752K), 0.0038072 secs]
49023.857: [GC (Allocation Failure)  355822K->9678K(1025024K), 0.0031894 secs]
49024.206: [GC (Allocation Failure)  346062K->9710K(1015808K), 0.0037361 secs]
49024.553: [GC (Allocation Failure)  336878K->9710K(1007104K), 0.0032463 secs]
49024.901: [GC (Allocation Failure)  328174K->9710K(1071104K), 0.0054359 secs]
49025.297: [GC (Allocation Failure)  392174K->9678K(1147904K), 0.0039120 secs]
49025.768: [GC (Allocation Failure)  468942K->9710K(1240064K), 0.0043655 secs]
49026.344: [GC (Allocation Failure)  561134K->9710K(1221632K), 0.0053043 secs]
49026.891: [GC (Allocation Failure)  542702K->9710K(1203712K), 0.0035732 secs]
49027.420: [GC (Allocation Failure)  524782K->9710K(1186816K), 0.0032610 secs]
49027.930: [GC (Allocation Failure)  507886K->9646K(1170432K), 0.0046613 secs]
49028.429: [GC (Allocation Failure)  491438K->9710K(1155072K), 0.0034939 secs]
49028.906: [GC (Allocation Failure)  476142K->9710K(1140224K), 0.0032740 secs]
49029.368: [GC (Allocation Failure)  461294K->9710K(1125888K), 0.0045117 secs]
49029.820: [GC (Allocation Failure)  446958K->9710K(1112576K), 0.0032364 secs]
49030.285: [GC (Allocation Failure)  433646K->9646K(1099776K), 0.0039766 secs]
49030.717: [GC (Allocation Failure)  420782K->9678K(1087488K), 0.0038018 secs]
49031.132: [GC (Allocation Failure)  408526K->9710K(1075712K), 0.0035878 secs]
49031.534: [GC (Allocation Failure)  396782K->9678K(1064448K), 0.0044970 secs]
49031.927: [GC (Allocation Failure)  385486K->9710K(1053696K), 0.0035223 secs]
49032.304: [GC (Allocation Failure)  374766K->9678K(1043456K), 0.0035190 secs]
49032.672: [GC (Allocation Failure)  364494K->9710K(1033216K), 0.0032888 secs]
49033.030: [GC (Allocation Failure)  354286K->9678K(1023488K), 0.0038592 secs]
49033.375: [GC (Allocation Failure)  344526K->9678K(1014272K), 0.0032635 secs]
49033.712: [GC (Allocation Failure)  335310K->9678K(1005568K), 0.0031956 secs]
49034.055: [GC (Allocation Failure)  326606K->9742K(996864K), 0.0034668 secs]
49034.372: [GC (Allocation Failure)  317966K->9710K(988672K), 0.0037092 secs]
49034.682: [GC (Allocation Failure)  309742K->9678K(1049088K), 0.0039391 secs]
49035.054: [GC (Allocation Failure)  370126K->9678K(1121280K), 0.0056383 secs]
49035.530: [GC (Allocation Failure)  442318K->9678K(1207808K), 0.0039790 secs]
49036.066: [GC (Allocation Failure)  528846K->9710K(1190912K), 0.0044416 secs]
49036.606: [GC (Allocation Failure)  511982K->9678K(1174528K), 0.0036409 secs]
49037.106: [GC (Allocation Failure)  495566K->9710K(1159168K), 0.0038715 secs]
49037.588: [GC (Allocation Failure)  480238K->9710K(1144320K), 0.0035979 secs]
49038.060: [GC (Allocation Failure)  465390K->9710K(1129984K), 0.0041326 secs]
49038.519: [GC (Allocation Failure)  451054K->9678K(1116160K), 0.0035132 secs]
49038.961: [GC (Allocation Failure)  437198K->9710K(1102848K), 0.0035366 secs]
49039.389: [GC (Allocation Failure)  423918K->9710K(1090560K), 0.0038860 secs]
49039.805: [GC (Allocation Failure)  411630K->9710K(1078784K), 0.0041376 secs]
49040.208: [GC (Allocation Failure)  399854K->9710K(1067520K), 0.0037422 secs]
49040.599: [GC (Allocation Failure)  388590K->9710K(1056256K), 0.0029975 secs]
49040.978: [GC (Allocation Failure)  377326K->9710K(1045504K), 0.0041798 secs]
49041.351: [GC (Allocation Failure)  366574K->9710K(1035264K), 0.0044619 secs]
49041.712: [GC (Allocation Failure)  356334K->9710K(1104896K), 0.0042672 secs]
49042.153: [GC (Allocation Failure)  425966K->9678K(1092096K), 0.0034014 secs]
49042.567: [GC (Allocation Failure)  413134K->9678K(1079808K), 0.0029428 secs]
49042.970: [GC (Allocation Failure)  400846K->9710K(1068032K), 0.0038788 secs]
49043.360: [GC (Allocation Failure)  389102K->9710K(1144320K), 0.0056006 secs]
49043.838: [GC (Allocation Failure)  465390K->9710K(1129984K), 0.0033756 secs]
49044.293: [GC (Allocation Failure)  451054K->9678K(1116160K), 0.0031821 secs]
49044.750: [GC (Allocation Failure)  437198K->9710K(1102848K), 0.0040623 secs]
49045.175: [GC (Allocation Failure)  423918K->9710K(1090560K), 0.0046816 secs]
49045.595: [GC (Allocation Failure)  411630K->9678K(1078784K), 0.0034384 secs]
49046.063: [GC (Allocation Failure)  399822K->9678K(1067520K), 0.0039893 secs]
49046.477: [GC (Allocation Failure)  388558K->9678K(1056256K), 0.0056367 secs]
49046.857: [GC (Allocation Failure)  377294K->9710K(1045504K), 0.0045571 secs]
49047.230: [GC (Allocation Failure)  366574K->9678K(1035264K), 0.0038673 secs]
49047.589: [GC (Allocation Failure)  356302K->9678K(1104896K), 0.0043151 secs]
49048.021: [GC (Allocation Failure)  425934K->9710K(1092096K), 0.0036310 secs]
49048.436: [GC (Allocation Failure)  413166K->9710K(1079808K), 0.0041252 secs]
49048.843: [GC (Allocation Failure)  400878K->9678K(1068032K), 0.0039109 secs]
49049.238: [GC (Allocation Failure)  389070K->9678K(1056768K), 0.0039371 secs]
49049.618: [GC (Allocation Failure)  377806K->9678K(1046016K), 0.0038581 secs]
49049.993: [GC (Allocation Failure)  367054K->9678K(1035776K), 0.0038903 secs]
49050.351: [GC (Allocation Failure)  356814K->9710K(1026048K), 0.0036706 secs]
49050.705: [GC (Allocation Failure)  347118K->9710K(1016832K), 0.0030779 secs]
49051.060: [GC (Allocation Failure)  337902K->9710K(1008128K), 0.0038128 secs]
49051.390: [GC (Allocation Failure)  329198K->9646K(999424K), 0.0034542 secs]
49051.714: [GC (Allocation Failure)  320430K->9678K(1061888K), 0.0038134 secs]
49052.099: [GC (Allocation Failure)  382926K->9710K(1136640K), 0.0039441 secs]
49052.564: [GC (Allocation Failure)  457710K->9678K(1122816K), 0.0036963 secs]
49053.033: [GC (Allocation Failure)  443854K->9710K(1109504K), 0.0037476 secs]
49053.468: [GC (Allocation Failure)  430574K->9678K(1096704K), 0.0033825 secs]
49053.888: [GC (Allocation Failure)  417742K->9678K(1084416K), 0.0037961 secs]
49054.297: [GC (Allocation Failure)  405454K->9710K(1072640K), 0.0051100 secs]
49054.699: [GC (Allocation Failure)  393710K->9678K(1061376K), 0.0044552 secs]
49055.087: [GC (Allocation Failure)  382414K->9710K(1050624K), 0.0039430 secs]
49055.462: [GC (Allocation Failure)  371694K->9710K(1123328K), 0.0046733 secs]
49055.916: [GC (Allocation Failure)  444398K->9710K(1110016K), 0.0039636 secs]
49056.349: [GC (Allocation Failure)  431086K->9742K(1097216K), 0.0032224 secs]
49056.769: [GC (Allocation Failure)  418318K->9710K(1084928K), 0.0033945 secs]
49057.176: [GC (Allocation Failure)  405998K->9710K(1073152K), 0.0035777 secs]
49057.572: [GC (Allocation Failure)  394222K->9710K(1061888K), 0.0037219 secs]
49057.956: [GC (Allocation Failure)  382958K->9646K(1051136K), 0.0036883 secs]
49058.339: [GC (Allocation Failure)  372142K->9742K(1040896K), 0.0035704 secs]
49058.701: [GC (Allocation Failure)  361998K->9678K(1031168K), 0.0039878 secs]
49059.059: [GC (Allocation Failure)  352206K->9678K(1099776K), 0.0044937 secs]
49059.488: [GC (Allocation Failure)  420814K->9678K(1087488K), 0.0036315 secs]
49059.897: [GC (Allocation Failure)  408526K->9678K(1075712K), 0.0044712 secs]
49060.300: [GC (Allocation Failure)  396750K->9710K(1064448K), 0.0037037 secs]
49060.687: [GC (Allocation Failure)  385518K->9710K(1053696K), 0.0037917 secs]
49061.062: [GC (Allocation Failure)  374766K->9710K(1043456K), 0.0043350 secs]
49061.439: [GC (Allocation Failure)  364526K->9710K(1114624K), 0.0040460 secs]
49061.876: [GC (Allocation Failure)  435694K->9678K(1101824K), 0.0035048 secs]
49062.324: [GC (Allocation Failure)  422862K->9742K(1089536K), 0.0035807 secs]
49062.737: [GC (Allocation Failure)  410638K->9710K(1077760K), 0.0032118 secs]
49063.139: [GC (Allocation Failure)  398830K->9678K(1066496K), 0.0034431 secs]
49063.529: [GC (Allocation Failure)  387534K->9678K(1055744K), 0.0034780 secs]
49063.929: [GC (Allocation Failure)  376782K->9678K(1044992K), 0.0044587 secs]
49064.301: [GC (Allocation Failure)  366030K->9710K(1034752K), 0.0038903 secs]
49064.660: [GC (Allocation Failure)  355822K->9710K(1025024K), 0.0040066 secs]
49065.008: [GC (Allocation Failure)  346094K->9710K(1092608K), 0.0039076 secs]
49065.424: [GC (Allocation Failure)  413678K->9678K(1080320K), 0.0035831 secs]
49065.826: [GC (Allocation Failure)  401358K->9710K(1068544K), 0.0046048 secs]
49066.221: [GC (Allocation Failure)  389614K->9710K(1144832K), 0.0047861 secs]
49066.711: [GC (Allocation Failure)  465902K->9678K(1236480K), 0.0044686 secs]
49067.271: [GC (Allocation Failure)  557518K->9710K(1218048K), 0.0038993 secs]
49067.812: [GC (Allocation Failure)  539118K->9678K(1200640K), 0.0032349 secs]
49068.353: [GC (Allocation Failure)  521678K->9710K(1183744K), 0.0039425 secs]
49068.862: [GC (Allocation Failure)  504814K->9710K(1167872K), 0.0046584 secs]
49069.360: [GC (Allocation Failure)  488942K->9710K(1152512K), 0.0042544 secs]
49069.835: [GC (Allocation Failure)  473582K->9646K(1137664K), 0.0041400 secs]
49070.305: [GC (Allocation Failure)  458670K->9742K(1123840K), 0.0041302 secs]
49070.755: [GC (Allocation Failure)  444942K->9710K(1110528K), 0.0042396 secs]
49071.190: [GC (Allocation Failure)  431598K->9710K(1097728K), 0.0038560 secs]
49071.613: [GC (Allocation Failure)  418798K->9710K(1085440K), 0.0041829 secs]
49072.045: [GC (Allocation Failure)  406510K->9710K(1073664K), 0.0044758 secs]
49072.463: [GC (Allocation Failure)  394734K->9710K(1062400K), 0.0035418 secs]
49072.851: [GC (Allocation Failure)  383470K->9742K(1051648K), 0.0035821 secs]
49073.230: [GC (Allocation Failure)  372750K->9710K(1041408K), 0.0050811 secs]
49073.599: [GC (Allocation Failure)  362478K->9710K(1031680K), 0.0034244 secs]
49073.953: [GC (Allocation Failure)  352750K->9678K(1021952K), 0.0040163 secs]
49074.300: [GC (Allocation Failure)  342990K->9710K(1089024K), 0.0042017 secs]
49074.716: [GC (Allocation Failure)  410094K->9710K(1169408K), 0.0041363 secs]
49075.208: [GC (Allocation Failure)  490478K->9678K(1154048K), 0.0040180 secs]
49075.707: [GC (Allocation Failure)  475086K->9742K(1139200K), 0.0045727 secs]
49076.174: [GC (Allocation Failure)  460302K->9710K(1125376K), 0.0045352 secs]
49076.647: [GC (Allocation Failure)  446446K->9710K(1112064K), 0.0048904 secs]
49077.127: [GC (Allocation Failure)  433134K->9710K(1099264K), 0.0039498 secs]
49077.557: [GC (Allocation Failure)  420334K->9710K(1086976K), 0.0041449 secs]
49077.966: [GC (Allocation Failure)  408046K->9710K(1075200K), 0.0042790 secs]
49078.378: [GC (Allocation Failure)  396270K->9710K(1063936K), 0.0045197 secs]
49078.794: [GC (Allocation Failure)  385006K->9710K(1053184K), 0.0033183 secs]
49079.175: [GC (Allocation Failure)  374254K->9710K(1042944K), 0.0037554 secs]
49079.541: [GC (Allocation Failure)  364014K->9678K(1032704K), 0.0036030 secs]
49079.895: [GC (Allocation Failure)  353742K->9678K(1022976K), 0.0037273 secs]
49080.238: [GC (Allocation Failure)  344014K->9710K(1013760K), 0.0039442 secs]
49080.650: [GC (Allocation Failure)  334830K->9742K(1005056K), 0.0040768 secs]
49080.984: [GC (Allocation Failure)  326158K->9678K(1068544K), 0.0038796 secs]
49081.376: [GC (Allocation Failure)  389582K->9678K(1144832K), 0.0046260 secs]
49081.850: [GC (Allocation Failure)  465870K->9710K(1130496K), 0.0037458 secs]
49082.303: [GC (Allocation Failure)  451566K->9678K(1116672K), 0.0044224 secs]
49082.746: [GC (Allocation Failure)  437710K->9710K(1103360K), 0.0042173 secs]
49083.176: [GC (Allocation Failure)  424430K->9710K(1091072K), 0.0039075 secs]
49083.590: [GC (Allocation Failure)  412142K->9678K(1079296K), 0.0041719 secs]
49083.994: [GC (Allocation Failure)  400334K->9710K(1068032K), 0.0032197 secs]
49084.383: [GC (Allocation Failure)  389102K->9710K(1056768K), 0.0035814 secs]
49084.763: [GC (Allocation Failure)  377838K->9710K(1046016K), 0.0049933 secs]
49085.138: [GC (Allocation Failure)  367086K->9678K(1117696K), 0.0042690 secs]
49085.581: [GC (Allocation Failure)  438734K->9710K(1104384K), 0.0037326 secs]
49086.009: [GC (Allocation Failure)  425454K->9710K(1091584K), 0.0046680 secs]
49086.432: [GC (Allocation Failure)  412654K->9678K(1079808K), 0.0040016 secs]
49086.840: [GC (Allocation Failure)  400846K->9710K(1068032K), 0.0038107 secs]
49087.232: [GC (Allocation Failure)  389102K->9710K(1056768K), 0.0036346 secs]
49087.628: [GC (Allocation Failure)  377838K->9710K(1046016K), 0.0041127 secs]
49088.001: [GC (Allocation Failure)  367086K->9678K(1117696K), 0.0053259 secs]
49088.489: [GC (Allocation Failure)  438734K->9710K(1104384K), 0.0036348 secs]
49088.916: [GC (Allocation Failure)  425454K->9710K(1187840K), 0.0049653 secs]
49089.433: [GC (Allocation Failure)  508910K->9678K(1171456K), 0.0039363 secs]
49089.931: [GC (Allocation Failure)  492494K->9678K(1156096K), 0.0040025 secs]
49090.424: [GC (Allocation Failure)  477134K->9710K(1141248K), 0.0040045 secs]
49090.889: [GC (Allocation Failure)  462318K->9678K(1126912K), 0.0037670 secs]
49091.361: [GC (Allocation Failure)  447950K->9678K(1113600K), 0.0038859 secs]
49091.799: [GC (Allocation Failure)  434638K->9678K(1100800K), 0.0037465 secs]
49092.224: [GC (Allocation Failure)  421838K->9678K(1088512K), 0.0045861 secs]
49092.637: [GC (Allocation Failure)  409550K->9742K(1076736K), 0.0038663 secs]
49093.070: [GC (Allocation Failure)  397838K->9710K(1065472K), 0.0044016 secs]
49093.458: [GC (Allocation Failure)  386542K->9678K(1054720K), 0.0032647 secs]
49093.835: [GC (Allocation Failure)  375758K->9678K(1044480K), 0.0043333 secs]
49094.208: [GC (Allocation Failure)  365518K->9678K(1115648K), 0.0048780 secs]
49094.652: [GC (Allocation Failure)  436686K->9678K(1201152K), 0.0045551 secs]
49095.182: [GC (Allocation Failure)  522190K->9710K(1184256K), 0.0036100 secs]
49095.693: [GC (Allocation Failure)  505326K->9678K(1168384K), 0.0035355 secs]
49096.183: [GC (Allocation Failure)  489422K->9678K(1153024K), 0.0030307 secs]
49096.659: [GC (Allocation Failure)  474062K->9710K(1138176K), 0.0038356 secs]
49097.120: [GC (Allocation Failure)  459246K->9710K(1124352K), 0.0037216 secs]
49097.575: [GC (Allocation Failure)  445422K->9678K(1111040K), 0.0035466 secs]
49098.010: [GC (Allocation Failure)  432078K->9646K(1098240K), 0.0032673 secs]
49098.430: [GC (Allocation Failure)  419246K->9710K(1085952K), 0.0041221 secs]
49098.863: [GC (Allocation Failure)  407022K->9710K(1074176K), 0.0054755 secs]
49099.267: [GC (Allocation Failure)  395246K->9710K(1062912K), 0.0032369 secs]
49099.651: [GC (Allocation Failure)  383982K->9678K(1052160K), 0.0035893 secs]
49100.042: [GC (Allocation Failure)  373198K->9678K(1041920K), 0.0035936 secs]
49100.405: [GC (Allocation Failure)  362958K->9710K(1032192K), 0.0034993 secs]
49100.759: [GC (Allocation Failure)  353262K->9710K(1022464K), 0.0030918 secs]
49101.104: [GC (Allocation Failure)  343534K->9710K(1013248K), 0.0034034 secs]
49101.438: [GC (Allocation Failure)  334318K->9710K(1004544K), 0.0036490 secs]
49101.763: [GC (Allocation Failure)  325614K->9678K(996352K), 0.0036369 secs]
49102.080: [GC (Allocation Failure)  317390K->9710K(988160K), 0.0032414 secs]
49102.390: [GC (Allocation Failure)  309230K->9678K(1048064K), 0.0035244 secs]
49102.761: [GC (Allocation Failure)  369102K->9710K(1037824K), 0.0033895 secs]
49103.122: [GC (Allocation Failure)  358894K->9710K(1028096K), 0.0029710 secs]
49103.493: [GC (Allocation Failure)  349166K->9710K(1018880K), 0.0035968 secs]
49103.835: [GC (Allocation Failure)  339950K->9678K(1009664K), 0.0041274 secs]
49104.171: [GC (Allocation Failure)  330702K->9678K(1000960K), 0.0034439 secs]
49104.493: [GC (Allocation Failure)  321998K->9678K(1063424K), 0.0045268 secs]
49104.884: [GC (Allocation Failure)  384462K->9710K(1138688K), 0.0034370 secs]
49105.408: [GC (Allocation Failure)  459758K->9710K(1124864K), 0.0034415 secs]
49105.856: [GC (Allocation Failure)  445934K->9710K(1111552K), 0.0036019 secs]
49106.313: [GC (Allocation Failure)  432622K->9742K(1098752K), 0.0034254 secs]
49106.738: [GC (Allocation Failure)  419854K->9678K(1086464K), 0.0045600 secs]
49107.153: [GC (Allocation Failure)  407502K->9710K(1074688K), 0.0036554 secs]
49107.555: [GC (Allocation Failure)  395758K->9710K(1063424K), 0.0040890 secs]
49107.947: [GC (Allocation Failure)  384494K->9678K(1052672K), 0.0037525 secs]
49108.321: [GC (Allocation Failure)  373710K->9678K(1042432K), 0.0036125 secs]
49108.716: [GC (Allocation Failure)  363470K->9678K(1032704K), 0.0034947 secs]
49109.070: [GC (Allocation Failure)  353742K->9710K(1022976K), 0.0034239 secs]
49109.414: [GC (Allocation Failure)  344046K->9710K(1013760K), 0.0032599 secs]
49109.748: [GC (Allocation Failure)  334830K->9678K(1005056K), 0.0034124 secs]
49110.082: [GC (Allocation Failure)  326094K->9678K(1068544K), 0.0050776 secs]
49110.479: [GC (Allocation Failure)  389582K->9742K(1057280K), 0.0030184 secs]
49110.878: [GC (Allocation Failure)  378382K->9678K(1046528K), 0.0039455 secs]
49111.265: [GC (Allocation Failure)  367566K->9678K(1036288K), 0.0037084 secs]
49111.625: [GC (Allocation Failure)  357326K->9710K(1026560K), 0.0033807 secs]
49111.973: [GC (Allocation Failure)  347630K->9710K(1017344K), 0.0030694 secs]
49112.316: [GC (Allocation Failure)  338414K->9710K(1008640K), 0.0034875 secs]
49112.646: [GC (Allocation Failure)  329710K->9710K(999936K), 0.0035695 secs]
49112.967: [GC (Allocation Failure)  321006K->9710K(991744K), 0.0032888 secs]
49113.281: [GC (Allocation Failure)  312814K->9678K(984064K), 0.0035760 secs]
49113.587: [GC (Allocation Failure)  305102K->9710K(1043456K), 0.0034515 secs]
49113.980: [GC (Allocation Failure)  364526K->9678K(1033216K), 0.0035159 secs]
49114.335: [GC (Allocation Failure)  354254K->9710K(1023488K), 0.0031524 secs]
49114.681: [GC (Allocation Failure)  344558K->9678K(1014272K), 0.0037393 secs]
49115.035: [GC (Allocation Failure)  335310K->9710K(1005568K), 0.0033470 secs]
49115.362: [GC (Allocation Failure)  326638K->9710K(1069056K), 0.0040956 secs]
49115.760: [GC (Allocation Failure)  390126K->9678K(1057792K), 0.0035821 secs]
49116.140: [GC (Allocation Failure)  378830K->9710K(1047040K), 0.0040414 secs]
49116.514: [GC (Allocation Failure)  368110K->9710K(1036800K), 0.0038606 secs]
49116.873: [GC (Allocation Failure)  357870K->9710K(1027072K), 0.0035705 secs]
49117.221: [GC (Allocation Failure)  348142K->9678K(1017856K), 0.0033816 secs]
49117.560: [GC (Allocation Failure)  338894K->9678K(1083904K), 0.0053237 secs]
49117.990: [GC (Allocation Failure)  404942K->9678K(1163264K), 0.0033080 secs]
49118.477: [GC (Allocation Failure)  484302K->9678K(1147904K), 0.0044638 secs]
49118.949: [GC (Allocation Failure)  468942K->9710K(1133568K), 0.0033802 secs]
49119.406: [GC (Allocation Failure)  454638K->9710K(1119744K), 0.0037452 secs]
49119.848: [GC (Allocation Failure)  440814K->9710K(1106432K), 0.0034231 secs]
49120.276: [GC (Allocation Failure)  427502K->9710K(1093632K), 0.0034379 secs]
49120.692: [GC (Allocation Failure)  414702K->9678K(1081344K), 0.0048211 secs]
49121.129: [GC (Allocation Failure)  402382K->9710K(1069568K), 0.0039962 secs]
49121.522: [GC (Allocation Failure)  390638K->9678K(1058304K), 0.0034485 secs]
49121.920: [GC (Allocation Failure)  379342K->9742K(1047552K), 0.0032827 secs]
49122.290: [GC (Allocation Failure)  368654K->9710K(1037312K), 0.0036484 secs]
49122.649: [GC (Allocation Failure)  358382K->9710K(1027584K), 0.0029766 secs]
49122.999: [GC (Allocation Failure)  348654K->9710K(1018368K), 0.0036621 secs]
49123.339: [GC (Allocation Failure)  339438K->9678K(1009152K), 0.0036594 secs]
49123.671: [GC (Allocation Failure)  330190K->9678K(1000448K), 0.0037991 secs]
49123.993: [GC (Allocation Failure)  321486K->9710K(992256K), 0.0035252 secs]
49124.308: [GC (Allocation Failure)  313326K->9710K(1053184K), 0.0046857 secs]
49124.684: [GC (Allocation Failure)  374254K->9678K(1126400K), 0.0038607 secs]
49125.133: [GC (Allocation Failure)  447438K->9710K(1213952K), 0.0036846 secs]
49125.675: [GC (Allocation Failure)  535022K->9742K(1196544K), 0.0027461 secs]
49126.200: [GC (Allocation Failure)  517646K->9710K(1180160K), 0.0038486 secs]
49126.703: [GC (Allocation Failure)  501230K->9710K(1164288K), 0.0034291 secs]
49127.191: [GC (Allocation Failure)  485358K->9710K(1148928K), 0.0036104 secs]
49127.662: [GC (Allocation Failure)  469998K->9710K(1134592K), 0.0038092 secs]
49128.139: [GC (Allocation Failure)  455662K->9678K(1120768K), 0.0035269 secs]
49128.583: [GC (Allocation Failure)  441806K->9710K(1107456K), 0.0040030 secs]
49129.015: [GC (Allocation Failure)  428526K->9678K(1094656K), 0.0036741 secs]
49129.555: [GC (Allocation Failure)  415694K->9710K(1082368K), 0.0044935 secs]
49129.964: [GC (Allocation Failure)  403438K->9710K(1070592K), 0.0040192 secs]
49130.371: [GC (Allocation Failure)  391662K->9710K(1059328K), 0.0035015 secs]
49130.756: [GC (Allocation Failure)  380398K->9678K(1048576K), 0.0041197 secs]
49131.130: [GC (Allocation Failure)  369614K->9678K(1038336K), 0.0040353 secs]
49131.497: [GC (Allocation Failure)  359374K->9710K(1108480K), 0.0047120 secs]
49131.938: [GC (Allocation Failure)  429550K->9678K(1095680K), 0.0038040 secs]
49132.366: [GC (Allocation Failure)  416718K->9678K(1083392K), 0.0038813 secs]
49132.779: [GC (Allocation Failure)  404430K->9742K(1071616K), 0.0031276 secs]
49133.177: [GC (Allocation Failure)  392718K->9678K(1060352K), 0.0038991 secs]
49133.560: [GC (Allocation Failure)  381390K->9678K(1049600K), 0.0036386 secs]
49133.936: [GC (Allocation Failure)  370638K->9710K(1039360K), 0.0036305 secs]
49134.298: [GC (Allocation Failure)  360430K->9710K(1029632K), 0.0037421 secs]
49134.675: [GC (Allocation Failure)  350702K->9678K(1020416K), 0.0044593 secs]
49135.023: [GC (Allocation Failure)  341454K->9678K(1086976K), 0.0043893 secs]
49135.442: [GC (Allocation Failure)  408014K->9678K(1166848K), 0.0041185 secs]
49135.940: [GC (Allocation Failure)  487886K->9678K(1151488K), 0.0035290 secs]
49136.413: [GC (Allocation Failure)  472526K->9678K(1136640K), 0.0039326 secs]
49136.872: [GC (Allocation Failure)  457678K->9710K(1122816K), 0.0032353 secs]
49137.381: [GC (Allocation Failure)  443886K->9678K(1109504K), 0.0031816 secs]
49137.821: [GC (Allocation Failure)  430542K->9710K(1096704K), 0.0034871 secs]
49138.260: [GC (Allocation Failure)  417774K->9710K(1084416K), 0.0036430 secs]
49138.668: [GC (Allocation Failure)  405486K->9710K(1072640K), 0.0039403 secs]
49139.063: [GC (Allocation Failure)  393710K->9678K(1061376K), 0.0050882 secs]
49139.452: [GC (Allocation Failure)  382414K->9742K(1050624K), 0.0039657 secs]
49139.866: [GC (Allocation Failure)  371726K->9742K(1040384K), 0.0035516 secs]
49140.230: [GC (Allocation Failure)  361486K->9710K(1030656K), 0.0043516 secs]
49140.592: [GC (Allocation Failure)  351726K->9678K(1020928K), 0.0031848 secs]
49140.935: [GC (Allocation Failure)  341966K->9646K(1011712K), 0.0031794 secs]
49141.271: [GC (Allocation Failure)  332718K->9710K(1003008K), 0.0037370 secs]
49141.596: [GC (Allocation Failure)  324078K->9678K(994816K), 0.0032876 secs]
49141.916: [GC (Allocation Failure)  315854K->9710K(986624K), 0.0033001 secs]
49142.227: [GC (Allocation Failure)  307694K->9710K(1046528K), 0.0037991 secs]
49142.596: [GC (Allocation Failure)  367598K->9710K(1118208K), 0.0037008 secs]
49143.037: [GC (Allocation Failure)  439278K->9742K(1204224K), 0.0045559 secs]
49143.570: [GC (Allocation Failure)  525326K->9710K(1187328K), 0.0033665 secs]
49144.081: [GC (Allocation Failure)  508398K->9678K(1170944K), 0.0042152 secs]
49144.580: [GC (Allocation Failure)  491982K->9710K(1155584K), 0.0040319 secs]
49145.095: [GC (Allocation Failure)  476654K->9710K(1140736K), 0.0035441 secs]
49145.558: [GC (Allocation Failure)  461806K->9710K(1126400K), 0.0033905 secs]
49146.007: [GC (Allocation Failure)  447470K->9678K(1113088K), 0.0035097 secs]
49146.443: [GC (Allocation Failure)  434126K->9710K(1100288K), 0.0037172 secs]
49146.889: [GC (Allocation Failure)  421358K->9678K(1088000K), 0.0039019 secs]
49147.300: [GC (Allocation Failure)  409038K->9678K(1076224K), 0.0038316 secs]
49147.700: [GC (Allocation Failure)  397262K->9710K(1064960K), 0.0033537 secs]
49148.122: [GC (Allocation Failure)  386030K->9710K(1054208K), 0.0047305 secs]
49148.518: [GC (Allocation Failure)  375278K->9710K(1043968K), 0.0038850 secs]
49148.885: [GC (Allocation Failure)  365038K->9678K(1033728K), 0.0037390 secs]
49149.242: [GC (Allocation Failure)  354766K->9710K(1024000K), 0.0041734 secs]
49149.592: [GC (Allocation Failure)  345070K->9710K(1091072K), 0.0042885 secs]
49150.009: [GC (Allocation Failure)  412142K->9678K(1079296K), 0.0034591 secs]
49150.414: [GC (Allocation Failure)  400334K->9678K(1068032K), 0.0035972 secs]
49150.808: [GC (Allocation Failure)  389070K->9710K(1056768K), 0.0030863 secs]
49151.187: [GC (Allocation Failure)  377838K->9710K(1046016K), 0.0035797 secs]
49151.556: [GC (Allocation Failure)  367086K->9710K(1035776K), 0.0037435 secs]
49151.914: [GC (Allocation Failure)  356846K->9710K(1026048K), 0.0036355 secs]
49152.262: [GC (Allocation Failure)  347118K->9710K(1016832K), 0.0042560 secs]
49152.607: [GC (Allocation Failure)  337902K->9678K(1082880K), 0.0038898 secs]
49153.022: [GC (Allocation Failure)  403918K->9678K(1071104K), 0.0038517 secs]
49153.416: [GC (Allocation Failure)  392142K->9678K(1059840K), 0.0034510 secs]
49153.804: [GC (Allocation Failure)  380878K->9710K(1049088K), 0.0034656 secs]
49154.175: [GC (Allocation Failure)  370158K->9742K(1038848K), 0.0033212 secs]
49154.536: [GC (Allocation Failure)  359950K->9710K(1029120K), 0.0036160 secs]
49154.888: [GC (Allocation Failure)  350190K->9678K(1019904K), 0.0036647 secs]
49155.228: [GC (Allocation Failure)  340942K->9678K(1010688K), 0.0040987 secs]
49155.566: [GC (Allocation Failure)  331726K->9710K(1075200K), 0.0036605 secs]
49155.965: [GC (Allocation Failure)  396270K->9710K(1152512K), 0.0047263 secs]
49156.442: [GC (Allocation Failure)  473582K->9742K(1245696K), 0.0042257 secs]
49157.021: [GC (Allocation Failure)  566798K->9710K(1226752K), 0.0039896 secs]
49157.580: [GC (Allocation Failure)  547822K->9710K(1208832K), 0.0038999 secs]
49158.119: [GC (Allocation Failure)  529902K->9710K(1191936K), 0.0049374 secs]
49158.644: [GC (Allocation Failure)  513006K->9710K(1175552K), 0.0032027 secs]
49159.146: [GC (Allocation Failure)  496622K->9710K(1159680K), 0.0055361 secs]
49159.637: [GC (Allocation Failure)  480750K->9710K(1144832K), 0.0035769 secs]
49160.116: [GC (Allocation Failure)  465902K->9710K(1130496K), 0.0038100 secs]
49160.617: [GC (Allocation Failure)  451566K->9710K(1116672K), 0.0033188 secs]
49161.057: [GC (Allocation Failure)  437742K->9678K(1103360K), 0.0032177 secs]
49161.487: [GC (Allocation Failure)  424398K->9710K(1091072K), 0.0041485 secs]
49161.902: [GC (Allocation Failure)  412142K->9678K(1079296K), 0.0042946 secs]
49162.310: [GC (Allocation Failure)  400334K->9710K(1068032K), 0.0048902 secs]
49162.718: [GC (Allocation Failure)  389102K->9710K(1056768K), 0.0035988 secs]
49163.099: [GC (Allocation Failure)  377838K->9710K(1046016K), 0.0044474 secs]
49163.499: [GC (Allocation Failure)  367086K->9678K(1035776K), 0.0038269 secs]
49163.857: [GC (Allocation Failure)  356814K->9678K(1026048K), 0.0040792 secs]
49164.212: [GC (Allocation Failure)  347086K->9710K(1016832K), 0.0036122 secs]
49164.552: [GC (Allocation Failure)  337902K->9710K(1008128K), 0.0035067 secs]
49164.883: [GC (Allocation Failure)  329198K->9678K(999424K), 0.0035013 secs]
49165.204: [GC (Allocation Failure)  320462K->9710K(1061888K), 0.0054643 secs]
49165.641: [GC (Allocation Failure)  382958K->9678K(1136640K), 0.0042236 secs]
49166.101: [GC (Allocation Failure)  457678K->9710K(1226240K), 0.0039749 secs]
49166.658: [GC (Allocation Failure)  547310K->9678K(1208320K), 0.0043473 secs]
49167.215: [GC (Allocation Failure)  529358K->9678K(1191424K), 0.0041253 secs]
49167.780: [GC (Allocation Failure)  512462K->9678K(1175040K), 0.0033776 secs]
49168.280: [GC (Allocation Failure)  496078K->9710K(1159168K), 0.0035083 secs]
49168.777: [GC (Allocation Failure)  480238K->9710K(1144320K), 0.0034833 secs]
49169.300: [GC (Allocation Failure)  465390K->9710K(1129984K), 0.0034645 secs]
49169.754: [GC (Allocation Failure)  451054K->9678K(1116160K), 0.0037147 secs]
49170.211: [GC (Allocation Failure)  437198K->9678K(1102848K), 0.0038604 secs]
49170.679: [GC (Allocation Failure)  423886K->9678K(1090560K), 0.0035722 secs]
49171.094: [GC (Allocation Failure)  411598K->9678K(1078784K), 0.0032844 secs]
49171.497: [GC (Allocation Failure)  399822K->9742K(1067520K), 0.0046899 secs]
49171.895: [GC (Allocation Failure)  388622K->9646K(1056256K), 0.0039154 secs]
49172.277: [GC (Allocation Failure)  377262K->9678K(1045504K), 0.0035855 secs]
49172.649: [GC (Allocation Failure)  366542K->9710K(1035264K), 0.0035264 secs]
49173.009: [GC (Allocation Failure)  356334K->9742K(1025536K), 0.0038716 secs]
49173.359: [GC (Allocation Failure)  346638K->9678K(1016320K), 0.0031038 secs]
49173.697: [GC (Allocation Failure)  337358K->9678K(1007616K), 0.0035853 secs]
49174.027: [GC (Allocation Failure)  328654K->9678K(998912K), 0.0034842 secs]
49174.347: [GC (Allocation Failure)  319950K->9710K(990720K), 0.0035452 secs]
49174.659: [GC (Allocation Failure)  311790K->9678K(1051136K), 0.0041206 secs]
49175.037: [GC (Allocation Failure)  372174K->9678K(1123840K), 0.0034149 secs]
49175.485: [GC (Allocation Failure)  444878K->9678K(1110528K), 0.0031104 secs]
49175.935: [GC (Allocation Failure)  431566K->9678K(1097728K), 0.0052413 secs]
49176.362: [GC (Allocation Failure)  418766K->9710K(1085440K), 0.0034445 secs]
49176.772: [GC (Allocation Failure)  406510K->9678K(1073664K), 0.0036632 secs]
49177.177: [GC (Allocation Failure)  394702K->9710K(1062400K), 0.0035409 secs]
49177.563: [GC (Allocation Failure)  383470K->9710K(1051648K), 0.0035441 secs]
49177.939: [GC (Allocation Failure)  372718K->9710K(1041408K), 0.0037406 secs]
49178.307: [GC (Allocation Failure)  362478K->9710K(1031680K), 0.0034503 secs]
49178.659: [GC (Allocation Failure)  352750K->9710K(1021952K), 0.0040105 secs]
49179.004: [GC (Allocation Failure)  343022K->9710K(1012736K), 0.0037636 secs]
49179.398: [GC (Allocation Failure)  333806K->9678K(1004032K), 0.0042806 secs]
49179.729: [GC (Allocation Failure)  325070K->9710K(1067520K), 0.0048547 secs]
49180.146: [GC (Allocation Failure)  388590K->9678K(1143296K), 0.0043988 secs]
49180.619: [GC (Allocation Failure)  464334K->9710K(1128960K), 0.0030981 secs]
49181.098: [GC (Allocation Failure)  450030K->9710K(1115136K), 0.0045160 secs]
49181.564: [GC (Allocation Failure)  436206K->9710K(1102336K), 0.0041463 secs]
49181.993: [GC (Allocation Failure)  423406K->9710K(1090048K), 0.0043565 secs]
49182.420: [GC (Allocation Failure)  411118K->9710K(1078272K), 0.0034904 secs]
49182.822: [GC (Allocation Failure)  399342K->9742K(1067008K), 0.0040673 secs]
49183.212: [GC (Allocation Failure)  388110K->9678K(1056256K), 0.0038082 secs]
49183.611: [GC (Allocation Failure)  377294K->9678K(1129984K), 0.0054819 secs]
49184.066: [GC (Allocation Failure)  451022K->9678K(1218560K), 0.0044056 secs]
49184.615: [GC (Allocation Failure)  539598K->9678K(1201152K), 0.0036721 secs]
49185.143: [GC (Allocation Failure)  522190K->9678K(1184256K), 0.0040197 secs]
49185.658: [GC (Allocation Failure)  505294K->9710K(1168384K), 0.0034810 secs]
49186.208: [GC (Allocation Failure)  489454K->9678K(1153024K), 0.0040588 secs]
49186.720: [GC (Allocation Failure)  474062K->9710K(1138176K), 0.0038159 secs]
49187.184: [GC (Allocation Failure)  459246K->9742K(1124352K), 0.0040763 secs]
49187.638: [GC (Allocation Failure)  445454K->9710K(1111040K), 0.0052589 secs]
49188.081: [GC (Allocation Failure)  432110K->9678K(1098240K), 0.0038776 secs]
49188.503: [GC (Allocation Failure)  419278K->9710K(1085952K), 0.0037041 secs]
49188.912: [GC (Allocation Failure)  407022K->9710K(1074176K), 0.0032332 secs]
49189.310: [GC (Allocation Failure)  395246K->9678K(1062912K), 0.0037842 secs]
49189.700: [GC (Allocation Failure)  383950K->9710K(1052160K), 0.0040751 secs]
49190.076: [GC (Allocation Failure)  373230K->9710K(1041920K), 0.0035725 secs]
49190.445: [GC (Allocation Failure)  362990K->9678K(1032192K), 0.0044116 secs]
49190.806: [GC (Allocation Failure)  353230K->9742K(1101312K), 0.0043133 secs]
49191.235: [GC (Allocation Failure)  422414K->9710K(1089024K), 0.0037682 secs]
49191.652: [GC (Allocation Failure)  410094K->9710K(1077248K), 0.0033553 secs]
49192.056: [GC (Allocation Failure)  398318K->9710K(1065984K), 0.0040394 secs]
49192.451: [GC (Allocation Failure)  387054K->9710K(1055232K), 0.0034806 secs]
49192.864: [GC (Allocation Failure)  376302K->9710K(1044480K), 0.0035583 secs]
49193.232: [GC (Allocation Failure)  365550K->9710K(1034240K), 0.0039659 secs]
49193.593: [GC (Allocation Failure)  355310K->9678K(1024512K), 0.0036270 secs]
49193.941: [GC (Allocation Failure)  345550K->9742K(1015296K), 0.0035714 secs]
49194.278: [GC (Allocation Failure)  336398K->9710K(1080832K), 0.0042541 secs]
49194.701: [GC (Allocation Failure)  401902K->9710K(1069056K), 0.0034978 secs]
49195.093: [GC (Allocation Failure)  390126K->9710K(1057792K), 0.0032723 secs]
49195.502: [GC (Allocation Failure)  378862K->9678K(1047040K), 0.0043513 secs]
49195.876: [GC (Allocation Failure)  368078K->9710K(1036800K), 0.0036104 secs]
49196.289: [GC (Allocation Failure)  357870K->9710K(1027072K), 0.0039852 secs]
49196.639: [GC (Allocation Failure)  348142K->9710K(1017856K), 0.0031307 secs]
49196.980: [GC (Allocation Failure)  338926K->9710K(1008640K), 0.0031054 secs]
49197.316: [GC (Allocation Failure)  329710K->9742K(1072640K), 0.0059738 secs]
49197.722: [GC (Allocation Failure)  393742K->9710K(1149440K), 0.0036479 secs]
49198.198: [GC (Allocation Failure)  470510K->9678K(1241600K), 0.0043425 secs]
49198.793: [GC (Allocation Failure)  562638K->9710K(1223168K), 0.0037864 secs]
49199.344: [GC (Allocation Failure)  544238K->9710K(1205248K), 0.0043919 secs]
49199.878: [GC (Allocation Failure)  526318K->9710K(1188352K), 0.0034718 secs]
49200.391: [GC (Allocation Failure)  509422K->9678K(1171968K), 0.0035633 secs]
49200.889: [GC (Allocation Failure)  493006K->9710K(1156608K), 0.0042298 secs]
49201.427: [GC (Allocation Failure)  477678K->9678K(1141760K), 0.0046682 secs]
49201.898: [GC (Allocation Failure)  462798K->9678K(1127424K), 0.0039103 secs]
49202.350: [GC (Allocation Failure)  448462K->9710K(1114112K), 0.0042079 secs]
49202.793: [GC (Allocation Failure)  435182K->9678K(1101312K), 0.0042063 secs]
49203.214: [GC (Allocation Failure)  422350K->9678K(1089024K), 0.0043135 secs]
49203.626: [GC (Allocation Failure)  410062K->9710K(1077248K), 0.0032313 secs]
49204.022: [GC (Allocation Failure)  398318K->9742K(1065984K), 0.0040659 secs]
49204.411: [GC (Allocation Failure)  387086K->9678K(1055232K), 0.0041315 secs]
49204.786: [GC (Allocation Failure)  376270K->9710K(1044480K), 0.0039245 secs]
49205.153: [GC (Allocation Failure)  365550K->9678K(1034240K), 0.0038861 secs]
49205.510: [GC (Allocation Failure)  355278K->9710K(1024512K), 0.0032331 secs]
49205.857: [GC (Allocation Failure)  345582K->9710K(1015296K), 0.0039995 secs]
49206.198: [GC (Allocation Failure)  336366K->9646K(1080832K), 0.0045363 secs]
49206.630: [GC (Allocation Failure)  401838K->9678K(1159680K), 0.0040226 secs]
49207.140: [GC (Allocation Failure)  480718K->9710K(1253888K), 0.0058127 secs]
49207.729: [GC (Allocation Failure)  574958K->9678K(1234944K), 0.0034296 secs]
49208.291: [GC (Allocation Failure)  555982K->9710K(1216512K), 0.0035647 secs]
49208.834: [GC (Allocation Failure)  537582K->9710K(1199104K), 0.0034190 secs]
49209.358: [GC (Allocation Failure)  520174K->9710K(1182208K), 0.0036350 secs]
49209.860: [GC (Allocation Failure)  503278K->9678K(1166336K), 0.0041760 secs]
49210.350: [GC (Allocation Failure)  487374K->9678K(1150976K), 0.0040989 secs]
49210.819: [GC (Allocation Failure)  472014K->9710K(1136640K), 0.0042189 secs]
49211.276: [GC (Allocation Failure)  457710K->9678K(1122816K), 0.0037903 secs]
49211.743: [GC (Allocation Failure)  443854K->9678K(1109504K), 0.0039824 secs]
49212.172: [GC (Allocation Failure)  430542K->9678K(1096704K), 0.0035281 secs]
49212.586: [GC (Allocation Failure)  417742K->9678K(1084416K), 0.0036450 secs]
49213.012: [GC (Allocation Failure)  405454K->9710K(1072640K), 0.0040166 secs]
49213.428: [GC (Allocation Failure)  393710K->9678K(1061376K), 0.0040961 secs]
49213.812: [GC (Allocation Failure)  382414K->9710K(1050624K), 0.0041745 secs]
49214.187: [GC (Allocation Failure)  371694K->9710K(1040384K), 0.0037650 secs]
49214.545: [GC (Allocation Failure)  361454K->9710K(1030656K), 0.0034887 secs]
49214.895: [GC (Allocation Failure)  351726K->9710K(1020928K), 0.0036208 secs]
49215.236: [GC (Allocation Failure)  341998K->9710K(1011712K), 0.0035806 secs]
49215.566: [GC (Allocation Failure)  332782K->9678K(1003008K), 0.0034328 secs]
49215.888: [GC (Allocation Failure)  324046K->9646K(994816K), 0.0034763 secs]
49216.201: [GC (Allocation Failure)  315822K->9678K(1056256K), 0.0041266 secs]
49216.582: [GC (Allocation Failure)  377294K->9678K(1129984K), 0.0038421 secs]
49217.058: [GC (Allocation Failure)  451022K->9710K(1116160K), 0.0039386 secs]
49217.495: [GC (Allocation Failure)  437230K->9710K(1102848K), 0.0030619 secs]
49217.917: [GC (Allocation Failure)  423918K->9678K(1090560K), 0.0042771 secs]
49218.330: [GC (Allocation Failure)  411598K->9678K(1078784K), 0.0046697 secs]
49218.730: [GC (Allocation Failure)  399822K->9678K(1067520K), 0.0033341 secs]
49219.116: [GC (Allocation Failure)  388558K->9678K(1056256K), 0.0030521 secs]
49219.492: [GC (Allocation Failure)  377294K->9710K(1045504K), 0.0037618 secs]
49219.858: [GC (Allocation Failure)  366574K->9710K(1035264K), 0.0041798 secs]
49220.217: [GC (Allocation Failure)  356334K->9678K(1025536K), 0.0033964 secs]
49220.561: [GC (Allocation Failure)  346574K->9742K(1093120K), 0.0042672 secs]
49220.973: [GC (Allocation Failure)  414222K->9710K(1080832K), 0.0035312 secs]
49221.373: [GC (Allocation Failure)  401902K->9678K(1069056K), 0.0045696 secs]
49221.768: [GC (Allocation Failure)  390094K->9710K(1057792K), 0.0035416 secs]
49222.178: [GC (Allocation Failure)  378862K->9678K(1047040K), 0.0037221 secs]
49222.545: [GC (Allocation Failure)  368078K->9678K(1118720K), 0.0052457 secs]
49222.989: [GC (Allocation Failure)  439758K->9710K(1105408K), 0.0035139 secs]
49223.414: [GC (Allocation Failure)  426478K->9678K(1092608K), 0.0037271 secs]
49223.837: [GC (Allocation Failure)  413646K->9710K(1080320K), 0.0036525 secs]
49224.257: [GC (Allocation Failure)  401390K->9710K(1068544K), 0.0042122 secs]
49224.645: [GC (Allocation Failure)  389614K->9710K(1057280K), 0.0042651 secs]
49225.031: [GC (Allocation Failure)  378350K->9710K(1046528K), 0.0036157 secs]
49225.398: [GC (Allocation Failure)  367598K->9742K(1118208K), 0.0046891 secs]
49225.838: [GC (Allocation Failure)  439310K->9678K(1104896K), 0.0037994 secs]
49226.262: [GC (Allocation Failure)  425934K->9710K(1092096K), 0.0039829 secs]
49226.675: [GC (Allocation Failure)  413166K->9710K(1079808K), 0.0039416 secs]
49227.080: [GC (Allocation Failure)  400878K->9710K(1068032K), 0.0037355 secs]
49227.495: [GC (Allocation Failure)  389102K->9710K(1056768K), 0.0035204 secs]
49227.870: [GC (Allocation Failure)  377838K->9710K(1046016K), 0.0044020 secs]
49228.238: [GC (Allocation Failure)  367086K->9710K(1035776K), 0.0037950 secs]
49228.592: [GC (Allocation Failure)  356846K->9742K(1026048K), 0.0036459 secs]
49228.937: [GC (Allocation Failure)  347150K->9678K(1093632K), 0.0039323 secs]
49229.349: [GC (Allocation Failure)  414670K->9678K(1081344K), 0.0036987 secs]
49229.749: [GC (Allocation Failure)  402382K->9678K(1069568K), 0.0039505 secs]
49230.138: [GC (Allocation Failure)  390606K->9710K(1145856K), 0.0058184 secs]
49230.605: [GC (Allocation Failure)  466926K->9710K(1237504K), 0.0040368 secs]
49231.162: [GC (Allocation Failure)  558574K->9710K(1219072K), 0.0037152 secs]
49231.702: [GC (Allocation Failure)  540142K->9678K(1201664K), 0.0039161 secs]
49232.243: [GC (Allocation Failure)  522702K->9710K(1184768K), 0.0029474 secs]
49232.746: [GC (Allocation Failure)  505838K->9678K(1168896K), 0.0035291 secs]
49233.235: [GC (Allocation Failure)  489934K->9678K(1153536K), 0.0041583 secs]
49233.709: [GC (Allocation Failure)  474574K->9678K(1138688K), 0.0040890 secs]
49234.189: [GC (Allocation Failure)  459726K->9678K(1124864K), 0.0037057 secs]
49234.632: [GC (Allocation Failure)  445902K->9678K(1111552K), 0.0038870 secs]
49235.065: [GC (Allocation Failure)  432590K->9678K(1098752K), 0.0038139 secs]
49235.486: [GC (Allocation Failure)  419790K->9710K(1086464K), 0.0035605 secs]
49235.896: [GC (Allocation Failure)  407534K->9742K(1074688K), 0.0033859 secs]
49236.293: [GC (Allocation Failure)  395790K->9678K(1063424K), 0.0038561 secs]
49236.679: [GC (Allocation Failure)  384462K->9710K(1052672K), 0.0038959 secs]
49237.071: [GC (Allocation Failure)  373742K->9710K(1042432K), 0.0035236 secs]
49237.434: [GC (Allocation Failure)  363502K->9742K(1032704K), 0.0032950 secs]
49237.817: [GC (Allocation Failure)  353806K->9710K(1022976K), 0.0039267 secs]
49238.161: [GC (Allocation Failure)  344046K->9710K(1013760K), 0.0036191 secs]
49238.497: [GC (Allocation Failure)  334830K->9710K(1005056K), 0.0037269 secs]
49238.824: [GC (Allocation Failure)  326126K->9710K(996352K), 0.0036108 secs]
49239.142: [GC (Allocation Failure)  317422K->9710K(1058304K), 0.0045857 secs]
49239.527: [GC (Allocation Failure)  379374K->9710K(1132544K), 0.0037761 secs]
49239.982: [GC (Allocation Failure)  453614K->9678K(1221632K), 0.0041101 secs]
49240.531: [GC (Allocation Failure)  542670K->9710K(1203712K), 0.0035345 secs]
49241.075: [GC (Allocation Failure)  524782K->9710K(1186816K), 0.0041586 secs]
49241.590: [GC (Allocation Failure)  507886K->9710K(1170432K), 0.0035372 secs]
49242.083: [GC (Allocation Failure)  491502K->9678K(1155072K), 0.0033633 secs]
49242.558: [GC (Allocation Failure)  476110K->9710K(1140224K), 0.0035783 secs]
49243.044: [GC (Allocation Failure)  461294K->9646K(1125888K), 0.0038277 secs]
49243.492: [GC (Allocation Failure)  446894K->9678K(1112576K), 0.0035527 secs]
49243.924: [GC (Allocation Failure)  433614K->9710K(1099776K), 0.0040867 secs]
49244.344: [GC (Allocation Failure)  420846K->9710K(1087488K), 0.0033968 secs]
49244.750: [GC (Allocation Failure)  408558K->9678K(1075712K), 0.0039533 secs]
49245.144: [GC (Allocation Failure)  396750K->9742K(1064448K), 0.0033717 secs]
49245.527: [GC (Allocation Failure)  385550K->9678K(1053696K), 0.0038008 secs]
49245.900: [GC (Allocation Failure)  374734K->9678K(1043456K), 0.0040201 secs]
49246.267: [GC (Allocation Failure)  364494K->9678K(1033216K), 0.0042428 secs]
49246.616: [GC (Allocation Failure)  354254K->9678K(1023488K), 0.0037949 secs]
49246.969: [GC (Allocation Failure)  344526K->9678K(1090560K), 0.0040528 secs]
49247.379: [GC (Allocation Failure)  411598K->9710K(1170944K), 0.0041055 secs]
49247.869: [GC (Allocation Failure)  492014K->9710K(1155584K), 0.0041807 secs]
49248.347: [GC (Allocation Failure)  476654K->9710K(1140736K), 0.0034263 secs]
49248.811: [GC (Allocation Failure)  461806K->9710K(1126400K), 0.0032348 secs]
49249.262: [GC (Allocation Failure)  447470K->9710K(1113088K), 0.0038527 secs]
49249.698: [GC (Allocation Failure)  434158K->9678K(1100288K), 0.0036850 secs]
49250.121: [GC (Allocation Failure)  421326K->9678K(1088000K), 0.0033575 secs]
49250.531: [GC (Allocation Failure)  409038K->9710K(1076224K), 0.0037979 secs]
49250.929: [GC (Allocation Failure)  397294K->9678K(1064960K), 0.0039817 secs]
49251.321: [GC (Allocation Failure)  385998K->9678K(1054208K), 0.0040447 secs]
49251.717: [GC (Allocation Failure)  375246K->9710K(1043968K), 0.0033981 secs]
49252.083: [GC (Allocation Failure)  365038K->9678K(1033728K), 0.0036788 secs]
49252.440: [GC (Allocation Failure)  354766K->9678K(1024000K), 0.0039474 secs]
49252.790: [GC (Allocation Failure)  345038K->9710K(1091072K), 0.0055688 secs]
49253.209: [GC (Allocation Failure)  412142K->9678K(1171968K), 0.0037367 secs]
49253.741: [GC (Allocation Failure)  493006K->9710K(1156608K), 0.0033433 secs]
49254.221: [GC (Allocation Failure)  477678K->9678K(1141760K), 0.0038437 secs]
49254.685: [GC (Allocation Failure)  462798K->9710K(1127424K), 0.0039591 secs]
49255.137: [GC (Allocation Failure)  448494K->9710K(1114112K), 0.0036390 secs]
49255.576: [GC (Allocation Failure)  435182K->9710K(1101312K), 0.0039523 secs]
49256.001: [GC (Allocation Failure)  422382K->9678K(1089024K), 0.0046796 secs]
49256.418: [GC (Allocation Failure)  410062K->9710K(1077248K), 0.0037565 secs]
49256.818: [GC (Allocation Failure)  398318K->9742K(1065984K), 0.0031664 secs]
49257.206: [GC (Allocation Failure)  387086K->9678K(1055232K), 0.0033908 secs]
49257.590: [GC (Allocation Failure)  376270K->9710K(1044480K), 0.0042114 secs]
49257.958: [GC (Allocation Failure)  365550K->9710K(1034240K), 0.0036327 secs]
49258.313: [GC (Allocation Failure)  355310K->9710K(1103360K), 0.0044362 secs]
49258.769: [GC (Allocation Failure)  424430K->9678K(1091072K), 0.0036722 secs]
49259.183: [GC (Allocation Failure)  412110K->9678K(1079296K), 0.0037022 secs]
49259.585: [GC (Allocation Failure)  400334K->9678K(1068032K), 0.0035635 secs]
49259.975: [GC (Allocation Failure)  389070K->9678K(1056768K), 0.0039943 secs]
49260.355: [GC (Allocation Failure)  377806K->9710K(1130496K), 0.0047922 secs]
49260.811: [GC (Allocation Failure)  451566K->9678K(1116672K), 0.0033301 secs]
49261.249: [GC (Allocation Failure)  437710K->9710K(1103360K), 0.0038965 secs]
49261.675: [GC (Allocation Failure)  424430K->9710K(1091072K), 0.0041456 secs]
49262.104: [GC (Allocation Failure)  412142K->9742K(1079296K), 0.0028635 secs]
49262.505: [GC (Allocation Failure)  400398K->9678K(1068032K), 0.0031872 secs]
49262.895: [GC (Allocation Failure)  389070K->9678K(1056768K), 0.0038937 secs]
49263.274: [GC (Allocation Failure)  377806K->9678K(1046016K), 0.0033586 secs]
49263.641: [GC (Allocation Failure)  367054K->9710K(1035776K), 0.0034327 secs]
49264.031: [GC (Allocation Failure)  356846K->9678K(1026048K), 0.0037996 secs]
49264.379: [GC (Allocation Failure)  347086K->9742K(1016832K), 0.0031139 secs]
49264.716: [GC (Allocation Failure)  337934K->9710K(1008128K), 0.0034925 secs]
49265.048: [GC (Allocation Failure)  329198K->9678K(999424K), 0.0040317 secs]
49265.367: [GC (Allocation Failure)  320462K->9678K(991232K), 0.0033955 secs]
49265.678: [GC (Allocation Failure)  312270K->9742K(983552K), 0.0031378 secs]
49265.982: [GC (Allocation Failure)  304654K->9710K(1042944K), 0.0037998 secs]
49266.346: [GC (Allocation Failure)  364014K->9710K(1114112K), 0.0039134 secs]
49266.780: [GC (Allocation Failure)  435182K->9710K(1199616K), 0.0049132 secs]
49267.308: [GC (Allocation Failure)  520686K->9678K(1182720K), 0.0037204 secs]
49267.811: [GC (Allocation Failure)  503758K->9710K(1166848K), 0.0034749 secs]
49268.299: [GC (Allocation Failure)  487918K->9646K(1151488K), 0.0050210 secs]
49268.773: [GC (Allocation Failure)  472494K->9710K(1136640K), 0.0038176 secs]
49269.261: [GC (Allocation Failure)  457710K->9678K(1122816K), 0.0043569 secs]
49269.708: [GC (Allocation Failure)  443854K->9710K(1109504K), 0.0039424 secs]
49270.136: [GC (Allocation Failure)  430574K->9678K(1096704K), 0.0031878 secs]
49270.552: [GC (Allocation Failure)  417742K->9710K(1084416K), 0.0031784 secs]
49270.952: [GC (Allocation Failure)  405486K->9710K(1072640K), 0.0033937 secs]
49271.339: [GC (Allocation Failure)  393710K->9742K(1061376K), 0.0034876 secs]
49271.716: [GC (Allocation Failure)  382478K->9710K(1050624K), 0.0033833 secs]
49272.080: [GC (Allocation Failure)  371694K->9678K(1040384K), 0.0034541 secs]
49272.435: [GC (Allocation Failure)  361422K->9710K(1030656K), 0.0036480 secs]
49272.787: [GC (Allocation Failure)  351726K->9710K(1020928K), 0.0032829 secs]
49273.149: [GC (Allocation Failure)  341998K->9678K(1087488K), 0.0054060 secs]
49273.563: [GC (Allocation Failure)  408526K->9678K(1075712K), 0.0033987 secs]
49273.963: [GC (Allocation Failure)  396750K->9710K(1064448K), 0.0035936 secs]
49274.366: [GC (Allocation Failure)  385518K->9710K(1053696K), 0.0038628 secs]
49274.743: [GC (Allocation Failure)  374766K->9710K(1043456K), 0.0036915 secs]
49275.109: [GC (Allocation Failure)  364526K->9710K(1033216K), 0.0031005 secs]
49275.465: [GC (Allocation Failure)  354286K->9710K(1023488K), 0.0031008 secs]
49275.812: [GC (Allocation Failure)  344558K->9710K(1014272K), 0.0038080 secs]
49276.148: [GC (Allocation Failure)  335342K->9710K(1005568K), 0.0036375 secs]
49276.475: [GC (Allocation Failure)  326638K->9710K(996864K), 0.0027670 secs]
49276.793: [GC (Allocation Failure)  317934K->9742K(988672K), 0.0034294 secs]
49277.104: [GC (Allocation Failure)  309774K->9678K(980992K), 0.0030191 secs]
49277.407: [GC (Allocation Failure)  302030K->9678K(973312K), 0.0034287 secs]
49277.701: [GC (Allocation Failure)  294350K->9710K(1030656K), 0.0033355 secs]
49278.054: [GC (Allocation Failure)  351726K->9710K(1099264K), 0.0040729 secs]
49278.476: [GC (Allocation Failure)  420334K->9710K(1086976K), 0.0035203 secs]
49278.888: [GC (Allocation Failure)  408046K->9710K(1075200K), 0.0037190 secs]
49279.286: [GC (Allocation Failure)  396270K->9710K(1063936K), 0.0041181 secs]
49279.678: [GC (Allocation Failure)  385006K->9710K(1053184K), 0.0033908 secs]
49280.054: [GC (Allocation Failure)  374254K->9678K(1126400K), 0.0052133 secs]
49280.529: [GC (Allocation Failure)  447438K->9710K(1113088K), 0.0038257 secs]
49280.984: [GC (Allocation Failure)  434158K->9742K(1100288K), 0.0030781 secs]
49281.409: [GC (Allocation Failure)  421390K->9710K(1088000K), 0.0034723 secs]
49281.820: [GC (Allocation Failure)  409070K->9678K(1076224K), 0.0032169 secs]
49282.221: [GC (Allocation Failure)  397262K->9678K(1064960K), 0.0043336 secs]
49282.614: [GC (Allocation Failure)  385998K->9710K(1054208K), 0.0043308 secs]
49282.987: [GC (Allocation Failure)  375278K->9678K(1043968K), 0.0040988 secs]
49283.350: [GC (Allocation Failure)  365006K->9710K(1033728K), 0.0035449 secs]
49283.707: [GC (Allocation Failure)  354798K->9678K(1024000K), 0.0036935 secs]
49284.052: [GC (Allocation Failure)  345038K->9710K(1014784K), 0.0030705 secs]
49284.389: [GC (Allocation Failure)  335854K->9678K(1006080K), 0.0038413 secs]
49284.746: [GC (Allocation Failure)  327118K->9710K(1069568K), 0.0038000 secs]
49285.159: [GC (Allocation Failure)  390638K->9678K(1058304K), 0.0040056 secs]
49285.538: [GC (Allocation Failure)  379342K->9678K(1047552K), 0.0034845 secs]
49285.908: [GC (Allocation Failure)  368590K->9710K(1037312K), 0.0029264 secs]
49286.265: [GC (Allocation Failure)  358382K->9678K(1027584K), 0.0040003 secs]
49286.615: [GC (Allocation Failure)  348622K->9710K(1095680K), 0.0040145 secs]
49287.033: [GC (Allocation Failure)  416750K->9678K(1083392K), 0.0032557 secs]
49287.437: [GC (Allocation Failure)  404430K->9710K(1071616K), 0.0038400 secs]
49287.832: [GC (Allocation Failure)  392686K->9678K(1060352K), 0.0032812 secs]
49288.212: [GC (Allocation Failure)  381390K->9678K(1049600K), 0.0036797 secs]
49288.583: [GC (Allocation Failure)  370638K->9678K(1039360K), 0.0045357 secs]
49288.949: [GC (Allocation Failure)  360398K->9710K(1109504K), 0.0041169 secs]
49289.382: [GC (Allocation Failure)  430574K->9742K(1096704K), 0.0038740 secs]
49289.801: [GC (Allocation Failure)  417806K->9678K(1084416K), 0.0032886 secs]
49290.233: [GC (Allocation Failure)  405454K->9710K(1072640K), 0.0042032 secs]
49290.628: [GC (Allocation Failure)  393710K->9710K(1061376K), 0.0031015 secs]
49291.008: [GC (Allocation Failure)  382446K->9710K(1050624K), 0.0036238 secs]
49291.379: [GC (Allocation Failure)  371694K->9710K(1040384K), 0.0035907 secs]
49291.739: [GC (Allocation Failure)  361454K->9678K(1030656K), 0.0042399 secs]
49292.094: [GC (Allocation Failure)  351694K->9678K(1020928K), 0.0031257 secs]
49292.434: [GC (Allocation Failure)  341966K->9678K(1087488K), 0.0053055 secs]
49292.847: [GC (Allocation Failure)  408526K->9710K(1075712K), 0.0030887 secs]
49293.240: [GC (Allocation Failure)  396782K->9710K(1064448K), 0.0030633 secs]
49293.624: [GC (Allocation Failure)  385518K->9742K(1053696K), 0.0033948 secs]
49293.996: [GC (Allocation Failure)  374798K->9710K(1043456K), 0.0032030 secs]
49294.358: [GC (Allocation Failure)  364526K->9678K(1033216K), 0.0036459 secs]
49294.709: [GC (Allocation Failure)  354254K->9710K(1102336K), 0.0045770 secs]
49295.132: [GC (Allocation Failure)  423406K->9710K(1090048K), 0.0039005 secs]
49295.537: [GC (Allocation Failure)  411118K->9678K(1078272K), 0.0039211 secs]
49295.930: [GC (Allocation Failure)  399310K->9678K(1067008K), 0.0033421 secs]
49296.310: [GC (Allocation Failure)  388046K->9678K(1056256K), 0.0041324 secs]
49296.686: [GC (Allocation Failure)  377294K->9710K(1045504K), 0.0040714 secs]
49297.053: [GC (Allocation Failure)  366574K->9710K(1117184K), 0.0046236 secs]
49297.500: [GC (Allocation Failure)  438254K->9678K(1103872K), 0.0035349 secs]
49297.928: [GC (Allocation Failure)  424910K->9710K(1091072K), 0.0033892 secs]
49298.341: [GC (Allocation Failure)  412142K->9710K(1079296K), 0.0039626 secs]
49298.748: [GC (Allocation Failure)  400366K->9710K(1068032K), 0.0042921 secs]
49299.145: [GC (Allocation Failure)  389102K->9742K(1056768K), 0.0037150 secs]
49299.524: [GC (Allocation Failure)  377870K->9710K(1046016K), 0.0036240 secs]
49299.893: [GC (Allocation Failure)  367086K->9678K(1035776K), 0.0040274 secs]
49300.250: [GC (Allocation Failure)  356814K->9774K(1026048K), 0.0031060 secs]
49300.627: [GC (Allocation Failure)  347182K->9710K(1016832K), 0.0033765 secs]
49300.965: [GC (Allocation Failure)  337902K->9678K(1008128K), 0.0035794 secs]
49301.295: [GC (Allocation Failure)  329166K->9710K(999424K), 0.0031030 secs]
49301.616: [GC (Allocation Failure)  320494K->9678K(991232K), 0.0034449 secs]
49301.930: [GC (Allocation Failure)  312270K->9678K(983552K), 0.0029490 secs]
49302.233: [GC (Allocation Failure)  304590K->9710K(975872K), 0.0030083 secs]
49302.531: [GC (Allocation Failure)  296942K->9710K(968704K), 0.0031291 secs]
49302.823: [GC (Allocation Failure)  289774K->9710K(1025024K), 0.0034574 secs]
49303.169: [GC (Allocation Failure)  346094K->9678K(1092608K), 0.0036571 secs]
49303.586: [GC (Allocation Failure)  413646K->9742K(1173504K), 0.0054607 secs]
49304.091: [GC (Allocation Failure)  494606K->9678K(1158144K), 0.0038028 secs]
49304.594: [GC (Allocation Failure)  479182K->9710K(1143296K), 0.0042101 secs]
49305.066: [GC (Allocation Failure)  464366K->9710K(1128960K), 0.0032820 secs]
49305.519: [GC (Allocation Failure)  450030K->9710K(1115136K), 0.0037063 secs]
49305.977: [GC (Allocation Failure)  436206K->9678K(1102336K), 0.0035160 secs]
49306.398: [GC (Allocation Failure)  423374K->9678K(1090048K), 0.0038529 secs]
49306.807: [GC (Allocation Failure)  411086K->9678K(1078272K), 0.0033785 secs]
49307.208: [GC (Allocation Failure)  399310K->9678K(1067008K), 0.0039621 secs]
49307.598: [GC (Allocation Failure)  388046K->9742K(1056256K), 0.0032855 secs]
49307.980: [GC (Allocation Failure)  377358K->9710K(1045504K), 0.0036998 secs]
49308.348: [GC (Allocation Failure)  366574K->9710K(1035264K), 0.0029552 secs]
49308.705: [GC (Allocation Failure)  356334K->9678K(1025536K), 0.0043790 secs]
49309.057: [GC (Allocation Failure)  346574K->9742K(1016320K), 0.0033957 secs]
49309.395: [GC (Allocation Failure)  337422K->9710K(1081856K), 0.0040884 secs]
49309.800: [GC (Allocation Failure)  402926K->9710K(1070080K), 0.0028462 secs]
49310.192: [GC (Allocation Failure)  391150K->9742K(1058816K), 0.0036374 secs]
49310.574: [GC (Allocation Failure)  379918K->9678K(1048064K), 0.0046247 secs]
49310.962: [GC (Allocation Failure)  369102K->9678K(1037824K), 0.0032893 secs]
49311.321: [GC (Allocation Failure)  358862K->9710K(1028096K), 0.0030245 secs]
49311.669: [GC (Allocation Failure)  349166K->9678K(1018880K), 0.0033165 secs]
49312.013: [GC (Allocation Failure)  339918K->9710K(1009664K), 0.0030187 secs]
49312.346: [GC (Allocation Failure)  330734K->9710K(1000960K), 0.0033580 secs]
49312.667: [GC (Allocation Failure)  322030K->9710K(992768K), 0.0031629 secs]
49312.981: [GC (Allocation Failure)  313838K->9710K(984576K), 0.0029762 secs]
49313.285: [GC (Allocation Failure)  305646K->9710K(976896K), 0.0030179 secs]
49313.581: [GC (Allocation Failure)  297966K->9742K(969728K), 0.0027571 secs]
49313.870: [GC (Allocation Failure)  290830K->9710K(1026048K), 0.0043993 secs]
49314.220: [GC (Allocation Failure)  347118K->9742K(1093632K), 0.0031268 secs]
49314.632: [GC (Allocation Failure)  414734K->9710K(1175040K), 0.0040488 secs]
49315.128: [GC (Allocation Failure)  496110K->9742K(1159168K), 0.0035363 secs]
49315.607: [GC (Allocation Failure)  480270K->9678K(1144320K), 0.0032335 secs]
49316.106: [GC (Allocation Failure)  465358K->9710K(1129984K), 0.0043726 secs]
49316.558: [GC (Allocation Failure)  451054K->9710K(1116160K), 0.0028854 secs]
49316.995: [GC (Allocation Failure)  437230K->9678K(1102848K), 0.0038216 secs]
49317.418: [GC (Allocation Failure)  423886K->9710K(1090560K), 0.0044346 secs]
49317.832: [GC (Allocation Failure)  411630K->9742K(1078784K), 0.0032134 secs]
49318.229: [GC (Allocation Failure)  399886K->9710K(1067520K), 0.0034330 secs]
49318.616: [GC (Allocation Failure)  388590K->9710K(1056256K), 0.0033801 secs]
49318.988: [GC (Allocation Failure)  377326K->9678K(1045504K), 0.0037654 secs]
49319.347: [GC (Allocation Failure)  366542K->9710K(1035264K), 0.0041698 secs]
49319.702: [GC (Allocation Failure)  356334K->9742K(1025536K), 0.0037462 secs]
49320.041: [GC (Allocation Failure)  346638K->9742K(1016320K), 0.0037307 secs]
49320.385: [GC (Allocation Failure)  337422K->9742K(1007616K), 0.0032749 secs]
49320.713: [GC (Allocation Failure)  328718K->9710K(998912K), 0.0029995 secs]
49321.074: [GC (Allocation Failure)  319982K->9678K(990720K), 0.0036497 secs]
49321.386: [GC (Allocation Failure)  311758K->9710K(983040K), 0.0033216 secs]
49321.690: [GC (Allocation Failure)  304110K->9678K(1041920K), 0.0035686 secs]
49322.055: [GC (Allocation Failure)  362958K->9742K(1112576K), 0.0036244 secs]
49322.508: [GC (Allocation Failure)  433678K->9710K(1099776K), 0.0030185 secs]
49322.932: [GC (Allocation Failure)  420846K->9678K(1087488K), 0.0037377 secs]
49323.344: [GC (Allocation Failure)  408526K->9710K(1075712K), 0.0034610 secs]
49323.743: [GC (Allocation Failure)  396782K->9710K(1064448K), 0.0032713 secs]
49324.133: [GC (Allocation Failure)  385518K->9710K(1053696K), 0.0029202 secs]
49324.510: [GC (Allocation Failure)  374766K->9710K(1043456K), 0.0035143 secs]
49324.876: [GC (Allocation Failure)  364526K->9678K(1114624K), 0.0089943 secs]
49325.321: [GC (Allocation Failure)  435662K->9678K(1200128K), 0.0049773 secs]
49325.853: [GC (Allocation Failure)  521166K->9710K(1302528K), 0.0030234 secs]
49326.508: [GC (Allocation Failure)  623598K->9710K(1281024K), 0.0034787 secs]
49327.119: [GC (Allocation Failure)  602094K->9710K(1260544K), 0.0036524 secs]
49327.705: [GC (Allocation Failure)  581614K->9710K(1241088K), 0.0028148 secs]
49328.273: [GC (Allocation Failure)  562158K->9710K(1222656K), 0.0036368 secs]
49328.822: [GC (Allocation Failure)  543726K->9678K(1204736K), 0.0031998 secs]
49329.351: [GC (Allocation Failure)  525774K->9678K(1187840K), 0.0041802 secs]
49329.864: [GC (Allocation Failure)  508878K->9710K(1171456K), 0.0034203 secs]
49330.361: [GC (Allocation Failure)  492526K->9710K(1156096K), 0.0029967 secs]
49330.859: [GC (Allocation Failure)  477166K->9742K(1141248K), 0.0033514 secs]
49331.378: [GC (Allocation Failure)  462350K->9710K(1126912K), 0.0031010 secs]
49331.826: [GC (Allocation Failure)  447982K->9710K(1113600K), 0.0032511 secs]
49332.226: [GC (Allocation Failure)  434670K->9774K(1100800K), 0.0032369 secs]
49332.597: [GC (Allocation Failure)  421934K->9846K(1088512K), 0.0035087 secs]
