Java HotSpot(TM) 64-Bit Server VM (25.91-b14) for linux-amd64 JRE (1.8.0_91-b14), built on Apr  1 2016 00:57:21 by "java_re" with gcc 4.3.0 20080428 (Red Hat 4.3.0-8)
Memory: 4k page, physical 10239976k(3861400k free), swap 4192252k(4192252k free)
CommandLine flags: -XX:InitialHeapSize=163839616 -XX:MaxHeapSize=2621433856 -XX:+PrintGC -XX:+PrintGCTimeStamps -XX:+UseCompressedClassPointers -XX:+UseCompressedOops 
0.607: [GC (Allocation Failure)  43136K->6827K(156416K), 0.0546446 secs]
0.864: [GC (Allocation Failure)  49963K->12316K(156416K), 0.0215185 secs]
1.141: [GC (Allocation Failure)  55452K->18134K(156416K), 0.0280468 secs]
1.363: [GC (Allocation Failure)  61270K->24180K(156416K), 0.0177892 secs]
1.542: [GC (Allocation Failure)  67316K->30843K(156416K), 0.0267340 secs]
1.734: [GC (Allocation Failure)  73979K->37151K(156416K), 0.0190572 secs]
1.986: [GC (Allocation Failure)  80287K->43420K(156416K), 0.0319529 secs]
2.184: [GC (Allocation Failure)  86556K->48605K(156416K), 0.0331407 secs]
2.422: [GC (Allocation Failure)  91741K->53517K(156416K), 0.0162820 secs]
2.612: [GC (Allocation Failure)  96653K->59837K(156416K), 0.0270059 secs]
2.833: [GC (Allocation Failure)  102973K->65829K(156416K), 0.0212868 secs]
3.076: [GC (Allocation Failure)  108965K->71663K(156416K), 0.0426398 secs]
3.301: [GC (Allocation Failure)  114799K->77611K(156416K), 0.0298167 secs]
3.573: [GC (Allocation Failure)  120747K->83307K(156416K), 0.0198976 secs]
3.763: [GC (Allocation Failure)  126443K->88532K(156416K), 0.0246083 secs]
3.950: [GC (Allocation Failure)  131668K->93805K(156416K), 0.0344901 secs]
4.143: [GC (Allocation Failure)  136941K->99819K(156416K), 0.0366748 secs]
4.392: [GC (Allocation Failure)  142955K->105469K(156416K), 0.0426828 secs]
4.588: [GC (Allocation Failure)  148605K->111226K(156416K), 0.0616777 secs]
4.861: [GC (Allocation Failure)  154362K->118702K(161984K), 0.0433165 secs]
4.905: [Full GC (Allocation Failure)  118702K->114066K(161984K), 0.1979356 secs]
5.445: [GC (Allocation Failure)  189239K->122448K(274292K), 0.0806953 secs]
6.178: [GC (Allocation Failure)  198224K->133114K(274292K), 0.0342020 secs]
6.956: [GC (Allocation Failure)  208890K->147826K(274292K), 0.0720747 secs]
7.626: [GC (Allocation Failure)  223602K->160116K(274292K), 0.0580519 secs]
8.481: [GC (Allocation Failure)  235892K->172935K(274292K), 0.0797595 secs]
9.201: [GC (Allocation Failure)  248711K->185842K(274292K), 0.0688111 secs]
9.876: [GC (Allocation Failure)  261618K->195650K(274292K), 0.0392647 secs]
10.544: [GC (Allocation Failure)  271426K->203480K(280888K), 0.0337333 secs]
10.578: [Full GC (Allocation Failure)  203480K->163944K(280888K), 0.4225794 secs]
11.808: [GC (Allocation Failure)  273320K->180145K(396252K), 0.0471438 secs]
12.420: [GC (Allocation Failure)  289521K->198444K(396252K), 0.1054650 secs]
12.964: [GC (Allocation Failure)  307820K->216429K(396252K), 0.0610510 secs]
13.183: [Full GC (System.gc())  218612K->193816K(396252K), 0.4790394 secs]
13.667: [Full GC (System.gc())  193816K->181467K(468436K), 0.5611543 secs]
14.235: [Full GC (System.gc())  181467K->181467K(468436K), 0.4550977 secs]
14.691: [Full GC (System.gc())  181467K->181467K(468436K), 0.3620670 secs]
15.053: [Full GC (System.gc())  181467K->181467K(468436K), 0.4440775 secs]
16.285: [Full GC (System.gc())  205184K->175829K(468436K), 0.7278912 secs]
17.020: [Full GC (System.gc())  175829K->175829K(468436K), 0.3981042 secs]
17.424: [Full GC (System.gc())  175829K->175829K(468436K), 0.7146032 secs]
18.142: [Full GC (System.gc())  175829K->175829K(468436K), 0.4272243 secs]
18.569: [Full GC (System.gc())  175829K->175829K(468436K), 0.4505313 secs]
19.110: [Full GC (System.gc())  178506K->176696K(468436K), 0.4412153 secs]
19.555: [Full GC (System.gc())  176696K->176696K(468436K), 0.4509790 secs]
20.018: [Full GC (System.gc())  176696K->176696K(468436K), 0.4547663 secs]
20.480: [Full GC (System.gc())  176696K->163659K(468436K), 0.3915035 secs]
20.882: [Full GC (System.gc())  163659K->163659K(468436K), 0.4643554 secs]
21.353: [Full GC (System.gc())  166239K->163660K(468436K), 0.4152862 secs]
21.774: [Full GC (System.gc())  163660K->163660K(468436K), 0.3439686 secs]
22.124: [Full GC (System.gc())  163660K->163656K(468436K), 0.4313494 secs]
22.562: [Full GC (System.gc())  163656K->163656K(468436K), 0.4323850 secs]
22.999: [Full GC (System.gc())  163656K->163656K(468436K), 0.4477366 secs]
28.164: [GC (Allocation Failure)  292936K->169973K(468436K), 0.0198816 secs]
30.468: [GC (Allocation Failure)  299253K->175509K(468436K), 0.0331754 secs]
32.720: [GC (Allocation Failure)  304789K->181996K(468436K), 0.0417001 secs]
36.594: [GC (Allocation Failure)  311276K->188366K(468436K), 0.0529244 secs]
38.375: [GC (Allocation Failure)  317646K->196315K(468436K), 0.1475234 secs]
41.017: [GC (Allocation Failure)  325595K->203500K(468436K), 0.0922807 secs]
42.793: [GC (Allocation Failure)  332780K->210040K(468436K), 0.1013445 secs]
44.664: [GC (Allocation Failure)  339320K->217303K(468436K), 0.0915756 secs]
47.439: [GC (Allocation Failure)  346583K->223761K(468436K), 0.1385541 secs]
49.782: [GC (Allocation Failure)  353041K->231559K(468436K), 0.0638910 secs]
51.700: [GC (Allocation Failure)  360839K->238499K(468436K), 0.1932847 secs]
53.488: [GC (Allocation Failure)  367779K->245279K(468436K), 0.0850346 secs]
56.080: [GC (Allocation Failure)  374559K->251922K(468436K), 0.2201245 secs]
58.352: [GC (Allocation Failure)  381202K->259348K(468436K), 0.1111312 secs]
61.663: [GC (Allocation Failure)  388628K->267103K(468436K), 0.0611030 secs]
63.509: [GC (Allocation Failure)  396383K->275650K(468436K), 0.0731593 secs]
64.439: [GC (Allocation Failure)  404930K->283556K(468436K), 0.1422035 secs]
66.435: [GC (Allocation Failure)  412836K->287917K(468436K), 0.0596770 secs]
68.374: [GC (Allocation Failure)  417197K->292582K(468436K), 0.0747050 secs]
71.096: [GC (Allocation Failure)  421862K->299508K(468436K), 0.1386862 secs]
72.940: [GC (Allocation Failure)  428788K->304464K(468436K), 0.0604180 secs]
74.854: [GC (Allocation Failure)  433744K->312564K(468436K), 0.0744092 secs]
76.707: [GC (Allocation Failure)  441844K->318365K(468436K), 0.1371233 secs]
78.677: [GC (Allocation Failure)  447645K->323259K(468436K), 0.0712887 secs]
81.201: [GC (Allocation Failure)  452539K->334550K(468436K), 0.0966633 secs]
82.899: [GC (Allocation Failure)  463830K->339529K(479572K), 0.0972868 secs]
82.996: [Full GC (Allocation Failure)  339529K->317285K(479572K), 0.8899862 secs]
86.869: [GC (Allocation Failure)  528869K->326716K(766828K), 0.0824270 secs]
89.690: [GC (Allocation Failure)  538300K->334904K(766828K), 0.0577288 secs]
91.824: [GC (Allocation Failure)  546488K->343562K(766828K), 0.1141952 secs]
94.628: [GC (Allocation Failure)  555146K->352689K(766828K), 0.0611748 secs]
97.510: [GC (Allocation Failure)  564273K->367889K(766828K), 0.0723273 secs]
99.254: [GC (Allocation Failure)  579473K->381866K(766828K), 0.0823140 secs]
100.825: [GC (Allocation Failure)  593450K->388365K(766828K), 0.0786531 secs]
102.514: [GC (Allocation Failure)  599949K->404920K(766828K), 0.0764702 secs]
104.585: [GC (Allocation Failure)  616504K->413786K(766828K), 0.0757928 secs]
106.337: [GC (Allocation Failure)  625370K->427835K(766828K), 0.0584519 secs]
108.696: [GC (Allocation Failure)  639419K->438036K(766828K), 0.0721797 secs]
110.692: [GC (Allocation Failure)  649620K->454942K(766828K), 0.0548633 secs]
112.853: [GC (Allocation Failure)  666526K->496482K(766828K), 0.1989585 secs]
114.854: [GC (Allocation Failure)  708066K->521350K(766828K), 0.0546650 secs]
116.992: [GC (Allocation Failure)  732934K->533900K(766828K), 0.1051381 secs]
120.724: [GC (Allocation Failure)  745484K->567973K(779692K), 0.0882743 secs]
120.812: [Full GC (Allocation Failure)  567973K->433582K(779692K), 1.3185875 secs]
124.846: [GC (Allocation Failure)  722734K->448421K(1047888K), 0.0534590 secs]
127.319: [GC (Allocation Failure)  737573K->465006K(1047888K), 0.1183315 secs]
129.964: [GC (Allocation Failure)  754158K->481774K(1047888K), 0.2041866 secs]
133.057: [GC (Allocation Failure)  770926K->504781K(1047888K), 0.1146462 secs]
135.846: [GC (Allocation Failure)  793933K->524233K(1047888K), 0.1663494 secs]
137.904: [GC (Allocation Failure)  813385K->543434K(1047888K), 0.0679101 secs]
141.002: [GC (Allocation Failure)  832586K->562840K(1047888K), 0.2318991 secs]
145.829: [GC (Allocation Failure)  851992K->583003K(1047888K), 0.0947430 secs]
147.609: [GC (Allocation Failure)  872155K->597500K(1047888K), 0.0680555 secs]
149.046: [GC (Allocation Failure)  886652K->627153K(1047888K), 0.0669731 secs]
150.476: [GC (Allocation Failure)  916305K->660834K(1047888K), 0.0885458 secs]
151.513: [GC (Allocation Failure)  949986K->724860K(1047888K), 0.1269268 secs]
153.387: [GC (Allocation Failure)  1014012K->767799K(1057104K), 0.0820746 secs]
153.469: [Full GC (Allocation Failure)  767799K->624175K(1057104K), 1.4066144 secs]
156.995: [GC (Allocation Failure)  1040431K->649488K(1508520K), 0.0740315 secs]
158.863: [GC (Allocation Failure)  1065744K->742084K(1508520K), 0.1671286 secs]
161.047: [GC (Allocation Failure)  1158340K->787040K(1508520K), 0.1236232 secs]
163.266: [GC (Allocation Failure)  1203296K->797929K(1508520K), 0.0737582 secs]
165.314: [GC (Allocation Failure)  1214185K->809696K(1508520K), 0.0774929 secs]
167.830: [GC (Allocation Failure)  1225952K->861919K(1508520K), 0.0900371 secs]
169.194: [GC (Allocation Failure)  1278175K->1012180K(1508520K), 0.1651234 secs]
172.323: [GC (Allocation Failure)  1428436K->1034803K(1508520K), 0.1274130 secs]
175.371: [GC (Allocation Failure)  1451059K->1054850K(1508520K), 0.0976895 secs]
177.690: [GC (Allocation Failure)  1471106K->1068357K(1508520K), 0.1131771 secs]
180.092: [GC (Allocation Failure)  1484613K->1082943K(1521836K), 0.1667720 secs]
180.259: [Full GC (Allocation Failure)  1082943K->797753K(1521836K), 2.3873052 secs]
186.679: [GC (Allocation Failure)  1329721K->827146K(1927992K), 0.1159227 secs]
190.515: [GC (Allocation Failure)  1359114K->851410K(1927992K), 0.1453409 secs]
193.714: [GC (Allocation Failure)  1383378K->866464K(1927992K), 0.1524019 secs]
198.500: [GC (Allocation Failure)  1398432K->891915K(1927992K), 0.1346375 secs]
202.419: [GC (Allocation Failure)  1423883K->911708K(1927992K), 0.1351439 secs]
206.439: [GC (Allocation Failure)  1443676K->957456K(1927992K), 0.1482241 secs]
209.167: [GC (Allocation Failure)  1489424K->996637K(1927992K), 0.1266840 secs]
212.021: [GC (Allocation Failure)  1528605K->1086614K(1927992K), 0.1391864 secs]
213.108: [GC (Allocation Failure)  1618582K->1297404K(1927992K), 0.3330651 secs]
215.855: [GC (Allocation Failure)  1829372K->1423619K(1955640K), 0.2174672 secs]
216.073: [Full GC (Allocation Failure)  1423619K->1031181K(1955640K), 2.3214492 secs]
221.801: [GC (Allocation Failure)  1713869K->1065792K(2474688K), 0.1032750 secs]
227.040: [GC (Allocation Failure)  1748480K->1095695K(2474688K), 0.1286955 secs]
230.648: [GC (Allocation Failure)  1778383K->1214879K(2474688K), 0.4883969 secs]
233.582: [GC (Allocation Failure)  1897567K->1511049K(2474688K), 0.3126484 secs]
237.832: [GC (Allocation Failure)  2193737K->1561927K(2474688K), 0.1255709 secs]
239.691: [Full GC (Allocation Failure)  2244615K->1120231K(2474688K), 2.6295526 secs]
244.241: [GC (Allocation Failure)  1802919K->1446957K(2474688K), 0.1693779 secs]
246.069: [Full GC (System.gc())  1924933K->1276331K(2474688K), 2.6411179 secs]
248.711: [Full GC (System.gc())  1276331K->1276331K(2474688K), 2.4783026 secs]
251.189: [Full GC (System.gc())  1276331K->1276331K(2474688K), 2.0876868 secs]
253.277: [Full GC (System.gc())  1276331K->1191075K(2474688K), 2.4686227 secs]
255.746: [Full GC (System.gc())  1191075K->1191075K(2474688K), 2.0733404 secs]
259.543: [GC (Allocation Failure)  1873763K->1209862K(2474688K), 0.1284995 secs]
260.181: [GC (Allocation Failure)  1892550K->1207063K(2474688K), 0.0230080 secs]
