Java HotSpot(TM) 64-Bit Server VM (25.91-b14) for linux-amd64 JRE (1.8.0_91-b14), built on Apr  1 2016 00:57:21 by "java_re" with gcc 4.3.0 20080428 (Red Hat 4.3.0-8)
Memory: 4k page, physical 10239976k(3861236k free), swap 4192252k(4192252k free)
CommandLine flags: -XX:InitialHeapSize=163839616 -XX:MaxHeapSize=2621433856 -XX:+PrintGC -XX:+PrintGCTimeStamps -XX:+UseCompressedClassPointers -XX:+UseCompressedOops 
0.776: [GC (Allocation Failure)  43136K->7983K(156416K), 0.0106294 secs]
1.098: [GC (Allocation Failure)  51119K->18739K(156416K), 0.1066099 secs]
1.776: [GC (Allocation Failure)  61875K->24073K(156416K), 0.0208183 secs]
1.987: [Full GC (System.gc())  51004K->28412K(156416K), 0.0806427 secs]
2.068: [Full GC (System.gc())  28412K->28412K(156544K), 0.0329766 secs]
2.105: [Full GC (System.gc())  28412K->28412K(156544K), 0.0411459 secs]
2.152: [Full GC (System.gc())  28412K->25773K(156544K), 0.0426497 secs]
2.206: [Full GC (System.gc())  25773K->25773K(156544K), 0.0334587 secs]
3.198: [Full GC (System.gc())  44657K->30087K(156544K), 0.0401935 secs]
3.246: [Full GC (System.gc())  30087K->30087K(156544K), 0.0399230 secs]
3.292: [Full GC (System.gc())  30087K->26581K(156544K), 0.0431946 secs]
3.340: [Full GC (System.gc())  26581K->26581K(156544K), 0.0354392 secs]
3.375: [Full GC (System.gc())  26581K->26581K(156544K), 0.0384744 secs]
3.436: [Full GC (System.gc())  28418K->26742K(156544K), 0.0390740 secs]
3.491: [Full GC (System.gc())  26742K->22172K(156544K), 0.0835779 secs]
3.586: [Full GC (System.gc())  22172K->22172K(156544K), 0.0453217 secs]
3.638: [Full GC (System.gc())  22172K->22172K(156544K), 0.0346273 secs]
3.674: [Full GC (System.gc())  22172K->22172K(156544K), 0.0335699 secs]
3.709: [Full GC (System.gc())  23025K->22170K(156544K), 0.0346379 secs]
3.744: [Full GC (System.gc())  22170K->22170K(156544K), 0.0352867 secs]
3.779: [Full GC (System.gc())  22170K->22170K(156544K), 0.0340236 secs]
3.813: [Full GC (System.gc())  22170K->22170K(156544K), 0.0335928 secs]
3.847: [Full GC (System.gc())  22170K->22170K(156544K), 0.0608467 secs]
5.102: [GC (Allocation Failure)  65434K->24831K(156544K), 0.0176636 secs]
5.817: [GC (Allocation Failure)  68095K->27656K(156544K), 0.0157464 secs]
6.550: [GC (Allocation Failure)  70920K->30186K(156544K), 0.0214885 secs]
7.094: [GC (Allocation Failure)  73450K->33560K(156544K), 0.0690999 secs]
7.638: [GC (Allocation Failure)  76824K->36222K(156544K), 0.0240907 secs]
8.069: [GC (Allocation Failure)  79486K->38354K(156544K), 0.0169623 secs]
8.510: [GC (Allocation Failure)  81618K->40181K(156544K), 0.0203823 secs]
8.898: [GC (Allocation Failure)  83445K->42743K(156544K), 0.0176075 secs]
9.292: [GC (Allocation Failure)  86007K->44564K(156544K), 0.0130861 secs]
9.706: [GC (Allocation Failure)  87828K->46255K(156544K), 0.0174371 secs]
10.079: [GC (Allocation Failure)  89519K->48150K(156544K), 0.0134496 secs]
10.389: [GC (Allocation Failure)  91414K->50149K(156544K), 0.0125689 secs]
10.760: [GC (Allocation Failure)  93413K->52197K(156544K), 0.0232685 secs]
11.051: [GC (Allocation Failure)  95461K->54576K(156544K), 0.0192060 secs]
11.372: [GC (Allocation Failure)  97840K->56209K(156544K), 0.0181899 secs]
11.712: [GC (Allocation Failure)  99473K->59598K(156544K), 0.0311426 secs]
12.094: [GC (Allocation Failure)  102862K->62932K(156544K), 0.0224732 secs]
12.390: [GC (Allocation Failure)  106196K->64850K(156544K), 0.0387600 secs]
12.677: [GC (Allocation Failure)  108114K->67591K(156544K), 0.0146011 secs]
12.996: [GC (Allocation Failure)  110855K->71106K(156544K), 0.0296958 secs]
13.404: [GC (Allocation Failure)  114370K->75568K(156544K), 0.0348674 secs]
13.662: [Full GC (System.gc())  94604K->67041K(156544K), 0.2327981 secs]
13.902: [Full GC (System.gc())  67041K->67041K(162104K), 0.1999378 secs]
14.108: [Full GC (System.gc())  67041K->67041K(162104K), 0.1894646 secs]
14.306: [Full GC (System.gc())  67041K->61646K(162104K), 0.2310805 secs]
14.545: [Full GC (System.gc())  61646K->61646K(162104K), 0.1480675 secs]
15.196: [GC (Allocation Failure)  106446K->65957K(162104K), 0.0063599 secs]
