Java HotSpot(TM) 64-Bit Server VM (25.91-b14) for linux-amd64 JRE (1.8.0_91-b14), built on Apr  1 2016 00:57:21 by "java_re" with gcc 4.3.0 20080428 (Red Hat 4.3.0-8)
Memory: 4k page, physical 10239976k(3861252k free), swap 4192252k(4192252k free)
CommandLine flags: -XX:InitialHeapSize=163839616 -XX:MaxHeapSize=2621433856 -XX:+PrintGC -XX:+PrintGCTimeStamps -XX:+UseCompressedClassPointers -XX:+UseCompressedOops 
1.311: [GC (Allocation Failure)  43136K->8409K(156416K), 0.0160666 secs]
1.607: [GC (Allocation Failure)  51545K->18844K(156416K), 0.0274554 secs]
2.090: [GC (Allocation Failure)  61980K->28901K(156416K), 0.0457626 secs]
2.445: [GC (Allocation Failure)  72037K->36871K(156416K), 0.0416316 secs]
2.775: [GC (Allocation Failure)  80007K->47229K(156416K), 0.0260198 secs]
4.880: [GC (Allocation Failure)  90365K->56697K(156416K), 0.0539759 secs]
5.894: [GC (Allocation Failure)  99833K->64094K(156416K), 0.0342820 secs]
6.594: [GC (Allocation Failure)  107230K->71266K(156416K), 0.0497364 secs]
7.172: [GC (Allocation Failure)  114402K->78617K(156416K), 0.0457583 secs]
8.089: [GC (Allocation Failure)  121753K->82927K(156416K), 0.0263185 secs]
8.598: [GC (Allocation Failure)  126063K->90630K(156416K), 0.1612695 secs]
9.445: [GC (Allocation Failure)  133766K->98604K(156416K), 0.0405551 secs]
9.871: [GC (Allocation Failure)  141740K->105839K(156416K), 0.0793096 secs]
10.257: [GC (Allocation Failure)  148975K->111983K(156416K), 0.0425721 secs]
10.676: [GC (Allocation Failure)  155119K->114998K(158144K), 0.0194162 secs]
10.695: [Full GC (Allocation Failure)  114998K->43410K(158144K), 0.1093746 secs]
11.176: [GC (Allocation Failure)  86674K->50490K(156544K), 0.0220704 secs]
11.658: [GC (Allocation Failure)  93754K->57986K(156544K), 0.0384439 secs]
12.166: [GC (Allocation Failure)  101250K->64905K(156544K), 0.0430096 secs]
12.592: [GC (Allocation Failure)  108169K->72210K(156544K), 0.0434353 secs]
13.042: [GC (Allocation Failure)  115474K->76578K(156544K), 0.0336916 secs]
13.357: [GC (Allocation Failure)  119842K->82782K(156544K), 0.0334865 secs]
13.912: [GC (Allocation Failure)  126046K->91006K(156544K), 0.0711669 secs]
14.393: [GC (Allocation Failure)  134270K->99166K(156544K), 0.0483841 secs]
14.857: [GC (Allocation Failure)  142430K->105160K(156544K), 0.0268234 secs]
15.253: [GC (Allocation Failure)  148424K->109021K(156544K), 0.0216746 secs]
15.606: [GC (Allocation Failure)  152285K->113068K(157696K), 0.0169238 secs]
15.623: [Full GC (Allocation Failure)  113068K->53318K(157696K), 0.1407561 secs]
16.373: [GC (Allocation Failure)  96582K->59371K(156544K), 0.0416135 secs]
16.665: [GC (Allocation Failure)  102635K->67710K(156544K), 0.0283581 secs]
17.039: [GC (Allocation Failure)  110974K->71461K(156544K), 0.0294175 secs]
17.497: [GC (Allocation Failure)  114725K->74555K(156544K), 0.0675102 secs]
18.029: [GC (Allocation Failure)  117819K->78156K(156544K), 0.0202001 secs]
18.501: [GC (Allocation Failure)  121420K->83846K(156544K), 0.0238508 secs]
19.089: [GC (Allocation Failure)  127110K->86049K(156544K), 0.0169466 secs]
19.656: [GC (Allocation Failure)  129313K->89067K(156544K), 0.0188899 secs]
20.040: [GC (Allocation Failure)  132331K->94986K(156544K), 0.0594196 secs]
20.924: [GC (Allocation Failure)  138250K->99767K(156544K), 0.0257287 secs]
21.144: [GC (Allocation Failure)  143031K->98162K(156544K), 0.0294275 secs]
21.348: [GC (Allocation Failure)  141426K->99100K(156544K), 0.0090049 secs]
21.629: [GC (Allocation Failure)  142364K->99282K(156544K), 0.0045695 secs]
21.812: [GC (Allocation Failure)  142546K->99399K(156544K), 0.0148860 secs]
22.148: [GC (Allocation Failure)  142663K->99844K(156544K), 0.0054672 secs]
