Java HotSpot(TM) 64-Bit Server VM (25.74-b02) for linux-amd64 JRE (1.8.0_74-b02), built on Jan 29 2016 19:20:56 by "java_re" with gcc 4.3.0 20080428 (Red Hat 4.3.0-8)
Memory: 4k page, physical 65960280k(2536660k free), swap 32767996k(32757132k free)
CommandLine flags: -XX:InitialHeapSize=1055364480 -XX:MaxHeapSize=16885831680 -XX:+PrintGC -XX:+PrintGCTimeStamps -XX:+UseCompressedClassPointers -XX:+UseCompressedOops -XX:+UseParallelGC 
1.303: [GC (Allocation Failure)  258048K->14635K(989184K), 0.0244407 secs]
2.424: [GC (Allocation Failure)  272683K->10797K(1247232K), 0.0193054 secs]
3.907: [GC (Allocation Failure)  526893K->9400K(1247232K), 0.0137281 secs]
31538.609: [GC (Allocation Failure)  525496K->9090K(1763328K), 0.0147534 secs]
31540.269: [GC (Allocation Failure)  1041282K->8746K(1763328K), 0.0179917 secs]
31541.349: [GC (Allocation Failure)  1040938K->8690K(2767872K), 0.0113784 secs]
31544.235: [GC (Allocation Failure)  2073074K->8794K(2661888K), 0.0173192 secs]
31546.742: [GC (Allocation Failure)  1981530K->8938K(2574336K), 0.0050759 secs]
31548.885: [GC (Allocation Failure)  1894634K->8774K(2491904K), 0.0033614 secs]
31550.999: [GC (Allocation Failure)  1812038K->8638K(2413056K), 0.0071270 secs]
31552.805: [GC (Allocation Failure)  1733054K->8734K(2355712K), 0.0043217 secs]
31554.959: [GC (Allocation Failure)  1658398K->8686K(2267136K), 0.0087056 secs]
31556.920: [GC (Allocation Failure)  1587182K->8750K(2216448K), 0.0037101 secs]
31558.551: [GC (Allocation Failure)  1519662K->8718K(2135040K), 0.0073884 secs]
31560.221: [GC (Allocation Failure)  1455118K->8718K(2090496K), 0.0038436 secs]
31561.829: [GC (Allocation Failure)  1394190K->8718K(2015744K), 0.0073013 secs]
31563.398: [GC (Allocation Failure)  1335822K->8750K(1975808K), 0.0046540 secs]
31564.791: [GC (Allocation Failure)  1280558K->8718K(1907712K), 0.0088646 secs]
31566.300: [GC (Allocation Failure)  1227790K->8686K(1871360K), 0.0050096 secs]
31567.823: [GC (Allocation Failure)  1177582K->8750K(1809920K), 0.0070901 secs]
31568.990: [GC (Allocation Failure)  1130030K->8742K(1776640K), 0.0033005 secs]
31570.338: [GC (Allocation Failure)  1084454K->8710K(1721344K), 0.0071026 secs]
31571.665: [GC (Allocation Failure)  1041414K->8710K(1691648K), 0.0074203 secs]
31572.735: [GC (Allocation Failure)  1000454K->8742K(1641472K), 0.0042264 secs]
31573.740: [GC (Allocation Failure)  961574K->8710K(1613824K), 0.0033855 secs]
31574.914: [GC (Allocation Failure)  924166K->8774K(1568768K), 0.0061645 secs]
31575.871: [GC (Allocation Failure)  888902K->8710K(1543680K), 0.0086707 secs]
31576.796: [GC (Allocation Failure)  855046K->8774K(1502720K), 0.0054949 secs]
31577.859: [GC (Allocation Failure)  822854K->8742K(1479680K), 0.0074880 secs]
31578.688: [GC (Allocation Failure)  792102K->8742K(1442816K), 0.0059077 secs]
31579.705: [GC (Allocation Failure)  762918K->8742K(1421824K), 0.0040053 secs]
31580.598: [GC (Allocation Failure)  735270K->8710K(1388544K), 0.0056889 secs]
31581.340: [GC (Allocation Failure)  708614K->8742K(1369088K), 0.0035273 secs]
31582.057: [GC (Allocation Failure)  683558K->8742K(1339392K), 0.0047491 secs]
31582.959: [GC (Allocation Failure)  659494K->8710K(1320960K), 0.0078602 secs]
31583.619: [GC (Allocation Failure)  636422K->8742K(1294336K), 0.0057947 secs]
31584.484: [GC (Allocation Failure)  614438K->8742K(1277440K), 0.0043595 secs]
31585.130: [GC (Allocation Failure)  593446K->8742K(1253376K), 0.0048246 secs]
31585.920: [GC (Allocation Failure)  573478K->8774K(1238016K), 0.0029997 secs]
31586.490: [GC (Allocation Failure)  554566K->8742K(1216000K), 0.0077983 secs]
31587.076: [GC (Allocation Failure)  536102K->8742K(1201664K), 0.0036749 secs]
31587.605: [GC (Allocation Failure)  518694K->8774K(1181696K), 0.0047287 secs]
31588.124: [GC (Allocation Failure)  501830K->8710K(1168384K), 0.0078188 secs]
31588.701: [GC (Allocation Failure)  485894K->8774K(1150464K), 0.0053324 secs]
31589.205: [GC (Allocation Failure)  470598K->8710K(1138176K), 0.0032588 secs]
31589.671: [GC (Allocation Failure)  456198K->8742K(1122304K), 0.0038689 secs]
31590.168: [GC (Allocation Failure)  442406K->8774K(1110528K), 0.0035135 secs]
31590.743: [GC (Allocation Failure)  429126K->8742K(1096192K), 0.0070522 secs]
31591.183: [GC (Allocation Failure)  416294K->8742K(1085440K), 0.0064479 secs]
31591.600: [GC (Allocation Failure)  404006K->8710K(1072128K), 0.0042906 secs]
31592.004: [GC (Allocation Failure)  392198K->8742K(1061888K), 0.0037254 secs]
31592.604: [GC (Allocation Failure)  380966K->8710K(1050112K), 0.0045077 secs]
31592.981: [GC (Allocation Failure)  370182K->8774K(1040896K), 0.0031669 secs]
31593.559: [GC (Allocation Failure)  360006K->8742K(1030144K), 0.0040586 secs]
31593.922: [GC (Allocation Failure)  350246K->8742K(1021952K), 0.0040538 secs]
31594.268: [GC (Allocation Failure)  341030K->8774K(1011712K), 0.0038669 secs]
31594.604: [GC (Allocation Failure)  331846K->8742K(1077248K), 0.0045898 secs]
31595.040: [GC (Allocation Failure)  396838K->8742K(1065472K), 0.0040675 secs]
31595.451: [GC (Allocation Failure)  385574K->8774K(1141760K), 0.0045719 secs]
31596.137: [GC (Allocation Failure)  461382K->8774K(1126912K), 0.0036713 secs]
31596.612: [GC (Allocation Failure)  447046K->8806K(1114112K), 0.0034289 secs]
31597.093: [GC (Allocation Failure)  433766K->8742K(1100800K), 0.0036413 secs]
31597.527: [GC (Allocation Failure)  420902K->8742K(1089024K), 0.0028245 secs]
31597.944: [GC (Allocation Failure)  408614K->8742K(1076736K), 0.0046107 secs]
31598.371: [GC (Allocation Failure)  396838K->8742K(1065472K), 0.0031940 secs]
31598.764: [GC (Allocation Failure)  385574K->8742K(1054720K), 0.0036730 secs]
31599.153: [GC (Allocation Failure)  374822K->8774K(1044480K), 0.0024924 secs]
31599.736: [GC (Allocation Failure)  364614K->8710K(1034240K), 0.0032988 secs]
31600.115: [GC (Allocation Failure)  354310K->8742K(1024512K), 0.0035166 secs]
31600.465: [GC (Allocation Failure)  344614K->8710K(1015296K), 0.0038717 secs]
31600.816: [GC (Allocation Failure)  335366K->8742K(1006592K), 0.0036308 secs]
31601.148: [GC (Allocation Failure)  326694K->8710K(997888K), 0.0032742 secs]
31601.481: [GC (Allocation Failure)  317958K->8774K(989696K), 0.0030454 secs]
31601.801: [GC (Allocation Failure)  309830K->8742K(982016K), 0.0033346 secs]
31602.128: [GC (Allocation Failure)  302118K->8710K(974336K), 0.0039700 secs]
31602.425: [GC (Allocation Failure)  294406K->8710K(1031680K), 0.0032586 secs]
31602.927: [GC (Allocation Failure)  351750K->8710K(1021952K), 0.0030931 secs]
31603.305: [GC (Allocation Failure)  342022K->8742K(1012736K), 0.0036156 secs]
31603.657: [GC (Allocation Failure)  332838K->8742K(1004032K), 0.0036893 secs]
31604.009: [GC (Allocation Failure)  324134K->8710K(995840K), 0.0035525 secs]
31604.341: [GC (Allocation Failure)  315910K->8742K(987648K), 0.0034087 secs]
31604.685: [GC (Allocation Failure)  307750K->8742K(1047552K), 0.0040293 secs]
31605.064: [GC (Allocation Failure)  367654K->8710K(1037312K), 0.0031158 secs]
31605.431: [GC (Allocation Failure)  357382K->8742K(1027584K), 0.0033890 secs]
31605.786: [GC (Allocation Failure)  347686K->8806K(1018368K), 0.0029797 secs]
31606.155: [GC (Allocation Failure)  338534K->8742K(1009152K), 0.0041287 secs]
31606.665: [GC (Allocation Failure)  329254K->8774K(1000448K), 0.0033691 secs]
31606.990: [GC (Allocation Failure)  320582K->8774K(992256K), 0.0036012 secs]
31607.326: [GC (Allocation Failure)  312390K->8710K(984064K), 0.0036661 secs]
31607.635: [GC (Allocation Failure)  304134K->8742K(976384K), 0.0029972 secs]
31607.934: [GC (Allocation Failure)  296486K->8742K(969216K), 0.0033997 secs]
31608.225: [GC (Allocation Failure)  289318K->8774K(1025536K), 0.0033893 secs]
31608.591: [GC (Allocation Failure)  345670K->8710K(1093120K), 0.0044232 secs]
31609.061: [GC (Allocation Failure)  413190K->8710K(1080832K), 0.0032867 secs]
31609.468: [GC (Allocation Failure)  400902K->8742K(1159680K), 0.0049672 secs]
31609.973: [GC (Allocation Failure)  479782K->8742K(1144832K), 0.0039050 secs]
31610.475: [GC (Allocation Failure)  464934K->8710K(1130496K), 0.0034136 secs]
31610.951: [GC (Allocation Failure)  450566K->8774K(1116672K), 0.0029895 secs]
31611.400: [GC (Allocation Failure)  436806K->8710K(1103360K), 0.0060751 secs]
31611.839: [GC (Allocation Failure)  423430K->8774K(1091072K), 0.0032398 secs]
31612.288: [GC (Allocation Failure)  411206K->8678K(1079296K), 0.0034659 secs]
31612.704: [GC (Allocation Failure)  399334K->8742K(1068032K), 0.0039710 secs]
31613.098: [GC (Allocation Failure)  388134K->8742K(1056768K), 0.0040536 secs]
31613.481: [GC (Allocation Failure)  376870K->8742K(1046016K), 0.0034204 secs]
31613.862: [GC (Allocation Failure)  366118K->8742K(1035776K), 0.0043317 secs]
31614.222: [GC (Allocation Failure)  355878K->8742K(1026048K), 0.0035248 secs]
31614.581: [GC (Allocation Failure)  346150K->8742K(1016832K), 0.0036891 secs]
31614.918: [GC (Allocation Failure)  336934K->8742K(1082880K), 0.0045140 secs]
31615.533: [GC (Allocation Failure)  402982K->8710K(1071104K), 0.0037946 secs]
31615.926: [GC (Allocation Failure)  391174K->8742K(1059840K), 0.0028327 secs]
31616.328: [GC (Allocation Failure)  379942K->8710K(1049088K), 0.0028810 secs]
31616.874: [GC (Allocation Failure)  369158K->8710K(1038848K), 0.0038806 secs]
31617.238: [GC (Allocation Failure)  358918K->8710K(1029120K), 0.0058969 secs]
31617.636: [GC (Allocation Failure)  349190K->8742K(1019904K), 0.0029534 secs]
31618.050: [GC (Allocation Failure)  340006K->8742K(1010688K), 0.0030033 secs]
31618.404: [GC (Allocation Failure)  330790K->8742K(1001984K), 0.0037458 secs]
31618.741: [GC (Allocation Failure)  322086K->8774K(993792K), 0.0035784 secs]
31619.101: [GC (Allocation Failure)  313926K->8742K(985600K), 0.0035866 secs]
31619.588: [GC (Allocation Failure)  305702K->8742K(977920K), 0.0034980 secs]
31619.901: [GC (Allocation Failure)  298022K->8710K(970752K), 0.0033165 secs]
31620.204: [GC (Allocation Failure)  290822K->8710K(963584K), 0.0030296 secs]
31620.490: [GC (Allocation Failure)  283654K->8774K(1018880K), 0.0036405 secs]
31620.835: [GC (Allocation Failure)  339014K->8742K(1009664K), 0.0031264 secs]
31621.168: [GC (Allocation Failure)  329766K->8774K(1074176K), 0.0052913 secs]
31621.612: [GC (Allocation Failure)  394310K->8742K(1151488K), 0.0038422 secs]
31622.332: [GC (Allocation Failure)  471590K->8742K(1136640K), 0.0032209 secs]
31622.821: [GC (Allocation Failure)  456742K->8742K(1122816K), 0.0031678 secs]
31623.397: [GC (Allocation Failure)  442918K->8742K(1109504K), 0.0038478 secs]
31623.850: [GC (Allocation Failure)  429606K->8742K(1096704K), 0.0030913 secs]
31624.281: [GC (Allocation Failure)  416806K->8774K(1084416K), 0.0037737 secs]
31624.725: [GC (Allocation Failure)  404550K->8710K(1072640K), 0.0039779 secs]
31625.309: [GC (Allocation Failure)  392710K->8774K(1061376K), 0.0040355 secs]
31625.706: [GC (Allocation Failure)  381510K->8742K(1050624K), 0.0036055 secs]
31626.095: [GC (Allocation Failure)  370726K->8710K(1040384K), 0.0035782 secs]
31626.462: [GC (Allocation Failure)  360454K->8710K(1030656K), 0.0039718 secs]
31626.823: [GC (Allocation Failure)  350726K->8742K(1020928K), 0.0038644 secs]
31627.361: [GC (Allocation Failure)  341030K->8742K(1011712K), 0.0036872 secs]
31627.713: [GC (Allocation Failure)  331814K->8710K(1003008K), 0.0046581 secs]
31628.195: [GC (Allocation Failure)  323078K->8710K(994816K), 0.0142125 secs]
31628.531: [GC (Allocation Failure)  314886K->8710K(1056256K), 0.0041351 secs]
31628.913: [GC (Allocation Failure)  376326K->8710K(1129984K), 0.0036938 secs]
31629.783: [GC (Allocation Failure)  450054K->8742K(1116160K), 0.0028385 secs]
31630.264: [GC (Allocation Failure)  436262K->8710K(1102848K), 0.0046875 secs]
31630.700: [GC (Allocation Failure)  422918K->8710K(1090560K), 0.0033322 secs]
31631.118: [GC (Allocation Failure)  410630K->8774K(1078784K), 0.0028665 secs]
31631.557: [GC (Allocation Failure)  398918K->8742K(1067520K), 0.0033563 secs]
31632.186: [GC (Allocation Failure)  387622K->8742K(1056256K), 0.0027980 secs]
31632.590: [GC (Allocation Failure)  376358K->8710K(1045504K), 0.0039463 secs]
31632.997: [GC (Allocation Failure)  365574K->8742K(1035264K), 0.0030866 secs]
31633.360: [GC (Allocation Failure)  355366K->8710K(1025536K), 0.0037701 secs]
31633.732: [GC (Allocation Failure)  345606K->8742K(1016320K), 0.0034108 secs]
31634.072: [GC (Allocation Failure)  336422K->8710K(1007616K), 0.0031506 secs]
31634.405: [GC (Allocation Failure)  327686K->8710K(998912K), 0.0030849 secs]
31634.746: [GC (Allocation Failure)  318982K->8710K(990720K), 0.0042255 secs]
31635.298: [GC (Allocation Failure)  310790K->8742K(983040K), 0.0034869 secs]
31635.623: [GC (Allocation Failure)  303142K->8742K(975360K), 0.0028575 secs]
31635.928: [GC (Allocation Failure)  295462K->8710K(968192K), 0.0041813 secs]
31636.244: [GC (Allocation Failure)  288262K->8710K(1024512K), 0.0036060 secs]
31636.850: [GC (Allocation Failure)  344582K->8742K(1015296K), 0.0037174 secs]
31637.206: [GC (Allocation Failure)  335398K->8710K(1006592K), 0.0043743 secs]
31637.573: [GC (Allocation Failure)  326662K->8710K(1070592K), 0.0066689 secs]
31638.008: [GC (Allocation Failure)  390662K->8806K(1147392K), 0.0028864 secs]
31638.492: [GC (Allocation Failure)  467558K->8742K(1133056K), 0.0035160 secs]
31638.973: [GC (Allocation Failure)  453158K->8742K(1119232K), 0.0032570 secs]
31639.436: [GC (Allocation Failure)  439334K->8710K(1105920K), 0.0031331 secs]
31640.090: [GC (Allocation Failure)  425990K->8774K(1093120K), 0.0030256 secs]
31640.510: [GC (Allocation Failure)  413254K->8710K(1080832K), 0.0037490 secs]
31640.945: [GC (Allocation Failure)  400902K->8774K(1069056K), 0.0031797 secs]
31641.564: [GC (Allocation Failure)  389190K->8742K(1057792K), 0.0035251 secs]
31641.952: [GC (Allocation Failure)  377894K->8710K(1047040K), 0.0033227 secs]
31642.326: [GC (Allocation Failure)  367110K->8742K(1036800K), 0.0038570 secs]
31642.691: [GC (Allocation Failure)  356902K->8710K(1027072K), 0.0034301 secs]
31643.044: [GC (Allocation Failure)  347142K->8710K(1017856K), 0.0029836 secs]
31643.407: [GC (Allocation Failure)  337926K->8774K(1008640K), 0.0037383 secs]
31643.757: [GC (Allocation Failure)  328774K->8774K(999936K), 0.0030669 secs]
31644.351: [GC (Allocation Failure)  320070K->8774K(991744K), 0.0038542 secs]
31644.671: [GC (Allocation Failure)  311878K->8742K(984064K), 0.0032449 secs]
31645.056: [GC (Allocation Failure)  304166K->8710K(976384K), 0.0025719 secs]
31645.360: [GC (Allocation Failure)  296454K->8774K(969216K), 0.0029703 secs]
31645.656: [GC (Allocation Failure)  289350K->8774K(962048K), 0.0030873 secs]
31646.143: [GC (Allocation Failure)  282182K->8774K(955392K), 0.0032627 secs]
31646.423: [GC (Allocation Failure)  275526K->8742K(948736K), 0.0037929 secs]
31646.695: [GC (Allocation Failure)  268838K->8742K(1000960K), 0.0038026 secs]
31647.034: [GC (Allocation Failure)  321062K->8710K(992768K), 0.0029853 secs]
31647.371: [GC (Allocation Failure)  312838K->8710K(1053696K), 0.0042775 secs]
31647.801: [GC (Allocation Failure)  373766K->8742K(1043456K), 0.0031976 secs]
31648.181: [GC (Allocation Failure)  363558K->8742K(1033216K), 0.0032752 secs]
31648.542: [GC (Allocation Failure)  353318K->8710K(1023488K), 0.0037378 secs]
31648.892: [GC (Allocation Failure)  343558K->8742K(1014272K), 0.0034200 secs]
31649.459: [GC (Allocation Failure)  334374K->8742K(1005568K), 0.0037288 secs]
31649.797: [GC (Allocation Failure)  325670K->8710K(996864K), 0.0036546 secs]
31650.134: [GC (Allocation Failure)  316934K->8742K(988672K), 0.0035657 secs]
31650.478: [GC (Allocation Failure)  308774K->8742K(980992K), 0.0032342 secs]
31650.783: [GC (Allocation Failure)  301094K->8710K(973312K), 0.0033211 secs]
31651.080: [GC (Allocation Failure)  293382K->8774K(1030656K), 0.0034674 secs]
31651.437: [GC (Allocation Failure)  350790K->8742K(1099264K), 0.0042385 secs]
31651.888: [GC (Allocation Failure)  419366K->8710K(1181696K), 0.0044393 secs]
31652.588: [GC (Allocation Failure)  501766K->8742K(1165824K), 0.0035881 secs]
31653.317: [GC (Allocation Failure)  485926K->8710K(1150464K), 0.0036909 secs]
31653.802: [GC (Allocation Failure)  470534K->8742K(1136128K), 0.0035931 secs]
31654.303: [GC (Allocation Failure)  456230K->8742K(1122304K), 0.0044980 secs]
31654.769: [GC (Allocation Failure)  442406K->8710K(1108992K), 0.0041702 secs]
31655.325: [GC (Allocation Failure)  429062K->8742K(1096192K), 0.0034542 secs]
31655.951: [GC (Allocation Failure)  416294K->8742K(1083904K), 0.0039073 secs]
31656.645: [GC (Allocation Failure)  404006K->8710K(1072128K), 0.0040022 secs]
31657.052: [GC (Allocation Failure)  392198K->8742K(1060864K), 0.0037524 secs]
31657.511: [GC (Allocation Failure)  380966K->8710K(1050112K), 0.0033798 secs]
31657.886: [GC (Allocation Failure)  370182K->8774K(1039872K), 0.0032252 secs]
31658.288: [GC (Allocation Failure)  360006K->8742K(1030144K), 0.0035856 secs]
31658.645: [GC (Allocation Failure)  350246K->8742K(1020928K), 0.0032823 secs]
31659.021: [GC (Allocation Failure)  341030K->8774K(1011712K), 0.0040894 secs]
31659.573: [GC (Allocation Failure)  331846K->8742K(1003008K), 0.0047052 secs]
31659.907: [GC (Allocation Failure)  323110K->8710K(994816K), 0.0035267 secs]
31660.457: [GC (Allocation Failure)  314886K->8742K(986624K), 0.0037401 secs]
31660.769: [GC (Allocation Failure)  306726K->8742K(978944K), 0.0040724 secs]
31661.072: [GC (Allocation Failure)  299046K->8742K(971264K), 0.0029387 secs]
31661.367: [GC (Allocation Failure)  291366K->8710K(964096K), 0.0034181 secs]
31661.656: [GC (Allocation Failure)  284166K->8742K(1019392K), 0.0038032 secs]
31662.002: [GC (Allocation Failure)  339494K->8742K(1085952K), 0.0030677 secs]
31662.435: [GC (Allocation Failure)  406054K->8742K(1074176K), 0.0040534 secs]
31663.032: [GC (Allocation Failure)  394278K->8710K(1062912K), 0.0036201 secs]
31663.423: [GC (Allocation Failure)  382982K->8742K(1052160K), 0.0030526 secs]
31663.818: [GC (Allocation Failure)  372262K->8742K(1041920K), 0.0035323 secs]
31664.185: [GC (Allocation Failure)  362022K->8774K(1032192K), 0.0038877 secs]
31664.567: [GC (Allocation Failure)  352326K->8774K(1022464K), 0.0034556 secs]
31664.937: [GC (Allocation Failure)  342598K->8742K(1013248K), 0.0044992 secs]
31665.521: [GC (Allocation Failure)  333350K->8710K(1004544K), 0.0048729 secs]
31665.865: [GC (Allocation Failure)  324614K->8774K(996352K), 0.0042773 secs]
31666.188: [GC (Allocation Failure)  316486K->8742K(1058304K), 0.0037943 secs]
31666.574: [GC (Allocation Failure)  378406K->8710K(1132544K), 0.0041666 secs]
31667.142: [GC (Allocation Failure)  452614K->8710K(1118720K), 0.0038682 secs]
31667.594: [GC (Allocation Failure)  438790K->8774K(1105408K), 0.0033937 secs]
31668.032: [GC (Allocation Failure)  425542K->8742K(1092608K), 0.0037620 secs]
31668.455: [GC (Allocation Failure)  412710K->8710K(1080320K), 0.0031370 secs]
31668.867: [GC (Allocation Failure)  400390K->8710K(1068544K), 0.0041767 secs]
31669.291: [GC (Allocation Failure)  388614K->8742K(1057280K), 0.0034278 secs]
31669.677: [GC (Allocation Failure)  377382K->8742K(1046528K), 0.0036235 secs]
31670.085: [GC (Allocation Failure)  366630K->8710K(1036288K), 0.0035940 secs]
31670.484: [GC (Allocation Failure)  356358K->8774K(1026560K), 0.0041111 secs]
31670.841: [GC (Allocation Failure)  346694K->8774K(1017344K), 0.0033736 secs]
31671.183: [GC (Allocation Failure)  337478K->8742K(1083392K), 0.0053587 secs]
31671.913: [GC (Allocation Failure)  403494K->8710K(1071616K), 0.0041990 secs]
31672.318: [GC (Allocation Failure)  391686K->8774K(1060352K), 0.0043309 secs]
31672.752: [GC (Allocation Failure)  380486K->8742K(1049600K), 0.0033501 secs]
31673.132: [GC (Allocation Failure)  369702K->8742K(1039360K), 0.1752882 secs]
31673.675: [GC (Allocation Failure)  359462K->8742K(1029632K), 0.0036510 secs]
31674.030: [GC (Allocation Failure)  349734K->8710K(1020416K), 0.0034335 secs]
31674.457: [GC (Allocation Failure)  340486K->8742K(1011200K), 0.0041796 secs]
31674.797: [GC (Allocation Failure)  331302K->8710K(1002496K), 0.0039064 secs]
31675.171: [GC (Allocation Failure)  322566K->8710K(994304K), 0.0036640 secs]
31675.714: [GC (Allocation Failure)  314374K->8710K(986112K), 0.0048834 secs]
31676.027: [GC (Allocation Failure)  306182K->8742K(978432K), 0.0035174 secs]
31676.388: [GC (Allocation Failure)  298534K->8710K(1036800K), 0.0051911 secs]
31676.755: [GC (Allocation Failure)  356870K->8774K(1106432K), 0.0040971 secs]
31677.214: [GC (Allocation Failure)  426566K->8710K(1190400K), 0.0049103 secs]
31677.952: [GC (Allocation Failure)  510470K->8742K(1174016K), 0.0035142 secs]
31678.460: [GC (Allocation Failure)  494118K->8774K(1271296K), 0.0068522 secs]
31679.086: [GC (Allocation Failure)  591430K->8710K(1388032K), 0.0102480 secs]
31679.820: [GC (Allocation Failure)  708102K->8742K(1362944K), 0.0028247 secs]
31680.834: [GC (Allocation Failure)  683046K->8742K(1338880K), 0.0030464 secs]
31681.578: [GC (Allocation Failure)  658982K->8742K(1315840K), 0.0034898 secs]
31682.229: [GC (Allocation Failure)  635942K->8742K(1293824K), 0.0031065 secs]
31682.859: [GC (Allocation Failure)  613926K->8710K(1272832K), 0.0039733 secs]
31683.467: [GC (Allocation Failure)  592902K->8742K(1252864K), 0.0032018 secs]
31684.260: [GC (Allocation Failure)  572966K->8774K(1233920K), 0.0037459 secs]
31685.022: [GC (Allocation Failure)  554054K->8742K(1215488K), 0.0032528 secs]
31685.601: [GC (Allocation Failure)  535590K->8742K(1198080K), 0.0041913 secs]
31686.139: [GC (Allocation Failure)  518182K->8774K(1181184K), 0.0039344 secs]
31686.709: [GC (Allocation Failure)  501318K->8774K(1165312K), 0.0039374 secs]
31687.209: [GC (Allocation Failure)  485446K->8742K(1149952K), 0.0036995 secs]
31687.689: [GC (Allocation Failure)  470054K->8742K(1135616K), 0.0034271 secs]
31688.272: [GC (Allocation Failure)  455718K->8742K(1121792K), 0.0036840 secs]
31688.755: [GC (Allocation Failure)  441894K->8710K(1108480K), 0.0038134 secs]
31689.193: [GC (Allocation Failure)  428550K->8774K(1095680K), 0.0027270 secs]
31689.617: [GC (Allocation Failure)  415814K->8710K(1083392K), 0.0043190 secs]
31690.063: [GC (Allocation Failure)  403462K->8710K(1071616K), 0.0042224 secs]
31690.638: [GC (Allocation Failure)  391686K->8710K(1060352K), 0.0034544 secs]
31691.049: [GC (Allocation Failure)  380422K->8742K(1049600K), 0.0033504 secs]
31691.444: [GC (Allocation Failure)  369702K->8678K(1039360K), 0.0039125 secs]
31691.809: [GC (Allocation Failure)  359398K->8710K(1029632K), 0.0036138 secs]
31692.201: [GC (Allocation Failure)  349702K->8742K(1020416K), 0.0038363 secs]
31692.727: [GC (Allocation Failure)  340518K->8742K(1011200K), 0.0035930 secs]
31693.088: [GC (Allocation Failure)  331302K->8774K(1002496K), 0.0035206 secs]
31693.435: [GC (Allocation Failure)  322630K->8742K(994304K), 0.0032003 secs]
31693.763: [GC (Allocation Failure)  314406K->8774K(986112K), 0.0030291 secs]
31694.075: [GC (Allocation Failure)  306246K->8742K(978432K), 0.0029656 secs]
31694.445: [GC (Allocation Failure)  298534K->8742K(971264K), 0.0038209 secs]
31694.933: [GC (Allocation Failure)  291366K->8742K(964096K), 0.0031375 secs]
31695.221: [GC (Allocation Failure)  284198K->8742K(957440K), 0.0032016 secs]
31695.503: [GC (Allocation Failure)  277542K->8710K(950784K), 0.0036553 secs]
31695.779: [GC (Allocation Failure)  270854K->8742K(1003520K), 0.0031563 secs]
31696.108: [GC (Allocation Failure)  323622K->8774K(1066496K), 0.0031607 secs]
31696.502: [GC (Allocation Failure)  386630K->8742K(1055744K), 0.0030424 secs]
31696.967: [GC (Allocation Failure)  375846K->8742K(1044992K), 0.0034294 secs]
31697.364: [GC (Allocation Failure)  365094K->8742K(1034752K), 0.0038926 secs]
31697.747: [GC (Allocation Failure)  354854K->8742K(1025024K), 0.0037825 secs]
31698.102: [GC (Allocation Failure)  345126K->8710K(1015808K), 0.0040303 secs]
31698.444: [GC (Allocation Failure)  335878K->8742K(1007104K), 0.0031316 secs]
31698.793: [GC (Allocation Failure)  327206K->8742K(998400K), 0.0040183 secs]
31699.284: [GC (Allocation Failure)  318502K->8742K(990208K), 0.0034599 secs]
31699.632: [GC (Allocation Failure)  310310K->8774K(982528K), 0.0031237 secs]
31699.944: [GC (Allocation Failure)  302662K->8774K(1041408K), 0.0049150 secs]
31700.314: [GC (Allocation Failure)  361542K->8710K(1112064K), 0.0037201 secs]
31700.796: [GC (Allocation Failure)  432134K->8774K(1197056K), 0.0046843 secs]
31701.334: [GC (Allocation Failure)  517190K->8742K(1180672K), 0.0036108 secs]
31701.872: [GC (Allocation Failure)  500774K->8710K(1164800K), 0.0049998 secs]
31702.400: [GC (Allocation Failure)  484870K->8742K(1149440K), 0.0047563 secs]
31702.886: [GC (Allocation Failure)  469542K->8806K(1135104K), 0.0036526 secs]
31703.617: [GC (Allocation Failure)  455270K->8742K(1121280K), 0.1100958 secs]
31704.203: [GC (Allocation Failure)  441382K->8742K(1107968K), 0.0041156 secs]
31704.659: [GC (Allocation Failure)  428070K->8742K(1095168K), 0.0042733 secs]
31705.116: [GC (Allocation Failure)  415270K->8710K(1082880K), 0.0032935 secs]
31705.603: [GC (Allocation Failure)  402950K->8774K(1071104K), 0.0049532 secs]
31706.009: [GC (Allocation Failure)  391238K->8742K(1059840K), 0.0033565 secs]
31706.483: [GC (Allocation Failure)  379942K->8742K(1049088K), 0.0039138 secs]
31706.862: [GC (Allocation Failure)  369190K->8742K(1038848K), 0.0032453 secs]
31707.244: [GC (Allocation Failure)  358950K->8758K(1029120K), 0.0199272 secs]
31707.635: [GC (Allocation Failure)  349238K->8758K(1019904K), 0.0033332 secs]
31707.993: [GC (Allocation Failure)  340022K->8790K(1010688K), 0.0031254 secs]
31708.544: [GC (Allocation Failure)  330838K->8726K(1001984K), 0.0048591 secs]
31708.893: [GC (Allocation Failure)  322070K->8790K(993792K), 0.0038333 secs]
31709.217: [GC (Allocation Failure)  313942K->8790K(985600K), 0.0034968 secs]
31709.533: [GC (Allocation Failure)  305750K->8790K(977920K), 0.0033589 secs]
31709.846: [GC (Allocation Failure)  298070K->8726K(970752K), 0.0032356 secs]
31710.424: [GC (Allocation Failure)  290838K->8790K(963584K), 0.0058989 secs]
31710.721: [GC (Allocation Failure)  283734K->8758K(1018880K), 0.0038861 secs]
31711.066: [GC (Allocation Failure)  338998K->8790K(1084928K), 0.0041000 secs]
31711.482: [GC (Allocation Failure)  405078K->8758K(1164288K), 0.0035552 secs]
31711.989: [GC (Allocation Failure)  484406K->8758K(1148928K), 0.0054212 secs]
31712.498: [GC (Allocation Failure)  469046K->8726K(1134592K), 0.0037802 secs]
31713.180: [GC (Allocation Failure)  454678K->8758K(1120768K), 0.0034742 secs]
31713.637: [GC (Allocation Failure)  440886K->8790K(1107456K), 0.0036748 secs]
31714.260: [GC (Allocation Failure)  427606K->8790K(1094656K), 0.0034795 secs]
31714.681: [GC (Allocation Failure)  414806K->8726K(1082368K), 0.0041521 secs]
31715.364: [GC (Allocation Failure)  402454K->8726K(1070592K), 0.0029816 secs]
31715.764: [GC (Allocation Failure)  390678K->8726K(1059328K), 0.0038565 secs]
31716.150: [GC (Allocation Failure)  379414K->8758K(1048576K), 0.0035708 secs]
31716.541: [GC (Allocation Failure)  368694K->8790K(1038336K), 0.0034805 secs]
31716.927: [GC (Allocation Failure)  358486K->8726K(1028608K), 0.0038220 secs]
31717.287: [GC (Allocation Failure)  348694K->8790K(1019392K), 0.0039552 secs]
31717.634: [GC (Allocation Failure)  339542K->8726K(1010176K), 0.0033710 secs]
31717.970: [GC (Allocation Failure)  330262K->8758K(1001472K), 0.0036991 secs]
31718.502: [GC (Allocation Failure)  321590K->8758K(993280K), 0.0035592 secs]
31718.985: [GC (Allocation Failure)  313398K->8790K(985088K), 0.0046555 secs]
31719.300: [GC (Allocation Failure)  305238K->8758K(977408K), 0.0037019 secs]
31719.611: [GC (Allocation Failure)  297526K->8758K(1035264K), 0.0037291 secs]
31720.192: [GC (Allocation Failure)  355382K->8758K(1025536K), 0.0045363 secs]
31720.573: [GC (Allocation Failure)  345654K->8758K(1016320K), 0.0043815 secs]
31720.915: [GC (Allocation Failure)  336438K->8726K(1007616K), 0.0035312 secs]
31721.310: [GC (Allocation Failure)  327702K->8758K(1071616K), 0.0045776 secs]
31721.749: [GC (Allocation Failure)  391734K->8758K(1060352K), 0.0032889 secs]
31722.351: [GC (Allocation Failure)  380470K->8790K(1049600K), 0.0051947 secs]
31722.745: [GC (Allocation Failure)  369750K->8758K(1039360K), 0.0037220 secs]
31723.112: [GC (Allocation Failure)  359478K->8726K(1029632K), 0.0031210 secs]
31723.469: [GC (Allocation Failure)  349718K->8790K(1098240K), 0.0048275 secs]
31723.903: [GC (Allocation Failure)  418390K->8758K(1085952K), 0.0038285 secs]
31724.316: [GC (Allocation Failure)  406070K->8790K(1074176K), 0.0043770 secs]
31724.720: [GC (Allocation Failure)  394326K->8726K(1062912K), 0.0039268 secs]
31725.130: [GC (Allocation Failure)  382998K->8758K(1052160K), 0.0039374 secs]
31725.532: [GC (Allocation Failure)  372278K->8726K(1041920K), 0.0041914 secs]
31725.901: [GC (Allocation Failure)  362006K->8726K(1032192K), 0.0032960 secs]
31726.288: [GC (Allocation Failure)  352278K->8790K(1022464K), 0.0038802 secs]
31726.647: [GC (Allocation Failure)  342614K->8726K(1013248K), 0.0036811 secs]
31727.135: [GC (Allocation Failure)  333334K->8758K(1004544K), 0.0043766 secs]
31727.465: [GC (Allocation Failure)  324662K->8758K(996352K), 0.0035362 secs]
31727.799: [GC (Allocation Failure)  316470K->8790K(988160K), 0.0037284 secs]
31728.114: [GC (Allocation Failure)  308310K->8758K(980480K), 0.0029335 secs]
31728.420: [GC (Allocation Failure)  300598K->8758K(972800K), 0.0032825 secs]
31728.716: [GC (Allocation Failure)  292918K->8790K(1029632K), 0.0038801 secs]
31729.072: [GC (Allocation Failure)  349782K->8758K(1098240K), 0.0033488 secs]
31729.506: [GC (Allocation Failure)  418358K->8726K(1085952K), 0.0037964 secs]
31730.109: [GC (Allocation Failure)  406038K->8758K(1074176K), 0.0039001 secs]
31730.510: [GC (Allocation Failure)  394294K->8758K(1062912K), 0.0034800 secs]
31730.901: [GC (Allocation Failure)  383030K->8758K(1052160K), 0.0033504 secs]
31731.523: [GC (Allocation Failure)  372278K->8758K(1041920K), 0.0039710 secs]
31731.894: [GC (Allocation Failure)  362038K->8758K(1032192K), 0.0038739 secs]
31732.254: [GC (Allocation Failure)  352310K->8758K(1022464K), 0.0037611 secs]
31732.602: [GC (Allocation Failure)  342582K->8726K(1013248K), 0.0035796 secs]
31732.988: [GC (Allocation Failure)  333334K->8758K(1004544K), 0.0035301 secs]
31733.521: [GC (Allocation Failure)  324662K->8726K(996352K), 0.0038621 secs]
31733.845: [GC (Allocation Failure)  316438K->8726K(988160K), 0.0038322 secs]
31734.171: [GC (Allocation Failure)  308246K->8758K(980480K), 0.0034931 secs]
31734.665: [GC (Allocation Failure)  300598K->8758K(972800K), 0.0035930 secs]
31734.962: [GC (Allocation Failure)  292918K->8790K(965632K), 0.0034904 secs]
31735.273: [GC (Allocation Failure)  285782K->8726K(1021440K), 0.0036330 secs]
31735.628: [GC (Allocation Failure)  341526K->8726K(1012224K), 0.0036019 secs]
31735.969: [GC (Allocation Failure)  332310K->8758K(1003520K), 0.0033726 secs]
31736.332: [GC (Allocation Failure)  323638K->8758K(995328K), 0.0037233 secs]
31736.668: [GC (Allocation Failure)  315446K->8822K(987136K), 0.0035597 secs]
31737.026: [GC (Allocation Failure)  307318K->8758K(1047040K), 0.0044927 secs]
31737.423: [GC (Allocation Failure)  367158K->8822K(1118720K), 0.0040981 secs]
31737.896: [GC (Allocation Failure)  438902K->8790K(1204736K), 0.0043037 secs]
31738.507: [GC (Allocation Failure)  524886K->8758K(1187840K), 0.0043391 secs]
31739.064: [GC (Allocation Failure)  507958K->8790K(1171456K), 0.0034499 secs]
31739.569: [GC (Allocation Failure)  491606K->8758K(1156096K), 0.0041892 secs]
31740.058: [GC (Allocation Failure)  476214K->8726K(1141248K), 0.0037248 secs]
31740.557: [GC (Allocation Failure)  461334K->8694K(1126912K), 0.0039777 secs]
31741.240: [GC (Allocation Failure)  446966K->8758K(1113600K), 0.0038154 secs]
31741.683: [GC (Allocation Failure)  433718K->8790K(1100800K), 0.0032271 secs]
31742.237: [GC (Allocation Failure)  420950K->8726K(1088512K), 0.0034850 secs]
31742.654: [GC (Allocation Failure)  408598K->8758K(1076736K), 0.0033635 secs]
31743.058: [GC (Allocation Failure)  396854K->8790K(1065472K), 0.0032397 secs]
31743.545: [GC (Allocation Failure)  385622K->8758K(1054720K), 0.0033624 secs]
31744.117: [GC (Allocation Failure)  374838K->8790K(1044480K), 0.0033331 secs]
31744.494: [GC (Allocation Failure)  364630K->8726K(1034240K), 0.0035966 secs]
31744.864: [GC (Allocation Failure)  354326K->8758K(1024512K), 0.0032358 secs]
31745.238: [GC (Allocation Failure)  344630K->8758K(1015296K), 0.0031517 secs]
31745.580: [GC (Allocation Failure)  335414K->8758K(1006592K), 0.0031487 secs]
31745.913: [GC (Allocation Failure)  326710K->8758K(997888K), 0.0033476 secs]
31746.241: [GC (Allocation Failure)  318006K->8726K(989696K), 0.0041927 secs]
31746.558: [GC (Allocation Failure)  309782K->8758K(982016K), 0.0035153 secs]
31746.864: [GC (Allocation Failure)  302134K->8726K(1040896K), 0.0038217 secs]
31747.438: [GC (Allocation Failure)  360982K->8726K(1031168K), 0.0036272 secs]
31747.795: [GC (Allocation Failure)  351254K->8758K(1021440K), 0.0034188 secs]
31748.162: [GC (Allocation Failure)  341558K->8726K(1012224K), 0.0034208 secs]
31748.514: [GC (Allocation Failure)  332310K->8726K(1003520K), 0.0035299 secs]
31748.857: [GC (Allocation Failure)  323606K->8726K(995328K), 0.0036505 secs]
31749.178: [GC (Allocation Failure)  315414K->8790K(1056768K), 0.0038343 secs]
31749.591: [GC (Allocation Failure)  376918K->8758K(1130496K), 0.0044663 secs]
31750.174: [GC (Allocation Failure)  450614K->8758K(1116672K), 0.0041842 secs]
31750.645: [GC (Allocation Failure)  436790K->8726K(1103360K), 0.0037378 secs]
31751.080: [GC (Allocation Failure)  423446K->8758K(1091072K), 0.0036494 secs]
31751.523: [GC (Allocation Failure)  411190K->8726K(1079296K), 0.0039060 secs]
31751.931: [GC (Allocation Failure)  399382K->8758K(1068032K), 0.0040941 secs]
31752.333: [GC (Allocation Failure)  388150K->8790K(1056768K), 0.0037443 secs]
31752.719: [GC (Allocation Failure)  376918K->8726K(1046016K), 0.0033860 secs]
31753.094: [GC (Allocation Failure)  366102K->8758K(1035776K), 0.0039808 secs]
31753.457: [GC (Allocation Failure)  355894K->8726K(1026048K), 0.0044635 secs]
31754.016: [GC (Allocation Failure)  346134K->8758K(1016832K), 0.0035170 secs]
31754.358: [GC (Allocation Failure)  336950K->8726K(1008128K), 0.0035362 secs]
31754.691: [GC (Allocation Failure)  328214K->8758K(999424K), 0.0039268 secs]
31755.016: [GC (Allocation Failure)  319542K->8758K(1061888K), 0.0041465 secs]
31755.410: [GC (Allocation Failure)  382006K->8726K(1136640K), 0.0036306 secs]
31756.054: [GC (Allocation Failure)  456726K->8758K(1122816K), 0.0038434 secs]
31756.509: [GC (Allocation Failure)  442934K->8726K(1109504K), 0.0040411 secs]
31756.951: [GC (Allocation Failure)  429590K->8790K(1096704K), 0.0035089 secs]
31757.465: [GC (Allocation Failure)  416854K->8758K(1084416K), 0.0042343 secs]
31757.882: [GC (Allocation Failure)  404534K->8790K(1072640K), 0.0039249 secs]
31758.316: [GC (Allocation Failure)  392790K->8758K(1061376K), 0.0034529 secs]
31758.707: [GC (Allocation Failure)  381494K->8758K(1050624K), 0.0034731 secs]
31759.106: [GC (Allocation Failure)  370742K->8758K(1040384K), 0.0039173 secs]
31759.474: [GC (Allocation Failure)  360502K->8790K(1030656K), 0.0036048 secs]
31759.835: [GC (Allocation Failure)  350806K->8758K(1020928K), 0.0031335 secs]
31760.181: [GC (Allocation Failure)  341046K->8790K(1011712K), 0.0035830 secs]
31760.532: [GC (Allocation Failure)  331862K->8790K(1003008K), 0.0031537 secs]
31760.888: [GC (Allocation Failure)  323158K->8726K(994816K), 0.0036661 secs]
31761.431: [GC (Allocation Failure)  314902K->8758K(986624K), 0.0032600 secs]
31761.754: [GC (Allocation Failure)  306742K->8726K(978944K), 0.0036980 secs]
31762.061: [GC (Allocation Failure)  299030K->8758K(971264K), 0.0035661 secs]
31762.358: [GC (Allocation Failure)  291382K->8726K(1028096K), 0.0037709 secs]
31762.749: [GC (Allocation Failure)  348182K->8758K(1096192K), 0.0038410 secs]
31763.195: [GC (Allocation Failure)  416310K->8758K(1178112K), 0.0048756 secs]
31763.798: [GC (Allocation Failure)  498230K->8758K(1162240K), 0.0031379 secs]
31764.625: [GC (Allocation Failure)  482358K->8758K(1147392K), 0.0038234 secs]
31765.158: [GC (Allocation Failure)  467510K->8758K(1133056K), 0.0033536 secs]
31765.634: [GC (Allocation Failure)  453174K->8726K(1119232K), 0.0029286 secs]
31766.088: [GC (Allocation Failure)  439318K->8726K(1105920K), 0.0056575 secs]
31766.880: [GC (Allocation Failure)  426006K->8758K(1093120K), 0.0040232 secs]
31767.318: [GC (Allocation Failure)  413238K->8758K(1080832K), 0.0032680 secs]
31767.790: [GC (Allocation Failure)  400950K->8758K(1069056K), 0.0033877 secs]
31768.225: [GC (Allocation Failure)  389174K->8790K(1057792K), 0.0034943 secs]
31768.609: [GC (Allocation Failure)  377942K->8726K(1047040K), 0.0050980 secs]
31768.984: [GC (Allocation Failure)  367126K->8758K(1036800K), 0.0040356 secs]
31769.354: [GC (Allocation Failure)  356918K->8726K(1027072K), 0.0036078 secs]
31769.739: [GC (Allocation Failure)  347158K->8758K(1017856K), 0.0035418 secs]
31770.340: [GC (Allocation Failure)  337974K->8726K(1008640K), 0.0031255 secs]
31770.668: [GC (Allocation Failure)  328726K->8726K(999936K), 0.0031520 secs]
31771.202: [GC (Allocation Failure)  320022K->8758K(991744K), 0.0037171 secs]
31771.556: [GC (Allocation Failure)  311862K->8758K(984064K), 0.0038680 secs]
31771.869: [GC (Allocation Failure)  304182K->8758K(976384K), 0.0035843 secs]
31772.170: [GC (Allocation Failure)  296502K->8758K(1034240K), 0.0042154 secs]
31772.533: [GC (Allocation Failure)  354358K->8758K(1103360K), 0.0051920 secs]
31772.987: [GC (Allocation Failure)  423478K->8790K(1186304K), 0.0037276 secs]
31773.780: [GC (Allocation Failure)  506454K->8790K(1169920K), 0.0033567 secs]
31774.325: [GC (Allocation Failure)  490070K->8790K(1154560K), 0.0038964 secs]
31774.826: [GC (Allocation Failure)  474710K->8790K(1139712K), 0.0047194 secs]
31775.291: [GC (Allocation Failure)  459862K->8758K(1125376K), 0.0033721 secs]
31775.739: [GC (Allocation Failure)  445494K->8854K(1112064K), 0.0034161 secs]
31776.195: [GC (Allocation Failure)  432278K->8726K(1099264K), 0.0030417 secs]
31776.795: [GC (Allocation Failure)  419350K->8758K(1086976K), 0.0044181 secs]
31777.211: [GC (Allocation Failure)  407094K->8726K(1075200K), 0.0039933 secs]
31777.796: [GC (Allocation Failure)  395286K->8758K(1063936K), 0.0035653 secs]
31778.188: [GC (Allocation Failure)  384054K->8758K(1053184K), 0.0034705 secs]
31778.591: [GC (Allocation Failure)  373302K->8726K(1042944K), 0.0043245 secs]
31778.966: [GC (Allocation Failure)  363030K->8790K(1032704K), 0.0036077 secs]
31779.350: [GC (Allocation Failure)  352854K->8694K(1022976K), 0.0036425 secs]
31779.713: [GC (Allocation Failure)  343030K->8758K(1013760K), 0.0041508 secs]
31780.071: [GC (Allocation Failure)  333878K->8790K(1005056K), 0.0040921 secs]
31780.402: [GC (Allocation Failure)  325206K->8758K(1068544K), 0.0046823 secs]
31780.813: [GC (Allocation Failure)  388662K->8758K(1144832K), 0.0060028 secs]
31781.662: [GC (Allocation Failure)  464950K->8726K(1130496K), 0.0034574 secs]
31782.134: [GC (Allocation Failure)  450582K->8726K(1219072K), 0.0065979 secs]
31782.899: [GC (Allocation Failure)  539158K->8790K(1201664K), 0.0034670 secs]
31783.440: [GC (Allocation Failure)  521814K->8758K(1184768K), 0.0036529 secs]
31783.969: [GC (Allocation Failure)  504886K->8758K(1168896K), 0.0035131 secs]
31784.537: [GC (Allocation Failure)  489014K->8726K(1153536K), 0.0038798 secs]
31785.331: [GC (Allocation Failure)  473622K->8758K(1138688K), 0.0037202 secs]
31785.815: [GC (Allocation Failure)  458806K->8726K(1124864K), 0.0042645 secs]
31786.270: [GC (Allocation Failure)  444950K->8726K(1111552K), 0.0043806 secs]
31786.715: [GC (Allocation Failure)  431638K->8758K(1098752K), 0.0040843 secs]
31787.346: [GC (Allocation Failure)  418870K->8758K(1086464K), 0.0034865 secs]
31787.759: [GC (Allocation Failure)  406582K->8758K(1166336K), 0.0103007 secs]
31788.266: [GC (Allocation Failure)  486454K->8758K(1262080K), 0.0050701 secs]
31788.880: [GC (Allocation Failure)  582198K->8726K(1242624K), 0.0037223 secs]
31789.652: [GC (Allocation Failure)  562710K->8758K(1224192K), 0.0034130 secs]
31790.242: [GC (Allocation Failure)  544310K->8758K(1206272K), 0.0033299 secs]
31790.780: [GC (Allocation Failure)  526390K->8758K(1189376K), 0.0035473 secs]
31791.503: [GC (Allocation Failure)  509494K->8758K(1172992K), 0.0033501 secs]
31792.006: [GC (Allocation Failure)  493110K->8726K(1157632K), 0.0040341 secs]
31792.745: [GC (Allocation Failure)  477718K->8790K(1142784K), 0.0037397 secs]
31793.232: [GC (Allocation Failure)  462934K->8758K(1128448K), 0.0044097 secs]
31793.692: [GC (Allocation Failure)  448566K->8790K(1114624K), 0.0041373 secs]
31794.143: [GC (Allocation Failure)  434774K->8758K(1101824K), 0.0043181 secs]
31794.600: [GC (Allocation Failure)  421942K->8758K(1089536K), 0.0034227 secs]
31795.018: [GC (Allocation Failure)  409654K->8790K(1077760K), 0.0033040 secs]
31795.445: [GC (Allocation Failure)  397910K->8758K(1066496K), 0.0034758 secs]
31795.843: [GC (Allocation Failure)  386614K->8726K(1055744K), 0.0035263 secs]
31796.229: [GC (Allocation Failure)  375830K->8790K(1044992K), 0.0036966 secs]
31796.604: [GC (Allocation Failure)  365142K->8758K(1034752K), 0.0036509 secs]
31796.968: [GC (Allocation Failure)  354870K->8758K(1104384K), 0.0077964 secs]
31797.413: [GC (Allocation Failure)  424502K->8758K(1187840K), 0.0035393 secs]
31798.112: [GC (Allocation Failure)  507958K->8758K(1171456K), 0.0037469 secs]
31798.658: [GC (Allocation Failure)  491574K->8790K(1156096K), 0.0036242 secs]
31799.162: [GC (Allocation Failure)  476246K->8758K(1141248K), 0.0032781 secs]
31799.644: [GC (Allocation Failure)  461366K->8726K(1126912K), 0.0037569 secs]
31800.104: [GC (Allocation Failure)  446998K->8758K(1113600K), 0.0043529 secs]
31800.565: [GC (Allocation Failure)  433718K->8790K(1100800K), 0.0041279 secs]
31800.996: [GC (Allocation Failure)  420950K->8726K(1088512K), 0.0046395 secs]
31801.446: [GC (Allocation Failure)  408598K->8726K(1076736K), 0.0036544 secs]
31802.046: [GC (Allocation Failure)  396822K->8758K(1065472K), 0.0036753 secs]
31802.477: [GC (Allocation Failure)  385590K->8726K(1054720K), 0.0036052 secs]
31803.046: [GC (Allocation Failure)  374806K->8758K(1044480K), 0.0032484 secs]
31803.445: [GC (Allocation Failure)  364598K->8758K(1034240K), 0.0028377 secs]
31803.830: [GC (Allocation Failure)  354358K->8758K(1024512K), 0.0038739 secs]
31804.198: [GC (Allocation Failure)  344630K->8758K(1015296K), 0.0038040 secs]
31804.540: [GC (Allocation Failure)  335414K->8726K(1006592K), 0.0033413 secs]
31805.066: [GC (Allocation Failure)  326678K->8726K(997888K), 0.0035673 secs]
31805.407: [GC (Allocation Failure)  317974K->8726K(989696K), 0.0029452 secs]
31805.758: [GC (Allocation Failure)  309782K->8790K(982016K), 0.0032117 secs]
31806.450: [GC (Allocation Failure)  302166K->8758K(974336K), 0.0033664 secs]
31806.761: [GC (Allocation Failure)  294454K->8790K(967168K), 0.0033198 secs]
31807.058: [GC (Allocation Failure)  287318K->8790K(960000K), 0.0037561 secs]
31807.342: [GC (Allocation Failure)  280150K->8758K(1014272K), 0.0039841 secs]
31807.683: [GC (Allocation Failure)  334390K->8758K(1005568K), 0.0032365 secs]
31808.016: [GC (Allocation Failure)  325686K->8758K(996864K), 0.0032617 secs]
31808.547: [GC (Allocation Failure)  316982K->8726K(988672K), 0.0031200 secs]
31808.862: [GC (Allocation Failure)  308758K->8758K(980992K), 0.0030457 secs]
31809.176: [GC (Allocation Failure)  301110K->8758K(973312K), 0.0032221 secs]
31809.495: [GC (Allocation Failure)  293430K->8758K(1030656K), 0.0043567 secs]
31809.947: [GC (Allocation Failure)  350774K->8726K(1020928K), 0.0040457 secs]
31810.315: [GC (Allocation Failure)  341014K->8790K(1087488K), 0.0042092 secs]
31810.734: [GC (Allocation Failure)  407638K->8726K(1075712K), 0.0040495 secs]
31811.172: [GC (Allocation Failure)  395798K->8822K(1064448K), 0.0035621 secs]
31811.747: [GC (Allocation Failure)  384630K->8790K(1053696K), 0.0048793 secs]
31812.129: [GC (Allocation Failure)  373846K->8790K(1043456K), 0.0038752 secs]
31812.521: [GC (Allocation Failure)  363606K->8790K(1033216K), 0.0037768 secs]
31812.884: [GC (Allocation Failure)  353366K->8758K(1023488K), 0.0040348 secs]
31813.233: [GC (Allocation Failure)  343606K->8726K(1014272K), 0.0034890 secs]
31813.573: [GC (Allocation Failure)  334358K->8758K(1079808K), 0.0045864 secs]
31814.002: [GC (Allocation Failure)  399926K->8758K(1068032K), 0.0034141 secs]
31814.417: [GC (Allocation Failure)  388150K->8790K(1056768K), 0.0033146 secs]
31814.828: [GC (Allocation Failure)  376918K->8758K(1046016K), 0.0033374 secs]
31815.202: [GC (Allocation Failure)  366134K->8726K(1035776K), 0.0037458 secs]
31815.564: [GC (Allocation Failure)  355862K->8758K(1026048K), 0.0034200 secs]
31815.964: [GC (Allocation Failure)  346166K->8758K(1016832K), 0.0032879 secs]
31816.307: [GC (Allocation Failure)  336950K->8726K(1008128K), 0.0032844 secs]
31816.816: [GC (Allocation Failure)  328214K->8790K(999424K), 0.0032489 secs]
31817.140: [GC (Allocation Failure)  319574K->8790K(991232K), 0.0037497 secs]
31817.494: [GC (Allocation Failure)  311382K->8758K(1052160K), 0.0047263 secs]
31818.070: [GC (Allocation Failure)  372278K->8726K(1041920K), 0.0027897 secs]
31818.437: [GC (Allocation Failure)  362006K->8790K(1032192K), 0.0030461 secs]
31818.795: [GC (Allocation Failure)  352342K->8758K(1022464K), 0.0032784 secs]
31819.144: [GC (Allocation Failure)  342582K->8758K(1013248K), 0.0031595 secs]
31819.486: [GC (Allocation Failure)  333366K->8758K(1004544K), 0.0036063 secs]
31819.854: [GC (Allocation Failure)  324662K->8790K(996352K), 0.0035066 secs]
31820.176: [GC (Allocation Failure)  316502K->8790K(988160K), 0.0028470 secs]
31820.489: [GC (Allocation Failure)  308310K->8758K(980480K), 0.0034710 secs]
31820.969: [GC (Allocation Failure)  300598K->8790K(972800K), 0.0028451 secs]
31821.301: [GC (Allocation Failure)  292950K->8758K(965632K), 0.0032572 secs]
31821.591: [GC (Allocation Failure)  285750K->8726K(958464K), 0.0032252 secs]
31821.873: [GC (Allocation Failure)  278550K->8758K(1012736K), 0.0037017 secs]
31822.222: [GC (Allocation Failure)  332854K->8790K(1004032K), 0.0029658 secs]
31822.549: [GC (Allocation Failure)  324182K->8758K(995840K), 0.0036557 secs]
31823.061: [GC (Allocation Failure)  315958K->8726K(987648K), 0.0035575 secs]
31823.373: [GC (Allocation Failure)  307734K->8758K(979968K), 0.0034310 secs]
31823.677: [GC (Allocation Failure)  300086K->8790K(1038336K), 0.0043387 secs]
31824.072: [GC (Allocation Failure)  358486K->8758K(1108480K), 0.0035505 secs]
31824.720: [GC (Allocation Failure)  428598K->8726K(1095680K), 0.0045193 secs]
31825.150: [GC (Allocation Failure)  415766K->8726K(1083392K), 0.0036687 secs]
31825.561: [GC (Allocation Failure)  403478K->8758K(1071616K), 0.0033229 secs]
31825.959: [GC (Allocation Failure)  391734K->8726K(1060352K), 0.0045588 secs]
31826.350: [GC (Allocation Failure)  380438K->8726K(1049600K), 0.0035539 secs]
31826.994: [GC (Allocation Failure)  369686K->8758K(1039360K), 0.0033630 secs]
31827.380: [GC (Allocation Failure)  359478K->8790K(1029632K), 0.0033497 secs]
31827.734: [GC (Allocation Failure)  349782K->8790K(1020416K), 0.0030880 secs]
31828.091: [GC (Allocation Failure)  340566K->8726K(1011200K), 0.0039698 secs]
31828.436: [GC (Allocation Failure)  331286K->8790K(1002496K), 0.0029318 secs]
31828.869: [GC (Allocation Failure)  322646K->8758K(994304K), 0.0036231 secs]
31829.195: [GC (Allocation Failure)  314422K->8758K(986112K), 0.0043403 secs]
31829.505: [GC (Allocation Failure)  306230K->8726K(1046016K), 0.0035669 secs]
31829.921: [GC (Allocation Failure)  366102K->8758K(1035776K), 0.0033462 secs]
31830.281: [GC (Allocation Failure)  355894K->8758K(1026048K), 0.0037608 secs]
31830.636: [GC (Allocation Failure)  346166K->8790K(1016832K), 0.0033823 secs]
31831.181: [GC (Allocation Failure)  336982K->8758K(1008128K), 0.0038939 secs]
31831.521: [GC (Allocation Failure)  328246K->8726K(999424K), 0.0038045 secs]
31831.917: [GC (Allocation Failure)  319510K->8726K(991232K), 0.0043311 secs]
31832.485: [GC (Allocation Failure)  311318K->8726K(983552K), 0.0042268 secs]
31832.793: [GC (Allocation Failure)  303638K->8726K(975872K), 0.0039785 secs]
31833.095: [GC (Allocation Failure)  295958K->8726K(1033728K), 0.0082817 secs]
31833.681: [GC (Allocation Failure)  353814K->8726K(1102848K), 0.0048893 secs]
31834.134: [GC (Allocation Failure)  422934K->8790K(1185792K), 0.0040518 secs]
31834.652: [GC (Allocation Failure)  505942K->8758K(1285632K), 0.0041165 secs]
31835.286: [GC (Allocation Failure)  605750K->8726K(1265152K), 0.0035636 secs]
31836.142: [GC (Allocation Failure)  585238K->8758K(1245696K), 0.0048159 secs]
31836.967: [GC (Allocation Failure)  565814K->8790K(1226752K), 0.0036323 secs]
31837.563: [GC (Allocation Failure)  546902K->8758K(1208832K), 0.0029023 secs]
31838.297: [GC (Allocation Failure)  528950K->8726K(1191936K), 0.0039412 secs]
31838.824: [GC (Allocation Failure)  512022K->8758K(1175552K), 0.0076265 secs]
31839.357: [GC (Allocation Failure)  495670K->8758K(1159680K), 0.0039797 secs]
31839.864: [GC (Allocation Failure)  479798K->8726K(1144832K), 0.0041244 secs]
31840.379: [GC (Allocation Failure)  464918K->8726K(1130496K), 0.0042239 secs]
31841.026: [GC (Allocation Failure)  450582K->8758K(1116672K), 0.0036073 secs]
31841.490: [GC (Allocation Failure)  436790K->8726K(1103360K), 0.0033290 secs]
31842.149: [GC (Allocation Failure)  423446K->8758K(1091072K), 0.0110211 secs]
31842.574: [GC (Allocation Failure)  411190K->8726K(1079296K), 0.0034055 secs]
31842.980: [GC (Allocation Failure)  399382K->8758K(1068032K), 0.0031866 secs]
31843.373: [GC (Allocation Failure)  388150K->8758K(1056768K), 0.0033233 secs]
31843.791: [GC (Allocation Failure)  376886K->8726K(1046016K), 0.0035362 secs]
31844.195: [GC (Allocation Failure)  366102K->8758K(1035776K), 0.0040707 secs]
31844.560: [GC (Allocation Failure)  355894K->8758K(1026048K), 0.0040841 secs]
31844.917: [GC (Allocation Failure)  346166K->8758K(1016832K), 0.0040733 secs]
31845.261: [GC (Allocation Failure)  336950K->8758K(1008128K), 0.0031462 secs]
31845.595: [GC (Allocation Failure)  328246K->8758K(1072128K), 0.0038926 secs]
31845.993: [GC (Allocation Failure)  392246K->8758K(1060864K), 0.0037246 secs]
31846.406: [GC (Allocation Failure)  380982K->8758K(1050112K), 0.0034878 secs]
31846.985: [GC (Allocation Failure)  370230K->8726K(1039872K), 0.0036593 secs]
31847.351: [GC (Allocation Failure)  359958K->8726K(1030144K), 0.0051506 secs]
31847.720: [GC (Allocation Failure)  350230K->8790K(1098752K), 0.0041997 secs]
31848.346: [GC (Allocation Failure)  418902K->8790K(1086464K), 0.0038133 secs]
31848.788: [GC (Allocation Failure)  406614K->8726K(1074688K), 0.0048321 secs]
31849.196: [GC (Allocation Failure)  394774K->8790K(1063424K), 0.0033745 secs]
31849.586: [GC (Allocation Failure)  383574K->8726K(1052672K), 0.0037534 secs]
31849.967: [GC (Allocation Failure)  372758K->8726K(1042432K), 0.0030568 secs]
31850.365: [GC (Allocation Failure)  362518K->8758K(1032704K), 0.0036529 secs]
31850.948: [GC (Allocation Failure)  352822K->8726K(1022976K), 0.0029618 secs]
31851.298: [GC (Allocation Failure)  343062K->8790K(1013760K), 0.0027583 secs]
31851.656: [GC (Allocation Failure)  333910K->8758K(1005056K), 0.0024654 secs]
31852.346: [GC (Allocation Failure)  325174K->8726K(996352K), 0.0034698 secs]
31852.680: [GC (Allocation Failure)  316438K->8758K(988160K), 0.0036903 secs]
31853.037: [GC (Allocation Failure)  308278K->8758K(980480K), 0.0035707 secs]
31853.344: [GC (Allocation Failure)  300598K->8726K(972800K), 0.0039672 secs]
31853.822: [GC (Allocation Failure)  292886K->8758K(965632K), 0.0034236 secs]
31854.130: [GC (Allocation Failure)  285750K->8726K(958464K), 0.0036978 secs]
31854.424: [GC (Allocation Failure)  278550K->8726K(951808K), 0.0029734 secs]
31854.711: [GC (Allocation Failure)  271894K->8758K(1004544K), 0.0043420 secs]
31855.043: [GC (Allocation Failure)  324662K->8758K(1068032K), 0.0040568 secs]
31855.500: [GC (Allocation Failure)  388150K->8758K(1144320K), 0.0031734 secs]
31856.137: [GC (Allocation Failure)  464438K->8758K(1129984K), 0.0044753 secs]
31856.619: [GC (Allocation Failure)  450102K->8822K(1116160K), 0.0031081 secs]
31857.105: [GC (Allocation Failure)  436342K->8726K(1102848K), 0.0036074 secs]
31857.711: [GC (Allocation Failure)  422934K->8790K(1090560K), 0.0035634 secs]
31858.193: [GC (Allocation Failure)  410710K->8790K(1078784K), 0.0038039 secs]
31858.600: [GC (Allocation Failure)  398934K->8758K(1067520K), 0.0042779 secs]
31858.999: [GC (Allocation Failure)  387638K->8726K(1056256K), 0.0043235 secs]
31859.619: [GC (Allocation Failure)  376342K->8758K(1045504K), 0.0032799 secs]
31860.019: [GC (Allocation Failure)  365622K->8758K(1035264K), 0.0030873 secs]
31860.476: [GC (Allocation Failure)  355382K->8790K(1025536K), 0.0038025 secs]
31860.909: [GC (Allocation Failure)  345686K->8726K(1016320K), 0.0036768 secs]
31861.280: [GC (Allocation Failure)  336406K->8726K(1007616K), 0.0033290 secs]
31861.842: [GC (Allocation Failure)  327702K->8758K(998912K), 0.0047106 secs]
31862.201: [GC (Allocation Failure)  319030K->8758K(990720K), 0.0037762 secs]
31862.518: [GC (Allocation Failure)  310838K->8758K(983040K), 0.0037617 secs]
31862.829: [GC (Allocation Failure)  303158K->8790K(975360K), 0.0033803 secs]
31863.159: [GC (Allocation Failure)  295510K->8726K(1032704K), 0.0038981 secs]
31863.519: [GC (Allocation Failure)  352790K->8790K(1022976K), 0.0034454 secs]
31863.912: [GC (Allocation Failure)  343126K->8726K(1090048K), 0.0047178 secs]
31864.359: [GC (Allocation Failure)  410134K->8726K(1078272K), 0.0039131 secs]
31864.770: [GC (Allocation Failure)  398358K->8726K(1067008K), 0.0038907 secs]
31865.165: [GC (Allocation Failure)  387094K->8726K(1056256K), 0.0041642 secs]
31865.558: [GC (Allocation Failure)  376342K->8726K(1045504K), 0.0039586 secs]
31865.943: [GC (Allocation Failure)  365590K->8726K(1035264K), 0.0037951 secs]
31866.306: [GC (Allocation Failure)  355350K->8726K(1025536K), 0.0039189 secs]
31866.664: [GC (Allocation Failure)  345622K->8790K(1093120K), 0.0040348 secs]
31867.106: [GC (Allocation Failure)  413270K->8758K(1174016K), 0.0044381 secs]
31867.622: [GC (Allocation Failure)  494134K->8758K(1158656K), 0.0037297 secs]
31868.126: [GC (Allocation Failure)  478774K->8694K(1143808K), 0.0037161 secs]
31868.626: [GC (Allocation Failure)  463862K->8726K(1129472K), 0.0038381 secs]
31869.292: [GC (Allocation Failure)  449558K->8726K(1115648K), 0.0044450 secs]
31869.738: [GC (Allocation Failure)  435734K->8726K(1102848K), 0.0046649 secs]
31870.204: [GC (Allocation Failure)  422934K->8726K(1090560K), 0.0038766 secs]
31870.624: [GC (Allocation Failure)  410646K->8726K(1078784K), 0.0037813 secs]
31871.065: [GC (Allocation Failure)  398870K->8758K(1067520K), 0.0040531 secs]
31871.461: [GC (Allocation Failure)  387638K->8758K(1056256K), 0.0041491 secs]
31872.080: [GC (Allocation Failure)  376374K->8694K(1045504K), 0.0048178 secs]
31872.465: [GC (Allocation Failure)  365558K->8726K(1035264K), 0.0036777 secs]
31872.851: [GC (Allocation Failure)  355350K->8758K(1104896K), 0.0058471 secs]
31873.293: [GC (Allocation Failure)  425014K->8726K(1092096K), 0.0037196 secs]
31873.728: [GC (Allocation Failure)  412182K->8726K(1079808K), 0.0038278 secs]
31874.139: [GC (Allocation Failure)  399894K->8758K(1068032K), 0.0040277 secs]
31874.703: [GC (Allocation Failure)  388150K->8758K(1056768K), 0.0032916 secs]
31875.089: [GC (Allocation Failure)  376886K->8726K(1046016K), 0.0048134 secs]
31875.501: [GC (Allocation Failure)  366102K->8726K(1035776K), 0.0041871 secs]
31875.878: [GC (Allocation Failure)  355862K->8726K(1026048K), 0.0042636 secs]
31876.230: [GC (Allocation Failure)  346134K->8790K(1093632K), 0.0040681 secs]
31876.656: [GC (Allocation Failure)  413782K->8758K(1081344K), 0.0036500 secs]
31877.084: [GC (Allocation Failure)  401462K->8758K(1069568K), 0.0032034 secs]
31877.571: [GC (Allocation Failure)  389686K->8790K(1058304K), 0.0040271 secs]
31877.986: [GC (Allocation Failure)  378454K->8758K(1047552K), 0.0044023 secs]
31878.361: [GC (Allocation Failure)  367670K->8726K(1119744K), 0.0050121 secs]
31878.844: [GC (Allocation Failure)  439830K->8758K(1206272K), 0.0047309 secs]
31879.596: [GC (Allocation Failure)  526390K->8726K(1310208K), 0.0087741 secs]
31880.259: [GC (Allocation Failure)  630294K->8758K(1288704K), 0.0039160 secs]
31880.886: [GC (Allocation Failure)  608822K->8790K(1268224K), 0.0030339 secs]
31881.676: [GC (Allocation Failure)  588374K->8790K(1248256K), 0.0036027 secs]
31882.260: [GC (Allocation Failure)  568406K->8726K(1229312K), 0.0033186 secs]
31882.843: [GC (Allocation Failure)  549398K->8758K(1211392K), 0.0068371 secs]
31883.607: [GC (Allocation Failure)  531510K->8758K(1193984K), 0.0040913 secs]
31884.166: [GC (Allocation Failure)  514102K->8758K(1177600K), 0.0049178 secs]
31884.677: [GC (Allocation Failure)  497718K->8758K(1161728K), 0.0036055 secs]
31885.222: [GC (Allocation Failure)  481846K->8758K(1146880K), 0.0033369 secs]
31885.709: [GC (Allocation Failure)  466998K->8790K(1132544K), 0.0037081 secs]
31886.172: [GC (Allocation Failure)  452694K->8726K(1118720K), 0.0046841 secs]
31886.626: [GC (Allocation Failure)  438806K->8758K(1105408K), 0.0032258 secs]
31887.069: [GC (Allocation Failure)  425526K->8726K(1092608K), 0.0038168 secs]
31887.523: [GC (Allocation Failure)  412694K->8758K(1080320K), 0.0032971 secs]
31887.929: [GC (Allocation Failure)  400438K->8790K(1068544K), 0.0031217 secs]
31888.324: [GC (Allocation Failure)  388694K->8726K(1057280K), 0.0029578 secs]
31888.706: [GC (Allocation Failure)  377366K->8790K(1046528K), 0.0036977 secs]
31889.087: [GC (Allocation Failure)  366678K->8758K(1036288K), 0.0030818 secs]
31889.470: [GC (Allocation Failure)  356406K->8758K(1026560K), 0.0033960 secs]
31889.820: [GC (Allocation Failure)  346678K->8758K(1017344K), 0.0030527 secs]
31890.171: [GC (Allocation Failure)  337462K->8790K(1008640K), 0.0048491 secs]
31890.532: [GC (Allocation Failure)  328790K->8758K(999936K), 0.0026524 secs]
31890.862: [GC (Allocation Failure)  320054K->8726K(991744K), 0.0033359 secs]
31891.198: [GC (Allocation Failure)  311830K->8790K(984064K), 0.0036425 secs]
31891.518: [GC (Allocation Failure)  304214K->8758K(1043456K), 0.0041625 secs]
31891.920: [GC (Allocation Failure)  363574K->8790K(1114624K), 0.0092630 secs]
31892.372: [GC (Allocation Failure)  434774K->8758K(1200128K), 0.0035577 secs]
31892.899: [GC (Allocation Failure)  520246K->8726K(1302528K), 0.0033273 secs]
31893.731: [GC (Allocation Failure)  622614K->8758K(1281024K), 0.0044451 secs]
31894.373: [GC (Allocation Failure)  601142K->8726K(1260544K), 0.0033403 secs]
31894.970: [GC (Allocation Failure)  580630K->8726K(1241088K), 0.0030272 secs]
31895.539: [GC (Allocation Failure)  561174K->8790K(1222656K), 0.0033317 secs]
31896.099: [GC (Allocation Failure)  542806K->8790K(1204736K), 0.0054564 secs]
31896.685: [GC (Allocation Failure)  524886K->8758K(1187840K), 0.0049560 secs]
31897.200: [GC (Allocation Failure)  507958K->8758K(1171456K), 0.0033205 secs]
31897.699: [GC (Allocation Failure)  491574K->8758K(1156096K), 0.0039618 secs]
31898.393: [GC (Allocation Failure)  476214K->8726K(1141248K), 0.0042137 secs]
31898.864: [GC (Allocation Failure)  461334K->8758K(1126912K), 0.0037481 secs]
31899.362: [GC (Allocation Failure)  447030K->8790K(1113600K), 0.0034958 secs]
31899.804: [GC (Allocation Failure)  433750K->8726K(1100800K), 0.0032324 secs]
31900.249: [GC (Allocation Failure)  420886K->8758K(1088512K), 0.0030745 secs]
31900.663: [GC (Allocation Failure)  408630K->8726K(1076736K), 0.0036462 secs]
31901.082: [GC (Allocation Failure)  396822K->8758K(1065472K), 0.0031427 secs]
31901.513: [GC (Allocation Failure)  385590K->8758K(1054720K), 0.0035434 secs]
31901.894: [GC (Allocation Failure)  374838K->8790K(1044480K), 0.0031914 secs]
31902.266: [GC (Allocation Failure)  364630K->8726K(1034240K), 0.0036241 secs]
31902.627: [GC (Allocation Failure)  354326K->8758K(1024512K), 0.0031603 secs]
31902.979: [GC (Allocation Failure)  344630K->8758K(1015296K), 0.0031158 secs]
31903.319: [GC (Allocation Failure)  335414K->8758K(1006592K), 0.0033735 secs]
31903.653: [GC (Allocation Failure)  326710K->8726K(997888K), 0.0032375 secs]
31904.249: [GC (Allocation Failure)  317974K->8758K(989696K), 0.0033879 secs]
31904.569: [GC (Allocation Failure)  309814K->8758K(982016K), 0.0033741 secs]
31904.873: [GC (Allocation Failure)  302134K->8758K(974336K), 0.0033134 secs]
31905.173: [GC (Allocation Failure)  294454K->8726K(967168K), 0.0033698 secs]
31905.474: [GC (Allocation Failure)  287254K->8758K(960000K), 0.0029788 secs]
31905.758: [GC (Allocation Failure)  280118K->8790K(953344K), 0.0031249 secs]
31906.052: [GC (Allocation Failure)  273494K->8790K(1006592K), 0.0043362 secs]
31906.395: [GC (Allocation Failure)  326742K->8822K(1070592K), 0.0033101 secs]
31906.786: [GC (Allocation Failure)  390774K->8758K(1147392K), 0.0039670 secs]
31907.324: [GC (Allocation Failure)  467510K->8726K(1133056K), 0.0043738 secs]
31907.792: [GC (Allocation Failure)  453142K->8790K(1119232K), 0.0037614 secs]
31908.234: [GC (Allocation Failure)  439382K->8790K(1105920K), 0.0032899 secs]
31908.674: [GC (Allocation Failure)  426070K->8790K(1093120K), 0.0029138 secs]
31909.120: [GC (Allocation Failure)  413270K->8790K(1080832K), 0.0040090 secs]
31909.558: [GC (Allocation Failure)  400982K->8758K(1069056K), 0.0036619 secs]
31909.978: [GC (Allocation Failure)  389174K->8758K(1057792K), 0.0032472 secs]
31910.383: [GC (Allocation Failure)  377910K->8758K(1047040K), 0.0034858 secs]
31910.750: [GC (Allocation Failure)  367158K->8758K(1036800K), 0.0030788 secs]
31911.106: [GC (Allocation Failure)  356918K->8694K(1027072K), 0.0035344 secs]
31911.452: [GC (Allocation Failure)  347126K->8726K(1017856K), 0.0032478 secs]
31911.807: [GC (Allocation Failure)  337942K->8790K(1008640K), 0.0033123 secs]
31912.156: [GC (Allocation Failure)  328790K->8790K(999936K), 0.0033472 secs]
31912.475: [GC (Allocation Failure)  320086K->8790K(991744K), 0.0034586 secs]
31912.789: [GC (Allocation Failure)  311894K->8790K(984064K), 0.0033846 secs]
31913.345: [GC (Allocation Failure)  304214K->8790K(976384K), 0.0040621 secs]
31913.650: [GC (Allocation Failure)  296534K->8790K(969216K), 0.0028704 secs]
31913.941: [GC (Allocation Failure)  289366K->8726K(962048K), 0.0031137 secs]
31914.227: [GC (Allocation Failure)  282134K->8758K(955392K), 0.0034509 secs]
31914.508: [GC (Allocation Failure)  275510K->8758K(1009152K), 0.0036941 secs]
31914.846: [GC (Allocation Failure)  329270K->8694K(1073664K), 0.0035419 secs]
31915.302: [GC (Allocation Failure)  393718K->8758K(1062400K), 0.0032697 secs]
31915.699: [GC (Allocation Failure)  382518K->8726K(1051648K), 0.0029584 secs]
31916.268: [GC (Allocation Failure)  371734K->8726K(1041408K), 0.0040637 secs]
31916.816: [GC (Allocation Failure)  361494K->8790K(1031680K), 0.0025326 secs]
31917.188: [GC (Allocation Failure)  351830K->8726K(1021952K), 0.0026106 secs]
31917.536: [GC (Allocation Failure)  342038K->8758K(1012736K), 0.0029885 secs]
31917.873: [GC (Allocation Failure)  332854K->8758K(1004032K), 0.0028834 secs]
31918.201: [GC (Allocation Failure)  324150K->8726K(995840K), 0.0029195 secs]
31918.535: [GC (Allocation Failure)  315926K->8790K(987648K), 0.0027451 secs]
31918.873: [GC (Allocation Failure)  307798K->8726K(979968K), 0.0035057 secs]
31919.198: [GC (Allocation Failure)  300054K->8790K(972288K), 0.0030481 secs]
31919.505: [GC (Allocation Failure)  292438K->8758K(965120K), 0.0034486 secs]
31919.795: [GC (Allocation Failure)  285238K->8790K(1020416K), 0.0037603 secs]
31920.159: [GC (Allocation Failure)  340566K->8790K(1086976K), 0.0037499 secs]
31920.582: [GC (Allocation Failure)  407126K->8726K(1075200K), 0.0037851 secs]
31920.990: [GC (Allocation Failure)  395286K->8790K(1063936K), 0.0043310 secs]
31921.385: [GC (Allocation Failure)  384086K->8790K(1053184K), 0.0030523 secs]
31921.949: [GC (Allocation Failure)  373334K->8758K(1042944K), 0.0034663 secs]
31922.327: [GC (Allocation Failure)  363062K->8758K(1032704K), 0.0040259 secs]
31922.682: [GC (Allocation Failure)  352822K->8758K(1022976K), 0.0037003 secs]
31923.030: [GC (Allocation Failure)  343094K->8790K(1013760K), 0.0036359 secs]
31923.377: [GC (Allocation Failure)  333910K->8758K(1078784K), 0.0041437 secs]
31923.781: [GC (Allocation Failure)  398902K->8758K(1067520K), 0.0036463 secs]
31924.176: [GC (Allocation Failure)  387638K->8758K(1143296K), 0.0052658 secs]
31924.665: [GC (Allocation Failure)  463414K->8726K(1128960K), 0.0036684 secs]
31925.124: [GC (Allocation Failure)  449046K->8790K(1115136K), 0.0036926 secs]
31925.566: [GC (Allocation Failure)  435286K->8726K(1102336K), 0.0035662 secs]
31926.013: [GC (Allocation Failure)  422422K->8790K(1090048K), 0.0035133 secs]
31926.613: [GC (Allocation Failure)  410198K->8758K(1078272K), 0.0034250 secs]
31927.026: [GC (Allocation Failure)  398390K->8758K(1067008K), 0.0030812 secs]
31927.454: [GC (Allocation Failure)  387126K->8790K(1056256K), 0.0034573 secs]
31927.848: [GC (Allocation Failure)  376406K->8726K(1045504K), 0.0027555 secs]
31928.253: [GC (Allocation Failure)  365590K->8726K(1035264K), 0.0030707 secs]
31928.609: [GC (Allocation Failure)  355350K->8790K(1025536K), 0.0031653 secs]
31929.157: [GC (Allocation Failure)  345686K->8726K(1016320K), 0.0041110 secs]
31929.493: [GC (Allocation Failure)  336406K->8726K(1007616K), 0.0030557 secs]
31929.903: [GC (Allocation Failure)  327702K->8758K(998912K), 0.0297740 secs]
31930.248: [GC (Allocation Failure)  319030K->8726K(990720K), 0.0034022 secs]
31930.556: [GC (Allocation Failure)  310806K->8726K(983040K), 0.0027901 secs]
31930.956: [GC (Allocation Failure)  303126K->8726K(975360K), 0.0036164 secs]
31931.266: [GC (Allocation Failure)  295446K->8758K(968192K), 0.0038890 secs]
31931.551: [GC (Allocation Failure)  288310K->8726K(961024K), 0.0030873 secs]
31931.970: [GC (Allocation Failure)  281110K->8758K(954368K), 0.0034174 secs]
31932.240: [GC (Allocation Failure)  274486K->8758K(947712K), 0.0030916 secs]
31932.503: [GC (Allocation Failure)  267830K->8790K(999936K), 0.0036981 secs]
31932.837: [GC (Allocation Failure)  320086K->8726K(1062400K), 0.0032187 secs]
31933.219: [GC (Allocation Failure)  382486K->8726K(1051648K), 0.0030773 secs]
31933.768: [GC (Allocation Failure)  371734K->8758K(1041408K), 0.0035481 secs]
31934.130: [GC (Allocation Failure)  361526K->8726K(1031680K), 0.0035176 secs]
31934.518: [GC (Allocation Failure)  351766K->8758K(1021952K), 0.0027908 secs]
31934.894: [GC (Allocation Failure)  342070K->8758K(1012736K), 0.0033495 secs]
31935.234: [GC (Allocation Failure)  332854K->8758K(1004032K), 0.0030185 secs]
31935.756: [GC (Allocation Failure)  324150K->8758K(995840K), 0.0037036 secs]
31936.080: [GC (Allocation Failure)  315958K->8758K(987648K), 0.0033419 secs]
31936.419: [GC (Allocation Failure)  307766K->8726K(979968K), 0.0032701 secs]
31936.725: [GC (Allocation Failure)  300054K->8790K(972288K), 0.0036707 secs]
31937.021: [GC (Allocation Failure)  292438K->8758K(965120K), 0.0030817 secs]
31937.312: [GC (Allocation Failure)  285238K->8726K(958464K), 0.0032419 secs]
31937.683: [GC (Allocation Failure)  278550K->8758K(951808K), 0.0034537 secs]
31937.971: [GC (Allocation Failure)  271926K->8790K(945664K), 0.0032853 secs]
31938.241: [GC (Allocation Failure)  265814K->8790K(997376K), 0.0029583 secs]
31938.569: [GC (Allocation Failure)  317526K->8758K(1059328K), 0.0038890 secs]
31938.980: [GC (Allocation Failure)  379446K->8726K(1048576K), 0.0036939 secs]
31939.355: [GC (Allocation Failure)  368662K->8790K(1038336K), 0.0035322 secs]
31939.740: [GC (Allocation Failure)  358486K->8790K(1028608K), 0.0032234 secs]
31940.097: [GC (Allocation Failure)  348758K->8758K(1019392K), 0.0032839 secs]
31940.448: [GC (Allocation Failure)  339510K->8758K(1010176K), 0.0030101 secs]
31940.784: [GC (Allocation Failure)  330294K->8758K(1001472K), 0.0037009 secs]
31941.111: [GC (Allocation Failure)  321590K->8758K(993280K), 0.0032658 secs]
31941.494: [GC (Allocation Failure)  313398K->8758K(985088K), 0.0031159 secs]
31941.803: [GC (Allocation Failure)  305206K->8790K(977408K), 0.0032688 secs]
31942.106: [GC (Allocation Failure)  297558K->8790K(970240K), 0.0031045 secs]
31942.442: [GC (Allocation Failure)  290390K->8726K(963072K), 0.0035500 secs]
31942.946: [GC (Allocation Failure)  283158K->8758K(956416K), 0.0041521 secs]
31943.242: [GC (Allocation Failure)  276534K->8726K(949760K), 0.0035067 secs]
31943.516: [GC (Allocation Failure)  269846K->8726K(1001984K), 0.0035571 secs]
31943.858: [GC (Allocation Failure)  322070K->8694K(993792K), 0.0028696 secs]
31944.176: [GC (Allocation Failure)  313846K->8726K(1055232K), 0.0101779 secs]
31944.564: [GC (Allocation Failure)  375318K->8758K(1128960K), 0.0033310 secs]
31945.026: [GC (Allocation Failure)  449078K->8726K(1217024K), 0.0035688 secs]
31945.574: [GC (Allocation Failure)  537110K->8758K(1323008K), 0.0036078 secs]
31946.235: [GC (Allocation Failure)  643126K->8758K(1300480K), 0.0035417 secs]
31946.896: [GC (Allocation Failure)  620598K->8694K(1278976K), 0.0035909 secs]
31947.508: [GC (Allocation Failure)  599030K->8726K(1258496K), 0.0034134 secs]
31948.103: [GC (Allocation Failure)  578582K->8758K(1239040K), 0.0045976 secs]
31948.677: [GC (Allocation Failure)  559158K->8758K(1220608K), 0.0037099 secs]
31949.229: [GC (Allocation Failure)  540726K->8758K(1203200K), 0.0033242 secs]
31949.985: [GC (Allocation Failure)  523318K->8790K(1186304K), 0.0042545 secs]
31950.533: [GC (Allocation Failure)  506454K->8726K(1169920K), 0.0031428 secs]
31951.034: [GC (Allocation Failure)  490006K->8726K(1154560K), 0.0032055 secs]
31951.521: [GC (Allocation Failure)  474646K->8726K(1139712K), 0.0036987 secs]
31952.005: [GC (Allocation Failure)  459798K->8758K(1125376K), 0.0029611 secs]
31952.690: [GC (Allocation Failure)  445494K->8790K(1112064K), 0.0063355 secs]
31953.145: [GC (Allocation Failure)  432214K->8758K(1099264K), 0.0033702 secs]
31953.784: [GC (Allocation Failure)  419382K->8758K(1086976K), 0.0032276 secs]
31954.199: [GC (Allocation Failure)  407094K->8758K(1075200K), 0.0036259 secs]
31954.641: [GC (Allocation Failure)  395318K->8790K(1063936K), 0.0027109 secs]
31955.038: [GC (Allocation Failure)  384086K->8758K(1053184K), 0.0032660 secs]
31955.437: [GC (Allocation Failure)  373302K->8726K(1042944K), 0.0039701 secs]
31955.817: [GC (Allocation Failure)  363030K->8726K(1114112K), 0.0110252 secs]
31956.266: [GC (Allocation Failure)  434198K->8790K(1199616K), 0.0021097 secs]
31956.801: [GC (Allocation Failure)  519766K->8726K(1182720K), 0.0039818 secs]
31957.348: [GC (Allocation Failure)  502806K->8758K(1166848K), 0.0037352 secs]
31957.847: [GC (Allocation Failure)  486966K->8758K(1151488K), 0.0034795 secs]
31958.331: [GC (Allocation Failure)  471606K->8758K(1244160K), 0.0098872 secs]
31958.922: [GC (Allocation Failure)  564278K->8758K(1355264K), 0.0045306 secs]
31959.620: [GC (Allocation Failure)  675382K->8758K(1331712K), 0.0029907 secs]
31960.312: [GC (Allocation Failure)  651830K->8758K(1309184K), 0.0031461 secs]
31961.011: [GC (Allocation Failure)  629302K->8726K(1287680K), 0.0035856 secs]
31961.636: [GC (Allocation Failure)  607766K->8726K(1267200K), 0.0033753 secs]
31962.429: [GC (Allocation Failure)  587286K->8790K(1247232K), 0.0034609 secs]
31963.037: [GC (Allocation Failure)  567382K->8758K(1228288K), 0.0032636 secs]
31963.619: [GC (Allocation Failure)  548406K->8726K(1210368K), 0.0026970 secs]
31964.162: [GC (Allocation Failure)  530454K->8758K(1192960K), 0.0035878 secs]
31964.688: [GC (Allocation Failure)  513078K->8726K(1176576K), 0.0044276 secs]
31965.196: [GC (Allocation Failure)  496662K->8726K(1160704K), 0.0033080 secs]
31965.705: [GC (Allocation Failure)  480790K->8726K(1145856K), 0.0061050 secs]
31966.213: [GC (Allocation Failure)  465942K->8790K(1131520K), 0.0039880 secs]
31966.686: [GC (Allocation Failure)  451670K->8758K(1117696K), 0.0032981 secs]
31967.142: [GC (Allocation Failure)  437814K->8790K(1104384K), 0.0032567 secs]
31967.586: [GC (Allocation Failure)  424534K->8758K(1091584K), 0.0037465 secs]
31968.233: [GC (Allocation Failure)  411702K->8726K(1079808K), 0.0035565 secs]
31968.658: [GC (Allocation Failure)  399894K->8726K(1068032K), 0.0025702 secs]
31969.075: [GC (Allocation Failure)  388118K->8726K(1056768K), 0.0060273 secs]
31969.481: [GC (Allocation Failure)  376854K->8758K(1046016K), 0.0047936 secs]
31969.882: [GC (Allocation Failure)  366134K->8726K(1035776K), 0.0042365 secs]
31970.253: [GC (Allocation Failure)  355862K->8758K(1026048K), 0.0040985 secs]
31970.612: [GC (Allocation Failure)  346166K->8758K(1093632K), 0.0047841 secs]
31971.036: [GC (Allocation Failure)  413750K->8758K(1175040K), 0.0042359 secs]
31971.537: [GC (Allocation Failure)  495158K->8726K(1159168K), 0.0030198 secs]
31972.023: [GC (Allocation Failure)  479254K->8758K(1144320K), 0.0037380 secs]
31972.522: [GC (Allocation Failure)  464438K->8758K(1129984K), 0.0039109 secs]
31973.179: [GC (Allocation Failure)  450102K->8758K(1116160K), 0.0042196 secs]
31973.648: [GC (Allocation Failure)  436278K->8790K(1102848K), 0.0038030 secs]
31974.096: [GC (Allocation Failure)  422998K->8758K(1090560K), 0.0043972 secs]
31974.526: [GC (Allocation Failure)  410678K->8726K(1170944K), 0.0069260 secs]
31975.032: [GC (Allocation Failure)  491030K->8758K(1155584K), 0.0042289 secs]
31975.528: [GC (Allocation Failure)  475702K->8758K(1140736K), 0.0055869 secs]
31976.019: [GC (Allocation Failure)  460854K->8758K(1126400K), 0.0034467 secs]
31976.474: [GC (Allocation Failure)  446518K->8758K(1113088K), 0.0036256 secs]
31976.916: [GC (Allocation Failure)  433206K->8758K(1100288K), 0.0039319 secs]
31977.344: [GC (Allocation Failure)  420406K->8758K(1088000K), 0.0037770 secs]
31977.759: [GC (Allocation Failure)  408118K->8726K(1076224K), 0.0039378 secs]
31978.164: [GC (Allocation Failure)  396310K->8758K(1064960K), 0.0033747 secs]
31978.555: [GC (Allocation Failure)  385078K->8758K(1054208K), 0.0028795 secs]
31978.936: [GC (Allocation Failure)  374326K->8726K(1127424K), 0.0092062 secs]
31979.404: [GC (Allocation Failure)  447510K->8726K(1215488K), 0.0029547 secs]
31979.949: [GC (Allocation Failure)  535574K->8694K(1198080K), 0.0043587 secs]
31980.483: [GC (Allocation Failure)  518134K->8726K(1181184K), 0.0038975 secs]
31981.238: [GC (Allocation Failure)  501270K->8758K(1165312K), 0.0041490 secs]
31981.733: [GC (Allocation Failure)  485430K->8758K(1149952K), 0.0033602 secs]
31982.212: [GC (Allocation Failure)  470070K->8758K(1135616K), 0.0033381 secs]
31982.676: [GC (Allocation Failure)  455734K->8758K(1121792K), 0.0047074 secs]
31983.129: [GC (Allocation Failure)  441910K->8790K(1108480K), 0.0032024 secs]
31983.585: [GC (Allocation Failure)  428630K->8758K(1095680K), 0.0039218 secs]
31984.065: [GC (Allocation Failure)  415798K->8758K(1083392K), 0.0034687 secs]
31984.478: [GC (Allocation Failure)  403510K->8726K(1071616K), 0.0037599 secs]
31984.875: [GC (Allocation Failure)  391702K->8758K(1060352K), 0.0038252 secs]
31985.274: [GC (Allocation Failure)  380470K->8758K(1049600K), 0.0045120 secs]
31985.666: [GC (Allocation Failure)  369718K->8790K(1039360K), 0.0038741 secs]
31986.033: [GC (Allocation Failure)  359510K->8790K(1109504K), 0.0115680 secs]
31986.481: [GC (Allocation Failure)  429654K->8758K(1193984K), 0.0034582 secs]
31987.003: [GC (Allocation Failure)  514102K->8726K(1295360K), 0.0038564 secs]
31987.670: [GC (Allocation Failure)  615446K->8726K(1274368K), 0.0032794 secs]
31988.326: [GC (Allocation Failure)  594454K->8726K(1254400K), 0.0046741 secs]
31988.968: [GC (Allocation Failure)  574486K->8758K(1235456K), 0.0224613 secs]
31989.557: [GC (Allocation Failure)  555574K->8726K(1217024K), 0.0034348 secs]
31990.101: [GC (Allocation Failure)  537110K->8758K(1199616K), 0.0034846 secs]
31990.641: [GC (Allocation Failure)  519734K->8758K(1182720K), 0.0036021 secs]
31991.176: [GC (Allocation Failure)  502838K->8758K(1166848K), 0.0036380 secs]
31991.669: [GC (Allocation Failure)  486966K->8758K(1151488K), 0.0030376 secs]
31992.170: [GC (Allocation Failure)  471606K->8726K(1136640K), 0.0035596 secs]
31992.635: [GC (Allocation Failure)  456726K->8758K(1122816K), 0.0040428 secs]
31993.114: [GC (Allocation Failure)  442934K->8758K(1109504K), 0.0059740 secs]
31993.574: [GC (Allocation Failure)  429622K->8758K(1096704K), 0.0038515 secs]
31994.035: [GC (Allocation Failure)  416822K->8758K(1084416K), 0.0027596 secs]
31994.663: [GC (Allocation Failure)  404534K->8758K(1072640K), 0.0035592 secs]
31995.063: [GC (Allocation Failure)  392758K->8758K(1061376K), 0.0031695 secs]
31995.466: [GC (Allocation Failure)  381494K->8758K(1050624K), 0.0033556 secs]
31995.863: [GC (Allocation Failure)  370742K->8790K(1040384K), 0.0044166 secs]
31996.236: [GC (Allocation Failure)  360534K->8726K(1030656K), 0.0041725 secs]
31996.594: [GC (Allocation Failure)  350742K->8758K(1020928K), 0.0036685 secs]
31996.943: [GC (Allocation Failure)  341046K->8758K(1011712K), 0.0033891 secs]
31997.284: [GC (Allocation Failure)  331830K->8726K(1076736K), 0.0049119 secs]
31997.696: [GC (Allocation Failure)  396822K->8758K(1065472K), 0.0033642 secs]
31998.093: [GC (Allocation Failure)  385590K->8726K(1141248K), 0.0043962 secs]
31998.579: [GC (Allocation Failure)  461334K->8758K(1126912K), 0.0036088 secs]
31999.271: [GC (Allocation Failure)  447030K->8758K(1113600K), 0.0040081 secs]
31999.734: [GC (Allocation Failure)  433718K->8726K(1100800K), 0.0041595 secs]
32000.168: [GC (Allocation Failure)  420886K->8726K(1088512K), 0.0042915 secs]
32000.802: [GC (Allocation Failure)  408598K->8790K(1076736K), 0.0036529 secs]
32001.208: [GC (Allocation Failure)  396886K->8758K(1065472K), 0.0033489 secs]
32001.604: [GC (Allocation Failure)  385590K->8726K(1054720K), 0.0035380 secs]
32002.237: [GC (Allocation Failure)  374806K->8758K(1044480K), 0.0038933 secs]
32002.627: [GC (Allocation Failure)  364598K->8726K(1034240K), 0.0038480 secs]
32002.997: [GC (Allocation Failure)  354326K->8758K(1024512K), 0.0035867 secs]
32003.377: [GC (Allocation Failure)  344630K->8758K(1015296K), 0.0037300 secs]
32003.747: [GC (Allocation Failure)  335414K->8758K(1006592K), 0.0050420 secs]
32004.084: [GC (Allocation Failure)  326710K->8758K(1070592K), 0.0045285 secs]
32004.484: [GC (Allocation Failure)  390710K->8758K(1147392K), 0.0037547 secs]
32004.963: [GC (Allocation Failure)  467510K->8726K(1133056K), 0.0038313 secs]
32005.426: [GC (Allocation Failure)  453142K->8726K(1119232K), 0.0037554 secs]
32005.876: [GC (Allocation Failure)  439318K->8726K(1105920K), 0.0036386 secs]
32006.312: [GC (Allocation Failure)  426006K->8694K(1093120K), 0.0040892 secs]
32006.737: [GC (Allocation Failure)  413174K->8758K(1080832K), 0.0041482 secs]
32007.148: [GC (Allocation Failure)  400950K->8758K(1069056K), 0.0042647 secs]
32007.544: [GC (Allocation Failure)  389174K->8758K(1057792K), 0.0035944 secs]
32007.932: [GC (Allocation Failure)  377910K->8726K(1047040K), 0.0037174 secs]
32008.307: [GC (Allocation Failure)  367126K->8758K(1036800K), 0.0034874 secs]
32008.669: [GC (Allocation Failure)  356918K->8758K(1027072K), 0.0044024 secs]
32009.024: [GC (Allocation Failure)  347190K->8758K(1017856K), 0.0038536 secs]
32009.369: [GC (Allocation Failure)  337974K->8758K(1083904K), 0.0041864 secs]
32009.785: [GC (Allocation Failure)  404022K->8758K(1072128K), 0.0035196 secs]
32010.227: [GC (Allocation Failure)  392246K->8758K(1060864K), 0.0042343 secs]
32010.615: [GC (Allocation Failure)  380982K->8758K(1135616K), 0.0043828 secs]
32011.081: [GC (Allocation Failure)  455734K->8758K(1121792K), 0.0037630 secs]
32011.533: [GC (Allocation Failure)  441910K->8790K(1108480K), 0.0035860 secs]
32011.977: [GC (Allocation Failure)  428630K->8758K(1095680K), 0.0041031 secs]
32012.406: [GC (Allocation Failure)  415798K->8790K(1083392K), 0.0043024 secs]
32012.825: [GC (Allocation Failure)  403542K->8726K(1071616K), 0.0033986 secs]
32013.224: [GC (Allocation Failure)  391702K->8790K(1060352K), 0.0037717 secs]
32013.612: [GC (Allocation Failure)  380502K->8758K(1049600K), 0.0038007 secs]
32013.988: [GC (Allocation Failure)  369718K->8758K(1039360K), 0.0041184 secs]
32014.359: [GC (Allocation Failure)  359478K->8758K(1029632K), 0.0038329 secs]
32014.719: [GC (Allocation Failure)  349750K->8758K(1020416K), 0.0032667 secs]
32015.069: [GC (Allocation Failure)  340534K->8758K(1086976K), 0.0147613 secs]
32015.497: [GC (Allocation Failure)  407094K->8758K(1075200K), 0.0033503 secs]
32015.900: [GC (Allocation Failure)  395318K->8726K(1063936K), 0.0032131 secs]
32016.291: [GC (Allocation Failure)  384022K->8726K(1053184K), 0.0036238 secs]
32016.671: [GC (Allocation Failure)  373270K->8726K(1042944K), 0.0038630 secs]
32017.062: [GC (Allocation Failure)  363030K->8790K(1114112K), 0.0060942 secs]
32017.508: [GC (Allocation Failure)  434262K->8726K(1199616K), 0.0044932 secs]
32018.242: [GC (Allocation Failure)  519702K->8758K(1182720K), 0.0040461 secs]
32018.764: [GC (Allocation Failure)  502838K->8758K(1166848K), 0.0037189 secs]
32019.263: [GC (Allocation Failure)  486966K->8790K(1151488K), 0.0029036 secs]
32019.745: [GC (Allocation Failure)  471638K->8726K(1244160K), 0.0081307 secs]
32020.332: [GC (Allocation Failure)  564246K->8758K(1225216K), 0.0038718 secs]
32021.154: [GC (Allocation Failure)  545334K->8758K(1207296K), 0.0031241 secs]
32021.690: [GC (Allocation Failure)  527414K->8758K(1190400K), 0.0031804 secs]
32022.207: [GC (Allocation Failure)  510518K->8734K(1290752K), 0.0100004 secs]
32022.837: [GC (Allocation Failure)  610846K->8766K(1269760K), 0.0034456 secs]
32023.436: [GC (Allocation Failure)  589886K->8766K(1249792K), 0.0040263 secs]
32024.272: [GC (Allocation Failure)  569918K->8766K(1230848K), 0.0049576 secs]
32025.028: [GC (Allocation Failure)  550974K->8734K(1212928K), 0.0040811 secs]
32025.645: [GC (Allocation Failure)  533022K->8734K(1195520K), 0.0028560 secs]
32026.206: [GC (Allocation Failure)  515614K->8766K(1179136K), 0.0031909 secs]
32026.748: [GC (Allocation Failure)  499262K->8766K(1163264K), 0.0034829 secs]
32027.265: [GC (Allocation Failure)  483390K->8734K(1147904K), 0.0030451 secs]
32027.745: [GC (Allocation Failure)  467998K->8766K(1133568K), 0.0031843 secs]
32028.210: [GC (Allocation Failure)  453694K->8798K(1119744K), 0.0033826 secs]
32028.659: [GC (Allocation Failure)  439902K->8766K(1106432K), 0.0030025 secs]
32029.094: [GC (Allocation Failure)  426558K->8734K(1093632K), 0.0034580 secs]
32029.537: [GC (Allocation Failure)  413726K->8734K(1081344K), 0.0041059 secs]
32029.947: [GC (Allocation Failure)  401438K->8798K(1069568K), 0.0053355 secs]
32030.516: [GC (Allocation Failure)  389726K->8766K(1058304K), 0.0037773 secs]
32030.893: [GC (Allocation Failure)  378430K->8766K(1047552K), 0.0385611 secs]
32031.320: [GC (Allocation Failure)  367678K->8766K(1037312K), 0.0033483 secs]
32031.697: [GC (Allocation Failure)  357438K->8734K(1027584K), 0.0035219 secs]
32032.052: [GC (Allocation Failure)  347678K->8734K(1018368K), 0.0037226 secs]
32032.397: [GC (Allocation Failure)  338462K->8766K(1009152K), 0.0034874 secs]
32032.734: [GC (Allocation Failure)  329278K->8734K(1000448K), 0.0031285 secs]
32033.059: [GC (Allocation Failure)  320542K->8766K(992256K), 0.0036590 secs]
32033.377: [GC (Allocation Failure)  312382K->8766K(984064K), 0.0036408 secs]
32033.688: [GC (Allocation Failure)  304190K->8798K(976384K), 0.0033107 secs]
32033.995: [GC (Allocation Failure)  296542K->8766K(1034240K), 0.0045070 secs]
32034.357: [GC (Allocation Failure)  354366K->8766K(1103360K), 0.0036328 secs]
32034.803: [GC (Allocation Failure)  423486K->8734K(1186304K), 0.0047976 secs]
32035.335: [GC (Allocation Failure)  506398K->8766K(1169920K), 0.0044066 secs]
32035.834: [GC (Allocation Failure)  490046K->8766K(1266176K), 0.0076209 secs]
32036.685: [GC (Allocation Failure)  586302K->8734K(1246720K), 0.0040980 secs]
32037.485: [GC (Allocation Failure)  566814K->8766K(1227776K), 0.0044540 secs]
32038.046: [GC (Allocation Failure)  547902K->8766K(1209856K), 0.0043974 secs]
32038.583: [GC (Allocation Failure)  529982K->8766K(1192448K), 0.0053700 secs]
32039.329: [GC (Allocation Failure)  512574K->8766K(1176064K), 0.0051144 secs]
32039.832: [GC (Allocation Failure)  496190K->8734K(1160192K), 0.0049575 secs]
32040.352: [GC (Allocation Failure)  480286K->8766K(1145344K), 0.0036510 secs]
32040.925: [GC (Allocation Failure)  465470K->8766K(1131008K), 0.0044155 secs]
32041.380: [GC (Allocation Failure)  451134K->8734K(1117184K), 0.0043409 secs]
32041.822: [GC (Allocation Failure)  437278K->8766K(1103872K), 0.0039734 secs]
32042.294: [GC (Allocation Failure)  423998K->8766K(1091072K), 0.0039645 secs]
32042.707: [GC (Allocation Failure)  411198K->8766K(1079296K), 0.0045282 secs]
32043.144: [GC (Allocation Failure)  399422K->8798K(1068032K), 0.0038055 secs]
32043.557: [GC (Allocation Failure)  388190K->8766K(1056768K), 0.0042899 secs]
32044.193: [GC (Allocation Failure)  376894K->8766K(1046016K), 0.0045420 secs]
32044.561: [GC (Allocation Failure)  366142K->8766K(1035776K), 0.0034368 secs]
32045.009: [GC (Allocation Failure)  355902K->8766K(1026048K), 0.0045571 secs]
32045.368: [GC (Allocation Failure)  346174K->8734K(1016832K), 0.0039848 secs]
32045.713: [GC (Allocation Failure)  336926K->8734K(1008128K), 0.0036553 secs]
32046.047: [GC (Allocation Failure)  328222K->8734K(1072128K), 0.0040419 secs]
32046.573: [GC (Allocation Failure)  392222K->8766K(1060864K), 0.0047589 secs]
32046.959: [GC (Allocation Failure)  380990K->8734K(1050112K), 0.0096985 secs]
32047.351: [GC (Allocation Failure)  370206K->8766K(1039872K), 0.0034628 secs]
32047.710: [GC (Allocation Failure)  359998K->8766K(1030144K), 0.0035896 secs]
32048.060: [GC (Allocation Failure)  350270K->8734K(1020928K), 0.0033152 secs]
32048.422: [GC (Allocation Failure)  341022K->8734K(1011712K), 0.0034967 secs]
32048.761: [GC (Allocation Failure)  331806K->8734K(1076736K), 0.0075150 secs]
32049.171: [GC (Allocation Failure)  396830K->8766K(1154560K), 0.0034778 secs]
32049.654: [GC (Allocation Failure)  474686K->8766K(1247744K), 0.0046834 secs]
32050.236: [GC (Allocation Failure)  567870K->8702K(1228800K), 0.0028554 secs]
32050.792: [GC (Allocation Failure)  548862K->8734K(1210880K), 0.0029258 secs]
32051.331: [GC (Allocation Failure)  530974K->8798K(1193472K), 0.0040639 secs]
32051.854: [GC (Allocation Failure)  513630K->8798K(1177088K), 0.0032097 secs]
32052.359: [GC (Allocation Failure)  497246K->8766K(1161216K), 0.0040752 secs]
32052.876: [GC (Allocation Failure)  481342K->8734K(1146368K), 0.0038598 secs]
32053.371: [GC (Allocation Failure)  466462K->8766K(1132032K), 0.0032719 secs]
32053.835: [GC (Allocation Failure)  452158K->8734K(1118208K), 0.0038323 secs]
32054.282: [GC (Allocation Failure)  438302K->8766K(1104896K), 0.0041758 secs]
32054.716: [GC (Allocation Failure)  425022K->8798K(1092096K), 0.0046126 secs]
32055.136: [GC (Allocation Failure)  412254K->8766K(1079808K), 0.0029928 secs]
32055.543: [GC (Allocation Failure)  399934K->8734K(1068032K), 0.0035382 secs]
32055.937: [GC (Allocation Failure)  388126K->8766K(1056768K), 0.0033839 secs]
32056.321: [GC (Allocation Failure)  376894K->8734K(1046016K), 0.0040726 secs]
32056.697: [GC (Allocation Failure)  366110K->8734K(1035776K), 0.3390705 secs]
32057.398: [GC (Allocation Failure)  355870K->8766K(1026048K), 0.0051923 secs]
32057.771: [GC (Allocation Failure)  346174K->8734K(1016832K), 0.0038517 secs]
32058.113: [GC (Allocation Failure)  336926K->8798K(1082880K), 0.0038542 secs]
32058.523: [GC (Allocation Failure)  403038K->8766K(1071104K), 0.0032256 secs]
32058.921: [GC (Allocation Failure)  391230K->8734K(1147904K), 0.0086423 secs]
32059.402: [GC (Allocation Failure)  467998K->8766K(1240064K), 0.0030671 secs]
32059.969: [GC (Allocation Failure)  560190K->8766K(1221632K), 0.0029658 secs]
32060.518: [GC (Allocation Failure)  541758K->8766K(1203712K), 0.0027079 secs]
32061.253: [GC (Allocation Failure)  523838K->8798K(1186816K), 0.0035386 secs]
32061.776: [GC (Allocation Failure)  506974K->8766K(1170432K), 0.0036889 secs]
32062.290: [GC (Allocation Failure)  490558K->8798K(1155072K), 0.0040643 secs]
32062.778: [GC (Allocation Failure)  475230K->8766K(1140224K), 0.0038244 secs]
32063.271: [GC (Allocation Failure)  460350K->8798K(1125888K), 0.0041764 secs]
32063.724: [GC (Allocation Failure)  446046K->8734K(1112576K), 0.0037946 secs]
32064.166: [GC (Allocation Failure)  432670K->8734K(1099776K), 0.0030701 secs]
32064.593: [GC (Allocation Failure)  419870K->8766K(1087488K), 0.0039193 secs]
32065.009: [GC (Allocation Failure)  407614K->8766K(1075712K), 0.0038982 secs]
32065.623: [GC (Allocation Failure)  395838K->8798K(1064448K), 0.0033940 secs]
32066.018: [GC (Allocation Failure)  384606K->8734K(1053696K), 0.0039409 secs]
32066.424: [GC (Allocation Failure)  373790K->8734K(1043456K), 0.0034625 secs]
32066.787: [GC (Allocation Failure)  363550K->8766K(1033216K), 0.0040447 secs]
32067.139: [GC (Allocation Failure)  353342K->8734K(1023488K), 0.0035401 secs]
32067.482: [GC (Allocation Failure)  343582K->8766K(1014272K), 0.0034287 secs]
32067.836: [GC (Allocation Failure)  334398K->8734K(1005568K), 0.0033041 secs]
32068.324: [GC (Allocation Failure)  325662K->8734K(996864K), 0.0035321 secs]
32068.651: [GC (Allocation Failure)  316958K->8734K(988672K), 0.0026167 secs]
32068.956: [GC (Allocation Failure)  308766K->8766K(980992K), 0.0037228 secs]
32069.282: [GC (Allocation Failure)  301118K->8798K(973312K), 0.0033841 secs]
32069.586: [GC (Allocation Failure)  293470K->8734K(1030656K), 0.0039992 secs]
32069.947: [GC (Allocation Failure)  350750K->8766K(1099264K), 0.0046022 secs]
32070.380: [GC (Allocation Failure)  419390K->8702K(1086976K), 0.0032634 secs]
32070.989: [GC (Allocation Failure)  407038K->8734K(1075200K), 0.0037697 secs]
32071.384: [GC (Allocation Failure)  395294K->8734K(1063936K), 0.0037735 secs]
32071.799: [GC (Allocation Failure)  384030K->8766K(1053184K), 0.0037469 secs]
32072.212: [GC (Allocation Failure)  373310K->8734K(1042944K), 0.0032491 secs]
32072.606: [GC (Allocation Failure)  363038K->8734K(1032704K), 0.0034598 secs]
32072.957: [GC (Allocation Failure)  352798K->8766K(1022976K), 0.0031328 secs]
32073.301: [GC (Allocation Failure)  343102K->8766K(1013760K), 0.0038274 secs]
32073.634: [GC (Allocation Failure)  333886K->8766K(1005056K), 0.0034557 secs]
32074.027: [GC (Allocation Failure)  325182K->8766K(996352K), 0.0033359 secs]
32074.346: [GC (Allocation Failure)  316478K->8734K(988160K), 0.0038806 secs]
32074.662: [GC (Allocation Failure)  308254K->8734K(980480K), 0.0035525 secs]
32074.966: [GC (Allocation Failure)  300574K->8766K(1038848K), 0.0040503 secs]
32075.332: [GC (Allocation Failure)  358974K->8798K(1108992K), 0.0038056 secs]
32075.775: [GC (Allocation Failure)  429150K->8766K(1193472K), 0.0044121 secs]
32076.314: [GC (Allocation Failure)  513598K->8734K(1177088K), 0.0037578 secs]
32077.011: [GC (Allocation Failure)  497182K->8766K(1161216K), 0.0035520 secs]
32077.501: [GC (Allocation Failure)  481342K->8798K(1146368K), 0.0037593 secs]
32077.978: [GC (Allocation Failure)  466526K->8766K(1132032K), 0.0028808 secs]
32078.505: [GC (Allocation Failure)  452158K->8766K(1118208K), 0.0040162 secs]
32078.990: [GC (Allocation Failure)  438334K->8766K(1104896K), 0.0033457 secs]
32079.437: [GC (Allocation Failure)  425022K->8766K(1092096K), 0.0035490 secs]
32079.858: [GC (Allocation Failure)  412222K->8766K(1079808K), 0.0036112 secs]
32080.275: [GC (Allocation Failure)  399934K->8734K(1068032K), 0.0043749 secs]
32080.681: [GC (Allocation Failure)  388126K->8766K(1056768K), 0.0033007 secs]
32081.072: [GC (Allocation Failure)  376894K->8734K(1046016K), 0.0031532 secs]
32081.452: [GC (Allocation Failure)  366110K->8798K(1035776K), 0.0031902 secs]
32081.822: [GC (Allocation Failure)  355934K->8734K(1026048K), 0.0034820 secs]
32082.178: [GC (Allocation Failure)  346142K->8798K(1016832K), 0.0030463 secs]
32082.513: [GC (Allocation Failure)  336990K->8766K(1008128K), 0.0030482 secs]
32082.839: [GC (Allocation Failure)  328254K->8766K(999424K), 0.0030763 secs]
32083.164: [GC (Allocation Failure)  319550K->8766K(991232K), 0.0029279 secs]
32083.681: [GC (Allocation Failure)  311358K->8766K(983552K), 0.0038598 secs]
32083.979: [GC (Allocation Failure)  303678K->8766K(975872K), 0.0034841 secs]
32084.273: [GC (Allocation Failure)  295998K->8734K(968704K), 0.0031337 secs]
32084.557: [GC (Allocation Failure)  288798K->8734K(961536K), 0.0030790 secs]
32084.837: [GC (Allocation Failure)  281630K->8766K(954880K), 0.0032731 secs]
32085.117: [GC (Allocation Failure)  275006K->8734K(1008128K), 0.0038226 secs]
32085.628: [GC (Allocation Failure)  328222K->8766K(999424K), 0.0033673 secs]
32085.952: [GC (Allocation Failure)  319550K->8766K(991232K), 0.0034536 secs]
32086.268: [GC (Allocation Failure)  311358K->8734K(983552K), 0.0032923 secs]
32086.602: [GC (Allocation Failure)  303646K->8766K(975872K), 0.0027001 secs]
32086.929: [GC (Allocation Failure)  295998K->8766K(1033728K), 0.0040282 secs]
32087.326: [GC (Allocation Failure)  353854K->8734K(1024000K), 0.0034727 secs]
32087.676: [GC (Allocation Failure)  344094K->8766K(1014784K), 0.0037116 secs]
32088.017: [GC (Allocation Failure)  334910K->8766K(1080320K), 0.0039031 secs]
32088.425: [GC (Allocation Failure)  400446K->8766K(1158656K), 0.0045829 secs]
32088.918: [GC (Allocation Failure)  478782K->8766K(1143808K), 0.0033900 secs]
32089.427: [GC (Allocation Failure)  463934K->8798K(1129472K), 0.0040349 secs]
32089.907: [GC (Allocation Failure)  449630K->8766K(1115648K), 0.0033686 secs]
32090.380: [GC (Allocation Failure)  435774K->8734K(1102848K), 0.0029596 secs]
32090.826: [GC (Allocation Failure)  422942K->8734K(1090560K), 0.0034975 secs]
32091.260: [GC (Allocation Failure)  410654K->8734K(1078784K), 0.0047126 secs]
32091.674: [GC (Allocation Failure)  398878K->8766K(1067520K), 0.0038364 secs]
32092.092: [GC (Allocation Failure)  387646K->8734K(1056256K), 0.0039419 secs]
32092.475: [GC (Allocation Failure)  376350K->8734K(1045504K), 0.0047100 secs]
32092.848: [GC (Allocation Failure)  365598K->8766K(1035264K), 0.0032691 secs]
32093.218: [GC (Allocation Failure)  355390K->8766K(1025536K), 0.0032817 secs]
32093.569: [GC (Allocation Failure)  345662K->8734K(1016320K), 0.0036249 secs]
32093.916: [GC (Allocation Failure)  336414K->8734K(1007616K), 0.0037004 secs]
32094.276: [GC (Allocation Failure)  327710K->8766K(998912K), 0.0032430 secs]
32094.619: [GC (Allocation Failure)  319038K->8766K(990720K), 0.0030001 secs]
32094.958: [GC (Allocation Failure)  310846K->8766K(983040K), 0.0034261 secs]
32095.271: [GC (Allocation Failure)  303166K->8766K(1041920K), 0.0046023 secs]
32095.650: [GC (Allocation Failure)  362046K->8734K(1112576K), 0.0038627 secs]
32096.102: [GC (Allocation Failure)  432670K->8766K(1099776K), 0.0029501 secs]
32096.530: [GC (Allocation Failure)  419902K->8766K(1087488K), 0.0031760 secs]
32096.947: [GC (Allocation Failure)  407614K->8798K(1075712K), 0.0031863 secs]
32097.366: [GC (Allocation Failure)  395870K->8766K(1064448K), 0.0033170 secs]
32097.778: [GC (Allocation Failure)  384574K->8830K(1053696K), 0.0030545 secs]
32098.158: [GC (Allocation Failure)  373886K->8734K(1043456K), 0.0038583 secs]
32098.532: [GC (Allocation Failure)  363550K->8766K(1033216K), 0.0033710 secs]
32098.915: [GC (Allocation Failure)  353342K->8798K(1023488K), 0.0038231 secs]
32099.516: [GC (Allocation Failure)  343646K->8766K(1014272K), 0.0037168 secs]
32099.874: [GC (Allocation Failure)  334398K->8734K(1005568K), 0.0032052 secs]
32100.220: [GC (Allocation Failure)  325662K->8766K(996864K), 0.0033840 secs]
32100.566: [GC (Allocation Failure)  316990K->8734K(988672K), 0.0032597 secs]
32100.903: [GC (Allocation Failure)  308766K->8798K(980992K), 0.0037031 secs]
32101.231: [GC (Allocation Failure)  301150K->8766K(973312K), 0.0029649 secs]
32101.534: [GC (Allocation Failure)  293438K->8766K(1030656K), 0.0048802 secs]
32101.895: [GC (Allocation Failure)  350782K->8766K(1099264K), 0.0044463 secs]
32102.321: [GC (Allocation Failure)  419390K->8766K(1181696K), 0.0034355 secs]
32102.829: [GC (Allocation Failure)  501822K->8766K(1165824K), 0.0028804 secs]
32103.343: [GC (Allocation Failure)  485950K->8734K(1150464K), 0.0026808 secs]
32104.014: [GC (Allocation Failure)  470558K->8766K(1136128K), 0.0029910 secs]
32104.543: [GC (Allocation Failure)  456254K->8734K(1122304K), 0.0035273 secs]
32104.997: [GC (Allocation Failure)  442398K->8766K(1108992K), 0.0030116 secs]
32105.452: [GC (Allocation Failure)  429118K->8734K(1096192K), 0.0030170 secs]
32105.890: [GC (Allocation Failure)  416286K->8798K(1083904K), 0.0039390 secs]
32106.323: [GC (Allocation Failure)  404062K->8798K(1072128K), 0.0029650 secs]
32106.750: [GC (Allocation Failure)  392286K->8766K(1060864K), 0.0031500 secs]
32107.150: [GC (Allocation Failure)  380990K->8766K(1050112K), 0.0035108 secs]
32107.545: [GC (Allocation Failure)  370238K->8766K(1039872K), 0.0033273 secs]
32107.910: [GC (Allocation Failure)  359998K->8830K(1030144K), 0.0034530 secs]
32108.268: [GC (Allocation Failure)  350334K->8798K(1020928K), 0.0044743 secs]
32108.635: [GC (Allocation Failure)  341086K->8798K(1011712K), 0.0033660 secs]
32109.001: [GC (Allocation Failure)  331870K->8766K(1003008K), 0.0036603 secs]
32109.345: [GC (Allocation Failure)  323134K->8766K(994816K), 0.0420618 secs]
32109.712: [GC (Allocation Failure)  314942K->8798K(986624K), 0.0029961 secs]
32110.025: [GC (Allocation Failure)  306782K->8734K(978944K), 0.0036452 secs]
32110.331: [GC (Allocation Failure)  299038K->8798K(971264K), 0.0030587 secs]
32110.630: [GC (Allocation Failure)  291422K->8798K(964096K), 0.0028210 secs]
32110.922: [GC (Allocation Failure)  284254K->8766K(1019392K), 0.0049427 secs]
32111.274: [GC (Allocation Failure)  339518K->8766K(1085952K), 0.0036415 secs]
32111.727: [GC (Allocation Failure)  406078K->8830K(1165824K), 0.0035305 secs]
32112.479: [GC (Allocation Failure)  486014K->8734K(1150464K), 0.0043670 secs]
32112.974: [GC (Allocation Failure)  470558K->8766K(1136128K), 0.0042559 secs]
32113.461: [GC (Allocation Failure)  456254K->8766K(1122304K), 0.0041804 secs]
32113.912: [GC (Allocation Failure)  442430K->8766K(1108992K), 0.0042115 secs]
32114.504: [GC (Allocation Failure)  429118K->8734K(1096192K), 0.0062859 secs]
32114.974: [GC (Allocation Failure)  416286K->8734K(1083904K), 0.0040372 secs]
32115.414: [GC (Allocation Failure)  403998K->8734K(1072128K), 0.0039218 secs]
32115.814: [GC (Allocation Failure)  392222K->8734K(1060864K), 0.0030088 secs]
32116.201: [GC (Allocation Failure)  380958K->8766K(1050112K), 0.0037093 secs]
32116.633: [GC (Allocation Failure)  370238K->8766K(1039872K), 0.0036711 secs]
32117.226: [GC (Allocation Failure)  359998K->8798K(1030144K), 0.0038777 secs]
32117.611: [GC (Allocation Failure)  350302K->8766K(1020928K), 0.0034658 secs]
32117.957: [GC (Allocation Failure)  341054K->8766K(1011712K), 0.0033949 secs]
32118.294: [GC (Allocation Failure)  331838K->8734K(1003008K), 0.0027661 secs]
32118.635: [GC (Allocation Failure)  323102K->8734K(994816K), 0.0036426 secs]
32118.971: [GC (Allocation Failure)  314910K->8766K(986624K), 0.0040239 secs]
32119.284: [GC (Allocation Failure)  306750K->8798K(1046528K), 0.0036128 secs]
32119.671: [GC (Allocation Failure)  366686K->8766K(1118208K), 0.0048691 secs]
32120.343: [GC (Allocation Failure)  438334K->8766K(1104896K), 0.0045008 secs]
32120.776: [GC (Allocation Failure)  425022K->8798K(1188352K), 0.0098491 secs]
32121.312: [GC (Allocation Failure)  508510K->8798K(1288704K), 0.0031943 secs]
32121.935: [GC (Allocation Failure)  608862K->8766K(1268224K), 0.0041103 secs]
32122.782: [GC (Allocation Failure)  588350K->8798K(1248256K), 0.0036137 secs]
32123.366: [GC (Allocation Failure)  568414K->8766K(1229312K), 0.0027837 secs]
32123.934: [GC (Allocation Failure)  549438K->8798K(1211392K), 0.0040594 secs]
32124.486: [GC (Allocation Failure)  531550K->8766K(1193984K), 0.0033465 secs]
32125.110: [GC (Allocation Failure)  514110K->8766K(1177600K), 0.0038062 secs]
32125.894: [GC (Allocation Failure)  497726K->8766K(1161728K), 0.0039363 secs]
32126.400: [GC (Allocation Failure)  481854K->8798K(1146880K), 0.0032461 secs]
32126.896: [GC (Allocation Failure)  467038K->8798K(1132544K), 0.0031384 secs]
32127.610: [GC (Allocation Failure)  452702K->8798K(1118720K), 0.0031043 secs]
32128.057: [GC (Allocation Failure)  438878K->8766K(1105408K), 0.0035620 secs]
32128.518: [GC (Allocation Failure)  425534K->8766K(1092608K), 0.0047090 secs]
32128.975: [GC (Allocation Failure)  412734K->8766K(1080320K), 0.0038141 secs]
32129.412: [GC (Allocation Failure)  400446K->8702K(1068544K), 0.0041115 secs]
32130.010: [GC (Allocation Failure)  388606K->8766K(1057280K), 0.0042669 secs]
32130.408: [GC (Allocation Failure)  377406K->8766K(1046528K), 0.0038436 secs]
32130.782: [GC (Allocation Failure)  366654K->8766K(1036288K), 0.0037064 secs]
32131.143: [GC (Allocation Failure)  356414K->8766K(1026560K), 0.0049174 secs]
32131.502: [GC (Allocation Failure)  346686K->8766K(1094144K), 0.0042305 secs]
32131.925: [GC (Allocation Failure)  414270K->8766K(1081856K), 0.0033107 secs]
32132.356: [GC (Allocation Failure)  401982K->8798K(1070080K), 0.0042634 secs]
32132.761: [GC (Allocation Failure)  390238K->8734K(1058816K), 0.0039493 secs]
32133.148: [GC (Allocation Failure)  378910K->8766K(1048064K), 0.0039228 secs]
32133.530: [GC (Allocation Failure)  368190K->8766K(1037824K), 0.0041061 secs]
32133.894: [GC (Allocation Failure)  357950K->8766K(1028096K), 0.0040347 secs]
32134.262: [GC (Allocation Failure)  348222K->8734K(1096192K), 0.0043540 secs]
32134.850: [GC (Allocation Failure)  416286K->8734K(1083904K), 0.0042215 secs]
32135.263: [GC (Allocation Failure)  403998K->8766K(1072128K), 0.0040874 secs]
32135.669: [GC (Allocation Failure)  392254K->8766K(1060864K), 0.0041308 secs]
32136.081: [GC (Allocation Failure)  380990K->8766K(1050112K), 0.0040145 secs]
32136.480: [GC (Allocation Failure)  370238K->8734K(1039872K), 0.0036321 secs]
32136.879: [GC (Allocation Failure)  359966K->8766K(1030144K), 0.0034350 secs]
32137.421: [GC (Allocation Failure)  350270K->8766K(1020928K), 0.0048531 secs]
32137.777: [GC (Allocation Failure)  341054K->8734K(1011712K), 0.0044788 secs]
32138.131: [GC (Allocation Failure)  331806K->8734K(1076736K), 0.0057754 secs]
32138.542: [GC (Allocation Failure)  396830K->8766K(1154560K), 0.0037639 secs]
32139.067: [GC (Allocation Failure)  474686K->8766K(1139712K), 0.0035990 secs]
32139.698: [GC (Allocation Failure)  459838K->8798K(1125376K), 0.0044834 secs]
32140.155: [GC (Allocation Failure)  445534K->8766K(1112064K), 0.0038577 secs]
32140.628: [GC (Allocation Failure)  432190K->8766K(1099264K), 0.0043327 secs]
32141.094: [GC (Allocation Failure)  419390K->8734K(1086976K), 0.0037257 secs]
32141.521: [GC (Allocation Failure)  407070K->8798K(1075200K), 0.0038798 secs]
32142.188: [GC (Allocation Failure)  395358K->8734K(1063936K), 0.0040571 secs]
32142.599: [GC (Allocation Failure)  384030K->8766K(1053184K), 0.0036753 secs]
32142.979: [GC (Allocation Failure)  373310K->8734K(1042944K), 0.0037484 secs]
32143.349: [GC (Allocation Failure)  363038K->8798K(1032704K), 0.0044241 secs]
32143.713: [GC (Allocation Failure)  352862K->8798K(1022976K), 0.0038640 secs]
32144.065: [GC (Allocation Failure)  343134K->8766K(1013760K), 0.0038614 secs]
32144.405: [GC (Allocation Failure)  333886K->8766K(1005056K), 0.0036127 secs]
32144.756: [GC (Allocation Failure)  325182K->8734K(1068544K), 0.0045000 secs]
32145.189: [GC (Allocation Failure)  388638K->8766K(1057280K), 0.0034510 secs]
32145.573: [GC (Allocation Failure)  377406K->8766K(1046528K), 0.0032816 secs]
32145.945: [GC (Allocation Failure)  366654K->8766K(1036288K), 0.0039386 secs]
32146.309: [GC (Allocation Failure)  356414K->8734K(1105920K), 0.0047904 secs]
32146.798: [GC (Allocation Failure)  426014K->8734K(1093120K), 0.0038239 secs]
32147.256: [GC (Allocation Failure)  413214K->8766K(1080832K), 0.0040122 secs]
32147.865: [GC (Allocation Failure)  400958K->8734K(1069056K), 0.0039771 secs]
32148.262: [GC (Allocation Failure)  389150K->8798K(1057792K), 0.0042419 secs]
32148.694: [GC (Allocation Failure)  377950K->8766K(1047040K), 0.0047441 secs]
32149.069: [GC (Allocation Failure)  367166K->8798K(1036800K), 0.0042634 secs]
32149.438: [GC (Allocation Failure)  356958K->8766K(1027072K), 0.0038391 secs]
32149.821: [GC (Allocation Failure)  347198K->8702K(1095168K), 0.0040918 secs]
32150.436: [GC (Allocation Failure)  415230K->8766K(1082880K), 0.0039826 secs]
32150.848: [GC (Allocation Failure)  403006K->8766K(1071104K), 0.0037914 secs]
32151.247: [GC (Allocation Failure)  391230K->8734K(1059840K), 0.0046481 secs]
32151.640: [GC (Allocation Failure)  379934K->8766K(1049088K), 0.0042026 secs]
32152.090: [GC (Allocation Failure)  369214K->8766K(1038848K), 0.0040099 secs]
32152.633: [GC (Allocation Failure)  358974K->8766K(1108992K), 0.0076330 secs]
32153.100: [GC (Allocation Failure)  429118K->8766K(1096192K), 0.0035075 secs]
32153.725: [GC (Allocation Failure)  416318K->8734K(1083904K), 0.0043324 secs]
32154.143: [GC (Allocation Failure)  403998K->8766K(1072128K), 0.0048316 secs]
32154.544: [GC (Allocation Failure)  392254K->8766K(1060864K), 0.0034316 secs]
32154.949: [GC (Allocation Failure)  380990K->8766K(1050112K), 0.0044636 secs]
32155.338: [GC (Allocation Failure)  370238K->8734K(1039872K), 0.0040758 secs]
32155.894: [GC (Allocation Failure)  359966K->8766K(1030144K), 0.0038045 secs]
32156.250: [GC (Allocation Failure)  350270K->8734K(1020928K), 0.0045049 secs]
32156.598: [GC (Allocation Failure)  341022K->8766K(1087488K), 0.0043355 secs]
32157.053: [GC (Allocation Failure)  407614K->8798K(1075712K), 0.0030984 secs]
32157.454: [GC (Allocation Failure)  395870K->8798K(1064448K), 0.0032632 secs]
32157.845: [GC (Allocation Failure)  384606K->8766K(1053696K), 0.0039302 secs]
32158.229: [GC (Allocation Failure)  373822K->8734K(1043456K), 0.0033538 secs]
32158.618: [GC (Allocation Failure)  363550K->8766K(1033216K), 0.0033235 secs]
32158.977: [GC (Allocation Failure)  353342K->8766K(1023488K), 0.0035833 secs]
32159.596: [GC (Allocation Failure)  343614K->8734K(1014272K), 0.0047752 secs]
32159.946: [GC (Allocation Failure)  334366K->8766K(1005568K), 0.0040861 secs]
32160.282: [GC (Allocation Failure)  325694K->8766K(996864K), 0.0038192 secs]
32160.610: [GC (Allocation Failure)  316990K->8734K(1058816K), 0.0046779 secs]
32161.022: [GC (Allocation Failure)  378910K->8766K(1133056K), 0.0037635 secs]
32161.505: [GC (Allocation Failure)  453182K->8766K(1119232K), 0.0044463 secs]
32161.959: [GC (Allocation Failure)  439358K->8798K(1105920K), 0.0038256 secs]
32162.399: [GC (Allocation Failure)  426078K->8766K(1093120K), 0.0036457 secs]
32162.834: [GC (Allocation Failure)  413246K->8766K(1080832K), 0.0036725 secs]
32163.250: [GC (Allocation Failure)  400958K->8734K(1069056K), 0.0035791 secs]
32163.698: [GC (Allocation Failure)  389150K->8766K(1057792K), 0.0034791 secs]
32164.080: [GC (Allocation Failure)  377918K->8734K(1047040K), 0.0035392 secs]
32164.645: [GC (Allocation Failure)  367134K->8734K(1036800K), 0.0042663 secs]
32165.023: [GC (Allocation Failure)  356894K->8734K(1027072K), 0.0046877 secs]
32165.382: [GC (Allocation Failure)  347166K->8766K(1017856K), 0.0043013 secs]
32165.761: [GC (Allocation Failure)  337982K->8734K(1008640K), 0.0034827 secs]
32166.115: [GC (Allocation Failure)  328734K->8766K(999936K), 0.0037432 secs]
32166.459: [GC (Allocation Failure)  320062K->8766K(1062400K), 0.0039453 secs]
32166.880: [GC (Allocation Failure)  382526K->8766K(1051648K), 0.0033831 secs]
32167.277: [GC (Allocation Failure)  371774K->8798K(1041408K), 0.0038764 secs]
32167.656: [GC (Allocation Failure)  361566K->8766K(1112064K), 0.0046358 secs]
32168.117: [GC (Allocation Failure)  432190K->8766K(1099264K), 0.0033737 secs]
32168.951: [GC (Allocation Failure)  419390K->8766K(1086976K), 0.0044077 secs]
32169.366: [GC (Allocation Failure)  407102K->8734K(1075200K), 0.0039113 secs]
32169.790: [GC (Allocation Failure)  395294K->8702K(1063936K), 0.0043024 secs]
32170.199: [GC (Allocation Failure)  383998K->8766K(1053184K), 0.0053411 secs]
32170.588: [GC (Allocation Failure)  373310K->8766K(1042944K), 0.0039157 secs]
32170.969: [GC (Allocation Failure)  363070K->8798K(1032704K), 0.0039654 secs]
32171.533: [GC (Allocation Failure)  352862K->8766K(1022976K), 0.0038111 secs]
32171.883: [GC (Allocation Failure)  343102K->8766K(1013760K), 0.0035027 secs]
32172.257: [GC (Allocation Failure)  333886K->8766K(1005056K), 0.0042057 secs]
32172.592: [GC (Allocation Failure)  325182K->8766K(996352K), 0.0029843 secs]
32172.917: [GC (Allocation Failure)  316478K->8766K(988160K), 0.0115295 secs]
32173.244: [GC (Allocation Failure)  308286K->8766K(1048064K), 0.0036966 secs]
32173.620: [GC (Allocation Failure)  368190K->8734K(1037824K), 0.0035810 secs]
32173.986: [GC (Allocation Failure)  357918K->8766K(1107968K), 0.0040441 secs]
32174.446: [GC (Allocation Failure)  428094K->8766K(1095168K), 0.0039381 secs]
32175.101: [GC (Allocation Failure)  415294K->8734K(1082880K), 0.0035714 secs]
32175.513: [GC (Allocation Failure)  402974K->8766K(1071104K), 0.0053916 secs]
32175.918: [GC (Allocation Failure)  391230K->8798K(1059840K), 0.0039442 secs]
32176.306: [GC (Allocation Failure)  379998K->8734K(1049088K), 0.0038243 secs]
32176.683: [GC (Allocation Failure)  369182K->8734K(1038848K), 0.0035898 secs]
32177.049: [GC (Allocation Failure)  358942K->8766K(1029120K), 0.0039743 secs]
32177.411: [GC (Allocation Failure)  349246K->8766K(1019904K), 0.0038965 secs]
32177.762: [GC (Allocation Failure)  340030K->8766K(1010688K), 0.0033208 secs]
32178.099: [GC (Allocation Failure)  330814K->8766K(1001984K), 0.0033990 secs]
32178.454: [GC (Allocation Failure)  322110K->8766K(993792K), 0.0032921 secs]
32178.773: [GC (Allocation Failure)  313918K->8766K(985600K), 0.0038073 secs]
32179.095: [GC (Allocation Failure)  305726K->8766K(1044992K), 0.0044600 secs]
32179.471: [GC (Allocation Failure)  365118K->8766K(1116672K), 0.0034953 secs]
32179.919: [GC (Allocation Failure)  436798K->8766K(1202688K), 0.0041917 secs]
32180.453: [GC (Allocation Failure)  522814K->8734K(1185792K), 0.0039251 secs]
32181.182: [GC (Allocation Failure)  505886K->8766K(1169920K), 0.0041136 secs]
32181.718: [GC (Allocation Failure)  490046K->8734K(1154560K), 0.0027107 secs]
32182.258: [GC (Allocation Failure)  474654K->8766K(1139712K), 0.0047779 secs]
32182.752: [GC (Allocation Failure)  459838K->8766K(1125376K), 0.0047518 secs]
32183.210: [GC (Allocation Failure)  445502K->8734K(1112064K), 0.0032797 secs]
32183.693: [GC (Allocation Failure)  432158K->8798K(1099264K), 0.0039719 secs]
32184.130: [GC (Allocation Failure)  419422K->8766K(1086976K), 0.0038900 secs]
32184.787: [GC (Allocation Failure)  407102K->8734K(1075200K), 0.0033129 secs]
32185.187: [GC (Allocation Failure)  395294K->8798K(1063936K), 0.0030062 secs]
32185.597: [GC (Allocation Failure)  384094K->8798K(1053184K), 0.0036233 secs]
32185.977: [GC (Allocation Failure)  373342K->8734K(1042944K), 0.0031347 secs]
32186.349: [GC (Allocation Failure)  363038K->8766K(1032704K), 0.0034535 secs]
32186.710: [GC (Allocation Failure)  352830K->8766K(1022976K), 0.0032877 secs]
32187.058: [GC (Allocation Failure)  343102K->8734K(1090048K), 0.0070152 secs]
32187.484: [GC (Allocation Failure)  410142K->8734K(1170432K), 0.0048002 secs]
32187.986: [GC (Allocation Failure)  490526K->8734K(1155072K), 0.0035465 secs]
32188.470: [GC (Allocation Failure)  475166K->8766K(1140224K), 0.0030967 secs]
32188.962: [GC (Allocation Failure)  460350K->8734K(1125888K), 0.0039177 secs]
32189.419: [GC (Allocation Failure)  445982K->8734K(1112576K), 0.0030517 secs]
32189.860: [GC (Allocation Failure)  432670K->8766K(1099776K), 0.0044840 secs]
32190.295: [GC (Allocation Failure)  419902K->8766K(1087488K), 0.0033677 secs]
32190.711: [GC (Allocation Failure)  407614K->8734K(1075712K), 0.0033637 secs]
32191.116: [GC (Allocation Failure)  395806K->8734K(1064448K), 0.0035492 secs]
32191.509: [GC (Allocation Failure)  384542K->8734K(1053696K), 0.0037767 secs]
32191.890: [GC (Allocation Failure)  373790K->8734K(1043456K), 0.0039679 secs]
32192.272: [GC (Allocation Failure)  363550K->8734K(1033216K), 0.0048331 secs]
32192.644: [GC (Allocation Failure)  353310K->8734K(1023488K), 0.0035808 secs]
32192.995: [GC (Allocation Failure)  343582K->8766K(1090560K), 0.0055220 secs]
32193.416: [GC (Allocation Failure)  410686K->8766K(1170944K), 0.0043419 secs]
32193.918: [GC (Allocation Failure)  491070K->8798K(1155584K), 0.0180254 secs]
32194.425: [GC (Allocation Failure)  475742K->8734K(1140736K), 0.0037053 secs]
32194.896: [GC (Allocation Failure)  460830K->8766K(1126400K), 0.0033827 secs]
32195.353: [GC (Allocation Failure)  446526K->8766K(1113088K), 0.0032155 secs]
32195.793: [GC (Allocation Failure)  433214K->8734K(1100288K), 0.0039492 secs]
32196.423: [GC (Allocation Failure)  420382K->8766K(1088000K), 0.0065315 secs]
32196.842: [GC (Allocation Failure)  408126K->8766K(1076224K), 0.0035715 secs]
32197.266: [GC (Allocation Failure)  396350K->8830K(1064960K), 0.0029323 secs]
32197.653: [GC (Allocation Failure)  385150K->8798K(1054208K), 0.0038350 secs]
32198.030: [GC (Allocation Failure)  374366K->8798K(1043968K), 0.0054244 secs]
32198.399: [GC (Allocation Failure)  364126K->8766K(1033728K), 0.0028605 secs]
32198.752: [GC (Allocation Failure)  353854K->8766K(1024000K), 0.0033117 secs]
32199.095: [GC (Allocation Failure)  344126K->8766K(1014784K), 0.0032566 secs]
32199.485: [GC (Allocation Failure)  334910K->8734K(1006080K), 0.0033022 secs]
32199.837: [GC (Allocation Failure)  326174K->8766K(997376K), 0.0034772 secs]
32200.162: [GC (Allocation Failure)  317502K->8798K(989184K), 0.0030430 secs]
32200.494: [GC (Allocation Failure)  309342K->8766K(981504K), 0.0030480 secs]
32200.802: [GC (Allocation Failure)  301630K->8766K(973824K), 0.0029879 secs]
32201.096: [GC (Allocation Failure)  293950K->8766K(1031168K), 0.0086434 secs]
32201.457: [GC (Allocation Failure)  351294K->8734K(1099776K), 0.0034455 secs]
32201.880: [GC (Allocation Failure)  419870K->8734K(1182208K), 0.0031608 secs]
32202.606: [GC (Allocation Failure)  502302K->8766K(1166336K), 0.0027078 secs]
32203.104: [GC (Allocation Failure)  486462K->8798K(1150976K), 0.0019417 secs]
32203.801: [GC (Allocation Failure)  471134K->8798K(1136640K), 0.0037300 secs]
32204.266: [GC (Allocation Failure)  456798K->8766K(1122816K), 0.0034838 secs]
32204.940: [GC (Allocation Failure)  442942K->8798K(1109504K), 0.0035215 secs]
32205.391: [GC (Allocation Failure)  429662K->8766K(1096704K), 0.0035488 secs]
32205.814: [GC (Allocation Failure)  416830K->8766K(1084416K), 0.0036720 secs]
32206.238: [GC (Allocation Failure)  404542K->8766K(1072640K), 0.0034137 secs]
32206.677: [GC (Allocation Failure)  392766K->8798K(1061376K), 0.0036143 secs]
32207.145: [GC (Allocation Failure)  381534K->8766K(1050624K), 0.0036144 secs]
32207.534: [GC (Allocation Failure)  370750K->8766K(1040384K), 0.0039517 secs]
32207.902: [GC (Allocation Failure)  360510K->8766K(1030656K), 0.0039627 secs]
32208.265: [GC (Allocation Failure)  350782K->8798K(1020928K), 0.0035280 secs]
32208.696: [GC (Allocation Failure)  341086K->8798K(1011712K), 0.0040071 secs]
32209.051: [GC (Allocation Failure)  331870K->8734K(1003008K), 0.0032139 secs]
32209.379: [GC (Allocation Failure)  323102K->8766K(994816K), 0.0027297 secs]
32209.696: [GC (Allocation Failure)  314942K->8798K(986624K), 0.0031169 secs]
32210.006: [GC (Allocation Failure)  306782K->8766K(978944K), 0.0041636 secs]
32210.309: [GC (Allocation Failure)  299070K->8766K(971264K), 0.0031325 secs]
32210.607: [GC (Allocation Failure)  291390K->8766K(964096K), 0.0030291 secs]
32210.896: [GC (Allocation Failure)  284222K->8766K(1019392K), 0.0034176 secs]
32211.251: [GC (Allocation Failure)  339518K->8766K(1085952K), 0.0045007 secs]
32211.674: [GC (Allocation Failure)  406078K->8766K(1165824K), 0.0035448 secs]
32212.194: [GC (Allocation Failure)  485950K->8766K(1150464K), 0.0040364 secs]
32212.698: [GC (Allocation Failure)  470590K->8766K(1136128K), 0.0046012 secs]
32213.174: [GC (Allocation Failure)  456254K->8766K(1122304K), 0.0051655 secs]
32213.628: [GC (Allocation Failure)  442430K->8766K(1108992K), 0.0044403 secs]
32214.073: [GC (Allocation Failure)  429118K->8766K(1096192K), 0.0037074 secs]
32214.495: [GC (Allocation Failure)  416318K->8766K(1083904K), 0.0027828 secs]
32214.950: [GC (Allocation Failure)  404030K->8734K(1072128K), 0.0030546 secs]
32215.376: [GC (Allocation Failure)  392222K->8798K(1060864K), 0.0039287 secs]
32215.784: [GC (Allocation Failure)  381022K->8734K(1050112K), 0.0035295 secs]
32216.191: [GC (Allocation Failure)  370206K->8830K(1039872K), 0.0027445 secs]
32216.575: [GC (Allocation Failure)  360062K->8766K(1030144K), 0.0040103 secs]
32216.959: [GC (Allocation Failure)  350270K->8766K(1020928K), 0.0038118 secs]
32217.343: [GC (Allocation Failure)  341054K->8766K(1011712K), 0.0038316 secs]
32217.690: [GC (Allocation Failure)  331838K->8766K(1003008K), 0.0035981 secs]
32218.036: [GC (Allocation Failure)  323134K->8798K(994816K), 0.0034523 secs]
32218.355: [GC (Allocation Failure)  314974K->8766K(1056256K), 0.0041649 secs]
32218.737: [GC (Allocation Failure)  376382K->8734K(1129984K), 0.0044348 secs]
32219.199: [GC (Allocation Failure)  450078K->8766K(1218560K), 0.0043534 secs]
32219.775: [GC (Allocation Failure)  538686K->8766K(1201152K), 0.0037025 secs]
32220.529: [GC (Allocation Failure)  521278K->8702K(1184256K), 0.0030387 secs]
32221.060: [GC (Allocation Failure)  504318K->8798K(1168384K), 0.0030792 secs]
32221.575: [GC (Allocation Failure)  488542K->8766K(1153024K), 0.0041686 secs]
32222.075: [GC (Allocation Failure)  473150K->8766K(1138176K), 0.0034357 secs]
32222.556: [GC (Allocation Failure)  458302K->8766K(1124352K), 0.0036334 secs]
32223.235: [GC (Allocation Failure)  444478K->8766K(1111040K), 0.0034885 secs]
32223.669: [GC (Allocation Failure)  431166K->8830K(1098240K), 0.0038279 secs]
32224.089: [GC (Allocation Failure)  418430K->8766K(1085952K), 0.0028608 secs]
32224.496: [GC (Allocation Failure)  406078K->8766K(1074176K), 0.0028897 secs]
32224.907: [GC (Allocation Failure)  394302K->8734K(1062912K), 0.0036963 secs]
32225.500: [GC (Allocation Failure)  383006K->8734K(1052160K), 0.0035400 secs]
32225.873: [GC (Allocation Failure)  372254K->8766K(1041920K), 0.0030856 secs]
32226.258: [GC (Allocation Failure)  362046K->8798K(1032192K), 0.0028821 secs]
32226.854: [GC (Allocation Failure)  352350K->8734K(1022464K), 0.0031011 secs]
32227.201: [GC (Allocation Failure)  342558K->8766K(1013248K), 0.0031512 secs]
32227.557: [GC (Allocation Failure)  333374K->8734K(1004544K), 0.0035270 secs]
32227.895: [GC (Allocation Failure)  324638K->8798K(996352K), 0.0042558 secs]
32228.221: [GC (Allocation Failure)  316510K->8734K(988160K), 0.0039154 secs]
32228.537: [GC (Allocation Failure)  308254K->8798K(980480K), 0.0029159 secs]
32228.845: [GC (Allocation Failure)  300638K->8734K(972800K), 0.0035127 secs]
32229.144: [GC (Allocation Failure)  292894K->8766K(1029632K), 0.0044318 secs]
32229.503: [GC (Allocation Failure)  349758K->8766K(1098240K), 0.0045968 secs]
32229.951: [GC (Allocation Failure)  418366K->8766K(1180160K), 0.0045067 secs]
32230.495: [GC (Allocation Failure)  500286K->8734K(1278464K), 0.0042395 secs]
32231.116: [GC (Allocation Failure)  598558K->8734K(1257984K), 0.0044115 secs]
32231.886: [GC (Allocation Failure)  578078K->8734K(1238528K), 0.0040007 secs]
32232.463: [GC (Allocation Failure)  558622K->8766K(1220096K), 0.0063236 secs]
32233.026: [GC (Allocation Failure)  540222K->8766K(1202688K), 0.0043724 secs]
32233.796: [GC (Allocation Failure)  522814K->8734K(1185792K), 0.0056304 secs]
32234.328: [GC (Allocation Failure)  505886K->8766K(1169920K), 0.0036056 secs]
32234.828: [GC (Allocation Failure)  490046K->8702K(1154560K), 0.0031987 secs]
32235.312: [GC (Allocation Failure)  474622K->8766K(1139712K), 0.0040479 secs]
32235.819: [GC (Allocation Failure)  459838K->8734K(1125376K), 0.0041301 secs]
32236.293: [GC (Allocation Failure)  445470K->8766K(1112064K), 0.0039474 secs]
32236.739: [GC (Allocation Failure)  432190K->8766K(1099264K), 0.0047250 secs]
32237.166: [GC (Allocation Failure)  419390K->8766K(1086976K), 0.0035398 secs]
32237.578: [GC (Allocation Failure)  407102K->8766K(1075200K), 0.0040613 secs]
32237.985: [GC (Allocation Failure)  395326K->8766K(1063936K), 0.0041417 secs]
32238.413: [GC (Allocation Failure)  384062K->8766K(1053184K), 0.0033287 secs]
32238.826: [GC (Allocation Failure)  373310K->8766K(1042944K), 0.0034382 secs]
32239.226: [GC (Allocation Failure)  363070K->8766K(1032704K), 0.0037089 secs]
32239.611: [GC (Allocation Failure)  352830K->8798K(1022976K), 0.0031757 secs]
32239.967: [GC (Allocation Failure)  343134K->8798K(1013760K), 0.0037264 secs]
32240.306: [GC (Allocation Failure)  333918K->8766K(1005056K), 0.0033714 secs]
32240.640: [GC (Allocation Failure)  325182K->8798K(1068544K), 0.0045525 secs]
32241.319: [GC (Allocation Failure)  388702K->8766K(1057280K), 0.0039013 secs]
32241.721: [GC (Allocation Failure)  377406K->8766K(1046528K), 0.0036276 secs]
32242.112: [GC (Allocation Failure)  366654K->8766K(1036288K), 0.0039838 secs]
32242.473: [GC (Allocation Failure)  356414K->8734K(1026560K), 0.0034301 secs]
32242.824: [GC (Allocation Failure)  346654K->8766K(1017344K), 0.0033768 secs]
32243.347: [GC (Allocation Failure)  337470K->8766K(1008640K), 0.0036891 secs]
32243.682: [GC (Allocation Failure)  328766K->8766K(999936K), 0.0044871 secs]
32244.016: [GC (Allocation Failure)  320062K->8766K(1062400K), 0.0038896 secs]
32244.409: [GC (Allocation Failure)  382526K->8766K(1051648K), 0.0035382 secs]
32245.015: [GC (Allocation Failure)  371774K->8734K(1041408K), 0.0041696 secs]
32245.397: [GC (Allocation Failure)  361502K->8766K(1031680K), 0.0039965 secs]
32245.759: [GC (Allocation Failure)  351806K->8734K(1021952K), 0.0042270 secs]
32246.156: [GC (Allocation Failure)  342046K->8734K(1012736K), 0.0038211 secs]
32246.494: [GC (Allocation Failure)  332830K->8766K(1077760K), 0.0044922 secs]
32246.908: [GC (Allocation Failure)  397886K->8798K(1155584K), 0.0040064 secs]
32247.422: [GC (Allocation Failure)  475742K->8798K(1140736K), 0.0037478 secs]
32247.929: [GC (Allocation Failure)  460894K->8766K(1126400K), 0.0047616 secs]
32248.399: [GC (Allocation Failure)  446526K->8798K(1113088K), 0.0039527 secs]
32248.847: [GC (Allocation Failure)  433246K->8734K(1100288K), 0.0041126 secs]
32249.277: [GC (Allocation Failure)  420382K->8766K(1088000K), 0.0041564 secs]
32249.698: [GC (Allocation Failure)  408126K->8798K(1076224K), 0.0041401 secs]
32250.111: [GC (Allocation Failure)  396382K->8766K(1064960K), 0.0034256 secs]
32250.506: [GC (Allocation Failure)  385086K->8734K(1054208K), 0.0039811 secs]
32250.900: [GC (Allocation Failure)  374302K->8766K(1127424K), 0.0055933 secs]
32251.382: [GC (Allocation Failure)  447550K->8734K(1215488K), 0.0048853 secs]
32251.932: [GC (Allocation Failure)  535582K->8766K(1198080K), 0.0037692 secs]
32252.719: [GC (Allocation Failure)  518206K->8798K(1181184K), 0.0041925 secs]
32253.267: [GC (Allocation Failure)  501342K->8766K(1165312K), 0.0037130 secs]
32253.758: [GC (Allocation Failure)  485438K->8798K(1149952K), 0.0069388 secs]
32254.258: [GC (Allocation Failure)  470110K->8766K(1135616K), 0.0046623 secs]
32254.722: [GC (Allocation Failure)  455742K->8798K(1121792K), 0.0040763 secs]
32255.167: [GC (Allocation Failure)  441950K->8798K(1108480K), 0.0036720 secs]
32255.631: [GC (Allocation Failure)  428638K->8766K(1095680K), 0.0033903 secs]
32256.057: [GC (Allocation Failure)  415806K->8766K(1083392K), 0.0039752 secs]
32256.546: [GC (Allocation Failure)  403518K->8798K(1071616K), 0.0026516 secs]
32256.969: [GC (Allocation Failure)  391774K->8766K(1060352K), 0.0035024 secs]
32257.378: [GC (Allocation Failure)  380478K->8766K(1049600K), 0.0039012 secs]
32257.765: [GC (Allocation Failure)  369726K->8734K(1039360K), 0.0031928 secs]
32258.132: [GC (Allocation Failure)  359454K->8766K(1029632K), 0.0038104 secs]
32258.734: [GC (Allocation Failure)  349758K->8766K(1020416K), 0.0041029 secs]
32259.105: [GC (Allocation Failure)  340542K->8766K(1011200K), 0.0032804 secs]
32259.443: [GC (Allocation Failure)  331326K->8766K(1002496K), 0.0041126 secs]
32259.773: [GC (Allocation Failure)  322622K->8766K(994304K), 0.0033428 secs]
32260.097: [GC (Allocation Failure)  314430K->8798K(986112K), 0.0035378 secs]
32260.447: [GC (Allocation Failure)  306270K->8766K(978432K), 0.0037072 secs]
32260.795: [GC (Allocation Failure)  298558K->8766K(971264K), 0.0034286 secs]
32261.121: [GC (Allocation Failure)  291390K->8766K(1028096K), 0.0046955 secs]
32261.606: [GC (Allocation Failure)  348222K->8766K(1096192K), 0.0046381 secs]
32262.029: [GC (Allocation Failure)  416318K->8766K(1178112K), 0.0071550 secs]
32262.545: [GC (Allocation Failure)  498238K->8734K(1276416K), 0.0038967 secs]
32263.151: [GC (Allocation Failure)  596510K->8766K(1256448K), 0.0038969 secs]
32263.747: [GC (Allocation Failure)  576574K->8734K(1236992K), 0.0039711 secs]
32264.343: [GC (Allocation Failure)  557086K->8766K(1218560K), 0.0042422 secs]
32264.897: [GC (Allocation Failure)  538686K->8734K(1201152K), 0.0037957 secs]
32265.444: [GC (Allocation Failure)  521246K->8766K(1184256K), 0.0039081 secs]
32265.982: [GC (Allocation Failure)  504382K->8766K(1168384K), 0.0041394 secs]
32266.485: [GC (Allocation Failure)  488510K->8766K(1153024K), 0.0035870 secs]
32267.008: [GC (Allocation Failure)  473150K->8734K(1138176K), 0.0043448 secs]
32267.480: [GC (Allocation Failure)  458270K->8766K(1124352K), 0.0048629 secs]
32267.946: [GC (Allocation Failure)  444478K->8766K(1111040K), 0.0040421 secs]
32268.410: [GC (Allocation Failure)  431166K->8766K(1098240K), 0.0045206 secs]
32268.842: [GC (Allocation Failure)  418366K->8734K(1085952K), 0.0033243 secs]
32269.257: [GC (Allocation Failure)  406046K->8766K(1074176K), 0.0035178 secs]
32269.659: [GC (Allocation Failure)  394302K->8766K(1062912K), 0.0033514 secs]
32270.048: [GC (Allocation Failure)  383038K->8766K(1052160K), 0.0033339 secs]
32270.436: [GC (Allocation Failure)  372286K->8734K(1041920K), 0.0036711 secs]
32270.805: [GC (Allocation Failure)  362014K->8798K(1032192K), 0.0040040 secs]
32271.165: [GC (Allocation Failure)  352350K->8734K(1022464K), 0.0043965 secs]
32271.521: [GC (Allocation Failure)  342558K->8798K(1089536K), 0.0045033 secs]
32271.968: [GC (Allocation Failure)  409694K->8766K(1169920K), 0.0041151 secs]
32272.485: [GC (Allocation Failure)  490046K->8734K(1154560K), 0.0037294 secs]
32272.972: [GC (Allocation Failure)  474654K->8798K(1139712K), 0.0031465 secs]
32273.441: [GC (Allocation Failure)  459870K->8766K(1125376K), 0.0033209 secs]
32273.896: [GC (Allocation Failure)  445502K->8830K(1112064K), 0.0040570 secs]
32274.364: [GC (Allocation Failure)  432254K->8798K(1099264K), 0.0032623 secs]
32274.813: [GC (Allocation Failure)  419422K->8766K(1086976K), 0.0032147 secs]
32275.322: [GC (Allocation Failure)  407102K->8766K(1075200K), 0.0034390 secs]
32275.951: [GC (Allocation Failure)  395326K->8734K(1063936K), 0.0050002 secs]
32276.409: [GC (Allocation Failure)  384030K->8766K(1053184K), 0.0032946 secs]
32276.791: [GC (Allocation Failure)  373310K->8798K(1042944K), 0.0026339 secs]
32277.161: [GC (Allocation Failure)  363102K->8766K(1032704K), 0.0032173 secs]
32277.517: [GC (Allocation Failure)  352830K->8798K(1022976K), 0.0037006 secs]
32277.889: [GC (Allocation Failure)  343134K->8766K(1013760K), 0.0031565 secs]
32278.241: [GC (Allocation Failure)  333886K->8766K(1005056K), 0.0028636 secs]
32278.811: [GC (Allocation Failure)  325182K->8766K(996352K), 0.0031249 secs]
32279.134: [GC (Allocation Failure)  316478K->8798K(988160K), 0.0031712 secs]
32279.461: [GC (Allocation Failure)  308318K->8734K(980480K), 0.0030058 secs]
32280.011: [GC (Allocation Failure)  300574K->8734K(972800K), 0.0033701 secs]
32280.324: [GC (Allocation Failure)  292894K->8702K(965632K), 0.0024420 secs]
32280.611: [GC (Allocation Failure)  285694K->8734K(1021440K), 0.0093369 secs]
32280.965: [GC (Allocation Failure)  341534K->8734K(1088000K), 0.0036358 secs]
32281.387: [GC (Allocation Failure)  408094K->8798K(1167872K), 0.0029849 secs]
32281.885: [GC (Allocation Failure)  488030K->8734K(1264128K), 0.0032706 secs]
32282.501: [GC (Allocation Failure)  584222K->8766K(1244672K), 0.0032815 secs]
32283.099: [GC (Allocation Failure)  564798K->8766K(1225728K), 0.0036313 secs]
32283.866: [GC (Allocation Failure)  545854K->8766K(1207808K), 0.0034769 secs]
32284.408: [GC (Allocation Failure)  527934K->8734K(1190912K), 0.0090746 secs]
32284.940: [GC (Allocation Failure)  511006K->8766K(1174528K), 0.0027336 secs]
32285.449: [GC (Allocation Failure)  494654K->8798K(1159168K), 0.0028310 secs]
32285.951: [GC (Allocation Failure)  479326K->8766K(1144320K), 0.0032138 secs]
32286.425: [GC (Allocation Failure)  464446K->8734K(1129984K), 0.0035736 secs]
32286.911: [GC (Allocation Failure)  450078K->8798K(1116160K), 0.0162342 secs]
32287.395: [GC (Allocation Failure)  436318K->8766K(1201664K), 0.0137273 secs]
32287.947: [GC (Allocation Failure)  521790K->8766K(1304576K), 0.0037992 secs]
32288.588: [GC (Allocation Failure)  624702K->8734K(1427968K), 0.0036352 secs]
32289.576: [GC (Allocation Failure)  748062K->8734K(1400832K), 0.0048595 secs]
32290.344: [GC (Allocation Failure)  720926K->8798K(1374720K), 0.0031102 secs]
32291.074: [GC (Allocation Failure)  694878K->8766K(1350144K), 0.0041219 secs]
32291.930: [GC (Allocation Failure)  670270K->8798K(1326592K), 0.0034474 secs]
32292.615: [GC (Allocation Failure)  646750K->8734K(1304064K), 0.0031344 secs]
32293.273: [GC (Allocation Failure)  624158K->8766K(1282560K), 0.0036536 secs]
32294.070: [GC (Allocation Failure)  602686K->8766K(1262080K), 0.0030706 secs]
32294.666: [GC (Allocation Failure)  582206K->8766K(1242624K), 0.0029559 secs]
32295.344: [GC (Allocation Failure)  562750K->8766K(1224192K), 0.0028722 secs]
32296.060: [GC (Allocation Failure)  544318K->8734K(1206272K), 0.0035340 secs]
32296.654: [GC (Allocation Failure)  526366K->8766K(1189376K), 0.0030300 secs]
32297.381: [GC (Allocation Failure)  509502K->8766K(1172992K), 0.0036651 secs]
32297.921: [GC (Allocation Failure)  493118K->8734K(1157632K), 0.0035941 secs]
32298.427: [GC (Allocation Failure)  477726K->8766K(1142784K), 0.0031802 secs]
32298.922: [GC (Allocation Failure)  462910K->8798K(1128448K), 0.0031381 secs]
32299.384: [GC (Allocation Failure)  448606K->8734K(1114624K), 0.0037923 secs]
32299.829: [GC (Allocation Failure)  434718K->8766K(1101824K), 0.0040221 secs]
32300.267: [GC (Allocation Failure)  421950K->8798K(1089536K), 0.0042295 secs]
32300.684: [GC (Allocation Failure)  409694K->8766K(1077760K), 0.0035872 secs]
32301.473: [GC (Allocation Failure)  397886K->8766K(1066496K), 0.0039798 secs]
32301.884: [GC (Allocation Failure)  386622K->8766K(1055744K), 0.0033715 secs]
32302.269: [GC (Allocation Failure)  375870K->8766K(1044992K), 0.0032910 secs]
32302.650: [GC (Allocation Failure)  365118K->8766K(1034752K), 0.0032240 secs]
32303.009: [GC (Allocation Failure)  354878K->8766K(1025024K), 0.0034912 secs]
32303.379: [GC (Allocation Failure)  345150K->8766K(1015808K), 0.0034270 secs]
32303.722: [GC (Allocation Failure)  335934K->8766K(1007104K), 0.0034309 secs]
32304.057: [GC (Allocation Failure)  327230K->8766K(998400K), 0.0030171 secs]
32304.400: [GC (Allocation Failure)  318526K->8798K(990208K), 0.0034113 secs]
32304.727: [GC (Allocation Failure)  310366K->8734K(982528K), 0.0033324 secs]
32305.050: [GC (Allocation Failure)  302622K->8766K(974848K), 0.0030694 secs]
32305.350: [GC (Allocation Failure)  294974K->8734K(967680K), 0.0036087 secs]
32305.837: [GC (Allocation Failure)  287774K->8766K(960512K), 0.0035311 secs]
32306.133: [GC (Allocation Failure)  280638K->8766K(953856K), 0.0029522 secs]
32306.407: [GC (Allocation Failure)  273982K->8798K(1007104K), 0.0037935 secs]
32306.973: [GC (Allocation Failure)  327262K->8798K(998400K), 0.0029966 secs]
32307.294: [GC (Allocation Failure)  318558K->8798K(990208K), 0.0030691 secs]
32307.611: [GC (Allocation Failure)  310366K->8766K(982528K), 0.0031307 secs]
32307.942: [GC (Allocation Failure)  302654K->8766K(974848K), 0.0038120 secs]
32308.449: [GC (Allocation Failure)  294974K->8734K(967680K), 0.0036620 secs]
32308.732: [GC (Allocation Failure)  287774K->8734K(960512K), 0.0037052 secs]
32309.030: [GC (Allocation Failure)  280606K->8766K(1015296K), 0.0031880 secs]
32309.363: [GC (Allocation Failure)  335422K->8734K(1080832K), 0.0039137 secs]
32309.766: [GC (Allocation Failure)  400926K->8766K(1069056K), 0.0032481 secs]
32310.185: [GC (Allocation Failure)  389182K->8798K(1057792K), 0.0032571 secs]
32310.567: [GC (Allocation Failure)  377950K->8734K(1047040K), 0.0034615 secs]
32311.135: [GC (Allocation Failure)  367134K->8734K(1036800K), 0.0033243 secs]
32311.513: [GC (Allocation Failure)  356894K->8766K(1027072K), 0.0033073 secs]
32312.066: [GC (Allocation Failure)  347198K->8734K(1017856K), 0.0030733 secs]
32312.408: [GC (Allocation Failure)  337950K->8766K(1008640K), 0.0027629 secs]
32312.739: [GC (Allocation Failure)  328766K->8766K(999936K), 0.0029637 secs]
32313.063: [GC (Allocation Failure)  320062K->8798K(991744K), 0.0026949 secs]
32313.481: [GC (Allocation Failure)  311902K->8734K(984064K), 0.0030818 secs]
32313.817: [GC (Allocation Failure)  304158K->8766K(976384K), 0.0030393 secs]
32314.145: [GC (Allocation Failure)  296510K->8830K(969216K), 0.0027362 secs]
32314.455: [GC (Allocation Failure)  289406K->8798K(962048K), 0.0029412 secs]
32314.741: [GC (Allocation Failure)  282206K->8734K(955392K), 0.0036750 secs]
32315.021: [GC (Allocation Failure)  275486K->8734K(1009152K), 0.0042095 secs]
32315.524: [GC (Allocation Failure)  329246K->8766K(1000448K), 0.0033884 secs]
32315.850: [GC (Allocation Failure)  320574K->8734K(1062912K), 0.0037105 secs]
32316.272: [GC (Allocation Failure)  383006K->8798K(1138176K), 0.0042980 secs]
32316.935: [GC (Allocation Failure)  458334K->8766K(1124352K), 0.0036741 secs]
32317.390: [GC (Allocation Failure)  444478K->8766K(1111040K), 0.0036207 secs]
32317.880: [GC (Allocation Failure)  431166K->8766K(1098240K), 0.0042731 secs]
32318.502: [GC (Allocation Failure)  418366K->8734K(1085952K), 0.0040033 secs]
32318.941: [GC (Allocation Failure)  406046K->8734K(1074176K), 0.0029496 secs]
32319.344: [GC (Allocation Failure)  394270K->8766K(1062912K), 0.0044486 secs]
32319.741: [GC (Allocation Failure)  383038K->8734K(1052160K), 0.0035871 secs]
32320.141: [GC (Allocation Failure)  372254K->8734K(1041920K), 0.0036450 secs]
32320.522: [GC (Allocation Failure)  362014K->8766K(1032192K), 0.0038351 secs]
32320.883: [GC (Allocation Failure)  352318K->8798K(1022464K), 0.0043181 secs]
32321.443: [GC (Allocation Failure)  342622K->8734K(1013248K), 0.0036438 secs]
32321.780: [GC (Allocation Failure)  333342K->8734K(1004544K), 0.0038491 secs]
32322.317: [GC (Allocation Failure)  324638K->8734K(996352K), 0.0035184 secs]
32322.650: [GC (Allocation Failure)  316446K->8798K(988160K), 0.0030935 secs]
32322.960: [GC (Allocation Failure)  308318K->8798K(980480K), 0.0036937 secs]
32323.457: [GC (Allocation Failure)  300638K->8734K(972800K), 0.0048806 secs]
32323.760: [GC (Allocation Failure)  292894K->8798K(965632K), 0.0029838 secs]
32324.070: [GC (Allocation Failure)  285790K->8734K(958464K), 0.0035929 secs]
32324.367: [GC (Allocation Failure)  278558K->8734K(1012736K), 0.0040158 secs]
32324.703: [GC (Allocation Failure)  332830K->8734K(1077760K), 0.0029101 secs]
32325.318: [GC (Allocation Failure)  397854K->8798K(1066496K), 0.0032778 secs]
32325.710: [GC (Allocation Failure)  386654K->8766K(1055744K), 0.0030934 secs]
32326.091: [GC (Allocation Failure)  375870K->8766K(1044992K), 0.0029064 secs]
32326.503: [GC (Allocation Failure)  365118K->8766K(1034752K), 0.0043302 secs]
32326.865: [GC (Allocation Failure)  354878K->8734K(1025024K), 0.0031840 secs]
32327.228: [GC (Allocation Failure)  345118K->8798K(1015808K), 0.0032475 secs]
32327.595: [GC (Allocation Failure)  335966K->8734K(1007104K), 0.0036818 secs]
32327.927: [GC (Allocation Failure)  327198K->8734K(998400K), 0.0026645 secs]
32328.250: [GC (Allocation Failure)  318494K->8798K(990208K), 0.0034698 secs]
32328.600: [GC (Allocation Failure)  310366K->8766K(982528K), 0.0038350 secs]
32329.167: [GC (Allocation Failure)  302654K->8734K(974848K), 0.0032998 secs]
32329.486: [GC (Allocation Failure)  294942K->8766K(967680K), 0.0037071 secs]
32329.974: [GC (Allocation Failure)  287806K->8766K(960512K), 0.0031789 secs]
32330.287: [GC (Allocation Failure)  280638K->8766K(953856K), 0.0040242 secs]
32330.590: [GC (Allocation Failure)  273982K->8734K(947200K), 0.0032663 secs]
32330.880: [GC (Allocation Failure)  267294K->8798K(998912K), 0.0034529 secs]
32331.221: [GC (Allocation Failure)  319070K->8734K(1061376K), 0.0033013 secs]
32331.633: [GC (Allocation Failure)  381470K->8798K(1050624K), 0.0030723 secs]
32332.013: [GC (Allocation Failure)  370782K->8766K(1040384K), 0.0034925 secs]
32332.423: [GC (Allocation Failure)  360510K->8734K(1030656K), 0.0034346 secs]
32333.014: [GC (Allocation Failure)  350750K->8766K(1020928K), 0.0032267 secs]
32333.368: [GC (Allocation Failure)  341054K->8766K(1011712K), 0.0035574 secs]
32334.114: [GC (Allocation Failure)  331838K->8766K(1003008K), 0.0035653 secs]
32334.458: [GC (Allocation Failure)  323134K->8734K(994816K), 0.0040233 secs]
32334.812: [GC (Allocation Failure)  314910K->8734K(986624K), 0.0036398 secs]
32335.143: [GC (Allocation Failure)  306718K->8766K(978944K), 0.0036941 secs]
32335.457: [GC (Allocation Failure)  299070K->8734K(971264K), 0.0030605 secs]
32335.764: [GC (Allocation Failure)  291358K->8734K(964096K), 0.0035834 secs]
32336.094: [GC (Allocation Failure)  284190K->8734K(1019392K), 0.0037137 secs]
32336.602: [GC (Allocation Failure)  339486K->8734K(1010176K), 0.0034152 secs]
32336.957: [GC (Allocation Failure)  330270K->8766K(1001472K), 0.0043278 secs]
32337.307: [GC (Allocation Failure)  321598K->8798K(1064448K), 0.0090228 secs]
32337.711: [GC (Allocation Failure)  384606K->8766K(1139712K), 0.0032115 secs]
32338.276: [GC (Allocation Failure)  459838K->8766K(1230336K), 0.0033654 secs]
32339.025: [GC (Allocation Failure)  550462K->8766K(1212416K), 0.0032722 secs]
32339.591: [GC (Allocation Failure)  532542K->8766K(1195008K), 0.0031922 secs]
32340.144: [GC (Allocation Failure)  515134K->8798K(1178624K), 0.0034333 secs]
32340.687: [GC (Allocation Failure)  498782K->8798K(1162752K), 0.0028732 secs]
32341.180: [GC (Allocation Failure)  482910K->8798K(1147904K), 0.0034681 secs]
32341.657: [GC (Allocation Failure)  468062K->8734K(1133568K), 0.0037842 secs]
32342.121: [GC (Allocation Failure)  453662K->8734K(1119744K), 0.0034300 secs]
32342.596: [GC (Allocation Failure)  439838K->8734K(1106432K), 0.0035657 secs]
32343.043: [GC (Allocation Failure)  426526K->8798K(1093632K), 0.0032182 secs]
32343.673: [GC (Allocation Failure)  413790K->8734K(1081344K), 0.0049607 secs]
32344.126: [GC (Allocation Failure)  401438K->8734K(1069568K), 0.0035692 secs]
32344.527: [GC (Allocation Failure)  389662K->8830K(1058304K), 0.0029126 secs]
32344.948: [GC (Allocation Failure)  378494K->8766K(1047552K), 0.0036740 secs]
32345.332: [GC (Allocation Failure)  367678K->8766K(1037312K), 0.0032781 secs]
32345.689: [GC (Allocation Failure)  357438K->8766K(1027584K), 0.0037062 secs]
32346.080: [GC (Allocation Failure)  347710K->8798K(1018368K), 0.0039801 secs]
32346.430: [GC (Allocation Failure)  338526K->8766K(1009152K), 0.0039398 secs]
32346.786: [GC (Allocation Failure)  329278K->8766K(1000448K), 0.0035941 secs]
32347.301: [GC (Allocation Failure)  320574K->8766K(992256K), 0.0034770 secs]
32347.618: [GC (Allocation Failure)  312382K->8766K(984064K), 0.0034032 secs]
32347.924: [GC (Allocation Failure)  304190K->8766K(976384K), 0.0035378 secs]
32348.249: [GC (Allocation Failure)  296510K->8766K(969216K), 0.0034286 secs]
32348.554: [GC (Allocation Failure)  289342K->8766K(1025536K), 0.0035030 secs]
32349.145: [GC (Allocation Failure)  345662K->8766K(1016320K), 0.0029825 secs]
32349.505: [GC (Allocation Failure)  336446K->8766K(1007616K), 0.0035278 secs]
32349.844: [GC (Allocation Failure)  327742K->8798K(1071616K), 0.0084246 secs]
32350.257: [GC (Allocation Failure)  391774K->8734K(1148416K), 0.0038057 secs]
32350.744: [GC (Allocation Failure)  468510K->8766K(1240576K), 0.0032787 secs]
32351.327: [GC (Allocation Failure)  560702K->8734K(1222144K), 0.0035698 secs]
32352.115: [GC (Allocation Failure)  542238K->8766K(1204224K), 0.0041636 secs]
32352.654: [GC (Allocation Failure)  524350K->8734K(1187328K), 0.0035573 secs]
32353.443: [GC (Allocation Failure)  507422K->8766K(1170944K), 0.0031148 secs]
32353.958: [GC (Allocation Failure)  491070K->8766K(1155584K), 0.0035365 secs]
32354.453: [GC (Allocation Failure)  475710K->8766K(1140736K), 0.0035591 secs]
32355.017: [GC (Allocation Failure)  460862K->8830K(1126400K), 0.0033903 secs]
32355.510: [GC (Allocation Failure)  446590K->8766K(1113088K), 0.0030776 secs]
32356.003: [GC (Allocation Failure)  433214K->8734K(1100288K), 0.0042869 secs]
32356.460: [GC (Allocation Failure)  420382K->8734K(1088000K), 0.0030725 secs]
32356.892: [GC (Allocation Failure)  408094K->8766K(1076224K), 0.0035332 secs]
32357.494: [GC (Allocation Failure)  396350K->8798K(1064960K), 0.0028351 secs]
32357.893: [GC (Allocation Failure)  385118K->8734K(1054208K), 0.0031054 secs]
32358.274: [GC (Allocation Failure)  374302K->8734K(1043968K), 0.0034447 secs]
32358.645: [GC (Allocation Failure)  364062K->8766K(1033728K), 0.0029054 secs]
32359.210: [GC (Allocation Failure)  353854K->8734K(1024000K), 0.0033309 secs]
32359.560: [GC (Allocation Failure)  344094K->8734K(1014784K), 0.0032669 secs]
32359.902: [GC (Allocation Failure)  334878K->8734K(1006080K), 0.0030963 secs]
32360.270: [GC (Allocation Failure)  326174K->8766K(997376K), 0.0039777 secs]
32360.852: [GC (Allocation Failure)  317502K->8798K(989184K), 0.0051454 secs]
32361.212: [GC (Allocation Failure)  309342K->8798K(981504K), 0.0041784 secs]
32361.542: [GC (Allocation Failure)  301662K->8734K(973824K), 0.0041946 secs]
32361.842: [GC (Allocation Failure)  293918K->8798K(1031168K), 0.0038395 secs]
32362.230: [GC (Allocation Failure)  351326K->8830K(1099776K), 0.0047226 secs]
32362.669: [GC (Allocation Failure)  419966K->8766K(1182208K), 0.0038484 secs]
32363.190: [GC (Allocation Failure)  502334K->8798K(1166336K), 0.0034456 secs]
32363.726: [GC (Allocation Failure)  486494K->8766K(1150976K), 0.0032093 secs]
32364.393: [GC (Allocation Failure)  471102K->8766K(1136640K), 0.0034333 secs]
32364.860: [GC (Allocation Failure)  456766K->8766K(1122816K), 0.0030267 secs]
32365.331: [GC (Allocation Failure)  442942K->8766K(1109504K), 0.0033754 secs]
32365.770: [GC (Allocation Failure)  429630K->8766K(1096704K), 0.0042282 secs]
32366.224: [GC (Allocation Failure)  416830K->8766K(1084416K), 0.0151116 secs]
32366.670: [GC (Allocation Failure)  404542K->8766K(1072640K), 0.0041615 secs]
32367.078: [GC (Allocation Failure)  392766K->8734K(1061376K), 0.0035359 secs]
32367.481: [GC (Allocation Failure)  381470K->8766K(1050624K), 0.0041866 secs]
32367.865: [GC (Allocation Failure)  370750K->8766K(1040384K), 0.0033280 secs]
32368.237: [GC (Allocation Failure)  360510K->8766K(1030656K), 0.0038920 secs]
32368.594: [GC (Allocation Failure)  350782K->8798K(1020928K), 0.0037064 secs]
32368.941: [GC (Allocation Failure)  341086K->8766K(1011712K), 0.0034304 secs]
32369.281: [GC (Allocation Failure)  331838K->8734K(1003008K), 0.0041715 secs]
32369.611: [GC (Allocation Failure)  323102K->8766K(1065984K), 0.0035470 secs]
32370.004: [GC (Allocation Failure)  386110K->8766K(1141760K), 0.0044139 secs]
32370.506: [GC (Allocation Failure)  461886K->8734K(1127424K), 0.0035608 secs]
32370.964: [GC (Allocation Failure)  447518K->8734K(1114112K), 0.0041872 secs]
32371.715: [GC (Allocation Failure)  434206K->8766K(1101312K), 0.0039767 secs]
32372.171: [GC (Allocation Failure)  421438K->8734K(1089024K), 0.0038900 secs]
32372.604: [GC (Allocation Failure)  409118K->8766K(1077248K), 0.0038757 secs]
32373.010: [GC (Allocation Failure)  397374K->8766K(1065984K), 0.0039287 secs]
32373.405: [GC (Allocation Failure)  386110K->8766K(1055232K), 0.0033970 secs]
32373.820: [GC (Allocation Failure)  375358K->8734K(1044480K), 0.0038180 secs]
32374.221: [GC (Allocation Failure)  364574K->8766K(1034240K), 0.0037281 secs]
32374.609: [GC (Allocation Failure)  354366K->8798K(1024512K), 0.0042920 secs]
32374.960: [GC (Allocation Failure)  344670K->8766K(1015296K), 0.0041272 secs]
32375.301: [GC (Allocation Failure)  335422K->8766K(1006592K), 0.0036231 secs]
32375.633: [GC (Allocation Failure)  326718K->8734K(1070592K), 0.0037526 secs]
32376.052: [GC (Allocation Failure)  390686K->8766K(1059328K), 0.0036882 secs]
32376.439: [GC (Allocation Failure)  379454K->8766K(1133568K), 0.0051591 secs]
32376.911: [GC (Allocation Failure)  453694K->8766K(1222656K), 0.0043794 secs]
32377.505: [GC (Allocation Failure)  542782K->8766K(1204736K), 0.0043896 secs]
32378.046: [GC (Allocation Failure)  524862K->8766K(1187840K), 0.0030063 secs]
32378.563: [GC (Allocation Failure)  507966K->8734K(1171456K), 0.0037795 secs]
32379.071: [GC (Allocation Failure)  491550K->8766K(1156096K), 0.0040574 secs]
32379.557: [GC (Allocation Failure)  476222K->8798K(1141248K), 0.0040464 secs]
32380.054: [GC (Allocation Failure)  461406K->8766K(1126912K), 0.0035070 secs]
32380.509: [GC (Allocation Failure)  447038K->8766K(1113600K), 0.0039421 secs]
32380.955: [GC (Allocation Failure)  433726K->8798K(1100800K), 0.0036920 secs]
32381.381: [GC (Allocation Failure)  420958K->8766K(1088512K), 0.0034654 secs]
32381.798: [GC (Allocation Failure)  408638K->8766K(1076736K), 0.0036302 secs]
32382.379: [GC (Allocation Failure)  396862K->8766K(1065472K), 0.0042277 secs]
32382.803: [GC (Allocation Failure)  385598K->8766K(1054720K), 0.0032545 secs]
32383.217: [GC (Allocation Failure)  374846K->8830K(1044480K), 0.0025359 secs]
32383.616: [GC (Allocation Failure)  364670K->8798K(1034240K), 0.0030753 secs]
32384.045: [GC (Allocation Failure)  354398K->8734K(1024512K), 0.0035489 secs]
32384.433: [GC (Allocation Failure)  344606K->8798K(1015296K), 0.0038291 secs]
32384.796: [GC (Allocation Failure)  335454K->8766K(1006592K), 0.0036798 secs]
32385.129: [GC (Allocation Failure)  326718K->8734K(997888K), 0.0039800 secs]
32385.454: [GC (Allocation Failure)  317982K->8766K(989696K), 0.0030785 secs]
32385.771: [GC (Allocation Failure)  309822K->8766K(982016K), 0.0039107 secs]
32386.079: [GC (Allocation Failure)  302142K->8734K(1040896K), 0.0035903 secs]
32386.449: [GC (Allocation Failure)  360990K->8766K(1111552K), 0.0041526 secs]
32386.894: [GC (Allocation Failure)  431678K->8766K(1098752K), 0.0036762 secs]
32387.324: [GC (Allocation Failure)  418878K->8798K(1086464K), 0.0033590 secs]
32387.740: [GC (Allocation Failure)  406622K->8798K(1074688K), 0.0041586 secs]
32388.395: [GC (Allocation Failure)  394846K->8734K(1063424K), 0.0039962 secs]
32388.808: [GC (Allocation Failure)  383518K->8798K(1052672K), 0.0042533 secs]
32389.191: [GC (Allocation Failure)  372830K->8734K(1125888K), 0.0060551 secs]
32389.653: [GC (Allocation Failure)  445982K->8766K(1213440K), 0.0039134 secs]
32390.389: [GC (Allocation Failure)  533566K->8798K(1196032K), 0.0044226 secs]
32390.912: [GC (Allocation Failure)  516190K->8798K(1179648K), 0.0030965 secs]
32391.415: [GC (Allocation Failure)  499806K->8766K(1163776K), 0.0030906 secs]
32391.906: [GC (Allocation Failure)  483902K->8766K(1148416K), 0.0032781 secs]
32392.410: [GC (Allocation Failure)  468542K->8766K(1134080K), 0.0051822 secs]
32392.894: [GC (Allocation Failure)  454206K->8734K(1120256K), 0.0030930 secs]
32393.362: [GC (Allocation Failure)  440350K->8734K(1106944K), 0.0035366 secs]
32393.796: [GC (Allocation Failure)  427038K->8766K(1094144K), 0.0039592 secs]
32394.426: [GC (Allocation Failure)  414270K->8766K(1081856K), 0.0036264 secs]
32394.835: [GC (Allocation Failure)  401982K->8766K(1070080K), 0.0041755 secs]
32395.233: [GC (Allocation Failure)  390206K->8734K(1058816K), 0.0036456 secs]
32395.640: [GC (Allocation Failure)  378910K->8766K(1048064K), 0.0041061 secs]
32396.036: [GC (Allocation Failure)  368190K->8830K(1037824K), 0.0043415 secs]
32396.423: [GC (Allocation Failure)  358014K->8734K(1028096K), 0.0043724 secs]
32396.778: [GC (Allocation Failure)  348190K->8734K(1018880K), 0.0027793 secs]
32397.142: [GC (Allocation Failure)  338974K->8766K(1009664K), 0.0043276 secs]
32397.476: [GC (Allocation Failure)  329790K->8798K(1000960K), 0.0035623 secs]
32397.796: [GC (Allocation Failure)  321118K->8766K(1063424K), 0.0037422 secs]
32398.194: [GC (Allocation Failure)  383550K->8734K(1052672K), 0.0034561 secs]
32398.568: [GC (Allocation Failure)  372766K->8798K(1042432K), 0.0040422 secs]
32398.936: [GC (Allocation Failure)  362590K->8766K(1113600K), 0.0054261 secs]
32399.514: [GC (Allocation Failure)  433726K->8766K(1198592K), 0.0044979 secs]
32400.070: [GC (Allocation Failure)  518718K->8766K(1181696K), 0.0043750 secs]
32400.795: [GC (Allocation Failure)  501822K->8734K(1280512K), 0.0094914 secs]
32401.432: [GC (Allocation Failure)  600606K->8766K(1399296K), 0.0070030 secs]
32402.194: [GC (Allocation Failure)  719422K->8734K(1373696K), 0.0046558 secs]
32402.941: [GC (Allocation Failure)  693790K->8766K(1349120K), 0.0058939 secs]
32403.629: [GC (Allocation Failure)  669246K->8798K(1325568K), 0.0037566 secs]
32404.493: [GC (Allocation Failure)  645726K->8766K(1303040K), 0.0044680 secs]
32405.139: [GC (Allocation Failure)  623166K->8734K(1281536K), 0.0045202 secs]
32405.759: [GC (Allocation Failure)  601630K->8734K(1261056K), 0.0035773 secs]
32406.355: [GC (Allocation Failure)  581150K->8766K(1241600K), 0.0063647 secs]
32406.932: [GC (Allocation Failure)  561726K->8734K(1223168K), 0.0038700 secs]
32407.488: [GC (Allocation Failure)  543262K->8798K(1205248K), 0.0062856 secs]
32408.030: [GC (Allocation Failure)  525406K->8798K(1188352K), 0.0041194 secs]
32408.543: [GC (Allocation Failure)  508510K->8766K(1171968K), 0.0043842 secs]
32409.050: [GC (Allocation Failure)  492094K->8766K(1156608K), 0.0037590 secs]
32409.547: [GC (Allocation Failure)  476734K->8798K(1141760K), 0.0045063 secs]
32410.019: [GC (Allocation Failure)  461918K->8766K(1127424K), 0.0036350 secs]
32410.474: [GC (Allocation Failure)  447550K->8734K(1114112K), 0.0035824 secs]
32410.911: [GC (Allocation Failure)  434206K->8734K(1101312K), 0.0042764 secs]
32411.335: [GC (Allocation Failure)  421406K->8734K(1089024K), 0.0041288 secs]
32411.765: [GC (Allocation Failure)  409118K->8798K(1077248K), 0.0038109 secs]
32412.171: [GC (Allocation Failure)  397406K->8734K(1065984K), 0.0038220 secs]
32412.558: [GC (Allocation Failure)  386078K->8766K(1055232K), 0.0034214 secs]
32412.935: [GC (Allocation Failure)  375358K->8766K(1044480K), 0.0046252 secs]
32413.304: [GC (Allocation Failure)  364606K->8766K(1034240K), 0.0032193 secs]
32413.663: [GC (Allocation Failure)  354366K->8766K(1103360K), 0.0051180 secs]
32414.099: [GC (Allocation Failure)  423486K->8734K(1091072K), 0.0037108 secs]
32414.538: [GC (Allocation Failure)  411166K->8798K(1079296K), 0.0035381 secs]
32414.942: [GC (Allocation Failure)  399454K->8702K(1068032K), 0.0035330 secs]
32415.333: [GC (Allocation Failure)  388094K->8734K(1056768K), 0.0032403 secs]
32415.711: [GC (Allocation Failure)  376862K->8734K(1046016K), 0.0048445 secs]
32416.077: [GC (Allocation Failure)  366110K->8766K(1035776K), 0.0032860 secs]
32416.438: [GC (Allocation Failure)  355902K->8798K(1026048K), 0.0036290 secs]
32416.783: [GC (Allocation Failure)  346206K->8766K(1016832K), 0.0039660 secs]
32417.117: [GC (Allocation Failure)  336958K->8798K(1082880K), 0.0035724 secs]
32417.726: [GC (Allocation Failure)  403038K->8766K(1071104K), 0.0029277 secs]
32418.123: [GC (Allocation Failure)  391230K->8734K(1059840K), 0.0031424 secs]
32418.720: [GC (Allocation Failure)  379934K->8766K(1049088K), 0.0040945 secs]
32419.096: [GC (Allocation Failure)  369214K->8766K(1038848K), 0.0039628 secs]
32419.466: [GC (Allocation Failure)  358974K->8766K(1029120K), 0.0035392 secs]
32419.839: [GC (Allocation Failure)  349246K->8766K(1019904K), 0.0031963 secs]
32420.187: [GC (Allocation Failure)  340030K->8798K(1010688K), 0.0032973 secs]
32420.544: [GC (Allocation Failure)  330846K->8766K(1001984K), 0.0037360 secs]
32420.872: [GC (Allocation Failure)  322110K->8734K(993792K), 0.0038643 secs]
32421.193: [GC (Allocation Failure)  313886K->8766K(1055232K), 0.0048114 secs]
32421.579: [GC (Allocation Failure)  375358K->8734K(1128960K), 0.0037452 secs]
32422.035: [GC (Allocation Failure)  449054K->8798K(1217024K), 0.0046896 secs]
32422.587: [GC (Allocation Failure)  537182K->8734K(1199616K), 0.0039376 secs]
32423.115: [GC (Allocation Failure)  519710K->8734K(1182720K), 0.0040347 secs]
32423.631: [GC (Allocation Failure)  502814K->8766K(1166848K), 0.0032248 secs]
32424.346: [GC (Allocation Failure)  486974K->8798K(1151488K), 0.0032687 secs]
32424.827: [GC (Allocation Failure)  471646K->8766K(1136640K), 0.0031067 secs]
32425.368: [GC (Allocation Failure)  456766K->8766K(1122816K), 0.0035885 secs]
32425.826: [GC (Allocation Failure)  442942K->8766K(1109504K), 0.0036400 secs]
32426.263: [GC (Allocation Failure)  429630K->8766K(1096704K), 0.0037924 secs]
32426.697: [GC (Allocation Failure)  416830K->8766K(1084416K), 0.0036375 secs]
32427.295: [GC (Allocation Failure)  404542K->8766K(1072640K), 0.0032991 secs]
32427.724: [GC (Allocation Failure)  392766K->8766K(1061376K), 0.0035690 secs]
32428.112: [GC (Allocation Failure)  381502K->8766K(1050624K), 0.0029954 secs]
32428.492: [GC (Allocation Failure)  370750K->8734K(1040384K), 0.0035563 secs]
32428.887: [GC (Allocation Failure)  360478K->8734K(1030656K), 0.0034158 secs]
32429.246: [GC (Allocation Failure)  350750K->8734K(1020928K), 0.0034937 secs]
32429.596: [GC (Allocation Failure)  341022K->8798K(1011712K), 0.0032155 secs]
32429.934: [GC (Allocation Failure)  331870K->8766K(1003008K), 0.0029264 secs]
32430.497: [GC (Allocation Failure)  323134K->8734K(994816K), 0.0040040 secs]
32430.826: [GC (Allocation Failure)  314910K->8766K(986624K), 0.0038013 secs]
32431.142: [GC (Allocation Failure)  306750K->8766K(978944K), 0.0030933 secs]
32431.449: [GC (Allocation Failure)  299070K->8766K(971264K), 0.0040472 secs]
32431.753: [GC (Allocation Failure)  291390K->8734K(1028096K), 0.0035117 secs]
32432.109: [GC (Allocation Failure)  348190K->8766K(1018880K), 0.0028723 secs]
32432.455: [GC (Allocation Failure)  339006K->8734K(1009664K), 0.0037248 secs]
32432.791: [GC (Allocation Failure)  329758K->8734K(1000960K), 0.0032941 secs]
32433.133: [GC (Allocation Failure)  321054K->8766K(992768K), 0.0031177 secs]
32433.679: [GC (Allocation Failure)  312894K->8734K(984576K), 0.0041354 secs]
32434.001: [GC (Allocation Failure)  304670K->8766K(976896K), 0.0034013 secs]
32434.304: [GC (Allocation Failure)  297022K->8766K(1034752K), 0.0041544 secs]
32434.666: [GC (Allocation Failure)  354878K->8766K(1104384K), 0.0034677 secs]
32435.103: [GC (Allocation Failure)  424510K->8798K(1091584K), 0.0027141 secs]
32435.548: [GC (Allocation Failure)  411742K->8702K(1079808K), 0.0033764 secs]
32435.955: [GC (Allocation Failure)  399870K->8766K(1068032K), 0.0039066 secs]
32436.456: [GC (Allocation Failure)  388158K->8766K(1056768K), 0.0032868 secs]
32436.864: [GC (Allocation Failure)  376894K->8734K(1046016K), 0.0036371 secs]
32437.246: [GC (Allocation Failure)  366110K->8766K(1035776K), 0.0032132 secs]
32437.611: [GC (Allocation Failure)  355902K->8734K(1026048K), 0.0036881 secs]
32438.153: [GC (Allocation Failure)  346142K->8798K(1016832K), 0.0036325 secs]
32438.509: [GC (Allocation Failure)  336990K->8766K(1008128K), 0.0026468 secs]
32438.841: [GC (Allocation Failure)  328254K->8766K(999424K), 0.0036667 secs]
32439.185: [GC (Allocation Failure)  319550K->8734K(991232K), 0.0037068 secs]
32439.503: [GC (Allocation Failure)  311326K->8766K(983552K), 0.0032843 secs]
32439.815: [GC (Allocation Failure)  303678K->8798K(975872K), 0.0032845 secs]
32440.119: [GC (Allocation Failure)  296030K->8766K(1033728K), 0.0036263 secs]
32440.480: [GC (Allocation Failure)  353854K->8766K(1102848K), 0.0042976 secs]
32440.930: [GC (Allocation Failure)  422974K->8734K(1090560K), 0.0035120 secs]
32441.346: [GC (Allocation Failure)  410654K->8766K(1078784K), 0.0033598 secs]
32441.753: [GC (Allocation Failure)  398910K->8766K(1067520K), 0.0029964 secs]
32442.166: [GC (Allocation Failure)  387646K->8766K(1056256K), 0.0032169 secs]
32442.549: [GC (Allocation Failure)  376382K->8766K(1045504K), 0.0044534 secs]
32442.927: [GC (Allocation Failure)  365630K->8734K(1035264K), 0.0031900 secs]
32443.289: [GC (Allocation Failure)  355358K->8766K(1025536K), 0.0032399 secs]
32443.640: [GC (Allocation Failure)  345662K->8798K(1093120K), 0.0048050 secs]
32444.064: [GC (Allocation Failure)  413278K->8798K(1080832K), 0.0034543 secs]
32444.655: [GC (Allocation Failure)  400990K->8766K(1069056K), 0.0031996 secs]
32445.049: [GC (Allocation Failure)  389182K->8734K(1057792K), 0.0035312 secs]
32445.432: [GC (Allocation Failure)  377886K->8766K(1047040K), 0.0031608 secs]
32445.914: [GC (Allocation Failure)  367166K->8766K(1036800K), 0.0033673 secs]
32446.275: [GC (Allocation Failure)  356926K->8734K(1027072K), 0.0042434 secs]
32446.646: [GC (Allocation Failure)  347166K->8766K(1017856K), 0.0037107 secs]
32447.007: [GC (Allocation Failure)  337982K->8702K(1008640K), 0.0046007 secs]
32447.344: [GC (Allocation Failure)  328702K->8734K(1072640K), 0.0036608 secs]
32447.744: [GC (Allocation Failure)  392734K->8734K(1061376K), 0.0034284 secs]
32448.134: [GC (Allocation Failure)  381470K->8766K(1136128K), 0.0046899 secs]
32448.598: [GC (Allocation Failure)  456254K->8766K(1122304K), 0.0039252 secs]
32449.049: [GC (Allocation Failure)  442430K->8766K(1108992K), 0.0030446 secs]
32449.485: [GC (Allocation Failure)  429118K->8734K(1096192K), 0.0041350 secs]
32449.914: [GC (Allocation Failure)  416286K->8798K(1083904K), 0.0028886 secs]
32450.322: [GC (Allocation Failure)  404062K->8702K(1072128K), 0.0033665 secs]
32450.722: [GC (Allocation Failure)  392190K->8798K(1060864K), 0.0036472 secs]
32451.144: [GC (Allocation Failure)  381022K->8734K(1050112K), 0.0040036 secs]
32451.533: [GC (Allocation Failure)  370206K->8766K(1039872K), 0.0038360 secs]
32451.902: [GC (Allocation Failure)  359998K->8734K(1030144K), 0.0034849 secs]
32452.261: [GC (Allocation Failure)  350238K->8766K(1020928K), 0.0043858 secs]
32452.608: [GC (Allocation Failure)  341054K->8766K(1087488K), 0.0043312 secs]
32453.040: [GC (Allocation Failure)  407614K->8798K(1075712K), 0.0030044 secs]
32453.445: [GC (Allocation Failure)  395870K->8766K(1064448K), 0.0034012 secs]
32453.836: [GC (Allocation Failure)  384574K->8766K(1053696K), 0.0033876 secs]
32454.216: [GC (Allocation Failure)  373822K->8766K(1043456K), 0.0033954 secs]
32454.587: [GC (Allocation Failure)  363582K->8734K(1033216K), 0.0030532 secs]
32454.947: [GC (Allocation Failure)  353310K->8798K(1023488K), 0.0032637 secs]
32455.299: [GC (Allocation Failure)  343646K->8766K(1014272K), 0.0037509 secs]
32455.846: [GC (Allocation Failure)  334398K->8766K(1005568K), 0.0039311 secs]
32456.221: [GC (Allocation Failure)  325694K->8766K(996864K), 0.0040600 secs]
32456.563: [GC (Allocation Failure)  316990K->8766K(988672K), 0.0039984 secs]
32456.880: [GC (Allocation Failure)  308798K->8766K(980992K), 0.0033502 secs]
32457.187: [GC (Allocation Failure)  301118K->8766K(1039872K), 0.0034966 secs]
32457.556: [GC (Allocation Failure)  359998K->8766K(1110528K), 0.0039718 secs]
32457.996: [GC (Allocation Failure)  430654K->8766K(1195008K), 0.0045429 secs]
32458.769: [GC (Allocation Failure)  515134K->8734K(1178624K), 0.0055042 secs]
32459.302: [GC (Allocation Failure)  498718K->8766K(1162752K), 0.0037901 secs]
32459.820: [GC (Allocation Failure)  482878K->8766K(1147904K), 0.0053690 secs]
32460.324: [GC (Allocation Failure)  468030K->8766K(1133568K), 0.0036566 secs]
32460.796: [GC (Allocation Failure)  453694K->8766K(1119744K), 0.0045106 secs]
32461.256: [GC (Allocation Failure)  439870K->8766K(1106432K), 0.0050862 secs]
32461.793: [GC (Allocation Failure)  426558K->8734K(1093632K), 0.0035643 secs]
32462.239: [GC (Allocation Failure)  413726K->8766K(1081344K), 0.0033204 secs]
32462.650: [GC (Allocation Failure)  401470K->8734K(1069568K), 0.0041905 secs]
32463.055: [GC (Allocation Failure)  389662K->8798K(1058304K), 0.0030609 secs]
32463.670: [GC (Allocation Failure)  378462K->8766K(1047552K), 0.0037791 secs]
32464.068: [GC (Allocation Failure)  367678K->8766K(1037312K), 0.0038490 secs]
32464.445: [GC (Allocation Failure)  357438K->8766K(1027584K), 0.0032624 secs]
32464.797: [GC (Allocation Failure)  347710K->8734K(1018368K), 0.0043139 secs]
32465.155: [GC (Allocation Failure)  338462K->8766K(1009152K), 0.0045056 secs]
32465.578: [GC (Allocation Failure)  329278K->8766K(1000448K), 0.0033635 secs]
32465.901: [GC (Allocation Failure)  320574K->8734K(1062912K), 0.0039396 secs]
32466.291: [GC (Allocation Failure)  383006K->8766K(1052160K), 0.0031053 secs]
32466.713: [GC (Allocation Failure)  372286K->8734K(1041920K), 0.0034388 secs]
32467.319: [GC (Allocation Failure)  362014K->8766K(1032192K), 0.0036963 secs]
32467.676: [GC (Allocation Failure)  352318K->8766K(1022464K), 0.0031446 secs]
32468.227: [GC (Allocation Failure)  342590K->8734K(1013248K), 0.0031067 secs]
32468.566: [GC (Allocation Failure)  333342K->8798K(1004544K), 0.0031561 secs]
32468.929: [GC (Allocation Failure)  324702K->8766K(996352K), 0.0029875 secs]
32469.248: [GC (Allocation Failure)  316478K->8766K(988160K), 0.0033904 secs]
32469.560: [GC (Allocation Failure)  308286K->8766K(980480K), 0.0032119 secs]
32469.863: [GC (Allocation Failure)  300606K->8734K(972800K), 0.0037266 secs]
32470.184: [GC (Allocation Failure)  292894K->8734K(965632K), 0.0033930 secs]
32470.477: [GC (Allocation Failure)  285726K->8798K(1021440K), 0.0046006 secs]
32471.033: [GC (Allocation Failure)  341598K->8734K(1088000K), 0.0040245 secs]
32471.450: [GC (Allocation Failure)  408094K->8798K(1076224K), 0.0039616 secs]
32471.881: [GC (Allocation Failure)  396382K->8734K(1064960K), 0.0038843 secs]
32472.296: [GC (Allocation Failure)  385054K->8734K(1054208K), 0.0037357 secs]
32472.676: [GC (Allocation Failure)  374302K->8766K(1043968K), 0.0031875 secs]
32473.076: [GC (Allocation Failure)  364094K->8734K(1033728K), 0.0041397 secs]
32473.447: [GC (Allocation Failure)  353822K->8734K(1102848K), 0.0049044 secs]
32474.068: [GC (Allocation Failure)  422942K->8766K(1090560K), 0.0037485 secs]
32474.499: [GC (Allocation Failure)  410686K->8798K(1078784K), 0.0033458 secs]
32475.055: [GC (Allocation Failure)  398942K->8766K(1067520K), 0.0036225 secs]
32475.486: [GC (Allocation Failure)  387646K->8798K(1056256K), 0.0033220 secs]
32475.867: [GC (Allocation Failure)  376414K->8734K(1045504K), 0.0032696 secs]
32476.242: [GC (Allocation Failure)  365598K->8798K(1035264K), 0.0032644 secs]
32476.602: [GC (Allocation Failure)  355422K->8734K(1025536K), 0.0039437 secs]
32476.973: [GC (Allocation Failure)  345630K->8734K(1016320K), 0.0047696 secs]
32477.339: [GC (Allocation Failure)  336414K->8734K(1081856K), 0.0043256 secs]
32477.765: [GC (Allocation Failure)  401950K->8798K(1070080K), 0.0034090 secs]
32478.174: [GC (Allocation Failure)  390238K->8766K(1058816K), 0.0030744 secs]
32478.574: [GC (Allocation Failure)  378942K->8798K(1048064K), 0.0039590 secs]
32478.944: [GC (Allocation Failure)  368222K->8766K(1037824K), 0.0035153 secs]
32479.302: [GC (Allocation Failure)  357950K->8734K(1028096K), 0.0034277 secs]
32479.650: [GC (Allocation Failure)  348190K->8798K(1018880K), 0.0033297 secs]
32479.999: [GC (Allocation Failure)  339038K->8766K(1009664K), 0.0032708 secs]
32480.333: [GC (Allocation Failure)  329790K->8798K(1074176K), 0.0042214 secs]
32480.743: [GC (Allocation Failure)  394334K->8766K(1062912K), 0.0032139 secs]
32481.337: [GC (Allocation Failure)  383038K->8734K(1052160K), 0.0043642 secs]
32481.716: [GC (Allocation Failure)  372254K->8766K(1041920K), 0.0035563 secs]
32482.142: [GC (Allocation Failure)  362046K->8734K(1032192K), 0.0036029 secs]
32482.498: [GC (Allocation Failure)  352286K->8734K(1022464K), 0.0033923 secs]
32482.844: [GC (Allocation Failure)  342558K->8766K(1013248K), 0.0033462 secs]
32483.199: [GC (Allocation Failure)  333374K->8766K(1004544K), 0.0032715 secs]
32483.891: [GC (Allocation Failure)  324670K->8766K(996352K), 0.0033069 secs]
32484.216: [GC (Allocation Failure)  316478K->8734K(988160K), 0.0045277 secs]
32484.533: [GC (Allocation Failure)  308254K->8798K(1048064K), 0.0045101 secs]
32484.925: [GC (Allocation Failure)  368222K->8798K(1120256K), 0.0060861 secs]
32485.374: [GC (Allocation Failure)  440414K->8734K(1206784K), 0.0060626 secs]
32485.929: [GC (Allocation Failure)  526878K->8766K(1310720K), 0.0045670 secs]
32486.605: [GC (Allocation Failure)  630846K->8766K(1289216K), 0.0043353 secs]
32487.224: [GC (Allocation Failure)  609342K->8766K(1268224K), 0.0045950 secs]
32487.825: [GC (Allocation Failure)  588350K->8766K(1248256K), 0.0031510 secs]
32488.402: [GC (Allocation Failure)  568382K->8798K(1229312K), 0.0032214 secs]
32488.979: [GC (Allocation Failure)  549470K->8734K(1211392K), 0.0040238 secs]
32489.551: [GC (Allocation Failure)  531486K->8734K(1193984K), 0.0036172 secs]
32490.198: [GC (Allocation Failure)  514078K->8702K(1177600K), 0.0040853 secs]
32490.894: [GC (Allocation Failure)  497662K->8734K(1161728K), 0.0032506 secs]
32491.386: [GC (Allocation Failure)  481822K->8798K(1146880K), 0.0029376 secs]
32491.877: [GC (Allocation Failure)  467038K->8734K(1132544K), 0.0036307 secs]
32492.344: [GC (Allocation Failure)  452638K->8734K(1118720K), 0.0039201 secs]
32492.835: [GC (Allocation Failure)  438814K->8734K(1105408K), 0.0045320 secs]
32493.437: [GC (Allocation Failure)  425502K->8766K(1092608K), 0.0033774 secs]
32493.867: [GC (Allocation Failure)  412734K->8734K(1080320K), 0.0060236 secs]
32494.298: [GC (Allocation Failure)  400414K->8766K(1068544K), 0.0037753 secs]
32494.719: [GC (Allocation Failure)  388670K->8766K(1057280K), 0.0039782 secs]
32495.107: [GC (Allocation Failure)  377406K->8766K(1046528K), 0.0033741 secs]
32495.661: [GC (Allocation Failure)  366654K->8766K(1036288K), 0.0030733 secs]
32496.051: [GC (Allocation Failure)  356414K->8766K(1026560K), 0.0037206 secs]
32496.412: [GC (Allocation Failure)  346686K->8830K(1017344K), 0.0024056 secs]
32496.985: [GC (Allocation Failure)  337534K->8734K(1008640K), 0.0075414 secs]
32497.346: [GC (Allocation Failure)  328734K->8766K(999936K), 0.0035570 secs]
32497.692: [GC (Allocation Failure)  320062K->8766K(991744K), 0.0035463 secs]
32498.009: [GC (Allocation Failure)  311870K->8766K(984064K), 0.0038548 secs]
32498.341: [GC (Allocation Failure)  304190K->8766K(976384K), 0.0034198 secs]
32498.648: [GC (Allocation Failure)  296510K->8798K(969216K), 0.0030913 secs]
32498.945: [GC (Allocation Failure)  289374K->8734K(1025536K), 0.0035787 secs]
32499.333: [GC (Allocation Failure)  345630K->8766K(1016320K), 0.0034457 secs]
32499.674: [GC (Allocation Failure)  336446K->8734K(1081856K), 0.0037611 secs]
32500.084: [GC (Allocation Failure)  401950K->8766K(1070080K), 0.0035816 secs]
32500.505: [GC (Allocation Failure)  390206K->8734K(1058816K), 0.0039907 secs]
32501.111: [GC (Allocation Failure)  378910K->8766K(1048064K), 0.0042652 secs]
32501.489: [GC (Allocation Failure)  368190K->8734K(1037824K), 0.0039354 secs]
32501.853: [GC (Allocation Failure)  357918K->8734K(1028096K), 0.0034323 secs]
32502.554: [GC (Allocation Failure)  348190K->8766K(1018880K), 0.0047957 secs]
32502.899: [GC (Allocation Failure)  339006K->8734K(1009664K), 0.0038764 secs]
32503.244: [GC (Allocation Failure)  329758K->8766K(1000960K), 0.0039227 secs]
32503.574: [GC (Allocation Failure)  321086K->8766K(992768K), 0.0033818 secs]
32503.891: [GC (Allocation Failure)  312894K->8766K(1053696K), 0.0037064 secs]
32504.273: [GC (Allocation Failure)  373822K->8766K(1043456K), 0.0034366 secs]
32504.644: [GC (Allocation Failure)  363582K->8734K(1033216K), 0.0028102 secs]
32505.005: [GC (Allocation Failure)  353310K->8798K(1102336K), 0.0049822 secs]
32505.445: [GC (Allocation Failure)  422494K->8766K(1090048K), 0.0040825 secs]
32505.944: [GC (Allocation Failure)  410174K->8766K(1078272K), 0.0036093 secs]
32506.348: [GC (Allocation Failure)  398398K->8766K(1067008K), 0.0040536 secs]
32506.747: [GC (Allocation Failure)  387134K->8766K(1056256K), 0.0048623 secs]
32507.329: [GC (Allocation Failure)  376382K->8734K(1045504K), 0.0052013 secs]
32507.703: [GC (Allocation Failure)  365598K->8798K(1035264K), 0.0035367 secs]
32508.063: [GC (Allocation Failure)  355422K->8766K(1025536K), 0.0040556 secs]
32508.438: [GC (Allocation Failure)  345662K->8766K(1016320K), 0.0034822 secs]
32508.949: [GC (Allocation Failure)  336446K->8734K(1007616K), 0.0037849 secs]
32509.280: [GC (Allocation Failure)  327710K->8734K(998912K), 0.0040026 secs]
32509.641: [GC (Allocation Failure)  319006K->8766K(1061376K), 0.0043976 secs]
32510.050: [GC (Allocation Failure)  381502K->8766K(1050624K), 0.0037145 secs]
32510.434: [GC (Allocation Failure)  370750K->8766K(1040384K), 0.0037736 secs]
32510.802: [GC (Allocation Failure)  360510K->8766K(1030656K), 0.0031256 secs]
32511.159: [GC (Allocation Failure)  350782K->8798K(1020928K), 0.0032562 secs]
32511.506: [GC (Allocation Failure)  341086K->8766K(1011712K), 0.0033431 secs]
32511.844: [GC (Allocation Failure)  331838K->8766K(1076736K), 0.0089034 secs]
32512.262: [GC (Allocation Failure)  396862K->8766K(1154560K), 0.0039522 secs]
32512.746: [GC (Allocation Failure)  474686K->8766K(1247744K), 0.0036052 secs]
32513.562: [GC (Allocation Failure)  567870K->8766K(1228800K), 0.0035889 secs]
32514.126: [GC (Allocation Failure)  548926K->8766K(1210880K), 0.0038870 secs]
32514.750: [GC (Allocation Failure)  531006K->8766K(1193472K), 0.0033731 secs]
32515.507: [GC (Allocation Failure)  513598K->8766K(1177088K), 0.0036554 secs]
32516.027: [GC (Allocation Failure)  497214K->8766K(1161216K), 0.0035093 secs]
32516.584: [GC (Allocation Failure)  481342K->8734K(1146368K), 0.0044891 secs]
32517.063: [GC (Allocation Failure)  466462K->8734K(1132032K), 0.0034393 secs]
32517.526: [GC (Allocation Failure)  452126K->8766K(1118208K), 0.0064536 secs]
32517.979: [GC (Allocation Failure)  438334K->8734K(1104896K), 0.0031213 secs]
32518.418: [GC (Allocation Failure)  424990K->8766K(1092096K), 0.0029635 secs]
32518.837: [GC (Allocation Failure)  412222K->8766K(1079808K), 0.0034727 secs]
32519.242: [GC (Allocation Failure)  399934K->8766K(1068032K), 0.0043733 secs]
32519.683: [GC (Allocation Failure)  388158K->8766K(1056768K), 0.0033832 secs]
32520.061: [GC (Allocation Failure)  376894K->8766K(1046016K), 0.0031585 secs]
32520.509: [GC (Allocation Failure)  366142K->8734K(1035776K), 0.0046885 secs]
32520.879: [GC (Allocation Failure)  355870K->8766K(1026048K), 0.0035824 secs]
32521.260: [GC (Allocation Failure)  346174K->8766K(1016832K), 0.0041942 secs]
32521.596: [GC (Allocation Failure)  336958K->8734K(1008128K), 0.0036213 secs]
32521.925: [GC (Allocation Failure)  328222K->8798K(999424K), 0.0030134 secs]
32522.248: [GC (Allocation Failure)  319582K->8766K(991232K), 0.0031479 secs]
32522.562: [GC (Allocation Failure)  311358K->8766K(1052160K), 0.0038508 secs]
32522.982: [GC (Allocation Failure)  372286K->8766K(1041920K), 0.0038911 secs]
32523.349: [GC (Allocation Failure)  362046K->8734K(1112576K), 0.0042080 secs]
32523.792: [GC (Allocation Failure)  432670K->8766K(1099776K), 0.0039407 secs]
32524.231: [GC (Allocation Failure)  419902K->8734K(1182208K), 0.0048632 secs]
32524.753: [GC (Allocation Failure)  502302K->8766K(1166336K), 0.0035576 secs]
32525.259: [GC (Allocation Failure)  486462K->8734K(1150976K), 0.0039793 secs]
32525.954: [GC (Allocation Failure)  471070K->8766K(1136640K), 0.0045172 secs]
32526.421: [GC (Allocation Failure)  456766K->8734K(1122816K), 0.0043448 secs]
32526.902: [GC (Allocation Failure)  442910K->8734K(1109504K), 0.0040891 secs]
32527.344: [GC (Allocation Failure)  429598K->8766K(1096704K), 0.0041649 secs]
32527.768: [GC (Allocation Failure)  416830K->8766K(1084416K), 0.0038544 secs]
32528.218: [GC (Allocation Failure)  404542K->8798K(1072640K), 0.0036825 secs]
32528.626: [GC (Allocation Failure)  392798K->8734K(1061376K), 0.0047007 secs]
32529.017: [GC (Allocation Failure)  381470K->8766K(1050624K), 0.0041157 secs]
32529.620: [GC (Allocation Failure)  370750K->8734K(1040384K), 0.0040649 secs]
32529.990: [GC (Allocation Failure)  360478K->8734K(1030656K), 0.0034579 secs]
32530.346: [GC (Allocation Failure)  350750K->8734K(1020928K), 0.0037929 secs]
32530.719: [GC (Allocation Failure)  341022K->8766K(1011712K), 0.0036008 secs]
32531.054: [GC (Allocation Failure)  331838K->8798K(1003008K), 0.0043323 secs]
32531.386: [GC (Allocation Failure)  323166K->8734K(1065984K), 0.0043025 secs]
32531.794: [GC (Allocation Failure)  386078K->8734K(1141760K), 0.0038139 secs]
32532.288: [GC (Allocation Failure)  461854K->8766K(1232384K), 0.0047635 secs]
32532.889: [GC (Allocation Failure)  552510K->8830K(1213952K), 0.0040229 secs]
32533.464: [GC (Allocation Failure)  534142K->8766K(1196544K), 0.0042153 secs]
32534.224: [GC (Allocation Failure)  516670K->8734K(1180160K), 0.0044929 secs]
32534.750: [GC (Allocation Failure)  500254K->8766K(1164288K), 0.0029887 secs]
32535.240: [GC (Allocation Failure)  484414K->8734K(1148928K), 0.0041244 secs]
32535.724: [GC (Allocation Failure)  469022K->8766K(1134592K), 0.0037849 secs]
32536.388: [GC (Allocation Failure)  454718K->8766K(1120768K), 0.0036490 secs]
32536.837: [GC (Allocation Failure)  440894K->8734K(1107456K), 0.0078347 secs]
32537.276: [GC (Allocation Failure)  427550K->8734K(1094656K), 0.0033341 secs]
32537.698: [GC (Allocation Failure)  414750K->8798K(1082368K), 0.0033562 secs]
32538.290: [GC (Allocation Failure)  402526K->8766K(1070592K), 0.0036472 secs]
32538.679: [GC (Allocation Failure)  390718K->8766K(1059328K), 0.0031175 secs]
32539.091: [GC (Allocation Failure)  379454K->8766K(1048576K), 0.0036325 secs]
32539.662: [GC (Allocation Failure)  368702K->8734K(1038336K), 0.0039088 secs]
32540.023: [GC (Allocation Failure)  358430K->8734K(1028608K), 0.0033247 secs]
32540.373: [GC (Allocation Failure)  348702K->8798K(1019392K), 0.0032608 secs]
32540.800: [GC (Allocation Failure)  339550K->8766K(1010176K), 0.0032215 secs]
32541.169: [GC (Allocation Failure)  330302K->8734K(1001472K), 0.0034125 secs]
32541.492: [GC (Allocation Failure)  321566K->8766K(993280K), 0.0038047 secs]
32541.968: [GC (Allocation Failure)  313406K->8830K(985088K), 0.0028800 secs]
32542.270: [GC (Allocation Failure)  305278K->8766K(977408K), 0.0031952 secs]
32542.568: [GC (Allocation Failure)  297534K->8766K(970240K), 0.0036848 secs]
32542.856: [GC (Allocation Failure)  290366K->8766K(963072K), 0.0024359 secs]
32543.134: [GC (Allocation Failure)  283198K->8766K(956416K), 0.0032901 secs]
32543.406: [GC (Allocation Failure)  276542K->8798K(949760K), 0.0029224 secs]
32543.694: [GC (Allocation Failure)  269918K->8766K(1001984K), 0.0039589 secs]
32544.024: [GC (Allocation Failure)  322110K->8766K(1064960K), 0.0039000 secs]
32544.418: [GC (Allocation Failure)  385086K->8734K(1140224K), 0.0038613 secs]
32544.891: [GC (Allocation Failure)  460318K->8766K(1125888K), 0.0039123 secs]
32545.348: [GC (Allocation Failure)  446014K->8766K(1112576K), 0.0036964 secs]
32546.002: [GC (Allocation Failure)  432702K->8766K(1099776K), 0.0041763 secs]
32546.650: [GC (Allocation Failure)  419902K->8766K(1087488K), 0.0037396 secs]
32547.075: [GC (Allocation Failure)  407614K->8766K(1075712K), 0.0029665 secs]
32547.470: [GC (Allocation Failure)  395838K->8798K(1064448K), 0.0035785 secs]
32547.853: [GC (Allocation Failure)  384606K->8798K(1053696K), 0.0031755 secs]
32548.228: [GC (Allocation Failure)  373854K->8766K(1043456K), 0.0030714 secs]
32548.593: [GC (Allocation Failure)  363582K->8766K(1033216K), 0.0031984 secs]
32548.948: [GC (Allocation Failure)  353342K->8766K(1023488K), 0.0031265 secs]
32549.291: [GC (Allocation Failure)  343614K->8734K(1014272K), 0.0028366 secs]
32549.804: [GC (Allocation Failure)  334366K->8798K(1005568K), 0.0032947 secs]
32550.134: [GC (Allocation Failure)  325726K->8766K(996864K), 0.0032775 secs]
32550.457: [GC (Allocation Failure)  316990K->8734K(988672K), 0.0025567 secs]
32550.806: [GC (Allocation Failure)  308766K->8734K(980992K), 0.0042197 secs]
32551.125: [GC (Allocation Failure)  301086K->8766K(1039872K), 0.1334987 secs]
32551.625: [GC (Allocation Failure)  359998K->8766K(1110528K), 0.0033952 secs]
32552.070: [GC (Allocation Failure)  430654K->8766K(1195008K), 0.0041531 secs]
32552.596: [GC (Allocation Failure)  515134K->8702K(1178624K), 0.0029305 secs]
32553.119: [GC (Allocation Failure)  498686K->8766K(1162752K), 0.0034360 secs]
32553.609: [GC (Allocation Failure)  482878K->8830K(1147904K), 0.0045280 secs]
32554.121: [GC (Allocation Failure)  468094K->8798K(1133568K), 0.0035962 secs]
32554.597: [GC (Allocation Failure)  453726K->8766K(1119744K), 0.0044607 secs]
32555.074: [GC (Allocation Failure)  439870K->8766K(1106432K), 0.0031053 secs]
32555.510: [GC (Allocation Failure)  426558K->8798K(1093632K), 0.0039029 secs]
32555.933: [GC (Allocation Failure)  413790K->8766K(1081344K), 0.0037273 secs]
32556.342: [GC (Allocation Failure)  401470K->8830K(1069568K), 0.0040408 secs]
32556.763: [GC (Allocation Failure)  389758K->8766K(1058304K), 0.0049012 secs]
32557.168: [GC (Allocation Failure)  378430K->8766K(1047552K), 0.0037838 secs]
32557.558: [GC (Allocation Failure)  367678K->8798K(1037312K), 0.0039658 secs]
32557.935: [GC (Allocation Failure)  357470K->8766K(1027584K), 0.0032194 secs]
32558.491: [GC (Allocation Failure)  347710K->8798K(1018368K), 0.0031990 secs]
32558.836: [GC (Allocation Failure)  338526K->8734K(1009152K), 0.0040413 secs]
32559.178: [GC (Allocation Failure)  329246K->8734K(1000448K), 0.0037288 secs]
32559.515: [GC (Allocation Failure)  320542K->8766K(992256K), 0.0037708 secs]
32559.843: [GC (Allocation Failure)  312382K->8830K(1053184K), 0.0056163 secs]
32560.222: [GC (Allocation Failure)  373374K->8798K(1126400K), 0.0046298 secs]
32560.684: [GC (Allocation Failure)  446558K->8766K(1213952K), 0.0044680 secs]
32561.253: [GC (Allocation Failure)  534078K->8766K(1319424K), 0.0044724 secs]
32561.943: [GC (Allocation Failure)  639550K->8734K(1297408K), 0.0047302 secs]
32562.600: [GC (Allocation Failure)  617502K->8798K(1276416K), 0.0033964 secs]
32563.435: [GC (Allocation Failure)  596574K->8798K(1256448K), 0.0029190 secs]
32564.023: [GC (Allocation Failure)  576606K->8766K(1236992K), 0.0033732 secs]
32564.626: [GC (Allocation Failure)  557118K->8830K(1218560K), 0.0029814 secs]
32565.192: [GC (Allocation Failure)  538750K->8798K(1201152K), 0.0035617 secs]
32565.746: [GC (Allocation Failure)  521310K->8734K(1184256K), 0.0030889 secs]
32566.260: [GC (Allocation Failure)  504350K->8734K(1168384K), 0.0028790 secs]
32566.759: [GC (Allocation Failure)  488478K->8766K(1153024K), 0.0035442 secs]
32567.240: [GC (Allocation Failure)  473150K->8798K(1138176K), 0.0037344 secs]
32567.744: [GC (Allocation Failure)  458334K->8766K(1124352K), 0.0036687 secs]
32568.198: [GC (Allocation Failure)  444478K->8702K(1111040K), 0.0040453 secs]
32568.656: [GC (Allocation Failure)  431102K->8734K(1098240K), 0.0031428 secs]
32569.181: [GC (Allocation Failure)  418334K->8766K(1085952K), 0.0049867 secs]
32569.595: [GC (Allocation Failure)  406078K->8766K(1074176K), 0.0039197 secs]
32570.016: [GC (Allocation Failure)  394302K->8766K(1062912K), 0.0042904 secs]
32570.406: [GC (Allocation Failure)  383038K->8798K(1052160K), 0.0036216 secs]
32570.783: [GC (Allocation Failure)  372318K->8766K(1041920K), 0.0039751 secs]
32571.347: [GC (Allocation Failure)  362046K->8766K(1032192K), 0.0049309 secs]
32571.777: [GC (Allocation Failure)  352318K->8734K(1022464K), 0.0047412 secs]
32572.164: [GC (Allocation Failure)  342558K->8734K(1089536K), 0.0054483 secs]
32572.581: [GC (Allocation Failure)  409630K->8734K(1077760K), 0.0035040 secs]
32572.979: [GC (Allocation Failure)  397854K->8798K(1066496K), 0.0029519 secs]
32573.371: [GC (Allocation Failure)  386654K->8766K(1055744K), 0.0037967 secs]
32573.749: [GC (Allocation Failure)  375870K->8766K(1044992K), 0.0045242 secs]
32574.133: [GC (Allocation Failure)  365118K->8766K(1034752K), 0.0036449 secs]
32574.503: [GC (Allocation Failure)  354878K->8766K(1025024K), 0.0036995 secs]
32574.862: [GC (Allocation Failure)  345150K->8734K(1015808K), 0.0033552 secs]
32575.205: [GC (Allocation Failure)  335902K->8734K(1007104K), 0.0036045 secs]
32575.536: [GC (Allocation Failure)  327198K->8734K(1071104K), 0.0044301 secs]
32575.947: [GC (Allocation Failure)  391198K->8734K(1147904K), 0.0039822 secs]
32576.425: [GC (Allocation Failure)  467998K->8734K(1133568K), 0.0042125 secs]
32576.908: [GC (Allocation Failure)  453662K->8734K(1119744K), 0.0041720 secs]
32577.356: [GC (Allocation Failure)  439838K->8766K(1106432K), 0.0038159 secs]
32577.798: [GC (Allocation Failure)  426558K->8798K(1093632K), 0.0043836 secs]
32578.255: [GC (Allocation Failure)  413790K->8798K(1081344K), 0.0040064 secs]
32578.667: [GC (Allocation Failure)  401502K->8734K(1069568K), 0.0031462 secs]
32579.067: [GC (Allocation Failure)  389662K->8766K(1058304K), 0.0029196 secs]
32579.452: [GC (Allocation Failure)  378430K->8766K(1047552K), 0.0034519 secs]
32579.847: [GC (Allocation Failure)  367678K->8798K(1037312K), 0.0045307 secs]
32580.221: [GC (Allocation Failure)  357470K->8766K(1027584K), 0.0035909 secs]
32580.568: [GC (Allocation Failure)  347710K->8798K(1018368K), 0.0042566 secs]
32580.929: [GC (Allocation Failure)  338526K->8734K(1084416K), 0.0042059 secs]
32581.341: [GC (Allocation Failure)  404510K->8766K(1072640K), 0.0038251 secs]
32581.743: [GC (Allocation Failure)  392766K->8766K(1061376K), 0.0035990 secs]
32582.126: [GC (Allocation Failure)  381502K->8734K(1050624K), 0.0147779 secs]
32582.521: [GC (Allocation Failure)  370718K->8734K(1040384K), 0.0034843 secs]
32582.880: [GC (Allocation Failure)  360478K->8798K(1030656K), 0.0043350 secs]
32583.259: [GC (Allocation Failure)  350814K->8766K(1020928K), 0.0032565 secs]
32583.599: [GC (Allocation Failure)  341054K->8766K(1011712K), 0.0037790 secs]
32583.939: [GC (Allocation Failure)  331838K->8766K(1003008K), 0.0033606 secs]
32584.271: [GC (Allocation Failure)  323134K->8766K(994816K), 0.0036864 secs]
32584.802: [GC (Allocation Failure)  314942K->8734K(986624K), 0.0034523 secs]
32585.111: [GC (Allocation Failure)  306718K->8734K(978944K), 0.0034796 secs]
32585.413: [GC (Allocation Failure)  299038K->8734K(971264K), 0.0033224 secs]
32585.931: [GC (Allocation Failure)  291358K->8766K(964096K), 0.0039822 secs]
32586.233: [GC (Allocation Failure)  284222K->8734K(957440K), 0.0036219 secs]
32586.514: [GC (Allocation Failure)  277534K->8734K(1011200K), 0.0037183 secs]
32586.875: [GC (Allocation Failure)  331294K->8766K(1075712K), 0.0033120 secs]
32587.555: [GC (Allocation Failure)  395838K->8734K(1064448K), 0.0037878 secs]
32587.945: [GC (Allocation Failure)  384542K->8766K(1053696K), 0.0038297 secs]
32588.360: [GC (Allocation Failure)  373822K->8766K(1043456K), 0.0037938 secs]
32588.727: [GC (Allocation Failure)  363582K->8798K(1033216K), 0.0031183 secs]
32589.085: [GC (Allocation Failure)  353374K->8798K(1023488K), 0.0035801 secs]
32589.434: [GC (Allocation Failure)  343646K->8766K(1014272K), 0.0037088 secs]
32589.788: [GC (Allocation Failure)  334398K->8798K(1005568K), 0.0029357 secs]
32590.119: [GC (Allocation Failure)  325726K->8766K(996864K), 0.0030466 secs]
32590.461: [GC (Allocation Failure)  316990K->8734K(988672K), 0.0039381 secs]
32590.790: [GC (Allocation Failure)  308766K->8766K(980992K), 0.0029758 secs]
32591.293: [GC (Allocation Failure)  301118K->8766K(973312K), 0.0037896 secs]
32591.583: [GC (Allocation Failure)  293438K->8766K(966144K), 0.0034086 secs]
32591.864: [GC (Allocation Failure)  286270K->8766K(1021952K), 0.0038801 secs]
32592.309: [GC (Allocation Failure)  342078K->8734K(1012736K), 0.0036929 secs]
32592.825: [GC (Allocation Failure)  332830K->8766K(1004032K), 0.0033935 secs]
32593.146: [GC (Allocation Failure)  324158K->8734K(995840K), 0.0047320 secs]
32593.471: [GC (Allocation Failure)  315934K->8830K(1057280K), 0.0054545 secs]
32593.854: [GC (Allocation Failure)  377470K->8766K(1131008K), 0.0037105 secs]
32594.308: [GC (Allocation Failure)  451134K->8766K(1219584K), 0.0045698 secs]
32594.875: [GC (Allocation Failure)  539710K->8798K(1202176K), 0.0039323 secs]
32595.409: [GC (Allocation Failure)  522334K->8734K(1185280K), 0.0045102 secs]
32596.151: [GC (Allocation Failure)  505374K->8734K(1169408K), 0.0033175 secs]
32596.659: [GC (Allocation Failure)  489502K->8766K(1154048K), 0.0033392 secs]
32597.178: [GC (Allocation Failure)  474174K->8734K(1139200K), 0.0031966 secs]
32597.648: [GC (Allocation Failure)  459294K->8766K(1125376K), 0.0031730 secs]
32598.100: [GC (Allocation Failure)  445502K->8766K(1112064K), 0.0036125 secs]
32598.561: [GC (Allocation Failure)  432190K->8766K(1099264K), 0.0038613 secs]
32598.992: [GC (Allocation Failure)  419390K->8734K(1086976K), 0.0041734 secs]
32599.410: [GC (Allocation Failure)  407070K->8766K(1075200K), 0.0035517 secs]
32599.827: [GC (Allocation Failure)  395326K->8766K(1063936K), 0.0040677 secs]
32600.228: [GC (Allocation Failure)  384062K->8734K(1053184K), 0.0037584 secs]
32600.631: [GC (Allocation Failure)  373278K->8766K(1042944K), 0.0035266 secs]
32601.021: [GC (Allocation Failure)  363070K->8766K(1032704K), 0.0032401 secs]
32601.574: [GC (Allocation Failure)  352830K->8766K(1022976K), 0.0035790 secs]
32601.923: [GC (Allocation Failure)  343102K->8798K(1013760K), 0.0033554 secs]
32602.269: [GC (Allocation Failure)  333918K->8766K(1005056K), 0.0035520 secs]
32602.628: [GC (Allocation Failure)  325182K->8766K(996352K), 0.0034713 secs]
32602.959: [GC (Allocation Failure)  316478K->8766K(988160K), 0.0031509 secs]
32603.273: [GC (Allocation Failure)  308286K->8766K(980480K), 0.0035285 secs]
32603.579: [GC (Allocation Failure)  300606K->8766K(972800K), 0.0031437 secs]
32603.906: [GC (Allocation Failure)  292926K->8766K(1029632K), 0.0038329 secs]
32604.263: [GC (Allocation Failure)  349758K->8798K(1020416K), 0.0029579 secs]
32604.625: [GC (Allocation Failure)  340574K->8734K(1011200K), 0.0037100 secs]
32604.985: [GC (Allocation Failure)  331294K->8734K(1002496K), 0.0036744 secs]
32605.308: [GC (Allocation Failure)  322590K->8766K(994304K), 0.0034010 secs]
32605.621: [GC (Allocation Failure)  314430K->8766K(986112K), 0.0033132 secs]
32605.948: [GC (Allocation Failure)  306238K->8766K(1046016K), 0.0040613 secs]
32606.316: [GC (Allocation Failure)  366142K->8734K(1117696K), 0.0041670 secs]
32606.758: [GC (Allocation Failure)  437790K->8766K(1104384K), 0.0033275 secs]
32607.188: [GC (Allocation Failure)  424510K->8734K(1091584K), 0.0033283 secs]
32607.796: [GC (Allocation Failure)  411678K->8766K(1079808K), 0.0034996 secs]
32608.203: [GC (Allocation Failure)  399934K->8766K(1068032K), 0.0041422 secs]
32608.599: [GC (Allocation Failure)  388158K->8798K(1056768K), 0.0035428 secs]
32609.093: [GC (Allocation Failure)  376926K->8766K(1046016K), 0.0039852 secs]
32609.481: [GC (Allocation Failure)  366142K->8766K(1035776K), 0.0032781 secs]
32609.850: [GC (Allocation Failure)  355902K->8702K(1026048K), 0.0032286 secs]
32610.200: [GC (Allocation Failure)  346110K->8766K(1016832K), 0.0033766 secs]
32610.543: [GC (Allocation Failure)  336958K->8734K(1008128K), 0.0036598 secs]
32610.882: [GC (Allocation Failure)  328222K->8766K(999424K), 0.0034632 secs]
32611.224: [GC (Allocation Failure)  319550K->8734K(991232K), 0.0036598 secs]
32611.543: [GC (Allocation Failure)  311326K->8766K(983552K), 0.0034244 secs]
32611.884: [GC (Allocation Failure)  303678K->8766K(1042944K), 0.0038933 secs]
32612.267: [GC (Allocation Failure)  363070K->8734K(1032704K), 0.0033282 secs]
32612.652: [GC (Allocation Failure)  352798K->8734K(1022976K), 0.0038114 secs]
32613.037: [GC (Allocation Failure)  343070K->8734K(1013760K), 0.0034551 secs]
32613.374: [GC (Allocation Failure)  333854K->8766K(1078784K), 0.0040818 secs]
32613.780: [GC (Allocation Failure)  398910K->8766K(1067520K), 0.0040494 secs]
32614.206: [GC (Allocation Failure)  387646K->8766K(1143296K), 0.0045936 secs]
32614.688: [GC (Allocation Failure)  463422K->8798K(1234432K), 0.0047916 secs]
32615.262: [GC (Allocation Failure)  554590K->8798K(1216000K), 0.0032352 secs]
32615.815: [GC (Allocation Failure)  536158K->8766K(1198592K), 0.0067940 secs]
32616.353: [GC (Allocation Failure)  518718K->8734K(1181696K), 0.0030013 secs]
32616.864: [GC (Allocation Failure)  501790K->8734K(1165824K), 0.0035590 secs]
32617.543: [GC (Allocation Failure)  485918K->8766K(1150464K), 0.0039860 secs]
32618.029: [GC (Allocation Failure)  470590K->8766K(1136128K), 0.0049160 secs]
32618.722: [GC (Allocation Failure)  456254K->8734K(1122304K), 0.0033125 secs]
32619.185: [GC (Allocation Failure)  442398K->8766K(1108992K), 0.0037482 secs]
32619.712: [GC (Allocation Failure)  429118K->8766K(1096192K), 0.0035634 secs]
32620.145: [GC (Allocation Failure)  416318K->8766K(1083904K), 0.0036442 secs]
32620.574: [GC (Allocation Failure)  404030K->8766K(1072128K), 0.0028096 secs]
32620.983: [GC (Allocation Failure)  392254K->8766K(1060864K), 0.0031730 secs]
32621.382: [GC (Allocation Failure)  380990K->8798K(1050112K), 0.0028592 secs]
32621.783: [GC (Allocation Failure)  370270K->8766K(1039872K), 0.0036025 secs]
32622.392: [GC (Allocation Failure)  359998K->8766K(1030144K), 0.0038885 secs]
32622.749: [GC (Allocation Failure)  350270K->8766K(1020928K), 0.0050923 secs]
32623.104: [GC (Allocation Failure)  341054K->8766K(1011712K), 0.0036515 secs]
32623.445: [GC (Allocation Failure)  331838K->8702K(1003008K), 0.0041447 secs]
32623.798: [GC (Allocation Failure)  323070K->8734K(994816K), 0.0036705 secs]
32624.118: [GC (Allocation Failure)  314910K->8798K(986624K), 0.0033494 secs]
32624.618: [GC (Allocation Failure)  306782K->8798K(978944K), 0.0034561 secs]
32624.965: [GC (Allocation Failure)  299102K->8766K(971264K), 0.0038550 secs]
32625.261: [GC (Allocation Failure)  291390K->8734K(1028096K), 0.0037080 secs]
32625.827: [GC (Allocation Failure)  348190K->8766K(1018880K), 0.0034401 secs]
32626.172: [GC (Allocation Failure)  339006K->8766K(1009664K), 0.0041907 secs]
32626.510: [GC (Allocation Failure)  329790K->8766K(1000960K), 0.0035583 secs]
32627.047: [GC (Allocation Failure)  321086K->8766K(992768K), 0.0039179 secs]
32627.383: [GC (Allocation Failure)  312894K->8766K(984576K), 0.0034872 secs]
32627.694: [GC (Allocation Failure)  304702K->8766K(976896K), 0.0033997 secs]
32628.033: [GC (Allocation Failure)  297022K->8766K(1034752K), 0.0039687 secs]
32628.419: [GC (Allocation Failure)  354878K->8798K(1025024K), 0.0034068 secs]
32628.800: [GC (Allocation Failure)  345182K->8766K(1092608K), 0.0064131 secs]
32629.254: [GC (Allocation Failure)  412734K->8734K(1173504K), 0.0038681 secs]
32629.868: [GC (Allocation Failure)  493598K->8830K(1158144K), 0.0030631 secs]
32630.384: [GC (Allocation Failure)  478334K->8766K(1143296K), 0.0052580 secs]
32630.861: [GC (Allocation Failure)  463422K->8798K(1128960K), 0.0039487 secs]
32631.322: [GC (Allocation Failure)  449118K->8766K(1115136K), 0.0036748 secs]
32631.787: [GC (Allocation Failure)  435262K->8766K(1102336K), 0.0041390 secs]
32632.429: [GC (Allocation Failure)  422462K->8734K(1090048K), 0.0045250 secs]
32632.846: [GC (Allocation Failure)  410142K->8734K(1078272K), 0.0048874 secs]
32633.287: [GC (Allocation Failure)  398366K->8734K(1067008K), 0.0028646 secs]
32633.707: [GC (Allocation Failure)  387102K->8766K(1056256K), 0.0031454 secs]
32634.109: [GC (Allocation Failure)  376382K->8766K(1045504K), 0.0033423 secs]
32634.484: [GC (Allocation Failure)  365630K->8734K(1035264K), 0.0036046 secs]
32635.131: [GC (Allocation Failure)  355358K->8766K(1025536K), 0.0035948 secs]
32635.498: [GC (Allocation Failure)  345662K->8766K(1016320K), 0.0033203 secs]
32635.865: [GC (Allocation Failure)  336446K->8766K(1007616K), 0.0043189 secs]
32636.210: [GC (Allocation Failure)  327742K->8766K(998912K), 0.0037098 secs]
32636.529: [GC (Allocation Failure)  319038K->8798K(990720K), 0.0030989 secs]
32636.842: [GC (Allocation Failure)  310878K->8734K(983040K), 0.0031898 secs]
32637.143: [GC (Allocation Failure)  303134K->8766K(975360K), 0.0025960 secs]
32637.444: [GC (Allocation Failure)  295486K->8766K(968192K), 0.0030085 secs]
32637.734: [GC (Allocation Failure)  288318K->8734K(1024512K), 0.0038886 secs]
32638.081: [GC (Allocation Failure)  344606K->8702K(1015296K), 0.0031505 secs]
32638.421: [GC (Allocation Failure)  335358K->8766K(1080832K), 0.0044330 secs]
32638.829: [GC (Allocation Failure)  400958K->8766K(1159680K), 0.0035255 secs]
32639.535: [GC (Allocation Failure)  479806K->8766K(1144832K), 0.0036558 secs]
32640.009: [GC (Allocation Failure)  464958K->8798K(1130496K), 0.0029358 secs]
32640.634: [GC (Allocation Failure)  450654K->8830K(1116672K), 0.0039552 secs]
32641.096: [GC (Allocation Failure)  436862K->8798K(1103360K), 0.0032526 secs]
32641.556: [GC (Allocation Failure)  423518K->8766K(1091072K), 0.0036206 secs]
32642.192: [GC (Allocation Failure)  411198K->8798K(1079296K), 0.0034850 secs]
32642.597: [GC (Allocation Failure)  399454K->8766K(1068032K), 0.0044404 secs]
32643.010: [GC (Allocation Failure)  388158K->8766K(1056768K), 0.0031593 secs]
32643.397: [GC (Allocation Failure)  376894K->8798K(1046016K), 0.0038418 secs]
32643.947: [GC (Allocation Failure)  366174K->8734K(1035776K), 0.0035377 secs]
32644.311: [GC (Allocation Failure)  355870K->8766K(1026048K), 0.0032856 secs]
32644.668: [GC (Allocation Failure)  346174K->8766K(1016832K), 0.0039623 secs]
32645.016: [GC (Allocation Failure)  336958K->8798K(1008128K), 0.0042288 secs]
32645.352: [GC (Allocation Failure)  328286K->8766K(999424K), 0.0036609 secs]
32645.684: [GC (Allocation Failure)  319550K->8766K(991232K), 0.0035460 secs]
32646.023: [GC (Allocation Failure)  311358K->8734K(1052160K), 0.0040047 secs]
32646.421: [GC (Allocation Failure)  372254K->8766K(1041920K), 0.0035725 secs]
32646.803: [GC (Allocation Failure)  362046K->8734K(1032192K), 0.0029987 secs]
32647.207: [GC (Allocation Failure)  352286K->8734K(1022464K), 0.0035600 secs]
32647.585: [GC (Allocation Failure)  342558K->8766K(1013248K), 0.0041331 secs]
32647.927: [GC (Allocation Failure)  333374K->8734K(1004544K), 0.0035508 secs]
32648.298: [GC (Allocation Failure)  324638K->8734K(996352K), 0.0037561 secs]
32648.622: [GC (Allocation Failure)  316446K->8766K(988160K), 0.0032375 secs]
32648.937: [GC (Allocation Failure)  308286K->8766K(1048064K), 0.0038809 secs]
32649.316: [GC (Allocation Failure)  368190K->8766K(1120256K), 0.0040321 secs]
32649.793: [GC (Allocation Failure)  440382K->8766K(1106944K), 0.0034791 secs]
32650.243: [GC (Allocation Failure)  427070K->8734K(1094144K), 0.0035772 secs]
32650.663: [GC (Allocation Failure)  414238K->8766K(1081856K), 0.0033953 secs]
32651.073: [GC (Allocation Failure)  401982K->8766K(1070080K), 0.0033475 secs]
32651.488: [GC (Allocation Failure)  390206K->8734K(1058816K), 0.0039102 secs]
32652.126: [GC (Allocation Failure)  378910K->8766K(1048064K), 0.0036004 secs]
32652.501: [GC (Allocation Failure)  368190K->8734K(1037824K), 0.0035695 secs]
32652.877: [GC (Allocation Failure)  357918K->8734K(1028096K), 0.0033943 secs]
32653.431: [GC (Allocation Failure)  348190K->8798K(1018880K), 0.0035936 secs]
32653.778: [GC (Allocation Failure)  339038K->8766K(1009664K), 0.0035936 secs]
32654.115: [GC (Allocation Failure)  329790K->8798K(1000960K), 0.0038954 secs]
32654.443: [GC (Allocation Failure)  321118K->8766K(992768K), 0.0035671 secs]
32654.763: [GC (Allocation Failure)  312894K->8734K(984576K), 0.0034049 secs]
32655.074: [GC (Allocation Failure)  304670K->8798K(1043968K), 0.0036721 secs]
32655.465: [GC (Allocation Failure)  364126K->8766K(1033728K), 0.0036843 secs]
32655.856: [GC (Allocation Failure)  353854K->8766K(1102848K), 0.0044330 secs]
32656.326: [GC (Allocation Failure)  422974K->8734K(1090560K), 0.0035167 secs]
32657.015: [GC (Allocation Failure)  410654K->8734K(1078784K), 0.0036768 secs]
32657.443: [GC (Allocation Failure)  398878K->8798K(1067520K), 0.0030946 secs]
32657.838: [GC (Allocation Failure)  387678K->8766K(1056256K), 0.0031429 secs]
32658.223: [GC (Allocation Failure)  376382K->8766K(1045504K), 0.0033879 secs]
32658.597: [GC (Allocation Failure)  365630K->8766K(1035264K), 0.0029783 secs]
32658.998: [GC (Allocation Failure)  355390K->8766K(1025536K), 0.0036783 secs]
32659.361: [GC (Allocation Failure)  345662K->8766K(1016320K), 0.0032433 secs]
32659.705: [GC (Allocation Failure)  336446K->8734K(1007616K), 0.0033898 secs]
32660.041: [GC (Allocation Failure)  327710K->8766K(998912K), 0.0034432 secs]
32660.368: [GC (Allocation Failure)  319038K->8766K(990720K), 0.0036802 secs]
32660.687: [GC (Allocation Failure)  310846K->8766K(983040K), 0.0037489 secs]
32660.997: [GC (Allocation Failure)  303166K->8766K(975360K), 0.0032565 secs]
32661.300: [GC (Allocation Failure)  295486K->8734K(1032704K), 0.0034901 secs]
32661.661: [GC (Allocation Failure)  352798K->8766K(1022976K), 0.0034245 secs]
32662.050: [GC (Allocation Failure)  343102K->8766K(1090048K), 0.0041563 secs]
32662.475: [GC (Allocation Failure)  410174K->8766K(1170432K), 0.0044506 secs]
32662.991: [GC (Allocation Failure)  490558K->8798K(1155072K), 0.0035795 secs]
32663.475: [GC (Allocation Failure)  475230K->8798K(1140224K), 0.0032803 secs]
32663.943: [GC (Allocation Failure)  460382K->8766K(1125888K), 0.0036745 secs]
32664.396: [GC (Allocation Failure)  446014K->8766K(1112576K), 0.0058222 secs]
32664.840: [GC (Allocation Failure)  432702K->8766K(1099776K), 0.0036894 secs]
32665.268: [GC (Allocation Failure)  419902K->8734K(1087488K), 0.0043724 secs]
32665.711: [GC (Allocation Failure)  407582K->8766K(1075712K), 0.0039088 secs]
32666.114: [GC (Allocation Failure)  395838K->8766K(1064448K), 0.0031595 secs]
32666.510: [GC (Allocation Failure)  384574K->8766K(1053696K), 0.0033898 secs]
32666.891: [GC (Allocation Failure)  373822K->8734K(1043456K), 0.0038447 secs]
32667.292: [GC (Allocation Failure)  363550K->8766K(1033216K), 0.0037425 secs]
32667.652: [GC (Allocation Failure)  353342K->8766K(1023488K), 0.0048003 secs]
32668.286: [GC (Allocation Failure)  343614K->8766K(1014272K), 0.0041172 secs]
32668.691: [GC (Allocation Failure)  334398K->8734K(1079808K), 0.0053698 secs]
32669.113: [GC (Allocation Failure)  399902K->8766K(1068032K), 0.0042821 secs]
32669.510: [GC (Allocation Failure)  388158K->8798K(1144320K), 0.0041140 secs]
32670.060: [GC (Allocation Failure)  464478K->8766K(1129984K), 0.0034668 secs]
32670.540: [GC (Allocation Failure)  450110K->8734K(1116160K), 0.0043857 secs]
32670.997: [GC (Allocation Failure)  436254K->8734K(1102848K), 0.0031472 secs]
32671.674: [GC (Allocation Failure)  422942K->8798K(1090560K), 0.0033460 secs]
32672.103: [GC (Allocation Failure)  410718K->8766K(1078784K), 0.0039108 secs]
32672.524: [GC (Allocation Failure)  398910K->8734K(1067520K), 0.0048452 secs]
32672.930: [GC (Allocation Failure)  387614K->8798K(1056256K), 0.0036780 secs]
32673.307: [GC (Allocation Failure)  376414K->8766K(1045504K), 0.0038490 secs]
32673.716: [GC (Allocation Failure)  365630K->8766K(1035264K), 0.0034540 secs]
32674.096: [GC (Allocation Failure)  355390K->8734K(1104896K), 0.0088782 secs]
32674.558: [GC (Allocation Failure)  424990K->8766K(1188352K), 0.0036477 secs]
32675.092: [GC (Allocation Failure)  508478K->8734K(1288704K), 0.0057122 secs]
32675.752: [GC (Allocation Failure)  608798K->8734K(1268224K), 0.0033165 secs]
32676.365: [GC (Allocation Failure)  588318K->8734K(1248256K), 0.0041749 secs]
32676.959: [GC (Allocation Failure)  568350K->8702K(1229312K), 0.0038791 secs]
32677.525: [GC (Allocation Failure)  549374K->8766K(1211392K), 0.0035433 secs]
32678.069: [GC (Allocation Failure)  531518K->8798K(1193984K), 0.0056258 secs]
32678.626: [GC (Allocation Failure)  514142K->8830K(1177600K), 0.0031304 secs]
32679.343: [GC (Allocation Failure)  497790K->8766K(1161728K), 0.0050251 secs]
32679.845: [GC (Allocation Failure)  481854K->8766K(1146880K), 0.0032600 secs]
32680.323: [GC (Allocation Failure)  467006K->8766K(1132544K), 0.0041081 secs]
32680.802: [GC (Allocation Failure)  452670K->8766K(1118720K), 0.0046714 secs]
32681.443: [GC (Allocation Failure)  438846K->8766K(1105408K), 0.0036187 secs]
32681.875: [GC (Allocation Failure)  425534K->8734K(1092608K), 0.0046142 secs]
32682.302: [GC (Allocation Failure)  412702K->8766K(1080320K), 0.0035774 secs]
32682.704: [GC (Allocation Failure)  400446K->8766K(1068544K), 0.0034123 secs]
32683.137: [GC (Allocation Failure)  388670K->8766K(1057280K), 0.1751342 secs]
32683.726: [GC (Allocation Failure)  377406K->8798K(1046528K), 0.0038447 secs]
32684.091: [GC (Allocation Failure)  366686K->8734K(1036288K), 0.0039074 secs]
32684.474: [GC (Allocation Failure)  356382K->8798K(1026560K), 0.0048553 secs]
32684.835: [GC (Allocation Failure)  346718K->8766K(1017344K), 0.0036773 secs]
32685.187: [GC (Allocation Failure)  337470K->8766K(1008640K), 0.0038029 secs]
32685.538: [GC (Allocation Failure)  328766K->8766K(1072640K), 0.0040885 secs]
32686.136: [GC (Allocation Failure)  392766K->8830K(1061376K), 0.0033663 secs]
32686.534: [GC (Allocation Failure)  381566K->8766K(1050624K), 0.0035603 secs]
32686.917: [GC (Allocation Failure)  370750K->8766K(1040384K), 0.0041834 secs]
32687.287: [GC (Allocation Failure)  360510K->8766K(1030656K), 0.0034769 secs]
32687.692: [GC (Allocation Failure)  350782K->8766K(1020928K), 0.0036501 secs]
32688.217: [GC (Allocation Failure)  341054K->8766K(1011712K), 0.0144760 secs]
32688.574: [GC (Allocation Failure)  331838K->8734K(1003008K), 0.0034553 secs]
32688.926: [GC (Allocation Failure)  323102K->8766K(994816K), 0.0030935 secs]
32689.245: [GC (Allocation Failure)  314942K->8766K(986624K), 0.0036084 secs]
32689.580: [GC (Allocation Failure)  306750K->8766K(978944K), 0.0033943 secs]
32689.880: [GC (Allocation Failure)  299070K->8766K(971264K), 0.0035089 secs]
32690.189: [GC (Allocation Failure)  291390K->8766K(1028096K), 0.0042039 secs]
32690.546: [GC (Allocation Failure)  348222K->8798K(1096192K), 0.0033973 secs]
32690.977: [GC (Allocation Failure)  416350K->8734K(1083904K), 0.0036946 secs]
32691.383: [GC (Allocation Failure)  403998K->8798K(1163264K), 0.0050155 secs]
32691.874: [GC (Allocation Failure)  483422K->8766K(1147904K), 0.0033883 secs]
32692.347: [GC (Allocation Failure)  468030K->8766K(1133568K), 0.0030541 secs]
32692.830: [GC (Allocation Failure)  453694K->8766K(1119744K), 0.0035519 secs]
32693.469: [GC (Allocation Failure)  439870K->8766K(1106432K), 0.0033555 secs]
32693.970: [GC (Allocation Failure)  426558K->8734K(1093632K), 0.0037120 secs]
32694.427: [GC (Allocation Failure)  413726K->8766K(1081344K), 0.0037181 secs]
32694.876: [GC (Allocation Failure)  401470K->8766K(1069568K), 0.0034031 secs]
32695.309: [GC (Allocation Failure)  389694K->8766K(1058304K), 0.0031430 secs]
32695.755: [GC (Allocation Failure)  378430K->8766K(1047552K), 0.0032637 secs]
32696.134: [GC (Allocation Failure)  367678K->8766K(1037312K), 0.0038737 secs]
32696.498: [GC (Allocation Failure)  357438K->8766K(1027584K), 0.0037001 secs]
32696.872: [GC (Allocation Failure)  347710K->8798K(1018368K), 0.0038314 secs]
32697.215: [GC (Allocation Failure)  338526K->8766K(1009152K), 0.0042213 secs]
32697.565: [GC (Allocation Failure)  329278K->8734K(1000448K), 0.0040898 secs]
32697.921: [GC (Allocation Failure)  320542K->8734K(1062912K), 0.0040084 secs]
32698.343: [GC (Allocation Failure)  383006K->8734K(1138176K), 0.0049725 secs]
32698.812: [GC (Allocation Failure)  458270K->8734K(1124352K), 0.0037810 secs]
32699.332: [GC (Allocation Failure)  444446K->8798K(1111040K), 0.0046062 secs]
32699.775: [GC (Allocation Failure)  431198K->8766K(1098240K), 0.0050617 secs]
32700.207: [GC (Allocation Failure)  418366K->8798K(1085952K), 0.0045426 secs]
32700.641: [GC (Allocation Failure)  406110K->8734K(1074176K), 0.0040164 secs]
32701.065: [GC (Allocation Failure)  394270K->8798K(1151488K), 0.0052407 secs]
32701.554: [GC (Allocation Failure)  471646K->8766K(1244160K), 0.0061331 secs]
32702.149: [GC (Allocation Failure)  564286K->8702K(1225216K), 0.0040862 secs]
32702.718: [GC (Allocation Failure)  545278K->8734K(1332736K), 0.0068371 secs]
32703.578: [GC (Allocation Failure)  652830K->8766K(1310208K), 0.0039923 secs]
32704.250: [GC (Allocation Failure)  630334K->8734K(1288704K), 0.0040721 secs]
32704.868: [GC (Allocation Failure)  608798K->8766K(1268224K), 0.0055797 secs]
32705.490: [GC (Allocation Failure)  588350K->8798K(1248256K), 0.0038956 secs]
32706.074: [GC (Allocation Failure)  568414K->8766K(1229312K), 0.0046021 secs]
32706.658: [GC (Allocation Failure)  549438K->8734K(1211392K), 0.0040433 secs]
32707.202: [GC (Allocation Failure)  531486K->8734K(1193984K), 0.0049828 secs]
32707.756: [GC (Allocation Failure)  514078K->8766K(1177600K), 0.0035335 secs]
32708.310: [GC (Allocation Failure)  497726K->8766K(1161728K), 0.0040482 secs]
32708.829: [GC (Allocation Failure)  481854K->8734K(1146880K), 0.0030310 secs]
32709.305: [GC (Allocation Failure)  466974K->8766K(1132544K), 0.0030940 secs]
32709.793: [GC (Allocation Failure)  452670K->8766K(1118720K), 0.0037537 secs]
32710.261: [GC (Allocation Failure)  438846K->8798K(1105408K), 0.0037079 secs]
32710.697: [GC (Allocation Failure)  425566K->8766K(1092608K), 0.0033441 secs]
32711.133: [GC (Allocation Failure)  412734K->8798K(1080320K), 0.0036527 secs]
32711.541: [GC (Allocation Failure)  400478K->8766K(1068544K), 0.0039035 secs]
32711.963: [GC (Allocation Failure)  388670K->8830K(1057280K), 0.0031655 secs]
32712.360: [GC (Allocation Failure)  377470K->8766K(1131008K), 0.0088256 secs]
32712.843: [GC (Allocation Failure)  451134K->8766K(1219584K), 0.0040357 secs]
32713.588: [GC (Allocation Failure)  539710K->8766K(1202176K), 0.0033875 secs]
32714.284: [GC (Allocation Failure)  522302K->8798K(1185280K), 0.0039488 secs]
32714.812: [GC (Allocation Failure)  505438K->8734K(1169408K), 0.0034083 secs]
32715.325: [GC (Allocation Failure)  489502K->8766K(1154048K), 0.0036120 secs]
32715.805: [GC (Allocation Failure)  474174K->8766K(1139200K), 0.0034880 secs]
32716.464: [GC (Allocation Failure)  459326K->8798K(1125376K), 0.0035168 secs]
32716.931: [GC (Allocation Failure)  445534K->8734K(1112064K), 0.0048960 secs]
32717.397: [GC (Allocation Failure)  432158K->8734K(1099264K), 0.0037640 secs]
32718.027: [GC (Allocation Failure)  419358K->8766K(1086976K), 0.0039621 secs]
32718.441: [GC (Allocation Failure)  407102K->8798K(1075200K), 0.0039475 secs]
32719.065: [GC (Allocation Failure)  395358K->8766K(1063936K), 0.0035503 secs]
32719.469: [GC (Allocation Failure)  384062K->8766K(1053184K), 0.0034961 secs]
32719.854: [GC (Allocation Failure)  373310K->8734K(1042944K), 0.0034104 secs]
32720.245: [GC (Allocation Failure)  363038K->8734K(1032704K), 0.0037993 secs]
32720.607: [GC (Allocation Failure)  352798K->8734K(1101824K), 0.0067613 secs]
32721.048: [GC (Allocation Failure)  421918K->8734K(1184768K), 0.0050348 secs]
32721.567: [GC (Allocation Failure)  504862K->8766K(1284096K), 0.0049114 secs]
32722.190: [GC (Allocation Failure)  604222K->8766K(1263616K), 0.0053640 secs]
32722.969: [GC (Allocation Failure)  583742K->8766K(1244160K), 0.0054629 secs]
32723.577: [GC (Allocation Failure)  564286K->8766K(1225216K), 0.0042482 secs]
32724.163: [GC (Allocation Failure)  545342K->8766K(1207296K), 0.0045345 secs]
32724.708: [GC (Allocation Failure)  527422K->8734K(1190400K), 0.0037817 secs]
32725.230: [GC (Allocation Failure)  510494K->8766K(1174016K), 0.0037027 secs]
32725.735: [GC (Allocation Failure)  494142K->8766K(1158656K), 0.0032895 secs]
32726.238: [GC (Allocation Failure)  478782K->8766K(1143808K), 0.0040225 secs]
32726.746: [GC (Allocation Failure)  463934K->8734K(1129472K), 0.0026613 secs]
32727.228: [GC (Allocation Failure)  449566K->8766K(1115648K), 0.0039284 secs]
32727.733: [GC (Allocation Failure)  435774K->8734K(1102848K), 0.0033405 secs]
32728.201: [GC (Allocation Failure)  422942K->8766K(1090560K), 0.0054674 secs]
32728.817: [GC (Allocation Failure)  410686K->8734K(1078784K), 0.0042525 secs]
32729.231: [GC (Allocation Failure)  398878K->8766K(1067520K), 0.0048829 secs]
32729.627: [GC (Allocation Failure)  387646K->8766K(1056256K), 0.0032292 secs]
32730.009: [GC (Allocation Failure)  376382K->8766K(1045504K), 0.0041618 secs]
32730.386: [GC (Allocation Failure)  365630K->8766K(1035264K), 0.0039367 secs]
32730.777: [GC (Allocation Failure)  355390K->8734K(1025536K), 0.0044704 secs]
32731.354: [GC (Allocation Failure)  345630K->8766K(1016320K), 0.0031468 secs]
32731.696: [GC (Allocation Failure)  336446K->8766K(1007616K), 0.0044121 secs]
32732.061: [GC (Allocation Failure)  327742K->8734K(998912K), 0.0037059 secs]
32732.401: [GC (Allocation Failure)  319006K->8798K(990720K), 0.0036579 secs]
32732.728: [GC (Allocation Failure)  310878K->8734K(1051136K), 0.0037580 secs]
32733.131: [GC (Allocation Failure)  371230K->8766K(1040896K), 0.0034447 secs]
32733.497: [GC (Allocation Failure)  361022K->8734K(1031168K), 0.0039931 secs]
32733.857: [GC (Allocation Failure)  351262K->8766K(1099776K), 0.0077970 secs]
32734.289: [GC (Allocation Failure)  419902K->8766K(1182208K), 0.0054697 secs]
32734.806: [GC (Allocation Failure)  502334K->8766K(1281024K), 0.0032993 secs]
32735.639: [GC (Allocation Failure)  601150K->8766K(1260544K), 0.0031487 secs]
32736.276: [GC (Allocation Failure)  580670K->8766K(1241088K), 0.0028307 secs]
32736.881: [GC (Allocation Failure)  561214K->8734K(1222656K), 0.0033909 secs]
32737.460: [GC (Allocation Failure)  542750K->8766K(1204736K), 0.0039879 secs]
32738.042: [GC (Allocation Failure)  524862K->8734K(1187840K), 0.0035858 secs]
32738.576: [GC (Allocation Failure)  507934K->8734K(1171456K), 0.0033694 secs]
32739.081: [GC (Allocation Failure)  491550K->8766K(1156096K), 0.0029986 secs]
32739.751: [GC (Allocation Failure)  476222K->8734K(1141248K), 0.0029495 secs]
32740.221: [GC (Allocation Failure)  461342K->8830K(1126912K), 0.0035396 secs]
32740.884: [GC (Allocation Failure)  447102K->8734K(1113600K), 0.0037010 secs]
32741.377: [GC (Allocation Failure)  433694K->8798K(1100800K), 0.0029728 secs]
32742.032: [GC (Allocation Failure)  420958K->8766K(1088512K), 0.0034733 secs]
32742.449: [GC (Allocation Failure)  408638K->8798K(1076736K), 0.0032182 secs]
32742.884: [GC (Allocation Failure)  396894K->8734K(1065472K), 0.0046046 secs]
32743.283: [GC (Allocation Failure)  385566K->8702K(1054720K), 0.0045947 secs]
32743.689: [GC (Allocation Failure)  374782K->8766K(1044480K), 0.0036073 secs]
32744.061: [GC (Allocation Failure)  364606K->8766K(1034240K), 0.0039797 secs]
32744.642: [GC (Allocation Failure)  354366K->8798K(1024512K), 0.0034335 secs]
32745.015: [GC (Allocation Failure)  344670K->8766K(1015296K), 0.0035406 secs]
32745.401: [GC (Allocation Failure)  335422K->8798K(1006592K), 0.0029250 secs]
32745.923: [GC (Allocation Failure)  326750K->8766K(997888K), 0.0047524 secs]
32746.298: [GC (Allocation Failure)  318014K->8766K(989696K), 0.0034606 secs]
32746.615: [GC (Allocation Failure)  309822K->8734K(1050112K), 0.0052268 secs]
32746.996: [GC (Allocation Failure)  370206K->8766K(1039872K), 0.0033941 secs]
32747.390: [GC (Allocation Failure)  359998K->8830K(1110528K), 0.0043242 secs]
32747.831: [GC (Allocation Failure)  430718K->8798K(1097728K), 0.0029341 secs]
32748.285: [GC (Allocation Failure)  417886K->8734K(1085440K), 0.0038307 secs]
32748.885: [GC (Allocation Failure)  405534K->8766K(1073664K), 0.0042113 secs]
32749.304: [GC (Allocation Failure)  393790K->8766K(1062400K), 0.0034970 secs]
32749.728: [GC (Allocation Failure)  382526K->8766K(1051648K), 0.0036712 secs]
32750.109: [GC (Allocation Failure)  371774K->8766K(1041408K), 0.0036691 secs]
32750.478: [GC (Allocation Failure)  361534K->8766K(1031680K), 0.0047192 secs]
32750.844: [GC (Allocation Failure)  351806K->8766K(1021952K), 0.0037467 secs]
32751.192: [GC (Allocation Failure)  342078K->8766K(1012736K), 0.0034357 secs]
32751.536: [GC (Allocation Failure)  332862K->8766K(1004032K), 0.0031667 secs]
32752.100: [GC (Allocation Failure)  324158K->8734K(995840K), 0.0043333 secs]
32752.426: [GC (Allocation Failure)  315934K->8734K(1057280K), 0.0054362 secs]
32753.001: [GC (Allocation Failure)  377374K->8766K(1046528K), 0.0038514 secs]
32753.375: [GC (Allocation Failure)  366654K->8766K(1036288K), 0.0038215 secs]
32753.746: [GC (Allocation Failure)  356414K->8766K(1105920K), 0.0056401 secs]
32754.221: [GC (Allocation Failure)  426046K->8766K(1189376K), 0.0037298 secs]
32754.868: [GC (Allocation Failure)  509502K->8766K(1172992K), 0.0051739 secs]
32755.404: [GC (Allocation Failure)  493118K->8734K(1157632K), 0.0039879 secs]
32755.948: [GC (Allocation Failure)  477726K->8766K(1142784K), 0.0033583 secs]
32756.424: [GC (Allocation Failure)  462910K->8766K(1128448K), 0.0041749 secs]
32756.883: [GC (Allocation Failure)  448574K->8766K(1114624K), 0.0033289 secs]
32757.339: [GC (Allocation Failure)  434750K->8766K(1101824K), 0.0032414 secs]
32757.976: [GC (Allocation Failure)  421950K->8830K(1089536K), 0.0035333 secs]
32758.396: [GC (Allocation Failure)  409726K->8766K(1077760K), 0.0040293 secs]
32758.818: [GC (Allocation Failure)  397886K->8734K(1066496K), 0.0041087 secs]
32759.218: [GC (Allocation Failure)  386590K->8734K(1055744K), 0.0032352 secs]
32759.619: [GC (Allocation Failure)  375838K->8766K(1044992K), 0.0040757 secs]
32760.021: [GC (Allocation Failure)  365118K->8734K(1034752K), 0.0033197 secs]
32760.388: [GC (Allocation Failure)  354846K->8734K(1025024K), 0.0040589 secs]
32760.739: [GC (Allocation Failure)  345118K->8766K(1015808K), 0.0034494 secs]
32761.081: [GC (Allocation Failure)  335934K->8766K(1007104K), 0.0034014 secs]
32761.413: [GC (Allocation Failure)  327230K->8766K(998400K), 0.0035008 secs]
32761.738: [GC (Allocation Failure)  318526K->8766K(990208K), 0.0034871 secs]
32762.202: [GC (Allocation Failure)  310334K->8734K(982528K), 0.0038161 secs]
32762.509: [GC (Allocation Failure)  302622K->8734K(974848K), 0.0032259 secs]
32763.023: [GC (Allocation Failure)  294942K->8798K(967680K), 0.0033509 secs]
32763.322: [GC (Allocation Failure)  287838K->8734K(960512K), 0.0041037 secs]
32763.610: [GC (Allocation Failure)  280606K->8766K(1015296K), 0.0045571 secs]
32763.962: [GC (Allocation Failure)  335422K->8734K(1080832K), 0.0038240 secs]
32764.372: [GC (Allocation Failure)  400926K->8766K(1159680K), 0.0032240 secs]
32764.865: [GC (Allocation Failure)  479806K->8766K(1144832K), 0.0036976 secs]
32765.343: [GC (Allocation Failure)  464958K->8734K(1130496K), 0.0024238 secs]
32765.840: [GC (Allocation Failure)  450590K->8766K(1116672K), 0.0033262 secs]
32766.301: [GC (Allocation Failure)  436798K->8734K(1103360K), 0.0036241 secs]
32766.736: [GC (Allocation Failure)  423454K->8766K(1091072K), 0.0035088 secs]
32767.438: [GC (Allocation Failure)  411198K->8798K(1079296K), 0.0039776 secs]
32767.839: [GC (Allocation Failure)  399454K->8766K(1068032K), 0.0035645 secs]
32768.241: [GC (Allocation Failure)  388158K->8734K(1056768K), 0.0039606 secs]
32768.643: [GC (Allocation Failure)  376862K->8766K(1046016K), 0.0038236 secs]
32769.218: [GC (Allocation Failure)  366142K->8766K(1035776K), 0.0039829 secs]
32769.583: [GC (Allocation Failure)  355902K->8734K(1026048K), 0.0042968 secs]
32769.946: [GC (Allocation Failure)  346142K->8798K(1016832K), 0.0028220 secs]
32770.291: [GC (Allocation Failure)  336990K->8766K(1008128K), 0.0038290 secs]
32770.618: [GC (Allocation Failure)  328254K->8798K(999424K), 0.0035290 secs]
32770.953: [GC (Allocation Failure)  319582K->8734K(991232K), 0.0034027 secs]
32771.301: [GC (Allocation Failure)  311326K->8766K(983552K), 0.0038058 secs]
32771.620: [GC (Allocation Failure)  303678K->8766K(1042944K), 0.0041643 secs]
32771.994: [GC (Allocation Failure)  363070K->8734K(1114112K), 0.0037400 secs]
32772.469: [GC (Allocation Failure)  434206K->8734K(1199616K), 0.0044837 secs]
32773.022: [GC (Allocation Failure)  519710K->8766K(1182720K), 0.0032601 secs]
32773.552: [GC (Allocation Failure)  502846K->8734K(1166848K), 0.0045213 secs]
32774.332: [GC (Allocation Failure)  486942K->8766K(1151488K), 0.0035931 secs]
32774.830: [GC (Allocation Failure)  471614K->8734K(1136640K), 0.0036708 secs]
32775.304: [GC (Allocation Failure)  456734K->8734K(1122816K), 0.0042935 secs]
32775.758: [GC (Allocation Failure)  442910K->8766K(1109504K), 0.0035082 secs]
32776.194: [GC (Allocation Failure)  429630K->8766K(1096704K), 0.0038530 secs]
32776.624: [GC (Allocation Failure)  416830K->8766K(1084416K), 0.0031644 secs]
32777.037: [GC (Allocation Failure)  404542K->8798K(1072640K), 0.0044836 secs]
32777.442: [GC (Allocation Failure)  392798K->8766K(1061376K), 0.0034388 secs]
32777.844: [GC (Allocation Failure)  381502K->8798K(1050624K), 0.0029531 secs]
32778.245: [GC (Allocation Failure)  370782K->8766K(1040384K), 0.0035625 secs]
32778.632: [GC (Allocation Failure)  360510K->8766K(1030656K), 0.0054622 secs]
32779.008: [GC (Allocation Failure)  350782K->8798K(1099264K), 0.0051652 secs]
32779.499: [GC (Allocation Failure)  419422K->8766K(1086976K), 0.0035913 secs]
32779.918: [GC (Allocation Failure)  407102K->8830K(1075200K), 0.0040163 secs]
32780.457: [GC (Allocation Failure)  395390K->8734K(1063936K), 0.0035891 secs]
32780.864: [GC (Allocation Failure)  384030K->8798K(1053184K), 0.0043326 secs]
32781.249: [GC (Allocation Failure)  373342K->8766K(1042944K), 0.0044052 secs]
32781.620: [GC (Allocation Failure)  363070K->8798K(1032704K), 0.0033067 secs]
32781.979: [GC (Allocation Failure)  352862K->8766K(1022976K), 0.0035089 secs]
32782.354: [GC (Allocation Failure)  343102K->8766K(1013760K), 0.0031987 secs]
32782.691: [GC (Allocation Failure)  333886K->8734K(1005056K), 0.0036933 secs]
32783.023: [GC (Allocation Failure)  325150K->8766K(996352K), 0.0037146 secs]
32783.341: [GC (Allocation Failure)  316478K->8798K(1058304K), 0.0034872 secs]
32783.726: [GC (Allocation Failure)  378462K->8798K(1047552K), 0.0028370 secs]
32784.097: [GC (Allocation Failure)  367710K->8798K(1037312K), 0.0035062 secs]
32784.654: [GC (Allocation Failure)  357470K->8766K(1027584K), 0.0033922 secs]
32785.008: [GC (Allocation Failure)  347710K->8798K(1018368K), 0.0032097 secs]
32785.353: [GC (Allocation Failure)  338526K->8830K(1009152K), 0.0041916 secs]
32785.710: [GC (Allocation Failure)  329342K->8766K(1000448K), 0.0041053 secs]
32786.082: [GC (Allocation Failure)  320574K->8734K(1062912K), 0.0039983 secs]
32786.471: [GC (Allocation Failure)  383006K->8734K(1052160K), 0.0030562 secs]
32786.846: [GC (Allocation Failure)  372254K->8766K(1041920K), 0.0040406 secs]
32787.414: [GC (Allocation Failure)  362046K->8734K(1032192K), 0.0036193 secs]
32787.776: [GC (Allocation Failure)  352286K->8734K(1022464K), 0.0035662 secs]
32788.124: [GC (Allocation Failure)  342558K->8766K(1013248K), 0.0038420 secs]
32788.494: [GC (Allocation Failure)  333374K->8734K(1078272K), 0.0045085 secs]
32788.945: [GC (Allocation Failure)  398366K->8798K(1067008K), 0.0030325 secs]
32789.368: [GC (Allocation Failure)  387166K->8766K(1056256K), 0.0035339 secs]
32789.757: [GC (Allocation Failure)  376382K->8766K(1045504K), 0.0030262 secs]
32790.126: [GC (Allocation Failure)  365630K->8798K(1035264K), 0.0031560 secs]
32790.487: [GC (Allocation Failure)  355422K->8734K(1025536K), 0.0034474 secs]
32790.854: [GC (Allocation Failure)  345630K->8798K(1016320K), 0.0029857 secs]
32791.195: [GC (Allocation Failure)  336478K->8734K(1007616K), 0.0039511 secs]
32791.737: [GC (Allocation Failure)  327710K->8734K(998912K), 0.0032953 secs]
32792.059: [GC (Allocation Failure)  319006K->8766K(990720K), 0.0033065 secs]
32792.388: [GC (Allocation Failure)  310846K->8766K(983040K), 0.0029150 secs]
32792.695: [GC (Allocation Failure)  303166K->8734K(975360K), 0.0032538 secs]
32792.993: [GC (Allocation Failure)  295454K->8798K(968192K), 0.0032239 secs]
32793.283: [GC (Allocation Failure)  288350K->8734K(961024K), 0.0029075 secs]
32793.794: [GC (Allocation Failure)  281118K->8798K(954368K), 0.0030765 secs]
32794.071: [GC (Allocation Failure)  274526K->8734K(1007616K), 0.0040592 secs]
32794.401: [GC (Allocation Failure)  327710K->8766K(1071616K), 0.0040269 secs]
32795.056: [GC (Allocation Failure)  391742K->8798K(1060352K), 0.0034581 secs]
32795.465: [GC (Allocation Failure)  380510K->8702K(1049600K), 0.0041070 secs]
32795.847: [GC (Allocation Failure)  369662K->8798K(1039360K), 0.0030261 secs]
32796.214: [GC (Allocation Failure)  359518K->8766K(1029632K), 0.0039215 secs]
32796.572: [GC (Allocation Failure)  349758K->8766K(1020416K), 0.0036769 secs]
32796.933: [GC (Allocation Failure)  340542K->8734K(1011200K), 0.0035310 secs]
32797.281: [GC (Allocation Failure)  331294K->8766K(1002496K), 0.0035671 secs]
32797.639: [GC (Allocation Failure)  322622K->8766K(994304K), 0.0035985 secs]
32797.992: [GC (Allocation Failure)  314430K->8766K(1055744K), 0.0045146 secs]
32798.401: [GC (Allocation Failure)  375870K->8766K(1044992K), 0.0038232 secs]
32798.994: [GC (Allocation Failure)  365118K->8766K(1034752K), 0.0032316 secs]
32799.375: [GC (Allocation Failure)  354878K->8734K(1025024K), 0.0037691 secs]
32799.728: [GC (Allocation Failure)  345118K->8798K(1015808K), 0.0037928 secs]
32800.086: [GC (Allocation Failure)  335966K->8766K(1007104K), 0.0035873 secs]
32800.683: [GC (Allocation Failure)  327230K->8766K(998400K), 0.0061265 secs]
32801.038: [GC (Allocation Failure)  318526K->8798K(990208K), 0.0039327 secs]
32801.381: [GC (Allocation Failure)  310366K->8734K(982528K), 0.0034286 secs]
32801.698: [GC (Allocation Failure)  302622K->8734K(1041408K), 0.0041426 secs]
32802.078: [GC (Allocation Failure)  361502K->8734K(1112064K), 0.0041555 secs]
32802.532: [GC (Allocation Failure)  432158K->8798K(1197056K), 0.0045269 secs]
32803.079: [GC (Allocation Failure)  517214K->8734K(1180672K), 0.0037193 secs]
32803.799: [GC (Allocation Failure)  500766K->8766K(1164800K), 0.0039768 secs]
32804.383: [GC (Allocation Failure)  484926K->8766K(1149440K), 0.0035205 secs]
32804.867: [GC (Allocation Failure)  469566K->8766K(1135104K), 0.0045402 secs]
32805.334: [GC (Allocation Failure)  455230K->8766K(1121280K), 0.0032135 secs]
32805.788: [GC (Allocation Failure)  441406K->8798K(1107968K), 0.0041604 secs]
32806.230: [GC (Allocation Failure)  428126K->8734K(1095168K), 0.0037034 secs]
32806.691: [GC (Allocation Failure)  415262K->8766K(1082880K), 0.0030120 secs]
32807.300: [GC (Allocation Failure)  403006K->8734K(1071104K), 0.0034649 secs]
32807.698: [GC (Allocation Failure)  391198K->8798K(1059840K), 0.0036889 secs]
32808.108: [GC (Allocation Failure)  379998K->8766K(1049088K), 0.0038116 secs]
32808.614: [GC (Allocation Failure)  369214K->8766K(1038848K), 0.0038591 secs]
32808.980: [GC (Allocation Failure)  358974K->8766K(1029120K), 0.0035969 secs]
32809.435: [GC (Allocation Failure)  349246K->8734K(1019904K), 0.0039349 secs]
32809.811: [GC (Allocation Failure)  339998K->8734K(1010688K), 0.0039891 secs]
32810.368: [GC (Allocation Failure)  330782K->8766K(1001984K), 0.0037311 secs]
32810.700: [GC (Allocation Failure)  322110K->8766K(993792K), 0.0035251 secs]
32811.022: [GC (Allocation Failure)  313918K->8766K(1055232K), 0.0067083 secs]
32811.426: [GC (Allocation Failure)  375358K->8766K(1128960K), 0.0042168 secs]
32811.894: [GC (Allocation Failure)  449086K->8766K(1217024K), 0.0056187 secs]
32812.646: [GC (Allocation Failure)  537150K->8766K(1323008K), 0.0051822 secs]
32813.378: [GC (Allocation Failure)  643134K->8734K(1300480K), 0.0035216 secs]
32814.030: [GC (Allocation Failure)  620574K->8734K(1278976K), 0.0323944 secs]
32814.673: [GC (Allocation Failure)  599070K->8766K(1258496K), 0.0035854 secs]
32815.276: [GC (Allocation Failure)  578622K->8766K(1239040K), 0.0044478 secs]
32815.864: [GC (Allocation Failure)  559166K->8766K(1220608K), 0.0041618 secs]
32816.461: [GC (Allocation Failure)  540734K->8766K(1203200K), 0.0037647 secs]
32817.180: [GC (Allocation Failure)  523326K->8766K(1186304K), 0.0050440 secs]
32817.751: [GC (Allocation Failure)  506430K->8702K(1169920K), 0.0035528 secs]
32818.474: [GC (Allocation Failure)  489982K->8766K(1154560K), 0.0040805 secs]
32818.959: [GC (Allocation Failure)  474686K->8766K(1139712K), 0.0037500 secs]
32819.428: [GC (Allocation Failure)  459838K->8766K(1125376K), 0.0034626 secs]
32820.187: [GC (Allocation Failure)  445502K->8766K(1112064K), 0.0033716 secs]
32820.627: [GC (Allocation Failure)  432190K->8766K(1099264K), 0.0035306 secs]
32821.059: [GC (Allocation Failure)  419390K->8766K(1086976K), 0.0030344 secs]
32821.473: [GC (Allocation Failure)  407102K->8766K(1075200K), 0.0034245 secs]
32821.878: [GC (Allocation Failure)  395326K->8766K(1063936K), 0.0035493 secs]
32822.552: [GC (Allocation Failure)  384062K->8734K(1053184K), 0.0037404 secs]
32822.986: [GC (Allocation Failure)  373278K->8766K(1042944K), 0.0043772 secs]
32823.371: [GC (Allocation Failure)  363070K->8766K(1032704K), 0.0034849 secs]
32823.802: [GC (Allocation Failure)  352830K->8798K(1022976K), 0.0029723 secs]
32824.351: [GC (Allocation Failure)  343134K->8766K(1013760K), 0.0034119 secs]
32824.692: [GC (Allocation Failure)  333886K->8734K(1005056K), 0.0034609 secs]
32825.051: [GC (Allocation Failure)  325150K->8798K(996352K), 0.0037377 secs]
32825.640: [GC (Allocation Failure)  316510K->8798K(988160K), 0.0043144 secs]
32825.984: [GC (Allocation Failure)  308318K->8798K(980480K), 0.0039426 secs]
32826.299: [GC (Allocation Failure)  300638K->8766K(972800K), 0.0033021 secs]
32826.639: [GC (Allocation Failure)  292926K->8766K(965632K), 0.0037259 secs]
32826.932: [GC (Allocation Failure)  285758K->8734K(1021440K), 0.0035381 secs]
32827.284: [GC (Allocation Failure)  341534K->8734K(1012224K), 0.0029847 secs]
32827.836: [GC (Allocation Failure)  332318K->8734K(1003520K), 0.0033235 secs]
32828.200: [GC (Allocation Failure)  323614K->8798K(995328K), 0.0037351 secs]
32828.539: [GC (Allocation Failure)  315486K->8766K(987136K), 0.0030938 secs]
32829.037: [GC (Allocation Failure)  307262K->8766K(979456K), 0.0036342 secs]
32829.344: [GC (Allocation Failure)  299582K->8766K(971776K), 0.0037659 secs]
32829.648: [GC (Allocation Failure)  291902K->8734K(1028608K), 0.0041502 secs]
32830.270: [GC (Allocation Failure)  348702K->8734K(1019392K), 0.0040316 secs]
32830.641: [GC (Allocation Failure)  339486K->8766K(1010176K), 0.0033633 secs]
32831.016: [GC (Allocation Failure)  330302K->8734K(1001472K), 0.0035876 secs]
32831.375: [GC (Allocation Failure)  321566K->8734K(993280K), 0.0037124 secs]
32831.716: [GC (Allocation Failure)  313374K->8766K(985088K), 0.0037677 secs]
32832.052: [GC (Allocation Failure)  305214K->8766K(977408K), 0.0037213 secs]
32832.356: [GC (Allocation Failure)  297534K->8734K(1035264K), 0.0049714 secs]
32832.725: [GC (Allocation Failure)  355358K->8766K(1104896K), 0.0033808 secs]
32833.157: [GC (Allocation Failure)  425022K->8734K(1188352K), 0.0035505 secs]
32833.904: [GC (Allocation Failure)  508446K->8766K(1171968K), 0.0037679 secs]
32834.407: [GC (Allocation Failure)  492094K->8734K(1156608K), 0.0042877 secs]
32834.899: [GC (Allocation Failure)  476702K->8734K(1141760K), 0.0031499 secs]
32835.375: [GC (Allocation Failure)  461854K->8766K(1127424K), 0.0039310 secs]
32836.053: [GC (Allocation Failure)  447550K->8766K(1114112K), 0.0037745 secs]
32836.511: [GC (Allocation Failure)  434238K->8734K(1101312K), 0.0034635 secs]
32836.943: [GC (Allocation Failure)  421406K->8798K(1089024K), 0.0045997 secs]
32837.370: [GC (Allocation Failure)  409182K->8798K(1077248K), 0.0029415 secs]
32837.817: [GC (Allocation Failure)  397406K->8766K(1065984K), 0.0035869 secs]
32838.403: [GC (Allocation Failure)  386110K->8766K(1055232K), 0.0038859 secs]
32838.785: [GC (Allocation Failure)  375358K->8798K(1044480K), 0.0039749 secs]
32839.188: [GC (Allocation Failure)  364638K->8766K(1034240K), 0.0041564 secs]
32839.780: [GC (Allocation Failure)  354366K->8766K(1024512K), 0.0039379 secs]
32840.150: [GC (Allocation Failure)  344638K->8766K(1015296K), 0.0032692 secs]
32840.491: [GC (Allocation Failure)  335422K->8766K(1006592K), 0.0030004 secs]
32840.882: [GC (Allocation Failure)  326718K->8766K(997888K), 0.0032762 secs]
32841.222: [GC (Allocation Failure)  318014K->8766K(989696K), 0.0031356 secs]
32841.535: [GC (Allocation Failure)  309822K->8798K(982016K), 0.0029621 secs]
32841.843: [GC (Allocation Failure)  302174K->8766K(974336K), 0.0038815 secs]
32842.369: [GC (Allocation Failure)  294462K->8798K(967168K), 0.0033897 secs]
32842.673: [GC (Allocation Failure)  287326K->8766K(960000K), 0.0034829 secs]
32842.954: [GC (Allocation Failure)  280126K->8734K(953344K), 0.0032528 secs]
32843.230: [GC (Allocation Failure)  273438K->8766K(1006592K), 0.0035972 secs]
32843.562: [GC (Allocation Failure)  326718K->8766K(1070592K), 0.0034174 secs]
32844.130: [GC (Allocation Failure)  390718K->8766K(1059328K), 0.0034016 secs]
32844.514: [GC (Allocation Failure)  379454K->8766K(1048576K), 0.0033546 secs]
32845.142: [GC (Allocation Failure)  368702K->8734K(1038336K), 0.0028064 secs]
32845.524: [GC (Allocation Failure)  358430K->8766K(1028608K), 0.0028327 secs]
32845.901: [GC (Allocation Failure)  348734K->8734K(1019392K), 0.0032068 secs]
32846.249: [GC (Allocation Failure)  339486K->8766K(1010176K), 0.0039583 secs]
32846.610: [GC (Allocation Failure)  330302K->8766K(1001472K), 0.0032944 secs]
32846.973: [GC (Allocation Failure)  321598K->8766K(993280K), 0.0039456 secs]
32847.298: [GC (Allocation Failure)  313406K->8798K(985088K), 0.0042292 secs]
32847.614: [GC (Allocation Failure)  305246K->8766K(977408K), 0.0032885 secs]
32847.920: [GC (Allocation Failure)  297534K->8766K(1035264K), 0.0037450 secs]
32848.467: [GC (Allocation Failure)  355390K->8766K(1025536K), 0.0032688 secs]
32848.820: [GC (Allocation Failure)  345662K->8798K(1016320K), 0.0031335 secs]
32849.452: [GC (Allocation Failure)  336478K->8766K(1007616K), 0.0033977 secs]
32849.787: [GC (Allocation Failure)  327742K->8734K(998912K), 0.0032993 secs]
32850.159: [GC (Allocation Failure)  319006K->8734K(990720K), 0.0037487 secs]
32850.486: [GC (Allocation Failure)  310814K->8798K(983040K), 0.0031463 secs]
32850.811: [GC (Allocation Failure)  303198K->8766K(975360K), 0.0034440 secs]
32851.240: [GC (Allocation Failure)  295486K->8766K(968192K), 0.0031305 secs]
32851.639: [GC (Allocation Failure)  288318K->8766K(1024512K), 0.0093433 secs]
32851.999: [GC (Allocation Failure)  344638K->8766K(1092096K), 0.0029779 secs]
32852.417: [GC (Allocation Failure)  412222K->8798K(1172992K), 0.0034830 secs]
32852.930: [GC (Allocation Failure)  493150K->8798K(1157632K), 0.0037655 secs]
32853.414: [GC (Allocation Failure)  477790K->8766K(1142784K), 0.0037002 secs]
32853.906: [GC (Allocation Failure)  462910K->8734K(1128448K), 0.0044197 secs]
32854.586: [GC (Allocation Failure)  448542K->8766K(1114624K), 0.0041724 secs]
32855.050: [GC (Allocation Failure)  434750K->8766K(1101824K), 0.0035459 secs]
32855.715: [GC (Allocation Failure)  421950K->8766K(1089536K), 0.0045747 secs]
32856.133: [GC (Allocation Failure)  409662K->8766K(1077760K), 0.0037977 secs]
32856.537: [GC (Allocation Failure)  397886K->8766K(1066496K), 0.0037579 secs]
32856.950: [GC (Allocation Failure)  386622K->8766K(1055744K), 0.0032947 secs]
32857.520: [GC (Allocation Failure)  375870K->8734K(1044992K), 0.0052614 secs]
32857.899: [GC (Allocation Failure)  365086K->8766K(1034752K), 0.0038418 secs]
32858.319: [GC (Allocation Failure)  354878K->8766K(1025024K), 0.0031946 secs]
32858.703: [GC (Allocation Failure)  345150K->8766K(1015808K), 0.0037939 secs]
32859.214: [GC (Allocation Failure)  335934K->8734K(1007104K), 0.0030340 secs]
32859.563: [GC (Allocation Failure)  327198K->8766K(998400K), 0.0030054 secs]
32859.904: [GC (Allocation Failure)  318526K->8766K(990208K), 0.0030525 secs]
32860.222: [GC (Allocation Failure)  310334K->8766K(982528K), 0.0029577 secs]
32860.713: [GC (Allocation Failure)  302654K->8766K(974848K), 0.0035922 secs]
32861.017: [GC (Allocation Failure)  294974K->8798K(967680K), 0.0033545 secs]
32861.312: [GC (Allocation Failure)  287838K->8766K(960512K), 0.0032215 secs]
32861.632: [GC (Allocation Failure)  280638K->8734K(953856K), 0.0033751 secs]
32861.925: [GC (Allocation Failure)  273950K->8798K(947200K), 0.0031489 secs]
32862.191: [GC (Allocation Failure)  267358K->8798K(998912K), 0.0094866 secs]
32862.717: [GC (Allocation Failure)  319070K->8766K(1061376K), 0.0034314 secs]
32863.104: [GC (Allocation Failure)  381502K->8766K(1136128K), 0.0029085 secs]
32863.772: [GC (Allocation Failure)  456254K->8798K(1225728K), 0.0039079 secs]
32864.327: [GC (Allocation Failure)  545886K->8734K(1207808K), 0.0030185 secs]
32864.860: [GC (Allocation Failure)  527902K->8734K(1190912K), 0.0034298 secs]
32865.466: [GC (Allocation Failure)  511006K->8766K(1174528K), 0.0037584 secs]
32865.968: [GC (Allocation Failure)  494654K->8798K(1159168K), 0.0051335 secs]
32866.490: [GC (Allocation Failure)  479326K->8734K(1144320K), 0.0032981 secs]
32866.988: [GC (Allocation Failure)  464414K->8734K(1129984K), 0.0029151 secs]
32867.522: [GC (Allocation Failure)  450078K->8766K(1116160K), 0.0034738 secs]
32868.194: [GC (Allocation Failure)  436286K->8734K(1102848K), 0.0046562 secs]
32868.651: [GC (Allocation Failure)  422942K->8766K(1090560K), 0.0039561 secs]
32869.074: [GC (Allocation Failure)  410686K->8766K(1078784K), 0.0045268 secs]
32869.496: [GC (Allocation Failure)  398910K->8766K(1067520K), 0.0038527 secs]
32870.136: [GC (Allocation Failure)  387646K->8766K(1056256K), 0.0049685 secs]
32870.512: [GC (Allocation Failure)  376382K->8766K(1045504K), 0.0039372 secs]
32870.881: [GC (Allocation Failure)  365630K->8734K(1035264K), 0.0042030 secs]
32871.276: [GC (Allocation Failure)  355358K->8766K(1025536K), 0.0037945 secs]
32871.625: [GC (Allocation Failure)  345662K->8766K(1016320K), 0.0035978 secs]
32871.994: [GC (Allocation Failure)  336446K->8766K(1007616K), 0.0042008 secs]
32872.329: [GC (Allocation Failure)  327742K->8766K(1071616K), 0.0036796 secs]
32872.733: [GC (Allocation Failure)  391742K->8766K(1060352K), 0.0037248 secs]
32873.147: [GC (Allocation Failure)  380478K->8766K(1049600K), 0.0036033 secs]
32873.525: [GC (Allocation Failure)  369726K->8766K(1121792K), 0.0052033 secs]
32873.985: [GC (Allocation Failure)  441918K->8734K(1108480K), 0.0036275 secs]
32874.442: [GC (Allocation Failure)  428574K->8734K(1095680K), 0.0036334 secs]
32874.882: [GC (Allocation Failure)  415774K->8766K(1083392K), 0.0038812 secs]
32875.319: [GC (Allocation Failure)  403518K->8766K(1071616K), 0.0045470 secs]
32875.975: [GC (Allocation Failure)  391742K->8702K(1060352K), 0.0042845 secs]
32876.368: [GC (Allocation Failure)  380414K->8734K(1135104K), 0.0059287 secs]
32876.837: [GC (Allocation Failure)  455198K->8766K(1121280K), 0.0033904 secs]
32877.336: [GC (Allocation Failure)  441406K->8766K(1107968K), 0.0036524 secs]
32877.765: [GC (Allocation Failure)  428094K->8766K(1095168K), 0.0056825 secs]
32878.198: [GC (Allocation Failure)  415294K->8734K(1082880K), 0.0038587 secs]
32878.799: [GC (Allocation Failure)  402974K->8766K(1071104K), 0.0037936 secs]
32879.200: [GC (Allocation Failure)  391230K->8734K(1059840K), 0.0041587 secs]
32879.625: [GC (Allocation Failure)  379934K->8766K(1049088K), 0.0034800 secs]
32880.183: [GC (Allocation Failure)  369214K->8734K(1038848K), 0.0039354 secs]
32880.548: [GC (Allocation Failure)  358942K->8734K(1029120K), 0.0033020 secs]
32880.903: [GC (Allocation Failure)  349214K->8766K(1019904K), 0.0037606 secs]
32881.456: [GC (Allocation Failure)  340030K->8766K(1010688K), 0.0040345 secs]
32881.794: [GC (Allocation Failure)  330814K->8734K(1001984K), 0.0036265 secs]
32882.128: [GC (Allocation Failure)  322078K->8766K(993792K), 0.0037283 secs]
32882.446: [GC (Allocation Failure)  313918K->8734K(1055232K), 0.0074578 secs]
32882.858: [GC (Allocation Failure)  375326K->8734K(1128960K), 0.0031734 secs]
32883.312: [GC (Allocation Failure)  449054K->8734K(1115136K), 0.0026471 secs]
32883.757: [GC (Allocation Failure)  435230K->8798K(1200640K), 0.0053461 secs]
32884.307: [GC (Allocation Failure)  520798K->8734K(1303040K), 0.0051565 secs]
32884.950: [GC (Allocation Failure)  623134K->8798K(1281536K), 0.0042412 secs]
32885.572: [GC (Allocation Failure)  601694K->8766K(1261056K), 0.0032176 secs]
32886.166: [GC (Allocation Failure)  581182K->8766K(1241600K), 0.0036581 secs]
32886.788: [GC (Allocation Failure)  561726K->8766K(1223168K), 0.0031543 secs]
32887.340: [GC (Allocation Failure)  543294K->8766K(1205248K), 0.0031880 secs]
32888.135: [GC (Allocation Failure)  525374K->8766K(1188352K), 0.0036850 secs]
32888.650: [GC (Allocation Failure)  508478K->8766K(1171968K), 0.0039216 secs]
32889.200: [GC (Allocation Failure)  492094K->8734K(1156608K), 0.0034121 secs]
32889.851: [GC (Allocation Failure)  476702K->8766K(1141760K), 0.0036314 secs]
32890.321: [GC (Allocation Failure)  461886K->8766K(1127424K), 0.0035897 secs]
32890.793: [GC (Allocation Failure)  447550K->8766K(1114112K), 0.0044675 secs]
32891.252: [GC (Allocation Failure)  434238K->8734K(1101312K), 0.0035642 secs]
32891.681: [GC (Allocation Failure)  421406K->8798K(1089024K), 0.0033892 secs]
32892.098: [GC (Allocation Failure)  409182K->8766K(1077248K), 0.0042524 secs]
32892.502: [GC (Allocation Failure)  397374K->8766K(1065984K), 0.0034984 secs]
32892.899: [GC (Allocation Failure)  386110K->8766K(1055232K), 0.0038108 secs]
32893.312: [GC (Allocation Failure)  375358K->8766K(1044480K), 0.0041572 secs]
32893.690: [GC (Allocation Failure)  364606K->8766K(1034240K), 0.0030570 secs]
32894.051: [GC (Allocation Failure)  354366K->8798K(1024512K), 0.0038634 secs]
32894.402: [GC (Allocation Failure)  344670K->8766K(1015296K), 0.0031367 secs]
32894.936: [GC (Allocation Failure)  335422K->8734K(1006592K), 0.0034062 secs]
32895.270: [GC (Allocation Failure)  326686K->8830K(997888K), 0.0031594 secs]
32895.592: [GC (Allocation Failure)  318078K->8798K(989696K), 0.0029374 secs]
32895.907: [GC (Allocation Failure)  309854K->8766K(982016K), 0.0041111 secs]
32896.217: [GC (Allocation Failure)  302142K->8766K(1040896K), 0.0040983 secs]
32896.609: [GC (Allocation Failure)  361022K->8734K(1031168K), 0.0034315 secs]
32896.984: [GC (Allocation Failure)  351262K->8766K(1021440K), 0.0032657 secs]
32897.339: [GC (Allocation Failure)  341566K->8734K(1012224K), 0.0033587 secs]
32897.852: [GC (Allocation Failure)  332318K->8766K(1003520K), 0.0033569 secs]
32898.209: [GC (Allocation Failure)  323646K->8734K(995328K), 0.0035167 secs]
32898.537: [GC (Allocation Failure)  315422K->8734K(987136K), 0.0031279 secs]
32898.850: [GC (Allocation Failure)  307230K->8798K(979456K), 0.0039538 secs]
32899.156: [GC (Allocation Failure)  299614K->8734K(1037824K), 0.0044329 secs]
32899.758: [GC (Allocation Failure)  357918K->8766K(1028096K), 0.0035197 secs]
32900.119: [GC (Allocation Failure)  348222K->8766K(1018880K), 0.0033818 secs]
32900.467: [GC (Allocation Failure)  339006K->8734K(1009664K), 0.0035478 secs]
32900.809: [GC (Allocation Failure)  329758K->8734K(1074176K), 0.0039928 secs]
32901.229: [GC (Allocation Failure)  394270K->8798K(1062912K), 0.0035851 secs]
32901.632: [GC (Allocation Failure)  383070K->8766K(1052160K), 0.0034808 secs]
32902.010: [GC (Allocation Failure)  372286K->8766K(1041920K), 0.0038206 secs]
32902.396: [GC (Allocation Failure)  362046K->8702K(1032192K), 0.0032219 secs]
32902.877: [GC (Allocation Failure)  352254K->8766K(1022464K), 0.0034831 secs]
32903.258: [GC (Allocation Failure)  342590K->8766K(1013248K), 0.0033297 secs]
32903.601: [GC (Allocation Failure)  333374K->8766K(1004544K), 0.0030590 secs]
32903.934: [GC (Allocation Failure)  324670K->8766K(996352K), 0.0035986 secs]
32904.276: [GC (Allocation Failure)  316478K->8766K(988160K), 0.0034711 secs]
32904.597: [GC (Allocation Failure)  308286K->8766K(980480K), 0.0034007 secs]
32905.105: [GC (Allocation Failure)  300606K->8734K(972800K), 0.0038495 secs]
32905.403: [GC (Allocation Failure)  292894K->8798K(1029632K), 0.0051284 secs]
32905.759: [GC (Allocation Failure)  349790K->8766K(1098240K), 0.0034904 secs]
32906.400: [GC (Allocation Failure)  418366K->8734K(1085952K), 0.0040921 secs]
32906.814: [GC (Allocation Failure)  406046K->8766K(1074176K), 0.0032844 secs]
32907.232: [GC (Allocation Failure)  394302K->8766K(1062912K), 0.0044663 secs]
32907.626: [GC (Allocation Failure)  383038K->8798K(1052160K), 0.0042306 secs]
32908.020: [GC (Allocation Failure)  372318K->8734K(1041920K), 0.1933311 secs]
32908.586: [GC (Allocation Failure)  362014K->8798K(1032192K), 0.0037589 secs]
32908.946: [GC (Allocation Failure)  352350K->8798K(1022464K), 0.0034676 secs]
32909.315: [GC (Allocation Failure)  342622K->8798K(1013248K), 0.0032315 secs]
32909.689: [GC (Allocation Failure)  333406K->8734K(1004544K), 0.0040667 secs]
32910.023: [GC (Allocation Failure)  324638K->8734K(996352K), 0.0036497 secs]
32910.356: [GC (Allocation Failure)  316446K->8766K(988160K), 0.0035319 secs]
32910.861: [GC (Allocation Failure)  308286K->8734K(980480K), 0.0052784 secs]
32911.172: [GC (Allocation Failure)  300574K->8798K(1038848K), 0.0038277 secs]
32911.538: [GC (Allocation Failure)  359006K->8734K(1108992K), 0.0036095 secs]
32911.976: [GC (Allocation Failure)  429086K->8766K(1096192K), 0.0037507 secs]
32912.401: [GC (Allocation Failure)  416318K->8766K(1083904K), 0.0036332 secs]
32912.856: [GC (Allocation Failure)  404030K->8798K(1072128K), 0.0027879 secs]
32913.253: [GC (Allocation Failure)  392286K->8798K(1060864K), 0.0043836 secs]
32913.794: [GC (Allocation Failure)  381022K->8766K(1050112K), 0.0037178 secs]
32914.170: [GC (Allocation Failure)  370238K->8766K(1039872K), 0.0037300 secs]
32914.535: [GC (Allocation Failure)  359998K->8766K(1030144K), 0.0029992 secs]
32914.890: [GC (Allocation Failure)  350270K->8798K(1020928K), 0.0031021 secs]
32915.444: [GC (Allocation Failure)  341086K->8766K(1011712K), 0.0040202 secs]
32915.791: [GC (Allocation Failure)  331838K->8734K(1003008K), 0.0040657 secs]
32916.137: [GC (Allocation Failure)  323102K->8766K(994816K), 0.0031331 secs]
32916.457: [GC (Allocation Failure)  314942K->8766K(986624K), 0.0034389 secs]
32916.769: [GC (Allocation Failure)  306750K->8766K(1046528K), 0.0038688 secs]
32917.154: [GC (Allocation Failure)  366654K->8734K(1036288K), 0.0030510 secs]
32917.553: [GC (Allocation Failure)  356382K->8766K(1026560K), 0.0033931 secs]
32917.937: [GC (Allocation Failure)  346686K->8734K(1017344K), 0.0034989 secs]
32918.319: [GC (Allocation Failure)  337438K->8766K(1083392K), 0.0050997 secs]
32919.033: [GC (Allocation Failure)  403518K->8766K(1071616K), 0.0034749 secs]
32919.433: [GC (Allocation Failure)  391742K->8734K(1060352K), 0.0034030 secs]
32919.833: [GC (Allocation Failure)  380446K->8798K(1049600K), 0.0037412 secs]
32920.228: [GC (Allocation Failure)  369758K->8798K(1039360K), 0.0032264 secs]
32920.618: [GC (Allocation Failure)  359518K->8766K(1029632K), 0.0036698 secs]
32920.977: [GC (Allocation Failure)  349758K->8734K(1098240K), 0.0060294 secs]
32921.410: [GC (Allocation Failure)  418334K->8766K(1085952K), 0.0035084 secs]
32921.841: [GC (Allocation Failure)  406078K->8766K(1074176K), 0.0042066 secs]
32922.247: [GC (Allocation Failure)  394302K->8766K(1062912K), 0.0035846 secs]
32922.638: [GC (Allocation Failure)  383038K->8766K(1052160K), 0.0035435 secs]
32923.282: [GC (Allocation Failure)  372286K->8734K(1041920K), 0.0035772 secs]
32923.658: [GC (Allocation Failure)  362014K->8766K(1112576K), 0.0074192 secs]
32924.308: [GC (Allocation Failure)  432702K->8766K(1099776K), 0.0038949 secs]
32924.750: [GC (Allocation Failure)  419902K->8766K(1087488K), 0.0034289 secs]
32925.171: [GC (Allocation Failure)  407614K->8734K(1075712K), 0.0033901 secs]
32925.576: [GC (Allocation Failure)  395806K->8766K(1064448K), 0.0043617 secs]
32925.969: [GC (Allocation Failure)  384574K->8766K(1053696K), 0.0038220 secs]
32926.349: [GC (Allocation Failure)  373822K->8798K(1043456K), 0.0038534 secs]
32926.743: [GC (Allocation Failure)  363614K->8766K(1033216K), 0.0035328 secs]
32927.105: [GC (Allocation Failure)  353342K->8734K(1023488K), 0.0042022 secs]
32927.459: [GC (Allocation Failure)  343582K->8766K(1014272K), 0.0031946 secs]
32927.796: [GC (Allocation Failure)  334398K->8766K(1079808K), 0.0039795 secs]
32928.434: [GC (Allocation Failure)  399934K->8798K(1068032K), 0.0036962 secs]
32928.831: [GC (Allocation Failure)  388190K->8734K(1056768K), 0.0032426 secs]
32929.249: [GC (Allocation Failure)  376862K->8734K(1046016K), 0.0034282 secs]
32929.621: [GC (Allocation Failure)  366110K->8734K(1035776K), 0.0032490 secs]
32929.984: [GC (Allocation Failure)  355870K->8734K(1026048K), 0.0030610 secs]
32930.335: [GC (Allocation Failure)  346142K->8766K(1016832K), 0.0042513 secs]
32930.701: [GC (Allocation Failure)  336958K->8766K(1008128K), 0.0043433 secs]
32931.039: [GC (Allocation Failure)  328254K->8798K(1072128K), 0.0040132 secs]
32931.439: [GC (Allocation Failure)  392286K->8734K(1148928K), 0.0037331 secs]
32931.924: [GC (Allocation Failure)  469022K->8766K(1134592K), 0.0041017 secs]
32932.396: [GC (Allocation Failure)  454718K->8734K(1120768K), 0.0036751 secs]
32932.870: [GC (Allocation Failure)  440862K->8766K(1107456K), 0.0038182 secs]
32933.333: [GC (Allocation Failure)  427582K->8766K(1094656K), 0.0057700 secs]
32933.943: [GC (Allocation Failure)  414782K->8798K(1082368K), 0.0048876 secs]
32934.378: [GC (Allocation Failure)  402526K->8734K(1070592K), 0.0041398 secs]
32934.773: [GC (Allocation Failure)  390686K->8702K(1059328K), 0.0036034 secs]
32935.157: [GC (Allocation Failure)  379390K->8766K(1048576K), 0.0035775 secs]
32935.534: [GC (Allocation Failure)  368702K->8766K(1038336K), 0.0035275 secs]
32935.896: [GC (Allocation Failure)  358462K->8734K(1108480K), 0.0055829 secs]
32936.354: [GC (Allocation Failure)  428574K->8798K(1095680K), 0.0033054 secs]
32936.778: [GC (Allocation Failure)  415838K->8830K(1083392K), 0.0032019 secs]
32937.204: [GC (Allocation Failure)  403582K->8798K(1071616K), 0.0039929 secs]
32937.604: [GC (Allocation Failure)  391774K->8798K(1060352K), 0.0033215 secs]
32937.993: [GC (Allocation Failure)  380510K->8766K(1049600K), 0.0035269 secs]
32938.369: [GC (Allocation Failure)  369726K->8766K(1039360K), 0.0043064 secs]
32938.929: [GC (Allocation Failure)  359486K->8734K(1029632K), 0.0057032 secs]
32939.292: [GC (Allocation Failure)  349726K->8734K(1020416K), 0.0038715 secs]
32939.667: [GC (Allocation Failure)  340510K->8734K(1086976K), 0.0042339 secs]
32940.105: [GC (Allocation Failure)  407070K->8766K(1075200K), 0.0039025 secs]
32940.514: [GC (Allocation Failure)  395326K->8798K(1063936K), 0.0033105 secs]
32940.907: [GC (Allocation Failure)  384094K->8798K(1053184K), 0.0027843 secs]
32941.288: [GC (Allocation Failure)  373342K->8766K(1042944K), 0.2563184 secs]
32941.913: [GC (Allocation Failure)  363070K->8766K(1032704K), 0.0036139 secs]
32942.289: [GC (Allocation Failure)  352830K->8766K(1022976K), 0.0029609 secs]
32942.638: [GC (Allocation Failure)  343102K->8734K(1013760K), 0.0035905 secs]
32942.977: [GC (Allocation Failure)  333854K->8798K(1005056K), 0.0029984 secs]
32943.307: [GC (Allocation Failure)  325214K->8798K(996352K), 0.0028319 secs]
32943.629: [GC (Allocation Failure)  316510K->8766K(988160K), 0.0031065 secs]
32943.942: [GC (Allocation Failure)  308286K->8798K(980480K), 0.0028958 secs]
32944.263: [GC (Allocation Failure)  300638K->8766K(972800K), 0.0030470 secs]
32944.560: [GC (Allocation Failure)  292926K->8734K(965632K), 0.0034071 secs]
32944.881: [GC (Allocation Failure)  285726K->8766K(1021440K), 0.0040348 secs]
32945.231: [GC (Allocation Failure)  341566K->8766K(1088000K), 0.0038388 secs]
32945.648: [GC (Allocation Failure)  408126K->8798K(1167872K), 0.0043108 secs]
32946.153: [GC (Allocation Failure)  488030K->8798K(1152512K), 0.0043923 secs]
32946.869: [GC (Allocation Failure)  472670K->8766K(1137664K), 0.0040772 secs]
32947.353: [GC (Allocation Failure)  457790K->8766K(1123840K), 0.0034860 secs]
32947.800: [GC (Allocation Failure)  443966K->8798K(1110528K), 0.0042958 secs]
32948.233: [GC (Allocation Failure)  430686K->8766K(1097728K), 0.0046127 secs]
32948.682: [GC (Allocation Failure)  417854K->8766K(1085440K), 0.0037254 secs]
32949.093: [GC (Allocation Failure)  405566K->8766K(1073664K), 0.0046502 secs]
32949.493: [GC (Allocation Failure)  393790K->8734K(1062400K), 0.0032218 secs]
32949.877: [GC (Allocation Failure)  382494K->8734K(1051648K), 0.0033122 secs]
32950.291: [GC (Allocation Failure)  371742K->8734K(1041408K), 0.0047450 secs]
32950.667: [GC (Allocation Failure)  361502K->8766K(1112064K), 0.0047411 secs]
32951.107: [GC (Allocation Failure)  432190K->8766K(1099264K), 0.0040026 secs]
32951.538: [GC (Allocation Failure)  419390K->8766K(1086976K), 0.0034413 secs]
32951.953: [GC (Allocation Failure)  407102K->8766K(1075200K), 0.0037322 secs]
32952.354: [GC (Allocation Failure)  395326K->8734K(1063936K), 0.0036355 secs]
32952.743: [GC (Allocation Failure)  384030K->8798K(1053184K), 0.0046820 secs]
32953.123: [GC (Allocation Failure)  373342K->8766K(1042944K), 0.0037766 secs]
32953.491: [GC (Allocation Failure)  363070K->8766K(1032704K), 0.0029930 secs]
32953.850: [GC (Allocation Failure)  352830K->8734K(1101824K), 0.0045930 secs]
32954.280: [GC (Allocation Failure)  421918K->8798K(1089536K), 0.0029366 secs]
32954.701: [GC (Allocation Failure)  409694K->8734K(1077760K), 0.0047583 secs]
32955.107: [GC (Allocation Failure)  397854K->8734K(1066496K), 0.0041852 secs]
32955.500: [GC (Allocation Failure)  386590K->8734K(1142272K), 0.0063999 secs]
32955.975: [GC (Allocation Failure)  462366K->8766K(1233408K), 0.0042298 secs]
32956.542: [GC (Allocation Failure)  553534K->8734K(1214976K), 0.0037419 secs]
32957.112: [GC (Allocation Failure)  535070K->8734K(1197568K), 0.0035439 secs]
32957.635: [GC (Allocation Failure)  517662K->8766K(1181184K), 0.0056595 secs]
32958.163: [GC (Allocation Failure)  501310K->8766K(1165312K), 0.0042724 secs]
32958.656: [GC (Allocation Failure)  485438K->8734K(1149952K), 0.0035829 secs]
32959.160: [GC (Allocation Failure)  470046K->8734K(1135616K), 0.0041551 secs]
32959.802: [GC (Allocation Failure)  455710K->8734K(1121792K), 0.0036616 secs]
32960.246: [GC (Allocation Failure)  441886K->8766K(1108480K), 0.0032236 secs]
32960.915: [GC (Allocation Failure)  428606K->8766K(1095680K), 0.0038419 secs]
32961.338: [GC (Allocation Failure)  415806K->8798K(1083392K), 0.0032174 secs]
32961.785: [GC (Allocation Failure)  403550K->8766K(1071616K), 0.0045638 secs]
32962.185: [GC (Allocation Failure)  391742K->8830K(1060352K), 0.0033175 secs]
32962.573: [GC (Allocation Failure)  380542K->8766K(1049600K), 0.0031845 secs]
32962.948: [GC (Allocation Failure)  369726K->8702K(1039360K), 0.0036593 secs]
32963.314: [GC (Allocation Failure)  359422K->8766K(1029632K), 0.0038925 secs]
32963.849: [GC (Allocation Failure)  349758K->8734K(1020416K), 0.0037909 secs]
32964.189: [GC (Allocation Failure)  340510K->8734K(1011200K), 0.0042079 secs]
32964.531: [GC (Allocation Failure)  331294K->8766K(1002496K), 0.0030863 secs]
32965.021: [GC (Allocation Failure)  322622K->8766K(994304K), 0.0038607 secs]
32965.333: [GC (Allocation Failure)  314430K->8734K(986112K), 0.0028447 secs]
32965.667: [GC (Allocation Failure)  306206K->8702K(978432K), 0.0037303 secs]
32965.983: [GC (Allocation Failure)  298494K->8766K(971264K), 0.0033057 secs]
32966.379: [GC (Allocation Failure)  291390K->8798K(964096K), 0.0044706 secs]
32966.665: [GC (Allocation Failure)  284254K->8766K(1019392K), 0.0031839 secs]
32967.010: [GC (Allocation Failure)  339518K->8798K(1085952K), 0.0035983 secs]
32967.427: [GC (Allocation Failure)  406110K->8734K(1074176K), 0.0033904 secs]
32967.830: [GC (Allocation Failure)  394270K->8734K(1062912K), 0.0032171 secs]
32968.237: [GC (Allocation Failure)  383006K->8766K(1052160K), 0.0042858 secs]
32968.629: [GC (Allocation Failure)  372286K->8766K(1124864K), 0.0089110 secs]
32969.106: [GC (Allocation Failure)  444990K->8734K(1212416K), 0.0034749 secs]
32969.863: [GC (Allocation Failure)  532510K->8766K(1195008K), 0.0046279 secs]
32970.386: [GC (Allocation Failure)  515134K->8734K(1178624K), 0.0032336 secs]
32970.933: [GC (Allocation Failure)  498718K->8766K(1162752K), 0.0038555 secs]
32971.422: [GC (Allocation Failure)  482878K->8766K(1147904K), 0.0031982 secs]
32972.119: [GC (Allocation Failure)  468030K->8766K(1133568K), 0.0048750 secs]
32972.588: [GC (Allocation Failure)  453694K->8798K(1119744K), 0.0079425 secs]
32973.046: [GC (Allocation Failure)  439902K->8734K(1106432K), 0.0033352 secs]
32973.512: [GC (Allocation Failure)  426526K->8798K(1093632K), 0.0035367 secs]
32973.963: [GC (Allocation Failure)  413790K->8734K(1175040K), 0.0095231 secs]
32974.471: [GC (Allocation Failure)  495134K->8766K(1272320K), 0.0038256 secs]
32975.094: [GC (Allocation Failure)  592446K->8798K(1252352K), 0.0040207 secs]
32975.678: [GC (Allocation Failure)  572510K->8766K(1233408K), 0.0034092 secs]
32976.269: [GC (Allocation Failure)  553534K->8734K(1214976K), 0.0037552 secs]
32976.813: [GC (Allocation Failure)  535070K->8766K(1197568K), 0.0085089 secs]
32977.342: [GC (Allocation Failure)  517694K->8734K(1181184K), 0.0029604 secs]
32977.850: [GC (Allocation Failure)  501278K->8766K(1165312K), 0.0029803 secs]
32978.600: [GC (Allocation Failure)  485438K->8734K(1149952K), 0.0036368 secs]
32979.073: [GC (Allocation Failure)  470046K->8798K(1135616K), 0.0026580 secs]
32979.743: [GC (Allocation Failure)  455774K->8734K(1121792K), 0.0046264 secs]
32980.191: [GC (Allocation Failure)  441886K->8734K(1108480K), 0.0051377 secs]
32980.629: [GC (Allocation Failure)  428574K->8798K(1095680K), 0.0026116 secs]
32981.045: [GC (Allocation Failure)  415838K->8766K(1083392K), 0.0029159 secs]
32981.451: [GC (Allocation Failure)  403518K->8798K(1071616K), 0.0029731 secs]
32981.847: [GC (Allocation Failure)  391774K->8734K(1060352K), 0.0030971 secs]
32982.233: [GC (Allocation Failure)  380446K->8734K(1049600K), 0.0037267 secs]
32982.603: [GC (Allocation Failure)  369694K->8766K(1039360K), 0.0029020 secs]
32982.962: [GC (Allocation Failure)  359486K->8766K(1029632K), 0.0034965 secs]
32983.345: [GC (Allocation Failure)  349758K->8766K(1020416K), 0.0031227 secs]
32983.718: [GC (Allocation Failure)  340542K->8830K(1011200K), 0.0030856 secs]
32984.074: [GC (Allocation Failure)  331390K->8798K(1002496K), 0.0035898 secs]
32984.423: [GC (Allocation Failure)  322654K->8830K(994304K), 0.0036081 secs]
32984.762: [GC (Allocation Failure)  314494K->8734K(986112K), 0.0041097 secs]
32985.092: [GC (Allocation Failure)  306206K->8798K(1046016K), 0.0050558 secs]
32985.474: [GC (Allocation Failure)  366174K->8830K(1117696K), 0.0035728 secs]
32986.101: [GC (Allocation Failure)  437886K->8766K(1104384K), 0.0042438 secs]
32986.566: [GC (Allocation Failure)  424510K->8766K(1091584K), 0.0034228 secs]
32986.986: [GC (Allocation Failure)  411710K->8766K(1079808K), 0.0041316 secs]
32987.398: [GC (Allocation Failure)  399934K->8766K(1158144K), 0.0062181 secs]
32987.891: [GC (Allocation Failure)  478270K->8766K(1143296K), 0.0034282 secs]
32988.364: [GC (Allocation Failure)  463422K->8766K(1128960K), 0.0034040 secs]
32988.828: [GC (Allocation Failure)  449086K->8734K(1115136K), 0.0031664 secs]
32989.272: [GC (Allocation Failure)  435230K->8734K(1102336K), 0.0035470 secs]
32989.704: [GC (Allocation Failure)  422430K->8798K(1090048K), 0.0036260 secs]
32990.127: [GC (Allocation Failure)  410206K->8798K(1078272K), 0.0038366 secs]
32990.534: [GC (Allocation Failure)  398430K->8766K(1067008K), 0.0033122 secs]
32990.928: [GC (Allocation Failure)  387134K->8766K(1056256K), 0.0042133 secs]
32991.310: [GC (Allocation Failure)  376382K->8830K(1045504K), 0.0045190 secs]
32991.737: [GC (Allocation Failure)  365694K->8798K(1035264K), 0.0031195 secs]
32992.098: [GC (Allocation Failure)  355422K->8766K(1025536K), 0.0035407 secs]
32992.449: [GC (Allocation Failure)  345662K->8798K(1016320K), 0.0033964 secs]
32992.792: [GC (Allocation Failure)  336478K->8766K(1007616K), 0.0035359 secs]
32993.129: [GC (Allocation Failure)  327742K->8766K(1071616K), 0.0078258 secs]
32993.550: [GC (Allocation Failure)  391742K->8798K(1148416K), 0.0065747 secs]
32994.038: [GC (Allocation Failure)  468574K->8734K(1240576K), 0.0038487 secs]
32994.613: [GC (Allocation Failure)  560670K->8734K(1351168K), 0.0040800 secs]
32995.319: [GC (Allocation Failure)  671262K->8734K(1327616K), 0.0038167 secs]
32995.993: [GC (Allocation Failure)  647710K->8734K(1305088K), 0.0080787 secs]
32996.640: [GC (Allocation Failure)  625182K->8798K(1283584K), 0.0035988 secs]
32997.463: [GC (Allocation Failure)  603742K->8734K(1263104K), 0.0063783 secs]
32998.068: [GC (Allocation Failure)  583198K->8734K(1243648K), 0.0053733 secs]
32998.646: [GC (Allocation Failure)  563742K->8766K(1225216K), 0.0035004 secs]
32999.202: [GC (Allocation Failure)  545342K->8766K(1332736K), 0.0101842 secs]
32999.894: [GC (Allocation Failure)  652862K->8766K(1310208K), 0.0032591 secs]
33000.539: [GC (Allocation Failure)  630334K->8734K(1288704K), 0.0040735 secs]
33001.161: [GC (Allocation Failure)  608798K->8766K(1268224K), 0.0033444 secs]
33001.765: [GC (Allocation Failure)  588350K->8798K(1248256K), 0.0033829 secs]
33002.645: [GC (Allocation Failure)  568414K->8734K(1229312K), 0.0036309 secs]
33003.208: [GC (Allocation Failure)  549406K->8766K(1211392K), 0.0085652 secs]
33003.764: [GC (Allocation Failure)  531518K->8734K(1193984K), 0.0048804 secs]
33004.295: [GC (Allocation Failure)  514078K->8766K(1177600K), 0.0038306 secs]
33004.806: [GC (Allocation Failure)  497726K->8734K(1161728K), 0.0040174 secs]
33005.301: [GC (Allocation Failure)  481822K->8766K(1146880K), 0.0040563 secs]
33005.780: [GC (Allocation Failure)  467006K->8798K(1132544K), 0.0033541 secs]
33006.261: [GC (Allocation Failure)  452702K->8798K(1118720K), 0.0039400 secs]
33006.732: [GC (Allocation Failure)  438878K->8766K(1105408K), 0.0030167 secs]
33007.206: [GC (Allocation Failure)  425534K->8766K(1092608K), 0.0034262 secs]
33007.627: [GC (Allocation Failure)  412734K->8734K(1080320K), 0.0032104 secs]
33008.036: [GC (Allocation Failure)  400414K->8766K(1068544K), 0.0031126 secs]
33008.430: [GC (Allocation Failure)  388670K->8734K(1057280K), 0.0028659 secs]
33008.813: [GC (Allocation Failure)  377374K->8734K(1046528K), 0.0033989 secs]
33009.185: [GC (Allocation Failure)  366622K->8766K(1036288K), 0.0035103 secs]
33009.546: [GC (Allocation Failure)  356414K->8798K(1026560K), 0.0034919 secs]
33009.900: [GC (Allocation Failure)  346718K->8798K(1017344K), 0.0036495 secs]
33010.241: [GC (Allocation Failure)  337502K->8766K(1083392K), 0.0049109 secs]
33010.657: [GC (Allocation Failure)  403518K->8734K(1162752K), 0.0051569 secs]
33011.177: [GC (Allocation Failure)  482846K->8766K(1257984K), 0.0045662 secs]
33011.770: [GC (Allocation Failure)  578110K->8766K(1238528K), 0.0033658 secs]
33012.341: [GC (Allocation Failure)  558654K->8766K(1220096K), 0.0037384 secs]
33012.914: [GC (Allocation Failure)  540222K->8766K(1202688K), 0.0038952 secs]
33013.448: [GC (Allocation Failure)  522814K->8766K(1185792K), 0.0041560 secs]
33013.987: [GC (Allocation Failure)  505918K->8702K(1169920K), 0.0036301 secs]
33014.486: [GC (Allocation Failure)  489982K->8766K(1154560K), 0.0034693 secs]
33014.971: [GC (Allocation Failure)  474686K->8734K(1139712K), 0.0034586 secs]
33015.441: [GC (Allocation Failure)  459806K->8734K(1125376K), 0.0036464 secs]
33015.897: [GC (Allocation Failure)  445470K->8734K(1112064K), 0.0033631 secs]
33016.342: [GC (Allocation Failure)  432158K->8766K(1099264K), 0.0035168 secs]
33016.775: [GC (Allocation Failure)  419390K->8766K(1086976K), 0.0043571 secs]
33017.190: [GC (Allocation Failure)  407102K->8766K(1075200K), 0.0034893 secs]
33017.600: [GC (Allocation Failure)  395326K->8702K(1063936K), 0.0035148 secs]
33018.020: [GC (Allocation Failure)  383998K->8734K(1053184K), 0.0034448 secs]
33018.400: [GC (Allocation Failure)  373278K->8734K(1042944K), 0.0034874 secs]
33018.949: [GC (Allocation Failure)  363038K->8766K(1032704K), 0.0034429 secs]
33019.309: [GC (Allocation Failure)  352830K->8734K(1022976K), 0.0049537 secs]
33019.660: [GC (Allocation Failure)  343070K->8766K(1013760K), 0.0037769 secs]
33020.031: [GC (Allocation Failure)  333886K->8766K(1005056K), 0.0037744 secs]
33020.391: [GC (Allocation Failure)  325182K->8798K(996352K), 0.0040098 secs]
33020.728: [GC (Allocation Failure)  316510K->8734K(988160K), 0.0034980 secs]
33021.051: [GC (Allocation Failure)  308254K->8766K(980480K), 0.0028790 secs]
33021.360: [GC (Allocation Failure)  300606K->8766K(1038848K), 0.0046230 secs]
33021.730: [GC (Allocation Failure)  358974K->8734K(1108992K), 0.0034652 secs]
33022.172: [GC (Allocation Failure)  429086K->8734K(1193472K), 0.0043448 secs]
33022.704: [GC (Allocation Failure)  513566K->8798K(1177088K), 0.0033250 secs]
33023.228: [GC (Allocation Failure)  497246K->8798K(1161216K), 0.0036307 secs]
33023.715: [GC (Allocation Failure)  481374K->8798K(1146368K), 0.0032992 secs]
33024.187: [GC (Allocation Failure)  466526K->8766K(1132032K), 0.0035496 secs]
33024.649: [GC (Allocation Failure)  452158K->8766K(1118208K), 0.0040677 secs]
33025.097: [GC (Allocation Failure)  438334K->8766K(1104896K), 0.0029826 secs]
33025.527: [GC (Allocation Failure)  425022K->8734K(1092096K), 0.0037401 secs]
33025.945: [GC (Allocation Failure)  412190K->8766K(1079808K), 0.0047703 secs]
33026.353: [GC (Allocation Failure)  399934K->8734K(1068032K), 0.0033692 secs]
33026.746: [GC (Allocation Failure)  388126K->8766K(1056768K), 0.0042369 secs]
33027.131: [GC (Allocation Failure)  376894K->8766K(1046016K), 0.0040189 secs]
33027.524: [GC (Allocation Failure)  366142K->8766K(1035776K), 0.0044760 secs]
33027.893: [GC (Allocation Failure)  355902K->8798K(1026048K), 0.0033738 secs]
33028.245: [GC (Allocation Failure)  346206K->8766K(1093632K), 0.0042535 secs]
33028.670: [GC (Allocation Failure)  413758K->8766K(1175040K), 0.0054448 secs]
33029.175: [GC (Allocation Failure)  495166K->8830K(1159168K), 0.0029811 secs]
33029.659: [GC (Allocation Failure)  479358K->8798K(1144320K), 0.0034517 secs]
33030.130: [GC (Allocation Failure)  464478K->8734K(1129984K), 0.0031076 secs]
33030.586: [GC (Allocation Failure)  450078K->8734K(1116160K), 0.0050033 secs]
33031.031: [GC (Allocation Failure)  436254K->8766K(1102848K), 0.0036274 secs]
33031.460: [GC (Allocation Failure)  422974K->8766K(1090560K), 0.0033405 secs]
33031.880: [GC (Allocation Failure)  410686K->8766K(1078784K), 0.0036263 secs]
33032.287: [GC (Allocation Failure)  398910K->8798K(1067520K), 0.0030883 secs]
33032.681: [GC (Allocation Failure)  387678K->8734K(1056256K), 0.0053112 secs]
33033.071: [GC (Allocation Failure)  376350K->8766K(1045504K), 0.0033223 secs]
33033.464: [GC (Allocation Failure)  365630K->8798K(1035264K), 0.0032673 secs]
33033.827: [GC (Allocation Failure)  355422K->8766K(1104896K), 0.0049724 secs]
33034.259: [GC (Allocation Failure)  425022K->8766K(1092096K), 0.0039318 secs]
33034.678: [GC (Allocation Failure)  412222K->8798K(1079808K), 0.0040079 secs]
33035.086: [GC (Allocation Failure)  399966K->8766K(1068032K), 0.0028888 secs]
33035.481: [GC (Allocation Failure)  388158K->8798K(1056768K), 0.0034469 secs]
33035.865: [GC (Allocation Failure)  376926K->8766K(1046016K), 0.0034818 secs]
33036.239: [GC (Allocation Failure)  366142K->8798K(1035776K), 0.0044778 secs]
33036.604: [GC (Allocation Failure)  355934K->8766K(1105408K), 0.0046212 secs]
33037.044: [GC (Allocation Failure)  425534K->8830K(1092608K), 0.0040687 secs]
33037.633: [GC (Allocation Failure)  412798K->8734K(1080320K), 0.0084921 secs]
33038.055: [GC (Allocation Failure)  400414K->8766K(1068544K), 0.0031754 secs]
33038.470: [GC (Allocation Failure)  388670K->8766K(1057280K), 0.0033706 secs]
33038.855: [GC (Allocation Failure)  377406K->8798K(1046528K), 0.0033216 secs]
33039.228: [GC (Allocation Failure)  366686K->8766K(1036288K), 0.0029396 secs]
33039.592: [GC (Allocation Failure)  356414K->8766K(1026560K), 0.0046244 secs]
33040.128: [GC (Allocation Failure)  346686K->8766K(1017344K), 0.0031249 secs]
33040.469: [GC (Allocation Failure)  337470K->8766K(1008640K), 0.0034432 secs]
33040.830: [GC (Allocation Failure)  328766K->8734K(999936K), 0.0033551 secs]
33041.160: [GC (Allocation Failure)  320030K->8766K(991744K), 0.0037003 secs]
33041.490: [GC (Allocation Failure)  311870K->8734K(984064K), 0.0037897 secs]
33041.798: [GC (Allocation Failure)  304158K->8766K(976384K), 0.0030651 secs]
33042.284: [GC (Allocation Failure)  296510K->8798K(969216K), 0.0036581 secs]
33042.580: [GC (Allocation Failure)  289374K->8734K(962048K), 0.0034318 secs]
33042.865: [GC (Allocation Failure)  282142K->8734K(955392K), 0.0028819 secs]
33043.143: [GC (Allocation Failure)  275486K->8766K(948736K), 0.0030979 secs]
33043.415: [GC (Allocation Failure)  268862K->8798K(1000960K), 0.0029157 secs]
33043.797: [GC (Allocation Failure)  321118K->8798K(992768K), 0.0031552 secs]
33044.183: [GC (Allocation Failure)  312926K->8766K(984576K), 0.0032112 secs]
33044.872: [GC (Allocation Failure)  304702K->8798K(976896K), 0.0036107 secs]
33045.172: [GC (Allocation Failure)  297054K->8734K(969728K), 0.0040247 secs]
33045.468: [GC (Allocation Failure)  289822K->8766K(962560K), 0.0031895 secs]
33045.754: [GC (Allocation Failure)  282686K->8734K(1017344K), 0.0036311 secs]
33046.096: [GC (Allocation Failure)  337438K->8734K(1008640K), 0.0032313 secs]
33046.695: [GC (Allocation Failure)  328734K->8798K(999936K), 0.0036373 secs]
33047.019: [GC (Allocation Failure)  320094K->8766K(991744K), 0.0035912 secs]
33047.335: [GC (Allocation Failure)  311870K->8766K(984064K), 0.0030565 secs]
33047.831: [GC (Allocation Failure)  304190K->8798K(976384K), 0.0050751 secs]
33048.140: [GC (Allocation Failure)  296542K->8734K(969216K), 0.0035597 secs]
33048.432: [GC (Allocation Failure)  289310K->8766K(1025536K), 0.0043190 secs]
33048.783: [GC (Allocation Failure)  345662K->8766K(1093120K), 0.0033800 secs]
33049.247: [GC (Allocation Failure)  413246K->8766K(1174016K), 0.0040265 secs]
33049.758: [GC (Allocation Failure)  494142K->8766K(1158656K), 0.0035141 secs]
33050.250: [GC (Allocation Failure)  478782K->8766K(1143808K), 0.0037865 secs]
33050.751: [GC (Allocation Failure)  463934K->8766K(1129472K), 0.0036878 secs]
33051.465: [GC (Allocation Failure)  449598K->8734K(1115648K), 0.0043636 secs]
33051.914: [GC (Allocation Failure)  435742K->8766K(1102848K), 0.0032771 secs]
33052.337: [GC (Allocation Failure)  422974K->8766K(1090560K), 0.0033462 secs]
33052.748: [GC (Allocation Failure)  410686K->8798K(1078784K), 0.0036141 secs]
33053.167: [GC (Allocation Failure)  398942K->8734K(1067520K), 0.0041351 secs]
33053.588: [GC (Allocation Failure)  387614K->8798K(1056256K), 0.0033358 secs]
33054.228: [GC (Allocation Failure)  376414K->8766K(1045504K), 0.0036807 secs]
33054.591: [GC (Allocation Failure)  365630K->8734K(1035264K), 0.0036917 secs]
33054.985: [GC (Allocation Failure)  355358K->8766K(1025536K), 0.0042087 secs]
33055.337: [GC (Allocation Failure)  345662K->8702K(1016320K), 0.0035061 secs]
33055.701: [GC (Allocation Failure)  336382K->8766K(1007616K), 0.0032356 secs]
33056.055: [GC (Allocation Failure)  327742K->8766K(998912K), 0.0029713 secs]
33056.382: [GC (Allocation Failure)  319038K->8766K(990720K), 0.0039161 secs]
33056.702: [GC (Allocation Failure)  310846K->8766K(983040K), 0.0034855 secs]
33057.009: [GC (Allocation Failure)  303166K->8734K(1041920K), 0.0039083 secs]
33057.416: [GC (Allocation Failure)  362014K->8734K(1112576K), 0.0048554 secs]
33057.874: [GC (Allocation Failure)  432670K->8734K(1197568K), 0.0046479 secs]
33058.403: [GC (Allocation Failure)  517662K->8734K(1181184K), 0.0042666 secs]
33058.913: [GC (Allocation Failure)  501278K->8798K(1165312K), 0.0039087 secs]
33059.469: [GC (Allocation Failure)  485470K->8766K(1261056K), 0.0075615 secs]
33060.287: [GC (Allocation Failure)  581182K->8766K(1241600K), 0.0517235 secs]
33060.925: [GC (Allocation Failure)  561726K->8766K(1223168K), 0.0037560 secs]
33061.476: [GC (Allocation Failure)  543294K->8766K(1205248K), 0.0068860 secs]
33062.278: [GC (Allocation Failure)  525374K->8766K(1188352K), 0.0050197 secs]
33062.812: [GC (Allocation Failure)  508478K->8766K(1171968K), 0.0037144 secs]
33063.336: [GC (Allocation Failure)  492094K->8766K(1156608K), 0.0034147 secs]
33063.898: [GC (Allocation Failure)  476734K->8798K(1141760K), 0.0034073 secs]
33064.367: [GC (Allocation Failure)  461918K->8766K(1127424K), 0.0033279 secs]
33065.052: [GC (Allocation Failure)  447550K->8766K(1114112K), 0.0031878 secs]
33065.499: [GC (Allocation Failure)  434238K->8702K(1101312K), 0.0032557 secs]
33066.178: [GC (Allocation Failure)  421374K->8798K(1089024K), 0.0041208 secs]
33066.619: [GC (Allocation Failure)  409182K->8734K(1169408K), 0.0096807 secs]
33067.125: [GC (Allocation Failure)  489502K->8734K(1154048K), 0.0033649 secs]
33067.605: [GC (Allocation Failure)  474142K->8766K(1139200K), 0.0031961 secs]
33068.072: [GC (Allocation Failure)  459326K->8734K(1125376K), 0.0036471 secs]
33068.525: [GC (Allocation Failure)  445470K->8734K(1112064K), 0.0040634 secs]
33068.971: [GC (Allocation Failure)  432158K->8830K(1099264K), 0.0039838 secs]
33069.397: [GC (Allocation Failure)  419454K->8734K(1086976K), 0.0044480 secs]
33069.812: [GC (Allocation Failure)  407070K->8766K(1075200K), 0.0049402 secs]
33070.222: [GC (Allocation Failure)  395326K->8734K(1063936K), 0.0041599 secs]
33070.657: [GC (Allocation Failure)  384030K->8798K(1053184K), 0.0033764 secs]
33071.091: [GC (Allocation Failure)  373342K->8798K(1042944K), 0.0038606 secs]
33071.474: [GC (Allocation Failure)  363102K->8766K(1032704K), 0.0045616 secs]
33072.004: [GC (Allocation Failure)  352830K->8766K(1022976K), 0.0035297 secs]
33072.345: [GC (Allocation Failure)  343102K->8830K(1013760K), 0.0036814 secs]
33072.677: [GC (Allocation Failure)  333950K->8734K(1005056K), 0.0037869 secs]
33073.017: [GC (Allocation Failure)  325150K->8766K(1068544K), 0.0040125 secs]
33073.551: [GC (Allocation Failure)  388670K->8734K(1057280K), 0.0038540 secs]
33073.929: [GC (Allocation Failure)  377374K->8766K(1046528K), 0.0037241 secs]
33074.314: [GC (Allocation Failure)  366654K->8766K(1036288K), 0.0035100 secs]
33074.873: [GC (Allocation Failure)  356414K->8766K(1026560K), 0.0048854 secs]
33075.230: [GC (Allocation Failure)  346686K->8766K(1017344K), 0.0045032 secs]
33075.572: [GC (Allocation Failure)  337470K->8734K(1083392K), 0.0039950 secs]
33075.982: [GC (Allocation Failure)  403486K->8766K(1071616K), 0.0034352 secs]
33076.380: [GC (Allocation Failure)  391742K->8766K(1060352K), 0.0033457 secs]
33076.788: [GC (Allocation Failure)  380478K->8734K(1049600K), 0.0045421 secs]
33077.253: [GC (Allocation Failure)  369694K->8766K(1039360K), 0.0040948 secs]
33077.620: [GC (Allocation Failure)  359486K->8766K(1029632K), 0.0034699 secs]
33077.974: [GC (Allocation Failure)  349758K->8734K(1020416K), 0.0028227 secs]
33078.318: [GC (Allocation Failure)  340510K->8798K(1011200K), 0.0031175 secs]
33078.671: [GC (Allocation Failure)  331358K->8798K(1002496K), 0.0035641 secs]
33079.015: [GC (Allocation Failure)  322654K->8734K(1065472K), 0.0050549 secs]
33079.413: [GC (Allocation Failure)  385566K->8734K(1054720K), 0.0029858 secs]
33079.794: [GC (Allocation Failure)  374814K->8766K(1044480K), 0.0032456 secs]
33080.170: [GC (Allocation Failure)  364606K->8766K(1034240K), 0.0028005 secs]
33080.531: [GC (Allocation Failure)  354366K->8766K(1024512K), 0.0030462 secs]
33081.120: [GC (Allocation Failure)  344638K->8766K(1015296K), 0.0034966 secs]
33081.499: [GC (Allocation Failure)  335422K->8766K(1006592K), 0.0038369 secs]
33081.830: [GC (Allocation Failure)  326718K->8766K(997888K), 0.0031159 secs]
33082.151: [GC (Allocation Failure)  318014K->8734K(989696K), 0.0030135 secs]
33082.463: [GC (Allocation Failure)  309790K->8734K(982016K), 0.0033085 secs]
33083.018: [GC (Allocation Failure)  302110K->8766K(974336K), 0.0031513 secs]
33083.314: [GC (Allocation Failure)  294462K->8766K(967168K), 0.0032475 secs]
33083.604: [GC (Allocation Failure)  287294K->8798K(960000K), 0.0028049 secs]
33083.885: [GC (Allocation Failure)  280158K->8798K(953344K), 0.0030238 secs]
33084.184: [GC (Allocation Failure)  273502K->8766K(946688K), 0.0030729 secs]
33084.477: [GC (Allocation Failure)  266814K->8734K(998400K), 0.0040394 secs]
33084.804: [GC (Allocation Failure)  318494K->8798K(1060352K), 0.0032272 secs]
33085.372: [GC (Allocation Failure)  380510K->8734K(1049600K), 0.0037930 secs]
33085.748: [GC (Allocation Failure)  369694K->8766K(1039360K), 0.0034029 secs]
33086.115: [GC (Allocation Failure)  359486K->8766K(1029632K), 0.0029321 secs]
33086.497: [GC (Allocation Failure)  349758K->8734K(1020416K), 0.0032310 secs]
33086.856: [GC (Allocation Failure)  340510K->8766K(1011200K), 0.0032816 secs]
33087.193: [GC (Allocation Failure)  331326K->8766K(1002496K), 0.0031050 secs]
33087.522: [GC (Allocation Failure)  322622K->8766K(994304K), 0.0037372 secs]
33087.846: [GC (Allocation Failure)  314430K->8734K(986112K), 0.0037547 secs]
33088.161: [GC (Allocation Failure)  306206K->8798K(978432K), 0.0032053 secs]
33088.485: [GC (Allocation Failure)  298590K->8734K(971264K), 0.0030915 secs]
33088.783: [GC (Allocation Failure)  291358K->8766K(1028096K), 0.0063280 secs]
33089.146: [GC (Allocation Failure)  348222K->8766K(1096192K), 0.0029631 secs]
33089.569: [GC (Allocation Failure)  416318K->8766K(1178112K), 0.0033832 secs]
33090.077: [GC (Allocation Failure)  498238K->8766K(1162240K), 0.0035929 secs]
33090.762: [GC (Allocation Failure)  482366K->8766K(1147392K), 0.0035785 secs]
33091.273: [GC (Allocation Failure)  467518K->8798K(1133056K), 0.0048989 secs]
33091.741: [GC (Allocation Failure)  453214K->8766K(1119232K), 0.0035095 secs]
33092.234: [GC (Allocation Failure)  439358K->8766K(1105920K), 0.0036449 secs]
33092.705: [GC (Allocation Failure)  426046K->8766K(1093120K), 0.0038137 secs]
33093.148: [GC (Allocation Failure)  413246K->8798K(1080832K), 0.0042761 secs]
33093.563: [GC (Allocation Failure)  400990K->8766K(1069056K), 0.0045600 secs]
33093.962: [GC (Allocation Failure)  389182K->8798K(1057792K), 0.0033306 secs]
33094.361: [GC (Allocation Failure)  377950K->8766K(1047040K), 0.0037042 secs]
33094.734: [GC (Allocation Failure)  367166K->8766K(1036800K), 0.0036537 secs]
33095.096: [GC (Allocation Failure)  356926K->8766K(1027072K), 0.0033353 secs]
33095.450: [GC (Allocation Failure)  347198K->8734K(1017856K), 0.0030148 secs]
33095.820: [GC (Allocation Failure)  337950K->8734K(1008640K), 0.0040678 secs]
33096.160: [GC (Allocation Failure)  328734K->8766K(999936K), 0.0032638 secs]
33096.486: [GC (Allocation Failure)  320062K->8766K(991744K), 0.0033096 secs]
33096.803: [GC (Allocation Failure)  311870K->8798K(984064K), 0.0031115 secs]
33097.149: [GC (Allocation Failure)  304222K->8734K(976384K), 0.0032454 secs]
33097.467: [GC (Allocation Failure)  296478K->8798K(1034240K), 0.0179009 secs]
33097.843: [GC (Allocation Failure)  354398K->8734K(1103360K), 0.0028050 secs]
33098.275: [GC (Allocation Failure)  423454K->8766K(1186304K), 0.0034047 secs]
33098.794: [GC (Allocation Failure)  506430K->8766K(1286144K), 0.0033601 secs]
33099.412: [GC (Allocation Failure)  606270K->8734K(1405952K), 0.0037778 secs]
33100.179: [GC (Allocation Failure)  726046K->8798K(1379840K), 0.0039657 secs]
33100.938: [GC (Allocation Failure)  699998K->8734K(1354752K), 0.0040790 secs]
33101.868: [GC (Allocation Failure)  674846K->8798K(1331200K), 0.0036835 secs]
33102.572: [GC (Allocation Failure)  651358K->8766K(1308672K), 0.0042257 secs]
33103.240: [GC (Allocation Failure)  628798K->8734K(1287168K), 0.0034868 secs]
33103.860: [GC (Allocation Failure)  607262K->8798K(1266688K), 0.0038709 secs]
33104.462: [GC (Allocation Failure)  586846K->8798K(1246720K), 0.0035978 secs]
33105.045: [GC (Allocation Failure)  566878K->8798K(1227776K), 0.0039356 secs]
33105.685: [GC (Allocation Failure)  547934K->8766K(1209856K), 0.0053166 secs]
33106.432: [GC (Allocation Failure)  529982K->8766K(1192448K), 0.0052938 secs]
33106.979: [GC (Allocation Failure)  512574K->8766K(1176064K), 0.0050452 secs]
33107.733: [GC (Allocation Failure)  496190K->8734K(1160192K), 0.0037800 secs]
33108.242: [GC (Allocation Failure)  480286K->8798K(1145344K), 0.0046621 secs]
33108.731: [GC (Allocation Failure)  465502K->8766K(1131008K), 0.0035789 secs]
33109.193: [GC (Allocation Failure)  451134K->8766K(1117184K), 0.0037260 secs]
33109.641: [GC (Allocation Failure)  437310K->8766K(1103872K), 0.0039002 secs]
33110.078: [GC (Allocation Failure)  423998K->8766K(1091072K), 0.0029224 secs]
33110.497: [GC (Allocation Failure)  411198K->8766K(1079296K), 0.0040208 secs]
33110.907: [GC (Allocation Failure)  399422K->8766K(1068032K), 0.0032969 secs]
33111.305: [GC (Allocation Failure)  388158K->8798K(1056768K), 0.0035778 secs]
33111.688: [GC (Allocation Failure)  376926K->8798K(1046016K), 0.0040419 secs]
33112.062: [GC (Allocation Failure)  366174K->8798K(1035776K), 0.0045390 secs]
33112.429: [GC (Allocation Failure)  355934K->8766K(1026048K), 0.0033590 secs]
33112.782: [GC (Allocation Failure)  346174K->8798K(1093632K), 0.0054621 secs]
33113.210: [GC (Allocation Failure)  413790K->8798K(1175040K), 0.0042733 secs]
33113.718: [GC (Allocation Failure)  495198K->8798K(1159168K), 0.0042837 secs]
33114.212: [GC (Allocation Failure)  479326K->8798K(1144320K), 0.0034412 secs]
33114.714: [GC (Allocation Failure)  464478K->8766K(1129984K), 0.0050774 secs]
33115.387: [GC (Allocation Failure)  450110K->8766K(1116160K), 0.0038176 secs]
33115.867: [GC (Allocation Failure)  436286K->8766K(1102848K), 0.0048088 secs]
33116.318: [GC (Allocation Failure)  422974K->8766K(1090560K), 0.0036102 secs]
33116.738: [GC (Allocation Failure)  410686K->8798K(1078784K), 0.0029124 secs]
33117.145: [GC (Allocation Failure)  398942K->8766K(1067520K), 0.0037830 secs]
33117.540: [GC (Allocation Failure)  387646K->8766K(1056256K), 0.0035691 secs]
33117.922: [GC (Allocation Failure)  376382K->8734K(1045504K), 0.0039714 secs]
33118.295: [GC (Allocation Failure)  365598K->8798K(1035264K), 0.0045118 secs]
33118.687: [GC (Allocation Failure)  355422K->8766K(1025536K), 0.0043553 secs]
33119.046: [GC (Allocation Failure)  345662K->8766K(1016320K), 0.0033372 secs]
33119.392: [GC (Allocation Failure)  336446K->8766K(1007616K), 0.0034886 secs]
33119.727: [GC (Allocation Failure)  327742K->8766K(1071616K), 0.0048242 secs]
33120.128: [GC (Allocation Failure)  391742K->8734K(1148416K), 0.0033668 secs]
33120.604: [GC (Allocation Failure)  468510K->8766K(1134080K), 0.0038096 secs]
33121.087: [GC (Allocation Failure)  454206K->8734K(1120256K), 0.0050414 secs]
33121.543: [GC (Allocation Failure)  440350K->8766K(1106944K), 0.0044244 secs]
33121.991: [GC (Allocation Failure)  427070K->8734K(1094144K), 0.0044651 secs]
33122.446: [GC (Allocation Failure)  414238K->8766K(1081856K), 0.0034075 secs]
33122.879: [GC (Allocation Failure)  401982K->8766K(1070080K), 0.0039932 secs]
33123.275: [GC (Allocation Failure)  390206K->8734K(1058816K), 0.0037367 secs]
33123.661: [GC (Allocation Failure)  378910K->8734K(1048064K), 0.0033832 secs]
33124.029: [GC (Allocation Failure)  368158K->8766K(1037824K), 0.0032274 secs]
33124.387: [GC (Allocation Failure)  357950K->8766K(1028096K), 0.0033137 secs]
33124.734: [GC (Allocation Failure)  348222K->8798K(1018880K), 0.0027630 secs]
33125.071: [GC (Allocation Failure)  339038K->8798K(1009664K), 0.0029756 secs]
33125.402: [GC (Allocation Failure)  329822K->8766K(1000960K), 0.0044319 secs]
33125.722: [GC (Allocation Failure)  321086K->8798K(1063424K), 0.0037225 secs]
33126.135: [GC (Allocation Failure)  383582K->8766K(1052672K), 0.0034432 secs]
33126.512: [GC (Allocation Failure)  372798K->8766K(1125888K), 0.0046874 secs]
33126.982: [GC (Allocation Failure)  446014K->8798K(1112576K), 0.0042569 secs]
33127.428: [GC (Allocation Failure)  432734K->8734K(1099776K), 0.0045583 secs]
33127.859: [GC (Allocation Failure)  419870K->8798K(1087488K), 0.0042197 secs]
33128.279: [GC (Allocation Failure)  407646K->8766K(1167360K), 0.0076325 secs]
33128.802: [GC (Allocation Failure)  487486K->8766K(1263104K), 0.0044535 secs]
33129.413: [GC (Allocation Failure)  583230K->8766K(1243648K), 0.0039137 secs]
33129.991: [GC (Allocation Failure)  563774K->8798K(1225216K), 0.0040867 secs]
33130.559: [GC (Allocation Failure)  545374K->8766K(1207296K), 0.0036863 secs]
33131.102: [GC (Allocation Failure)  527422K->8766K(1190400K), 0.0042191 secs]
33131.651: [GC (Allocation Failure)  510526K->8734K(1174016K), 0.0043354 secs]
33132.155: [GC (Allocation Failure)  494110K->8734K(1158656K), 0.0031150 secs]
33132.650: [GC (Allocation Failure)  478750K->8734K(1143808K), 0.0050193 secs]
33133.122: [GC (Allocation Failure)  463902K->8766K(1129472K), 0.0032003 secs]
33133.576: [GC (Allocation Failure)  449598K->8798K(1115648K), 0.0128163 secs]
33134.028: [GC (Allocation Failure)  435806K->8734K(1102848K), 0.0029156 secs]
33134.453: [GC (Allocation Failure)  422942K->8734K(1090560K), 0.0044575 secs]
33134.875: [GC (Allocation Failure)  410654K->8766K(1078784K), 0.0055283 secs]
33135.284: [GC (Allocation Failure)  398910K->8830K(1067520K), 0.0037567 secs]
33135.678: [GC (Allocation Failure)  387710K->8766K(1056256K), 0.0041603 secs]
33136.066: [GC (Allocation Failure)  376382K->8766K(1129984K), 0.0045497 secs]
33136.528: [GC (Allocation Failure)  450110K->8766K(1218560K), 0.0046558 secs]
33137.079: [GC (Allocation Failure)  538686K->8766K(1201152K), 0.0045974 secs]
33137.622: [GC (Allocation Failure)  521278K->8766K(1184256K), 0.0041454 secs]
33138.168: [GC (Allocation Failure)  504382K->8766K(1168384K), 0.0039277 secs]
33138.663: [GC (Allocation Failure)  488510K->8766K(1153024K), 0.0041973 secs]
33139.149: [GC (Allocation Failure)  473150K->8734K(1138176K), 0.0038277 secs]
33139.615: [GC (Allocation Failure)  458270K->8798K(1124352K), 0.0037628 secs]
33140.282: [GC (Allocation Failure)  444510K->8766K(1111040K), 0.0037778 secs]
33140.744: [GC (Allocation Failure)  431166K->8766K(1098240K), 0.0037377 secs]
33141.181: [GC (Allocation Failure)  418366K->8766K(1085952K), 0.0029254 secs]
33141.594: [GC (Allocation Failure)  406078K->8734K(1074176K), 0.0038378 secs]
33141.995: [GC (Allocation Failure)  394270K->8734K(1062912K), 0.0035487 secs]
33142.385: [GC (Allocation Failure)  383006K->8798K(1052160K), 0.0034808 secs]
33142.762: [GC (Allocation Failure)  372318K->8734K(1041920K), 0.0037114 secs]
33143.336: [GC (Allocation Failure)  362014K->8734K(1032192K), 0.0034994 secs]
33143.710: [GC (Allocation Failure)  352286K->8766K(1022464K), 0.0029349 secs]
33144.056: [GC (Allocation Failure)  342590K->8766K(1013248K), 0.0033048 secs]
33144.394: [GC (Allocation Failure)  333374K->8766K(1004544K), 0.0032996 secs]
33144.722: [GC (Allocation Failure)  324670K->8766K(996352K), 0.0030903 secs]
33145.044: [GC (Allocation Failure)  316478K->8734K(988160K), 0.0035616 secs]
33145.356: [GC (Allocation Failure)  308254K->8766K(980480K), 0.0028103 secs]
33145.663: [GC (Allocation Failure)  300606K->8766K(972800K), 0.0032526 secs]
33145.960: [GC (Allocation Failure)  292926K->8734K(965632K), 0.0035510 secs]
33146.266: [GC (Allocation Failure)  285726K->8766K(1021440K), 0.0033687 secs]
33146.631: [GC (Allocation Failure)  341566K->8766K(1088000K), 0.0037098 secs]
33147.074: [GC (Allocation Failure)  408126K->8734K(1076224K), 0.0040144 secs]
33147.477: [GC (Allocation Failure)  396318K->8734K(1064960K), 0.0036098 secs]
33148.292: [GC (Allocation Failure)  385054K->8766K(1054208K), 0.0037179 secs]
33148.725: [GC (Allocation Failure)  374334K->8766K(1043968K), 0.0028840 secs]
33149.097: [GC (Allocation Failure)  364094K->8734K(1033728K), 0.0033800 secs]
33149.473: [GC (Allocation Failure)  353822K->8766K(1024000K), 0.0040272 secs]
33149.824: [GC (Allocation Failure)  344126K->8702K(1014784K), 0.0028482 secs]
33150.365: [GC (Allocation Failure)  334846K->8766K(1006080K), 0.0031350 secs]
33150.707: [GC (Allocation Failure)  326206K->8766K(997376K), 0.0031324 secs]
33151.032: [GC (Allocation Failure)  317502K->8766K(989184K), 0.0036287 secs]
33151.350: [GC (Allocation Failure)  309310K->8766K(981504K), 0.0034776 secs]
33151.660: [GC (Allocation Failure)  301630K->8734K(1040384K), 0.0039753 secs]
33152.044: [GC (Allocation Failure)  360478K->8766K(1030656K), 0.0038550 secs]
33152.403: [GC (Allocation Failure)  350782K->8766K(1020928K), 0.0033195 secs]
33152.751: [GC (Allocation Failure)  341054K->8734K(1011712K), 0.0034678 secs]
33153.091: [GC (Allocation Failure)  331806K->8766K(1076736K), 0.0038022 secs]
33153.498: [GC (Allocation Failure)  396862K->8766K(1065472K), 0.0035907 secs]
33153.891: [GC (Allocation Failure)  385598K->8766K(1054720K), 0.0025363 secs]
33154.290: [GC (Allocation Failure)  374846K->8766K(1044480K), 0.0034780 secs]
33154.663: [GC (Allocation Failure)  364606K->8734K(1034240K), 0.0041034 secs]
33155.028: [GC (Allocation Failure)  354334K->8766K(1103360K), 0.0050251 secs]
33155.698: [GC (Allocation Failure)  423486K->8798K(1091072K), 0.0033427 secs]
33156.119: [GC (Allocation Failure)  411230K->8734K(1079296K), 0.0040857 secs]
33156.541: [GC (Allocation Failure)  399390K->8766K(1068032K), 0.0035636 secs]
33156.939: [GC (Allocation Failure)  388158K->8734K(1056768K), 0.0033216 secs]
33157.339: [GC (Allocation Failure)  376862K->8766K(1046016K), 0.0041576 secs]
33157.716: [GC (Allocation Failure)  366142K->8766K(1035776K), 0.0033981 secs]
33158.090: [GC (Allocation Failure)  355902K->8798K(1026048K), 0.0029296 secs]
33158.445: [GC (Allocation Failure)  346206K->8798K(1016832K), 0.0032390 secs]
33158.797: [GC (Allocation Failure)  336990K->8798K(1008128K), 0.0038266 secs]
33159.139: [GC (Allocation Failure)  328286K->8766K(999424K), 0.0031291 secs]
33159.504: [GC (Allocation Failure)  319550K->8766K(991232K), 0.0034236 secs]
33159.823: [GC (Allocation Failure)  311358K->8766K(983552K), 0.0037388 secs]
33160.209: [GC (Allocation Failure)  303678K->8734K(1042944K), 0.0046012 secs]
33160.591: [GC (Allocation Failure)  363038K->8766K(1114112K), 0.0056340 secs]
33161.039: [GC (Allocation Failure)  434238K->8734K(1199616K), 0.0042297 secs]
33161.588: [GC (Allocation Failure)  519710K->8798K(1182720K), 0.0033428 secs]
33162.343: [GC (Allocation Failure)  502878K->8766K(1166848K), 0.0035537 secs]
33162.861: [GC (Allocation Failure)  486974K->8766K(1151488K), 0.0037924 secs]
33163.347: [GC (Allocation Failure)  471614K->8734K(1136640K), 0.0039776 secs]
33163.811: [GC (Allocation Failure)  456734K->8766K(1122816K), 0.2582082 secs]
33164.522: [GC (Allocation Failure)  442942K->8766K(1109504K), 0.0036194 secs]
33164.958: [GC (Allocation Failure)  429630K->8766K(1096704K), 0.0036340 secs]
33165.412: [GC (Allocation Failure)  416830K->8766K(1084416K), 0.0032876 secs]
33165.844: [GC (Allocation Failure)  404542K->8734K(1072640K), 0.0031177 secs]
33166.243: [GC (Allocation Failure)  392734K->8766K(1061376K), 0.0029417 secs]
33166.631: [GC (Allocation Failure)  381502K->8766K(1050624K), 0.0032138 secs]
33167.265: [GC (Allocation Failure)  370750K->8766K(1040384K), 0.0043692 secs]
33167.635: [GC (Allocation Failure)  360510K->8798K(1030656K), 0.0032144 secs]
33168.040: [GC (Allocation Failure)  350814K->8734K(1020928K), 0.0034896 secs]
33168.385: [GC (Allocation Failure)  341022K->8766K(1011712K), 0.0038625 secs]
33168.724: [GC (Allocation Failure)  331838K->8734K(1003008K), 0.0033485 secs]
33169.052: [GC (Allocation Failure)  323102K->8766K(994816K), 0.0042757 secs]
33169.377: [GC (Allocation Failure)  314942K->8766K(1056256K), 0.0045735 secs]
33169.764: [GC (Allocation Failure)  376382K->8702K(1129984K), 0.0035727 secs]
33170.228: [GC (Allocation Failure)  450046K->8766K(1116160K), 0.0033068 secs]
33170.671: [GC (Allocation Failure)  436286K->8734K(1102848K), 0.0034358 secs]
33171.348: [GC (Allocation Failure)  422942K->8766K(1090560K), 0.0037519 secs]
33172.013: [GC (Allocation Failure)  410686K->8766K(1078784K), 0.0032470 secs]
33172.434: [GC (Allocation Failure)  398910K->8798K(1067520K), 0.0030873 secs]
33172.838: [GC (Allocation Failure)  387678K->8798K(1056256K), 0.0032977 secs]
33173.442: [GC (Allocation Failure)  376414K->8734K(1045504K), 0.0038029 secs]
33173.835: [GC (Allocation Failure)  365598K->8766K(1035264K), 0.0040361 secs]
33174.198: [GC (Allocation Failure)  355390K->8766K(1025536K), 0.0031646 secs]
33174.550: [GC (Allocation Failure)  345662K->8766K(1016320K), 0.0046817 secs]
33174.894: [GC (Allocation Failure)  336446K->8766K(1007616K), 0.0031721 secs]
33175.228: [GC (Allocation Failure)  327742K->8734K(998912K), 0.0036419 secs]
33175.553: [GC (Allocation Failure)  319006K->8734K(990720K), 0.0034657 secs]
33175.869: [GC (Allocation Failure)  310814K->8798K(983040K), 0.0032700 secs]
33176.180: [GC (Allocation Failure)  303198K->8766K(1041920K), 0.0034932 secs]
33176.549: [GC (Allocation Failure)  362046K->8798K(1032192K), 0.0032798 secs]
33176.908: [GC (Allocation Failure)  352350K->8766K(1101312K), 0.0042969 secs]
33177.342: [GC (Allocation Failure)  421438K->8766K(1089024K), 0.0040681 secs]
33177.765: [GC (Allocation Failure)  409150K->8766K(1077248K), 0.0033036 secs]
33178.170: [GC (Allocation Failure)  397374K->8766K(1065984K), 0.0039089 secs]
33178.581: [GC (Allocation Failure)  386110K->8734K(1055232K), 0.0038134 secs]
33178.984: [GC (Allocation Failure)  375326K->8798K(1044480K), 0.0037769 secs]
33179.354: [GC (Allocation Failure)  364638K->8766K(1034240K), 0.0034297 secs]
33179.715: [GC (Allocation Failure)  354366K->8798K(1024512K), 0.0032859 secs]
33180.068: [GC (Allocation Failure)  344670K->8798K(1015296K), 0.0037683 secs]
33180.411: [GC (Allocation Failure)  335454K->8766K(1006592K), 0.0040048 secs]
33180.750: [GC (Allocation Failure)  326718K->8766K(997888K), 0.0034795 secs]
33181.078: [GC (Allocation Failure)  318014K->8766K(1059840K), 0.0035602 secs]
33181.464: [GC (Allocation Failure)  379966K->8734K(1049088K), 0.0030774 secs]
33181.840: [GC (Allocation Failure)  369182K->8766K(1038848K), 0.0035010 secs]
33182.229: [GC (Allocation Failure)  358974K->8766K(1029120K), 0.0037207 secs]
33182.584: [GC (Allocation Failure)  349246K->8766K(1019904K), 0.0039247 secs]
33182.930: [GC (Allocation Failure)  340030K->8734K(1010688K), 0.0033050 secs]
33183.268: [GC (Allocation Failure)  330782K->8734K(1001984K), 0.0036120 secs]
33183.610: [GC (Allocation Failure)  322078K->8766K(993792K), 0.0034882 secs]
33183.951: [GC (Allocation Failure)  313918K->8798K(985600K), 0.0036426 secs]
33184.264: [GC (Allocation Failure)  305758K->8766K(977920K), 0.0029125 secs]
33184.568: [GC (Allocation Failure)  298046K->8766K(1035776K), 0.0034553 secs]
33184.933: [GC (Allocation Failure)  355902K->8766K(1105408K), 0.0041145 secs]
33185.365: [GC (Allocation Failure)  425534K->8766K(1188864K), 0.0050714 secs]
33185.879: [GC (Allocation Failure)  508990K->8766K(1172480K), 0.0033281 secs]
33186.408: [GC (Allocation Failure)  492606K->8766K(1157120K), 0.0035428 secs]
33186.896: [GC (Allocation Failure)  477246K->8734K(1142272K), 0.0037582 secs]
33187.393: [GC (Allocation Failure)  462366K->8798K(1127936K), 0.0037100 secs]
33188.127: [GC (Allocation Failure)  448094K->8766K(1114112K), 0.0037785 secs]
33188.569: [GC (Allocation Failure)  434238K->8702K(1101312K), 0.0032152 secs]
33189.046: [GC (Allocation Failure)  421374K->8734K(1089024K), 0.0035720 secs]
33189.467: [GC (Allocation Failure)  409118K->8734K(1077248K), 0.0041186 secs]
33189.870: [GC (Allocation Failure)  397342K->8766K(1065984K), 0.0033788 secs]
33190.263: [GC (Allocation Failure)  386110K->8798K(1055232K), 0.0033179 secs]
33190.645: [GC (Allocation Failure)  375390K->8798K(1044480K), 0.0031038 secs]
33191.017: [GC (Allocation Failure)  364638K->8766K(1034240K), 0.0032345 secs]
33191.378: [GC (Allocation Failure)  354366K->8766K(1024512K), 0.0034130 secs]
33191.729: [GC (Allocation Failure)  344638K->8766K(1015296K), 0.0035563 secs]
33192.072: [GC (Allocation Failure)  335422K->8734K(1006592K), 0.0037612 secs]
33192.406: [GC (Allocation Failure)  326686K->8734K(997888K), 0.0031267 secs]
33192.731: [GC (Allocation Failure)  317982K->8766K(989696K), 0.0028710 secs]
33193.047: [GC (Allocation Failure)  309822K->8766K(982016K), 0.0037173 secs]
33193.356: [GC (Allocation Failure)  302142K->8734K(974336K), 0.0033448 secs]
33193.656: [GC (Allocation Failure)  294430K->8734K(1031680K), 0.0036945 secs]
33194.269: [GC (Allocation Failure)  351774K->8734K(1021952K), 0.0407522 secs]
33194.660: [GC (Allocation Failure)  342046K->8734K(1012736K), 0.0039433 secs]
33195.005: [GC (Allocation Failure)  332830K->8798K(1077760K), 0.0039848 secs]
33195.416: [GC (Allocation Failure)  397918K->8766K(1066496K), 0.0037070 secs]
33195.830: [GC (Allocation Failure)  386622K->8798K(1055744K), 0.0030336 secs]
33196.213: [GC (Allocation Failure)  375902K->8734K(1044992K), 0.0037326 secs]
33196.588: [GC (Allocation Failure)  365086K->8766K(1034752K), 0.0037610 secs]
33196.980: [GC (Allocation Failure)  354878K->8766K(1025024K), 0.0036530 secs]
33197.331: [GC (Allocation Failure)  345150K->8766K(1015808K), 0.0038538 secs]
33197.673: [GC (Allocation Failure)  335934K->8734K(1081344K), 0.0043264 secs]
33198.087: [GC (Allocation Failure)  401438K->8734K(1160192K), 0.0043085 secs]
33198.820: [GC (Allocation Failure)  480286K->8766K(1145344K), 0.0036520 secs]
33199.333: [GC (Allocation Failure)  465470K->8798K(1131008K), 0.0037492 secs]
33199.793: [GC (Allocation Failure)  451166K->8766K(1117184K), 0.0037361 secs]
33200.238: [GC (Allocation Failure)  437310K->8766K(1103872K), 0.0035486 secs]
33200.703: [GC (Allocation Failure)  423998K->8734K(1091072K), 0.0031098 secs]
33201.126: [GC (Allocation Failure)  411166K->8766K(1079296K), 0.0040951 secs]
33201.530: [GC (Allocation Failure)  399422K->8734K(1068032K), 0.0030573 secs]
33201.915: [GC (Allocation Failure)  388126K->8766K(1056768K), 0.0032884 secs]
33202.306: [GC (Allocation Failure)  376894K->8798K(1046016K), 0.0033386 secs]
33202.686: [GC (Allocation Failure)  366174K->8734K(1035776K), 0.0037040 secs]
33203.278: [GC (Allocation Failure)  355870K->8766K(1026048K), 0.0032663 secs]
33203.643: [GC (Allocation Failure)  346174K->8798K(1016832K), 0.0037658 secs]
33203.990: [GC (Allocation Failure)  336990K->8766K(1008128K), 0.0032348 secs]
33204.361: [GC (Allocation Failure)  328254K->8766K(999424K), 0.0034750 secs]
33204.685: [GC (Allocation Failure)  319550K->8766K(991232K), 0.0034518 secs]
33205.002: [GC (Allocation Failure)  311358K->8766K(983552K), 0.0035962 secs]
33205.327: [GC (Allocation Failure)  303678K->8766K(975872K), 0.0034546 secs]
33205.629: [GC (Allocation Failure)  295998K->8766K(1033728K), 0.0047205 secs]
33205.997: [GC (Allocation Failure)  353854K->8766K(1102848K), 0.0038082 secs]
33206.640: [GC (Allocation Failure)  422974K->8798K(1090560K), 0.0030946 secs]
33207.058: [GC (Allocation Failure)  410718K->8830K(1078784K), 0.0031120 secs]
33207.480: [GC (Allocation Failure)  398974K->8798K(1067520K), 0.0033156 secs]
33207.880: [GC (Allocation Failure)  387678K->8766K(1056256K), 0.0031491 secs]
33208.262: [GC (Allocation Failure)  376382K->8766K(1045504K), 0.0035178 secs]
33208.634: [GC (Allocation Failure)  365630K->8766K(1035264K), 0.0034978 secs]
33208.996: [GC (Allocation Failure)  355390K->8798K(1025536K), 0.0043481 secs]
33209.352: [GC (Allocation Failure)  345694K->8766K(1016320K), 0.0034877 secs]
33209.695: [GC (Allocation Failure)  336446K->8798K(1007616K), 0.0036076 secs]
33210.045: [GC (Allocation Failure)  327774K->8734K(998912K), 0.0036415 secs]
33210.369: [GC (Allocation Failure)  319006K->8766K(990720K), 0.0031215 secs]
33210.688: [GC (Allocation Failure)  310846K->8766K(1051136K), 0.0050430 secs]
33211.072: [GC (Allocation Failure)  371262K->8734K(1123840K), 0.0040377 secs]
33211.526: [GC (Allocation Failure)  443934K->8766K(1210880K), 0.0035552 secs]
33212.259: [GC (Allocation Failure)  531006K->8766K(1193472K), 0.0036995 secs]
33212.805: [GC (Allocation Failure)  513598K->8734K(1177088K), 0.0046525 secs]
33213.318: [GC (Allocation Failure)  497182K->8766K(1161216K), 0.0043986 secs]
33213.814: [GC (Allocation Failure)  481342K->8766K(1146368K), 0.0033573 secs]
33214.291: [GC (Allocation Failure)  466494K->8734K(1132032K), 0.0207614 secs]
33214.774: [GC (Allocation Failure)  452126K->8734K(1118208K), 0.0043103 secs]
33215.227: [GC (Allocation Failure)  438302K->8766K(1104896K), 0.0046152 secs]
33215.678: [GC (Allocation Failure)  425022K->8798K(1092096K), 0.0043014 secs]
33216.099: [GC (Allocation Failure)  412254K->8766K(1079808K), 0.0033326 secs]
33216.509: [GC (Allocation Failure)  399934K->8766K(1068032K), 0.0038583 secs]
33216.907: [GC (Allocation Failure)  388158K->8766K(1056768K), 0.0035705 secs]
33217.291: [GC (Allocation Failure)  376894K->8766K(1046016K), 0.0032902 secs]
33217.663: [GC (Allocation Failure)  366142K->8734K(1035776K), 0.0033075 secs]
33218.259: [GC (Allocation Failure)  355870K->8766K(1026048K), 0.0035536 secs]
33218.611: [GC (Allocation Failure)  346174K->8734K(1016832K), 0.0038586 secs]
33218.955: [GC (Allocation Failure)  336926K->8766K(1008128K), 0.0035767 secs]
33219.290: [GC (Allocation Failure)  328254K->8766K(999424K), 0.0026178 secs]
33219.647: [GC (Allocation Failure)  319550K->8766K(991232K), 0.0043264 secs]
33219.984: [GC (Allocation Failure)  311358K->8766K(983552K), 0.0037606 secs]
33220.324: [GC (Allocation Failure)  303678K->8734K(1042944K), 0.0047883 secs]
33220.694: [GC (Allocation Failure)  363038K->8766K(1114112K), 0.0035381 secs]
33221.135: [GC (Allocation Failure)  434238K->8766K(1101312K), 0.0033485 secs]
33221.577: [GC (Allocation Failure)  421438K->8734K(1089024K), 0.0033292 secs]
33221.986: [GC (Allocation Failure)  409118K->8766K(1077248K), 0.0030414 secs]
33222.385: [GC (Allocation Failure)  397374K->8766K(1065984K), 0.0033456 secs]
33222.776: [GC (Allocation Failure)  386110K->8766K(1055232K), 0.0029674 secs]
33223.459: [GC (Allocation Failure)  375358K->8766K(1044480K), 0.0036709 secs]
33223.850: [GC (Allocation Failure)  364606K->8798K(1034240K), 0.0034228 secs]
33224.224: [GC (Allocation Failure)  354398K->8798K(1024512K), 0.0028712 secs]
33224.568: [GC (Allocation Failure)  344670K->8798K(1015296K), 0.0031591 secs]
33224.918: [GC (Allocation Failure)  335454K->8766K(1006592K), 0.0042967 secs]
33225.247: [GC (Allocation Failure)  326718K->8798K(997888K), 0.0038593 secs]
33225.567: [GC (Allocation Failure)  318046K->8702K(989696K), 0.0040289 secs]
33225.876: [GC (Allocation Failure)  309758K->8766K(1050112K), 0.0058256 secs]
33226.252: [GC (Allocation Failure)  370238K->8766K(1122816K), 0.0034521 secs]
33226.700: [GC (Allocation Failure)  442942K->8798K(1109504K), 0.0024048 secs]
33227.135: [GC (Allocation Failure)  429662K->8798K(1096704K), 0.0029741 secs]
33227.570: [GC (Allocation Failure)  416862K->8766K(1084416K), 0.0037010 secs]
33227.980: [GC (Allocation Failure)  404542K->8766K(1072640K), 0.0038772 secs]
33228.375: [GC (Allocation Failure)  392766K->8766K(1061376K), 0.0040221 secs]
33228.764: [GC (Allocation Failure)  381502K->8766K(1050624K), 0.0041526 secs]
33229.142: [GC (Allocation Failure)  370750K->8766K(1040384K), 0.0035225 secs]
33229.504: [GC (Allocation Failure)  360510K->8734K(1030656K), 0.0041326 secs]
33229.859: [GC (Allocation Failure)  350750K->8734K(1020928K), 0.0036539 secs]
33230.219: [GC (Allocation Failure)  341022K->8766K(1011712K), 0.0034951 secs]
33230.583: [GC (Allocation Failure)  331838K->8702K(1003008K), 0.0031438 secs]
33230.903: [GC (Allocation Failure)  323070K->8830K(994816K), 0.0029366 secs]
33231.213: [GC (Allocation Failure)  315006K->8766K(986624K), 0.0033986 secs]
33231.518: [GC (Allocation Failure)  306750K->8734K(1046528K), 0.0036840 secs]
33231.897: [GC (Allocation Failure)  366622K->8766K(1036288K), 0.0035184 secs]
33232.253: [GC (Allocation Failure)  356414K->8734K(1026560K), 0.0035967 secs]
33232.602: [GC (Allocation Failure)  346654K->8734K(1017344K), 0.0035629 secs]
33232.943: [GC (Allocation Failure)  337438K->8766K(1008640K), 0.0034301 secs]
33233.273: [GC (Allocation Failure)  328766K->8734K(999936K), 0.0032702 secs]
33233.594: [GC (Allocation Failure)  320030K->8766K(1062400K), 0.0051886 secs]
33234.180: [GC (Allocation Failure)  382526K->8798K(1051648K), 0.0034048 secs]
33234.558: [GC (Allocation Failure)  371806K->8734K(1041408K), 0.0033621 secs]
33234.929: [GC (Allocation Failure)  361502K->8734K(1031680K), 0.0037872 secs]
33235.315: [GC (Allocation Failure)  351774K->8734K(1021952K), 0.0035847 secs]
33235.666: [GC (Allocation Failure)  342046K->8766K(1012736K), 0.0036911 secs]
33236.014: [GC (Allocation Failure)  332862K->8766K(1004032K), 0.0031980 secs]
33236.377: [GC (Allocation Failure)  324158K->8798K(995840K), 0.0033575 secs]
33236.706: [GC (Allocation Failure)  315998K->8766K(987648K), 0.0031772 secs]
33237.213: [GC (Allocation Failure)  307774K->8766K(979968K), 0.0038087 secs]
33237.537: [GC (Allocation Failure)  300094K->8766K(972288K), 0.0038000 secs]
33237.837: [GC (Allocation Failure)  292414K->8766K(1029120K), 0.0044966 secs]
33238.399: [GC (Allocation Failure)  349246K->8766K(1019904K), 0.0034154 secs]
33238.745: [GC (Allocation Failure)  340030K->8766K(1010688K), 0.0035021 secs]
33239.081: [GC (Allocation Failure)  330814K->8798K(1001984K), 0.0033745 secs]
33239.432: [GC (Allocation Failure)  322142K->8766K(1064960K), 0.0053743 secs]
33239.840: [GC (Allocation Failure)  385086K->8766K(1140224K), 0.0034072 secs]
33240.308: [GC (Allocation Failure)  460350K->8766K(1125888K), 0.0039994 secs]
33240.776: [GC (Allocation Failure)  446014K->8734K(1112576K), 0.0047346 secs]
33241.222: [GC (Allocation Failure)  432670K->8734K(1099776K), 0.0033674 secs]
33241.643: [GC (Allocation Failure)  419870K->8766K(1087488K), 0.0038801 secs]
33242.067: [GC (Allocation Failure)  407614K->8766K(1075712K), 0.0034723 secs]
33242.463: [GC (Allocation Failure)  395838K->8734K(1064448K), 0.0049823 secs]
33242.863: [GC (Allocation Failure)  384542K->8766K(1053696K), 0.0036359 secs]
33243.446: [GC (Allocation Failure)  373822K->8798K(1043456K), 0.0037090 secs]
33243.817: [GC (Allocation Failure)  363614K->8734K(1033216K), 0.0038227 secs]
33244.177: [GC (Allocation Failure)  353310K->8734K(1023488K), 0.0038235 secs]
33244.527: [GC (Allocation Failure)  343582K->8734K(1014272K), 0.0034851 secs]
33244.867: [GC (Allocation Failure)  334366K->8734K(1005568K), 0.0032334 secs]
33245.220: [GC (Allocation Failure)  325662K->8734K(996864K), 0.0034229 secs]
33245.536: [GC (Allocation Failure)  316958K->8734K(1058816K), 0.0043331 secs]
33245.943: [GC (Allocation Failure)  378910K->8766K(1133056K), 0.0050044 secs]
33246.426: [GC (Allocation Failure)  453182K->8798K(1119232K), 0.0036887 secs]
33246.897: [GC (Allocation Failure)  439390K->8702K(1105920K), 0.0032635 secs]
33247.367: [GC (Allocation Failure)  425982K->8734K(1093120K), 0.0055533 secs]
33247.811: [GC (Allocation Failure)  413214K->8766K(1080832K), 0.0032823 secs]
33248.211: [GC (Allocation Failure)  400958K->8766K(1069056K), 0.0035262 secs]
33248.660: [GC (Allocation Failure)  389182K->8734K(1057792K), 0.0034460 secs]
33249.054: [GC (Allocation Failure)  377886K->8766K(1047040K), 0.0034158 secs]
33249.420: [GC (Allocation Failure)  367166K->8734K(1036800K), 0.0037559 secs]
33249.779: [GC (Allocation Failure)  356894K->8798K(1027072K), 0.0029375 secs]
33250.424: [GC (Allocation Failure)  347230K->8766K(1017856K), 0.0250836 secs]
33250.786: [GC (Allocation Failure)  337982K->8798K(1008640K), 0.0037343 secs]
33251.169: [GC (Allocation Failure)  328798K->8766K(999936K), 0.0033016 secs]
33251.486: [GC (Allocation Failure)  320062K->8766K(991744K), 0.0028885 secs]
33251.793: [GC (Allocation Failure)  311870K->8766K(984064K), 0.0039146 secs]
33252.096: [GC (Allocation Failure)  304190K->8734K(1043456K), 0.0035720 secs]
33252.472: [GC (Allocation Failure)  363550K->8766K(1114624K), 0.0044746 secs]
33252.913: [GC (Allocation Failure)  434750K->8702K(1200128K), 0.0039975 secs]
33253.472: [GC (Allocation Failure)  520190K->8862K(1183232K), 0.0029140 secs]
33254.190: [GC (Allocation Failure)  503454K->8766K(1167360K), 0.0035092 secs]
33254.715: [GC (Allocation Failure)  487486K->8766K(1152000K), 0.0033020 secs]
33255.443: [GC (Allocation Failure)  472126K->8734K(1137152K), 0.0179222 secs]
33255.932: [GC (Allocation Failure)  457246K->8734K(1123328K), 0.0034558 secs]
33256.413: [GC (Allocation Failure)  443422K->8734K(1110016K), 0.0041760 secs]
33256.858: [GC (Allocation Failure)  430110K->8766K(1097216K), 0.0030392 secs]
33257.304: [GC (Allocation Failure)  417342K->8766K(1084928K), 0.0038666 secs]
33257.857: [GC (Allocation Failure)  405054K->8734K(1073152K), 0.0030901 secs]
33258.275: [GC (Allocation Failure)  393246K->8766K(1061888K), 0.0037395 secs]
33258.687: [GC (Allocation Failure)  382014K->8702K(1051136K), 0.0036577 secs]
33259.091: [GC (Allocation Failure)  371198K->8766K(1040896K), 0.0038513 secs]
33259.459: [GC (Allocation Failure)  361022K->8766K(1031168K), 0.0043163 secs]
33259.822: [GC (Allocation Failure)  351294K->8798K(1021440K), 0.0046664 secs]
33260.169: [GC (Allocation Failure)  341598K->8766K(1088000K), 0.0067292 secs]
33260.592: [GC (Allocation Failure)  408126K->8766K(1167872K), 0.0029338 secs]
33261.097: [GC (Allocation Failure)  487998K->8734K(1152512K), 0.0033916 secs]
33261.790: [GC (Allocation Failure)  472606K->8734K(1137664K), 0.0037986 secs]
33262.270: [GC (Allocation Failure)  457758K->8766K(1123840K), 0.0035962 secs]
33262.726: [GC (Allocation Failure)  443966K->8766K(1110528K), 0.0041770 secs]
33263.173: [GC (Allocation Failure)  430654K->8766K(1097728K), 0.0041078 secs]
33263.599: [GC (Allocation Failure)  417854K->8766K(1085440K), 0.0039627 secs]
33264.012: [GC (Allocation Failure)  405566K->8734K(1073664K), 0.0034001 secs]
33264.419: [GC (Allocation Failure)  393758K->8766K(1062400K), 0.0039359 secs]
33264.929: [GC (Allocation Failure)  382526K->8766K(1051648K), 0.0033490 secs]
33265.343: [GC (Allocation Failure)  371774K->8766K(1041408K), 0.0044937 secs]
33265.716: [GC (Allocation Failure)  361534K->8766K(1031680K), 0.0042141 secs]
33266.074: [GC (Allocation Failure)  351806K->8734K(1021952K), 0.0037294 secs]
33266.430: [GC (Allocation Failure)  342046K->8766K(1089024K), 0.0044671 secs]
33267.135: [GC (Allocation Failure)  409150K->8766K(1077248K), 0.0037418 secs]
33267.547: [GC (Allocation Failure)  397374K->8830K(1065984K), 0.0039682 secs]
33268.207: [GC (Allocation Failure)  386174K->8766K(1055232K), 0.0041681 secs]
33268.596: [GC (Allocation Failure)  375358K->8766K(1044480K), 0.0042864 secs]
33269.204: [GC (Allocation Failure)  364606K->8766K(1034240K), 0.0036710 secs]
33269.568: [GC (Allocation Failure)  354366K->8734K(1024512K), 0.0035664 secs]
33269.924: [GC (Allocation Failure)  344606K->8766K(1015296K), 0.0039006 secs]
33270.272: [GC (Allocation Failure)  335422K->8702K(1006592K), 0.0042320 secs]
33270.630: [GC (Allocation Failure)  326654K->8798K(1070592K), 0.0041541 secs]
33271.038: [GC (Allocation Failure)  390750K->8766K(1059328K), 0.0032813 secs]
33271.447: [GC (Allocation Failure)  379454K->8766K(1048576K), 0.0036056 secs]
33271.993: [GC (Allocation Failure)  368702K->8766K(1038336K), 0.0033802 secs]
33272.356: [GC (Allocation Failure)  358462K->8766K(1028608K), 0.0047486 secs]
33272.740: [GC (Allocation Failure)  348734K->8766K(1019392K), 0.0035894 secs]
33273.087: [GC (Allocation Failure)  339518K->8798K(1010176K), 0.0041205 secs]
33273.622: [GC (Allocation Failure)  330334K->8766K(1001472K), 0.0029920 secs]
33273.948: [GC (Allocation Failure)  321598K->8798K(993280K), 0.0037357 secs]
33274.265: [GC (Allocation Failure)  313438K->8798K(985088K), 0.0025746 secs]
33274.572: [GC (Allocation Failure)  305246K->8766K(977408K), 0.0032892 secs]
33274.871: [GC (Allocation Failure)  297534K->8766K(970240K), 0.0030013 secs]
33275.166: [GC (Allocation Failure)  290366K->8798K(963072K), 0.0032473 secs]
33275.453: [GC (Allocation Failure)  283230K->8766K(1018368K), 0.0031792 secs]
33275.811: [GC (Allocation Failure)  338494K->8766K(1009152K), 0.0030148 secs]
33276.147: [GC (Allocation Failure)  329278K->8702K(1000448K), 0.0031921 secs]
33276.491: [GC (Allocation Failure)  320510K->8798K(992256K), 0.0027970 secs]
33277.009: [GC (Allocation Failure)  312414K->8766K(984064K), 0.0036115 secs]
33277.330: [GC (Allocation Failure)  304190K->8734K(976384K), 0.0038660 secs]
33277.632: [GC (Allocation Failure)  296478K->8766K(969216K), 0.0033592 secs]
33277.942: [GC (Allocation Failure)  289342K->8734K(962048K), 0.0027483 secs]
33278.219: [GC (Allocation Failure)  282142K->8798K(955392K), 0.0027629 secs]
33278.493: [GC (Allocation Failure)  275550K->8766K(1009152K), 0.0035729 secs]
33279.050: [GC (Allocation Failure)  329278K->8734K(1000448K), 0.0035348 secs]
33279.374: [GC (Allocation Failure)  320542K->8734K(992256K), 0.0034677 secs]
33279.693: [GC (Allocation Failure)  312350K->8766K(984064K), 0.0029785 secs]
33280.025: [GC (Allocation Failure)  304190K->8766K(976384K), 0.0038361 secs]
33280.330: [GC (Allocation Failure)  296510K->8734K(1034240K), 0.0044770 secs]
33280.713: [GC (Allocation Failure)  354334K->8766K(1103360K), 0.0040850 secs]
33281.150: [GC (Allocation Failure)  423486K->8734K(1186304K), 0.0048436 secs]
33281.664: [GC (Allocation Failure)  506398K->8766K(1169920K), 0.0032577 secs]
33282.179: [GC (Allocation Failure)  490046K->8734K(1154560K), 0.0033447 secs]
33282.660: [GC (Allocation Failure)  474654K->8798K(1139712K), 0.0045591 secs]
33283.131: [GC (Allocation Failure)  459870K->8766K(1125376K), 0.0032528 secs]
33283.586: [GC (Allocation Failure)  445502K->8734K(1112064K), 0.0038589 secs]
33284.239: [GC (Allocation Failure)  432158K->8734K(1099264K), 0.0037743 secs]
33284.667: [GC (Allocation Failure)  419358K->8766K(1086976K), 0.0038238 secs]
33285.104: [GC (Allocation Failure)  407102K->8766K(1075200K), 0.0035777 secs]
33285.520: [GC (Allocation Failure)  395326K->8766K(1063936K), 0.0033618 secs]
33285.906: [GC (Allocation Failure)  384062K->8734K(1053184K), 0.0035300 secs]
33286.282: [GC (Allocation Failure)  373278K->8766K(1042944K), 0.0033891 secs]
33286.644: [GC (Allocation Failure)  363070K->8798K(1032704K), 0.0032965 secs]
33287.032: [GC (Allocation Failure)  352862K->8766K(1022976K), 0.0031425 secs]
33287.522: [GC (Allocation Failure)  343102K->8766K(1013760K), 0.0032418 secs]
33287.853: [GC (Allocation Failure)  333886K->8766K(1005056K), 0.0030718 secs]
33288.179: [GC (Allocation Failure)  325182K->8766K(996352K), 0.0033024 secs]
33288.516: [GC (Allocation Failure)  316478K->8798K(988160K), 0.0037236 secs]
33288.821: [GC (Allocation Failure)  308318K->8734K(980480K), 0.0037270 secs]
33289.126: [GC (Allocation Failure)  300574K->8766K(972800K), 0.0031011 secs]
33289.442: [GC (Allocation Failure)  292926K->8734K(965632K), 0.0031242 secs]
33289.731: [GC (Allocation Failure)  285726K->8766K(1021440K), 0.0036013 secs]
33290.323: [GC (Allocation Failure)  341566K->8734K(1012224K), 0.0038325 secs]
33290.660: [GC (Allocation Failure)  332318K->8766K(1003520K), 0.0036957 secs]
33290.997: [GC (Allocation Failure)  323646K->8766K(995328K), 0.0031724 secs]
33291.336: [GC (Allocation Failure)  315454K->8798K(987136K), 0.0037346 secs]
33291.669: [GC (Allocation Failure)  307294K->8798K(979456K), 0.0030449 secs]
33291.974: [GC (Allocation Failure)  299614K->8766K(971776K), 0.0031739 secs]
33292.270: [GC (Allocation Failure)  291902K->8798K(964608K), 0.0284670 secs]
33292.590: [GC (Allocation Failure)  284766K->8798K(1019904K), 0.0042605 secs]
33292.940: [GC (Allocation Failure)  340062K->8766K(1086464K), 0.0033634 secs]
33293.373: [GC (Allocation Failure)  406590K->8798K(1074688K), 0.0032890 secs]
33293.777: [GC (Allocation Failure)  394846K->8766K(1063424K), 0.0036265 secs]
33294.167: [GC (Allocation Failure)  383550K->8798K(1052672K), 0.0027611 secs]
33294.764: [GC (Allocation Failure)  372830K->8734K(1042432K), 0.0037223 secs]
33295.137: [GC (Allocation Failure)  362526K->8766K(1032704K), 0.0040542 secs]
33295.500: [GC (Allocation Failure)  352830K->8766K(1022976K), 0.0034754 secs]
33295.874: [GC (Allocation Failure)  343102K->8766K(1013760K), 0.0032825 secs]
33296.222: [GC (Allocation Failure)  333886K->8766K(1005056K), 0.0038308 secs]
33296.553: [GC (Allocation Failure)  325182K->8798K(1068544K), 0.0045221 secs]
33296.971: [GC (Allocation Failure)  388702K->8798K(1057280K), 0.0033005 secs]
33297.361: [GC (Allocation Failure)  377438K->8766K(1046528K), 0.0035080 secs]
33297.758: [GC (Allocation Failure)  366654K->8766K(1036288K), 0.0035339 secs]
33298.113: [GC (Allocation Failure)  356414K->8798K(1026560K), 0.0033292 secs]
33298.474: [GC (Allocation Failure)  346718K->8798K(1017344K), 0.0036926 secs]
33298.809: [GC (Allocation Failure)  337502K->8734K(1008640K), 0.0029261 secs]
33299.147: [GC (Allocation Failure)  328734K->8766K(999936K), 0.0041786 secs]
33299.475: [GC (Allocation Failure)  320062K->8766K(991744K), 0.0033673 secs]
33299.801: [GC (Allocation Failure)  311870K->8766K(1052672K), 0.0037495 secs]
33300.179: [GC (Allocation Failure)  372798K->8798K(1125888K), 0.0048536 secs]
33300.631: [GC (Allocation Failure)  446046K->8766K(1213440K), 0.0038108 secs]
33301.181: [GC (Allocation Failure)  533566K->8798K(1196032K), 0.0034314 secs]
33301.702: [GC (Allocation Failure)  516190K->8766K(1179648K), 0.0033111 secs]
33302.440: [GC (Allocation Failure)  499774K->8766K(1163776K), 0.0039621 secs]
33302.966: [GC (Allocation Failure)  483902K->8766K(1148416K), 0.0031903 secs]
33303.445: [GC (Allocation Failure)  468542K->8766K(1134080K), 0.0048462 secs]
33303.931: [GC (Allocation Failure)  454206K->8766K(1120256K), 0.0025474 secs]
33304.384: [GC (Allocation Failure)  440382K->8766K(1106944K), 0.0036135 secs]
33304.842: [GC (Allocation Failure)  427070K->8798K(1094144K), 0.0034482 secs]
33305.275: [GC (Allocation Failure)  414302K->8734K(1081856K), 0.0033433 secs]
33305.941: [GC (Allocation Failure)  401950K->8766K(1070080K), 0.0035295 secs]
33306.342: [GC (Allocation Failure)  390206K->8766K(1058816K), 0.0039225 secs]
33306.729: [GC (Allocation Failure)  378942K->8766K(1048064K), 0.0032422 secs]
33307.123: [GC (Allocation Failure)  368190K->8702K(1037824K), 0.0033775 secs]
33307.487: [GC (Allocation Failure)  357886K->8798K(1028096K), 0.0040953 secs]
33307.868: [GC (Allocation Failure)  348254K->8766K(1018880K), 0.0043926 secs]
33308.235: [GC (Allocation Failure)  339006K->8734K(1009664K), 0.0035566 secs]
33308.739: [GC (Allocation Failure)  329758K->8766K(1000960K), 0.0027015 secs]
33309.064: [GC (Allocation Failure)  321086K->8734K(992768K), 0.0034869 secs]
33309.400: [GC (Allocation Failure)  312862K->8766K(984576K), 0.0045617 secs]
33309.721: [GC (Allocation Failure)  304702K->8766K(1043968K), 0.0040683 secs]
33310.349: [GC (Allocation Failure)  364094K->8734K(1033728K), 0.0034000 secs]
33310.708: [GC (Allocation Failure)  353822K->8766K(1024000K), 0.0035616 secs]
33311.064: [GC (Allocation Failure)  344126K->8766K(1014784K), 0.0034774 secs]
33311.407: [GC (Allocation Failure)  334910K->8766K(1006080K), 0.0031675 secs]
33311.738: [GC (Allocation Failure)  326206K->8766K(997376K), 0.0032224 secs]
33312.097: [GC (Allocation Failure)  317502K->8734K(1059328K), 0.0047975 secs]
33312.676: [GC (Allocation Failure)  379422K->8766K(1048576K), 0.0034595 secs]
33313.281: [GC (Allocation Failure)  368702K->8766K(1038336K), 0.0037584 secs]
33313.646: [GC (Allocation Failure)  358462K->8798K(1108480K), 0.0066364 secs]
33314.085: [GC (Allocation Failure)  428638K->8798K(1095680K), 0.0033877 secs]
33314.507: [GC (Allocation Failure)  415838K->8766K(1177088K), 0.0048885 secs]
33315.011: [GC (Allocation Failure)  497214K->8798K(1161216K), 0.0039367 secs]
33315.740: [GC (Allocation Failure)  481374K->8766K(1146368K), 0.0032171 secs]
33316.219: [GC (Allocation Failure)  466494K->8734K(1132032K), 0.0042156 secs]
33316.685: [GC (Allocation Failure)  452126K->8734K(1118208K), 0.0041084 secs]
33317.136: [GC (Allocation Failure)  438302K->8798K(1104896K), 0.0035044 secs]
33317.568: [GC (Allocation Failure)  425054K->8766K(1092096K), 0.0032246 secs]
33318.000: [GC (Allocation Failure)  412222K->8766K(1079808K), 0.0033130 secs]
33318.629: [GC (Allocation Failure)  399934K->8766K(1068032K), 0.0036181 secs]
33319.026: [GC (Allocation Failure)  388158K->8766K(1056768K), 0.0032228 secs]
33319.410: [GC (Allocation Failure)  376894K->8798K(1046016K), 0.0031639 secs]
33319.800: [GC (Allocation Failure)  366174K->8734K(1035776K), 0.0032397 secs]
33320.162: [GC (Allocation Failure)  355870K->8766K(1026048K), 0.0042074 secs]
33320.514: [GC (Allocation Failure)  346174K->8734K(1016832K), 0.0037430 secs]
33320.860: [GC (Allocation Failure)  336926K->8766K(1008128K), 0.0036792 secs]
33321.195: [GC (Allocation Failure)  328254K->8766K(1072128K), 0.0061611 secs]
33321.595: [GC (Allocation Failure)  392254K->8766K(1148928K), 0.0035284 secs]
33322.072: [GC (Allocation Failure)  469054K->8766K(1134592K), 0.0035789 secs]
33322.543: [GC (Allocation Failure)  454718K->8734K(1120768K), 0.0034843 secs]
33322.991: [GC (Allocation Failure)  440862K->8766K(1107456K), 0.0024912 secs]
33323.429: [GC (Allocation Failure)  427582K->8734K(1094656K), 0.0035981 secs]
33323.849: [GC (Allocation Failure)  414750K->8766K(1082368K), 0.0026493 secs]
33324.257: [GC (Allocation Failure)  402494K->8798K(1070592K), 0.0029407 secs]
33324.666: [GC (Allocation Failure)  390750K->8798K(1059328K), 0.0035589 secs]
33325.078: [GC (Allocation Failure)  379486K->8734K(1048576K), 0.0037326 secs]
33325.483: [GC (Allocation Failure)  368670K->8766K(1038336K), 0.0035018 secs]
33325.876: [GC (Allocation Failure)  358462K->8734K(1028608K), 0.0036765 secs]
33326.240: [GC (Allocation Failure)  348702K->8766K(1019392K), 0.0033455 secs]
33326.586: [GC (Allocation Failure)  339518K->8702K(1010176K), 0.0030584 secs]
33326.925: [GC (Allocation Failure)  330238K->8734K(1001472K), 0.0035085 secs]
33327.258: [GC (Allocation Failure)  321566K->8734K(993280K), 0.0030289 secs]
33327.585: [GC (Allocation Failure)  313374K->8734K(985088K), 0.0036205 secs]
33327.897: [GC (Allocation Failure)  305182K->8798K(977408K), 0.0031175 secs]
33328.212: [GC (Allocation Failure)  297566K->8766K(1035264K), 0.0039952 secs]
33328.575: [GC (Allocation Failure)  355390K->8766K(1025536K), 0.0034376 secs]
33328.957: [GC (Allocation Failure)  345662K->8766K(1016320K), 0.0034162 secs]
33329.302: [GC (Allocation Failure)  336446K->8798K(1007616K), 0.0031394 secs]
33329.653: [GC (Allocation Failure)  327774K->8766K(998912K), 0.0032137 secs]
33329.989: [GC (Allocation Failure)  319038K->8766K(990720K), 0.0034585 secs]
33330.306: [GC (Allocation Failure)  310846K->8766K(983040K), 0.0035167 secs]
33330.618: [GC (Allocation Failure)  303166K->8798K(975360K), 0.0032355 secs]
33330.937: [GC (Allocation Failure)  295518K->8734K(1032704K), 0.0038959 secs]
33331.305: [GC (Allocation Failure)  352798K->8734K(1022976K), 0.0031885 secs]
33332.005: [GC (Allocation Failure)  343070K->8766K(1013760K), 0.0039891 secs]
33332.344: [GC (Allocation Failure)  333886K->8798K(1005056K), 0.0028230 secs]
33332.675: [GC (Allocation Failure)  325214K->8766K(996352K), 0.0044890 secs]
33333.002: [GC (Allocation Failure)  316478K->8766K(1058304K), 0.0065937 secs]
33333.393: [GC (Allocation Failure)  378430K->8766K(1132544K), 0.0035714 secs]
33333.857: [GC (Allocation Failure)  452670K->8734K(1221632K), 0.0031478 secs]
33334.443: [GC (Allocation Failure)  541726K->8734K(1203712K), 0.0033608 secs]
33334.979: [GC (Allocation Failure)  523806K->8734K(1186816K), 0.0046913 secs]
33335.499: [GC (Allocation Failure)  506910K->8734K(1170432K), 0.0035083 secs]
33335.999: [GC (Allocation Failure)  490526K->8798K(1155072K), 0.0033038 secs]
33336.510: [GC (Allocation Failure)  475230K->8702K(1140224K), 0.0052784 secs]
33336.988: [GC (Allocation Failure)  460286K->8766K(1125888K), 0.0041444 secs]
33337.442: [GC (Allocation Failure)  446014K->8766K(1112576K), 0.0036619 secs]
33337.882: [GC (Allocation Failure)  432702K->8798K(1099776K), 0.0038236 secs]
33338.312: [GC (Allocation Failure)  419934K->8734K(1087488K), 0.0037124 secs]
33338.726: [GC (Allocation Failure)  407582K->8734K(1075712K), 0.0043720 secs]
33339.137: [GC (Allocation Failure)  395806K->8766K(1064448K), 0.2020345 secs]
33339.732: [GC (Allocation Failure)  384574K->8766K(1053696K), 0.0036361 secs]
33340.113: [GC (Allocation Failure)  373822K->8798K(1043456K), 0.0038548 secs]
33340.489: [GC (Allocation Failure)  363614K->8734K(1033216K), 0.0037755 secs]
33340.851: [GC (Allocation Failure)  353310K->8798K(1102336K), 0.0048454 secs]
33341.285: [GC (Allocation Failure)  422494K->8766K(1090048K), 0.0043112 secs]
33341.712: [GC (Allocation Failure)  410174K->8766K(1078272K), 0.0038203 secs]
33342.118: [GC (Allocation Failure)  398398K->8734K(1067008K), 0.0038061 secs]
33342.512: [GC (Allocation Failure)  387102K->8798K(1056256K), 0.0037211 secs]
33342.894: [GC (Allocation Failure)  376414K->8766K(1045504K), 0.0036419 secs]
33343.269: [GC (Allocation Failure)  365630K->8734K(1035264K), 0.0044601 secs]
33343.635: [GC (Allocation Failure)  355358K->8798K(1104896K), 0.0055723 secs]
33344.073: [GC (Allocation Failure)  425054K->8766K(1188352K), 0.0040103 secs]
33344.592: [GC (Allocation Failure)  508478K->8798K(1171968K), 0.0037743 secs]
33345.115: [GC (Allocation Failure)  492126K->8766K(1156608K), 0.0037527 secs]
33345.602: [GC (Allocation Failure)  476734K->8766K(1141760K), 0.0033201 secs]
33346.075: [GC (Allocation Failure)  461886K->8798K(1127424K), 0.0031273 secs]
33346.531: [GC (Allocation Failure)  447582K->8766K(1215488K), 0.0089787 secs]
33347.089: [GC (Allocation Failure)  535614K->8702K(1198080K), 0.0036002 secs]
33347.620: [GC (Allocation Failure)  518142K->8734K(1181184K), 0.0037530 secs]
33348.132: [GC (Allocation Failure)  501278K->8734K(1165312K), 0.0033616 secs]
33348.628: [GC (Allocation Failure)  485406K->8766K(1149952K), 0.0025561 secs]
33349.108: [GC (Allocation Failure)  470078K->8766K(1135616K), 0.0039763 secs]
33349.575: [GC (Allocation Failure)  455742K->8734K(1121792K), 0.0032817 secs]
33350.029: [GC (Allocation Failure)  441886K->8734K(1108480K), 0.0033700 secs]
33350.722: [GC (Allocation Failure)  428574K->8766K(1095680K), 0.0037586 secs]
33351.145: [GC (Allocation Failure)  415806K->8734K(1083392K), 0.0044068 secs]
33351.567: [GC (Allocation Failure)  403486K->8766K(1071616K), 0.0033282 secs]
33351.967: [GC (Allocation Failure)  391742K->8734K(1060352K), 0.0041902 secs]
33352.359: [GC (Allocation Failure)  380446K->8766K(1049600K), 0.0027607 secs]
33352.736: [GC (Allocation Failure)  369726K->8734K(1039360K), 0.0040865 secs]
33353.106: [GC (Allocation Failure)  359454K->8798K(1029632K), 0.0037143 secs]
33353.464: [GC (Allocation Failure)  349790K->8734K(1020416K), 0.0037843 secs]
33354.005: [GC (Allocation Failure)  340510K->8766K(1011200K), 0.0036791 secs]
33354.334: [GC (Allocation Failure)  331326K->8766K(1002496K), 0.0034131 secs]
33354.654: [GC (Allocation Failure)  322622K->8766K(994304K), 0.0034127 secs]
33354.988: [GC (Allocation Failure)  314430K->8766K(986112K), 0.0034481 secs]
33355.318: [GC (Allocation Failure)  306238K->8766K(978432K), 0.0030657 secs]
33355.625: [GC (Allocation Failure)  298558K->8766K(971264K), 0.0032323 secs]
33355.942: [GC (Allocation Failure)  291390K->8798K(1028096K), 0.0041023 secs]
33356.320: [GC (Allocation Failure)  348254K->8766K(1018880K), 0.0036223 secs]
33356.687: [GC (Allocation Failure)  339006K->8766K(1009664K), 0.0035739 secs]
33357.030: [GC (Allocation Failure)  329790K->8766K(1074176K), 0.0039866 secs]
33357.431: [GC (Allocation Failure)  394302K->8734K(1151488K), 0.0041080 secs]
33357.949: [GC (Allocation Failure)  471582K->8798K(1136640K), 0.0037923 secs]
33358.452: [GC (Allocation Failure)  456798K->8798K(1122816K), 0.0035606 secs]
33358.956: [GC (Allocation Failure)  442974K->8766K(1109504K), 0.0041258 secs]
33359.420: [GC (Allocation Failure)  429630K->8734K(1096704K), 0.0038120 secs]
33359.848: [GC (Allocation Failure)  416798K->8766K(1084416K), 0.0046020 secs]
33360.265: [GC (Allocation Failure)  404542K->8798K(1072640K), 0.0040440 secs]
33360.664: [GC (Allocation Failure)  392798K->8734K(1061376K), 0.0041784 secs]
33361.098: [GC (Allocation Failure)  381470K->8734K(1050624K), 0.0040571 secs]
33361.483: [GC (Allocation Failure)  370718K->8766K(1040384K), 0.0040426 secs]
33361.857: [GC (Allocation Failure)  360510K->8798K(1030656K), 0.0037978 secs]
33362.214: [GC (Allocation Failure)  350814K->8766K(1099264K), 0.0042781 secs]
33362.651: [GC (Allocation Failure)  419390K->8766K(1086976K), 0.0038833 secs]
33363.073: [GC (Allocation Failure)  407102K->8766K(1075200K), 0.0040308 secs]
33363.480: [GC (Allocation Failure)  395326K->8798K(1063936K), 0.0042828 secs]
33363.881: [GC (Allocation Failure)  384094K->8766K(1053184K), 0.0038226 secs]
33364.278: [GC (Allocation Failure)  373310K->8798K(1042944K), 0.0038038 secs]
33364.661: [GC (Allocation Failure)  363102K->8766K(1032704K), 0.0040459 secs]
33365.033: [GC (Allocation Failure)  352830K->8798K(1101824K), 0.0043070 secs]
33365.477: [GC (Allocation Failure)  421982K->8766K(1089536K), 0.0038304 secs]
33365.949: [GC (Allocation Failure)  409662K->8798K(1077760K), 0.0043762 secs]
33366.603: [GC (Allocation Failure)  397918K->8766K(1066496K), 0.0046524 secs]
33366.996: [GC (Allocation Failure)  386622K->8798K(1055744K), 0.0043025 secs]
33367.378: [GC (Allocation Failure)  375902K->8766K(1044992K), 0.0033607 secs]
33367.750: [GC (Allocation Failure)  365118K->8734K(1034752K), 0.0040851 secs]
33368.121: [GC (Allocation Failure)  354846K->8766K(1025024K), 0.0035723 secs]
33368.490: [GC (Allocation Failure)  345150K->8766K(1015808K), 0.0044012 secs]
33368.853: [GC (Allocation Failure)  335934K->8798K(1081344K), 0.0039844 secs]
33369.273: [GC (Allocation Failure)  401502K->8766K(1069568K), 0.0038732 secs]
33369.675: [GC (Allocation Failure)  389694K->8798K(1058304K), 0.0036073 secs]
33370.061: [GC (Allocation Failure)  378462K->8766K(1047552K), 0.0039869 secs]
33370.438: [GC (Allocation Failure)  367678K->8734K(1037312K), 0.0036349 secs]
33370.800: [GC (Allocation Failure)  357406K->8766K(1027584K), 0.0042120 secs]
33371.166: [GC (Allocation Failure)  347710K->8766K(1018368K), 0.1556549 secs]
33371.666: [GC (Allocation Failure)  338494K->8766K(1009152K), 0.0033000 secs]
33372.005: [GC (Allocation Failure)  329278K->8734K(1000448K), 0.0036711 secs]
33372.331: [GC (Allocation Failure)  320542K->8734K(992256K), 0.0031202 secs]
33372.646: [GC (Allocation Failure)  312350K->8766K(1053184K), 0.0037676 secs]
33373.025: [GC (Allocation Failure)  373310K->8798K(1126400K), 0.0043878 secs]
33373.493: [GC (Allocation Failure)  446558K->8766K(1213952K), 0.0043993 secs]
33374.046: [GC (Allocation Failure)  534078K->8766K(1196544K), 0.0038828 secs]
33374.578: [GC (Allocation Failure)  516670K->8766K(1180160K), 0.0036088 secs]
33375.105: [GC (Allocation Failure)  500286K->8766K(1164288K), 0.0035965 secs]
33375.615: [GC (Allocation Failure)  484414K->8766K(1148928K), 0.0038751 secs]
33376.114: [GC (Allocation Failure)  469054K->8798K(1134592K), 0.0050757 secs]
33376.602: [GC (Allocation Failure)  454750K->8734K(1120768K), 0.0031908 secs]
33377.292: [GC (Allocation Failure)  440862K->8766K(1107456K), 0.0046639 secs]
33377.739: [GC (Allocation Failure)  427582K->8734K(1094656K), 0.0037988 secs]
33378.166: [GC (Allocation Failure)  414750K->8766K(1082368K), 0.0036779 secs]
33378.586: [GC (Allocation Failure)  402494K->8766K(1070592K), 0.0035859 secs]
33379.021: [GC (Allocation Failure)  390718K->8766K(1059328K), 0.0038464 secs]
33379.410: [GC (Allocation Failure)  379454K->8798K(1048576K), 0.0037441 secs]
33379.784: [GC (Allocation Failure)  368734K->8734K(1038336K), 0.0034247 secs]
33380.146: [GC (Allocation Failure)  358430K->8766K(1028608K), 0.0032114 secs]
33380.497: [GC (Allocation Failure)  348734K->8766K(1019392K), 0.0034071 secs]
33380.851: [GC (Allocation Failure)  339518K->8766K(1010176K), 0.0038938 secs]
33381.201: [GC (Allocation Failure)  330302K->8798K(1001472K), 0.0036931 secs]
33381.550: [GC (Allocation Failure)  321630K->8734K(993280K), 0.0033467 secs]
33381.880: [GC (Allocation Failure)  313374K->8766K(1054208K), 0.0041296 secs]
33382.280: [GC (Allocation Failure)  374334K->8766K(1127424K), 0.0040941 secs]
33382.737: [GC (Allocation Failure)  447550K->8766K(1114112K), 0.0038180 secs]
33383.205: [GC (Allocation Failure)  434238K->8766K(1101312K), 0.0032517 secs]
33383.653: [GC (Allocation Failure)  421438K->8766K(1089024K), 0.0038449 secs]
33384.078: [GC (Allocation Failure)  409150K->8798K(1077248K), 0.0036659 secs]
33384.492: [GC (Allocation Failure)  397406K->8798K(1065984K), 0.0042141 secs]
33384.892: [GC (Allocation Failure)  386142K->8766K(1055232K), 0.0040717 secs]
33385.282: [GC (Allocation Failure)  375358K->8734K(1044480K), 0.0031886 secs]
33385.657: [GC (Allocation Failure)  364574K->8766K(1034240K), 0.0036301 secs]
33386.016: [GC (Allocation Failure)  354366K->8766K(1024512K), 0.0044608 secs]
33386.366: [GC (Allocation Failure)  344638K->8734K(1015296K), 0.0033634 secs]
33386.708: [GC (Allocation Failure)  335390K->8734K(1006592K), 0.0029601 secs]
33387.042: [GC (Allocation Failure)  326686K->8766K(997888K), 0.0038456 secs]
33387.395: [GC (Allocation Failure)  318014K->8798K(989696K), 0.0038494 secs]
33387.719: [GC (Allocation Failure)  309854K->8734K(1050112K), 0.0034850 secs]
33388.147: [GC (Allocation Failure)  370206K->8798K(1039872K), 0.0035052 secs]
33388.525: [GC (Allocation Failure)  360030K->8766K(1030144K), 0.0033818 secs]
33388.898: [GC (Allocation Failure)  350270K->8734K(1020928K), 0.0032525 secs]
33389.252: [GC (Allocation Failure)  341022K->8798K(1011712K), 0.0035611 secs]
33389.592: [GC (Allocation Failure)  331870K->8766K(1076736K), 0.0045969 secs]
33389.996: [GC (Allocation Failure)  396862K->8798K(1065472K), 0.0028601 secs]
33390.387: [GC (Allocation Failure)  385630K->8798K(1054720K), 0.0033953 secs]
33390.772: [GC (Allocation Failure)  374878K->8766K(1044480K), 0.0033631 secs]
33391.159: [GC (Allocation Failure)  364606K->8766K(1034240K), 0.0030044 secs]
33391.535: [GC (Allocation Failure)  354366K->8766K(1024512K), 0.0035810 secs]
33391.894: [GC (Allocation Failure)  344638K->8766K(1015296K), 0.0033350 secs]
33392.239: [GC (Allocation Failure)  335422K->8766K(1006592K), 0.0039662 secs]
33392.572: [GC (Allocation Failure)  326718K->8766K(997888K), 0.0038466 secs]
33392.892: [GC (Allocation Failure)  318014K->8766K(1059840K), 0.0039453 secs]
33393.294: [GC (Allocation Failure)  379966K->8734K(1134080K), 0.0044361 secs]
33393.784: [GC (Allocation Failure)  454174K->8766K(1120256K), 0.0037338 secs]
33394.256: [GC (Allocation Failure)  440382K->8766K(1106944K), 0.0039078 secs]
33394.723: [GC (Allocation Failure)  427070K->8734K(1094144K), 0.0031384 secs]
33395.149: [GC (Allocation Failure)  414238K->8798K(1081856K), 0.0040501 secs]
33395.559: [GC (Allocation Failure)  402014K->8766K(1070080K), 0.0051860 secs]
33395.957: [GC (Allocation Failure)  390206K->8798K(1146368K), 0.0046581 secs]
33396.440: [GC (Allocation Failure)  466526K->8798K(1132032K), 0.0041099 secs]
33396.906: [GC (Allocation Failure)  452190K->8798K(1118208K), 0.0033210 secs]
33397.355: [GC (Allocation Failure)  438366K->8766K(1104896K), 0.0036617 secs]
33397.808: [GC (Allocation Failure)  425022K->8766K(1092096K), 0.0034836 secs]
33398.233: [GC (Allocation Failure)  412222K->8798K(1079808K), 0.0038065 secs]
33398.657: [GC (Allocation Failure)  399966K->8766K(1068032K), 0.0032537 secs]
33399.076: [GC (Allocation Failure)  388158K->8734K(1056768K), 0.0045039 secs]
33399.486: [GC (Allocation Failure)  376862K->8734K(1046016K), 0.0039228 secs]
33399.877: [GC (Allocation Failure)  366110K->8734K(1035776K), 0.0040572 secs]
33400.243: [GC (Allocation Failure)  355870K->8734K(1026048K), 0.0044923 secs]
33400.601: [GC (Allocation Failure)  346142K->8766K(1016832K), 0.0036504 secs]
33400.945: [GC (Allocation Failure)  336958K->8734K(1082880K), 0.0050359 secs]
33401.380: [GC (Allocation Failure)  402974K->8766K(1161728K), 0.0044210 secs]
33401.890: [GC (Allocation Failure)  481854K->8766K(1146880K), 0.0040591 secs]
33402.373: [GC (Allocation Failure)  467006K->8734K(1132544K), 0.0033353 secs]
33402.851: [GC (Allocation Failure)  452638K->8766K(1118720K), 0.0032873 secs]
33403.300: [GC (Allocation Failure)  438846K->8766K(1105408K), 0.0060195 secs]
33403.744: [GC (Allocation Failure)  425534K->8766K(1092608K), 0.0046695 secs]
33404.173: [GC (Allocation Failure)  412734K->8766K(1080320K), 0.0034236 secs]
33404.581: [GC (Allocation Failure)  400446K->8766K(1068544K), 0.0037873 secs]
33404.979: [GC (Allocation Failure)  388670K->8766K(1057280K), 0.0032554 secs]
33405.378: [GC (Allocation Failure)  377406K->8766K(1046528K), 0.0033277 secs]
33405.750: [GC (Allocation Failure)  366654K->8766K(1036288K), 0.0030486 secs]
33406.116: [GC (Allocation Failure)  356414K->8766K(1026560K), 0.0034774 secs]
33406.470: [GC (Allocation Failure)  346686K->8734K(1017344K), 0.0044121 secs]
33406.815: [GC (Allocation Failure)  337438K->8766K(1008640K), 0.0033082 secs]
33407.151: [GC (Allocation Failure)  328766K->8766K(999936K), 0.0034947 secs]
33407.478: [GC (Allocation Failure)  320062K->8766K(1062400K), 0.0039207 secs]
33407.889: [GC (Allocation Failure)  382526K->8798K(1051648K), 0.0040352 secs]
33408.268: [GC (Allocation Failure)  371806K->8766K(1124352K), 0.0045867 secs]
33408.727: [GC (Allocation Failure)  444478K->8766K(1111040K), 0.0035165 secs]
33409.163: [GC (Allocation Failure)  431166K->8734K(1098240K), 0.0035942 secs]
33409.587: [GC (Allocation Failure)  418334K->8734K(1085952K), 0.0036633 secs]
33410.016: [GC (Allocation Failure)  406046K->8766K(1074176K), 0.0041405 secs]
33410.416: [GC (Allocation Failure)  394302K->8766K(1062912K), 0.0037838 secs]
33410.807: [GC (Allocation Failure)  383038K->8734K(1052160K), 0.0048768 secs]
33411.199: [GC (Allocation Failure)  372254K->8766K(1041920K), 0.0039986 secs]
33411.590: [GC (Allocation Failure)  362046K->8798K(1032192K), 0.0029467 secs]
33411.960: [GC (Allocation Failure)  352350K->8766K(1022464K), 0.0036707 secs]
33412.320: [GC (Allocation Failure)  342590K->8734K(1013248K), 0.1724206 secs]
33412.854: [GC (Allocation Failure)  333342K->8734K(1004544K), 0.0036818 secs]
33413.181: [GC (Allocation Failure)  324638K->8766K(996352K), 0.0030856 secs]
33413.507: [GC (Allocation Failure)  316478K->8702K(988160K), 0.0035766 secs]
33413.825: [GC (Allocation Failure)  308222K->8702K(980480K), 0.0030274 secs]
33414.128: [GC (Allocation Failure)  300542K->8702K(972800K), 0.0033359 secs]
33414.424: [GC (Allocation Failure)  292862K->8798K(965632K), 0.0031379 secs]
33414.735: [GC (Allocation Failure)  285790K->8798K(1021440K), 0.0039583 secs]
33415.104: [GC (Allocation Failure)  341598K->8766K(1088000K), 0.0041036 secs]
33415.521: [GC (Allocation Failure)  408126K->8766K(1076224K), 0.0030224 secs]
33415.923: [GC (Allocation Failure)  396350K->8766K(1064960K), 0.0031776 secs]
33416.325: [GC (Allocation Failure)  385086K->8766K(1054208K), 0.0033681 secs]
33416.918: [GC (Allocation Failure)  374334K->8798K(1043968K), 0.0034020 secs]
33417.282: [GC (Allocation Failure)  364126K->8734K(1033728K), 0.0029065 secs]
33417.660: [GC (Allocation Failure)  353822K->8766K(1024000K), 0.0036738 secs]
33418.020: [GC (Allocation Failure)  344126K->8766K(1014784K), 0.0032267 secs]
33418.369: [GC (Allocation Failure)  334910K->8766K(1006080K), 0.0033949 secs]
33418.699: [GC (Allocation Failure)  326206K->8734K(997376K), 0.0034477 secs]
33419.023: [GC (Allocation Failure)  317470K->8766K(989184K), 0.0035841 secs]
33419.335: [GC (Allocation Failure)  309310K->8798K(981504K), 0.0032488 secs]
33419.633: [GC (Allocation Failure)  301662K->8766K(1040384K), 0.0034324 secs]
33420.102: [GC (Allocation Failure)  360510K->8766K(1030656K), 0.0034534 secs]
33420.477: [GC (Allocation Failure)  350782K->8766K(1020928K), 0.0030784 secs]
33420.828: [GC (Allocation Failure)  341054K->8766K(1011712K), 0.0035519 secs]
33421.332: [GC (Allocation Failure)  331838K->8766K(1003008K), 0.0041137 secs]
33421.667: [GC (Allocation Failure)  323134K->8766K(994816K), 0.0038721 secs]
33421.981: [GC (Allocation Failure)  314942K->8766K(1056256K), 0.0038700 secs]
33422.359: [GC (Allocation Failure)  376382K->8734K(1129984K), 0.0042416 secs]
33422.819: [GC (Allocation Failure)  450078K->8766K(1116160K), 0.0034750 secs]
33423.258: [GC (Allocation Failure)  436286K->8766K(1102848K), 0.0040616 secs]
33423.714: [GC (Allocation Failure)  422974K->8734K(1090560K), 0.0033877 secs]
33424.319: [GC (Allocation Failure)  410654K->8734K(1078784K), 0.0033152 secs]
33424.718: [GC (Allocation Failure)  398878K->8798K(1067520K), 0.0034628 secs]
33425.132: [GC (Allocation Failure)  387678K->8798K(1056256K), 0.0043730 secs]
33425.523: [GC (Allocation Failure)  376414K->8734K(1045504K), 0.0037499 secs]
33425.895: [GC (Allocation Failure)  365598K->8798K(1035264K), 0.0034842 secs]
33426.257: [GC (Allocation Failure)  355422K->8734K(1025536K), 0.0029945 secs]
33426.618: [GC (Allocation Failure)  345630K->8766K(1016320K), 0.0033497 secs]
33426.956: [GC (Allocation Failure)  336446K->8766K(1007616K), 0.0028678 secs]
33427.310: [GC (Allocation Failure)  327742K->8830K(998912K), 0.0032186 secs]
33427.635: [GC (Allocation Failure)  319102K->8766K(1061376K), 0.0046649 secs]
33428.024: [GC (Allocation Failure)  381502K->8766K(1050624K), 0.0034637 secs]
33428.449: [GC (Allocation Failure)  370750K->8766K(1040384K), 0.0036444 secs]
33428.816: [GC (Allocation Failure)  360510K->8798K(1030656K), 0.0031340 secs]
33429.180: [GC (Allocation Failure)  350814K->8766K(1020928K), 0.0047061 secs]
33429.529: [GC (Allocation Failure)  341054K->8734K(1011712K), 0.0032210 secs]
33429.866: [GC (Allocation Failure)  331806K->8766K(1003008K), 0.0031769 secs]
33430.195: [GC (Allocation Failure)  323134K->8766K(994816K), 0.0029226 secs]
33430.517: [GC (Allocation Failure)  314942K->8766K(986624K), 0.0037480 secs]
33430.858: [GC (Allocation Failure)  306750K->8734K(1046528K), 0.0041436 secs]
33431.235: [GC (Allocation Failure)  366622K->8830K(1036288K), 0.0027931 secs]
33431.603: [GC (Allocation Failure)  356478K->8766K(1026560K), 0.0029753 secs]
33431.960: [GC (Allocation Failure)  346686K->8766K(1017344K), 0.0031463 secs]
33432.301: [GC (Allocation Failure)  337470K->8734K(1008640K), 0.0034679 secs]
33432.642: [GC (Allocation Failure)  328734K->8766K(999936K), 0.0029684 secs]
33432.964: [GC (Allocation Failure)  320062K->8766K(991744K), 0.0034141 secs]
33433.299: [GC (Allocation Failure)  311870K->8766K(1052672K), 0.0452175 secs]
33433.726: [GC (Allocation Failure)  372798K->8766K(1125888K), 0.0035882 secs]
33434.178: [GC (Allocation Failure)  446014K->8766K(1213440K), 0.0038079 secs]
33434.718: [GC (Allocation Failure)  533566K->8766K(1196032K), 0.0031676 secs]
33435.244: [GC (Allocation Failure)  516158K->8734K(1179648K), 0.0042561 secs]
33435.755: [GC (Allocation Failure)  499742K->8766K(1163776K), 0.0045216 secs]
33436.247: [GC (Allocation Failure)  483902K->8766K(1148416K), 0.0029966 secs]
33436.738: [GC (Allocation Failure)  468542K->8734K(1134080K), 0.0038038 secs]
33437.200: [GC (Allocation Failure)  454174K->8798K(1120256K), 0.0040978 secs]
33437.650: [GC (Allocation Failure)  440414K->8798K(1106944K), 0.0038408 secs]
33438.097: [GC (Allocation Failure)  427102K->8734K(1094144K), 0.0036365 secs]
33438.519: [GC (Allocation Failure)  414238K->8766K(1081856K), 0.0035621 secs]
33438.927: [GC (Allocation Failure)  401982K->8766K(1070080K), 0.0036924 secs]
33439.325: [GC (Allocation Failure)  390206K->8798K(1058816K), 0.0034207 secs]
33439.714: [GC (Allocation Failure)  378974K->8766K(1048064K), 0.0040739 secs]
33440.092: [GC (Allocation Failure)  368190K->8766K(1037824K), 0.0041658 secs]
33440.462: [GC (Allocation Failure)  357950K->8766K(1028096K), 0.0035836 secs]
33440.818: [GC (Allocation Failure)  348222K->8766K(1018880K), 0.0036268 secs]
33441.164: [GC (Allocation Failure)  339006K->8798K(1009664K), 0.0032582 secs]
33441.502: [GC (Allocation Failure)  329822K->8766K(1000960K), 0.0035231 secs]
33441.830: [GC (Allocation Failure)  321086K->8830K(992768K), 0.0032361 secs]
33442.172: [GC (Allocation Failure)  312958K->8798K(984576K), 0.0029776 secs]
33442.482: [GC (Allocation Failure)  304734K->8766K(976896K), 0.0035662 secs]
33442.788: [GC (Allocation Failure)  297022K->8766K(1034752K), 0.0033932 secs]
33443.150: [GC (Allocation Failure)  354878K->8798K(1025024K), 0.0031700 secs]
33443.501: [GC (Allocation Failure)  345182K->8734K(1015808K), 0.0032537 secs]
33443.842: [GC (Allocation Failure)  335902K->8798K(1007104K), 0.0028426 secs]
33444.175: [GC (Allocation Failure)  327262K->8798K(998400K), 0.0034960 secs]
33444.715: [GC (Allocation Failure)  318558K->8734K(990208K), 0.0038787 secs]
33445.026: [GC (Allocation Failure)  310302K->8734K(982528K), 0.0032456 secs]
33445.336: [GC (Allocation Failure)  302622K->8734K(1041408K), 0.0043014 secs]
33445.701: [GC (Allocation Failure)  361502K->8766K(1031680K), 0.0031107 secs]
33446.064: [GC (Allocation Failure)  351806K->8766K(1021952K), 0.0029742 secs]
33446.428: [GC (Allocation Failure)  342078K->8798K(1012736K), 0.0033714 secs]
33446.763: [GC (Allocation Failure)  332894K->8766K(1004032K), 0.0040462 secs]
33447.099: [GC (Allocation Failure)  324158K->8766K(995840K), 0.0035353 secs]
33447.468: [GC (Allocation Failure)  315966K->8734K(987648K), 0.0033035 secs]
33447.783: [GC (Allocation Failure)  307742K->8766K(979968K), 0.0033404 secs]
33448.091: [GC (Allocation Failure)  300094K->8766K(1038336K), 0.0048030 secs]
33448.715: [GC (Allocation Failure)  358462K->8766K(1028608K), 0.0032308 secs]
33449.084: [GC (Allocation Failure)  348734K->8734K(1019392K), 0.0032314 secs]
33449.431: [GC (Allocation Failure)  339486K->8734K(1010176K), 0.0038773 secs]
33449.763: [GC (Allocation Failure)  330270K->8766K(1001472K), 0.0044889 secs]
33450.091: [GC (Allocation Failure)  321598K->8766K(993280K), 0.0028246 secs]
33450.401: [GC (Allocation Failure)  313406K->8798K(985088K), 0.0034890 secs]
33450.704: [GC (Allocation Failure)  305246K->8766K(977408K), 0.0031676 secs]
33451.015: [GC (Allocation Failure)  297534K->8798K(970240K), 0.0026126 secs]
33451.301: [GC (Allocation Failure)  290398K->8766K(963072K), 0.0031388 secs]
33451.581: [GC (Allocation Failure)  283198K->8766K(956416K), 0.0030848 secs]
33451.859: [GC (Allocation Failure)  276542K->8734K(1010176K), 0.0046083 secs]
33452.190: [GC (Allocation Failure)  330270K->8766K(1074688K), 0.0047949 secs]
33452.608: [GC (Allocation Failure)  394814K->8734K(1152000K), 0.0044986 secs]
33453.103: [GC (Allocation Failure)  472094K->8766K(1244672K), 0.0042388 secs]
33453.703: [GC (Allocation Failure)  564798K->8766K(1225728K), 0.0042484 secs]
33454.261: [GC (Allocation Failure)  545854K->8734K(1207808K), 0.0041078 secs]
33454.794: [GC (Allocation Failure)  527902K->8798K(1190912K), 0.0053602 secs]
33455.333: [GC (Allocation Failure)  511070K->8766K(1174528K), 0.0039659 secs]
33455.857: [GC (Allocation Failure)  494654K->8798K(1159168K), 0.0042560 secs]
33456.397: [GC (Allocation Failure)  479326K->8798K(1144320K), 0.0038045 secs]
33456.907: [GC (Allocation Failure)  464478K->8734K(1129984K), 0.0043509 secs]
33457.409: [GC (Allocation Failure)  450078K->8766K(1116160K), 0.0039221 secs]
33457.857: [GC (Allocation Failure)  436286K->8798K(1102848K), 0.0041673 secs]
33458.297: [GC (Allocation Failure)  423006K->8734K(1090560K), 0.0040989 secs]
33458.765: [GC (Allocation Failure)  410654K->8766K(1078784K), 0.0051717 secs]
33459.177: [GC (Allocation Failure)  398910K->8734K(1067520K), 0.0035463 secs]
33459.566: [GC (Allocation Failure)  387614K->8734K(1056256K), 0.0034949 secs]
33459.941: [GC (Allocation Failure)  376350K->8734K(1045504K), 0.0037233 secs]
33460.323: [GC (Allocation Failure)  365598K->8734K(1035264K), 0.0033975 secs]
33460.702: [GC (Allocation Failure)  355358K->8766K(1025536K), 0.0034862 secs]
33461.052: [GC (Allocation Failure)  345662K->8734K(1016320K), 0.0034810 secs]
33461.388: [GC (Allocation Failure)  336414K->8734K(1007616K), 0.0035769 secs]
33461.715: [GC (Allocation Failure)  327710K->8766K(998912K), 0.0035515 secs]
33462.031: [GC (Allocation Failure)  319038K->8766K(990720K), 0.0034541 secs]
33462.339: [GC (Allocation Failure)  310846K->8766K(983040K), 0.0031970 secs]
33462.640: [GC (Allocation Failure)  303166K->8734K(1041920K), 0.0037338 secs]
33463.002: [GC (Allocation Failure)  362014K->8734K(1112576K), 0.0034920 secs]
33463.439: [GC (Allocation Failure)  432670K->8798K(1099776K), 0.0031413 secs]
33463.881: [GC (Allocation Failure)  419934K->8766K(1087488K), 0.0034078 secs]
33464.296: [GC (Allocation Failure)  407614K->8798K(1075712K), 0.0036621 secs]
33464.707: [GC (Allocation Failure)  395870K->8766K(1064448K), 0.0031501 secs]
33465.095: [GC (Allocation Failure)  384574K->8734K(1053696K), 0.0036793 secs]
33465.471: [GC (Allocation Failure)  373790K->8734K(1043456K), 0.0044681 secs]
33465.834: [GC (Allocation Failure)  363550K->8766K(1033216K), 0.0041438 secs]
33466.192: [GC (Allocation Failure)  353342K->8766K(1102336K), 0.0040067 secs]
33466.621: [GC (Allocation Failure)  422462K->8766K(1185280K), 0.0060191 secs]
33467.153: [GC (Allocation Failure)  505406K->8766K(1284608K), 0.0042446 secs]
33467.796: [GC (Allocation Failure)  604734K->8766K(1264128K), 0.0039209 secs]
33468.422: [GC (Allocation Failure)  584254K->8766K(1244672K), 0.0037380 secs]
33469.021: [GC (Allocation Failure)  564798K->8766K(1225728K), 0.0046732 secs]
33469.639: [GC (Allocation Failure)  545854K->8766K(1207808K), 0.0035453 secs]
33470.190: [GC (Allocation Failure)  527934K->8734K(1190912K), 0.0035645 secs]
33470.726: [GC (Allocation Failure)  511006K->8734K(1174528K), 0.0034918 secs]
33471.231: [GC (Allocation Failure)  494622K->8766K(1159168K), 0.0044382 secs]
33471.726: [GC (Allocation Failure)  479294K->8766K(1144320K), 0.0043636 secs]
33472.206: [GC (Allocation Failure)  464446K->8734K(1129984K), 0.0032189 secs]
33472.712: [GC (Allocation Failure)  450078K->8702K(1116160K), 0.0035179 secs]
33473.157: [GC (Allocation Failure)  436222K->8766K(1102848K), 0.0049778 secs]
33473.609: [GC (Allocation Failure)  422974K->8766K(1090560K), 0.0044735 secs]
33474.052: [GC (Allocation Failure)  410686K->8798K(1078784K), 0.0035747 secs]
33474.459: [GC (Allocation Failure)  398942K->8766K(1067520K), 0.0033703 secs]
33474.855: [GC (Allocation Failure)  387646K->8766K(1056256K), 0.0037816 secs]
33475.239: [GC (Allocation Failure)  376382K->8734K(1045504K), 0.0033833 secs]
33475.617: [GC (Allocation Failure)  365598K->8766K(1035264K), 0.0030412 secs]
33475.987: [GC (Allocation Failure)  355390K->8734K(1025536K), 0.0037765 secs]
33476.345: [GC (Allocation Failure)  345630K->8766K(1016320K), 0.0038086 secs]
33476.686: [GC (Allocation Failure)  336446K->8734K(1007616K), 0.0034586 secs]
33477.253: [GC (Allocation Failure)  327710K->8766K(998912K), 0.0041893 secs]
33477.577: [GC (Allocation Failure)  319038K->8766K(990720K), 0.0039155 secs]
33477.895: [GC (Allocation Failure)  310846K->8798K(983040K), 0.0034087 secs]
33478.216: [GC (Allocation Failure)  303198K->8798K(975360K), 0.0034015 secs]
33478.542: [GC (Allocation Failure)  295518K->8766K(1032704K), 0.0036954 secs]
33478.910: [GC (Allocation Failure)  352830K->8766K(1101824K), 0.0049095 secs]
33479.370: [GC (Allocation Failure)  421950K->8766K(1184768K), 0.0041080 secs]
33479.890: [GC (Allocation Failure)  504894K->8702K(1284096K), 0.0050698 secs]
33480.527: [GC (Allocation Failure)  604158K->8734K(1263616K), 0.0055110 secs]
33481.165: [GC (Allocation Failure)  583710K->8766K(1244160K), 0.0039986 secs]
33481.756: [GC (Allocation Failure)  564286K->8766K(1225216K), 0.0048023 secs]
33482.322: [GC (Allocation Failure)  545342K->8734K(1207296K), 0.0033324 secs]
33483.064: [GC (Allocation Failure)  527390K->8766K(1190400K), 0.0046348 secs]
33483.586: [GC (Allocation Failure)  510526K->8798K(1174016K), 0.0045887 secs]
33484.220: [GC (Allocation Failure)  494174K->8734K(1158656K), 0.0046214 secs]
33484.754: [GC (Allocation Failure)  478750K->8734K(1143808K), 0.0034304 secs]
33485.246: [GC (Allocation Failure)  463902K->8734K(1129472K), 0.0038110 secs]
33485.908: [GC (Allocation Failure)  449566K->8798K(1115648K), 0.0053745 secs]
33486.364: [GC (Allocation Failure)  435806K->8798K(1102848K), 0.0048509 secs]
33487.030: [GC (Allocation Failure)  423006K->8766K(1090560K), 0.0038842 secs]
33487.481: [GC (Allocation Failure)  410686K->8734K(1078784K), 0.0050224 secs]
33487.907: [GC (Allocation Failure)  398878K->8798K(1067520K), 0.0043659 secs]
33488.304: [GC (Allocation Failure)  387678K->8734K(1056256K), 0.0036803 secs]
33488.690: [GC (Allocation Failure)  376350K->8702K(1045504K), 0.0036015 secs]
33489.060: [GC (Allocation Failure)  365566K->8734K(1035264K), 0.0050582 secs]
33489.443: [GC (Allocation Failure)  355358K->8766K(1104896K), 0.0046572 secs]
33489.878: [GC (Allocation Failure)  425022K->8734K(1092096K), 0.0039037 secs]
33490.332: [GC (Allocation Failure)  412190K->8798K(1079808K), 0.0034123 secs]
33490.760: [GC (Allocation Failure)  399966K->8766K(1068032K), 0.0032328 secs]
33491.175: [GC (Allocation Failure)  388158K->8766K(1056768K), 0.0052408 secs]
33491.562: [GC (Allocation Failure)  376894K->8766K(1046016K), 0.0034072 secs]
33491.937: [GC (Allocation Failure)  366142K->8734K(1035776K), 0.0036657 secs]
33492.301: [GC (Allocation Failure)  355870K->8734K(1026048K), 0.0035009 secs]
33492.655: [GC (Allocation Failure)  346142K->8766K(1016832K), 0.0037155 secs]
33493.000: [GC (Allocation Failure)  336958K->8734K(1082880K), 0.0081729 secs]
33493.435: [GC (Allocation Failure)  402974K->8798K(1161728K), 0.0034207 secs]
33493.925: [GC (Allocation Failure)  481886K->8766K(1256448K), 0.0039618 secs]
33494.531: [GC (Allocation Failure)  576574K->8766K(1236992K), 0.0035392 secs]
33495.101: [GC (Allocation Failure)  557118K->8766K(1218560K), 0.0041115 secs]
33495.655: [GC (Allocation Failure)  538686K->8734K(1201152K), 0.0038032 secs]
33496.194: [GC (Allocation Failure)  521246K->8734K(1184256K), 0.0074702 secs]
33496.718: [GC (Allocation Failure)  504350K->8734K(1168384K), 0.0036317 secs]
33497.214: [GC (Allocation Failure)  488478K->8766K(1153024K), 0.0039690 secs]
33497.699: [GC (Allocation Failure)  473150K->8766K(1138176K), 0.0038027 secs]
33498.194: [GC (Allocation Failure)  458302K->8734K(1124352K), 0.0040075 secs]
33498.647: [GC (Allocation Failure)  444446K->8734K(1111040K), 0.0036885 secs]
33499.085: [GC (Allocation Failure)  431134K->8734K(1098240K), 0.0038583 secs]
33499.510: [GC (Allocation Failure)  418334K->8766K(1085952K), 0.0037933 secs]
33499.925: [GC (Allocation Failure)  406078K->8798K(1074176K), 0.0036734 secs]
33500.329: [GC (Allocation Failure)  394334K->8766K(1062912K), 0.0038704 secs]
33500.723: [GC (Allocation Failure)  383038K->8766K(1052160K), 0.0040651 secs]
33501.123: [GC (Allocation Failure)  372286K->8766K(1041920K), 0.0038940 secs]
33501.491: [GC (Allocation Failure)  362046K->8766K(1032192K), 0.0040795 secs]
33502.033: [GC (Allocation Failure)  352318K->8766K(1022464K), 0.0046209 secs]
33502.383: [GC (Allocation Failure)  342590K->8734K(1013248K), 0.0031837 secs]
33502.721: [GC (Allocation Failure)  333342K->8766K(1004544K), 0.0031153 secs]
33503.252: [GC (Allocation Failure)  324670K->8766K(996352K), 0.0039388 secs]
33503.573: [GC (Allocation Failure)  316478K->8766K(988160K), 0.0034355 secs]
33503.885: [GC (Allocation Failure)  308286K->8734K(980480K), 0.0030784 secs]
33504.216: [GC (Allocation Failure)  300574K->8798K(1038848K), 0.0043547 secs]
33504.590: [GC (Allocation Failure)  359006K->8766K(1108992K), 0.0042255 secs]
33505.042: [GC (Allocation Failure)  429118K->8734K(1096192K), 0.0037235 secs]
33505.467: [GC (Allocation Failure)  416286K->8766K(1083904K), 0.0038667 secs]
33505.879: [GC (Allocation Failure)  404030K->8766K(1072128K), 0.0033318 secs]
33506.279: [GC (Allocation Failure)  392254K->8766K(1060864K), 0.0035702 secs]
33506.664: [GC (Allocation Failure)  380990K->8766K(1050112K), 0.0035452 secs]
33507.043: [GC (Allocation Failure)  370238K->8766K(1039872K), 0.0032694 secs]
33507.408: [GC (Allocation Failure)  359998K->8734K(1030144K), 0.0033822 secs]
33507.970: [GC (Allocation Failure)  350238K->8766K(1020928K), 0.0034424 secs]
33508.322: [GC (Allocation Failure)  341054K->8798K(1011712K), 0.0053555 secs]
33508.662: [GC (Allocation Failure)  331870K->8734K(1003008K), 0.0031356 secs]
33508.990: [GC (Allocation Failure)  323102K->8766K(994816K), 0.0029298 secs]
33509.311: [GC (Allocation Failure)  314942K->8798K(986624K), 0.0037851 secs]
33509.622: [GC (Allocation Failure)  306782K->8734K(978944K), 0.0025851 secs]
33509.923: [GC (Allocation Failure)  299038K->8734K(971264K), 0.0033545 secs]
33510.261: [GC (Allocation Failure)  291358K->8798K(964096K), 0.0035383 secs]
33510.552: [GC (Allocation Failure)  284254K->8766K(1019392K), 0.0036643 secs]
33511.120: [GC (Allocation Failure)  339518K->8766K(1085952K), 0.0088167 secs]
33511.545: [GC (Allocation Failure)  406078K->8734K(1165824K), 0.0037923 secs]
33512.072: [GC (Allocation Failure)  485918K->8734K(1261568K), 0.0042378 secs]
33512.699: [GC (Allocation Failure)  581662K->8766K(1242112K), 0.0041744 secs]
33513.515: [GC (Allocation Failure)  562238K->8766K(1223680K), 0.0036319 secs]
33514.071: [GC (Allocation Failure)  543806K->8766K(1205760K), 0.0033176 secs]
33514.611: [GC (Allocation Failure)  525886K->8766K(1188864K), 0.0028930 secs]
33515.176: [GC (Allocation Failure)  508990K->8798K(1172480K), 0.0047330 secs]
33515.718: [GC (Allocation Failure)  492638K->8798K(1157120K), 0.0038031 secs]
33516.213: [GC (Allocation Failure)  477278K->8734K(1142272K), 0.0038640 secs]
33516.689: [GC (Allocation Failure)  462366K->8766K(1127936K), 0.0036153 secs]
33517.344: [GC (Allocation Failure)  448062K->8734K(1114112K), 0.0039498 secs]
33517.802: [GC (Allocation Failure)  434206K->8798K(1101312K), 0.0037745 secs]
33518.234: [GC (Allocation Failure)  421470K->8734K(1089024K), 0.0033584 secs]
33518.652: [GC (Allocation Failure)  409118K->8798K(1077248K), 0.0035738 secs]
33519.113: [GC (Allocation Failure)  397406K->8798K(1065984K), 0.0035334 secs]
33519.532: [GC (Allocation Failure)  386142K->8830K(1055232K), 0.0033169 secs]
33519.913: [GC (Allocation Failure)  375422K->8734K(1044480K), 0.0033248 secs]
33520.286: [GC (Allocation Failure)  364574K->8798K(1034240K), 0.0028974 secs]
33520.676: [GC (Allocation Failure)  354398K->8766K(1024512K), 0.0032588 secs]
33521.055: [GC (Allocation Failure)  344638K->8734K(1015296K), 0.0040623 secs]
33521.400: [GC (Allocation Failure)  335390K->8734K(1006592K), 0.0033179 secs]
33521.732: [GC (Allocation Failure)  326686K->8766K(997888K), 0.0033673 secs]
33522.053: [GC (Allocation Failure)  318014K->8798K(989696K), 0.0035298 secs]
33522.366: [GC (Allocation Failure)  309854K->8798K(1050112K), 0.0046640 secs]
33522.885: [GC (Allocation Failure)  370270K->8766K(1122816K), 0.0048249 secs]
33523.344: [GC (Allocation Failure)  442942K->8734K(1109504K), 0.0040330 secs]
33523.782: [GC (Allocation Failure)  429598K->8734K(1096704K), 0.0046518 secs]
33524.222: [GC (Allocation Failure)  416798K->8766K(1178624K), 0.0047374 secs]
33524.762: [GC (Allocation Failure)  498750K->8734K(1162752K), 0.0039369 secs]
33525.252: [GC (Allocation Failure)  482846K->8798K(1147904K), 0.0047152 secs]
33525.732: [GC (Allocation Failure)  468062K->8734K(1133568K), 0.0040356 secs]
33526.193: [GC (Allocation Failure)  453662K->8798K(1222656K), 0.0069852 secs]
33526.761: [GC (Allocation Failure)  542814K->8734K(1204736K), 0.0049649 secs]
33527.296: [GC (Allocation Failure)  524830K->8766K(1187840K), 0.0032472 secs]
33527.843: [GC (Allocation Failure)  507966K->8766K(1171456K), 0.0030512 secs]
33528.343: [GC (Allocation Failure)  491582K->8734K(1156096K), 0.0031952 secs]
33528.866: [GC (Allocation Failure)  476190K->8766K(1141248K), 0.0080992 secs]
33529.353: [GC (Allocation Failure)  461374K->8830K(1126912K), 0.0053327 secs]
33529.815: [GC (Allocation Failure)  447102K->8734K(1214976K), 0.0053620 secs]
33530.363: [GC (Allocation Failure)  535070K->8734K(1197568K), 0.0033454 secs]
33530.890: [GC (Allocation Failure)  517662K->8766K(1181184K), 0.0039395 secs]
33531.409: [GC (Allocation Failure)  501310K->8766K(1165312K), 0.0037650 secs]
33531.906: [GC (Allocation Failure)  485438K->8766K(1149952K), 0.0037976 secs]
33532.388: [GC (Allocation Failure)  470078K->8766K(1135616K), 0.0037710 secs]
33532.854: [GC (Allocation Failure)  455742K->8766K(1121792K), 0.0033914 secs]
33533.302: [GC (Allocation Failure)  441918K->8734K(1108480K), 0.0043620 secs]
33533.739: [GC (Allocation Failure)  428574K->8734K(1095680K), 0.0038541 secs]
33534.165: [GC (Allocation Failure)  415774K->8766K(1083392K), 0.0034230 secs]
33534.576: [GC (Allocation Failure)  403518K->8734K(1071616K), 0.0038462 secs]
33534.975: [GC (Allocation Failure)  391710K->8734K(1060352K), 0.0040283 secs]
33535.369: [GC (Allocation Failure)  380446K->8734K(1049600K), 0.0043353 secs]
33535.746: [GC (Allocation Failure)  369694K->8766K(1039360K), 0.0037841 secs]
33536.111: [GC (Allocation Failure)  359486K->8766K(1029632K), 0.0032058 secs]
33536.465: [GC (Allocation Failure)  349758K->8766K(1020416K), 0.0044246 secs]
33537.007: [GC (Allocation Failure)  340542K->8766K(1011200K), 0.0037339 secs]
33537.369: [GC (Allocation Failure)  331326K->8734K(1002496K), 0.0036816 secs]
33537.698: [GC (Allocation Failure)  322590K->8766K(994304K), 0.0039148 secs]
33538.036: [GC (Allocation Failure)  314430K->8734K(1055744K), 0.0042437 secs]
33538.423: [GC (Allocation Failure)  375838K->8766K(1129472K), 0.0039536 secs]
33538.881: [GC (Allocation Failure)  449598K->8766K(1115648K), 0.0039664 secs]
33539.327: [GC (Allocation Failure)  435774K->8734K(1102848K), 0.0032678 secs]
33539.787: [GC (Allocation Failure)  422942K->8766K(1090560K), 0.0037531 secs]
33540.207: [GC (Allocation Failure)  410686K->8766K(1078784K), 0.0033069 secs]
33540.613: [GC (Allocation Failure)  398910K->8734K(1067520K), 0.0038811 secs]
33541.007: [GC (Allocation Failure)  387614K->8766K(1056256K), 0.0034586 secs]
33541.387: [GC (Allocation Failure)  376382K->8798K(1045504K), 0.0030713 secs]
33541.758: [GC (Allocation Failure)  365662K->8766K(1035264K), 0.0040789 secs]
33542.135: [GC (Allocation Failure)  355390K->8734K(1025536K), 0.0029859 secs]
33542.484: [GC (Allocation Failure)  345630K->8798K(1016320K), 0.0032479 secs]
33542.826: [GC (Allocation Failure)  336478K->8766K(1007616K), 0.0035286 secs]
33543.158: [GC (Allocation Failure)  327742K->8734K(998912K), 0.0037231 secs]
33543.656: [GC (Allocation Failure)  319006K->8766K(990720K), 0.0053371 secs]
33543.980: [GC (Allocation Failure)  310846K->8766K(1051136K), 0.0042414 secs]
33544.374: [GC (Allocation Failure)  371262K->8798K(1040896K), 0.0032795 secs]
33545.006: [GC (Allocation Failure)  361054K->8766K(1031168K), 0.0031692 secs]
33545.363: [GC (Allocation Failure)  351294K->8734K(1021440K), 0.0032519 secs]
33545.710: [GC (Allocation Failure)  341534K->8766K(1012224K), 0.0040238 secs]
33546.055: [GC (Allocation Failure)  332350K->8766K(1003520K), 0.0034845 secs]
33546.385: [GC (Allocation Failure)  323646K->8766K(995328K), 0.0034058 secs]
33546.707: [GC (Allocation Failure)  315454K->8766K(987136K), 0.0034026 secs]
33547.043: [GC (Allocation Failure)  307262K->8734K(979456K), 0.0037562 secs]
33547.378: [GC (Allocation Failure)  299550K->8766K(971776K), 0.0031698 secs]
33547.691: [GC (Allocation Failure)  291902K->8766K(964608K), 0.0034300 secs]
33548.001: [GC (Allocation Failure)  284734K->8798K(1019904K), 0.0045220 secs]
33548.357: [GC (Allocation Failure)  340062K->8734K(1086464K), 0.0037570 secs]
33548.774: [GC (Allocation Failure)  406558K->8766K(1166336K), 0.0038749 secs]
33549.283: [GC (Allocation Failure)  486462K->8766K(1150976K), 0.0038188 secs]
33549.770: [GC (Allocation Failure)  471102K->8766K(1136640K), 0.0031152 secs]
33550.241: [GC (Allocation Failure)  456766K->8734K(1122816K), 0.0035713 secs]
33550.695: [GC (Allocation Failure)  442910K->8766K(1109504K), 0.0033860 secs]
33551.151: [GC (Allocation Failure)  429630K->8766K(1096704K), 0.0036019 secs]
33551.600: [GC (Allocation Failure)  416830K->8734K(1084416K), 0.0042493 secs]
33552.050: [GC (Allocation Failure)  404510K->8734K(1072640K), 0.0034422 secs]
33552.464: [GC (Allocation Failure)  392734K->8766K(1061376K), 0.0037984 secs]
33552.870: [GC (Allocation Failure)  381502K->8774K(1050624K), 0.0032706 secs]
33553.286: [GC (Allocation Failure)  370758K->8774K(1040384K), 0.0029226 secs]
33553.674: [GC (Allocation Failure)  360518K->8774K(1030656K), 0.0048238 secs]
33554.068: [GC (Allocation Failure)  350790K->8742K(1020928K), 0.0037566 secs]
33554.433: [GC (Allocation Failure)  341030K->8774K(1011712K), 0.0037610 secs]
33554.796: [GC (Allocation Failure)  331846K->8774K(1003008K), 0.0035613 secs]
33555.413: [GC (Allocation Failure)  323142K->8742K(994816K), 0.0037868 secs]
33555.735: [GC (Allocation Failure)  314918K->8742K(986624K), 0.0032268 secs]
33556.046: [GC (Allocation Failure)  306726K->8710K(978944K), 0.0032754 secs]
33556.349: [GC (Allocation Failure)  299014K->8774K(971264K), 0.0033268 secs]
33556.645: [GC (Allocation Failure)  291398K->8806K(964096K), 0.0031589 secs]
33556.942: [GC (Allocation Failure)  284262K->8742K(1019392K), 0.0035282 secs]
33557.295: [GC (Allocation Failure)  339494K->8774K(1085952K), 0.0035388 secs]
33557.711: [GC (Allocation Failure)  406086K->8774K(1074176K), 0.0040775 secs]
33558.112: [GC (Allocation Failure)  394310K->8774K(1062912K), 0.0038659 secs]
33558.502: [GC (Allocation Failure)  383046K->8742K(1052160K), 0.0036390 secs]
33558.909: [GC (Allocation Failure)  372262K->8806K(1041920K), 0.0038722 secs]
33559.282: [GC (Allocation Failure)  362086K->8774K(1032192K), 0.0031020 secs]
33559.646: [GC (Allocation Failure)  352326K->8774K(1022464K), 0.0031809 secs]
33560.006: [GC (Allocation Failure)  342598K->8742K(1013248K), 0.1477193 secs]
33560.495: [GC (Allocation Failure)  333350K->8774K(1004544K), 0.0036993 secs]
33560.829: [GC (Allocation Failure)  324678K->8806K(996352K), 0.0034090 secs]
33561.177: [GC (Allocation Failure)  316518K->8774K(988160K), 0.0037960 secs]
33561.491: [GC (Allocation Failure)  308294K->8774K(980480K), 0.0033530 secs]
33561.796: [GC (Allocation Failure)  300614K->8742K(1038848K), 0.0036558 secs]
33562.177: [GC (Allocation Failure)  358950K->8742K(1029120K), 0.0033601 secs]
33562.546: [GC (Allocation Failure)  349222K->8742K(1019904K), 0.0036201 secs]
33562.911: [GC (Allocation Failure)  340006K->8742K(1010688K), 0.0033511 secs]
33563.259: [GC (Allocation Failure)  330790K->8806K(1001984K), 0.0038348 secs]
33563.587: [GC (Allocation Failure)  322150K->8774K(993792K), 0.0032217 secs]
33563.905: [GC (Allocation Failure)  313926K->8774K(985600K), 0.0034385 secs]
33564.217: [GC (Allocation Failure)  305734K->8806K(1044992K), 0.0036242 secs]
33564.590: [GC (Allocation Failure)  365158K->8742K(1116672K), 0.0037480 secs]
33565.035: [GC (Allocation Failure)  436774K->8742K(1103360K), 0.0039880 secs]
33565.733: [GC (Allocation Failure)  423462K->8742K(1091072K), 0.0034659 secs]
33566.150: [GC (Allocation Failure)  411174K->8806K(1079296K), 0.0040587 secs]
33566.557: [GC (Allocation Failure)  399462K->8710K(1068032K), 0.0030415 secs]
33566.953: [GC (Allocation Failure)  388102K->8742K(1056768K), 0.0040637 secs]
33567.347: [GC (Allocation Failure)  376870K->8774K(1046016K), 0.0040410 secs]
33567.741: [GC (Allocation Failure)  366150K->8742K(1035776K), 0.0033288 secs]
33568.113: [GC (Allocation Failure)  355878K->8806K(1026048K), 0.0034079 secs]
33568.503: [GC (Allocation Failure)  346214K->8742K(1016832K), 0.0031064 secs]
33568.864: [GC (Allocation Failure)  336934K->8774K(1008128K), 0.0039099 secs]
33569.209: [GC (Allocation Failure)  328262K->8838K(999424K), 0.0034065 secs]
33569.538: [GC (Allocation Failure)  319622K->8742K(991232K), 0.0032223 secs]
33569.854: [GC (Allocation Failure)  311334K->8742K(983552K), 0.0031609 secs]
33570.162: [GC (Allocation Failure)  303654K->8742K(975872K), 0.0035638 secs]
33570.461: [GC (Allocation Failure)  295974K->8774K(1033728K), 0.0036034 secs]
33570.820: [GC (Allocation Failure)  353862K->8774K(1102848K), 0.0041100 secs]
33571.257: [GC (Allocation Failure)  422982K->8742K(1185792K), 0.0041628 secs]
33571.785: [GC (Allocation Failure)  505894K->8774K(1169920K), 0.0035595 secs]
33572.286: [GC (Allocation Failure)  490054K->8774K(1154560K), 0.0040184 secs]
33572.775: [GC (Allocation Failure)  474694K->8774K(1139712K), 0.0033723 secs]
33573.266: [GC (Allocation Failure)  459846K->8806K(1125376K), 0.0034689 secs]
33573.729: [GC (Allocation Failure)  445542K->8806K(1112064K), 0.0030928 secs]
33574.179: [GC (Allocation Failure)  432230K->8742K(1099264K), 0.0035075 secs]
33574.620: [GC (Allocation Failure)  419366K->8774K(1086976K), 0.0043315 secs]
33575.054: [GC (Allocation Failure)  407110K->8774K(1075200K), 0.0033183 secs]
33575.482: [GC (Allocation Failure)  395334K->8742K(1063936K), 0.0032054 secs]
33575.911: [GC (Allocation Failure)  384038K->8806K(1053184K), 0.0031624 secs]
33576.292: [GC (Allocation Failure)  373350K->8774K(1042944K), 0.0035172 secs]
33576.663: [GC (Allocation Failure)  363078K->8774K(1032704K), 0.0038765 secs]
33577.021: [GC (Allocation Failure)  352838K->8742K(1022976K), 0.0042734 secs]
33577.378: [GC (Allocation Failure)  343078K->8774K(1090048K), 0.0048878 secs]
33577.814: [GC (Allocation Failure)  410182K->8806K(1078272K), 0.0040785 secs]
33578.233: [GC (Allocation Failure)  398438K->8742K(1156608K), 0.0044523 secs]
33578.754: [GC (Allocation Failure)  476710K->8774K(1141760K), 0.0038790 secs]
33579.233: [GC (Allocation Failure)  461894K->8806K(1127424K), 0.0035247 secs]
33579.689: [GC (Allocation Failure)  447590K->8774K(1114112K), 0.0034705 secs]
33580.133: [GC (Allocation Failure)  434246K->8774K(1101312K), 0.0034900 secs]
33580.561: [GC (Allocation Failure)  421446K->8774K(1089024K), 0.0038308 secs]
33580.989: [GC (Allocation Failure)  409158K->8742K(1077248K), 0.0043287 secs]
33581.398: [GC (Allocation Failure)  397350K->8742K(1065984K), 0.0033038 secs]
33581.797: [GC (Allocation Failure)  386086K->8774K(1055232K), 0.0032557 secs]
33582.187: [GC (Allocation Failure)  375366K->8742K(1044480K), 0.0037561 secs]
33582.582: [GC (Allocation Failure)  364582K->8742K(1034240K), 0.0045598 secs]
33582.957: [GC (Allocation Failure)  354342K->8774K(1024512K), 0.0039604 secs]
33583.324: [GC (Allocation Failure)  344646K->8774K(1015296K), 0.0040917 secs]
33583.675: [GC (Allocation Failure)  335430K->8742K(1006592K), 0.0033412 secs]
33584.037: [GC (Allocation Failure)  326694K->8742K(997888K), 0.0040598 secs]
33584.375: [GC (Allocation Failure)  317990K->8774K(1059840K), 0.0045986 secs]
33584.779: [GC (Allocation Failure)  379974K->8774K(1134080K), 0.0038701 secs]
33585.255: [GC (Allocation Failure)  454214K->8774K(1223168K), 0.0043385 secs]
33585.818: [GC (Allocation Failure)  543302K->8742K(1205248K), 0.0040044 secs]
33586.385: [GC (Allocation Failure)  525350K->8806K(1188352K), 0.0038989 secs]
33586.937: [GC (Allocation Failure)  508518K->8774K(1171968K), 0.0034052 secs]
33587.471: [GC (Allocation Failure)  492102K->8806K(1156608K), 0.0040635 secs]
33587.962: [GC (Allocation Failure)  476774K->8742K(1141760K), 0.0038135 secs]
33588.433: [GC (Allocation Failure)  461862K->8774K(1127424K), 0.0035795 secs]
33588.892: [GC (Allocation Failure)  447558K->8742K(1114112K), 0.0046858 secs]
33589.336: [GC (Allocation Failure)  434214K->8774K(1101312K), 0.0042396 secs]
33589.809: [GC (Allocation Failure)  421446K->8774K(1089024K), 0.0033170 secs]
33590.269: [GC (Allocation Failure)  409158K->8774K(1077248K), 0.0035498 secs]
33590.700: [GC (Allocation Failure)  397382K->8742K(1065984K), 0.0031981 secs]
33591.119: [GC (Allocation Failure)  386086K->8742K(1055232K), 0.1167821 secs]
33591.616: [GC (Allocation Failure)  375334K->8774K(1044480K), 0.0041681 secs]
33591.994: [GC (Allocation Failure)  364614K->8774K(1034240K), 0.0033289 secs]
33592.369: [GC (Allocation Failure)  354374K->8742K(1024512K), 0.0035184 secs]
33592.735: [GC (Allocation Failure)  344614K->8774K(1015296K), 0.0033796 secs]
33593.096: [GC (Allocation Failure)  335430K->8806K(1006592K), 0.0035716 secs]
33593.444: [GC (Allocation Failure)  326758K->8774K(997888K), 0.0031487 secs]
33593.801: [GC (Allocation Failure)  318022K->8774K(989696K), 0.0035163 secs]
33594.143: [GC (Allocation Failure)  309830K->8774K(982016K), 0.0032643 secs]
33594.477: [GC (Allocation Failure)  302150K->8806K(974336K), 0.0034087 secs]
33594.778: [GC (Allocation Failure)  294502K->8774K(967168K), 0.0033865 secs]
33595.069: [GC (Allocation Failure)  287302K->8742K(1022976K), 0.0034165 secs]
33595.429: [GC (Allocation Failure)  343078K->8774K(1013760K), 0.0036877 secs]
33595.771: [GC (Allocation Failure)  333894K->8774K(1078784K), 0.0036390 secs]
33596.176: [GC (Allocation Failure)  398918K->8774K(1067520K), 0.0039508 secs]
33596.601: [GC (Allocation Failure)  387654K->8742K(1056256K), 0.0039815 secs]
33596.989: [GC (Allocation Failure)  376358K->8806K(1045504K), 0.0032093 secs]
33597.547: [GC (Allocation Failure)  365670K->8742K(1035264K), 0.0030629 secs]
33597.910: [GC (Allocation Failure)  355366K->8774K(1025536K), 0.0033928 secs]
33598.264: [GC (Allocation Failure)  345670K->8806K(1016320K), 0.0030095 secs]
33598.631: [GC (Allocation Failure)  336486K->8806K(1007616K), 0.0031561 secs]
33598.968: [GC (Allocation Failure)  327782K->8742K(998912K), 0.0029241 secs]
33599.306: [GC (Allocation Failure)  319014K->8742K(990720K), 0.0030172 secs]
33599.623: [GC (Allocation Failure)  310822K->8742K(983040K), 0.0027094 secs]
33599.955: [GC (Allocation Failure)  303142K->8774K(975360K), 0.0029682 secs]
33600.259: [GC (Allocation Failure)  295494K->8806K(968192K), 0.0042977 secs]
33600.559: [GC (Allocation Failure)  288358K->8774K(1024512K), 0.0050951 secs]
33600.928: [GC (Allocation Failure)  344646K->8806K(1092096K), 0.0043986 secs]
33601.366: [GC (Allocation Failure)  412262K->8774K(1172992K), 0.0036317 secs]
33601.902: [GC (Allocation Failure)  493126K->8774K(1157632K), 0.0038808 secs]
33602.388: [GC (Allocation Failure)  477766K->8806K(1142784K), 0.0042984 secs]
33602.865: [GC (Allocation Failure)  462950K->8742K(1128448K), 0.0037094 secs]
33603.324: [GC (Allocation Failure)  448550K->8806K(1114624K), 0.0034174 secs]
33603.783: [GC (Allocation Failure)  434790K->8742K(1101824K), 0.0040031 secs]
33604.214: [GC (Allocation Failure)  421926K->8774K(1089536K), 0.0042022 secs]
33604.670: [GC (Allocation Failure)  409670K->8774K(1077760K), 0.0039042 secs]
33605.094: [GC (Allocation Failure)  397894K->8806K(1066496K), 0.0049504 secs]
33605.504: [GC (Allocation Failure)  386662K->8774K(1055744K), 0.0038983 secs]
33605.887: [GC (Allocation Failure)  375878K->8774K(1044992K), 0.0039744 secs]
33606.278: [GC (Allocation Failure)  365126K->8806K(1116672K), 0.0048382 secs]
33606.726: [GC (Allocation Failure)  436838K->8774K(1103360K), 0.0039380 secs]
33607.313: [GC (Allocation Failure)  423494K->8774K(1091072K), 0.0051613 secs]
33607.739: [GC (Allocation Failure)  411206K->8742K(1079296K), 0.0050098 secs]
33608.149: [GC (Allocation Failure)  399398K->8774K(1068032K), 0.0040335 secs]
33608.748: [GC (Allocation Failure)  388166K->8710K(1056768K), 0.0039370 secs]
33609.130: [GC (Allocation Failure)  376838K->8742K(1046016K), 0.0034465 secs]
33609.503: [GC (Allocation Failure)  366118K->8806K(1035776K), 0.0036268 secs]
33609.894: [GC (Allocation Failure)  355942K->8806K(1026048K), 0.0039743 secs]
33610.524: [GC (Allocation Failure)  346214K->8774K(1016832K), 0.0034166 secs]
33610.871: [GC (Allocation Failure)  336966K->8774K(1008128K), 0.0041251 secs]
33611.209: [GC (Allocation Failure)  328262K->8710K(1072128K), 0.0045463 secs]
33611.611: [GC (Allocation Failure)  392198K->8742K(1148928K), 0.0042903 secs]
33612.130: [GC (Allocation Failure)  469030K->8806K(1134592K), 0.1872777 secs]
33612.796: [GC (Allocation Failure)  454758K->8774K(1120768K), 0.0031755 secs]
33613.261: [GC (Allocation Failure)  440902K->8742K(1107456K), 0.0036746 secs]
33613.762: [GC (Allocation Failure)  427558K->8806K(1094656K), 0.0033329 secs]
33614.199: [GC (Allocation Failure)  414822K->8742K(1082368K), 0.0043727 secs]
33614.643: [GC (Allocation Failure)  402470K->8806K(1070592K), 0.0055824 secs]
33615.067: [GC (Allocation Failure)  390758K->8774K(1059328K), 0.0046950 secs]
33615.478: [GC (Allocation Failure)  379462K->8742K(1048576K), 0.0041456 secs]
33615.859: [GC (Allocation Failure)  368678K->8806K(1120768K), 0.0055580 secs]
33616.338: [GC (Allocation Failure)  440934K->8774K(1207296K), 0.0041568 secs]
33616.895: [GC (Allocation Failure)  527430K->8774K(1190400K), 0.0041484 secs]
33617.414: [GC (Allocation Failure)  510534K->8774K(1174016K), 0.0055373 secs]
33617.968: [GC (Allocation Failure)  494150K->8774K(1158656K), 0.0036367 secs]
33618.519: [GC (Allocation Failure)  478790K->8742K(1143808K), 0.0036358 secs]
33619.220: [GC (Allocation Failure)  463910K->8774K(1129472K), 0.0038082 secs]
33619.676: [GC (Allocation Failure)  449606K->8774K(1115648K), 0.0035501 secs]
33620.149: [GC (Allocation Failure)  435782K->8806K(1102848K), 0.0034378 secs]
33620.583: [GC (Allocation Failure)  423014K->8774K(1090560K), 0.0031117 secs]
33621.001: [GC (Allocation Failure)  410694K->8774K(1078784K), 0.0032252 secs]
33621.407: [GC (Allocation Failure)  398918K->8774K(1067520K), 0.0037100 secs]
33621.800: [GC (Allocation Failure)  387654K->8774K(1056256K), 0.0033501 secs]
33622.191: [GC (Allocation Failure)  376390K->8774K(1045504K), 0.0037572 secs]
33622.603: [GC (Allocation Failure)  365638K->8806K(1035264K), 0.0035712 secs]
33623.256: [GC (Allocation Failure)  355430K->8806K(1025536K), 0.0043158 secs]
33623.609: [GC (Allocation Failure)  345702K->8742K(1016320K), 0.0036847 secs]
33623.954: [GC (Allocation Failure)  336422K->8774K(1007616K), 0.0037081 secs]
33624.288: [GC (Allocation Failure)  327750K->8774K(998912K), 0.0035969 secs]
33624.614: [GC (Allocation Failure)  319046K->8742K(990720K), 0.0038086 secs]
33624.952: [GC (Allocation Failure)  310822K->8774K(983040K), 0.0032995 secs]
33625.257: [GC (Allocation Failure)  303174K->8774K(1041920K), 0.0036470 secs]
33625.625: [GC (Allocation Failure)  362054K->8774K(1112576K), 0.0046140 secs]
33626.070: [GC (Allocation Failure)  432710K->8742K(1197568K), 0.0035698 secs]
33626.604: [GC (Allocation Failure)  517670K->8742K(1181184K), 0.0041022 secs]
33627.118: [GC (Allocation Failure)  501286K->8806K(1165312K), 0.0032790 secs]
33627.612: [GC (Allocation Failure)  485478K->8710K(1149952K), 0.0038335 secs]
33628.185: [GC (Allocation Failure)  470022K->8774K(1135616K), 0.0033960 secs]
33628.651: [GC (Allocation Failure)  455750K->8806K(1121792K), 0.0038131 secs]
33629.101: [GC (Allocation Failure)  441958K->8742K(1108480K), 0.0043908 secs]
33629.540: [GC (Allocation Failure)  428582K->8742K(1095680K), 0.0044793 secs]
33629.969: [GC (Allocation Failure)  415782K->8838K(1083392K), 0.0037288 secs]
33630.381: [GC (Allocation Failure)  403590K->8742K(1071616K), 0.0037107 secs]
33630.779: [GC (Allocation Failure)  391718K->8806K(1060352K), 0.0040999 secs]
33631.168: [GC (Allocation Failure)  380518K->8774K(1049600K), 0.0034104 secs]
33631.543: [GC (Allocation Failure)  369734K->8838K(1039360K), 0.0026751 secs]
33631.910: [GC (Allocation Failure)  359558K->8774K(1029632K), 0.0030157 secs]
33632.265: [GC (Allocation Failure)  349766K->8774K(1020416K), 0.0029471 secs]
33632.612: [GC (Allocation Failure)  340550K->8742K(1011200K), 0.0036663 secs]
33632.947: [GC (Allocation Failure)  331302K->8806K(1002496K), 0.0028589 secs]
33633.273: [GC (Allocation Failure)  322662K->8806K(994304K), 0.0031136 secs]
33633.630: [GC (Allocation Failure)  314470K->8806K(986112K), 0.0043460 secs]
33634.143: [GC (Allocation Failure)  306278K->8774K(978432K), 0.0029719 secs]
33634.447: [GC (Allocation Failure)  298566K->8774K(971264K), 0.0030519 secs]
33634.749: [GC (Allocation Failure)  291398K->8806K(964096K), 0.0034346 secs]
33635.041: [GC (Allocation Failure)  284262K->8774K(957440K), 0.0032274 secs]
33635.341: [GC (Allocation Failure)  277574K->8742K(1011200K), 0.0039244 secs]
33635.680: [GC (Allocation Failure)  331302K->8742K(1075712K), 0.0030819 secs]
33636.109: [GC (Allocation Failure)  395814K->8774K(1064448K), 0.0039236 secs]
33636.517: [GC (Allocation Failure)  384582K->8806K(1053696K), 0.0035511 secs]
33636.896: [GC (Allocation Failure)  373862K->8774K(1043456K), 0.0030900 secs]
33637.287: [GC (Allocation Failure)  363590K->8774K(1033216K), 0.0033226 secs]
33637.647: [GC (Allocation Failure)  353350K->8774K(1023488K), 0.0035696 secs]
33637.998: [GC (Allocation Failure)  343622K->8806K(1014272K), 0.0031823 secs]
33638.338: [GC (Allocation Failure)  334438K->8774K(1005568K), 0.0027467 secs]
33638.669: [GC (Allocation Failure)  325702K->8774K(996864K), 0.0033172 secs]
33638.991: [GC (Allocation Failure)  316998K->8774K(988672K), 0.0034342 secs]
33639.311: [GC (Allocation Failure)  308806K->8774K(980992K), 0.0033755 secs]
33639.634: [GC (Allocation Failure)  301126K->8774K(973312K), 0.0033810 secs]
33639.944: [GC (Allocation Failure)  293446K->8774K(966144K), 0.0031743 secs]
33640.241: [GC (Allocation Failure)  286278K->8774K(1021952K), 0.0033796 secs]
33640.590: [GC (Allocation Failure)  342086K->8742K(1012736K), 0.0033813 secs]
33640.946: [GC (Allocation Failure)  332838K->8806K(1004032K), 0.0032102 secs]
33641.301: [GC (Allocation Failure)  324198K->8774K(995840K), 0.0039577 secs]
33641.624: [GC (Allocation Failure)  315974K->8774K(1057280K), 0.0035665 secs]
33642.008: [GC (Allocation Failure)  377414K->8774K(1046528K), 0.0031550 secs]
33642.395: [GC (Allocation Failure)  366662K->8710K(1036288K), 0.0033553 secs]
33642.757: [GC (Allocation Failure)  356358K->8742K(1105920K), 0.0050233 secs]
33643.192: [GC (Allocation Failure)  426022K->8774K(1093120K), 0.0035286 secs]
33643.874: [GC (Allocation Failure)  413254K->8742K(1080832K), 0.0034598 secs]
33644.312: [GC (Allocation Failure)  400934K->8806K(1069056K), 0.0027609 secs]
33644.913: [GC (Allocation Failure)  389222K->8774K(1057792K), 0.0038030 secs]
33645.298: [GC (Allocation Failure)  377926K->8774K(1047040K), 0.0033021 secs]
33645.672: [GC (Allocation Failure)  367174K->8774K(1036800K), 0.0030994 secs]
33646.046: [GC (Allocation Failure)  356934K->8774K(1027072K), 0.0038207 secs]
33646.623: [GC (Allocation Failure)  347206K->8774K(1017856K), 0.0033989 secs]
33646.968: [GC (Allocation Failure)  337990K->8774K(1008640K), 0.0029421 secs]
33647.303: [GC (Allocation Failure)  328774K->8742K(999936K), 0.0032117 secs]
33647.626: [GC (Allocation Failure)  320038K->8742K(991744K), 0.0031380 secs]
33647.944: [GC (Allocation Failure)  311846K->8774K(984064K), 0.0032891 secs]
33648.255: [GC (Allocation Failure)  304198K->8774K(976384K), 0.0031895 secs]
33648.786: [GC (Allocation Failure)  296518K->8806K(969216K), 0.0034191 secs]
33649.081: [GC (Allocation Failure)  289382K->8774K(962048K), 0.0033628 secs]
33649.366: [GC (Allocation Failure)  282182K->8774K(955392K), 0.0035484 secs]
33649.653: [GC (Allocation Failure)  275526K->8806K(1009152K), 0.0034247 secs]
33649.987: [GC (Allocation Failure)  329318K->8742K(1073664K), 0.0033077 secs]
33650.398: [GC (Allocation Failure)  393766K->8774K(1062400K), 0.0032074 secs]
33650.810: [GC (Allocation Failure)  382534K->8742K(1051648K), 0.0038327 secs]
33651.221: [GC (Allocation Failure)  371750K->8742K(1041408K), 0.0038480 secs]
33651.601: [GC (Allocation Failure)  361510K->8774K(1031680K), 0.0038952 secs]
33651.962: [GC (Allocation Failure)  351814K->8774K(1021952K), 0.0034717 secs]
33652.311: [GC (Allocation Failure)  342086K->8806K(1012736K), 0.0036795 secs]
33652.650: [GC (Allocation Failure)  332902K->8774K(1004032K), 0.0037874 secs]
33652.982: [GC (Allocation Failure)  324166K->8774K(1067520K), 0.0042569 secs]
33653.378: [GC (Allocation Failure)  387654K->8774K(1143296K), 0.0037740 secs]
33653.869: [GC (Allocation Failure)  463430K->8806K(1128960K), 0.0038567 secs]
33654.324: [GC (Allocation Failure)  449126K->8710K(1115136K), 0.0038100 secs]
33655.012: [GC (Allocation Failure)  435206K->8774K(1102336K), 0.0054195 secs]
33655.460: [GC (Allocation Failure)  422470K->8774K(1090048K), 0.0039929 secs]
33655.879: [GC (Allocation Failure)  410182K->8806K(1078272K), 0.0037212 secs]
33656.292: [GC (Allocation Failure)  398438K->8806K(1067008K), 0.0044803 secs]
33656.722: [GC (Allocation Failure)  387174K->8742K(1056256K), 0.0048673 secs]
33657.103: [GC (Allocation Failure)  376358K->8774K(1129984K), 0.0045824 secs]
33657.813: [GC (Allocation Failure)  450118K->8806K(1116160K), 0.0044739 secs]
33658.254: [GC (Allocation Failure)  436326K->8742K(1102848K), 0.0054526 secs]
33658.712: [GC (Allocation Failure)  422950K->8774K(1090560K), 0.0032862 secs]
33659.416: [GC (Allocation Failure)  410694K->8774K(1078784K), 0.0038481 secs]
33659.821: [GC (Allocation Failure)  398918K->8774K(1067520K), 0.0036804 secs]
33660.215: [GC (Allocation Failure)  387654K->8774K(1143296K), 0.0067941 secs]
33660.693: [GC (Allocation Failure)  463430K->8710K(1128960K), 0.0033419 secs]
33661.341: [GC (Allocation Failure)  449030K->8742K(1115136K), 0.0056324 secs]
33661.790: [GC (Allocation Failure)  435238K->8774K(1102336K), 0.0041300 secs]
33662.234: [GC (Allocation Failure)  422470K->8806K(1090048K), 0.0040457 secs]
33662.658: [GC (Allocation Failure)  410214K->8774K(1170432K), 0.0065486 secs]
33663.170: [GC (Allocation Failure)  490566K->8806K(1155072K), 0.0032371 secs]
33663.915: [GC (Allocation Failure)  475238K->8774K(1140224K), 0.0044804 secs]
33664.417: [GC (Allocation Failure)  460358K->8742K(1125888K), 0.0046759 secs]
33664.879: [GC (Allocation Failure)  445990K->8774K(1112576K), 0.0043949 secs]
33665.322: [GC (Allocation Failure)  432710K->8774K(1099776K), 0.0040086 secs]
33665.783: [GC (Allocation Failure)  419910K->8774K(1087488K), 0.0040047 secs]
33666.198: [GC (Allocation Failure)  407622K->8774K(1075712K), 0.0035068 secs]
33666.602: [GC (Allocation Failure)  395846K->8774K(1064448K), 0.0036160 secs]
33666.997: [GC (Allocation Failure)  384582K->8774K(1053696K), 0.0039710 secs]
33667.377: [GC (Allocation Failure)  373830K->8774K(1043456K), 0.0039723 secs]
33667.748: [GC (Allocation Failure)  363590K->8774K(1033216K), 0.0033809 secs]
33668.107: [GC (Allocation Failure)  353350K->8774K(1023488K), 0.0041699 secs]
33668.464: [GC (Allocation Failure)  343622K->8774K(1014272K), 0.0034860 secs]
33668.806: [GC (Allocation Failure)  334406K->8774K(1079808K), 0.0045509 secs]
33669.215: [GC (Allocation Failure)  399942K->8742K(1068032K), 0.2326466 secs]
33669.843: [GC (Allocation Failure)  388134K->8742K(1056768K), 0.0038944 secs]
33670.228: [GC (Allocation Failure)  376870K->8774K(1046016K), 0.0033262 secs]
33670.602: [GC (Allocation Failure)  366150K->8774K(1035776K), 0.0034211 secs]
33670.966: [GC (Allocation Failure)  355910K->8742K(1026048K), 0.0040595 secs]
33671.512: [GC (Allocation Failure)  346150K->8774K(1016832K), 0.0043322 secs]
33671.853: [GC (Allocation Failure)  336966K->8774K(1008128K), 0.0041857 secs]
33672.189: [GC (Allocation Failure)  328262K->8806K(1072128K), 0.0042083 secs]
33672.608: [GC (Allocation Failure)  392294K->8742K(1148928K), 0.0044508 secs]
33673.089: [GC (Allocation Failure)  469030K->8710K(1134592K), 0.0040002 secs]
33673.823: [GC (Allocation Failure)  454662K->8774K(1120768K), 0.0042969 secs]
33674.293: [GC (Allocation Failure)  440902K->8806K(1107456K), 0.0035927 secs]
33674.776: [GC (Allocation Failure)  427622K->8774K(1094656K), 0.0034159 secs]
33675.216: [GC (Allocation Failure)  414790K->8742K(1082368K), 0.0041100 secs]
33675.658: [GC (Allocation Failure)  402470K->8774K(1070592K), 0.0044047 secs]
33676.276: [GC (Allocation Failure)  390726K->8742K(1059328K), 0.0038990 secs]
33676.962: [GC (Allocation Failure)  379430K->8774K(1048576K), 0.0034506 secs]
33677.336: [GC (Allocation Failure)  368710K->8774K(1038336K), 0.0034404 secs]
33677.696: [GC (Allocation Failure)  358470K->8774K(1028608K), 0.0031568 secs]
33678.072: [GC (Allocation Failure)  348742K->8774K(1019392K), 0.0034326 secs]
33678.427: [GC (Allocation Failure)  339526K->8742K(1010176K), 0.0037439 secs]
33678.961: [GC (Allocation Failure)  330278K->8742K(1001472K), 0.0042172 secs]
33679.286: [GC (Allocation Failure)  321574K->8806K(993280K), 0.0037081 secs]
33679.597: [GC (Allocation Failure)  313446K->8742K(1054208K), 0.0043540 secs]
33679.993: [GC (Allocation Failure)  374310K->8774K(1043968K), 0.0035068 secs]
33680.473: [GC (Allocation Failure)  364102K->8774K(1033728K), 0.0030088 secs]
33680.826: [GC (Allocation Failure)  353862K->8806K(1024000K), 0.0039843 secs]
33681.197: [GC (Allocation Failure)  344166K->8774K(1014784K), 0.0037648 secs]
33681.543: [GC (Allocation Failure)  334918K->8774K(1006080K), 0.0038565 secs]
33681.884: [GC (Allocation Failure)  326214K->8742K(1069568K), 0.0038966 secs]
33682.276: [GC (Allocation Failure)  389670K->8710K(1058304K), 0.0033799 secs]
33682.655: [GC (Allocation Failure)  378374K->8774K(1047552K), 0.0039995 secs]
33683.243: [GC (Allocation Failure)  367686K->8742K(1037312K), 0.0033125 secs]
33683.607: [GC (Allocation Failure)  357414K->8774K(1027584K), 0.0031012 secs]
33683.957: [GC (Allocation Failure)  347718K->8806K(1018368K), 0.0037819 secs]
33684.297: [GC (Allocation Failure)  338534K->8742K(1009152K), 0.0039691 secs]
33684.624: [GC (Allocation Failure)  329254K->8774K(1000448K), 0.0030161 secs]
33685.055: [GC (Allocation Failure)  320582K->8774K(992256K), 0.0033506 secs]
33685.557: [GC (Allocation Failure)  312390K->8742K(984064K), 0.0044756 secs]
33685.864: [GC (Allocation Failure)  304166K->8774K(976384K), 0.0040622 secs]
33686.173: [GC (Allocation Failure)  296518K->8774K(1034240K), 0.0038353 secs]
33686.555: [GC (Allocation Failure)  354374K->8742K(1103360K), 0.0035357 secs]
33686.984: [GC (Allocation Failure)  423462K->8774K(1091072K), 0.0032066 secs]
33687.402: [GC (Allocation Failure)  411206K->8742K(1079296K), 0.0081014 secs]
33687.819: [GC (Allocation Failure)  399398K->8774K(1157632K), 0.0051341 secs]
33688.310: [GC (Allocation Failure)  477766K->8774K(1142784K), 0.0032767 secs]
33688.778: [GC (Allocation Failure)  462918K->8774K(1128448K), 0.0031757 secs]
33689.234: [GC (Allocation Failure)  448582K->8806K(1114624K), 0.0039317 secs]
33689.677: [GC (Allocation Failure)  434790K->8806K(1101824K), 0.0034954 secs]
33690.123: [GC (Allocation Failure)  421990K->8774K(1089536K), 0.0032776 secs]
33690.539: [GC (Allocation Failure)  409670K->8806K(1077760K), 0.0042148 secs]
33690.944: [GC (Allocation Failure)  397926K->8742K(1066496K), 0.0043617 secs]
33691.342: [GC (Allocation Failure)  386598K->8806K(1055744K), 0.0042695 secs]
33691.727: [GC (Allocation Failure)  375910K->8742K(1044992K), 0.0044335 secs]
33692.099: [GC (Allocation Failure)  365094K->8806K(1116672K), 0.0046257 secs]
33692.545: [GC (Allocation Failure)  436838K->8774K(1103360K), 0.0036359 secs]
33692.977: [GC (Allocation Failure)  423494K->8774K(1091072K), 0.0034665 secs]
33693.411: [GC (Allocation Failure)  411206K->8774K(1079296K), 0.0042280 secs]
33693.819: [GC (Allocation Failure)  399430K->8774K(1068032K), 0.0031211 secs]
33694.215: [GC (Allocation Failure)  388166K->8774K(1056768K), 0.0034663 secs]
33694.604: [GC (Allocation Failure)  376902K->8774K(1046016K), 0.0043300 secs]
33694.990: [GC (Allocation Failure)  366150K->8774K(1035776K), 0.0045248 secs]
33695.380: [GC (Allocation Failure)  355910K->8774K(1105408K), 0.0059245 secs]
33695.821: [GC (Allocation Failure)  425542K->8742K(1188864K), 0.0038942 secs]
33696.340: [GC (Allocation Failure)  508966K->8774K(1289216K), 0.0048198 secs]
33696.964: [GC (Allocation Failure)  609350K->8774K(1268224K), 0.0038069 secs]
33697.562: [GC (Allocation Failure)  588358K->8806K(1248256K), 0.0046742 secs]
33698.142: [GC (Allocation Failure)  568422K->8806K(1229312K), 0.0048085 secs]
33698.705: [GC (Allocation Failure)  549478K->8774K(1211392K), 0.0032761 secs]
33699.242: [GC (Allocation Failure)  531526K->8774K(1193984K), 0.0033960 secs]
33699.765: [GC (Allocation Failure)  514118K->8742K(1177600K), 0.0039889 secs]
33700.269: [GC (Allocation Failure)  497702K->8774K(1161728K), 0.0045890 secs]
33700.759: [GC (Allocation Failure)  481862K->8806K(1146880K), 0.0037613 secs]
33701.234: [GC (Allocation Failure)  467046K->8806K(1132544K), 0.0036035 secs]
33701.695: [GC (Allocation Failure)  452710K->8774K(1118720K), 0.0038683 secs]
33702.149: [GC (Allocation Failure)  438854K->8774K(1105408K), 0.0036254 secs]
33702.582: [GC (Allocation Failure)  425542K->8774K(1092608K), 0.0033649 secs]
33703.002: [GC (Allocation Failure)  412742K->8766K(1080320K), 0.0038511 secs]
33703.411: [GC (Allocation Failure)  400446K->8766K(1068544K), 0.0041232 secs]
33703.810: [GC (Allocation Failure)  388670K->8830K(1057280K), 0.0040044 secs]
33704.196: [GC (Allocation Failure)  377470K->8830K(1046528K), 0.0034922 secs]
33704.571: [GC (Allocation Failure)  366718K->8830K(1036288K), 0.0035801 secs]
33704.935: [GC (Allocation Failure)  356478K->8798K(1026560K), 0.0029647 secs]
33705.289: [GC (Allocation Failure)  346718K->8798K(1017344K), 0.0036669 secs]
33705.632: [GC (Allocation Failure)  337502K->8766K(1008640K), 0.0038676 secs]
33705.969: [GC (Allocation Failure)  328766K->8798K(999936K), 0.0039457 secs]
33706.297: [GC (Allocation Failure)  320094K->8766K(1062400K), 0.0039360 secs]
33706.687: [GC (Allocation Failure)  382526K->8798K(1051648K), 0.0035991 secs]
33707.066: [GC (Allocation Failure)  371806K->8798K(1041408K), 0.0035960 secs]
33707.634: [GC (Allocation Failure)  361566K->8798K(1031680K), 0.0250948 secs]
33708.018: [GC (Allocation Failure)  351838K->8798K(1021952K), 0.0035931 secs]
33708.365: [GC (Allocation Failure)  342110K->8798K(1012736K), 0.0031323 secs]
33708.706: [GC (Allocation Failure)  332894K->8830K(1004032K), 0.0032567 secs]
33709.038: [GC (Allocation Failure)  324222K->8766K(995840K), 0.0038039 secs]
33709.363: [GC (Allocation Failure)  315966K->8766K(987648K), 0.0037528 secs]
33709.677: [GC (Allocation Failure)  307774K->8766K(1047552K), 0.0041706 secs]
33710.059: [GC (Allocation Failure)  367678K->8766K(1119744K), 0.0033945 secs]
33710.505: [GC (Allocation Failure)  439870K->8798K(1106432K), 0.0037483 secs]
33711.020: [GC (Allocation Failure)  426590K->8766K(1093632K), 0.0040827 secs]
33711.440: [GC (Allocation Failure)  413758K->8830K(1081344K), 0.0042003 secs]
33711.850: [GC (Allocation Failure)  401534K->8798K(1069568K), 0.0038713 secs]
33712.250: [GC (Allocation Failure)  389726K->8830K(1058304K), 0.0037599 secs]
33712.637: [GC (Allocation Failure)  378494K->8798K(1047552K), 0.0037873 secs]
33713.012: [GC (Allocation Failure)  367710K->8798K(1119744K), 0.0049961 secs]
33713.466: [GC (Allocation Failure)  439902K->8830K(1106432K), 0.0039382 secs]
33713.899: [GC (Allocation Failure)  426622K->8798K(1093632K), 0.0042735 secs]
33714.325: [GC (Allocation Failure)  413790K->8806K(1081344K), 0.0045016 secs]
33714.734: [GC (Allocation Failure)  401510K->8806K(1069568K), 0.0042403 secs]
33715.132: [GC (Allocation Failure)  389734K->8806K(1058304K), 0.0039949 secs]
33715.519: [GC (Allocation Failure)  378470K->8806K(1132544K), 0.0048540 secs]
33716.003: [GC (Allocation Failure)  452710K->8806K(1221632K), 0.0048482 secs]
33716.554: [GC (Allocation Failure)  541798K->8790K(1203712K), 0.0039795 secs]
33717.084: [GC (Allocation Failure)  523862K->8822K(1186816K), 0.0038226 secs]
33717.599: [GC (Allocation Failure)  506998K->8854K(1170432K), 0.0035808 secs]
33718.095: [GC (Allocation Failure)  490646K->8822K(1155072K), 0.0036043 secs]
33718.578: [GC (Allocation Failure)  475254K->8854K(1140224K), 0.0037679 secs]
33719.045: [GC (Allocation Failure)  460438K->8822K(1125888K), 0.0030556 secs]
33719.496: [GC (Allocation Failure)  446070K->8822K(1112576K), 0.0036072 secs]
33719.936: [GC (Allocation Failure)  432758K->8822K(1099776K), 0.0048245 secs]
33720.366: [GC (Allocation Failure)  419958K->8790K(1087488K), 0.0035903 secs]
33720.801: [GC (Allocation Failure)  407638K->8822K(1075712K), 0.0036725 secs]
33721.227: [GC (Allocation Failure)  395894K->8790K(1064448K), 0.0043535 secs]
33721.624: [GC (Allocation Failure)  384598K->8790K(1053696K), 0.0039800 secs]
33722.004: [GC (Allocation Failure)  373846K->8790K(1043456K), 0.0032047 secs]
33722.376: [GC (Allocation Failure)  363606K->8822K(1033216K), 0.0042616 secs]
33722.737: [GC (Allocation Failure)  353398K->8798K(1023488K), 0.0044705 secs]
33723.089: [GC (Allocation Failure)  343646K->8830K(1090560K), 0.0045437 secs]
33723.511: [GC (Allocation Failure)  410750K->8830K(1170944K), 0.0038112 secs]
33724.010: [GC (Allocation Failure)  491134K->8798K(1155584K), 0.0034662 secs]
33724.494: [GC (Allocation Failure)  475742K->8862K(1140736K), 0.0036470 secs]
33724.962: [GC (Allocation Failure)  460958K->8830K(1126400K), 0.0046035 secs]
33725.419: [GC (Allocation Failure)  446590K->8806K(1113088K), 0.0046895 secs]
33725.860: [GC (Allocation Failure)  433254K->8846K(1100288K), 0.0042206 secs]
33726.305: [GC (Allocation Failure)  420494K->8814K(1088000K), 0.0043479 secs]
33726.722: [GC (Allocation Failure)  408174K->8846K(1076224K), 0.0037209 secs]
33727.125: [GC (Allocation Failure)  396430K->8846K(1064960K), 0.0039628 secs]
33727.517: [GC (Allocation Failure)  385166K->8846K(1054208K), 0.0039579 secs]
33727.901: [GC (Allocation Failure)  374414K->8814K(1043968K), 0.0035804 secs]
33728.270: [GC (Allocation Failure)  364142K->8846K(1033728K), 0.0030879 secs]
33728.629: [GC (Allocation Failure)  353934K->8846K(1024000K), 0.0048666 secs]
33728.980: [GC (Allocation Failure)  344206K->8878K(1014784K), 0.0032690 secs]
33729.318: [GC (Allocation Failure)  335022K->8854K(1006080K), 0.0031213 secs]
33729.648: [GC (Allocation Failure)  326294K->8854K(997376K), 0.0038324 secs]
33729.947: [GC (Allocation Failure)  317590K->8886K(1059328K), 0.0037243 secs]
33730.279: [GC (Allocation Failure)  379574K->8846K(1133568K), 0.0034871 secs]
33730.670: [GC (Allocation Failure)  453774K->8878K(1119744K), 0.0033334 secs]
33731.050: [GC (Allocation Failure)  439982K->8878K(1106432K), 0.1573737 secs]
33731.574: [GC (Allocation Failure)  426670K->8878K(1093632K), 0.0039009 secs]
33731.932: [GC (Allocation Failure)  413870K->8878K(1081344K), 0.0036553 secs]
33732.281: [GC (Allocation Failure)  401582K->8910K(1069568K), 0.0037683 secs]
33732.617: [GC (Allocation Failure)  389838K->8910K(1058304K), 0.0026657 secs]
33732.954: [GC (Allocation Failure)  378574K->8846K(1047552K), 0.0034575 secs]
33733.274: [GC (Allocation Failure)  367758K->8878K(1037312K), 0.0034589 secs]
33733.586: [GC (Allocation Failure)  357550K->8878K(1027584K), 0.0033954 secs]
33733.888: [GC (Allocation Failure)  347822K->8846K(1095680K), 0.0040094 secs]
33734.250: [GC (Allocation Failure)  415886K->8910K(1177088K), 0.0042216 secs]
33734.683: [GC (Allocation Failure)  497358K->8878K(1274880K), 0.0041418 secs]
33735.197: [GC (Allocation Failure)  595118K->8878K(1254912K), 0.0044214 secs]
33735.697: [GC (Allocation Failure)  575150K->8878K(1235968K), 0.0043685 secs]
33736.176: [GC (Allocation Failure)  556206K->8846K(1217536K), 0.0041237 secs]
33736.665: [GC (Allocation Failure)  537742K->8878K(1200128K), 0.0046419 secs]
33737.117: [GC (Allocation Failure)  520366K->8846K(1183232K), 0.0046912 secs]
33737.556: [GC (Allocation Failure)  503438K->8878K(1167360K), 0.0047338 secs]
33737.979: [GC (Allocation Failure)  487598K->8878K(1152000K), 0.0038974 secs]
33738.389: [GC (Allocation Failure)  472238K->8878K(1137152K), 0.0037714 secs]
33738.782: [GC (Allocation Failure)  457390K->8878K(1123328K), 0.0036123 secs]
33739.165: [GC (Allocation Failure)  443566K->8846K(1210368K), 0.0049305 secs]
33739.622: [GC (Allocation Failure)  530574K->8910K(1192960K), 0.0032764 secs]
33740.064: [GC (Allocation Failure)  513230K->8878K(1293824K), 0.0056316 secs]
33740.596: [GC (Allocation Failure)  614062K->8878K(1272832K), 0.0053505 secs]
33741.115: [GC (Allocation Failure)  593070K->8878K(1390080K), 0.0061304 secs]
33741.736: [GC (Allocation Failure)  710318K->8910K(1364480K), 0.0047745 secs]
33742.355: [GC (Allocation Failure)  684750K->8878K(1340416K), 0.0045007 secs]
33742.925: [GC (Allocation Failure)  660654K->8910K(1317376K), 0.0035309 secs]
33743.475: [GC (Allocation Failure)  637646K->8846K(1295360K), 0.0038838 secs]
33744.008: [GC (Allocation Failure)  615566K->8846K(1416704K), 0.0108800 secs]
33744.650: [GC (Allocation Failure)  736910K->8878K(1390080K), 0.0034126 secs]
33745.268: [GC (Allocation Failure)  710318K->8846K(1364480K), 0.0038184 secs]
33745.860: [GC (Allocation Failure)  684686K->8878K(1340416K), 0.0035771 secs]
33746.433: [GC (Allocation Failure)  660654K->8942K(1317376K), 0.0037551 secs]
33746.984: [GC (Allocation Failure)  637678K->8878K(1295360K), 0.2487243 secs]
33747.763: [GC (Allocation Failure)  615598K->8878K(1274368K), 0.0048499 secs]
33748.279: [GC (Allocation Failure)  594606K->8878K(1254400K), 0.0048231 secs]
33748.776: [GC (Allocation Failure)  574638K->8846K(1235456K), 0.0045745 secs]
33749.255: [GC (Allocation Failure)  555662K->8846K(1217024K), 0.0045215 secs]
33749.715: [GC (Allocation Failure)  537230K->8910K(1199616K), 0.0040303 secs]
33750.165: [GC (Allocation Failure)  519886K->8878K(1182720K), 0.0039106 secs]
33750.597: [GC (Allocation Failure)  502958K->8878K(1166848K), 0.0037055 secs]
33751.017: [GC (Allocation Failure)  487086K->8846K(1151488K), 0.0045842 secs]
33751.427: [GC (Allocation Failure)  471694K->8878K(1136640K), 0.0037163 secs]
33751.819: [GC (Allocation Failure)  456878K->8878K(1226240K), 0.0056042 secs]
33752.296: [GC (Allocation Failure)  546478K->8878K(1208320K), 0.0037666 secs]
33752.808: [GC (Allocation Failure)  528558K->8878K(1191424K), 0.0032362 secs]
33753.249: [GC (Allocation Failure)  511662K->8910K(1175040K), 0.0035057 secs]
33753.673: [GC (Allocation Failure)  495310K->8878K(1159168K), 0.0030262 secs]
33754.082: [GC (Allocation Failure)  479406K->8846K(1144320K), 0.0047059 secs]
33754.483: [GC (Allocation Failure)  464526K->8878K(1129984K), 0.0039585 secs]
33754.868: [GC (Allocation Failure)  450222K->8910K(1116160K), 0.0037978 secs]
33755.245: [GC (Allocation Failure)  436430K->8846K(1102848K), 0.0030761 secs]
33755.610: [GC (Allocation Failure)  423054K->8910K(1090560K), 0.0037396 secs]
33755.964: [GC (Allocation Failure)  410830K->8878K(1078784K), 0.0039646 secs]
33756.310: [GC (Allocation Failure)  399022K->8878K(1157120K), 0.0046544 secs]
33756.721: [GC (Allocation Failure)  477358K->8878K(1142272K), 0.0032820 secs]
33757.118: [GC (Allocation Failure)  462510K->8878K(1233408K), 0.0045002 secs]
33757.592: [GC (Allocation Failure)  553646K->8846K(1214976K), 0.0042466 secs]
33758.255: [GC (Allocation Failure)  535182K->8878K(1197568K), 0.0043101 secs]
33758.702: [GC (Allocation Failure)  517806K->8910K(1181184K), 0.0035535 secs]
33759.132: [GC (Allocation Failure)  501454K->8878K(1165312K), 0.0038731 secs]
33759.550: [GC (Allocation Failure)  485550K->8878K(1149952K), 0.0043482 secs]
33759.957: [GC (Allocation Failure)  470190K->8846K(1135616K), 0.0031630 secs]
33760.351: [GC (Allocation Failure)  455822K->8878K(1121792K), 0.0042946 secs]
33760.735: [GC (Allocation Failure)  442030K->8878K(1108480K), 0.0048095 secs]
33761.110: [GC (Allocation Failure)  428718K->8846K(1192448K), 0.0052838 secs]
33761.554: [GC (Allocation Failure)  512654K->8846K(1293312K), 0.0042825 secs]
33762.086: [GC (Allocation Failure)  613518K->8878K(1272320K), 0.0043062 secs]
