Java HotSpot(TM) 64-Bit Server VM (25.91-b14) for linux-amd64 JRE (1.8.0_91-b14), built on Apr  1 2016 00:57:21 by "java_re" with gcc 4.3.0 20080428 (Red Hat 4.3.0-8)
Memory: 4k page, physical 10239976k(3861896k free), swap 4192252k(4192252k free)
CommandLine flags: -XX:InitialHeapSize=163839616 -XX:MaxHeapSize=2621433856 -XX:+PrintGC -XX:+PrintGCTimeStamps -XX:+UseCompressedClassPointers -XX:+UseCompressedOops 
0.972: [GC (Allocation Failure)  43136K->9315K(156416K), 0.0289770 secs]
1.543: [GC (Allocation Failure)  52451K->20483K(156416K), 0.0712828 secs]
1.929: [Full GC (System.gc())  44017K->24910K(156416K), 0.0450060 secs]
1.978: [Full GC (System.gc())  24910K->24910K(156544K), 0.0316505 secs]
2.014: [Full GC (System.gc())  24910K->24910K(156544K), 0.0294464 secs]
2.048: [Full GC (System.gc())  24910K->24894K(156544K), 0.0380210 secs]
2.094: [Full GC (System.gc())  24894K->24894K(156544K), 0.0309293 secs]
3.164: [Full GC (System.gc())  43765K->29143K(156544K), 0.0357755 secs]
3.208: [Full GC (System.gc())  29143K->29143K(156544K), 0.0322542 secs]
3.248: [Full GC (System.gc())  29143K->24328K(156544K), 0.0424152 secs]
3.298: [Full GC (System.gc())  24328K->24328K(156544K), 0.0597089 secs]
3.358: [Full GC (System.gc())  24328K->24328K(156544K), 0.0451306 secs]
3.428: [Full GC (System.gc())  25360K->24011K(156544K), 0.0406612 secs]
3.474: [Full GC (System.gc())  24011K->18622K(156544K), 0.0371404 secs]
3.518: [Full GC (System.gc())  18622K->18622K(156544K), 0.0309307 secs]
3.553: [Full GC (System.gc())  18622K->18622K(156544K), 0.0279942 secs]
3.586: [Full GC (System.gc())  18622K->18622K(156544K), 0.0320994 secs]
3.624: [Full GC (System.gc())  19471K->18619K(156544K), 0.0309981 secs]
3.662: [Full GC (System.gc())  18619K->18619K(156544K), 0.0306434 secs]
3.698: [Full GC (System.gc())  18619K->18619K(156544K), 0.0291878 secs]
3.733: [Full GC (System.gc())  18619K->18619K(156544K), 0.0295625 secs]
3.769: [Full GC (System.gc())  18619K->18619K(156544K), 0.0377748 secs]
5.180: [GC (Allocation Failure)  61883K->21731K(156544K), 0.0108758 secs]
5.821: [GC (Allocation Failure)  64995K->24039K(156544K), 0.0125208 secs]
6.351: [GC (Allocation Failure)  67303K->26512K(156544K), 0.0141907 secs]
6.749: [GC (Allocation Failure)  69776K->28578K(156544K), 0.0204036 secs]
7.109: [GC (Allocation Failure)  71842K->31539K(156544K), 0.0166623 secs]
7.554: [GC (Allocation Failure)  74803K->34307K(156544K), 0.0348504 secs]
7.973: [GC (Allocation Failure)  77571K->37011K(156544K), 0.0208726 secs]
8.312: [GC (Allocation Failure)  80275K->41967K(156544K), 0.0342653 secs]
8.606: [GC (Allocation Failure)  85231K->42334K(156544K), 0.0364187 secs]
8.859: [Full GC (System.gc())  61371K->43354K(156544K), 0.2335936 secs]
9.110: [Full GC (System.gc())  43354K->43354K(156544K), 0.1395961 secs]
9.258: [Full GC (System.gc())  43354K->43354K(156544K), 0.0829309 secs]
9.350: [Full GC (System.gc())  44219K->37959K(156544K), 0.0970073 secs]
9.453: [Full GC (System.gc())  37959K->37959K(156544K), 0.1025284 secs]
10.068: [GC (Allocation Failure)  81223K->41896K(156544K), 0.0046583 secs]
