Java HotSpot(TM) 64-Bit Server VM (25.91-b14) for linux-amd64 JRE (1.8.0_91-b14), built on Apr  1 2016 00:57:21 by "java_re" with gcc 4.3.0 20080428 (Red Hat 4.3.0-8)
Memory: 4k page, physical 10239976k(3862160k free), swap 4192252k(4192252k free)
CommandLine flags: -XX:InitialHeapSize=163839616 -XX:MaxHeapSize=2621433856 -XX:+PrintGC -XX:+PrintGCTimeStamps -XX:+UseCompressedClassPointers -XX:+UseCompressedOops 
0.788: [GC (Allocation Failure)  43136K->6893K(156416K), 0.0186087 secs]
1.005: [GC (Allocation Failure)  50029K->13289K(156416K), 0.0284556 secs]
1.201: [GC (Allocation Failure)  56425K->19481K(156416K), 0.0247475 secs]
1.396: [GC (Allocation Failure)  62617K->25871K(156416K), 0.0494615 secs]
1.659: [GC (Allocation Failure)  69007K->32458K(156416K), 0.0324065 secs]
1.857: [GC (Allocation Failure)  75594K->38285K(156416K), 0.0334890 secs]
2.088: [GC (Allocation Failure)  81421K->43876K(156416K), 0.0227187 secs]
2.296: [GC (Allocation Failure)  87012K->49732K(156416K), 0.0160726 secs]
2.477: [GC (Allocation Failure)  92868K->56497K(156416K), 0.0327293 secs]
2.725: [GC (Allocation Failure)  99633K->62755K(156416K), 0.0446024 secs]
2.933: [GC (Allocation Failure)  105891K->68572K(156416K), 0.0252345 secs]
3.194: [GC (Allocation Failure)  111708K->73936K(156416K), 0.0278534 secs]
3.381: [GC (Allocation Failure)  117072K->78705K(156416K), 0.0195158 secs]
3.569: [GC (Allocation Failure)  121841K->84215K(156416K), 0.0303759 secs]
3.755: [GC (Allocation Failure)  127351K->90506K(156416K), 0.0401424 secs]
3.976: [GC (Allocation Failure)  133642K->95918K(156416K), 0.0175903 secs]
4.066: [GC (Allocation Failure)  139054K->101915K(156416K), 0.0208337 secs]
4.153: [GC (Allocation Failure)  145051K->107078K(156416K), 0.0184014 secs]
4.263: [GC (Allocation Failure)  150214K->113193K(156416K), 0.0396374 secs]
4.397: [GC (Allocation Failure)  156329K->118303K(161732K), 0.0165459 secs]
4.413: [Full GC (Allocation Failure)  118303K->116546K(161732K), 0.1608254 secs]
5.025: [GC (Allocation Failure)  188802K->129986K(273692K), 0.0995280 secs]
5.909: [GC (Allocation Failure)  205570K->143553K(273692K), 0.0523732 secs]
6.549: [GC (Allocation Failure)  219137K->156104K(273692K), 0.0923375 secs]
7.395: [GC (Allocation Failure)  231688K->169144K(273692K), 0.0468469 secs]
8.065: [GC (Allocation Failure)  244728K->181562K(273692K), 0.0718549 secs]
8.319: [Full GC (System.gc())  205736K->150820K(273692K), 0.5766782 secs]
8.901: [Full GC (System.gc())  150820K->150820K(364524K), 0.3146799 secs]
9.220: [Full GC (System.gc())  150820K->141600K(364524K), 0.2720597 secs]
9.498: [Full GC (System.gc())  141600K->141600K(364524K), 0.2280785 secs]
9.733: [Full GC (System.gc())  141600K->141600K(364524K), 0.2970248 secs]
11.215: [Full GC (System.gc())  163766K->135108K(364524K), 0.3038446 secs]
11.530: [Full GC (System.gc())  135108K->123076K(364524K), 0.3112516 secs]
11.851: [Full GC (System.gc())  123076K->123076K(364524K), 0.2307063 secs]
12.090: [Full GC (System.gc())  123076K->123076K(364524K), 0.3237655 secs]
12.421: [Full GC (System.gc())  123076K->123076K(364524K), 0.2332903 secs]
12.720: [Full GC (System.gc())  125197K->110071K(364524K), 0.3096041 secs]
13.034: [Full GC (System.gc())  110071K->110071K(364524K), 0.2535660 secs]
13.300: [Full GC (System.gc())  110071K->110071K(364524K), 0.2968086 secs]
13.610: [Full GC (System.gc())  110071K->110071K(364524K), 0.2271027 secs]
13.841: [Full GC (System.gc())  110071K->110071K(364524K), 0.2975680 secs]
14.145: [Full GC (System.gc())  112074K->110072K(364524K), 0.2335368 secs]
14.384: [Full GC (System.gc())  110072K->110072K(364524K), 0.2337832 secs]
14.628: [Full GC (System.gc())  110072K->110072K(364524K), 0.2915059 secs]
14.926: [Full GC (System.gc())  110072K->110068K(364524K), 0.3404458 secs]
15.271: [Full GC (System.gc())  110068K->110068K(364524K), 0.2495965 secs]
17.975: [GC (Allocation Failure)  210676K->114884K(364524K), 0.0154536 secs]
19.482: [GC (Allocation Failure)  215492K->119724K(364524K), 0.0370035 secs]
20.620: [GC (Allocation Failure)  220332K->124248K(364524K), 0.0320710 secs]
21.682: [GC (Allocation Failure)  224856K->129797K(364524K), 0.0455034 secs]
23.010: [GC (Allocation Failure)  230405K->135324K(364524K), 0.0391581 secs]
24.099: [GC (Allocation Failure)  235932K->141247K(364524K), 0.0600535 secs]
25.439: [GC (Allocation Failure)  241855K->147480K(364524K), 0.0489287 secs]
26.501: [GC (Allocation Failure)  248088K->153138K(364524K), 0.0793363 secs]
27.580: [GC (Allocation Failure)  253746K->159441K(364524K), 0.0322984 secs]
28.740: [GC (Allocation Failure)  260049K->165070K(364524K), 0.0866734 secs]
30.220: [GC (Allocation Failure)  265678K->170832K(364524K), 0.0663848 secs]
31.365: [GC (Allocation Failure)  271440K->177666K(364524K), 0.0523463 secs]
32.344: [GC (Allocation Failure)  278274K->183433K(364524K), 0.1188229 secs]
33.516: [GC (Allocation Failure)  284041K->189198K(364524K), 0.0614125 secs]
34.294: [GC (Allocation Failure)  289806K->194017K(364524K), 0.0916995 secs]
35.476: [GC (Allocation Failure)  294625K->200382K(364524K), 0.0441462 secs]
36.454: [GC (Allocation Failure)  300990K->206424K(364524K), 0.1288066 secs]
37.461: [GC (Allocation Failure)  307032K->214979K(364524K), 0.0761417 secs]
38.367: [GC (Allocation Failure)  315587K->220220K(364524K), 0.0496186 secs]
39.608: [GC (Allocation Failure)  320828K->225031K(364524K), 0.0564168 secs]
40.624: [GC (Allocation Failure)  325639K->231746K(364524K), 0.0393442 secs]
41.558: [GC (Allocation Failure)  332354K->236805K(364524K), 0.0661153 secs]
43.039: [GC (Allocation Failure)  337413K->245492K(364524K), 0.0557320 secs]
43.909: [GC (Allocation Failure)  346100K->246967K(364524K), 0.0459551 secs]
45.297: [GC (Allocation Failure)  347575K->251493K(364524K), 0.0709789 secs]
46.636: [GC (Allocation Failure)  352101K->258025K(364524K), 0.0339072 secs]
47.865: [GC (Allocation Failure)  358633K->263893K(371052K), 0.0529417 secs]
47.918: [Full GC (Allocation Failure)  263893K->241117K(371052K), 0.5708392 secs]
50.410: [GC (Allocation Failure)  401885K->256311K(582728K), 0.0783113 secs]
51.856: [GC (Allocation Failure)  417079K->270273K(582728K), 0.0741767 secs]
53.293: [GC (Allocation Failure)  431041K->282174K(582728K), 0.1603567 secs]
54.861: [GC (Allocation Failure)  442942K->289610K(582728K), 0.1220810 secs]
56.685: [GC (Allocation Failure)  450378K->312014K(582728K), 0.1166995 secs]
58.348: [GC (Allocation Failure)  472782K->321214K(582728K), 0.0851669 secs]
60.229: [GC (Allocation Failure)  481982K->330654K(582728K), 0.0547208 secs]
62.085: [GC (Allocation Failure)  491422K->340900K(582728K), 0.1474599 secs]
63.860: [GC (Allocation Failure)  501668K->351840K(582728K), 0.0751154 secs]
65.326: [GC (Allocation Failure)  512608K->366890K(582728K), 0.1600206 secs]
66.799: [GC (Allocation Failure)  527658K->380255K(582728K), 0.0945850 secs]
68.338: [GC (Allocation Failure)  541023K->389045K(582728K), 0.1097905 secs]
69.944: [GC (Allocation Failure)  549813K->398076K(582728K), 0.1009149 secs]
71.735: [GC (Allocation Failure)  558844K->409322K(582728K), 0.0988132 secs]
73.630: [GC (Allocation Failure)  570090K->423989K(590024K), 0.1763461 secs]
73.807: [Full GC (Allocation Failure)  423989K->361516K(590024K), 1.1178928 secs]
76.614: [GC (Allocation Failure)  602668K->400279K(873764K), 0.1451859 secs]
78.409: [GC (Allocation Failure)  641431K->461124K(873764K), 0.1348339 secs]
80.841: [GC (Allocation Failure)  702276K->478406K(873764K), 0.0835659 secs]
82.930: [GC (Allocation Failure)  719558K->516946K(873764K), 0.0979722 secs]
84.681: [GC (Allocation Failure)  758098K->544289K(873764K), 0.2117100 secs]
86.198: [GC (Allocation Failure)  785441K->600171K(873764K), 0.1291153 secs]
88.294: [GC (Allocation Failure)  841323K->635877K(877220K), 0.1704177 secs]
88.465: [Full GC (Allocation Failure)  635877K->432997K(877220K), 1.3200765 secs]
92.257: [GC (Allocation Failure)  721828K->453130K(1046528K), 0.0721422 secs]
93.980: [GC (Allocation Failure)  741962K->533702K(1046528K), 0.1733533 secs]
96.074: [GC (Allocation Failure)  822534K->616474K(1046528K), 0.1513033 secs]
98.917: [GC (Allocation Failure)  905306K->674668K(1046528K), 0.1218753 secs]
100.950: [GC (Allocation Failure)  963500K->744222K(1046528K), 0.1107848 secs]
102.712: [GC (Allocation Failure)  1033054K->803957K(1092800K), 0.1138022 secs]
102.825: [Full GC (Allocation Failure)  803957K->557005K(1092800K), 1.3346618 secs]
104.747: [Full GC (System.gc())  698156K->581017K(1346136K), 1.2635497 secs]
106.011: [Full GC (System.gc())  581017K->581017K(1404204K), 1.1800349 secs]
107.191: [Full GC (System.gc())  581017K->534712K(1404204K), 1.4296322 secs]
108.621: [Full GC (System.gc())  534712K->534712K(1404204K), 1.4025646 secs]
110.024: [Full GC (System.gc())  534712K->534712K(1404204K), 1.2121581 secs]
112.962: [GC (Allocation Failure)  922168K->545582K(1404204K), 0.0817128 secs]
