Java HotSpot(TM) 64-Bit Server VM (25.74-b02) for linux-amd64 JRE (1.8.0_74-b02), built on Jan 29 2016 19:20:56 by "java_re" with gcc 4.3.0 20080428 (Red Hat 4.3.0-8)
Memory: 4k page, physical 65960280k(4515920k free), swap 32767996k(32756512k free)
CommandLine flags: -XX:InitialHeapSize=1055364480 -XX:MaxHeapSize=16885831680 -XX:+PrintGC -XX:+PrintGCTimeStamps -XX:+UseCompressedClassPointers -XX:+UseCompressedOops -XX:+UseParallelGC 
0.871: [GC (Allocation Failure)  258048K->14621K(989184K), 0.0266198 secs]
1.890: [GC (Allocation Failure)  272669K->9919K(1247232K), 0.0208246 secs]
22066.735: [GC (Allocation Failure)  526015K->8970K(1247232K), 0.0181597 secs]
22067.279: [GC (Allocation Failure)  525066K->8674K(1763328K), 0.0117486 secs]
22068.728: [GC (Allocation Failure)  1040866K->8698K(1763328K), 0.0160748 secs]
22069.745: [GC (Allocation Failure)  1040890K->8626K(2766848K), 0.0142988 secs]
22072.504: [GC (Allocation Failure)  2073010K->9014K(2767360K), 0.0275297 secs]
22074.542: [GC (Allocation Failure)  2073398K->8946K(2661376K), 0.0055779 secs]
22076.477: [GC (Allocation Failure)  1981682K->8690K(2574336K), 0.0035168 secs]
22078.327: [GC (Allocation Failure)  1894386K->8626K(2491904K), 0.0042115 secs]
22080.096: [GC (Allocation Failure)  1811890K->8658K(2429952K), 0.0040824 secs]
22081.783: [GC (Allocation Failure)  1733074K->8690K(2338304K), 0.0039271 secs]
22083.396: [GC (Allocation Failure)  1658354K->8626K(2283520K), 0.0035866 secs]
22084.960: [GC (Allocation Failure)  1587122K->8658K(2199552K), 0.0035354 secs]
22086.442: [GC (Allocation Failure)  1519570K->8626K(2150912K), 0.0034249 secs]
22087.862: [GC (Allocation Failure)  1455026K->8690K(2074112K), 0.0028027 secs]
22089.218: [GC (Allocation Failure)  1394162K->8626K(2030592K), 0.0035622 secs]
22090.519: [GC (Allocation Failure)  1335730K->8690K(1960448K), 0.0034738 secs]
22091.764: [GC (Allocation Failure)  1280498K->8658K(1921024K), 0.0033209 secs]
22092.956: [GC (Allocation Failure)  1227730K->8626K(1857536K), 0.0034489 secs]
22094.100: [GC (Allocation Failure)  1177522K->8626K(1822208K), 0.0032367 secs]
22095.196: [GC (Allocation Failure)  1129906K->8722K(1764352K), 0.0032736 secs]
22096.246: [GC (Allocation Failure)  1084434K->8626K(1732096K), 0.0027038 secs]
22097.250: [GC (Allocation Failure)  1041330K->8626K(1680384K), 0.0035315 secs]
22098.218: [GC (Allocation Failure)  1000370K->8690K(1651200K), 0.0029897 secs]
22099.141: [GC (Allocation Failure)  961522K->8690K(1604096K), 0.0033333 secs]
22100.029: [GC (Allocation Failure)  924146K->8690K(1576960K), 0.0027536 secs]
22100.884: [GC (Allocation Failure)  888818K->8658K(1534976K), 0.0055105 secs]
22101.713: [GC (Allocation Failure)  854994K->8626K(1509888K), 0.0043908 secs]
22102.510: [GC (Allocation Failure)  822706K->8642K(1472000K), 0.0033838 secs]
22103.272: [GC (Allocation Failure)  792002K->8610K(1448960K), 0.0044182 secs]
22104.005: [GC (Allocation Failure)  762786K->8674K(1415168K), 0.0036404 secs]
22104.710: [GC (Allocation Failure)  735202K->8674K(1394176K), 0.0031223 secs]
22105.387: [GC (Allocation Failure)  708578K->8642K(1363456K), 0.0045171 secs]
22106.054: [GC (Allocation Failure)  683458K->8642K(1344000K), 0.0034024 secs]
22106.721: [GC (Allocation Failure)  659394K->8642K(1316352K), 0.0039813 secs]
22107.341: [GC (Allocation Failure)  636354K->8738K(1298432K), 0.0030624 secs]
22107.937: [GC (Allocation Failure)  614434K->8642K(1273344K), 0.0033452 secs]
22108.511: [GC (Allocation Failure)  593346K->8642K(1256960K), 0.0031048 secs]
22109.066: [GC (Allocation Failure)  573378K->8674K(1234432K), 0.0035515 secs]
22109.604: [GC (Allocation Failure)  554466K->8674K(1219072K), 0.0032185 secs]
22110.126: [GC (Allocation Failure)  536034K->8642K(1198592K), 0.0032183 secs]
22110.629: [GC (Allocation Failure)  518594K->8674K(1184256K), 0.0034521 secs]
22111.117: [GC (Allocation Failure)  501730K->8706K(1165824K), 0.0030764 secs]
22111.616: [GC (Allocation Failure)  485890K->8674K(1152512K), 0.0032043 secs]
22112.076: [GC (Allocation Failure)  470498K->8642K(1136128K), 0.0033624 secs]
22112.519: [GC (Allocation Failure)  456130K->8706K(1123840K), 0.0032971 secs]
22112.950: [GC (Allocation Failure)  442370K->8642K(1108992K), 0.0031849 secs]
22113.366: [GC (Allocation Failure)  428994K->8674K(1097728K), 0.0037474 secs]
22113.772: [GC (Allocation Failure)  416226K->8642K(1083904K), 0.0031339 secs]
22114.165: [GC (Allocation Failure)  403906K->8642K(1073152K), 0.0033232 secs]
22114.548: [GC (Allocation Failure)  392130K->8674K(1060864K), 0.0036354 secs]
22114.919: [GC (Allocation Failure)  380898K->8642K(1051136K), 0.0030726 secs]
22115.281: [GC (Allocation Failure)  370114K->8642K(1039872K), 0.0034143 secs]
22115.632: [GC (Allocation Failure)  359874K->8674K(1030656K), 0.0031822 secs]
22115.974: [GC (Allocation Failure)  350178K->8674K(1020928K), 0.0031894 secs]
22116.309: [GC (Allocation Failure)  340962K->8642K(1088000K), 0.0071801 secs]
22116.728: [GC (Allocation Failure)  407490K->8674K(1167360K), 0.0033739 secs]
22117.202: [GC (Allocation Failure)  487394K->8642K(1152512K), 0.0031632 secs]
22117.659: [GC (Allocation Failure)  472002K->8642K(1137152K), 0.0034586 secs]
22118.103: [GC (Allocation Failure)  457154K->8706K(1123840K), 0.0027785 secs]
22118.534: [GC (Allocation Failure)  443394K->8674K(1110016K), 0.0033828 secs]
22118.951: [GC (Allocation Failure)  430050K->8706K(1097728K), 0.0030893 secs]
22119.354: [GC (Allocation Failure)  417282K->8642K(1084928K), 0.0035911 secs]
22119.748: [GC (Allocation Failure)  404930K->8674K(1073152K), 0.0028729 secs]
22120.129: [GC (Allocation Failure)  393186K->8642K(1061888K), 0.0030023 secs]
22120.500: [GC (Allocation Failure)  381890K->8674K(1051136K), 0.0036317 secs]
22120.862: [GC (Allocation Failure)  371170K->8674K(1040896K), 0.0032918 secs]
22121.213: [GC (Allocation Failure)  360930K->8674K(1031168K), 0.0046001 secs]
22121.558: [GC (Allocation Failure)  351202K->8642K(1021440K), 0.0034003 secs]
22121.921: [GC (Allocation Failure)  341442K->8674K(1012224K), 0.0042237 secs]
22122.245: [GC (Allocation Failure)  332258K->8674K(1077248K), 0.0035088 secs]
22122.632: [GC (Allocation Failure)  397282K->8706K(1065984K), 0.0032816 secs]
22123.006: [GC (Allocation Failure)  386050K->8642K(1055232K), 0.0034133 secs]
22123.372: [GC (Allocation Failure)  375234K->8674K(1128960K), 0.0045439 secs]
22123.807: [GC (Allocation Failure)  448994K->8642K(1115136K), 0.0034446 secs]
22124.229: [GC (Allocation Failure)  435138K->8674K(1102336K), 0.0029882 secs]
22124.639: [GC (Allocation Failure)  422370K->8642K(1090048K), 0.0040502 secs]
22125.040: [GC (Allocation Failure)  410050K->8706K(1078272K), 0.0031282 secs]
22125.426: [GC (Allocation Failure)  398338K->8706K(1067008K), 0.0034763 secs]
22125.802: [GC (Allocation Failure)  387074K->8610K(1056256K), 0.0032265 secs]
22126.168: [GC (Allocation Failure)  376226K->8706K(1045504K), 0.0032388 secs]
22126.523: [GC (Allocation Failure)  365570K->8674K(1035264K), 0.0032303 secs]
22126.868: [GC (Allocation Failure)  355298K->8706K(1025536K), 0.0030827 secs]
22127.205: [GC (Allocation Failure)  345602K->8674K(1016320K), 0.0037217 secs]
22127.534: [GC (Allocation Failure)  336354K->8610K(1007616K), 0.0038615 secs]
22127.854: [GC (Allocation Failure)  327586K->8706K(998912K), 0.0033077 secs]
22128.165: [GC (Allocation Failure)  318978K->8642K(1061376K), 0.0034370 secs]
22128.536: [GC (Allocation Failure)  381378K->8642K(1050624K), 0.0032351 secs]
22128.896: [GC (Allocation Failure)  370626K->8642K(1040384K), 0.0035800 secs]
22129.247: [GC (Allocation Failure)  360386K->8674K(1030656K), 0.0032240 secs]
22129.590: [GC (Allocation Failure)  350690K->8642K(1020928K), 0.0038507 secs]
22129.926: [GC (Allocation Failure)  340930K->8642K(1087488K), 0.0036943 secs]
22130.322: [GC (Allocation Failure)  407490K->8674K(1075712K), 0.0035745 secs]
22130.707: [GC (Allocation Failure)  395746K->8674K(1064448K), 0.0032947 secs]
22131.079: [GC (Allocation Failure)  384482K->8642K(1053696K), 0.0031395 secs]
22131.442: [GC (Allocation Failure)  373698K->8642K(1043456K), 0.0031498 secs]
22131.795: [GC (Allocation Failure)  363458K->8674K(1033216K), 0.0034674 secs]
22132.139: [GC (Allocation Failure)  353250K->8642K(1023488K), 0.0033239 secs]
22132.555: [GC (Allocation Failure)  343490K->8674K(1014272K), 0.0033827 secs]
22132.880: [GC (Allocation Failure)  334306K->8706K(1005568K), 0.0031981 secs]
22133.198: [GC (Allocation Failure)  325634K->8610K(996864K), 0.0030253 secs]
22133.506: [GC (Allocation Failure)  316834K->8642K(988672K), 0.0037486 secs]
22133.808: [GC (Allocation Failure)  308674K->8642K(980992K), 0.0031432 secs]
22134.101: [GC (Allocation Failure)  300994K->8674K(973312K), 0.0028846 secs]
22134.388: [GC (Allocation Failure)  293346K->8642K(1030656K), 0.0031415 secs]
22134.730: [GC (Allocation Failure)  350658K->8706K(1020928K), 0.0032158 secs]
22135.064: [GC (Allocation Failure)  340994K->8674K(1011712K), 0.0032769 secs]
22135.388: [GC (Allocation Failure)  331746K->8674K(1003008K), 0.0028897 secs]
22135.703: [GC (Allocation Failure)  323042K->8674K(994816K), 0.0031022 secs]
22136.009: [GC (Allocation Failure)  314850K->8674K(986624K), 0.0035961 secs]
22136.309: [GC (Allocation Failure)  306658K->8706K(1046528K), 0.0034728 secs]
22136.665: [GC (Allocation Failure)  366594K->8674K(1036288K), 0.0027969 secs]
22137.011: [GC (Allocation Failure)  356322K->8706K(1026560K), 0.0028119 secs]
22137.351: [GC (Allocation Failure)  346626K->8642K(1017344K), 0.0032700 secs]
22137.708: [GC (Allocation Failure)  337346K->8674K(1008640K), 0.0039252 secs]
22138.029: [GC (Allocation Failure)  328674K->8642K(999936K), 0.0034722 secs]
22138.341: [GC (Allocation Failure)  319938K->8674K(991744K), 0.0032984 secs]
22138.647: [GC (Allocation Failure)  311778K->8642K(1052672K), 0.0034325 secs]
22139.010: [GC (Allocation Failure)  372674K->8642K(1125888K), 0.0036597 secs]
22139.444: [GC (Allocation Failure)  445890K->8642K(1112576K), 0.0033088 secs]
22139.868: [GC (Allocation Failure)  432578K->8642K(1099776K), 0.0030807 secs]
22140.279: [GC (Allocation Failure)  419778K->8674K(1087488K), 0.0034958 secs]
22140.678: [GC (Allocation Failure)  407522K->8674K(1075712K), 0.0031623 secs]
22141.067: [GC (Allocation Failure)  395746K->8674K(1064448K), 0.0034203 secs]
22141.443: [GC (Allocation Failure)  384482K->8642K(1053696K), 0.0034954 secs]
22141.810: [GC (Allocation Failure)  373698K->8674K(1043456K), 0.0032256 secs]
22142.168: [GC (Allocation Failure)  363490K->8706K(1033216K), 0.0036780 secs]
22142.516: [GC (Allocation Failure)  353282K->8706K(1023488K), 0.0036503 secs]
22142.872: [GC (Allocation Failure)  343554K->8682K(1014272K), 0.0036256 secs]
22143.198: [GC (Allocation Failure)  334314K->8650K(1005568K), 0.0032031 secs]
22143.515: [GC (Allocation Failure)  325578K->8682K(996864K), 0.0033817 secs]
22143.825: [GC (Allocation Failure)  316906K->8650K(988672K), 0.0031419 secs]
22144.126: [GC (Allocation Failure)  308682K->8650K(1049088K), 0.0040325 secs]
22144.488: [GC (Allocation Failure)  369098K->8682K(1121280K), 0.0034892 secs]
22144.916: [GC (Allocation Failure)  441322K->8682K(1207808K), 0.0045691 secs]
22145.429: [GC (Allocation Failure)  527850K->8714K(1190912K), 0.0039083 secs]
22145.921: [GC (Allocation Failure)  510986K->8650K(1174528K), 0.0039468 secs]
22146.398: [GC (Allocation Failure)  494538K->8650K(1159168K), 0.0029225 secs]
22146.862: [GC (Allocation Failure)  479178K->8714K(1144320K), 0.0029022 secs]
22147.309: [GC (Allocation Failure)  464394K->8714K(1129984K), 0.0035839 secs]
22147.744: [GC (Allocation Failure)  450058K->8714K(1116160K), 0.0029380 secs]
22148.195: [GC (Allocation Failure)  436234K->8618K(1102848K), 0.0046829 secs]
22148.611: [GC (Allocation Failure)  422826K->8682K(1090560K), 0.0032980 secs]
22149.010: [GC (Allocation Failure)  410602K->8714K(1078784K), 0.0040414 secs]
22149.397: [GC (Allocation Failure)  398858K->8682K(1067520K), 0.0035195 secs]
22149.772: [GC (Allocation Failure)  387562K->8650K(1056256K), 0.0040523 secs]
22150.141: [GC (Allocation Failure)  376266K->8682K(1129984K), 0.0051464 secs]
22150.582: [GC (Allocation Failure)  450026K->8650K(1116160K), 0.0036500 secs]
22151.005: [GC (Allocation Failure)  436170K->8682K(1201664K), 0.0046955 secs]
22151.515: [GC (Allocation Failure)  521706K->8618K(1184768K), 0.0037022 secs]
22152.003: [GC (Allocation Failure)  504746K->8682K(1168896K), 0.0044478 secs]
22152.478: [GC (Allocation Failure)  488938K->8682K(1153536K), 0.0035137 secs]
22152.937: [GC (Allocation Failure)  473578K->8650K(1138688K), 0.0038481 secs]
22153.382: [GC (Allocation Failure)  458698K->8682K(1124864K), 0.0046086 secs]
22153.813: [GC (Allocation Failure)  444906K->8650K(1111552K), 0.0038514 secs]
22154.231: [GC (Allocation Failure)  431562K->8650K(1098752K), 0.0040506 secs]
22154.643: [GC (Allocation Failure)  418762K->8682K(1086464K), 0.0036723 secs]
22155.039: [GC (Allocation Failure)  406506K->8682K(1074688K), 0.0035901 secs]
22155.423: [GC (Allocation Failure)  394730K->8682K(1063424K), 0.0038319 secs]
22155.796: [GC (Allocation Failure)  383466K->8682K(1052672K), 0.0040885 secs]
22156.159: [GC (Allocation Failure)  372714K->8714K(1042432K), 0.0036177 secs]
22156.512: [GC (Allocation Failure)  362506K->8682K(1113600K), 0.0053437 secs]
22156.939: [GC (Allocation Failure)  433642K->8682K(1198592K), 0.0035838 secs]
22157.440: [GC (Allocation Failure)  518634K->8682K(1181696K), 0.0034654 secs]
22157.927: [GC (Allocation Failure)  501738K->8682K(1165824K), 0.0029460 secs]
22158.394: [GC (Allocation Failure)  485866K->8682K(1150464K), 0.0033224 secs]
22158.885: [GC (Allocation Failure)  470506K->8650K(1136128K), 0.0039147 secs]
22159.328: [GC (Allocation Failure)  456138K->8682K(1122304K), 0.0035335 secs]
22159.759: [GC (Allocation Failure)  442346K->8682K(1108992K), 0.0033090 secs]
22160.176: [GC (Allocation Failure)  429034K->8650K(1096192K), 0.0033810 secs]
22160.579: [GC (Allocation Failure)  416202K->8682K(1083904K), 0.0037870 secs]
22160.973: [GC (Allocation Failure)  403946K->8714K(1072128K), 0.0035167 secs]
22161.357: [GC (Allocation Failure)  392202K->8650K(1060864K), 0.0032189 secs]
22161.727: [GC (Allocation Failure)  380874K->8714K(1050112K), 0.0041160 secs]
22162.093: [GC (Allocation Failure)  370186K->8682K(1039872K), 0.0042461 secs]
22162.450: [GC (Allocation Failure)  359914K->8682K(1030144K), 0.0030618 secs]
22162.793: [GC (Allocation Failure)  350186K->8682K(1020928K), 0.0031062 secs]
22163.126: [GC (Allocation Failure)  340970K->8682K(1011712K), 0.0037619 secs]
22163.452: [GC (Allocation Failure)  331754K->8714K(1003008K), 0.0035981 secs]
22163.796: [GC (Allocation Failure)  323082K->8650K(1065984K), 0.0038146 secs]
22164.173: [GC (Allocation Failure)  385994K->8714K(1141760K), 0.0044072 secs]
22164.624: [GC (Allocation Failure)  461834K->8714K(1127424K), 0.0036559 secs]
22165.060: [GC (Allocation Failure)  447498K->8682K(1114112K), 0.0035373 secs]
22165.484: [GC (Allocation Failure)  434154K->8650K(1101312K), 0.0033197 secs]
22165.893: [GC (Allocation Failure)  421322K->8682K(1089024K), 0.0030838 secs]
22166.292: [GC (Allocation Failure)  409066K->8682K(1077248K), 0.0030077 secs]
22166.681: [GC (Allocation Failure)  397290K->8682K(1065984K), 0.0029945 secs]
22167.058: [GC (Allocation Failure)  386026K->8714K(1055232K), 0.0034671 secs]
22167.424: [GC (Allocation Failure)  375306K->8682K(1044480K), 0.0029439 secs]
22167.780: [GC (Allocation Failure)  364522K->8714K(1034240K), 0.0027526 secs]
22168.127: [GC (Allocation Failure)  354314K->8650K(1024512K), 0.0037965 secs]
22168.465: [GC (Allocation Failure)  344522K->8650K(1015296K), 0.0032210 secs]
22168.827: [GC (Allocation Failure)  335306K->8650K(1006592K), 0.0031366 secs]
22169.146: [GC (Allocation Failure)  326602K->8682K(997888K), 0.0034041 secs]
22169.458: [GC (Allocation Failure)  317930K->8714K(989696K), 0.0028892 secs]
22169.761: [GC (Allocation Failure)  309770K->8714K(982016K), 0.0036039 secs]
22170.059: [GC (Allocation Failure)  302090K->8714K(974336K), 0.0027635 secs]
22170.350: [GC (Allocation Failure)  294410K->8682K(967168K), 0.0033265 secs]
22170.633: [GC (Allocation Failure)  287210K->8650K(1022976K), 0.0030391 secs]
22170.969: [GC (Allocation Failure)  342986K->8650K(1013760K), 0.0032979 secs]
22171.297: [GC (Allocation Failure)  333770K->8714K(1005056K), 0.0030401 secs]
22171.619: [GC (Allocation Failure)  325130K->8650K(996352K), 0.0034808 secs]
22171.932: [GC (Allocation Failure)  316362K->8650K(1058304K), 0.0037279 secs]
22172.302: [GC (Allocation Failure)  378314K->8714K(1132544K), 0.0041132 secs]
22172.750: [GC (Allocation Failure)  452618K->8650K(1221632K), 0.0044970 secs]
22173.283: [GC (Allocation Failure)  541642K->8682K(1203712K), 0.0037906 secs]
22173.794: [GC (Allocation Failure)  523754K->8714K(1186816K), 0.0030424 secs]
22174.287: [GC (Allocation Failure)  506890K->8682K(1170432K), 0.0038142 secs]
22174.770: [GC (Allocation Failure)  490474K->8682K(1155072K), 0.0035820 secs]
22175.235: [GC (Allocation Failure)  475114K->8682K(1140224K), 0.0036521 secs]
22175.685: [GC (Allocation Failure)  460266K->8650K(1125888K), 0.0038164 secs]
22176.122: [GC (Allocation Failure)  445898K->8682K(1112576K), 0.0045672 secs]
22176.546: [GC (Allocation Failure)  432618K->8714K(1099776K), 0.0047163 secs]
22176.958: [GC (Allocation Failure)  419850K->8682K(1087488K), 0.0033122 secs]
22177.353: [GC (Allocation Failure)  407530K->8682K(1075712K), 0.0040187 secs]
22177.740: [GC (Allocation Failure)  395754K->8714K(1064448K), 0.0032709 secs]
22178.115: [GC (Allocation Failure)  384522K->8714K(1053696K), 0.0039664 secs]
22178.482: [GC (Allocation Failure)  373770K->8682K(1043456K), 0.0036787 secs]
22178.839: [GC (Allocation Failure)  363498K->8650K(1033216K), 0.0038997 secs]
22179.199: [GC (Allocation Failure)  353226K->8650K(1023488K), 0.0036813 secs]
22179.537: [GC (Allocation Failure)  343498K->8714K(1014272K), 0.0030831 secs]
22179.865: [GC (Allocation Failure)  334346K->8650K(1079808K), 0.0039049 secs]
22180.258: [GC (Allocation Failure)  399818K->8682K(1068032K), 0.0035613 secs]
22180.638: [GC (Allocation Failure)  388074K->8682K(1056768K), 0.0040520 secs]
22181.008: [GC (Allocation Failure)  376810K->8682K(1130496K), 0.0040055 secs]
22181.449: [GC (Allocation Failure)  450538K->8682K(1116672K), 0.0028019 secs]
22181.875: [GC (Allocation Failure)  436714K->8682K(1103360K), 0.0031714 secs]
22182.288: [GC (Allocation Failure)  423402K->8682K(1091072K), 0.0030491 secs]
22182.690: [GC (Allocation Failure)  411114K->8682K(1079296K), 0.0035206 secs]
22183.080: [GC (Allocation Failure)  399338K->8682K(1068032K), 0.0027194 secs]
22183.460: [GC (Allocation Failure)  388074K->8714K(1056768K), 0.0034519 secs]
22183.831: [GC (Allocation Failure)  376842K->8714K(1046016K), 0.0033774 secs]
22184.190: [GC (Allocation Failure)  366090K->8618K(1035776K), 0.0030501 secs]
22184.568: [GC (Allocation Failure)  355754K->8682K(1026048K), 0.0033707 secs]
22184.907: [GC (Allocation Failure)  346090K->8650K(1016832K), 0.0035438 secs]
22185.237: [GC (Allocation Failure)  336842K->8682K(1008128K), 0.0036051 secs]
22185.559: [GC (Allocation Failure)  328170K->8682K(999424K), 0.0032021 secs]
22185.873: [GC (Allocation Failure)  319466K->8650K(991232K), 0.0035079 secs]
22186.179: [GC (Allocation Failure)  311242K->8682K(1052160K), 0.0036456 secs]
22186.543: [GC (Allocation Failure)  372202K->8650K(1041920K), 0.0033441 secs]
22186.897: [GC (Allocation Failure)  361930K->8682K(1032192K), 0.0033295 secs]
22187.242: [GC (Allocation Failure)  352234K->8650K(1101312K), 0.0046931 secs]
22187.658: [GC (Allocation Failure)  421322K->8650K(1089024K), 0.0029718 secs]
22188.057: [GC (Allocation Failure)  409034K->8650K(1077248K), 0.0032089 secs]
22188.443: [GC (Allocation Failure)  397258K->8714K(1065984K), 0.0036243 secs]
22188.821: [GC (Allocation Failure)  386058K->8714K(1055232K), 0.0032651 secs]
22189.187: [GC (Allocation Failure)  375306K->8714K(1044480K), 0.0028014 secs]
22189.545: [GC (Allocation Failure)  364554K->8682K(1034240K), 0.0028685 secs]
22189.929: [GC (Allocation Failure)  354282K->8682K(1024512K), 0.0034815 secs]
22190.266: [GC (Allocation Failure)  344554K->8650K(1015296K), 0.0030884 secs]
22190.595: [GC (Allocation Failure)  335306K->8650K(1006592K), 0.0041793 secs]
22190.915: [GC (Allocation Failure)  326602K->8650K(1070592K), 0.0037708 secs]
22191.297: [GC (Allocation Failure)  390602K->8682K(1147392K), 0.0049456 secs]
22191.758: [GC (Allocation Failure)  467434K->8714K(1133056K), 0.0028975 secs]
22192.198: [GC (Allocation Failure)  453130K->8714K(1119232K), 0.0034437 secs]
22192.628: [GC (Allocation Failure)  439306K->8714K(1105920K), 0.0054163 secs]
22193.050: [GC (Allocation Failure)  425994K->8682K(1093120K), 0.0034489 secs]
22193.453: [GC (Allocation Failure)  413162K->8682K(1080832K), 0.0035518 secs]
22193.844: [GC (Allocation Failure)  400874K->8714K(1069056K), 0.0027945 secs]
22194.223: [GC (Allocation Failure)  389130K->8650K(1057792K), 0.0034800 secs]
22194.591: [GC (Allocation Failure)  377802K->8650K(1047040K), 0.0035809 secs]
22194.979: [GC (Allocation Failure)  367050K->8682K(1036800K), 0.0029730 secs]
22195.327: [GC (Allocation Failure)  356842K->8714K(1027072K), 0.0039461 secs]
22195.668: [GC (Allocation Failure)  347146K->8714K(1017856K), 0.0037432 secs]
22196.000: [GC (Allocation Failure)  337930K->8650K(1008640K), 0.0037584 secs]
22196.323: [GC (Allocation Failure)  328650K->8682K(999936K), 0.0032750 secs]
22196.639: [GC (Allocation Failure)  319978K->8682K(1062400K), 0.0034166 secs]
22197.013: [GC (Allocation Failure)  382442K->8682K(1051648K), 0.0033585 secs]
22197.378: [GC (Allocation Failure)  371690K->8682K(1041408K), 0.0028970 secs]
22197.731: [GC (Allocation Failure)  361450K->8650K(1031680K), 0.0033312 secs]
22198.075: [GC (Allocation Failure)  351690K->8650K(1021952K), 0.0036912 secs]
22198.411: [GC (Allocation Failure)  341962K->8682K(1012736K), 0.0036037 secs]
22198.738: [GC (Allocation Failure)  332778K->8650K(1004032K), 0.0035495 secs]
22199.056: [GC (Allocation Failure)  324042K->8682K(995840K), 0.0031348 secs]
22199.366: [GC (Allocation Failure)  315882K->8650K(1057280K), 0.0034745 secs]
22199.737: [GC (Allocation Failure)  377290K->8650K(1046528K), 0.0031215 secs]
22200.109: [GC (Allocation Failure)  366538K->8682K(1036288K), 0.0033148 secs]
22200.458: [GC (Allocation Failure)  356330K->8650K(1026560K), 0.0034638 secs]
22200.798: [GC (Allocation Failure)  346570K->8650K(1017344K), 0.0030435 secs]
22201.131: [GC (Allocation Failure)  337354K->8650K(1008640K), 0.0039873 secs]
22201.455: [GC (Allocation Failure)  328650K->8682K(1072640K), 0.0040756 secs]
22201.839: [GC (Allocation Failure)  392682K->8650K(1061376K), 0.0033163 secs]
22202.213: [GC (Allocation Failure)  381386K->8682K(1050624K), 0.0032076 secs]
22202.576: [GC (Allocation Failure)  370666K->8650K(1040384K), 0.0029992 secs]
22202.929: [GC (Allocation Failure)  360394K->8682K(1030656K), 0.0027460 secs]
22203.271: [GC (Allocation Failure)  350698K->8650K(1020928K), 0.0030089 secs]
22203.605: [GC (Allocation Failure)  340938K->8682K(1011712K), 0.0031533 secs]
22203.931: [GC (Allocation Failure)  331754K->8714K(1003008K), 0.0027957 secs]
22204.247: [GC (Allocation Failure)  323082K->8682K(994816K), 0.0039841 secs]
22204.558: [GC (Allocation Failure)  314858K->8682K(986624K), 0.0034895 secs]
22204.861: [GC (Allocation Failure)  306666K->8714K(1046528K), 0.0037844 secs]
22205.220: [GC (Allocation Failure)  366602K->8650K(1118208K), 0.0040826 secs]
22205.652: [GC (Allocation Failure)  438218K->8650K(1104896K), 0.0032856 secs]
22206.069: [GC (Allocation Failure)  424906K->8650K(1092096K), 0.0032385 secs]
22206.473: [GC (Allocation Failure)  412106K->8682K(1079808K), 0.0039906 secs]
22206.868: [GC (Allocation Failure)  399850K->8682K(1068032K), 0.0038798 secs]
22207.249: [GC (Allocation Failure)  388074K->8650K(1144320K), 0.0053523 secs]
22207.709: [GC (Allocation Failure)  464330K->8650K(1129984K), 0.0029693 secs]
22208.149: [GC (Allocation Failure)  449994K->8650K(1116160K), 0.0043634 secs]
22208.582: [GC (Allocation Failure)  436170K->8650K(1102848K), 0.0041294 secs]
22208.996: [GC (Allocation Failure)  422858K->8650K(1090560K), 0.0036451 secs]
22209.399: [GC (Allocation Failure)  410570K->8682K(1078784K), 0.0043232 secs]
22209.787: [GC (Allocation Failure)  398826K->8682K(1067520K), 0.0035403 secs]
22210.163: [GC (Allocation Failure)  387562K->8682K(1056256K), 0.0032425 secs]
22210.565: [GC (Allocation Failure)  376298K->8650K(1045504K), 0.0032574 secs]
22210.922: [GC (Allocation Failure)  365514K->8682K(1035264K), 0.0034288 secs]
22211.271: [GC (Allocation Failure)  355306K->8650K(1104896K), 0.0048710 secs]
22211.687: [GC (Allocation Failure)  424906K->8650K(1092096K), 0.0034451 secs]
22212.090: [GC (Allocation Failure)  412106K->8682K(1079808K), 0.0033975 secs]
22212.481: [GC (Allocation Failure)  399850K->8650K(1068032K), 0.0043875 secs]
22212.867: [GC (Allocation Failure)  388042K->8650K(1056768K), 0.0037678 secs]
22213.237: [GC (Allocation Failure)  376778K->8714K(1046016K), 0.0031737 secs]
22213.595: [GC (Allocation Failure)  366090K->8650K(1035776K), 0.0031410 secs]
22213.943: [GC (Allocation Failure)  355786K->8650K(1026048K), 0.0030549 secs]
22214.283: [GC (Allocation Failure)  346058K->8682K(1016832K), 0.0034400 secs]
22214.615: [GC (Allocation Failure)  336874K->8650K(1008128K), 0.0032726 secs]
22214.937: [GC (Allocation Failure)  328138K->8714K(999424K), 0.0029306 secs]
22215.250: [GC (Allocation Failure)  319498K->8714K(991232K), 0.0027589 secs]
22215.555: [GC (Allocation Failure)  311306K->8714K(983552K), 0.0034252 secs]
22215.853: [GC (Allocation Failure)  303626K->8746K(975872K), 0.0030944 secs]
22216.144: [GC (Allocation Failure)  295978K->8714K(968704K), 0.0029650 secs]
22216.429: [GC (Allocation Failure)  288778K->8682K(1025024K), 0.0036768 secs]
22216.767: [GC (Allocation Failure)  345066K->8650K(1092608K), 0.0036500 secs]
22217.169: [GC (Allocation Failure)  412618K->8650K(1080320K), 0.0035410 secs]
22217.560: [GC (Allocation Failure)  400330K->8714K(1068544K), 0.0030067 secs]
22217.939: [GC (Allocation Failure)  388618K->8650K(1057280K), 0.0033083 secs]
22218.308: [GC (Allocation Failure)  377290K->8650K(1046528K), 0.0033513 secs]
22218.666: [GC (Allocation Failure)  366538K->8682K(1036288K), 0.0031910 secs]
22219.014: [GC (Allocation Failure)  356330K->8682K(1026560K), 0.0033654 secs]
22219.353: [GC (Allocation Failure)  346602K->8682K(1017344K), 0.0034387 secs]
22219.685: [GC (Allocation Failure)  337386K->8714K(1008640K), 0.0034940 secs]
22220.007: [GC (Allocation Failure)  328714K->8714K(999936K), 0.0031760 secs]
22220.320: [GC (Allocation Failure)  320010K->8714K(991744K), 0.0031379 secs]
22220.656: [GC (Allocation Failure)  311818K->8682K(984064K), 0.0037554 secs]
22220.955: [GC (Allocation Failure)  304106K->8682K(1043456K), 0.0035921 secs]
22221.312: [GC (Allocation Failure)  363498K->8682K(1114624K), 0.0032811 secs]
22221.735: [GC (Allocation Failure)  434666K->8650K(1101824K), 0.0030845 secs]
22222.146: [GC (Allocation Failure)  421834K->8650K(1089536K), 0.0033357 secs]
22222.545: [GC (Allocation Failure)  409546K->8650K(1077760K), 0.0038103 secs]
22222.933: [GC (Allocation Failure)  397770K->8650K(1066496K), 0.0033541 secs]
22223.312: [GC (Allocation Failure)  386506K->8682K(1055744K), 0.0034044 secs]
22223.679: [GC (Allocation Failure)  375786K->8650K(1044992K), 0.0037850 secs]
22224.041: [GC (Allocation Failure)  365002K->8714K(1034752K), 0.0033313 secs]
22224.390: [GC (Allocation Failure)  354826K->8682K(1025024K), 0.0034079 secs]
22224.729: [GC (Allocation Failure)  345066K->8650K(1015808K), 0.0030009 secs]
22225.057: [GC (Allocation Failure)  335818K->8682K(1007104K), 0.0032333 secs]
22225.377: [GC (Allocation Failure)  327146K->8650K(998400K), 0.0028943 secs]
22225.771: [GC (Allocation Failure)  318410K->8682K(990208K), 0.0035808 secs]
22226.075: [GC (Allocation Failure)  310250K->8682K(982528K), 0.0030635 secs]
22226.371: [GC (Allocation Failure)  302570K->8682K(974848K), 0.0038066 secs]
22226.660: [GC (Allocation Failure)  294890K->8682K(1032192K), 0.0042763 secs]
22227.011: [GC (Allocation Failure)  352234K->8650K(1101312K), 0.0037239 secs]
22227.421: [GC (Allocation Failure)  421322K->8650K(1184256K), 0.0034300 secs]
22227.911: [GC (Allocation Failure)  504266K->8650K(1168384K), 0.0036625 secs]
22228.382: [GC (Allocation Failure)  488394K->8714K(1153024K), 0.0031109 secs]
22228.841: [GC (Allocation Failure)  473098K->8682K(1138176K), 0.0037802 secs]
22229.286: [GC (Allocation Failure)  458218K->8650K(1124352K), 0.0035525 secs]
22229.719: [GC (Allocation Failure)  444362K->8650K(1111040K), 0.0032137 secs]
22230.139: [GC (Allocation Failure)  431050K->8682K(1098240K), 0.0031124 secs]
22230.545: [GC (Allocation Failure)  418282K->8714K(1085952K), 0.0029476 secs]
22230.971: [GC (Allocation Failure)  406026K->8682K(1074176K), 0.0032680 secs]
22231.355: [GC (Allocation Failure)  394218K->8682K(1062912K), 0.0040196 secs]
22231.727: [GC (Allocation Failure)  382954K->8682K(1052160K), 0.0031533 secs]
22232.091: [GC (Allocation Failure)  372202K->8650K(1041920K), 0.0032899 secs]
22232.445: [GC (Allocation Failure)  361930K->8714K(1032192K), 0.0028696 secs]
22232.789: [GC (Allocation Failure)  352266K->8650K(1022464K), 0.0039634 secs]
22233.124: [GC (Allocation Failure)  342474K->8714K(1013248K), 0.0035891 secs]
22233.449: [GC (Allocation Failure)  333322K->8650K(1004544K), 0.0031975 secs]
22233.768: [GC (Allocation Failure)  324554K->8682K(996352K), 0.0030185 secs]
22234.078: [GC (Allocation Failure)  316394K->8714K(988160K), 0.0032277 secs]
22234.380: [GC (Allocation Failure)  308234K->8682K(980480K), 0.0032365 secs]
22234.676: [GC (Allocation Failure)  300522K->8746K(1038848K), 0.0033899 secs]
22235.027: [GC (Allocation Failure)  358954K->8650K(1108992K), 0.0036335 secs]
22235.445: [GC (Allocation Failure)  429002K->8650K(1096192K), 0.0033142 secs]
22235.851: [GC (Allocation Failure)  416202K->8682K(1083904K), 0.0180416 secs]
22236.264: [GC (Allocation Failure)  403946K->8682K(1072128K), 0.0046564 secs]
22236.653: [GC (Allocation Failure)  392170K->8682K(1060864K), 0.0039969 secs]
22237.025: [GC (Allocation Failure)  380906K->8714K(1050112K), 0.0037818 secs]
22237.388: [GC (Allocation Failure)  370186K->8682K(1122816K), 0.0041242 secs]
22237.824: [GC (Allocation Failure)  442858K->8650K(1109504K), 0.0036263 secs]
22238.246: [GC (Allocation Failure)  429514K->8650K(1096704K), 0.0035337 secs]
22238.654: [GC (Allocation Failure)  416714K->8682K(1084416K), 0.0036812 secs]
22239.049: [GC (Allocation Failure)  404458K->8650K(1072640K), 0.0024930 secs]
22239.432: [GC (Allocation Failure)  392650K->8714K(1061376K), 0.0031044 secs]
22239.805: [GC (Allocation Failure)  381450K->8682K(1050624K), 0.0035533 secs]
22240.169: [GC (Allocation Failure)  370666K->8650K(1040384K), 0.0030993 secs]
22240.522: [GC (Allocation Failure)  360394K->8682K(1030656K), 0.0046214 secs]
22240.872: [GC (Allocation Failure)  350698K->8682K(1020928K), 0.0034452 secs]
22241.237: [GC (Allocation Failure)  340970K->8650K(1011712K), 0.0038396 secs]
22241.564: [GC (Allocation Failure)  331722K->8682K(1076736K), 0.0044394 secs]
22241.959: [GC (Allocation Failure)  396778K->8650K(1154560K), 0.0043369 secs]
22242.427: [GC (Allocation Failure)  474570K->8650K(1247744K), 0.0040440 secs]
22242.980: [GC (Allocation Failure)  567754K->8682K(1228800K), 0.0040694 secs]
22243.520: [GC (Allocation Failure)  548842K->8682K(1210880K), 0.0042490 secs]
22244.038: [GC (Allocation Failure)  530922K->8682K(1193472K), 0.0034260 secs]
22244.534: [GC (Allocation Failure)  513514K->8650K(1177088K), 0.0039734 secs]
22245.016: [GC (Allocation Failure)  497098K->8682K(1161216K), 0.0034488 secs]
22245.483: [GC (Allocation Failure)  481258K->8714K(1146368K), 0.0037928 secs]
22245.939: [GC (Allocation Failure)  466442K->8650K(1132032K), 0.0037318 secs]
22246.413: [GC (Allocation Failure)  452042K->8682K(1118208K), 0.0041462 secs]
22246.847: [GC (Allocation Failure)  438250K->8682K(1104896K), 0.0037205 secs]
22247.261: [GC (Allocation Failure)  424938K->8682K(1092096K), 0.0039520 secs]
22247.665: [GC (Allocation Failure)  412138K->8714K(1079808K), 0.0032045 secs]
22248.056: [GC (Allocation Failure)  399882K->8682K(1068032K), 0.0032493 secs]
22248.435: [GC (Allocation Failure)  388074K->8650K(1056768K), 0.0036336 secs]
22248.805: [GC (Allocation Failure)  376778K->8650K(1046016K), 0.0046480 secs]
22249.171: [GC (Allocation Failure)  366026K->8650K(1035776K), 0.0037119 secs]
22249.522: [GC (Allocation Failure)  355786K->8682K(1026048K), 0.0032328 secs]
22249.862: [GC (Allocation Failure)  346090K->8682K(1016832K), 0.0031493 secs]
22250.191: [GC (Allocation Failure)  336874K->8714K(1008128K), 0.0035800 secs]
22250.515: [GC (Allocation Failure)  328202K->8650K(1072128K), 0.0037234 secs]
22250.898: [GC (Allocation Failure)  392138K->8682K(1060864K), 0.0036887 secs]
22251.271: [GC (Allocation Failure)  380906K->8682K(1050112K), 0.0035100 secs]
22251.633: [GC (Allocation Failure)  370154K->8682K(1039872K), 0.0033737 secs]
22251.985: [GC (Allocation Failure)  359914K->8682K(1110528K), 0.0042107 secs]
22252.409: [GC (Allocation Failure)  430570K->8650K(1097728K), 0.0035109 secs]
22252.817: [GC (Allocation Failure)  417738K->8714K(1085440K), 0.0038126 secs]
22253.212: [GC (Allocation Failure)  405514K->8650K(1073664K), 0.0035922 secs]
22253.598: [GC (Allocation Failure)  393674K->8682K(1062400K), 0.0036341 secs]
22253.971: [GC (Allocation Failure)  382442K->8714K(1051648K), 0.0042364 secs]
22254.337: [GC (Allocation Failure)  371722K->8650K(1041408K), 0.0035884 secs]
22254.691: [GC (Allocation Failure)  361418K->8618K(1031680K), 0.0036865 secs]
22255.035: [GC (Allocation Failure)  351658K->8682K(1021952K), 0.0034060 secs]
22255.372: [GC (Allocation Failure)  341994K->8682K(1012736K), 0.0034206 secs]
22255.698: [GC (Allocation Failure)  332778K->8682K(1004032K), 0.0031056 secs]
22256.018: [GC (Allocation Failure)  324074K->8650K(995840K), 0.0034415 secs]
22256.329: [GC (Allocation Failure)  315850K->8714K(987648K), 0.0030883 secs]
22256.654: [GC (Allocation Failure)  307722K->8682K(979968K), 0.0031833 secs]
22256.949: [GC (Allocation Failure)  300010K->8650K(1038336K), 0.0035465 secs]
22257.300: [GC (Allocation Failure)  358346K->8650K(1108480K), 0.0038901 secs]
22257.717: [GC (Allocation Failure)  428490K->8714K(1095680K), 0.0030177 secs]
22258.123: [GC (Allocation Failure)  415754K->8650K(1083392K), 0.0033534 secs]
22258.517: [GC (Allocation Failure)  403402K->8618K(1071616K), 0.0032110 secs]
22258.899: [GC (Allocation Failure)  391594K->8650K(1060352K), 0.0028193 secs]
22259.271: [GC (Allocation Failure)  380362K->8682K(1049600K), 0.0037308 secs]
22259.632: [GC (Allocation Failure)  369642K->8714K(1039360K), 0.0029609 secs]
22259.985: [GC (Allocation Failure)  359434K->8682K(1029632K), 0.0036706 secs]
22260.328: [GC (Allocation Failure)  349674K->8682K(1098240K), 0.0046271 secs]
22260.737: [GC (Allocation Failure)  418282K->8682K(1180160K), 0.0042148 secs]
22261.224: [GC (Allocation Failure)  500202K->8682K(1164288K), 0.0040635 secs]
22261.694: [GC (Allocation Failure)  484330K->8650K(1148928K), 0.0052124 secs]
22262.171: [GC (Allocation Failure)  468938K->8650K(1134592K), 0.0035217 secs]
22262.613: [GC (Allocation Failure)  454602K->8682K(1120768K), 0.0032998 secs]
22263.040: [GC (Allocation Failure)  440810K->8650K(1107456K), 0.0029338 secs]
22263.454: [GC (Allocation Failure)  427466K->8650K(1094656K), 0.0051766 secs]
22263.868: [GC (Allocation Failure)  414666K->8682K(1082368K), 0.0041082 secs]
22264.275: [GC (Allocation Failure)  402410K->8682K(1161216K), 0.0050021 secs]
22264.744: [GC (Allocation Failure)  481258K->8618K(1146368K), 0.0032651 secs]
22265.198: [GC (Allocation Failure)  466346K->8682K(1132032K), 0.0034432 secs]
22265.639: [GC (Allocation Failure)  452074K->8650K(1118208K), 0.0037826 secs]
22266.068: [GC (Allocation Failure)  438218K->8682K(1104896K), 0.0036653 secs]
22266.481: [GC (Allocation Failure)  424938K->8682K(1092096K), 0.0034180 secs]
22266.883: [GC (Allocation Failure)  412138K->8714K(1079808K), 0.0040306 secs]
22267.277: [GC (Allocation Failure)  399882K->8682K(1068032K), 0.0041398 secs]
22267.655: [GC (Allocation Failure)  388074K->8682K(1056768K), 0.0035446 secs]
22268.023: [GC (Allocation Failure)  376810K->8682K(1046016K), 0.0030034 secs]
22268.380: [GC (Allocation Failure)  366058K->8714K(1117696K), 0.0060773 secs]
22268.809: [GC (Allocation Failure)  437770K->8650K(1104384K), 0.0032230 secs]
22269.227: [GC (Allocation Failure)  424394K->8650K(1091584K), 0.0031673 secs]
22269.629: [GC (Allocation Failure)  411594K->8682K(1172480K), 0.0054937 secs]
22270.111: [GC (Allocation Failure)  492522K->8650K(1269248K), 0.0053215 secs]
22270.688: [GC (Allocation Failure)  589258K->8618K(1385472K), 0.0051389 secs]
22271.375: [GC (Allocation Failure)  705450K->8650K(1360384K), 0.0037241 secs]
22272.033: [GC (Allocation Failure)  680394K->8714K(1336320K), 0.0033257 secs]
22272.692: [GC (Allocation Failure)  656394K->8682K(1313280K), 0.0049333 secs]
22273.306: [GC (Allocation Failure)  633322K->8650K(1291264K), 0.0039965 secs]
22273.899: [GC (Allocation Failure)  611274K->8682K(1270272K), 0.0051092 secs]
22274.473: [GC (Allocation Failure)  590314K->8682K(1250304K), 0.0036336 secs]
22275.032: [GC (Allocation Failure)  570346K->8650K(1231360K), 0.0036732 secs]
22275.568: [GC (Allocation Failure)  551370K->8682K(1213440K), 0.0052233 secs]
22276.088: [GC (Allocation Failure)  533482K->8650K(1196032K), 0.0051613 secs]
22276.597: [GC (Allocation Failure)  516042K->8682K(1179648K), 0.0033238 secs]
22277.084: [GC (Allocation Failure)  499690K->8682K(1163776K), 0.0038018 secs]
22277.578: [GC (Allocation Failure)  483818K->8650K(1148416K), 0.0041317 secs]
22278.035: [GC (Allocation Failure)  468426K->8618K(1134080K), 0.0035215 secs]
22278.479: [GC (Allocation Failure)  454058K->8682K(1120256K), 0.0036316 secs]
22278.909: [GC (Allocation Failure)  440298K->8650K(1106944K), 0.0051507 secs]
22279.332: [GC (Allocation Failure)  426954K->8714K(1094144K), 0.0055937 secs]
22279.741: [GC (Allocation Failure)  414218K->8650K(1175552K), 0.0046627 secs]
22280.223: [GC (Allocation Failure)  495562K->8682K(1273344K), 0.0050021 secs]
22280.795: [GC (Allocation Failure)  593386K->8714K(1253376K), 0.0039835 secs]
22281.348: [GC (Allocation Failure)  573450K->8650K(1234432K), 0.0037552 secs]
22281.887: [GC (Allocation Failure)  554442K->8650K(1216000K), 0.0052088 secs]
22282.415: [GC (Allocation Failure)  536010K->8650K(1198592K), 0.0035622 secs]
22282.941: [GC (Allocation Failure)  518602K->8650K(1181696K), 0.0038742 secs]
22283.430: [GC (Allocation Failure)  501706K->8682K(1165824K), 0.0029511 secs]
22283.902: [GC (Allocation Failure)  485866K->8682K(1150464K), 0.0039411 secs]
22284.360: [GC (Allocation Failure)  470506K->8714K(1136128K), 0.0033548 secs]
22284.805: [GC (Allocation Failure)  456202K->8682K(1122304K), 0.0033268 secs]
22285.236: [GC (Allocation Failure)  442346K->8682K(1108992K), 0.0043334 secs]
22285.659: [GC (Allocation Failure)  429034K->8714K(1096192K), 0.0033835 secs]
22286.063: [GC (Allocation Failure)  416266K->8714K(1083904K), 0.0050150 secs]
22286.463: [GC (Allocation Failure)  403978K->8682K(1072128K), 0.0039729 secs]
22286.846: [GC (Allocation Failure)  392170K->8650K(1060864K), 0.0036095 secs]
22287.218: [GC (Allocation Failure)  380874K->8650K(1050112K), 0.0034685 secs]
22287.580: [GC (Allocation Failure)  370122K->8714K(1039872K), 0.0030518 secs]
22287.931: [GC (Allocation Failure)  359946K->8682K(1030144K), 0.0039440 secs]
22288.274: [GC (Allocation Failure)  350186K->8650K(1020928K), 0.0040143 secs]
22288.607: [GC (Allocation Failure)  340938K->8618K(1087488K), 0.0038577 secs]
22289.006: [GC (Allocation Failure)  407466K->8650K(1075712K), 0.0037206 secs]
22289.393: [GC (Allocation Failure)  395722K->8682K(1064448K), 0.0039076 secs]
22289.771: [GC (Allocation Failure)  384490K->8682K(1053696K), 0.0031808 secs]
22290.135: [GC (Allocation Failure)  373738K->8618K(1043456K), 0.0037569 secs]
22290.489: [GC (Allocation Failure)  363434K->8650K(1033216K), 0.0034356 secs]
22290.833: [GC (Allocation Failure)  353226K->8682K(1102336K), 0.0039697 secs]
22291.245: [GC (Allocation Failure)  422378K->8650K(1090048K), 0.0034197 secs]
22291.643: [GC (Allocation Failure)  410058K->8682K(1078272K), 0.0027524 secs]
22292.030: [GC (Allocation Failure)  398314K->8714K(1067008K), 0.0027492 secs]
22292.406: [GC (Allocation Failure)  387082K->8650K(1056256K), 0.0033999 secs]
22292.774: [GC (Allocation Failure)  376266K->8650K(1045504K), 0.0037164 secs]
22293.152: [GC (Allocation Failure)  365514K->8682K(1117184K), 0.0057074 secs]
22293.585: [GC (Allocation Failure)  437226K->8682K(1103872K), 0.0028240 secs]
22293.996: [GC (Allocation Failure)  423914K->8650K(1091072K), 0.0036151 secs]
22294.397: [GC (Allocation Failure)  411082K->8714K(1079296K), 0.0038422 secs]
22294.787: [GC (Allocation Failure)  399370K->8714K(1068032K), 0.0035712 secs]
22295.165: [GC (Allocation Failure)  388106K->8650K(1056768K), 0.0034442 secs]
22295.533: [GC (Allocation Failure)  376778K->8650K(1130496K), 0.0049356 secs]
22295.975: [GC (Allocation Failure)  450506K->8650K(1116672K), 0.0036170 secs]
22296.400: [GC (Allocation Failure)  436682K->8650K(1103360K), 0.0032965 secs]
22296.810: [GC (Allocation Failure)  423370K->8682K(1091072K), 0.0033688 secs]
22297.210: [GC (Allocation Failure)  411114K->8682K(1079296K), 0.0033660 secs]
22297.598: [GC (Allocation Failure)  399338K->8682K(1068032K), 0.0034728 secs]
22297.979: [GC (Allocation Failure)  388074K->8650K(1056768K), 0.0037690 secs]
22298.346: [GC (Allocation Failure)  376778K->8682K(1046016K), 0.0028644 secs]
22298.702: [GC (Allocation Failure)  366058K->8682K(1035776K), 0.0032034 secs]
22299.050: [GC (Allocation Failure)  355818K->8682K(1026048K), 0.0035527 secs]
22299.388: [GC (Allocation Failure)  346090K->8714K(1016832K), 0.0035683 secs]
22299.716: [GC (Allocation Failure)  336906K->8682K(1008128K), 0.0035996 secs]
22300.038: [GC (Allocation Failure)  328170K->8714K(999424K), 0.0028506 secs]
22300.350: [GC (Allocation Failure)  319498K->8714K(1061888K), 0.0038564 secs]
22300.723: [GC (Allocation Failure)  381962K->8714K(1051136K), 0.0029309 secs]
22301.086: [GC (Allocation Failure)  371210K->8650K(1040896K), 0.0038599 secs]
22301.439: [GC (Allocation Failure)  360906K->8682K(1031168K), 0.0034644 secs]
22301.784: [GC (Allocation Failure)  351210K->8650K(1021440K), 0.0029498 secs]
22302.117: [GC (Allocation Failure)  341450K->8650K(1012224K), 0.0034150 secs]
22302.443: [GC (Allocation Failure)  332234K->8714K(1003520K), 0.0033750 secs]
22302.759: [GC (Allocation Failure)  323594K->8682K(995328K), 0.0030754 secs]
22303.069: [GC (Allocation Failure)  315370K->8714K(1056768K), 0.0036485 secs]
22303.458: [GC (Allocation Failure)  376842K->8682K(1046016K), 0.0035126 secs]
22303.816: [GC (Allocation Failure)  366058K->8682K(1035776K), 0.0037394 secs]
22304.164: [GC (Allocation Failure)  355818K->8682K(1026048K), 0.0035795 secs]
22304.504: [GC (Allocation Failure)  346090K->8682K(1093632K), 0.0043223 secs]
22304.912: [GC (Allocation Failure)  413674K->8650K(1175040K), 0.0035690 secs]
22305.392: [GC (Allocation Failure)  495050K->8650K(1159168K), 0.0041252 secs]
22305.862: [GC (Allocation Failure)  479178K->8650K(1144320K), 0.0038892 secs]
22306.313: [GC (Allocation Failure)  464330K->8714K(1129984K), 0.0038015 secs]
22306.753: [GC (Allocation Failure)  450058K->8650K(1116160K), 0.0037032 secs]
22307.176: [GC (Allocation Failure)  436170K->8682K(1102848K), 0.0031241 secs]
22307.588: [GC (Allocation Failure)  422890K->8650K(1090560K), 0.0034730 secs]
22307.989: [GC (Allocation Failure)  410570K->8682K(1078784K), 0.0039674 secs]
22308.378: [GC (Allocation Failure)  398826K->8682K(1067520K), 0.0031370 secs]
22308.793: [GC (Allocation Failure)  387562K->8714K(1056256K), 0.0034783 secs]
22309.160: [GC (Allocation Failure)  376330K->8650K(1045504K), 0.0032445 secs]
22309.518: [GC (Allocation Failure)  365514K->8682K(1035264K), 0.0035530 secs]
22309.866: [GC (Allocation Failure)  355306K->8650K(1025536K), 0.0038444 secs]
22310.204: [GC (Allocation Failure)  345546K->8618K(1016320K), 0.0035268 secs]
22310.535: [GC (Allocation Failure)  336298K->8650K(1007616K), 0.0036298 secs]
22310.857: [GC (Allocation Failure)  327626K->8714K(1071616K), 0.0048581 secs]
22311.246: [GC (Allocation Failure)  391690K->8682K(1148416K), 0.0031020 secs]
22311.705: [GC (Allocation Failure)  468458K->8650K(1134080K), 0.0036587 secs]
22312.148: [GC (Allocation Failure)  454090K->8650K(1120256K), 0.0036767 secs]
22312.578: [GC (Allocation Failure)  440266K->8682K(1106944K), 0.0038642 secs]
22312.997: [GC (Allocation Failure)  426986K->8682K(1094144K), 0.0035466 secs]
22313.400: [GC (Allocation Failure)  414186K->8682K(1081856K), 0.0032613 secs]
22313.827: [GC (Allocation Failure)  401898K->8682K(1070080K), 0.0033828 secs]
22314.208: [GC (Allocation Failure)  390122K->8682K(1058816K), 0.0032023 secs]
22314.579: [GC (Allocation Failure)  378858K->8650K(1048064K), 0.0036902 secs]
22314.940: [GC (Allocation Failure)  368074K->8682K(1037824K), 0.0046110 secs]
22315.292: [GC (Allocation Failure)  357866K->8650K(1107968K), 0.0039671 secs]
22315.711: [GC (Allocation Failure)  427978K->8650K(1095168K), 0.0035181 secs]
22316.119: [GC (Allocation Failure)  415178K->8682K(1082880K), 0.0036878 secs]
22316.510: [GC (Allocation Failure)  402922K->8714K(1071104K), 0.0041419 secs]
22316.888: [GC (Allocation Failure)  391178K->8746K(1059840K), 0.0037063 secs]
22317.257: [GC (Allocation Failure)  379946K->8714K(1134080K), 0.0045182 secs]
22317.697: [GC (Allocation Failure)  454154K->8682K(1120256K), 0.0037913 secs]
22318.124: [GC (Allocation Failure)  440298K->8682K(1106944K), 0.0033412 secs]
22318.538: [GC (Allocation Failure)  426986K->8682K(1094144K), 0.0031125 secs]
22318.943: [GC (Allocation Failure)  414186K->8650K(1175552K), 0.0059862 secs]
22319.433: [GC (Allocation Failure)  495562K->8650K(1159680K), 0.0032630 secs]
22319.900: [GC (Allocation Failure)  479690K->8714K(1144832K), 0.0034591 secs]
22320.352: [GC (Allocation Failure)  464906K->8682K(1130496K), 0.0046002 secs]
22320.793: [GC (Allocation Failure)  450538K->8650K(1116672K), 0.0037758 secs]
22321.220: [GC (Allocation Failure)  436682K->8650K(1103360K), 0.0035709 secs]
22321.633: [GC (Allocation Failure)  423370K->8682K(1091072K), 0.0035673 secs]
22322.035: [GC (Allocation Failure)  411114K->8682K(1079296K), 0.0034624 secs]
22322.426: [GC (Allocation Failure)  399338K->8682K(1068032K), 0.0044325 secs]
22322.807: [GC (Allocation Failure)  388074K->8650K(1056768K), 0.0031647 secs]
22323.175: [GC (Allocation Failure)  376778K->8714K(1046016K), 0.0042494 secs]
22323.533: [GC (Allocation Failure)  366090K->8682K(1035776K), 0.0037636 secs]
22323.884: [GC (Allocation Failure)  355818K->8682K(1026048K), 0.0135755 secs]
22324.237: [GC (Allocation Failure)  346090K->8650K(1016832K), 0.0033417 secs]
22324.568: [GC (Allocation Failure)  336842K->8714K(1082880K), 0.0039782 secs]
22324.962: [GC (Allocation Failure)  402954K->8682K(1071104K), 0.0031503 secs]
22325.344: [GC (Allocation Failure)  391146K->8682K(1059840K), 0.0032792 secs]
22325.715: [GC (Allocation Failure)  379882K->8650K(1049088K), 0.0034830 secs]
22326.076: [GC (Allocation Failure)  369098K->8682K(1038848K), 0.0031581 secs]
22326.427: [GC (Allocation Failure)  358890K->8650K(1029120K), 0.0033536 secs]
22326.769: [GC (Allocation Failure)  349130K->8682K(1019904K), 0.0025988 secs]
22327.102: [GC (Allocation Failure)  339946K->8650K(1010688K), 0.0033262 secs]
22327.428: [GC (Allocation Failure)  330698K->8682K(1075200K), 0.0047899 secs]
22327.819: [GC (Allocation Failure)  395242K->8650K(1152512K), 0.0056398 secs]
22328.286: [GC (Allocation Failure)  472522K->8650K(1245696K), 0.0035052 secs]
22328.833: [GC (Allocation Failure)  565706K->8650K(1226752K), 0.0030500 secs]
22329.362: [GC (Allocation Failure)  546762K->8650K(1208832K), 0.0044747 secs]
22329.896: [GC (Allocation Failure)  528842K->8682K(1191936K), 0.0029152 secs]
22330.391: [GC (Allocation Failure)  511978K->8650K(1175552K), 0.0029426 secs]
22330.871: [GC (Allocation Failure)  495562K->8682K(1159680K), 0.0040530 secs]
22331.337: [GC (Allocation Failure)  479722K->8650K(1144832K), 0.0033731 secs]
22331.789: [GC (Allocation Failure)  464842K->8682K(1130496K), 0.0044570 secs]
22332.229: [GC (Allocation Failure)  450538K->8682K(1116672K), 0.0035769 secs]
22332.653: [GC (Allocation Failure)  436714K->8650K(1103360K), 0.0037228 secs]
22333.065: [GC (Allocation Failure)  423370K->8650K(1091072K), 0.0039180 secs]
22333.471: [GC (Allocation Failure)  411082K->8714K(1079296K), 0.0039619 secs]
22333.860: [GC (Allocation Failure)  399370K->8682K(1068032K), 0.0033840 secs]
22334.238: [GC (Allocation Failure)  388074K->8650K(1056768K), 0.0035470 secs]
22334.606: [GC (Allocation Failure)  376778K->8682K(1046016K), 0.0037037 secs]
22335.003: [GC (Allocation Failure)  366058K->8650K(1035776K), 0.0043628 secs]
22335.350: [GC (Allocation Failure)  355786K->8650K(1105408K), 0.0041525 secs]
22335.764: [GC (Allocation Failure)  425418K->8650K(1092608K), 0.0034785 secs]
22336.166: [GC (Allocation Failure)  412618K->8682K(1080320K), 0.0036110 secs]
22336.556: [GC (Allocation Failure)  400362K->8682K(1068544K), 0.0030868 secs]
22336.933: [GC (Allocation Failure)  388586K->8682K(1057280K), 0.0040480 secs]
22337.301: [GC (Allocation Failure)  377322K->8682K(1046528K), 0.0036733 secs]
22337.658: [GC (Allocation Failure)  366570K->8682K(1036288K), 0.0041382 secs]
22338.005: [GC (Allocation Failure)  356330K->8650K(1026560K), 0.0029091 secs]
22338.344: [GC (Allocation Failure)  346570K->8682K(1017344K), 0.0029787 secs]
22338.675: [GC (Allocation Failure)  337386K->8650K(1008640K), 0.0033841 secs]
22338.996: [GC (Allocation Failure)  328650K->8682K(1072640K), 0.0045199 secs]
22339.383: [GC (Allocation Failure)  392682K->8682K(1149440K), 0.0035528 secs]
22339.840: [GC (Allocation Failure)  469482K->8650K(1135104K), 0.0239771 secs]
22340.308: [GC (Allocation Failure)  455114K->8682K(1121280K), 0.0042210 secs]
22340.738: [GC (Allocation Failure)  441322K->8650K(1107968K), 0.0040904 secs]
22341.154: [GC (Allocation Failure)  427978K->8650K(1095168K), 0.0047548 secs]
22341.564: [GC (Allocation Failure)  415178K->8682K(1082880K), 0.0037391 secs]
22341.962: [GC (Allocation Failure)  402922K->8650K(1071104K), 0.0039511 secs]
22342.345: [GC (Allocation Failure)  391114K->8650K(1059840K), 0.0027659 secs]
22342.716: [GC (Allocation Failure)  379850K->8682K(1049088K), 0.0033207 secs]
22343.076: [GC (Allocation Failure)  369130K->8746K(1038848K), 0.0031409 secs]
22343.424: [GC (Allocation Failure)  358954K->8682K(1029120K), 0.0025200 secs]
22343.765: [GC (Allocation Failure)  349162K->8682K(1019904K), 0.0031774 secs]
22344.098: [GC (Allocation Failure)  339946K->8650K(1010688K), 0.0032882 secs]
22344.421: [GC (Allocation Failure)  330698K->8682K(1075200K), 0.0048738 secs]
22344.811: [GC (Allocation Failure)  395242K->8682K(1152512K), 0.0048595 secs]
22345.277: [GC (Allocation Failure)  472554K->8682K(1137664K), 0.0031862 secs]
22345.753: [GC (Allocation Failure)  457706K->8682K(1123840K), 0.0035932 secs]
22346.189: [GC (Allocation Failure)  443882K->8682K(1110528K), 0.0030979 secs]
22346.611: [GC (Allocation Failure)  430570K->8650K(1097728K), 0.0032111 secs]
22347.020: [GC (Allocation Failure)  417738K->8650K(1085440K), 0.0035392 secs]
22347.415: [GC (Allocation Failure)  405450K->8650K(1073664K), 0.0034583 secs]
22347.798: [GC (Allocation Failure)  393674K->8714K(1062400K), 0.0045992 secs]
22348.172: [GC (Allocation Failure)  382474K->8682K(1051648K), 0.0037745 secs]
22348.536: [GC (Allocation Failure)  371690K->8682K(1041408K), 0.0032428 secs]
22348.889: [GC (Allocation Failure)  361450K->8682K(1031680K), 0.0030191 secs]
22349.233: [GC (Allocation Failure)  351722K->8650K(1021952K), 0.0032459 secs]
22349.569: [GC (Allocation Failure)  341962K->8682K(1012736K), 0.0030535 secs]
22349.896: [GC (Allocation Failure)  332778K->8682K(1004032K), 0.0032154 secs]
22350.213: [GC (Allocation Failure)  324074K->8682K(995840K), 0.0030990 secs]
22350.524: [GC (Allocation Failure)  315882K->8714K(987648K), 0.0034878 secs]
22350.871: [GC (Allocation Failure)  307722K->8650K(979968K), 0.0030344 secs]
22351.166: [GC (Allocation Failure)  299978K->8650K(972288K), 0.0036603 secs]
22351.454: [GC (Allocation Failure)  292298K->8682K(1029120K), 0.0032861 secs]
22351.798: [GC (Allocation Failure)  349162K->8714K(1097216K), 0.0034214 secs]
22352.206: [GC (Allocation Failure)  417290K->8682K(1084928K), 0.0035553 secs]
22352.601: [GC (Allocation Failure)  404970K->8682K(1073152K), 0.0030398 secs]
22352.985: [GC (Allocation Failure)  393194K->8714K(1061888K), 0.0031154 secs]
22353.360: [GC (Allocation Failure)  381962K->8682K(1051136K), 0.0031098 secs]
22353.724: [GC (Allocation Failure)  371178K->8682K(1040896K), 0.0033792 secs]
22354.077: [GC (Allocation Failure)  360938K->8682K(1031168K), 0.0032755 secs]
22354.423: [GC (Allocation Failure)  351210K->8650K(1021440K), 0.0038793 secs]
22354.759: [GC (Allocation Failure)  341450K->8682K(1012224K), 0.0037245 secs]
22355.082: [GC (Allocation Failure)  332266K->8650K(1077248K), 0.0042151 secs]
22355.468: [GC (Allocation Failure)  397258K->8714K(1065984K), 0.0030060 secs]
22355.840: [GC (Allocation Failure)  386058K->8714K(1055232K), 0.0029608 secs]
22356.204: [GC (Allocation Failure)  375306K->8682K(1044480K), 0.0030650 secs]
22356.558: [GC (Allocation Failure)  364522K->8714K(1034240K), 0.0041378 secs]
22356.905: [GC (Allocation Failure)  354314K->8650K(1024512K), 0.0035668 secs]
22357.241: [GC (Allocation Failure)  344522K->8650K(1015296K), 0.0033509 secs]
22357.568: [GC (Allocation Failure)  335306K->8650K(1006592K), 0.0034575 secs]
22357.888: [GC (Allocation Failure)  326602K->8682K(997888K), 0.0028918 secs]
22358.201: [GC (Allocation Failure)  317930K->8650K(989696K), 0.0033978 secs]
22358.505: [GC (Allocation Failure)  309706K->8650K(1050112K), 0.0036239 secs]
22358.870: [GC (Allocation Failure)  370122K->8682K(1122816K), 0.0035005 secs]
22359.301: [GC (Allocation Failure)  442858K->8682K(1109504K), 0.0034444 secs]
22359.721: [GC (Allocation Failure)  429546K->8682K(1096704K), 0.0028466 secs]
22360.128: [GC (Allocation Failure)  416746K->8682K(1084416K), 0.0031384 secs]
22360.522: [GC (Allocation Failure)  404458K->8714K(1072640K), 0.0032111 secs]
22360.904: [GC (Allocation Failure)  392714K->8682K(1061376K), 0.0034220 secs]
22361.305: [GC (Allocation Failure)  381418K->8650K(1050624K), 0.0036963 secs]
22361.668: [GC (Allocation Failure)  370634K->8682K(1040384K), 0.0040587 secs]
22362.024: [GC (Allocation Failure)  360426K->8650K(1030656K), 0.0041144 secs]
22362.373: [GC (Allocation Failure)  350666K->8682K(1020928K), 0.0035070 secs]
22362.707: [GC (Allocation Failure)  340970K->8714K(1011712K), 0.0032711 secs]
22363.031: [GC (Allocation Failure)  331786K->8682K(1076736K), 0.0036855 secs]
22363.418: [GC (Allocation Failure)  396778K->8682K(1065472K), 0.0031507 secs]
22363.794: [GC (Allocation Failure)  385514K->8682K(1054720K), 0.0033347 secs]
22364.160: [GC (Allocation Failure)  374762K->8682K(1044480K), 0.0033363 secs]
22364.518: [GC (Allocation Failure)  364522K->8650K(1034240K), 0.0027064 secs]
22364.864: [GC (Allocation Failure)  354250K->8682K(1024512K), 0.0030868 secs]
22365.201: [GC (Allocation Failure)  344554K->8682K(1015296K), 0.0030028 secs]
22365.529: [GC (Allocation Failure)  335338K->8714K(1080832K), 0.0049763 secs]
22365.926: [GC (Allocation Failure)  400906K->8682K(1159680K), 0.0045562 secs]
22366.423: [GC (Allocation Failure)  479722K->8650K(1144832K), 0.0035868 secs]
22366.875: [GC (Allocation Failure)  464842K->8714K(1130496K), 0.0029935 secs]
22367.313: [GC (Allocation Failure)  450570K->8682K(1116672K), 0.0034225 secs]
22367.738: [GC (Allocation Failure)  436714K->8682K(1103360K), 0.0025921 secs]
22368.151: [GC (Allocation Failure)  423402K->8714K(1091072K), 0.0029100 secs]
22368.551: [GC (Allocation Failure)  411146K->8682K(1079296K), 0.0033521 secs]
22368.941: [GC (Allocation Failure)  399338K->8650K(1068032K), 0.0032004 secs]
22369.320: [GC (Allocation Failure)  388042K->8650K(1056768K), 0.0033978 secs]
22369.687: [GC (Allocation Failure)  376778K->8746K(1046016K), 0.0035760 secs]
22370.044: [GC (Allocation Failure)  366122K->8682K(1035776K), 0.0031813 secs]
22370.391: [GC (Allocation Failure)  355818K->8650K(1026048K), 0.0032698 secs]
22370.729: [GC (Allocation Failure)  346058K->8714K(1016832K), 0.0034526 secs]
22371.059: [GC (Allocation Failure)  336906K->8650K(1008128K), 0.0038613 secs]
22371.402: [GC (Allocation Failure)  328138K->8650K(999424K), 0.0032460 secs]
22371.717: [GC (Allocation Failure)  319434K->8650K(1061888K), 0.0038739 secs]
22372.089: [GC (Allocation Failure)  381898K->8682K(1051136K), 0.0031229 secs]
22372.451: [GC (Allocation Failure)  371178K->8682K(1040896K), 0.0039459 secs]
22372.809: [GC (Allocation Failure)  360938K->8650K(1111552K), 0.0046538 secs]
22373.234: [GC (Allocation Failure)  431562K->8650K(1098752K), 0.0032962 secs]
22373.642: [GC (Allocation Failure)  418762K->8682K(1086464K), 0.0031934 secs]
22374.037: [GC (Allocation Failure)  406506K->8650K(1074688K), 0.0032462 secs]
22374.422: [GC (Allocation Failure)  394698K->8650K(1063424K), 0.0030932 secs]
22374.797: [GC (Allocation Failure)  383434K->8650K(1052672K), 0.0030706 secs]
22375.161: [GC (Allocation Failure)  372682K->8682K(1042432K), 0.0038307 secs]
22375.515: [GC (Allocation Failure)  362474K->8682K(1032704K), 0.0033626 secs]
22375.860: [GC (Allocation Failure)  352746K->8714K(1022976K), 0.0033030 secs]
22376.195: [GC (Allocation Failure)  343050K->8650K(1013760K), 0.0028183 secs]
22376.556: [GC (Allocation Failure)  333770K->8650K(1005056K), 0.0035632 secs]
22376.874: [GC (Allocation Failure)  325066K->8682K(996352K), 0.0029238 secs]
22377.184: [GC (Allocation Failure)  316394K->8682K(988160K), 0.0033378 secs]
22377.486: [GC (Allocation Failure)  308202K->8682K(980480K), 0.0028855 secs]
22377.780: [GC (Allocation Failure)  300522K->8682K(972800K), 0.0032285 secs]
22378.069: [GC (Allocation Failure)  292842K->8682K(965632K), 0.0030350 secs]
22378.350: [GC (Allocation Failure)  285674K->8714K(1021440K), 0.0031487 secs]
22378.683: [GC (Allocation Failure)  341514K->8650K(1012224K), 0.0025898 secs]
22379.008: [GC (Allocation Failure)  332234K->8650K(1003520K), 0.0037594 secs]
22379.326: [GC (Allocation Failure)  323530K->8650K(1066496K), 0.0039340 secs]
22379.709: [GC (Allocation Failure)  386506K->8714K(1055744K), 0.0031102 secs]
22380.077: [GC (Allocation Failure)  375818K->8714K(1044992K), 0.0029702 secs]
22380.433: [GC (Allocation Failure)  365066K->8682K(1034752K), 0.0025600 secs]
22380.778: [GC (Allocation Failure)  354794K->8650K(1025024K), 0.0027769 secs]
22381.115: [GC (Allocation Failure)  345034K->8650K(1015808K), 0.0033367 secs]
22381.446: [GC (Allocation Failure)  335818K->8650K(1007104K), 0.0031993 secs]
22381.794: [GC (Allocation Failure)  327114K->8714K(998400K), 0.0037854 secs]
22382.107: [GC (Allocation Failure)  318474K->8714K(990208K), 0.0031640 secs]
22382.419: [GC (Allocation Failure)  310282K->8650K(982528K), 0.0034891 secs]
22382.718: [GC (Allocation Failure)  302538K->8650K(1041408K), 0.0035857 secs]
22383.072: [GC (Allocation Failure)  361418K->8650K(1112064K), 0.0052432 secs]
22383.499: [GC (Allocation Failure)  432074K->8682K(1197056K), 0.0031833 secs]
22384.002: [GC (Allocation Failure)  517098K->8682K(1180672K), 0.0030281 secs]
22384.486: [GC (Allocation Failure)  500714K->8682K(1164800K), 0.0035458 secs]
22384.959: [GC (Allocation Failure)  484842K->8714K(1149440K), 0.0030854 secs]
22385.415: [GC (Allocation Failure)  469514K->8714K(1135104K), 0.0029578 secs]
22385.856: [GC (Allocation Failure)  455178K->8714K(1121280K), 0.0029438 secs]
22386.286: [GC (Allocation Failure)  441354K->8714K(1107968K), 0.0037002 secs]
22386.709: [GC (Allocation Failure)  428042K->8714K(1095168K), 0.0034779 secs]
22387.141: [GC (Allocation Failure)  415242K->8714K(1082880K), 0.0033438 secs]
22387.535: [GC (Allocation Failure)  402954K->8650K(1071104K), 0.0045121 secs]
22387.923: [GC (Allocation Failure)  391114K->8682K(1059840K), 0.0033401 secs]
22388.294: [GC (Allocation Failure)  379882K->8682K(1049088K), 0.0029145 secs]
22388.655: [GC (Allocation Failure)  369130K->8682K(1038848K), 0.0036200 secs]
22389.007: [GC (Allocation Failure)  358890K->8650K(1029120K), 0.0041651 secs]
22389.354: [GC (Allocation Failure)  349130K->8650K(1019904K), 0.0035848 secs]
22389.689: [GC (Allocation Failure)  339914K->8682K(1010688K), 0.0034236 secs]
22390.015: [GC (Allocation Failure)  330730K->8650K(1001984K), 0.0036763 secs]
22390.332: [GC (Allocation Failure)  321994K->8650K(1064960K), 0.0035461 secs]
22390.709: [GC (Allocation Failure)  384970K->8650K(1054208K), 0.0038037 secs]
22391.076: [GC (Allocation Failure)  374218K->8650K(1127424K), 0.0047624 secs]
22391.519: [GC (Allocation Failure)  447434K->8682K(1114112K), 0.0033400 secs]
22391.944: [GC (Allocation Failure)  434154K->8650K(1101312K), 0.0035700 secs]
22392.356: [GC (Allocation Failure)  421322K->8650K(1089024K), 0.0036852 secs]
22392.757: [GC (Allocation Failure)  409034K->8682K(1077248K), 0.0032852 secs]
22393.145: [GC (Allocation Failure)  397290K->8650K(1065984K), 0.0037405 secs]
22393.527: [GC (Allocation Failure)  385994K->8682K(1055232K), 0.0030593 secs]
22393.902: [GC (Allocation Failure)  375274K->8682K(1044480K), 0.0034730 secs]
22394.272: [GC (Allocation Failure)  364522K->8650K(1034240K), 0.0040110 secs]
22394.623: [GC (Allocation Failure)  354250K->8682K(1024512K), 0.0033779 secs]
22394.962: [GC (Allocation Failure)  344554K->8650K(1015296K), 0.0035249 secs]
22395.290: [GC (Allocation Failure)  335306K->8650K(1006592K), 0.0039871 secs]
22395.610: [GC (Allocation Failure)  326602K->8714K(1070592K), 0.0045941 secs]
22395.995: [GC (Allocation Failure)  390666K->8650K(1147392K), 0.0038290 secs]
22396.452: [GC (Allocation Failure)  467402K->8650K(1133056K), 0.0034780 secs]
22396.890: [GC (Allocation Failure)  453066K->8650K(1119232K), 0.0038827 secs]
22397.315: [GC (Allocation Failure)  439242K->8682K(1105920K), 0.0034153 secs]
22397.729: [GC (Allocation Failure)  425962K->8714K(1093120K), 0.0030115 secs]
22398.129: [GC (Allocation Failure)  413194K->8682K(1080832K), 0.0031663 secs]
22398.521: [GC (Allocation Failure)  400874K->8650K(1069056K), 0.0039122 secs]
22398.901: [GC (Allocation Failure)  389066K->8682K(1057792K), 0.0039286 secs]
22399.271: [GC (Allocation Failure)  377834K->8650K(1047040K), 0.0037255 secs]
22399.631: [GC (Allocation Failure)  367050K->8650K(1036800K), 0.0037612 secs]
22399.980: [GC (Allocation Failure)  356810K->8682K(1027072K), 0.0031366 secs]
22400.320: [GC (Allocation Failure)  347114K->8714K(1017856K), 0.0035963 secs]
22400.651: [GC (Allocation Failure)  337930K->8682K(1008640K), 0.0034808 secs]
22400.973: [GC (Allocation Failure)  328682K->8682K(999936K), 0.0032317 secs]
22401.289: [GC (Allocation Failure)  319978K->8650K(991744K), 0.0035049 secs]
22401.596: [GC (Allocation Failure)  311754K->8682K(1052672K), 0.0038615 secs]
22401.962: [GC (Allocation Failure)  372714K->8650K(1125888K), 0.0033915 secs]
22402.399: [GC (Allocation Failure)  445898K->8682K(1112576K), 0.0040394 secs]
22402.838: [GC (Allocation Failure)  432618K->8682K(1099776K), 0.0035926 secs]
22403.247: [GC (Allocation Failure)  419818K->8650K(1087488K), 0.0037136 secs]
22403.644: [GC (Allocation Failure)  407498K->8714K(1075712K), 0.0034394 secs]
22404.029: [GC (Allocation Failure)  395786K->8682K(1064448K), 0.0032248 secs]
22404.405: [GC (Allocation Failure)  384490K->8714K(1053696K), 0.0031776 secs]
22404.771: [GC (Allocation Failure)  373770K->8714K(1043456K), 0.0033395 secs]
22405.127: [GC (Allocation Failure)  363530K->8682K(1033216K), 0.0035965 secs]
22405.472: [GC (Allocation Failure)  353258K->8650K(1023488K), 0.0035521 secs]
22405.807: [GC (Allocation Failure)  343498K->8682K(1014272K), 0.0033403 secs]
22406.134: [GC (Allocation Failure)  334314K->8650K(1005568K), 0.0034446 secs]
22406.453: [GC (Allocation Failure)  325578K->8650K(996864K), 0.0033113 secs]
22406.764: [GC (Allocation Failure)  316874K->8650K(1058816K), 0.0037828 secs]
22407.133: [GC (Allocation Failure)  378826K->8682K(1048064K), 0.0033213 secs]
22407.492: [GC (Allocation Failure)  368106K->8650K(1037824K), 0.0032192 secs]
22407.932: [GC (Allocation Failure)  357834K->8650K(1028096K), 0.0042246 secs]
22408.278: [GC (Allocation Failure)  348106K->8650K(1018880K), 0.0034958 secs]
22408.609: [GC (Allocation Failure)  338890K->8650K(1084928K), 0.0042378 secs]
22409.009: [GC (Allocation Failure)  404938K->8682K(1073152K), 0.0033871 secs]
22409.392: [GC (Allocation Failure)  393194K->8682K(1061888K), 0.0033202 secs]
22409.765: [GC (Allocation Failure)  381930K->8682K(1051136K), 0.0039675 secs]
22410.128: [GC (Allocation Failure)  371178K->8650K(1040896K), 0.0035024 secs]
22410.480: [GC (Allocation Failure)  360906K->8650K(1031168K), 0.0037009 secs]
22410.823: [GC (Allocation Failure)  351178K->8714K(1099776K), 0.0043786 secs]
22411.236: [GC (Allocation Failure)  419850K->8682K(1087488K), 0.0034073 secs]
22411.633: [GC (Allocation Failure)  407530K->8682K(1075712K), 0.0041035 secs]
22412.023: [GC (Allocation Failure)  395754K->8650K(1064448K), 0.0030948 secs]
22412.398: [GC (Allocation Failure)  384458K->8650K(1053696K), 0.0042456 secs]
22412.768: [GC (Allocation Failure)  373706K->8682K(1043456K), 0.0033965 secs]
22413.123: [GC (Allocation Failure)  363498K->8682K(1033216K), 0.0033089 secs]
22413.468: [GC (Allocation Failure)  353258K->8682K(1023488K), 0.0032686 secs]
22413.804: [GC (Allocation Failure)  343530K->8650K(1014272K), 0.0035977 secs]
22414.138: [GC (Allocation Failure)  334282K->8650K(1005568K), 0.0035638 secs]
22414.456: [GC (Allocation Failure)  325578K->8682K(996864K), 0.0031714 secs]
22414.767: [GC (Allocation Failure)  316906K->8650K(1058816K), 0.0035599 secs]
22415.136: [GC (Allocation Failure)  378826K->8682K(1048064K), 0.0033544 secs]
22415.501: [GC (Allocation Failure)  368106K->8682K(1037824K), 0.0039513 secs]
22415.851: [GC (Allocation Failure)  357866K->8682K(1028096K), 0.0035904 secs]
22416.191: [GC (Allocation Failure)  348138K->8682K(1018880K), 0.0034713 secs]
22416.523: [GC (Allocation Failure)  338922K->8682K(1084928K), 0.0045038 secs]
22416.919: [GC (Allocation Failure)  404970K->8650K(1164288K), 0.0037877 secs]
22417.389: [GC (Allocation Failure)  484298K->8714K(1148928K), 0.0035165 secs]
22417.844: [GC (Allocation Failure)  469002K->8650K(1134592K), 0.0039245 secs]
22418.321: [GC (Allocation Failure)  454602K->8682K(1120768K), 0.0035113 secs]
22418.748: [GC (Allocation Failure)  440810K->8682K(1107456K), 0.0035620 secs]
22419.164: [GC (Allocation Failure)  427498K->8682K(1094656K), 0.0036351 secs]
22419.568: [GC (Allocation Failure)  414698K->8650K(1082368K), 0.0036387 secs]
22419.960: [GC (Allocation Failure)  402378K->8650K(1070592K), 0.0037886 secs]
22420.342: [GC (Allocation Failure)  390602K->8682K(1059328K), 0.0033765 secs]
22420.713: [GC (Allocation Failure)  379370K->8682K(1048576K), 0.0038606 secs]
22421.073: [GC (Allocation Failure)  368618K->8682K(1038336K), 0.0040288 secs]
22421.428: [GC (Allocation Failure)  358378K->8650K(1028608K), 0.0037764 secs]
22421.771: [GC (Allocation Failure)  348618K->8650K(1096704K), 0.0041163 secs]
22422.181: [GC (Allocation Failure)  416714K->8650K(1084416K), 0.0036728 secs]
22422.575: [GC (Allocation Failure)  404426K->8714K(1072640K), 0.0031111 secs]
22422.959: [GC (Allocation Failure)  392714K->8682K(1061376K), 0.0037826 secs]
22423.369: [GC (Allocation Failure)  381418K->8650K(1050624K), 0.0040100 secs]
22423.733: [GC (Allocation Failure)  370634K->8682K(1040384K), 0.0035478 secs]
22424.086: [GC (Allocation Failure)  360426K->8682K(1030656K), 0.0032317 secs]
22424.441: [GC (Allocation Failure)  350698K->8682K(1020928K), 0.0037133 secs]
22424.779: [GC (Allocation Failure)  340970K->8682K(1011712K), 0.0040004 secs]
22425.108: [GC (Allocation Failure)  331754K->8682K(1003008K), 0.0031472 secs]
22425.425: [GC (Allocation Failure)  323050K->8650K(994816K), 0.0033887 secs]
22425.733: [GC (Allocation Failure)  314826K->8682K(1056256K), 0.0034784 secs]
22426.101: [GC (Allocation Failure)  376298K->8650K(1129984K), 0.0037336 secs]
22426.541: [GC (Allocation Failure)  449994K->8682K(1116160K), 0.0039762 secs]
22426.966: [GC (Allocation Failure)  436202K->8714K(1102848K), 0.0032848 secs]
22427.383: [GC (Allocation Failure)  422922K->8650K(1090560K), 0.0034383 secs]
22427.783: [GC (Allocation Failure)  410570K->8682K(1078784K), 0.0038814 secs]
22428.172: [GC (Allocation Failure)  398826K->8682K(1067520K), 0.0032197 secs]
22428.579: [GC (Allocation Failure)  387562K->8682K(1056256K), 0.0034116 secs]
22428.947: [GC (Allocation Failure)  376298K->8682K(1045504K), 0.0030892 secs]
22429.303: [GC (Allocation Failure)  365546K->8682K(1035264K), 0.0029683 secs]
22429.650: [GC (Allocation Failure)  355306K->8650K(1025536K), 0.0032278 secs]
22429.989: [GC (Allocation Failure)  345546K->8650K(1016320K), 0.0038641 secs]
22430.319: [GC (Allocation Failure)  336330K->8714K(1007616K), 0.0027101 secs]
22430.640: [GC (Allocation Failure)  327690K->8650K(998912K), 0.0029988 secs]
22430.953: [GC (Allocation Failure)  318922K->8714K(990720K), 0.0029956 secs]
22431.258: [GC (Allocation Failure)  310794K->8650K(983040K), 0.0037911 secs]
22431.556: [GC (Allocation Failure)  303050K->8682K(975360K), 0.0028360 secs]
22431.846: [GC (Allocation Failure)  295402K->8650K(1032704K), 0.0049230 secs]
22432.192: [GC (Allocation Failure)  352714K->8650K(1101824K), 0.0038307 secs]
22432.605: [GC (Allocation Failure)  421834K->8682K(1184768K), 0.0040424 secs]
22433.096: [GC (Allocation Failure)  504810K->8682K(1284096K), 0.0042549 secs]
22433.686: [GC (Allocation Failure)  604138K->8682K(1263616K), 0.0039270 secs]
22434.254: [GC (Allocation Failure)  583658K->8682K(1244160K), 0.0037551 secs]
22434.801: [GC (Allocation Failure)  564202K->8650K(1225216K), 0.0039534 secs]
22435.329: [GC (Allocation Failure)  545226K->8682K(1207296K), 0.0042778 secs]
22435.845: [GC (Allocation Failure)  527338K->8650K(1190400K), 0.0037902 secs]
22436.342: [GC (Allocation Failure)  510410K->8650K(1174016K), 0.0031827 secs]
22436.820: [GC (Allocation Failure)  494026K->8682K(1158656K), 0.0036911 secs]
22437.279: [GC (Allocation Failure)  478698K->8650K(1143808K), 0.0032491 secs]
22437.726: [GC (Allocation Failure)  463818K->8682K(1129472K), 0.0032823 secs]
22438.160: [GC (Allocation Failure)  449514K->8650K(1115648K), 0.0035763 secs]
22438.586: [GC (Allocation Failure)  435658K->8714K(1102848K), 0.0036706 secs]
22438.994: [GC (Allocation Failure)  422922K->8682K(1090560K), 0.0032022 secs]
22439.392: [GC (Allocation Failure)  410602K->8714K(1078784K), 0.0033763 secs]
22439.780: [GC (Allocation Failure)  398858K->8650K(1067520K), 0.0034771 secs]
22440.157: [GC (Allocation Failure)  387530K->8650K(1056256K), 0.0038455 secs]
22440.525: [GC (Allocation Failure)  376266K->8650K(1045504K), 0.0031123 secs]
22440.882: [GC (Allocation Failure)  365514K->8682K(1035264K), 0.0043611 secs]
22441.229: [GC (Allocation Failure)  355306K->8650K(1025536K), 0.0034995 secs]
22441.569: [GC (Allocation Failure)  345546K->8714K(1016320K), 0.0038134 secs]
22441.899: [GC (Allocation Failure)  336394K->8682K(1007616K), 0.0030500 secs]
22442.220: [GC (Allocation Failure)  327658K->8650K(1071616K), 0.0041282 secs]
22442.605: [GC (Allocation Failure)  391626K->8650K(1148416K), 0.0040614 secs]
22443.063: [GC (Allocation Failure)  468426K->8682K(1134080K), 0.0033970 secs]
22443.504: [GC (Allocation Failure)  454122K->8682K(1120256K), 0.0032637 secs]
22443.932: [GC (Allocation Failure)  440298K->8650K(1106944K), 0.0027046 secs]
22444.346: [GC (Allocation Failure)  426954K->8714K(1094144K), 0.0034558 secs]
22444.780: [GC (Allocation Failure)  414218K->8682K(1081856K), 0.0029581 secs]
22445.174: [GC (Allocation Failure)  401898K->8682K(1070080K), 0.0042739 secs]
22445.560: [GC (Allocation Failure)  390122K->8714K(1058816K), 0.0042987 secs]
22445.930: [GC (Allocation Failure)  378890K->8650K(1048064K), 0.0033075 secs]
22446.289: [GC (Allocation Failure)  368074K->8714K(1037824K), 0.0033900 secs]
22446.639: [GC (Allocation Failure)  357898K->8714K(1028096K), 0.0031084 secs]
22446.978: [GC (Allocation Failure)  348170K->8682K(1018880K), 0.0038653 secs]
22447.311: [GC (Allocation Failure)  338922K->8650K(1009664K), 0.0037173 secs]
22447.633: [GC (Allocation Failure)  329674K->8682K(1000960K), 0.0030858 secs]
22447.947: [GC (Allocation Failure)  321002K->8714K(1063424K), 0.0046594 secs]
22448.323: [GC (Allocation Failure)  383498K->8650K(1138688K), 0.0034328 secs]
22448.768: [GC (Allocation Failure)  458698K->8714K(1124864K), 0.0039019 secs]
22449.202: [GC (Allocation Failure)  444938K->8714K(1111552K), 0.0028742 secs]
22449.620: [GC (Allocation Failure)  431626K->8714K(1098752K), 0.0027256 secs]
22450.065: [GC (Allocation Failure)  418826K->8650K(1086464K), 0.0038240 secs]
22450.461: [GC (Allocation Failure)  406474K->8682K(1074688K), 0.0034173 secs]
22450.845: [GC (Allocation Failure)  394730K->8682K(1063424K), 0.0030591 secs]
22451.217: [GC (Allocation Failure)  383466K->8714K(1052672K), 0.0032700 secs]
22451.580: [GC (Allocation Failure)  372746K->8682K(1042432K), 0.0051479 secs]
22451.940: [GC (Allocation Failure)  362474K->8682K(1032704K), 0.0037026 secs]
22452.285: [GC (Allocation Failure)  352746K->8714K(1022976K), 0.0036190 secs]
22452.621: [GC (Allocation Failure)  343050K->8650K(1013760K), 0.0027404 secs]
22452.946: [GC (Allocation Failure)  333770K->8682K(1005056K), 0.0024936 secs]
22453.263: [GC (Allocation Failure)  325098K->8650K(996352K), 0.0029770 secs]
22453.573: [GC (Allocation Failure)  316362K->8650K(988160K), 0.0030196 secs]
22453.876: [GC (Allocation Failure)  308170K->8682K(980480K), 0.0031809 secs]
22454.171: [GC (Allocation Failure)  300522K->8714K(972800K), 0.0027212 secs]
22454.457: [GC (Allocation Failure)  292874K->8650K(965632K), 0.0027759 secs]
22454.738: [GC (Allocation Failure)  285642K->8682K(958464K), 0.0026024 secs]
22455.011: [GC (Allocation Failure)  278506K->8714K(951808K), 0.0032317 secs]
22455.279: [GC (Allocation Failure)  271882K->8682K(1004544K), 0.0031350 secs]
22455.595: [GC (Allocation Failure)  324586K->8650K(1068032K), 0.0031334 secs]
22455.972: [GC (Allocation Failure)  388042K->8682K(1056768K), 0.0030253 secs]
22456.338: [GC (Allocation Failure)  376810K->8650K(1046016K), 0.0035542 secs]
22456.696: [GC (Allocation Failure)  366026K->8650K(1035776K), 0.0028187 secs]
22457.043: [GC (Allocation Failure)  355786K->8714K(1026048K), 0.0029010 secs]
22457.380: [GC (Allocation Failure)  346122K->8682K(1016832K), 0.0034428 secs]
22457.709: [GC (Allocation Failure)  336874K->8714K(1008128K), 0.0033637 secs]
22458.029: [GC (Allocation Failure)  328202K->8682K(999424K), 0.0030922 secs]
22458.341: [GC (Allocation Failure)  319466K->8714K(991232K), 0.0028436 secs]
22458.646: [GC (Allocation Failure)  311306K->8650K(983552K), 0.0028989 secs]
22458.942: [GC (Allocation Failure)  303562K->8650K(975872K), 0.0032675 secs]
22459.232: [GC (Allocation Failure)  295882K->8682K(1033728K), 0.0034407 secs]
22459.576: [GC (Allocation Failure)  353770K->8714K(1024000K), 0.0031332 secs]
22459.912: [GC (Allocation Failure)  344074K->8682K(1091072K), 0.0038438 secs]
22460.313: [GC (Allocation Failure)  411114K->8650K(1079296K), 0.0031967 secs]
22460.702: [GC (Allocation Failure)  399306K->8650K(1068032K), 0.0032059 secs]
22461.079: [GC (Allocation Failure)  388042K->8714K(1056768K), 0.0027072 secs]
22461.445: [GC (Allocation Failure)  376842K->8714K(1046016K), 0.0028428 secs]
22461.802: [GC (Allocation Failure)  366090K->8682K(1035776K), 0.0034909 secs]
22462.150: [GC (Allocation Failure)  355818K->8682K(1026048K), 0.0039217 secs]
22462.487: [GC (Allocation Failure)  346090K->8682K(1093632K), 0.0051084 secs]
22462.897: [GC (Allocation Failure)  413674K->8682K(1081344K), 0.0030039 secs]
22463.286: [GC (Allocation Failure)  401386K->8682K(1160192K), 0.0044724 secs]
22463.752: [GC (Allocation Failure)  480234K->8682K(1145344K), 0.0035949 secs]
22464.204: [GC (Allocation Failure)  465386K->8682K(1131008K), 0.0032850 secs]
22464.641: [GC (Allocation Failure)  451050K->8682K(1117184K), 0.0038852 secs]
22465.065: [GC (Allocation Failure)  437226K->8682K(1103872K), 0.0035836 secs]
22465.501: [GC (Allocation Failure)  423914K->8650K(1091072K), 0.0040522 secs]
22465.902: [GC (Allocation Failure)  411082K->8682K(1079296K), 0.0032097 secs]
22466.289: [GC (Allocation Failure)  399338K->8682K(1068032K), 0.0029479 secs]
22466.667: [GC (Allocation Failure)  388074K->8682K(1056768K), 0.0037142 secs]
22467.034: [GC (Allocation Failure)  376810K->8650K(1046016K), 0.0033430 secs]
22467.390: [GC (Allocation Failure)  366026K->8714K(1035776K), 0.0029852 secs]
22467.737: [GC (Allocation Failure)  355850K->8682K(1026048K), 0.0028745 secs]
22468.074: [GC (Allocation Failure)  346090K->8682K(1016832K), 0.0037268 secs]
22468.404: [GC (Allocation Failure)  336874K->8650K(1008128K), 0.0031975 secs]
22468.727: [GC (Allocation Failure)  328138K->8650K(999424K), 0.0030520 secs]
22469.040: [GC (Allocation Failure)  319434K->8650K(991232K), 0.0036369 secs]
22469.345: [GC (Allocation Failure)  311242K->8650K(983552K), 0.0032918 secs]
22469.642: [GC (Allocation Failure)  303562K->8714K(975872K), 0.0028486 secs]
22469.932: [GC (Allocation Failure)  295946K->8682K(1033728K), 0.0033218 secs]
22470.277: [GC (Allocation Failure)  353770K->8714K(1102848K), 0.0049336 secs]
22470.720: [GC (Allocation Failure)  422922K->8682K(1185792K), 0.0032822 secs]
22471.210: [GC (Allocation Failure)  505834K->8714K(1169920K), 0.0031459 secs]
22471.685: [GC (Allocation Failure)  489994K->8682K(1154560K), 0.0030749 secs]
22472.144: [GC (Allocation Failure)  474602K->8650K(1139712K), 0.0032735 secs]
22472.591: [GC (Allocation Failure)  459722K->8650K(1125376K), 0.0031551 secs]
22473.023: [GC (Allocation Failure)  445386K->8682K(1112064K), 0.0026897 secs]
22473.443: [GC (Allocation Failure)  432106K->8650K(1099264K), 0.0028650 secs]
22473.851: [GC (Allocation Failure)  419274K->8682K(1086976K), 0.0040585 secs]
22474.248: [GC (Allocation Failure)  407018K->8682K(1075200K), 0.0038116 secs]
22474.634: [GC (Allocation Failure)  395242K->8682K(1063936K), 0.0032897 secs]
22475.010: [GC (Allocation Failure)  383978K->8650K(1053184K), 0.0039557 secs]
22475.375: [GC (Allocation Failure)  373194K->8650K(1042944K), 0.0033894 secs]
22475.754: [GC (Allocation Failure)  362954K->8682K(1032704K), 0.0039158 secs]
22476.101: [GC (Allocation Failure)  352746K->8650K(1022976K), 0.0030271 secs]
22476.438: [GC (Allocation Failure)  342986K->8714K(1013760K), 0.0032148 secs]
22476.766: [GC (Allocation Failure)  333834K->8682K(1005056K), 0.0032211 secs]
22477.087: [GC (Allocation Failure)  325098K->8682K(996352K), 0.0030277 secs]
22477.397: [GC (Allocation Failure)  316394K->8682K(988160K), 0.0027402 secs]
22477.700: [GC (Allocation Failure)  308202K->8714K(980480K), 0.0037770 secs]
22477.997: [GC (Allocation Failure)  300554K->8682K(972800K), 0.0029377 secs]
22478.286: [GC (Allocation Failure)  292842K->8650K(1029632K), 0.0039548 secs]
22478.631: [GC (Allocation Failure)  349642K->8682K(1098240K), 0.0033334 secs]
22479.039: [GC (Allocation Failure)  418282K->8682K(1085952K), 0.0037524 secs]
22479.439: [GC (Allocation Failure)  405994K->8682K(1074176K), 0.0039345 secs]
22479.824: [GC (Allocation Failure)  394218K->8714K(1062912K), 0.0031770 secs]
22480.194: [GC (Allocation Failure)  382986K->8682K(1052160K), 0.0040222 secs]
22480.555: [GC (Allocation Failure)  372202K->8714K(1041920K), 0.0038951 secs]
22480.942: [GC (Allocation Failure)  361994K->8650K(1032192K), 0.0039852 secs]
22481.285: [GC (Allocation Failure)  352202K->8682K(1101312K), 0.0036865 secs]
22481.692: [GC (Allocation Failure)  421354K->8682K(1089024K), 0.0034184 secs]
22482.087: [GC (Allocation Failure)  409066K->8714K(1077248K), 0.0036680 secs]
22482.473: [GC (Allocation Failure)  397322K->8682K(1065984K), 0.0037394 secs]
22482.848: [GC (Allocation Failure)  386026K->8682K(1055232K), 0.0037224 secs]
22483.214: [GC (Allocation Failure)  375274K->8682K(1044480K), 0.0033899 secs]
22483.570: [GC (Allocation Failure)  364522K->8650K(1034240K), 0.0038573 secs]
22483.917: [GC (Allocation Failure)  354250K->8682K(1024512K), 0.0032331 secs]
22484.255: [GC (Allocation Failure)  344554K->8650K(1092096K), 0.0041406 secs]
22484.661: [GC (Allocation Failure)  412106K->8650K(1079808K), 0.0039169 secs]
22485.055: [GC (Allocation Failure)  399818K->8650K(1158144K), 0.0043361 secs]
22485.523: [GC (Allocation Failure)  478154K->8682K(1143296K), 0.0040985 secs]
22485.979: [GC (Allocation Failure)  463338K->8682K(1128960K), 0.0038494 secs]
22486.415: [GC (Allocation Failure)  449002K->8650K(1115136K), 0.0038150 secs]
22486.839: [GC (Allocation Failure)  435146K->8650K(1102336K), 0.0035370 secs]
22487.250: [GC (Allocation Failure)  422346K->8682K(1090048K), 0.0034361 secs]
22487.649: [GC (Allocation Failure)  410090K->8682K(1078272K), 0.0032323 secs]
22488.039: [GC (Allocation Failure)  398314K->8746K(1067008K), 0.0037333 secs]
22488.418: [GC (Allocation Failure)  387114K->8650K(1056256K), 0.0035140 secs]
22488.785: [GC (Allocation Failure)  376266K->8650K(1045504K), 0.0032780 secs]
22489.142: [GC (Allocation Failure)  365514K->8650K(1035264K), 0.0033638 secs]
22489.487: [GC (Allocation Failure)  355274K->8682K(1025536K), 0.0032775 secs]
22489.825: [GC (Allocation Failure)  345578K->8650K(1016320K), 0.0039925 secs]
22490.155: [GC (Allocation Failure)  336330K->8650K(1081856K), 0.0038541 secs]
22490.546: [GC (Allocation Failure)  401866K->8650K(1070080K), 0.0038375 secs]
22490.929: [GC (Allocation Failure)  390090K->8650K(1058816K), 0.0038568 secs]
22491.299: [GC (Allocation Failure)  378826K->8682K(1048064K), 0.0035164 secs]
22491.658: [GC (Allocation Failure)  368106K->8714K(1120256K), 0.0051444 secs]
22492.092: [GC (Allocation Failure)  440330K->8682K(1206784K), 0.0033577 secs]
22492.603: [GC (Allocation Failure)  526826K->8714K(1189888K), 0.0037889 secs]
22493.096: [GC (Allocation Failure)  509962K->8650K(1173504K), 0.0038349 secs]
22493.574: [GC (Allocation Failure)  493514K->8682K(1158144K), 0.0033572 secs]
22494.039: [GC (Allocation Failure)  478186K->8650K(1143296K), 0.0032768 secs]
22494.488: [GC (Allocation Failure)  463306K->8650K(1128960K), 0.0034125 secs]
22494.923: [GC (Allocation Failure)  448970K->8682K(1115136K), 0.0032900 secs]
22495.345: [GC (Allocation Failure)  435178K->8682K(1102336K), 0.0031336 secs]
22495.756: [GC (Allocation Failure)  422378K->8682K(1090048K), 0.0037817 secs]
22496.155: [GC (Allocation Failure)  410090K->8714K(1078272K), 0.0041982 secs]
22496.546: [GC (Allocation Failure)  398346K->8682K(1067008K), 0.0033424 secs]
22496.968: [GC (Allocation Failure)  387050K->8650K(1056256K), 0.0058601 secs]
22497.338: [GC (Allocation Failure)  376266K->8650K(1045504K), 0.0030672 secs]
22497.694: [GC (Allocation Failure)  365514K->8650K(1117184K), 0.0044037 secs]
22498.126: [GC (Allocation Failure)  437194K->8650K(1103872K), 0.0041208 secs]
22498.542: [GC (Allocation Failure)  423882K->8682K(1091072K), 0.0033557 secs]
22498.943: [GC (Allocation Failure)  411114K->8650K(1079296K), 0.0029304 secs]
22499.331: [GC (Allocation Failure)  399306K->8714K(1068032K), 0.0033438 secs]
22499.708: [GC (Allocation Failure)  388106K->8682K(1056768K), 0.0037525 secs]
22500.076: [GC (Allocation Failure)  376810K->8682K(1046016K), 0.0046451 secs]
22500.435: [GC (Allocation Failure)  366058K->8650K(1035776K), 0.0036588 secs]
22500.783: [GC (Allocation Failure)  355786K->8682K(1026048K), 0.0031427 secs]
22501.120: [GC (Allocation Failure)  346090K->8682K(1016832K), 0.0030971 secs]
22501.448: [GC (Allocation Failure)  336874K->8682K(1008128K), 0.0037955 secs]
22501.771: [GC (Allocation Failure)  328170K->8714K(1072128K), 0.0035279 secs]
22502.181: [GC (Allocation Failure)  392202K->8682K(1148928K), 0.0045254 secs]
22502.643: [GC (Allocation Failure)  468970K->8682K(1134592K), 0.0035791 secs]
22503.083: [GC (Allocation Failure)  454634K->8682K(1120768K), 0.0038409 secs]
22503.511: [GC (Allocation Failure)  440810K->8650K(1107456K), 0.0036983 secs]
22503.926: [GC (Allocation Failure)  427466K->8650K(1094656K), 0.0032378 secs]
22504.329: [GC (Allocation Failure)  414666K->8682K(1082368K), 0.0031010 secs]
22504.719: [GC (Allocation Failure)  402410K->8682K(1070592K), 0.0035521 secs]
22505.099: [GC (Allocation Failure)  390634K->8682K(1059328K), 0.0039512 secs]
22505.467: [GC (Allocation Failure)  379370K->8682K(1048576K), 0.0036427 secs]
22505.828: [GC (Allocation Failure)  368618K->8650K(1038336K), 0.0041527 secs]
22506.184: [GC (Allocation Failure)  358346K->8650K(1028608K), 0.0033483 secs]
22506.524: [GC (Allocation Failure)  348618K->8650K(1019392K), 0.0035032 secs]
22506.856: [GC (Allocation Failure)  339402K->8682K(1085952K), 0.0249751 secs]
22507.280: [GC (Allocation Failure)  405994K->8682K(1165824K), 0.0038214 secs]
22507.752: [GC (Allocation Failure)  485866K->8682K(1150464K), 0.0038694 secs]
22508.211: [GC (Allocation Failure)  470506K->8650K(1136128K), 0.0043306 secs]
22508.656: [GC (Allocation Failure)  456138K->8650K(1122304K), 0.0040335 secs]
22509.086: [GC (Allocation Failure)  442314K->8682K(1108992K), 0.0039718 secs]
22509.505: [GC (Allocation Failure)  429034K->8682K(1096192K), 0.0035866 secs]
22509.911: [GC (Allocation Failure)  416234K->8714K(1083904K), 0.0034266 secs]
22510.303: [GC (Allocation Failure)  403978K->8714K(1072128K), 0.0028203 secs]
22510.686: [GC (Allocation Failure)  392202K->8650K(1060864K), 0.0035835 secs]
22511.058: [GC (Allocation Failure)  380874K->8650K(1050112K), 0.0033732 secs]
22511.418: [GC (Allocation Failure)  370122K->8682K(1039872K), 0.0032698 secs]
22511.771: [GC (Allocation Failure)  359914K->8682K(1030144K), 0.0044416 secs]
22512.118: [GC (Allocation Failure)  350186K->8714K(1020928K), 0.0035597 secs]
22512.520: [GC (Allocation Failure)  341002K->8650K(1011712K), 0.0034081 secs]
22512.844: [GC (Allocation Failure)  331722K->8714K(1003008K), 0.0036168 secs]
22513.165: [GC (Allocation Failure)  323082K->8682K(994816K), 0.0033948 secs]
22513.476: [GC (Allocation Failure)  314858K->8650K(1056256K), 0.0033748 secs]
22513.844: [GC (Allocation Failure)  376266K->8714K(1045504K), 0.0034069 secs]
22514.200: [GC (Allocation Failure)  365578K->8682K(1035264K), 0.0030777 secs]
22514.547: [GC (Allocation Failure)  355306K->8650K(1025536K), 0.0036329 secs]
22514.886: [GC (Allocation Failure)  345546K->8650K(1016320K), 0.0034540 secs]
22515.216: [GC (Allocation Failure)  336330K->8682K(1007616K), 0.0026159 secs]
22515.536: [GC (Allocation Failure)  327658K->8650K(998912K), 0.0024002 secs]
22515.849: [GC (Allocation Failure)  318922K->8650K(990720K), 0.0025580 secs]
22516.153: [GC (Allocation Failure)  310730K->8682K(983040K), 0.0037421 secs]
22516.454: [GC (Allocation Failure)  303082K->8650K(975360K), 0.0032749 secs]
22516.744: [GC (Allocation Failure)  295370K->8650K(968192K), 0.0028718 secs]
22517.027: [GC (Allocation Failure)  288202K->8714K(961024K), 0.0028245 secs]
22517.304: [GC (Allocation Failure)  281098K->8650K(1015808K), 0.0037147 secs]
22517.655: [GC (Allocation Failure)  335818K->8682K(1081344K), 0.0032442 secs]
22518.047: [GC (Allocation Failure)  401386K->8650K(1069568K), 0.0032005 secs]
22518.426: [GC (Allocation Failure)  389578K->8650K(1145856K), 0.0045543 secs]
22518.886: [GC (Allocation Failure)  465866K->8682K(1131520K), 0.0040125 secs]
22519.330: [GC (Allocation Failure)  451562K->8650K(1117696K), 0.0033379 secs]
22519.757: [GC (Allocation Failure)  437706K->8714K(1104384K), 0.0028243 secs]
22520.171: [GC (Allocation Failure)  424458K->8682K(1091584K), 0.0031510 secs]
22520.575: [GC (Allocation Failure)  411626K->8650K(1079808K), 0.0034359 secs]
22520.965: [GC (Allocation Failure)  399818K->8682K(1068032K), 0.0030275 secs]
22521.345: [GC (Allocation Failure)  388074K->8682K(1056768K), 0.0036480 secs]
22521.715: [GC (Allocation Failure)  376810K->8650K(1046016K), 0.0029488 secs]
22522.074: [GC (Allocation Failure)  366026K->8650K(1035776K), 0.0032041 secs]
22522.423: [GC (Allocation Failure)  355786K->8714K(1026048K), 0.0031255 secs]
22522.791: [GC (Allocation Failure)  346122K->8682K(1016832K), 0.0033154 secs]
22523.120: [GC (Allocation Failure)  336874K->8682K(1008128K), 0.0027912 secs]
22523.442: [GC (Allocation Failure)  328170K->8650K(999424K), 0.0030660 secs]
22523.757: [GC (Allocation Failure)  319434K->8682K(991232K), 0.0030734 secs]
22524.067: [GC (Allocation Failure)  311274K->8682K(983552K), 0.0032509 secs]
22524.367: [GC (Allocation Failure)  303594K->8682K(975872K), 0.0035965 secs]
22524.655: [GC (Allocation Failure)  295914K->8714K(968704K), 0.0029805 secs]
22524.936: [GC (Allocation Failure)  288778K->8714K(1025024K), 0.0032415 secs]
22525.270: [GC (Allocation Failure)  345098K->8682K(1092608K), 0.0032372 secs]
22525.668: [GC (Allocation Failure)  412650K->8682K(1080320K), 0.0037898 secs]
22526.074: [GC (Allocation Failure)  400362K->8682K(1068544K), 0.0031283 secs]
22526.450: [GC (Allocation Failure)  388586K->8682K(1057280K), 0.0029890 secs]
22526.823: [GC (Allocation Failure)  377322K->8682K(1046528K), 0.0040382 secs]
22527.178: [GC (Allocation Failure)  366570K->8650K(1036288K), 0.0029358 secs]
22527.526: [GC (Allocation Failure)  356298K->8650K(1026560K), 0.0029008 secs]
22527.889: [GC (Allocation Failure)  346570K->8650K(1017344K), 0.0039436 secs]
22528.218: [GC (Allocation Failure)  337354K->8714K(1008640K), 0.0028745 secs]
22528.537: [GC (Allocation Failure)  328714K->8650K(999936K), 0.0030717 secs]
22528.850: [GC (Allocation Failure)  319946K->8682K(991744K), 0.0033635 secs]
22529.157: [GC (Allocation Failure)  311786K->8714K(984064K), 0.0033463 secs]
22529.456: [GC (Allocation Failure)  304138K->8682K(976384K), 0.0032883 secs]
22529.747: [GC (Allocation Failure)  296426K->8650K(1034240K), 0.0030512 secs]
22530.095: [GC (Allocation Failure)  354250K->8682K(1024512K), 0.0031265 secs]
22530.430: [GC (Allocation Failure)  344554K->8714K(1015296K), 0.0033673 secs]
22530.758: [GC (Allocation Failure)  335370K->8650K(1006592K), 0.0034188 secs]
22531.081: [GC (Allocation Failure)  326602K->8650K(997888K), 0.0029570 secs]
22531.392: [GC (Allocation Failure)  317898K->8650K(989696K), 0.0035254 secs]
22531.696: [GC (Allocation Failure)  309706K->8650K(1050112K), 0.0052310 secs]
22532.060: [GC (Allocation Failure)  370122K->8618K(1122816K), 0.0030452 secs]
22532.489: [GC (Allocation Failure)  442794K->8682K(1209856K), 0.0040115 secs]
22533.003: [GC (Allocation Failure)  529898K->8714K(1192448K), 0.0030200 secs]
22533.500: [GC (Allocation Failure)  512522K->8682K(1176064K), 0.0032831 secs]
22533.982: [GC (Allocation Failure)  496106K->8650K(1160192K), 0.0031643 secs]
22534.447: [GC (Allocation Failure)  480202K->8714K(1145344K), 0.0039849 secs]
22534.898: [GC (Allocation Failure)  465418K->8618K(1131008K), 0.0031005 secs]
22535.335: [GC (Allocation Failure)  450986K->8682K(1117184K), 0.0031618 secs]
22535.760: [GC (Allocation Failure)  437226K->8682K(1103872K), 0.0036101 secs]
22536.173: [GC (Allocation Failure)  423914K->8682K(1091072K), 0.0029974 secs]
22536.573: [GC (Allocation Failure)  411114K->8714K(1079296K), 0.0035442 secs]
22536.961: [GC (Allocation Failure)  399370K->8650K(1068032K), 0.0032238 secs]
22537.339: [GC (Allocation Failure)  388042K->8682K(1056768K), 0.0033236 secs]
22537.707: [GC (Allocation Failure)  376810K->8650K(1046016K), 0.0031141 secs]
22538.063: [GC (Allocation Failure)  366026K->8682K(1035776K), 0.0033284 secs]
22538.445: [GC (Allocation Failure)  355818K->8650K(1026048K), 0.0035070 secs]
22538.783: [GC (Allocation Failure)  346058K->8682K(1016832K), 0.0046751 secs]
22539.118: [GC (Allocation Failure)  336874K->8714K(1008128K), 0.0028888 secs]
22539.438: [GC (Allocation Failure)  328202K->8650K(999424K), 0.0032977 secs]
22539.752: [GC (Allocation Failure)  319434K->8682K(1061888K), 0.0043089 secs]
22540.130: [GC (Allocation Failure)  381930K->8714K(1136640K), 0.0034703 secs]
22540.574: [GC (Allocation Failure)  456714K->8650K(1122816K), 0.0035090 secs]
22541.005: [GC (Allocation Failure)  442826K->8650K(1209856K), 0.0052359 secs]
22541.521: [GC (Allocation Failure)  529866K->8682K(1192448K), 0.0036596 secs]
22542.021: [GC (Allocation Failure)  512490K->8650K(1176064K), 0.0032755 secs]
22542.503: [GC (Allocation Failure)  496074K->8650K(1160192K), 0.0028358 secs]
22542.980: [GC (Allocation Failure)  480202K->8682K(1145344K), 0.0038301 secs]
22543.433: [GC (Allocation Failure)  465386K->8714K(1131008K), 0.0033454 secs]
22543.899: [GC (Allocation Failure)  451082K->8650K(1117184K), 0.0033742 secs]
22544.324: [GC (Allocation Failure)  437194K->8650K(1103872K), 0.0033968 secs]
22544.739: [GC (Allocation Failure)  423882K->8682K(1091072K), 0.0032133 secs]
22545.139: [GC (Allocation Failure)  411114K->8714K(1079296K), 0.0031772 secs]
22545.528: [GC (Allocation Failure)  399370K->8650K(1068032K), 0.0033473 secs]
22545.907: [GC (Allocation Failure)  388042K->8682K(1056768K), 0.0030801 secs]
22546.274: [GC (Allocation Failure)  376810K->8650K(1046016K), 0.0030938 secs]
22546.631: [GC (Allocation Failure)  366026K->8714K(1035776K), 0.0030706 secs]
22546.977: [GC (Allocation Failure)  355850K->8682K(1026048K), 0.0029128 secs]
22547.315: [GC (Allocation Failure)  346090K->8682K(1016832K), 0.0031281 secs]
22547.643: [GC (Allocation Failure)  336874K->8682K(1008128K), 0.0031448 secs]
22547.963: [GC (Allocation Failure)  328170K->8650K(999424K), 0.0033825 secs]
22548.275: [GC (Allocation Failure)  319434K->8682K(991232K), 0.0037704 secs]
22548.580: [GC (Allocation Failure)  311274K->8650K(1052160K), 0.0035918 secs]
22548.970: [GC (Allocation Failure)  372170K->8650K(1041920K), 0.0037381 secs]
22549.323: [GC (Allocation Failure)  361930K->8682K(1032192K), 0.0034180 secs]
22549.667: [GC (Allocation Failure)  352234K->8714K(1022464K), 0.0026548 secs]
22550.000: [GC (Allocation Failure)  342538K->8714K(1013248K), 0.0028042 secs]
22550.324: [GC (Allocation Failure)  333322K->8714K(1004544K), 0.0028350 secs]
22550.640: [GC (Allocation Failure)  324618K->8682K(996352K), 0.0038531 secs]
22550.952: [GC (Allocation Failure)  316394K->8682K(988160K), 0.0030172 secs]
22551.253: [GC (Allocation Failure)  308202K->8650K(980480K), 0.0032705 secs]
22551.549: [GC (Allocation Failure)  300490K->8682K(972800K), 0.0032073 secs]
22551.838: [GC (Allocation Failure)  292842K->8650K(1029632K), 0.0044954 secs]
22552.187: [GC (Allocation Failure)  349642K->8650K(1098240K), 0.0034361 secs]
22552.595: [GC (Allocation Failure)  418250K->8682K(1085952K), 0.0026738 secs]
22552.991: [GC (Allocation Failure)  405994K->8682K(1074176K), 0.0033080 secs]
22553.376: [GC (Allocation Failure)  394218K->8650K(1062912K), 0.0033889 secs]
22553.751: [GC (Allocation Failure)  382922K->8682K(1052160K), 0.0030158 secs]
22554.135: [GC (Allocation Failure)  372202K->8650K(1041920K), 0.0032533 secs]
22554.488: [GC (Allocation Failure)  361930K->8714K(1032192K), 0.0032876 secs]
22554.832: [GC (Allocation Failure)  352266K->8714K(1022464K), 0.0038555 secs]
22555.171: [GC (Allocation Failure)  342538K->8714K(1013248K), 0.0035558 secs]
22555.502: [GC (Allocation Failure)  333322K->8682K(1004544K), 0.0033808 secs]
22555.822: [GC (Allocation Failure)  324586K->8650K(996352K), 0.0035112 secs]
22556.131: [GC (Allocation Failure)  316362K->8682K(988160K), 0.0030378 secs]
22556.435: [GC (Allocation Failure)  308202K->8682K(980480K), 0.0029223 secs]
22556.730: [GC (Allocation Failure)  300522K->8714K(972800K), 0.0031157 secs]
22557.018: [GC (Allocation Failure)  292874K->8650K(1029632K), 0.0034810 secs]
22557.359: [GC (Allocation Failure)  349642K->8650K(1098240K), 0.0040256 secs]
22557.768: [GC (Allocation Failure)  418250K->8682K(1085952K), 0.0029265 secs]
22558.162: [GC (Allocation Failure)  405994K->8682K(1074176K), 0.0033593 secs]
22558.547: [GC (Allocation Failure)  394218K->8618K(1062912K), 0.0034255 secs]
22558.922: [GC (Allocation Failure)  382890K->8682K(1052160K), 0.0028680 secs]
22559.286: [GC (Allocation Failure)  372202K->8650K(1041920K), 0.0029450 secs]
22559.639: [GC (Allocation Failure)  361930K->8682K(1032192K), 0.0030748 secs]
22559.982: [GC (Allocation Failure)  352234K->8650K(1022464K), 0.0033935 secs]
22560.317: [GC (Allocation Failure)  342474K->8682K(1013248K), 0.0034298 secs]
22560.643: [GC (Allocation Failure)  333290K->8714K(1078272K), 0.0048933 secs]
22561.037: [GC (Allocation Failure)  398346K->8650K(1156608K), 0.0041621 secs]
22561.502: [GC (Allocation Failure)  476618K->8682K(1141760K), 0.0028926 secs]
22561.951: [GC (Allocation Failure)  461802K->8682K(1127424K), 0.0041489 secs]
22562.391: [GC (Allocation Failure)  447466K->8682K(1114112K), 0.0030518 secs]
22562.814: [GC (Allocation Failure)  434154K->8682K(1101312K), 0.0032727 secs]
22563.224: [GC (Allocation Failure)  421354K->8682K(1089024K), 0.0026053 secs]
22563.623: [GC (Allocation Failure)  409066K->8650K(1077248K), 0.0031424 secs]
22564.011: [GC (Allocation Failure)  397258K->8682K(1065984K), 0.0032419 secs]
22564.417: [GC (Allocation Failure)  386026K->8650K(1055232K), 0.0033991 secs]
22564.786: [GC (Allocation Failure)  375242K->8682K(1044480K), 0.0033141 secs]
22565.143: [GC (Allocation Failure)  364522K->8682K(1034240K), 0.0029951 secs]
22565.490: [GC (Allocation Failure)  354282K->8650K(1024512K), 0.0026126 secs]
22565.827: [GC (Allocation Failure)  344522K->8682K(1015296K), 0.0031715 secs]
22566.156: [GC (Allocation Failure)  335338K->8682K(1006592K), 0.0032493 secs]
22566.476: [GC (Allocation Failure)  326634K->8650K(997888K), 0.0030328 secs]
22566.788: [GC (Allocation Failure)  317898K->8714K(989696K), 0.0032222 secs]
22567.092: [GC (Allocation Failure)  309770K->8682K(982016K), 0.0033612 secs]
22567.389: [GC (Allocation Failure)  302058K->8650K(1040896K), 0.0038685 secs]
22567.742: [GC (Allocation Failure)  360906K->8714K(1111552K), 0.0033574 secs]
22568.163: [GC (Allocation Failure)  431626K->8682K(1098752K), 0.0029939 secs]
22568.570: [GC (Allocation Failure)  418794K->8650K(1086464K), 0.0035816 secs]
22568.968: [GC (Allocation Failure)  406474K->8682K(1074688K), 0.0035044 secs]
22569.353: [GC (Allocation Failure)  394730K->8682K(1063424K), 0.0033020 secs]
22569.728: [GC (Allocation Failure)  383466K->8714K(1052672K), 0.0028759 secs]
22570.092: [GC (Allocation Failure)  372746K->8650K(1042432K), 0.0033313 secs]
22570.447: [GC (Allocation Failure)  362442K->8682K(1032704K), 0.0032155 secs]
22570.788: [GC (Allocation Failure)  352746K->8650K(1022976K), 0.0030189 secs]
22571.120: [GC (Allocation Failure)  342986K->8714K(1013760K), 0.0031964 secs]
22571.443: [GC (Allocation Failure)  333834K->8650K(1005056K), 0.0036576 secs]
22571.761: [GC (Allocation Failure)  325066K->8650K(996352K), 0.0036588 secs]
22572.069: [GC (Allocation Failure)  316362K->8714K(988160K), 0.0028276 secs]
22572.371: [GC (Allocation Failure)  308234K->8650K(1048064K), 0.0036235 secs]
22572.729: [GC (Allocation Failure)  368074K->8650K(1037824K), 0.0033413 secs]
22573.076: [GC (Allocation Failure)  357834K->8650K(1028096K), 0.0036006 secs]
22573.414: [GC (Allocation Failure)  348106K->8682K(1018880K), 0.0033795 secs]
22573.743: [GC (Allocation Failure)  338922K->8682K(1084928K), 0.0036027 secs]
22574.137: [GC (Allocation Failure)  404970K->8682K(1073152K), 0.0033849 secs]
22574.518: [GC (Allocation Failure)  393194K->8650K(1061888K), 0.0039373 secs]
22574.927: [GC (Allocation Failure)  381898K->8682K(1051136K), 0.0033518 secs]
22575.290: [GC (Allocation Failure)  371178K->8650K(1040896K), 0.0034625 secs]
22575.643: [GC (Allocation Failure)  360906K->8650K(1031168K), 0.0034916 secs]
22575.987: [GC (Allocation Failure)  351178K->8650K(1021440K), 0.0030385 secs]
22576.322: [GC (Allocation Failure)  341450K->8682K(1012224K), 0.0029222 secs]
22576.648: [GC (Allocation Failure)  332266K->8714K(1003520K), 0.0031844 secs]
22576.964: [GC (Allocation Failure)  323594K->8682K(995328K), 0.0034130 secs]
22577.273: [GC (Allocation Failure)  315370K->8650K(987136K), 0.0035472 secs]
22577.574: [GC (Allocation Failure)  307146K->8618K(979456K), 0.0031061 secs]
22577.867: [GC (Allocation Failure)  299434K->8682K(1037824K), 0.0033265 secs]
22578.217: [GC (Allocation Failure)  357866K->8682K(1028096K), 0.0028314 secs]
22578.559: [GC (Allocation Failure)  348138K->8682K(1018880K), 0.0031784 secs]
22578.890: [GC (Allocation Failure)  338922K->8650K(1009664K), 0.0033530 secs]
22579.212: [GC (Allocation Failure)  329674K->8682K(1000960K), 0.0030305 secs]
22579.526: [GC (Allocation Failure)  321002K->8682K(992768K), 0.0031561 secs]
22579.864: [GC (Allocation Failure)  312810K->8682K(984576K), 0.0032214 secs]
22580.164: [GC (Allocation Failure)  304618K->8682K(976896K), 0.0032872 secs]
22580.458: [GC (Allocation Failure)  296938K->8682K(1034752K), 0.0042011 secs]
22580.809: [GC (Allocation Failure)  354794K->8682K(1104384K), 0.0031121 secs]
22581.222: [GC (Allocation Failure)  424426K->8682K(1091584K), 0.0028659 secs]
22581.622: [GC (Allocation Failure)  411626K->8714K(1079808K), 0.0029203 secs]
22582.011: [GC (Allocation Failure)  399882K->8682K(1068032K), 0.0032511 secs]
22582.391: [GC (Allocation Failure)  388074K->8650K(1056768K), 0.0034535 secs]
22582.759: [GC (Allocation Failure)  376778K->8714K(1046016K), 0.0031458 secs]
22583.117: [GC (Allocation Failure)  366090K->8714K(1035776K), 0.0032813 secs]
22583.469: [GC (Allocation Failure)  355850K->8682K(1026048K), 0.0032317 secs]
22583.809: [GC (Allocation Failure)  346090K->8650K(1016832K), 0.0032178 secs]
22584.139: [GC (Allocation Failure)  336842K->8682K(1008128K), 0.0032548 secs]
22584.460: [GC (Allocation Failure)  328170K->8714K(999424K), 0.0037065 secs]
22584.774: [GC (Allocation Failure)  319498K->8682K(991232K), 0.0031449 secs]
22585.106: [GC (Allocation Failure)  311274K->8650K(1052160K), 0.0041227 secs]
22585.469: [GC (Allocation Failure)  372170K->8682K(1041920K), 0.0036576 secs]
22585.822: [GC (Allocation Failure)  361962K->8682K(1112576K), 0.0045887 secs]
22586.244: [GC (Allocation Failure)  432618K->8682K(1197568K), 0.0037947 secs]
22586.746: [GC (Allocation Failure)  517610K->8682K(1181184K), 0.0039306 secs]
22587.241: [GC (Allocation Failure)  501226K->8650K(1165312K), 0.0037160 secs]
22587.735: [GC (Allocation Failure)  485322K->8682K(1149952K), 0.0034714 secs]
22588.192: [GC (Allocation Failure)  469994K->8682K(1135616K), 0.0047001 secs]
22588.645: [GC (Allocation Failure)  455658K->8682K(1121792K), 0.0043615 secs]
22589.083: [GC (Allocation Failure)  441834K->8682K(1108480K), 0.0042429 secs]
22589.504: [GC (Allocation Failure)  428522K->8650K(1095680K), 0.0031800 secs]
22589.912: [GC (Allocation Failure)  415690K->8650K(1083392K), 0.0039203 secs]
22590.334: [GC (Allocation Failure)  403402K->8682K(1071616K), 0.0042609 secs]
22590.720: [GC (Allocation Failure)  391658K->8714K(1060352K), 0.0036398 secs]
22591.093: [GC (Allocation Failure)  380426K->8650K(1049600K), 0.0033747 secs]
22591.454: [GC (Allocation Failure)  369610K->8650K(1039360K), 0.0042645 secs]
22591.806: [GC (Allocation Failure)  359370K->8682K(1029632K), 0.0037630 secs]
22592.148: [GC (Allocation Failure)  349674K->8650K(1098240K), 0.0042509 secs]
22592.560: [GC (Allocation Failure)  418250K->8650K(1180160K), 0.0039822 secs]
22593.046: [GC (Allocation Failure)  500170K->8714K(1164288K), 0.0032851 secs]
22593.516: [GC (Allocation Failure)  484362K->8682K(1148928K), 0.0036481 secs]
22593.971: [GC (Allocation Failure)  468970K->8682K(1134592K), 0.0027617 secs]
22594.411: [GC (Allocation Failure)  454634K->8714K(1120768K), 0.0037344 secs]
22594.842: [GC (Allocation Failure)  440842K->8650K(1107456K), 0.0047156 secs]
22595.259: [GC (Allocation Failure)  427466K->8682K(1094656K), 0.0036472 secs]
22595.688: [GC (Allocation Failure)  414698K->8650K(1082368K), 0.0043774 secs]
22596.085: [GC (Allocation Failure)  402378K->8682K(1070592K), 0.0037833 secs]
22596.466: [GC (Allocation Failure)  390634K->8682K(1059328K), 0.0030853 secs]
22596.835: [GC (Allocation Failure)  379370K->8682K(1048576K), 0.0029318 secs]
22597.194: [GC (Allocation Failure)  368618K->8650K(1038336K), 0.0031803 secs]
22597.545: [GC (Allocation Failure)  358346K->8714K(1028608K), 0.0037904 secs]
22597.885: [GC (Allocation Failure)  348682K->8682K(1019392K), 0.0035336 secs]
22598.217: [GC (Allocation Failure)  339434K->8650K(1010176K), 0.0029817 secs]
22598.540: [GC (Allocation Failure)  330186K->8650K(1001472K), 0.0039599 secs]
22598.857: [GC (Allocation Failure)  321482K->8682K(1064448K), 0.0038406 secs]
22599.233: [GC (Allocation Failure)  384490K->8682K(1053696K), 0.0032267 secs]
22599.596: [GC (Allocation Failure)  373738K->8682K(1043456K), 0.0031803 secs]
22599.951: [GC (Allocation Failure)  363498K->8682K(1033216K), 0.0029343 secs]
22600.297: [GC (Allocation Failure)  353258K->8650K(1023488K), 0.0033950 secs]
22600.661: [GC (Allocation Failure)  343498K->8682K(1014272K), 0.0032956 secs]
22600.988: [GC (Allocation Failure)  334314K->8682K(1005568K), 0.0030921 secs]
22601.306: [GC (Allocation Failure)  325610K->8714K(996864K), 0.0028133 secs]
22601.614: [GC (Allocation Failure)  316938K->8682K(988672K), 0.0035401 secs]
22601.919: [GC (Allocation Failure)  308714K->8650K(980992K), 0.0031211 secs]
22602.214: [GC (Allocation Failure)  301002K->8682K(973312K), 0.0032531 secs]
22602.504: [GC (Allocation Failure)  293354K->8682K(1030656K), 0.0033701 secs]
22602.847: [GC (Allocation Failure)  350698K->8650K(1099264K), 0.0036318 secs]
22603.258: [GC (Allocation Failure)  419274K->8650K(1086976K), 0.0029998 secs]
22603.658: [GC (Allocation Failure)  406986K->8650K(1075200K), 0.0046547 secs]
22604.046: [GC (Allocation Failure)  395210K->8682K(1063936K), 0.0032146 secs]
22604.420: [GC (Allocation Failure)  383978K->8682K(1053184K), 0.0039330 secs]
22604.786: [GC (Allocation Failure)  373226K->8682K(1042944K), 0.0034621 secs]
22605.141: [GC (Allocation Failure)  362986K->8650K(1032704K), 0.0034884 secs]
22605.485: [GC (Allocation Failure)  352714K->8714K(1101824K), 0.0042816 secs]
22605.898: [GC (Allocation Failure)  421898K->8650K(1089536K), 0.0034959 secs]
22606.303: [GC (Allocation Failure)  409546K->8682K(1077760K), 0.0031573 secs]
22606.690: [GC (Allocation Failure)  397802K->8650K(1066496K), 0.0037717 secs]
22607.066: [GC (Allocation Failure)  386506K->8682K(1055744K), 0.0036822 secs]
22607.432: [GC (Allocation Failure)  375786K->8682K(1044992K), 0.0035453 secs]
22607.789: [GC (Allocation Failure)  365034K->8650K(1034752K), 0.0033874 secs]
22608.136: [GC (Allocation Failure)  354762K->8714K(1025024K), 0.0035139 secs]
22608.473: [GC (Allocation Failure)  345098K->8650K(1015808K), 0.0038008 secs]
22608.802: [GC (Allocation Failure)  335818K->8714K(1081344K), 0.0037887 secs]
22609.193: [GC (Allocation Failure)  401418K->8650K(1069568K), 0.0032101 secs]
22609.572: [GC (Allocation Failure)  389578K->8650K(1058304K), 0.0033948 secs]
22609.941: [GC (Allocation Failure)  378314K->8650K(1047552K), 0.0036994 secs]
22610.299: [GC (Allocation Failure)  367562K->8682K(1037312K), 0.0031326 secs]
22610.648: [GC (Allocation Failure)  357354K->8682K(1107456K), 0.0049466 secs]
22611.070: [GC (Allocation Failure)  427498K->8650K(1094656K), 0.0032515 secs]
22611.476: [GC (Allocation Failure)  414666K->8650K(1082368K), 0.0032217 secs]
22611.869: [GC (Allocation Failure)  402378K->8650K(1070592K), 0.0030000 secs]
22612.250: [GC (Allocation Failure)  390602K->8682K(1059328K), 0.0035465 secs]
22612.620: [GC (Allocation Failure)  379370K->8650K(1048576K), 0.0030307 secs]
22612.979: [GC (Allocation Failure)  368586K->8714K(1038336K), 0.0031622 secs]
22613.330: [GC (Allocation Failure)  358410K->8682K(1028608K), 0.0031407 secs]
22613.669: [GC (Allocation Failure)  348650K->8682K(1019392K), 0.0031363 secs]
22614.003: [GC (Allocation Failure)  339434K->8682K(1010176K), 0.0045142 secs]
22614.329: [GC (Allocation Failure)  330218K->8650K(1001472K), 0.0032748 secs]
22614.645: [GC (Allocation Failure)  321482K->8650K(993280K), 0.0033904 secs]
22614.955: [GC (Allocation Failure)  313290K->8682K(1054208K), 0.0034323 secs]
22615.319: [GC (Allocation Failure)  374250K->8682K(1043968K), 0.0031092 secs]
22615.675: [GC (Allocation Failure)  364010K->8650K(1033728K), 0.0032550 secs]
22616.049: [GC (Allocation Failure)  353738K->8650K(1024000K), 0.0038083 secs]
22616.387: [GC (Allocation Failure)  344010K->8682K(1014784K), 0.0031971 secs]
22616.715: [GC (Allocation Failure)  334826K->8682K(1006080K), 0.0033253 secs]
22617.034: [GC (Allocation Failure)  326122K->8650K(1069568K), 0.0042562 secs]
22617.420: [GC (Allocation Failure)  389578K->8650K(1058304K), 0.0034953 secs]
22617.793: [GC (Allocation Failure)  378314K->8650K(1047552K), 0.0037973 secs]
22618.153: [GC (Allocation Failure)  367562K->8682K(1037312K), 0.0028330 secs]
22618.498: [GC (Allocation Failure)  357354K->8682K(1107456K), 0.0049564 secs]
22618.911: [GC (Allocation Failure)  427498K->8682K(1191424K), 0.0045923 secs]
22619.403: [GC (Allocation Failure)  511466K->8650K(1175040K), 0.0032000 secs]
22619.880: [GC (Allocation Failure)  495050K->8714K(1159168K), 0.0031631 secs]
22620.341: [GC (Allocation Failure)  479242K->8682K(1144320K), 0.0032796 secs]
22620.788: [GC (Allocation Failure)  464362K->8650K(1129984K), 0.0027156 secs]
22621.280: [GC (Allocation Failure)  449994K->8682K(1116160K), 0.0034564 secs]
22621.702: [GC (Allocation Failure)  436202K->8682K(1201664K), 0.0095910 secs]
22622.215: [GC (Allocation Failure)  521706K->8650K(1184768K), 0.0027851 secs]
22622.703: [GC (Allocation Failure)  504778K->8650K(1168896K), 0.0030310 secs]
22623.177: [GC (Allocation Failure)  488906K->8714K(1153536K), 0.0028974 secs]
22623.636: [GC (Allocation Failure)  473610K->8650K(1138688K), 0.0029654 secs]
22624.080: [GC (Allocation Failure)  458698K->8682K(1124864K), 0.0029812 secs]
22624.513: [GC (Allocation Failure)  444906K->8650K(1111552K), 0.0024716 secs]
22624.933: [GC (Allocation Failure)  431562K->8682K(1098752K), 0.0028494 secs]
22625.339: [GC (Allocation Failure)  418794K->8650K(1086464K), 0.0032592 secs]
22625.735: [GC (Allocation Failure)  406474K->8682K(1074688K), 0.0052348 secs]
22626.126: [GC (Allocation Failure)  394730K->8650K(1063424K), 0.0038134 secs]
22626.502: [GC (Allocation Failure)  383434K->8682K(1052672K), 0.0034443 secs]
22626.866: [GC (Allocation Failure)  372714K->8682K(1042432K), 0.0028135 secs]
22627.220: [GC (Allocation Failure)  362474K->8682K(1032704K), 0.0029218 secs]
22627.565: [GC (Allocation Failure)  352746K->8650K(1022976K), 0.0033642 secs]
22627.901: [GC (Allocation Failure)  342986K->8650K(1013760K), 0.0033070 secs]
22628.228: [GC (Allocation Failure)  333770K->8650K(1005056K), 0.0034064 secs]
22628.548: [GC (Allocation Failure)  325066K->8650K(996352K), 0.0033922 secs]
22628.858: [GC (Allocation Failure)  316362K->8714K(988160K), 0.0028746 secs]
22629.160: [GC (Allocation Failure)  308234K->8650K(980480K), 0.0037244 secs]
22629.455: [GC (Allocation Failure)  300490K->8650K(1038848K), 0.0042051 secs]
22629.811: [GC (Allocation Failure)  358858K->8682K(1108992K), 0.0030978 secs]
22630.228: [GC (Allocation Failure)  429034K->8650K(1096192K), 0.0031742 secs]
22630.634: [GC (Allocation Failure)  416202K->8682K(1083904K), 0.0036191 secs]
22631.029: [GC (Allocation Failure)  403946K->8714K(1072128K), 0.0031793 secs]
22631.411: [GC (Allocation Failure)  392202K->8650K(1060864K), 0.0036682 secs]
22631.808: [GC (Allocation Failure)  380874K->8650K(1050112K), 0.0032662 secs]
22632.169: [GC (Allocation Failure)  370122K->8682K(1039872K), 0.0031172 secs]
22632.522: [GC (Allocation Failure)  359914K->8682K(1030144K), 0.0036201 secs]
22632.865: [GC (Allocation Failure)  350186K->8650K(1020928K), 0.0037369 secs]
22633.199: [GC (Allocation Failure)  340938K->8650K(1011712K), 0.0034571 secs]
22633.524: [GC (Allocation Failure)  331722K->8650K(1003008K), 0.0034146 secs]
22633.840: [GC (Allocation Failure)  323018K->8682K(994816K), 0.0030258 secs]
22634.149: [GC (Allocation Failure)  314858K->8682K(986624K), 0.0027255 secs]
22634.450: [GC (Allocation Failure)  306666K->8650K(978944K), 0.0033039 secs]
22634.743: [GC (Allocation Failure)  298954K->8682K(971264K), 0.0031880 secs]
22635.029: [GC (Allocation Failure)  291306K->8650K(1028096K), 0.0032666 secs]
22635.371: [GC (Allocation Failure)  348106K->8682K(1096192K), 0.0039589 secs]
22635.778: [GC (Allocation Failure)  416234K->8682K(1083904K), 0.0035194 secs]
22636.170: [GC (Allocation Failure)  403946K->8650K(1072128K), 0.0034054 secs]
22636.553: [GC (Allocation Failure)  392138K->8714K(1060864K), 0.0129052 secs]
22636.937: [GC (Allocation Failure)  380938K->8650K(1050112K), 0.0031699 secs]
22637.298: [GC (Allocation Failure)  370122K->8650K(1039872K), 0.0028500 secs]
22637.647: [GC (Allocation Failure)  359882K->8650K(1030144K), 0.0037479 secs]
22637.990: [GC (Allocation Failure)  350154K->8650K(1020928K), 0.0036469 secs]
22638.323: [GC (Allocation Failure)  340938K->8650K(1011712K), 0.0031761 secs]
22638.646: [GC (Allocation Failure)  331722K->8618K(1003008K), 0.0031719 secs]
22638.961: [GC (Allocation Failure)  322986K->8650K(994816K), 0.0034451 secs]
22639.270: [GC (Allocation Failure)  314826K->8682K(986624K), 0.0031114 secs]
22639.570: [GC (Allocation Failure)  306666K->8682K(978944K), 0.0033436 secs]
22639.863: [GC (Allocation Failure)  298986K->8682K(1037312K), 0.0038312 secs]
22640.211: [GC (Allocation Failure)  357354K->8650K(1107456K), 0.0036062 secs]
22640.627: [GC (Allocation Failure)  427466K->8682K(1094656K), 0.0034041 secs]
22641.030: [GC (Allocation Failure)  414698K->8650K(1082368K), 0.0032402 secs]
22641.421: [GC (Allocation Failure)  402378K->8650K(1070592K), 0.0033634 secs]
22641.801: [GC (Allocation Failure)  390602K->8682K(1059328K), 0.0033694 secs]
22642.186: [GC (Allocation Failure)  379370K->8650K(1048576K), 0.0033371 secs]
22642.544: [GC (Allocation Failure)  368586K->8650K(1038336K), 0.0032888 secs]
22642.895: [GC (Allocation Failure)  358346K->8682K(1028608K), 0.0035993 secs]
22643.234: [GC (Allocation Failure)  348650K->8650K(1019392K), 0.0030357 secs]
22643.564: [GC (Allocation Failure)  339402K->8682K(1010176K), 0.0040678 secs]
22643.891: [GC (Allocation Failure)  330218K->8650K(1001472K), 0.0032919 secs]
22644.205: [GC (Allocation Failure)  321482K->8650K(993280K), 0.0034254 secs]
22644.511: [GC (Allocation Failure)  313290K->8650K(985088K), 0.0028412 secs]
22644.809: [GC (Allocation Failure)  305098K->8682K(977408K), 0.0032846 secs]
22645.100: [GC (Allocation Failure)  297450K->8650K(970240K), 0.0029228 secs]
22645.383: [GC (Allocation Failure)  290250K->8682K(963072K), 0.0030287 secs]
22645.661: [GC (Allocation Failure)  283114K->8682K(1018368K), 0.0031510 secs]
22645.990: [GC (Allocation Failure)  338410K->8682K(1009152K), 0.0032411 secs]
22646.310: [GC (Allocation Failure)  329194K->8650K(1000448K), 0.0030902 secs]
22646.622: [GC (Allocation Failure)  320458K->8682K(992256K), 0.0030468 secs]
22646.927: [GC (Allocation Failure)  312298K->8650K(984064K), 0.0031412 secs]
22647.258: [GC (Allocation Failure)  304074K->8618K(976384K), 0.0033992 secs]
22647.551: [GC (Allocation Failure)  296362K->8650K(1034240K), 0.0035089 secs]
22647.896: [GC (Allocation Failure)  354250K->8714K(1024512K), 0.0033507 secs]
22648.232: [GC (Allocation Failure)  344586K->8714K(1015296K), 0.0026014 secs]
22648.559: [GC (Allocation Failure)  335370K->8682K(1006592K), 0.0030295 secs]
22648.879: [GC (Allocation Failure)  326634K->8650K(997888K), 0.0030589 secs]
22649.189: [GC (Allocation Failure)  317898K->8682K(989696K), 0.0031020 secs]
22649.492: [GC (Allocation Failure)  309738K->8714K(982016K), 0.0031889 secs]
22649.788: [GC (Allocation Failure)  302090K->8682K(974336K), 0.0031427 secs]
22650.078: [GC (Allocation Failure)  294378K->8714K(1031680K), 0.0035784 secs]
22650.424: [GC (Allocation Failure)  351754K->8682K(1100288K), 0.0040648 secs]
22650.834: [GC (Allocation Failure)  420330K->8682K(1088000K), 0.0032373 secs]
22651.230: [GC (Allocation Failure)  408042K->8650K(1076224K), 0.0036107 secs]
22651.617: [GC (Allocation Failure)  396234K->8682K(1064960K), 0.0032542 secs]
22651.992: [GC (Allocation Failure)  385002K->8714K(1054208K), 0.0032001 secs]
22652.393: [GC (Allocation Failure)  374282K->8650K(1043968K), 0.0036479 secs]
22652.748: [GC (Allocation Failure)  363978K->8682K(1033728K), 0.0035365 secs]
22653.092: [GC (Allocation Failure)  353770K->8650K(1024000K), 0.0039580 secs]
22653.432: [GC (Allocation Failure)  344010K->8682K(1014784K), 0.0039358 secs]
22653.760: [GC (Allocation Failure)  334826K->8650K(1080320K), 0.0034949 secs]
22654.151: [GC (Allocation Failure)  400330K->8682K(1068544K), 0.0034001 secs]
22654.528: [GC (Allocation Failure)  388586K->8650K(1057280K), 0.0036938 secs]
22654.896: [GC (Allocation Failure)  377290K->8682K(1046528K), 0.0036560 secs]
22655.255: [GC (Allocation Failure)  366570K->8650K(1036288K), 0.0041982 secs]
22655.604: [GC (Allocation Failure)  356298K->8650K(1105920K), 0.0044100 secs]
22656.021: [GC (Allocation Failure)  425930K->8650K(1189376K), 0.0039989 secs]
22656.518: [GC (Allocation Failure)  509386K->8650K(1172992K), 0.0041257 secs]
22657.001: [GC (Allocation Failure)  493002K->8650K(1157632K), 0.0040476 secs]
22657.494: [GC (Allocation Failure)  477642K->8650K(1142784K), 0.0048374 secs]
22657.945: [GC (Allocation Failure)  462794K->8650K(1128448K), 0.0036567 secs]
22658.381: [GC (Allocation Failure)  448458K->8714K(1114624K), 0.0036507 secs]
22658.803: [GC (Allocation Failure)  434698K->8650K(1101824K), 0.0050820 secs]
22659.220: [GC (Allocation Failure)  421834K->8714K(1089536K), 0.0036087 secs]
22659.618: [GC (Allocation Failure)  409610K->8682K(1077760K), 0.0034014 secs]
22660.004: [GC (Allocation Failure)  397802K->8714K(1066496K), 0.0037449 secs]
22660.381: [GC (Allocation Failure)  386570K->8650K(1142272K), 0.0050009 secs]
22660.835: [GC (Allocation Failure)  462282K->8714K(1127936K), 0.0038694 secs]
22661.271: [GC (Allocation Failure)  448010K->8682K(1114112K), 0.0037873 secs]
22661.693: [GC (Allocation Failure)  434154K->8682K(1101312K), 0.0029510 secs]
22662.103: [GC (Allocation Failure)  421354K->8682K(1089024K), 0.0037519 secs]
22662.527: [GC (Allocation Failure)  409066K->8650K(1077248K), 0.0040264 secs]
22662.916: [GC (Allocation Failure)  397258K->8650K(1065984K), 0.0038201 secs]
22663.293: [GC (Allocation Failure)  385994K->8682K(1055232K), 0.0047846 secs]
22663.665: [GC (Allocation Failure)  375274K->8746K(1128960K), 0.0039684 secs]
22664.102: [GC (Allocation Failure)  449066K->8650K(1115136K), 0.0042332 secs]
22664.530: [GC (Allocation Failure)  435146K->8714K(1102336K), 0.0030815 secs]
22664.941: [GC (Allocation Failure)  422410K->8682K(1090048K), 0.0035767 secs]
22665.340: [GC (Allocation Failure)  410090K->8650K(1078272K), 0.0034036 secs]
22665.728: [GC (Allocation Failure)  398282K->8714K(1067008K), 0.0033826 secs]
22666.107: [GC (Allocation Failure)  387082K->8714K(1056256K), 0.0035711 secs]
22666.475: [GC (Allocation Failure)  376330K->8618K(1045504K), 0.0034628 secs]
22666.833: [GC (Allocation Failure)  365482K->8714K(1035264K), 0.0030113 secs]
22667.181: [GC (Allocation Failure)  355338K->8618K(1025536K), 0.0036316 secs]
22667.517: [GC (Allocation Failure)  345514K->8682K(1016320K), 0.0039120 secs]
22667.845: [GC (Allocation Failure)  336362K->8682K(1007616K), 0.0034865 secs]
22668.163: [GC (Allocation Failure)  327658K->8682K(1071616K), 0.0037017 secs]
22668.544: [GC (Allocation Failure)  391658K->8650K(1148416K), 0.0045585 secs]
22668.996: [GC (Allocation Failure)  468426K->8682K(1134080K), 0.0029332 secs]
22669.434: [GC (Allocation Failure)  454122K->8682K(1120256K), 0.0031203 secs]
22669.860: [GC (Allocation Failure)  440298K->8714K(1106944K), 0.0030046 secs]
22670.273: [GC (Allocation Failure)  427018K->8682K(1094144K), 0.0035158 secs]
22670.674: [GC (Allocation Failure)  414186K->8746K(1081856K), 0.0039934 secs]
22671.064: [GC (Allocation Failure)  401962K->8682K(1070080K), 0.0034362 secs]
22671.443: [GC (Allocation Failure)  390122K->8714K(1058816K), 0.0029923 secs]
22671.811: [GC (Allocation Failure)  378890K->8650K(1048064K), 0.0027879 secs]
22672.167: [GC (Allocation Failure)  368074K->8650K(1037824K), 0.0040943 secs]
22672.517: [GC (Allocation Failure)  357834K->8682K(1028096K), 0.0043836 secs]
22672.884: [GC (Allocation Failure)  348138K->8714K(1018880K), 0.0034106 secs]
22673.214: [GC (Allocation Failure)  338954K->8650K(1009664K), 0.0033045 secs]
22673.536: [GC (Allocation Failure)  329674K->8714K(1000960K), 0.0025375 secs]
22673.850: [GC (Allocation Failure)  321034K->8650K(992768K), 0.0030654 secs]
22674.157: [GC (Allocation Failure)  312778K->8650K(984576K), 0.0026622 secs]
22674.455: [GC (Allocation Failure)  304586K->8650K(976896K), 0.0033102 secs]
22674.746: [GC (Allocation Failure)  296906K->8682K(969728K), 0.0031752 secs]
22675.031: [GC (Allocation Failure)  289770K->8650K(1026048K), 0.0031669 secs]
22675.369: [GC (Allocation Failure)  346058K->8650K(1016832K), 0.0025393 secs]
22675.698: [GC (Allocation Failure)  336842K->8618K(1008128K), 0.0039777 secs]
22676.020: [GC (Allocation Failure)  328106K->8682K(999424K), 0.0032635 secs]
22676.333: [GC (Allocation Failure)  319466K->8682K(991232K), 0.0031413 secs]
22676.638: [GC (Allocation Failure)  311274K->8682K(1052160K), 0.0034771 secs]
22677.001: [GC (Allocation Failure)  372202K->8650K(1041920K), 0.0029416 secs]
22677.356: [GC (Allocation Failure)  361930K->8650K(1032192K), 0.0039900 secs]
22677.701: [GC (Allocation Failure)  352202K->8714K(1022464K), 0.0027810 secs]
22678.064: [GC (Allocation Failure)  342538K->8714K(1013248K), 0.0035290 secs]
22678.391: [GC (Allocation Failure)  333322K->8650K(1004544K), 0.0030323 secs]
22678.709: [GC (Allocation Failure)  324554K->8682K(996352K), 0.0027302 secs]
22679.019: [GC (Allocation Failure)  316394K->8714K(988160K), 0.0036465 secs]
22679.320: [GC (Allocation Failure)  308234K->8682K(980480K), 0.0032098 secs]
22679.615: [GC (Allocation Failure)  300522K->8714K(1038848K), 0.0033440 secs]
22679.967: [GC (Allocation Failure)  358922K->8682K(1108992K), 0.0035268 secs]
22680.385: [GC (Allocation Failure)  429034K->8650K(1096192K), 0.0027880 secs]
22680.789: [GC (Allocation Failure)  416202K->8682K(1083904K), 0.0032071 secs]
22681.183: [GC (Allocation Failure)  403946K->8618K(1072128K), 0.0032488 secs]
22681.562: [GC (Allocation Failure)  392106K->8682K(1060864K), 0.0029610 secs]
22681.934: [GC (Allocation Failure)  380906K->8650K(1050112K), 0.0041457 secs]
22682.295: [GC (Allocation Failure)  370122K->8650K(1039872K), 0.0039863 secs]
22682.648: [GC (Allocation Failure)  359882K->8714K(1110528K), 0.0050410 secs]
22683.074: [GC (Allocation Failure)  430602K->8650K(1097728K), 0.0034806 secs]
22683.479: [GC (Allocation Failure)  417738K->8682K(1085440K), 0.0030533 secs]
22683.872: [GC (Allocation Failure)  405482K->8714K(1073664K), 0.0028771 secs]
22684.254: [GC (Allocation Failure)  393738K->8746K(1062400K), 0.0028038 secs]
22684.626: [GC (Allocation Failure)  382506K->8682K(1051648K), 0.0022944 secs]
22684.987: [GC (Allocation Failure)  371690K->8650K(1041408K), 0.0032814 secs]
22685.338: [GC (Allocation Failure)  361418K->8650K(1031680K), 0.0041483 secs]
22685.685: [GC (Allocation Failure)  351690K->8682K(1021952K), 0.0038051 secs]
22686.018: [GC (Allocation Failure)  341994K->8650K(1012736K), 0.0031906 secs]
22686.342: [GC (Allocation Failure)  332746K->8682K(1004032K), 0.0031707 secs]
22686.658: [GC (Allocation Failure)  324074K->8650K(995840K), 0.0028986 secs]
22686.967: [GC (Allocation Failure)  315850K->8650K(1057280K), 0.0044713 secs]
22687.339: [GC (Allocation Failure)  377290K->8650K(1046528K), 0.0032268 secs]
22687.696: [GC (Allocation Failure)  366538K->8682K(1036288K), 0.0029668 secs]
22688.046: [GC (Allocation Failure)  356330K->8650K(1026560K), 0.0030376 secs]
22688.384: [GC (Allocation Failure)  346570K->8682K(1017344K), 0.0032183 secs]
22688.740: [GC (Allocation Failure)  337386K->8650K(1008640K), 0.0030220 secs]
22689.061: [GC (Allocation Failure)  328650K->8714K(999936K), 0.0034172 secs]
22689.374: [GC (Allocation Failure)  320010K->8682K(991744K), 0.0036283 secs]
22689.680: [GC (Allocation Failure)  311786K->8682K(984064K), 0.0026692 secs]
22689.978: [GC (Allocation Failure)  304106K->8682K(976384K), 0.0029950 secs]
22690.267: [GC (Allocation Failure)  296426K->8714K(969216K), 0.0025496 secs]
22690.549: [GC (Allocation Failure)  289290K->8650K(962048K), 0.0033317 secs]
22690.829: [GC (Allocation Failure)  282058K->8650K(1016832K), 0.0035114 secs]
22691.161: [GC (Allocation Failure)  336842K->8682K(1082880K), 0.0034735 secs]
22691.553: [GC (Allocation Failure)  402922K->8682K(1071104K), 0.0028811 secs]
22691.931: [GC (Allocation Failure)  391146K->8714K(1059840K), 0.0033134 secs]
22692.302: [GC (Allocation Failure)  379914K->8714K(1049088K), 0.0025936 secs]
22692.660: [GC (Allocation Failure)  369162K->8650K(1038848K), 0.0035739 secs]
22693.010: [GC (Allocation Failure)  358858K->8714K(1029120K), 0.0034328 secs]
22693.349: [GC (Allocation Failure)  349194K->8650K(1019904K), 0.0031401 secs]
22693.680: [GC (Allocation Failure)  339914K->8650K(1010688K), 0.0037986 secs]
22694.036: [GC (Allocation Failure)  330698K->8682K(1001984K), 0.0038572 secs]
22694.351: [GC (Allocation Failure)  322026K->8682K(1064960K), 0.0035183 secs]
22694.725: [GC (Allocation Failure)  385002K->8682K(1054208K), 0.0029145 secs]
22695.099: [GC (Allocation Failure)  374250K->8714K(1043968K), 0.0026979 secs]
22695.452: [GC (Allocation Failure)  364042K->8714K(1033728K), 0.0029702 secs]
22695.796: [GC (Allocation Failure)  353802K->8682K(1024000K), 0.0033081 secs]
22696.131: [GC (Allocation Failure)  344042K->8682K(1014784K), 0.0032091 secs]
22696.457: [GC (Allocation Failure)  334826K->8650K(1006080K), 0.0032897 secs]
22696.775: [GC (Allocation Failure)  326090K->8714K(997376K), 0.0031170 secs]
22697.085: [GC (Allocation Failure)  317450K->8682K(1059328K), 0.0040093 secs]
22697.455: [GC (Allocation Failure)  379370K->8746K(1048576K), 0.0028187 secs]
22697.814: [GC (Allocation Failure)  368682K->8682K(1038336K), 0.0032740 secs]
22698.164: [GC (Allocation Failure)  358378K->8682K(1028608K), 0.0031295 secs]
22698.506: [GC (Allocation Failure)  348650K->8650K(1019392K), 0.0036127 secs]
22698.840: [GC (Allocation Failure)  339402K->8682K(1010176K), 0.0032245 secs]
22699.163: [GC (Allocation Failure)  330218K->8650K(1074688K), 0.0043315 secs]
22699.552: [GC (Allocation Failure)  394698K->8650K(1152000K), 0.0037187 secs]
22700.009: [GC (Allocation Failure)  472010K->8682K(1137152K), 0.0022813 secs]
22700.450: [GC (Allocation Failure)  457194K->8682K(1123328K), 0.0034811 secs]
22700.881: [GC (Allocation Failure)  443370K->8682K(1110016K), 0.0033733 secs]
22701.297: [GC (Allocation Failure)  430058K->8714K(1097216K), 0.0036964 secs]
22701.702: [GC (Allocation Failure)  417290K->8650K(1084928K), 0.0044936 secs]
22702.097: [GC (Allocation Failure)  404938K->8650K(1073152K), 0.0033762 secs]
22702.479: [GC (Allocation Failure)  393162K->8714K(1061888K), 0.0035748 secs]
22702.852: [GC (Allocation Failure)  381962K->8682K(1051136K), 0.0032902 secs]
22703.214: [GC (Allocation Failure)  371178K->8714K(1040896K), 0.0032901 secs]
22703.565: [GC (Allocation Failure)  360970K->8682K(1031168K), 0.0027255 secs]
22703.907: [GC (Allocation Failure)  351210K->8650K(1021440K), 0.0032743 secs]
22704.262: [GC (Allocation Failure)  341450K->8682K(1012224K), 0.0029384 secs]
22704.586: [GC (Allocation Failure)  332266K->8650K(1003520K), 0.0029378 secs]
22704.905: [GC (Allocation Failure)  323530K->8650K(995328K), 0.0038371 secs]
22705.214: [GC (Allocation Failure)  315338K->8714K(987136K), 0.0025545 secs]
22705.516: [GC (Allocation Failure)  307210K->8682K(979456K), 0.0035934 secs]
22705.809: [GC (Allocation Failure)  299498K->8714K(1037824K), 0.0036843 secs]
22706.157: [GC (Allocation Failure)  357898K->8682K(1107968K), 0.0041827 secs]
22706.579: [GC (Allocation Failure)  428010K->8650K(1191936K), 0.0035797 secs]
22707.077: [GC (Allocation Failure)  511946K->8682K(1175552K), 0.0036897 secs]
22707.558: [GC (Allocation Failure)  495594K->8650K(1159680K), 0.0041331 secs]
22708.025: [GC (Allocation Failure)  479690K->8714K(1144832K), 0.0029779 secs]
22708.475: [GC (Allocation Failure)  464906K->8650K(1130496K), 0.0029417 secs]
22708.913: [GC (Allocation Failure)  450506K->8714K(1116672K), 0.0028220 secs]
22709.366: [GC (Allocation Failure)  436746K->8650K(1103360K), 0.0048484 secs]
22709.780: [GC (Allocation Failure)  423370K->8650K(1091072K), 0.0037956 secs]
22710.181: [GC (Allocation Failure)  411082K->8650K(1079296K), 0.0027070 secs]
22710.570: [GC (Allocation Failure)  399306K->8714K(1068032K), 0.0034745 secs]
22710.948: [GC (Allocation Failure)  388106K->8682K(1056768K), 0.0032108 secs]
22711.315: [GC (Allocation Failure)  376810K->8650K(1046016K), 0.0042783 secs]
22711.673: [GC (Allocation Failure)  366026K->8682K(1035776K), 0.0032895 secs]
22712.020: [GC (Allocation Failure)  355818K->8682K(1026048K), 0.0038350 secs]
22712.360: [GC (Allocation Failure)  346090K->8682K(1016832K), 0.0035290 secs]
22712.690: [GC (Allocation Failure)  336874K->8682K(1008128K), 0.0036901 secs]
22713.011: [GC (Allocation Failure)  328170K->8682K(1072128K), 0.0036352 secs]
22713.394: [GC (Allocation Failure)  392170K->8650K(1060864K), 0.0028799 secs]
22713.765: [GC (Allocation Failure)  380874K->8714K(1050112K), 0.0025467 secs]
22714.127: [GC (Allocation Failure)  370186K->8714K(1039872K), 0.0028913 secs]
22714.502: [GC (Allocation Failure)  359946K->8650K(1030144K), 0.0040319 secs]
22714.846: [GC (Allocation Failure)  350154K->8682K(1020928K), 0.0033026 secs]
22715.180: [GC (Allocation Failure)  340970K->8682K(1087488K), 0.0043682 secs]
22715.582: [GC (Allocation Failure)  407530K->8650K(1075712K), 0.0040563 secs]
22715.969: [GC (Allocation Failure)  395722K->8714K(1064448K), 0.0034232 secs]
22716.344: [GC (Allocation Failure)  384522K->8682K(1053696K), 0.0027892 secs]
22716.708: [GC (Allocation Failure)  373738K->8682K(1043456K), 0.0030440 secs]
22717.064: [GC (Allocation Failure)  363498K->8714K(1033216K), 0.0032584 secs]
22717.410: [GC (Allocation Failure)  353290K->8650K(1023488K), 0.0024212 secs]
22717.746: [GC (Allocation Failure)  343498K->8714K(1014272K), 0.0025429 secs]
