Java HotSpot(TM) 64-Bit Server VM (25.91-b14) for linux-amd64 JRE (1.8.0_91-b14), built on Apr  1 2016 00:57:21 by "java_re" with gcc 4.3.0 20080428 (Red Hat 4.3.0-8)
Memory: 4k page, physical 10239976k(3863572k free), swap 4192252k(4192252k free)
CommandLine flags: -XX:InitialHeapSize=163839616 -XX:MaxHeapSize=2621433856 -XX:+PrintGC -XX:+PrintGCTimeStamps -XX:+UseCompressedClassPointers -XX:+UseCompressedOops 
0.636: [GC (Allocation Failure)  43136K->7548K(156416K), 0.0154964 secs]
0.887: [GC (Allocation Failure)  50684K->13643K(156416K), 0.0319614 secs]
1.127: [GC (Allocation Failure)  56779K->19650K(156416K), 0.0319993 secs]
1.352: [GC (Allocation Failure)  62786K->26179K(156416K), 0.0337135 secs]
1.581: [GC (Allocation Failure)  69315K->32902K(156416K), 0.0166204 secs]
1.763: [GC (Allocation Failure)  76038K->38725K(156416K), 0.0262214 secs]
2.017: [GC (Allocation Failure)  81861K->44375K(156416K), 0.0212459 secs]
2.276: [GC (Allocation Failure)  87511K->50397K(156416K), 0.0307414 secs]
2.479: [GC (Allocation Failure)  93533K->57044K(156416K), 0.0261299 secs]
2.663: [GC (Allocation Failure)  100180K->63361K(156416K), 0.0356928 secs]
2.855: [GC (Allocation Failure)  106497K->69188K(156416K), 0.0279973 secs]
3.036: [GC (Allocation Failure)  112324K->74338K(156416K), 0.0280444 secs]
3.224: [GC (Allocation Failure)  117474K->79090K(156416K), 0.0219197 secs]
3.397: [GC (Allocation Failure)  122226K->84659K(156416K), 0.0201082 secs]
3.555: [GC (Allocation Failure)  127795K->90832K(156416K), 0.0206630 secs]
3.678: [GC (Allocation Failure)  133968K->96350K(156416K), 0.0196768 secs]
3.766: [GC (Allocation Failure)  139486K->102494K(156416K), 0.0208368 secs]
3.856: [GC (Allocation Failure)  145630K->107441K(156416K), 0.0170885 secs]
3.966: [GC (Allocation Failure)  150577K->113580K(156800K), 0.0188895 secs]
3.985: [Full GC (Allocation Failure)  113580K->111019K(156800K), 0.1295357 secs]
4.255: [GC (Allocation Failure)  180543K->119116K(261760K), 0.0356514 secs]
4.901: [GC (Allocation Failure)  191372K->136451K(261760K), 0.0537368 secs]
5.476: [GC (Allocation Failure)  208707K->147828K(261760K), 0.0674828 secs]
6.037: [GC (Allocation Failure)  220084K->159563K(261760K), 0.0448996 secs]
6.559: [GC (Allocation Failure)  231819K->171616K(261760K), 0.0382741 secs]
7.023: [GC (Allocation Failure)  243872K->181268K(261760K), 0.0505350 secs]
7.518: [GC (Allocation Failure)  253524K->191218K(263488K), 0.0626774 secs]
7.581: [Full GC (Allocation Failure)  191218K->154809K(263488K), 0.2976063 secs]
8.474: [GC (Allocation Failure)  258105K->170878K(374176K), 0.0478105 secs]
9.037: [GC (Allocation Failure)  274174K->187039K(374176K), 0.0894553 secs]
9.429: [Full GC (System.gc())  241317K->171407K(374176K), 0.3832485 secs]
9.816: [Full GC (System.gc())  171407K->161245K(414256K), 0.3598488 secs]
10.181: [Full GC (System.gc())  161245K->161245K(414256K), 0.3122958 secs]
10.493: [Full GC (System.gc())  161245K->161245K(414256K), 0.3128991 secs]
10.806: [Full GC (System.gc())  161245K->161245K(414256K), 0.3026285 secs]
11.854: [Full GC (System.gc())  186632K->156432K(414256K), 0.3635984 secs]
12.223: [Full GC (System.gc())  156432K->156432K(414256K), 0.3135303 secs]
12.540: [Full GC (System.gc())  156432K->156432K(414256K), 0.3236511 secs]
12.864: [Full GC (System.gc())  156432K->156432K(414256K), 0.3235912 secs]
13.188: [Full GC (System.gc())  156432K->156432K(414256K), 0.3173770 secs]
13.560: [Full GC (System.gc())  158772K->157142K(414256K), 0.3224515 secs]
13.888: [Full GC (System.gc())  157142K->157142K(414256K), 0.3218802 secs]
14.218: [Full GC (System.gc())  157142K->157142K(414256K), 0.3137256 secs]
14.537: [Full GC (System.gc())  157142K->146131K(414256K), 0.3373107 secs]
14.875: [Full GC (System.gc())  146131K->146131K(414256K), 0.3239393 secs]
15.200: [Full GC (System.gc())  148385K->146133K(414256K), 0.3229034 secs]
15.523: [Full GC (System.gc())  146133K->146133K(414256K), 0.3264271 secs]
15.850: [Full GC (System.gc())  146133K->146126K(414256K), 0.3246208 secs]
16.175: [Full GC (System.gc())  146126K->146126K(414256K), 0.3088591 secs]
16.484: [Full GC (System.gc())  146126K->146126K(414256K), 0.3164954 secs]
19.113: [GC (Allocation Failure)  260430K->152698K(414256K), 0.0334378 secs]
21.448: [GC (Allocation Failure)  267002K->157630K(414256K), 0.0399650 secs]
23.582: [GC (Allocation Failure)  271934K->163200K(414256K), 0.0664105 secs]
24.870: [GC (Allocation Failure)  277504K->168310K(414256K), 0.0654975 secs]
26.377: [GC (Allocation Failure)  282614K->175702K(414256K), 0.0741568 secs]
27.762: [GC (Allocation Failure)  290006K->182521K(414256K), 0.0752341 secs]
29.469: [GC (Allocation Failure)  296825K->188630K(414256K), 0.0329558 secs]
30.717: [GC (Allocation Failure)  302934K->194469K(414256K), 0.0689130 secs]
31.917: [GC (Allocation Failure)  308773K->201051K(414256K), 0.0771352 secs]
33.798: [GC (Allocation Failure)  315355K->206882K(414256K), 0.0461071 secs]
35.898: [GC (Allocation Failure)  321186K->213002K(414256K), 0.1195887 secs]
37.075: [GC (Allocation Failure)  327306K->218351K(414256K), 0.0750498 secs]
38.029: [GC (Allocation Failure)  332655K->223318K(414256K), 0.0919487 secs]
40.104: [GC (Allocation Failure)  337622K->230800K(414256K), 0.0555465 secs]
42.333: [GC (Allocation Failure)  345104K->238688K(414256K), 0.0606964 secs]
43.840: [GC (Allocation Failure)  352992K->244300K(414256K), 0.0653138 secs]
45.531: [GC (Allocation Failure)  358604K->250306K(414256K), 0.0558434 secs]
47.096: [GC (Allocation Failure)  364610K->254688K(414256K), 0.0449953 secs]
48.801: [GC (Allocation Failure)  368992K->261645K(414256K), 0.0845379 secs]
49.837: [GC (Allocation Failure)  375949K->266760K(414256K), 0.0833372 secs]
51.145: [GC (Allocation Failure)  381064K->270278K(414256K), 0.0487221 secs]
52.694: [GC (Allocation Failure)  384582K->275902K(414256K), 0.0426569 secs]
53.978: [GC (Allocation Failure)  390206K->281482K(414256K), 0.0466467 secs]
55.208: [GC (Allocation Failure)  395786K->286929K(414256K), 0.0467209 secs]
56.846: [GC (Allocation Failure)  401233K->294160K(414256K), 0.0688242 secs]
58.167: [GC (Allocation Failure)  408464K->300146K(422896K), 0.0546634 secs]
58.222: [Full GC (Allocation Failure)  300146K->281751K(422896K), 0.8809830 secs]
61.216: [GC (Allocation Failure)  469719K->289203K(680980K), 0.0355916 secs]
63.814: [GC (Allocation Failure)  477171K->298667K(680980K), 0.0634422 secs]
64.979: [GC (Allocation Failure)  486635K->307541K(680980K), 0.0678299 secs]
66.727: [GC (Allocation Failure)  495509K->315283K(680980K), 0.0922878 secs]
68.627: [GC (Allocation Failure)  503251K->326474K(680980K), 0.0523635 secs]
70.749: [GC (Allocation Failure)  514442K->337924K(680980K), 0.0832359 secs]
73.901: [GC (Allocation Failure)  525892K->351115K(680980K), 0.1183294 secs]
77.264: [GC (Allocation Failure)  539083K->365092K(680980K), 0.1028550 secs]
79.843: [GC (Allocation Failure)  553060K->378602K(680980K), 0.1059441 secs]
83.257: [GC (Allocation Failure)  566570K->395935K(680980K), 0.1090441 secs]
85.982: [GC (Allocation Failure)  583903K->414807K(680980K), 0.0727965 secs]
86.932: [GC (Allocation Failure)  602775K->415065K(680980K), 0.0443526 secs]
88.397: [GC (Allocation Failure)  603033K->428581K(680980K), 0.0518619 secs]
89.750: [GC (Allocation Failure)  616549K->446635K(680980K), 0.0894739 secs]
91.183: [GC (Allocation Failure)  634603K->485956K(680980K), 0.0832162 secs]
92.526: [GC (Allocation Failure)  673924K->501686K(697492K), 0.0583629 secs]
92.584: [Full GC (Allocation Failure)  501686K->399684K(697492K), 1.1114777 secs]
95.490: [GC (Allocation Failure)  666244K->419393K(965984K), 0.0500232 secs]
98.587: [GC (Allocation Failure)  685953K->435316K(965984K), 0.0968753 secs]
101.230: [GC (Allocation Failure)  701876K->452175K(965984K), 0.0847725 secs]
103.380: [GC (Allocation Failure)  718735K->468612K(965984K), 0.0675576 secs]
105.085: [GC (Allocation Failure)  735172K->483964K(965984K), 0.0767722 secs]
107.094: [GC (Allocation Failure)  750524K->497897K(965984K), 0.0826006 secs]
109.801: [GC (Allocation Failure)  764457K->523173K(965984K), 0.2309000 secs]
111.768: [GC (Allocation Failure)  789733K->557295K(965984K), 0.1097919 secs]
112.642: [GC (Allocation Failure)  823855K->634949K(965984K), 0.0971693 secs]
113.976: [GC (Allocation Failure)  901509K->696707K(965984K), 0.0929188 secs]
115.645: [GC (Allocation Failure)  963267K->729808K(996512K), 0.0809948 secs]
115.726: [Full GC (Allocation Failure)  729808K->594705K(996512K), 1.3410919 secs]
118.965: [GC (Allocation Failure)  991249K->706929K(1437256K), 0.0993452 secs]
120.996: [GC (Allocation Failure)  1103473K->776953K(1437256K), 0.1110352 secs]
122.324: [GC (Allocation Failure)  1173497K->903809K(1437256K), 0.1632453 secs]
124.151: [GC (Allocation Failure)  1300353K->1049610K(1446280K), 0.1494904 secs]
124.300: [Full GC (Allocation Failure)  1049610K->683453K(1446280K), 1.4167361 secs]
128.459: [GC (Allocation Failure)  1139133K->730773K(1651732K), 0.1002198 secs]
131.706: [GC (Allocation Failure)  1186453K->754409K(1651732K), 0.1268560 secs]
133.685: [GC (Allocation Failure)  1210089K->772391K(1651732K), 0.0966160 secs]
136.198: [GC (Allocation Failure)  1228071K->793565K(1651732K), 0.1357241 secs]
138.461: [GC (Allocation Failure)  1249245K->829533K(1651732K), 0.1193898 secs]
140.662: [GC (Allocation Failure)  1285213K->879502K(1651732K), 0.1625619 secs]
145.960: [GC (Allocation Failure)  1335182K->907023K(1651732K), 0.3531614 secs]
150.776: [GC (Allocation Failure)  1362703K->1004697K(1651732K), 0.1208797 secs]
151.855: [GC (Allocation Failure)  1460377K->1218502K(1674196K), 0.1645897 secs]
152.020: [Full GC (Allocation Failure)  1218502K->870911K(1674196K), 1.6190915 secs]
156.548: [GC (Allocation Failure)  1451583K->904218K(2104768K), 0.0996251 secs]
159.927: [GC (Allocation Failure)  1484890K->931535K(2104768K), 0.1366425 secs]
162.979: [GC (Allocation Failure)  1512207K->960312K(2104768K), 0.1543225 secs]
164.712: [GC (Allocation Failure)  1540984K->1158524K(2104768K), 0.1976172 secs]
167.236: [GC (Allocation Failure)  1739196K->1256675K(2104768K), 0.1460005 secs]
170.140: [GC (Allocation Failure)  1837347K->1279114K(2104768K), 0.1177254 secs]
173.190: [GC (Allocation Failure)  1859786K->1321886K(2104768K), 0.1028177 secs]
175.085: [GC (Allocation Failure)  1902558K->1483604K(2104768K), 0.2224896 secs]
176.974: [GC (Allocation Failure)  2064276K->1725804K(2306560K), 0.2301611 secs]
177.204: [Full GC (Allocation Failure)  1725804K->1014648K(2306560K), 3.1923887 secs]
181.970: [GC (Allocation Failure)  1691128K->1371719K(2452108K), 0.1659555 secs]
183.971: [Full GC (System.gc())  1940049K->1180656K(2452108K), 1.8819719 secs]
185.853: [Full GC (System.gc())  1180656K->1180656K(2474688K), 1.8830547 secs]
187.736: [Full GC (System.gc())  1180656K->1180656K(2474688K), 1.7953562 secs]
189.532: [Full GC (System.gc())  1180656K->1096118K(2474688K), 2.4068548 secs]
191.940: [Full GC (System.gc())  1096118K->1096118K(2474688K), 2.4750025 secs]
196.408: [GC (Allocation Failure)  1778806K->1112884K(2474688K), 0.0749180 secs]
