Java HotSpot(TM) 64-Bit Server VM (25.91-b14) for linux-amd64 JRE (1.8.0_91-b14), built on Apr  1 2016 00:57:21 by "java_re" with gcc 4.3.0 20080428 (Red Hat 4.3.0-8)
Memory: 4k page, physical 10239976k(3864052k free), swap 4192252k(4192252k free)
CommandLine flags: -XX:InitialHeapSize=163839616 -XX:MaxHeapSize=2621433856 -XX:+PrintGC -XX:+PrintGCTimeStamps -XX:+UseCompressedClassPointers -XX:+UseCompressedOops 
0.767: [GC (Allocation Failure)  43136K->10523K(156416K), 0.0216606 secs]
1.094: [Full GC (System.gc())  49376K->19622K(156416K), 0.0395319 secs]
1.138: [Full GC (System.gc())  19622K->19622K(156544K), 0.0239374 secs]
1.167: [Full GC (System.gc())  19622K->19622K(156544K), 0.0276252 secs]
1.202: [Full GC (System.gc())  19622K->19621K(156544K), 0.0967651 secs]
1.306: [Full GC (System.gc())  19621K->19621K(156544K), 0.0248644 secs]
2.097: [Full GC (System.gc())  39732K->23931K(156544K), 0.0299069 secs]
2.130: [Full GC (System.gc())  23931K->23931K(156544K), 0.0267595 secs]
2.157: [Full GC (System.gc())  23931K->19562K(156544K), 0.0325574 secs]
2.190: [Full GC (System.gc())  19562K->19562K(156544K), 0.0255219 secs]
2.215: [Full GC (System.gc())  19562K->19562K(156544K), 0.0254377 secs]
2.260: [Full GC (System.gc())  20412K->19636K(156544K), 0.0396512 secs]
2.307: [Full GC (System.gc())  19636K->15261K(156544K), 0.0558179 secs]
2.369: [Full GC (System.gc())  15261K->15261K(156544K), 0.0455830 secs]
2.415: [Full GC (System.gc())  15261K->15261K(156544K), 0.1030649 secs]
2.521: [Full GC (System.gc())  15261K->15261K(156544K), 0.0694901 secs]
2.593: [Full GC (System.gc())  16110K->15257K(156544K), 0.0378540 secs]
2.631: [Full GC (System.gc())  15257K->15257K(156544K), 0.0277859 secs]
2.659: [Full GC (System.gc())  15257K->15257K(156544K), 0.0255454 secs]
2.685: [Full GC (System.gc())  15257K->15257K(156544K), 0.0259076 secs]
2.711: [Full GC (System.gc())  15257K->15257K(156544K), 0.0261502 secs]
4.260: [GC (Allocation Failure)  58521K->18192K(156544K), 0.0074239 secs]
4.972: [GC (Allocation Failure)  61456K->20609K(156544K), 0.0172090 secs]
5.425: [GC (Allocation Failure)  63873K->23545K(156544K), 0.0546646 secs]
5.784: [GC (Allocation Failure)  66809K->26159K(156544K), 0.0167899 secs]
6.174: [GC (Allocation Failure)  69423K->29762K(156544K), 0.0166852 secs]
6.442: [Full GC (System.gc())  65066K->31506K(156544K), 0.0793198 secs]
6.526: [Full GC (System.gc())  31506K->31506K(156544K), 0.0657867 secs]
6.597: [Full GC (System.gc())  31506K->31506K(156544K), 0.1040868 secs]
6.706: [Full GC (System.gc())  31506K->28843K(156544K), 0.0737055 secs]
6.789: [Full GC (System.gc())  28843K->28843K(156544K), 0.0710158 secs]
