Java HotSpot(TM) 64-Bit Server VM (25.74-b02) for linux-amd64 JRE (1.8.0_74-b02), built on Jan 29 2016 19:20:56 by "java_re" with gcc 4.3.0 20080428 (Red Hat 4.3.0-8)
Memory: 4k page, physical 65960280k(4497624k free), swap 32767996k(32760132k free)
CommandLine flags: -XX:InitialHeapSize=1055364480 -XX:MaxHeapSize=16885831680 -XX:+PrintGC -XX:+PrintGCTimeStamps -XX:+UseCompressedClassPointers -XX:+UseCompressedOops -XX:+UseParallelGC 
1.554: [GC (Allocation Failure)  258048K->14701K(989184K), 0.0259353 secs]
2.642: [GC (Allocation Failure)  272749K->13048K(1247232K), 0.0240784 secs]
4.095: [GC (Allocation Failure)  529144K->9715K(1247232K), 0.0165234 secs]
5.026: [GC (Allocation Failure)  525811K->12000K(1763328K), 0.0200013 secs]
22568.211: [GC (Allocation Failure)  1044192K->10202K(1763328K), 0.0213483 secs]
22569.288: [GC (Allocation Failure)  1042394K->8794K(2768384K), 0.0111505 secs]
22572.025: [GC (Allocation Failure)  2073178K->8958K(2768384K), 0.0263012 secs]
22573.993: [GC (Allocation Failure)  2073342K->8894K(2661888K), 0.0040762 secs]
22575.845: [GC (Allocation Failure)  1981630K->8734K(2574336K), 0.0046513 secs]
22577.620: [GC (Allocation Failure)  1894430K->8670K(2491904K), 0.0039488 secs]
22579.313: [GC (Allocation Failure)  1811934K->8702K(2432000K), 0.0038615 secs]
22580.920: [GC (Allocation Failure)  1733118K->8734K(2338304K), 0.0032393 secs]
22582.566: [GC (Allocation Failure)  1658398K->8830K(2285568K), 0.0035226 secs]
22584.169: [GC (Allocation Failure)  1587326K->8930K(2199552K), 0.0036811 secs]
22585.654: [GC (Allocation Failure)  1519842K->8770K(2152960K), 0.0033694 secs]
22587.070: [GC (Allocation Failure)  1455170K->8770K(2074112K), 0.0038419 secs]
22588.431: [GC (Allocation Failure)  1394242K->8778K(2032128K), 0.0031734 secs]
22589.738: [GC (Allocation Failure)  1335882K->8786K(1960448K), 0.0043916 secs]
22590.979: [GC (Allocation Failure)  1280594K->8786K(1923072K), 0.0040037 secs]
22592.230: [GC (Allocation Failure)  1227858K->8978K(1857536K), 0.0038005 secs]
22593.440: [GC (Allocation Failure)  1177874K->8898K(1823744K), 0.0036952 secs]
22594.605: [GC (Allocation Failure)  1130178K->8898K(1764352K), 0.0036306 secs]
22595.750: [GC (Allocation Failure)  1084610K->8898K(1733632K), 0.0032646 secs]
22596.820: [GC (Allocation Failure)  1041602K->8962K(1680384K), 0.0034548 secs]
22597.846: [GC (Allocation Failure)  1000706K->8930K(1652224K), 0.0037527 secs]
22598.868: [GC (Allocation Failure)  961762K->8962K(1604096K), 0.0045118 secs]
22599.812: [GC (Allocation Failure)  924418K->8930K(1578496K), 0.0033760 secs]
22600.721: [GC (Allocation Failure)  889058K->8930K(1534976K), 0.0037347 secs]
22601.592: [GC (Allocation Failure)  855266K->8930K(1510912K), 0.0093280 secs]
22602.506: [GC (Allocation Failure)  823010K->8930K(1472000K), 0.0031065 secs]
22603.345: [GC (Allocation Failure)  792290K->8994K(1449984K), 0.0033077 secs]
22604.121: [GC (Allocation Failure)  763170K->8898K(1415168K), 0.0031056 secs]
22604.869: [GC (Allocation Failure)  735426K->8898K(1394688K), 0.0030661 secs]
22605.586: [GC (Allocation Failure)  708802K->8930K(1363456K), 0.0036408 secs]
22606.365: [GC (Allocation Failure)  683746K->8930K(1345024K), 0.0033535 secs]
22607.036: [GC (Allocation Failure)  659682K->8930K(1316352K), 0.0034690 secs]
22607.797: [GC (Allocation Failure)  636642K->8930K(1298944K), 0.0042815 secs]
22608.419: [GC (Allocation Failure)  614626K->8898K(1273344K), 0.0043950 secs]
22609.020: [GC (Allocation Failure)  593602K->8898K(1257472K), 0.0040647 secs]
22609.606: [GC (Allocation Failure)  573634K->8962K(1234432K), 0.0040819 secs]
22610.173: [GC (Allocation Failure)  554754K->8898K(1219072K), 0.0037418 secs]
22610.725: [GC (Allocation Failure)  536258K->8994K(1198592K), 0.0034605 secs]
22611.243: [GC (Allocation Failure)  518946K->8914K(1184256K), 0.0042368 secs]
22611.743: [GC (Allocation Failure)  501970K->8914K(1165824K), 0.0046654 secs]
22612.229: [GC (Allocation Failure)  486098K->8978K(1153024K), 0.0039524 secs]
22612.718: [GC (Allocation Failure)  470802K->8914K(1136128K), 0.0038204 secs]
22613.171: [GC (Allocation Failure)  456402K->8946K(1124352K), 0.0036803 secs]
22613.608: [GC (Allocation Failure)  442610K->8914K(1108992K), 0.0034554 secs]
22614.032: [GC (Allocation Failure)  429266K->8914K(1097728K), 0.0031610 secs]
22614.444: [GC (Allocation Failure)  416466K->8978K(1083904K), 0.0029016 secs]
22614.843: [GC (Allocation Failure)  404242K->9010K(1073664K), 0.0029157 secs]
22615.230: [GC (Allocation Failure)  392498K->8946K(1060864K), 0.0033142 secs]
22615.606: [GC (Allocation Failure)  381170K->8946K(1051136K), 0.0038107 secs]
22615.973: [GC (Allocation Failure)  370418K->8978K(1039872K), 0.0031933 secs]
22616.331: [GC (Allocation Failure)  360210K->8914K(1031168K), 0.0028354 secs]
22616.678: [GC (Allocation Failure)  350418K->8914K(1020928K), 0.0030613 secs]
22617.016: [GC (Allocation Failure)  341202K->8946K(1012224K), 0.0032176 secs]
22617.345: [GC (Allocation Failure)  332018K->8946K(1003008K), 0.0044647 secs]
22617.670: [GC (Allocation Failure)  323314K->8978K(995328K), 0.0035750 secs]
22617.981: [GC (Allocation Failure)  315154K->8978K(986624K), 0.0028136 secs]
22618.282: [GC (Allocation Failure)  306962K->8946K(979456K), 0.0030152 secs]
22618.577: [GC (Allocation Failure)  299250K->8978K(971264K), 0.0036207 secs]
22618.864: [GC (Allocation Failure)  291602K->8914K(1028608K), 0.0031550 secs]
22619.208: [GC (Allocation Failure)  348370K->8946K(1018880K), 0.0033581 secs]
22619.542: [GC (Allocation Failure)  339186K->8946K(1010176K), 0.0030137 secs]
22619.867: [GC (Allocation Failure)  329970K->8914K(1074176K), 0.0043114 secs]
22620.258: [GC (Allocation Failure)  394450K->8946K(1062912K), 0.0033569 secs]
22620.639: [GC (Allocation Failure)  383218K->8946K(1052160K), 0.0032626 secs]
22621.008: [GC (Allocation Failure)  372466K->8914K(1041920K), 0.0032661 secs]
22621.366: [GC (Allocation Failure)  362194K->8946K(1032192K), 0.0031932 secs]
22621.715: [GC (Allocation Failure)  352498K->8946K(1022464K), 0.0032537 secs]
22622.053: [GC (Allocation Failure)  342770K->8914K(1013248K), 0.0035486 secs]
22622.386: [GC (Allocation Failure)  333522K->8946K(1004544K), 0.0031148 secs]
22622.726: [GC (Allocation Failure)  324850K->8978K(996352K), 0.0033362 secs]
22623.019: [GC (Allocation Failure)  316690K->8970K(1058304K), 0.0037541 secs]
22623.379: [GC (Allocation Failure)  378634K->8970K(1132544K), 0.0045080 secs]
22623.804: [GC (Allocation Failure)  452874K->8970K(1118720K), 0.0032854 secs]
22624.215: [GC (Allocation Failure)  439050K->9002K(1105408K), 0.0041764 secs]
22624.617: [GC (Allocation Failure)  425770K->8970K(1092608K), 0.0036098 secs]
22625.001: [GC (Allocation Failure)  412938K->8970K(1080320K), 0.0033292 secs]
22625.377: [GC (Allocation Failure)  400650K->8970K(1068544K), 0.0034083 secs]
22625.739: [GC (Allocation Failure)  388874K->8970K(1057280K), 0.0033864 secs]
22626.092: [GC (Allocation Failure)  377610K->8938K(1046528K), 0.0040709 secs]
22626.440: [GC (Allocation Failure)  366826K->8970K(1118208K), 0.0043207 secs]
22626.854: [GC (Allocation Failure)  438538K->8938K(1104896K), 0.0030438 secs]
22627.251: [GC (Allocation Failure)  425194K->8970K(1092096K), 0.0032199 secs]
22627.635: [GC (Allocation Failure)  412426K->8970K(1079808K), 0.0029682 secs]
22628.035: [GC (Allocation Failure)  400138K->8938K(1068032K), 0.0045451 secs]
22628.401: [GC (Allocation Failure)  388330K->8970K(1056768K), 0.0037471 secs]
22628.752: [GC (Allocation Failure)  377098K->8906K(1046016K), 0.0039061 secs]
22629.098: [GC (Allocation Failure)  366282K->8970K(1035776K), 0.0035437 secs]
22629.429: [GC (Allocation Failure)  356106K->8970K(1026048K), 0.0031990 secs]
22629.750: [GC (Allocation Failure)  346378K->8938K(1016832K), 0.0035185 secs]
22630.062: [GC (Allocation Failure)  337130K->8970K(1008128K), 0.0031421 secs]
22630.367: [GC (Allocation Failure)  328458K->8938K(1072128K), 0.0034577 secs]
22630.734: [GC (Allocation Failure)  392426K->8938K(1060864K), 0.0037139 secs]
22631.088: [GC (Allocation Failure)  381162K->8970K(1050112K), 0.0032190 secs]
22631.432: [GC (Allocation Failure)  370442K->8970K(1039872K), 0.0031697 secs]
22631.765: [GC (Allocation Failure)  360202K->8970K(1110528K), 0.0044395 secs]
22632.171: [GC (Allocation Failure)  430858K->8970K(1097728K), 0.0033355 secs]
22632.559: [GC (Allocation Failure)  418058K->8938K(1085440K), 0.0038346 secs]
22632.937: [GC (Allocation Failure)  405738K->8970K(1073664K), 0.0034254 secs]
22633.302: [GC (Allocation Failure)  393994K->8970K(1062400K), 0.0039508 secs]
22633.661: [GC (Allocation Failure)  382730K->8970K(1051648K), 0.0033882 secs]
22634.007: [GC (Allocation Failure)  371978K->8970K(1041408K), 0.0032901 secs]
22634.342: [GC (Allocation Failure)  361738K->8970K(1031680K), 0.0035689 secs]
22634.668: [GC (Allocation Failure)  352010K->8970K(1021952K), 0.0033086 secs]
22634.991: [GC (Allocation Failure)  342282K->8938K(1012736K), 0.0032378 secs]
22635.311: [GC (Allocation Failure)  333034K->8970K(1004032K), 0.0031578 secs]
22635.614: [GC (Allocation Failure)  324362K->8970K(995840K), 0.0033306 secs]
22635.909: [GC (Allocation Failure)  316170K->8970K(1057280K), 0.0033256 secs]
22636.263: [GC (Allocation Failure)  377610K->9002K(1046528K), 0.0031298 secs]
22636.611: [GC (Allocation Failure)  366890K->9002K(1036288K), 0.0032941 secs]
22636.944: [GC (Allocation Failure)  356650K->8970K(1026560K), 0.0030797 secs]
22637.288: [GC (Allocation Failure)  346890K->8970K(1017344K), 0.0033142 secs]
22637.611: [GC (Allocation Failure)  337674K->8938K(1008640K), 0.0032591 secs]
22637.923: [GC (Allocation Failure)  328938K->8970K(1072640K), 0.0038476 secs]
22638.296: [GC (Allocation Failure)  392970K->8970K(1149440K), 0.0039604 secs]
22638.774: [GC (Allocation Failure)  469770K->8970K(1135104K), 0.0037375 secs]
22639.205: [GC (Allocation Failure)  455434K->8970K(1121280K), 0.0034376 secs]
22639.626: [GC (Allocation Failure)  441610K->8938K(1107968K), 0.0037109 secs]
22640.032: [GC (Allocation Failure)  428266K->8970K(1095168K), 0.0033872 secs]
22640.426: [GC (Allocation Failure)  415498K->8938K(1082880K), 0.0031992 secs]
22640.804: [GC (Allocation Failure)  403178K->9002K(1071104K), 0.0038015 secs]
22641.175: [GC (Allocation Failure)  391466K->8970K(1059840K), 0.0034201 secs]
22641.532: [GC (Allocation Failure)  380170K->8938K(1049088K), 0.0031499 secs]
22641.878: [GC (Allocation Failure)  369386K->8970K(1038848K), 0.0033294 secs]
22642.218: [GC (Allocation Failure)  359178K->8970K(1029120K), 0.0034719 secs]
22642.549: [GC (Allocation Failure)  349450K->8970K(1019904K), 0.0033182 secs]
22642.871: [GC (Allocation Failure)  340234K->8938K(1010688K), 0.0034074 secs]
22643.184: [GC (Allocation Failure)  330986K->8970K(1001984K), 0.0034253 secs]
22643.490: [GC (Allocation Failure)  322314K->8970K(993792K), 0.0033000 secs]
22643.822: [GC (Allocation Failure)  314122K->8938K(985600K), 0.0033371 secs]
22644.111: [GC (Allocation Failure)  305898K->8970K(977920K), 0.0029846 secs]
22644.393: [GC (Allocation Failure)  298250K->8938K(1035776K), 0.0036258 secs]
22644.734: [GC (Allocation Failure)  356074K->8970K(1105408K), 0.0032642 secs]
22645.151: [GC (Allocation Failure)  425738K->9034K(1092608K), 0.0032646 secs]
22645.571: [GC (Allocation Failure)  413002K->8970K(1080320K), 0.0038871 secs]
22645.987: [GC (Allocation Failure)  400650K->8970K(1068544K), 0.0033156 secs]
22646.385: [GC (Allocation Failure)  388874K->9002K(1057280K), 0.0035256 secs]
22646.770: [GC (Allocation Failure)  377642K->8970K(1046528K), 0.0031915 secs]
22647.140: [GC (Allocation Failure)  366858K->8938K(1036288K), 0.0028642 secs]
22647.499: [GC (Allocation Failure)  356586K->8970K(1026560K), 0.0032621 secs]
22647.847: [GC (Allocation Failure)  346890K->8970K(1017344K), 0.0034172 secs]
22648.187: [GC (Allocation Failure)  337674K->8970K(1008640K), 0.0044621 secs]
22648.517: [GC (Allocation Failure)  328970K->8970K(1072640K), 0.0041677 secs]
22648.996: [GC (Allocation Failure)  392970K->8938K(1061376K), 0.0034075 secs]
22649.379: [GC (Allocation Failure)  381674K->8970K(1050624K), 0.0036271 secs]
22649.752: [GC (Allocation Failure)  370954K->8970K(1040384K), 0.0029815 secs]
22650.145: [GC (Allocation Failure)  360714K->8970K(1030656K), 0.0030286 secs]
22650.498: [GC (Allocation Failure)  350986K->8938K(1020928K), 0.0034507 secs]
22650.840: [GC (Allocation Failure)  341226K->8970K(1011712K), 0.0030736 secs]
22651.173: [GC (Allocation Failure)  332042K->8938K(1003008K), 0.0038876 secs]
22651.500: [GC (Allocation Failure)  323306K->8970K(994816K), 0.0033323 secs]
22651.816: [GC (Allocation Failure)  315146K->9002K(986624K), 0.0033150 secs]
22652.123: [GC (Allocation Failure)  306986K->8938K(1046528K), 0.0036134 secs]
22652.492: [GC (Allocation Failure)  366826K->8970K(1036288K), 0.0037577 secs]
22652.852: [GC (Allocation Failure)  356618K->8938K(1105920K), 0.0037874 secs]
22653.284: [GC (Allocation Failure)  426218K->8970K(1093120K), 0.0036089 secs]
22653.700: [GC (Allocation Failure)  413450K->8970K(1080832K), 0.0031891 secs]
22654.106: [GC (Allocation Failure)  401162K->8938K(1069056K), 0.0033224 secs]
22654.499: [GC (Allocation Failure)  389354K->8970K(1057792K), 0.0031923 secs]
22654.878: [GC (Allocation Failure)  378122K->8938K(1047040K), 0.0036310 secs]
22655.248: [GC (Allocation Failure)  367338K->8970K(1036800K), 0.0036207 secs]
22655.607: [GC (Allocation Failure)  357130K->8970K(1027072K), 0.0032305 secs]
22655.957: [GC (Allocation Failure)  347402K->9002K(1017856K), 0.0034240 secs]
22656.300: [GC (Allocation Failure)  338218K->8970K(1008640K), 0.0032277 secs]
22656.631: [GC (Allocation Failure)  328970K->8938K(999936K), 0.0036171 secs]
22656.952: [GC (Allocation Failure)  320234K->8938K(991744K), 0.0035158 secs]
22657.264: [GC (Allocation Failure)  312042K->8938K(1052672K), 0.0037163 secs]
22657.640: [GC (Allocation Failure)  372970K->8970K(1042432K), 0.0034724 secs]
22658.005: [GC (Allocation Failure)  362762K->9002K(1032704K), 0.0035532 secs]
22658.360: [GC (Allocation Failure)  353066K->8970K(1101824K), 0.0042441 secs]
22658.794: [GC (Allocation Failure)  422154K->8970K(1089536K), 0.0033333 secs]
22659.229: [GC (Allocation Failure)  409866K->9002K(1077760K), 0.0035697 secs]
22659.630: [GC (Allocation Failure)  398122K->9002K(1066496K), 0.0035051 secs]
22660.024: [GC (Allocation Failure)  386858K->8938K(1055744K), 0.0042961 secs]
22660.410: [GC (Allocation Failure)  376042K->8970K(1044992K), 0.0034543 secs]
22660.786: [GC (Allocation Failure)  365322K->8970K(1034752K), 0.0032598 secs]
22661.142: [GC (Allocation Failure)  355082K->8970K(1025024K), 0.0041353 secs]
22661.489: [GC (Allocation Failure)  345354K->8970K(1015808K), 0.0031715 secs]
22661.827: [GC (Allocation Failure)  336138K->8938K(1081344K), 0.0045508 secs]
22662.237: [GC (Allocation Failure)  401642K->8970K(1160192K), 0.0039688 secs]
22662.725: [GC (Allocation Failure)  480522K->8970K(1145344K), 0.0038699 secs]
22663.196: [GC (Allocation Failure)  465674K->8938K(1131008K), 0.0036546 secs]
22663.651: [GC (Allocation Failure)  451306K->8970K(1117184K), 0.0035679 secs]
22664.097: [GC (Allocation Failure)  437514K->8970K(1103872K), 0.0034049 secs]
22664.548: [GC (Allocation Failure)  424202K->8938K(1091072K), 0.0037893 secs]
22664.956: [GC (Allocation Failure)  411370K->8938K(1079296K), 0.0032555 secs]
22665.357: [GC (Allocation Failure)  399594K->8938K(1068032K), 0.0036229 secs]
22665.741: [GC (Allocation Failure)  388330K->8970K(1056768K), 0.0042271 secs]
22666.119: [GC (Allocation Failure)  377098K->8938K(1046016K), 0.0039106 secs]
22666.486: [GC (Allocation Failure)  366314K->8970K(1035776K), 0.0034625 secs]
22666.839: [GC (Allocation Failure)  356106K->8970K(1026048K), 0.0039478 secs]
22667.185: [GC (Allocation Failure)  346378K->8970K(1016832K), 0.0032393 secs]
22667.518: [GC (Allocation Failure)  337162K->8970K(1008128K), 0.0030439 secs]
22667.842: [GC (Allocation Failure)  328458K->9002K(999424K), 0.0032465 secs]
22668.159: [GC (Allocation Failure)  319786K->8970K(991232K), 0.0030410 secs]
22668.466: [GC (Allocation Failure)  311562K->8970K(983552K), 0.0035239 secs]
22668.765: [GC (Allocation Failure)  303882K->8970K(975872K), 0.0032197 secs]
22669.057: [GC (Allocation Failure)  296202K->8938K(1033728K), 0.0044004 secs]
22669.408: [GC (Allocation Failure)  354026K->8938K(1102848K), 0.0035811 secs]
22669.856: [GC (Allocation Failure)  423146K->8938K(1090560K), 0.0031765 secs]
22670.265: [GC (Allocation Failure)  410858K->8970K(1078784K), 0.0035073 secs]
22670.660: [GC (Allocation Failure)  399114K->8938K(1067520K), 0.0034072 secs]
22671.043: [GC (Allocation Failure)  387818K->8938K(1056256K), 0.0037490 secs]
22671.416: [GC (Allocation Failure)  376554K->8970K(1045504K), 0.0029829 secs]
22671.777: [GC (Allocation Failure)  365834K->9002K(1035264K), 0.0031535 secs]
22672.128: [GC (Allocation Failure)  355626K->8970K(1025536K), 0.0032868 secs]
22672.470: [GC (Allocation Failure)  345866K->8970K(1016320K), 0.0037350 secs]
22672.803: [GC (Allocation Failure)  336650K->8970K(1007616K), 0.0070078 secs]
22673.132: [GC (Allocation Failure)  327946K->8970K(1071616K), 0.0043664 secs]
22673.524: [GC (Allocation Failure)  391946K->8938K(1060352K), 0.0037284 secs]
22673.902: [GC (Allocation Failure)  380650K->9002K(1049600K), 0.0035381 secs]
22674.267: [GC (Allocation Failure)  369962K->8970K(1039360K), 0.0033717 secs]
22674.623: [GC (Allocation Failure)  359690K->8970K(1029632K), 0.0041484 secs]
22674.996: [GC (Allocation Failure)  349962K->8970K(1098240K), 0.0043289 secs]
22675.412: [GC (Allocation Failure)  418570K->8938K(1085952K), 0.0035740 secs]
22675.814: [GC (Allocation Failure)  406250K->8938K(1074176K), 0.0038823 secs]
22676.206: [GC (Allocation Failure)  394474K->8970K(1062912K), 0.0037893 secs]
22676.568: [GC (Allocation Failure)  383242K->9002K(1052160K), 0.0029411 secs]
22676.914: [GC (Allocation Failure)  372522K->8978K(1041920K), 0.0040368 secs]
22677.251: [GC (Allocation Failure)  362258K->8978K(1032192K), 0.0032788 secs]
22677.577: [GC (Allocation Failure)  352530K->9010K(1022464K), 0.0035874 secs]
22677.896: [GC (Allocation Failure)  342834K->9010K(1013248K), 0.0029056 secs]
22678.205: [GC (Allocation Failure)  333618K->8978K(1078272K), 0.0039548 secs]
22678.579: [GC (Allocation Failure)  398610K->8946K(1067008K), 0.0029975 secs]
22678.939: [GC (Allocation Failure)  387314K->8978K(1056256K), 0.0035640 secs]
22679.293: [GC (Allocation Failure)  376594K->8946K(1045504K), 0.0032380 secs]
22679.633: [GC (Allocation Failure)  365810K->8978K(1035264K), 0.0032879 secs]
22679.987: [GC (Allocation Failure)  355602K->8978K(1025536K), 0.0036064 secs]
22680.308: [GC (Allocation Failure)  345874K->8978K(1016320K), 0.0035331 secs]
22680.620: [GC (Allocation Failure)  336658K->8978K(1007616K), 0.0029830 secs]
22680.924: [GC (Allocation Failure)  327954K->8946K(998912K), 0.0032312 secs]
22681.219: [GC (Allocation Failure)  319218K->8978K(1061376K), 0.0035086 secs]
22681.576: [GC (Allocation Failure)  381714K->9010K(1050624K), 0.0026846 secs]
22681.919: [GC (Allocation Failure)  370994K->8946K(1040384K), 0.0036780 secs]
22682.253: [GC (Allocation Failure)  360690K->8978K(1030656K), 0.0032216 secs]
22682.578: [GC (Allocation Failure)  350994K->8978K(1020928K), 0.0031593 secs]
22682.894: [GC (Allocation Failure)  341266K->8946K(1011712K), 0.0029857 secs]
22683.201: [GC (Allocation Failure)  332018K->8978K(1003008K), 0.0035227 secs]
22683.501: [GC (Allocation Failure)  323346K->8978K(994816K), 0.0028014 secs]
22683.792: [GC (Allocation Failure)  315154K->8946K(986624K), 0.0029237 secs]
22684.077: [GC (Allocation Failure)  306930K->8978K(1046528K), 0.0032504 secs]
22684.418: [GC (Allocation Failure)  366866K->8978K(1036288K), 0.0031207 secs]
22684.748: [GC (Allocation Failure)  356626K->8978K(1026560K), 0.0034242 secs]
22685.071: [GC (Allocation Failure)  346898K->8978K(1017344K), 0.0027560 secs]
22685.385: [GC (Allocation Failure)  337682K->9010K(1008640K), 0.0035902 secs]
22685.690: [GC (Allocation Failure)  329010K->8978K(1072640K), 0.0032861 secs]
22686.055: [GC (Allocation Failure)  392978K->8978K(1149440K), 0.0043570 secs]
22686.504: [GC (Allocation Failure)  469778K->9010K(1135104K), 0.0028606 secs]
22686.933: [GC (Allocation Failure)  455474K->8946K(1121280K), 0.0034297 secs]
22687.343: [GC (Allocation Failure)  441586K->8978K(1107968K), 0.0034965 secs]
22687.741: [GC (Allocation Failure)  428306K->8946K(1095168K), 0.0030463 secs]
22688.126: [GC (Allocation Failure)  415474K->8978K(1082880K), 0.0033785 secs]
22688.502: [GC (Allocation Failure)  403218K->8978K(1071104K), 0.0031693 secs]
22688.865: [GC (Allocation Failure)  391442K->8978K(1059840K), 0.0026846 secs]
22689.218: [GC (Allocation Failure)  380178K->8946K(1049088K), 0.0036454 secs]
22689.560: [GC (Allocation Failure)  369394K->8978K(1038848K), 0.0032035 secs]
22689.892: [GC (Allocation Failure)  359186K->8978K(1029120K), 0.0078090 secs]
22690.229: [GC (Allocation Failure)  349458K->8978K(1019904K), 0.0027655 secs]
22690.545: [GC (Allocation Failure)  340242K->8978K(1010688K), 0.0029787 secs]
22690.852: [GC (Allocation Failure)  331026K->8978K(1001984K), 0.0034885 secs]
22691.151: [GC (Allocation Failure)  322322K->8978K(993792K), 0.0032915 secs]
22691.442: [GC (Allocation Failure)  314130K->8978K(985600K), 0.0023623 secs]
22691.726: [GC (Allocation Failure)  305938K->8946K(977920K), 0.0028174 secs]
22692.001: [GC (Allocation Failure)  298226K->9010K(970752K), 0.0026743 secs]
22692.269: [GC (Allocation Failure)  291122K->8978K(963584K), 0.0030779 secs]
22692.530: [GC (Allocation Failure)  283922K->8946K(956928K), 0.0028254 secs]
22692.785: [GC (Allocation Failure)  277234K->8978K(1010688K), 0.0030964 secs]
22693.091: [GC (Allocation Failure)  331026K->8978K(1075200K), 0.0029246 secs]
22693.462: [GC (Allocation Failure)  395538K->8946K(1152512K), 0.0043758 secs]
22693.904: [GC (Allocation Failure)  472818K->8978K(1137664K), 0.0034721 secs]
22694.330: [GC (Allocation Failure)  458002K->8978K(1123840K), 0.0032298 secs]
22694.742: [GC (Allocation Failure)  444178K->8978K(1110528K), 0.0028981 secs]
22695.142: [GC (Allocation Failure)  430866K->8978K(1097728K), 0.0030722 secs]
22695.558: [GC (Allocation Failure)  418066K->8978K(1085440K), 0.0032503 secs]
22695.939: [GC (Allocation Failure)  405778K->8986K(1073664K), 0.0028969 secs]
22696.308: [GC (Allocation Failure)  394010K->8986K(1062400K), 0.0033402 secs]
22696.669: [GC (Allocation Failure)  382746K->8986K(1051648K), 0.0028514 secs]
22697.018: [GC (Allocation Failure)  371994K->8954K(1041408K), 0.0032030 secs]
22697.359: [GC (Allocation Failure)  361722K->9018K(1031680K), 0.0030288 secs]
22697.688: [GC (Allocation Failure)  352058K->8986K(1021952K), 0.0031565 secs]
22698.009: [GC (Allocation Failure)  342298K->8954K(1012736K), 0.0032762 secs]
22698.323: [GC (Allocation Failure)  333050K->8986K(1004032K), 0.0031423 secs]
22698.627: [GC (Allocation Failure)  324378K->9018K(995840K), 0.0029829 secs]
22698.923: [GC (Allocation Failure)  316218K->8986K(987648K), 0.0028627 secs]
22699.211: [GC (Allocation Failure)  307994K->8954K(1047552K), 0.0047151 secs]
22699.558: [GC (Allocation Failure)  367866K->8986K(1119744K), 0.0038166 secs]
22699.971: [GC (Allocation Failure)  440090K->8986K(1206272K), 0.0035830 secs]
22700.469: [GC (Allocation Failure)  526618K->8954K(1189376K), 0.0032800 secs]
22700.992: [GC (Allocation Failure)  509690K->8954K(1172992K), 0.0033053 secs]
22701.462: [GC (Allocation Failure)  493306K->8986K(1157632K), 0.0027839 secs]
22701.918: [GC (Allocation Failure)  477978K->8986K(1142784K), 0.0037205 secs]
22702.357: [GC (Allocation Failure)  463130K->8986K(1128448K), 0.0032816 secs]
22702.783: [GC (Allocation Failure)  448794K->9018K(1114624K), 0.0026620 secs]
22703.196: [GC (Allocation Failure)  435002K->8986K(1101824K), 0.0039334 secs]
22703.599: [GC (Allocation Failure)  422170K->8954K(1089536K), 0.0033156 secs]
22703.988: [GC (Allocation Failure)  409850K->8986K(1077760K), 0.0042059 secs]
22704.369: [GC (Allocation Failure)  398106K->9018K(1066496K), 0.0044836 secs]
22704.740: [GC (Allocation Failure)  386874K->8954K(1055744K), 0.0033926 secs]
22705.097: [GC (Allocation Failure)  376058K->8954K(1044992K), 0.0033902 secs]
22705.445: [GC (Allocation Failure)  365306K->8954K(1034752K), 0.0033488 secs]
22705.781: [GC (Allocation Failure)  355066K->8986K(1025024K), 0.0033161 secs]
22706.132: [GC (Allocation Failure)  345370K->8954K(1092608K), 0.0045003 secs]
22706.527: [GC (Allocation Failure)  412922K->9018K(1080320K), 0.0030329 secs]
22706.907: [GC (Allocation Failure)  400698K->8922K(1068544K), 0.0033711 secs]
22707.273: [GC (Allocation Failure)  388826K->8954K(1057280K), 0.0032404 secs]
22707.631: [GC (Allocation Failure)  377594K->9018K(1046528K), 0.0035966 secs]
22707.976: [GC (Allocation Failure)  366906K->8954K(1036288K), 0.0040594 secs]
22708.312: [GC (Allocation Failure)  356602K->8986K(1026560K), 0.0035421 secs]
22708.639: [GC (Allocation Failure)  346906K->8986K(1017344K), 0.0031561 secs]
22708.957: [GC (Allocation Failure)  337690K->8986K(1008640K), 0.0032669 secs]
22709.265: [GC (Allocation Failure)  328986K->8986K(1072640K), 0.0033375 secs]
22709.639: [GC (Allocation Failure)  392986K->8986K(1061376K), 0.0032887 secs]
22710.001: [GC (Allocation Failure)  381722K->8986K(1050624K), 0.0033690 secs]
22710.353: [GC (Allocation Failure)  370970K->8954K(1040384K), 0.0033912 secs]
22710.696: [GC (Allocation Failure)  360698K->9018K(1030656K), 0.0033471 secs]
22711.029: [GC (Allocation Failure)  351034K->9018K(1020928K), 0.0031388 secs]
22711.352: [GC (Allocation Failure)  341306K->9018K(1011712K), 0.0028625 secs]
22711.666: [GC (Allocation Failure)  332090K->9018K(1003008K), 0.0031921 secs]
22711.971: [GC (Allocation Failure)  323386K->8954K(994816K), 0.0033998 secs]
22712.270: [GC (Allocation Failure)  315130K->8954K(986624K), 0.0028869 secs]
22712.559: [GC (Allocation Failure)  306938K->9018K(978944K), 0.0028923 secs]
22712.842: [GC (Allocation Failure)  299322K->8954K(971264K), 0.0030451 secs]
22713.118: [GC (Allocation Failure)  291578K->8986K(1028096K), 0.0032068 secs]
22713.449: [GC (Allocation Failure)  348442K->8986K(1096192K), 0.0032801 secs]
22713.848: [GC (Allocation Failure)  416538K->8986K(1083904K), 0.0031788 secs]
22714.232: [GC (Allocation Failure)  404250K->8986K(1072128K), 0.0042304 secs]
22714.611: [GC (Allocation Failure)  392474K->8986K(1060864K), 0.0033671 secs]
22714.974: [GC (Allocation Failure)  381210K->8986K(1050112K), 0.0030884 secs]
22715.325: [GC (Allocation Failure)  370458K->8954K(1039872K), 0.0038998 secs]
22715.686: [GC (Allocation Failure)  360186K->9018K(1030144K), 0.0036465 secs]
22716.038: [GC (Allocation Failure)  350522K->9034K(1098752K), 0.0042401 secs]
22716.501: [GC (Allocation Failure)  419146K->9002K(1086464K), 0.0034986 secs]
22716.913: [GC (Allocation Failure)  406826K->9002K(1074688K), 0.0038210 secs]
22717.311: [GC (Allocation Failure)  395050K->8970K(1063424K), 0.0035809 secs]
22717.697: [GC (Allocation Failure)  383754K->9002K(1052672K), 0.0034668 secs]
22718.072: [GC (Allocation Failure)  373034K->9002K(1042432K), 0.0034461 secs]
22718.436: [GC (Allocation Failure)  362794K->9002K(1032704K), 0.0033043 secs]
22718.790: [GC (Allocation Failure)  353066K->9002K(1022976K), 0.0033621 secs]
22719.135: [GC (Allocation Failure)  343338K->9002K(1013760K), 0.0035526 secs]
22719.473: [GC (Allocation Failure)  334122K->9002K(1005056K), 0.0034873 secs]
22719.799: [GC (Allocation Failure)  325418K->9002K(996352K), 0.0036645 secs]
22720.116: [GC (Allocation Failure)  316714K->9034K(988160K), 0.0031177 secs]
22720.425: [GC (Allocation Failure)  308554K->8970K(980480K), 0.0034543 secs]
22720.731: [GC (Allocation Failure)  300810K->8970K(1038848K), 0.0035266 secs]
22721.092: [GC (Allocation Failure)  359178K->9002K(1029120K), 0.0033625 secs]
22721.469: [GC (Allocation Failure)  349482K->8970K(1019904K), 0.0039041 secs]
22721.812: [GC (Allocation Failure)  340234K->9002K(1010688K), 0.0035909 secs]
22722.144: [GC (Allocation Failure)  331050K->8970K(1075200K), 0.0040305 secs]
22722.544: [GC (Allocation Failure)  395530K->9034K(1063936K), 0.0034396 secs]
22722.931: [GC (Allocation Failure)  384330K->9002K(1053184K), 0.0032172 secs]
22723.309: [GC (Allocation Failure)  373546K->9002K(1042944K), 0.0030874 secs]
22723.675: [GC (Allocation Failure)  363306K->9002K(1032704K), 0.0038006 secs]
22724.029: [GC (Allocation Failure)  353066K->9002K(1022976K), 0.0035180 secs]
22724.374: [GC (Allocation Failure)  343338K->8938K(1013760K), 0.0031477 secs]
22724.710: [GC (Allocation Failure)  334058K->9002K(1005056K), 0.0036655 secs]
22725.037: [GC (Allocation Failure)  325418K->9002K(996352K), 0.0034216 secs]
22725.353: [GC (Allocation Failure)  316714K->8970K(1058304K), 0.0039308 secs]
22725.738: [GC (Allocation Failure)  378634K->9002K(1132544K), 0.0040765 secs]
22726.199: [GC (Allocation Failure)  452906K->9002K(1118720K), 0.0038474 secs]
22726.677: [GC (Allocation Failure)  439082K->9002K(1105408K), 0.0032627 secs]
22727.108: [GC (Allocation Failure)  425770K->9002K(1092608K), 0.0034374 secs]
22727.524: [GC (Allocation Failure)  412970K->9002K(1080320K), 0.0032916 secs]
22727.926: [GC (Allocation Failure)  400682K->9002K(1068544K), 0.0038133 secs]
22728.318: [GC (Allocation Failure)  388906K->8970K(1057280K), 0.0034795 secs]
22728.698: [GC (Allocation Failure)  377610K->8970K(1046528K), 0.0033405 secs]
22729.065: [GC (Allocation Failure)  366858K->9002K(1036288K), 0.0032841 secs]
22729.423: [GC (Allocation Failure)  356650K->9002K(1026560K), 0.0035186 secs]
22729.772: [GC (Allocation Failure)  346922K->9034K(1017344K), 0.0033867 secs]
22730.110: [GC (Allocation Failure)  337738K->9002K(1008640K), 0.0032000 secs]
22730.439: [GC (Allocation Failure)  329002K->9002K(999936K), 0.0032763 secs]
22730.760: [GC (Allocation Failure)  320298K->8970K(991744K), 0.0041108 secs]
22731.074: [GC (Allocation Failure)  312074K->8970K(1052672K), 0.0042271 secs]
22731.450: [GC (Allocation Failure)  373002K->9002K(1125888K), 0.0046524 secs]
22731.924: [GC (Allocation Failure)  446250K->9002K(1213440K), 0.0044844 secs]
22732.464: [GC (Allocation Failure)  533802K->9002K(1196032K), 0.0041005 secs]
22732.984: [GC (Allocation Failure)  516394K->8970K(1179648K), 0.0038473 secs]
22733.489: [GC (Allocation Failure)  499978K->8970K(1163776K), 0.0041326 secs]
22733.981: [GC (Allocation Failure)  484106K->9002K(1148416K), 0.0037459 secs]
22734.453: [GC (Allocation Failure)  468778K->9002K(1134080K), 0.0034638 secs]
22734.932: [GC (Allocation Failure)  454442K->9002K(1120256K), 0.0036585 secs]
22735.376: [GC (Allocation Failure)  440618K->9002K(1106944K), 0.0031680 secs]
22735.806: [GC (Allocation Failure)  427306K->9002K(1094144K), 0.0031035 secs]
22736.222: [GC (Allocation Failure)  414506K->9002K(1081856K), 0.0032838 secs]
22736.654: [GC (Allocation Failure)  402218K->9066K(1070080K), 0.0031859 secs]
22737.092: [GC (Allocation Failure)  390506K->8970K(1058816K), 0.0036717 secs]
22737.489: [GC (Allocation Failure)  379146K->9002K(1048064K), 0.0028515 secs]
22737.874: [GC (Allocation Failure)  368426K->8970K(1037824K), 0.0027945 secs]
22738.248: [GC (Allocation Failure)  358154K->9002K(1028096K), 0.0032745 secs]
22738.615: [GC (Allocation Failure)  348458K->9002K(1018880K), 0.0029380 secs]
22738.968: [GC (Allocation Failure)  339242K->9002K(1009664K), 0.0032504 secs]
22739.313: [GC (Allocation Failure)  330026K->9002K(1000960K), 0.0029046 secs]
22739.654: [GC (Allocation Failure)  321322K->9002K(1063424K), 0.0069478 secs]
22740.059: [GC (Allocation Failure)  383786K->8970K(1138688K), 0.0044465 secs]
22740.540: [GC (Allocation Failure)  459018K->8970K(1228800K), 0.0037828 secs]
22741.119: [GC (Allocation Failure)  549130K->9002K(1210880K), 0.0032597 secs]
22741.678: [GC (Allocation Failure)  531242K->8970K(1193472K), 0.0036017 secs]
22742.239: [GC (Allocation Failure)  513802K->9002K(1177088K), 0.0037623 secs]
22742.762: [GC (Allocation Failure)  497450K->9002K(1161216K), 0.0035344 secs]
22743.266: [GC (Allocation Failure)  481578K->8970K(1146368K), 0.0046195 secs]
22743.757: [GC (Allocation Failure)  466698K->9002K(1132032K), 0.0036612 secs]
22744.233: [GC (Allocation Failure)  452394K->8970K(1118208K), 0.0059827 secs]
22744.698: [GC (Allocation Failure)  438538K->9002K(1104896K), 0.0033047 secs]
22745.144: [GC (Allocation Failure)  425258K->8970K(1092096K), 0.0036962 secs]
22745.576: [GC (Allocation Failure)  412426K->9002K(1079808K), 0.0032521 secs]
22745.994: [GC (Allocation Failure)  400170K->9002K(1068032K), 0.0035112 secs]
22746.401: [GC (Allocation Failure)  388394K->8970K(1056768K), 0.0034357 secs]
22746.797: [GC (Allocation Failure)  377098K->8970K(1046016K), 0.0038234 secs]
22747.207: [GC (Allocation Failure)  366346K->8970K(1035776K), 0.0035454 secs]
22747.579: [GC (Allocation Failure)  356106K->9002K(1026048K), 0.0032176 secs]
22747.940: [GC (Allocation Failure)  346410K->8970K(1016832K), 0.0037996 secs]
22748.293: [GC (Allocation Failure)  337162K->9034K(1008128K), 0.0036518 secs]
22748.636: [GC (Allocation Failure)  328522K->9034K(999424K), 0.0030981 secs]
22748.968: [GC (Allocation Failure)  319818K->8970K(1061888K), 0.0047520 secs]
22749.375: [GC (Allocation Failure)  382218K->8970K(1136640K), 0.0041739 secs]
22749.860: [GC (Allocation Failure)  456970K->9002K(1122816K), 0.0040300 secs]
22750.330: [GC (Allocation Failure)  443178K->8970K(1109504K), 0.0033881 secs]
22750.783: [GC (Allocation Failure)  429834K->9002K(1096704K), 0.0031976 secs]
22751.218: [GC (Allocation Failure)  417066K->9002K(1084416K), 0.0035341 secs]
22751.641: [GC (Allocation Failure)  404778K->9002K(1072640K), 0.0036510 secs]
22752.052: [GC (Allocation Failure)  393002K->8970K(1061376K), 0.0036842 secs]
22752.453: [GC (Allocation Failure)  381706K->9034K(1050624K), 0.0036922 secs]
22752.841: [GC (Allocation Failure)  371018K->9002K(1040384K), 0.0035366 secs]
22753.219: [GC (Allocation Failure)  360746K->9002K(1030656K), 0.0030102 secs]
22753.585: [GC (Allocation Failure)  351018K->9002K(1020928K), 0.0035241 secs]
22753.940: [GC (Allocation Failure)  341290K->8970K(1011712K), 0.0039369 secs]
22754.286: [GC (Allocation Failure)  332042K->9002K(1003008K), 0.0033247 secs]
22754.618: [GC (Allocation Failure)  323370K->9002K(994816K), 0.0033370 secs]
22754.941: [GC (Allocation Failure)  315178K->9002K(986624K), 0.0032177 secs]
22755.256: [GC (Allocation Failure)  306986K->9002K(978944K), 0.0031237 secs]
22755.562: [GC (Allocation Failure)  299306K->9002K(971264K), 0.0032177 secs]
22755.860: [GC (Allocation Failure)  291626K->9002K(964096K), 0.0030229 secs]
22756.151: [GC (Allocation Failure)  284458K->8970K(1019392K), 0.0033065 secs]
22756.499: [GC (Allocation Failure)  339722K->9002K(1010176K), 0.0031526 secs]
22756.839: [GC (Allocation Failure)  330538K->9034K(1074688K), 0.0044900 secs]
22757.246: [GC (Allocation Failure)  395082K->9002K(1063424K), 0.0033118 secs]
22757.678: [GC (Allocation Failure)  383786K->8970K(1052672K), 0.0032597 secs]
22758.062: [GC (Allocation Failure)  373002K->8970K(1042432K), 0.0029982 secs]
22758.434: [GC (Allocation Failure)  362762K->9002K(1032704K), 0.0036220 secs]
22758.797: [GC (Allocation Failure)  353066K->9034K(1022976K), 0.0034210 secs]
22759.175: [GC (Allocation Failure)  343370K->9002K(1013760K), 0.0028810 secs]
22759.517: [GC (Allocation Failure)  334122K->9002K(1078784K), 0.0090379 secs]
22759.939: [GC (Allocation Failure)  399146K->9002K(1157120K), 0.0047685 secs]
22760.436: [GC (Allocation Failure)  477482K->8970K(1250816K), 0.0038018 secs]
22761.026: [GC (Allocation Failure)  571146K->8970K(1231872K), 0.0032697 secs]
22761.599: [GC (Allocation Failure)  552202K->8970K(1213952K), 0.0036972 secs]
22762.151: [GC (Allocation Failure)  534282K->8970K(1196544K), 0.0027860 secs]
22762.684: [GC (Allocation Failure)  516874K->9034K(1180160K), 0.0029260 secs]
22763.257: [GC (Allocation Failure)  500554K->8970K(1164288K), 0.0036848 secs]
22763.762: [GC (Allocation Failure)  484618K->8970K(1148928K), 0.0043629 secs]
22764.247: [GC (Allocation Failure)  469258K->8970K(1134592K), 0.0042720 secs]
22764.721: [GC (Allocation Failure)  454922K->9034K(1120768K), 0.0051245 secs]
22765.178: [GC (Allocation Failure)  441162K->9034K(1107456K), 0.0031114 secs]
22765.620: [GC (Allocation Failure)  427850K->9002K(1094656K), 0.0047279 secs]
22766.049: [GC (Allocation Failure)  415018K->9002K(1082368K), 0.0041358 secs]
22766.469: [GC (Allocation Failure)  402730K->9002K(1070592K), 0.0033504 secs]
22766.872: [GC (Allocation Failure)  390954K->8938K(1059328K), 0.0037068 secs]
22767.267: [GC (Allocation Failure)  379626K->9002K(1048576K), 0.0041446 secs]
22767.654: [GC (Allocation Failure)  368938K->9034K(1038336K), 0.0032271 secs]
22768.021: [GC (Allocation Failure)  358730K->8970K(1028608K), 0.0035991 secs]
22768.380: [GC (Allocation Failure)  348938K->8970K(1019392K), 0.0039826 secs]
22768.731: [GC (Allocation Failure)  339722K->9002K(1010176K), 0.0031324 secs]
22769.076: [GC (Allocation Failure)  330538K->9002K(1001472K), 0.0032497 secs]
22769.413: [GC (Allocation Failure)  321834K->9002K(993280K), 0.0039991 secs]
22769.741: [GC (Allocation Failure)  313642K->8970K(985088K), 0.0031168 secs]
22770.054: [GC (Allocation Failure)  305418K->8970K(977408K), 0.0033698 secs]
22770.362: [GC (Allocation Failure)  297738K->9034K(1035264K), 0.0034250 secs]
22770.730: [GC (Allocation Failure)  355658K->9002K(1025536K), 0.0035666 secs]
22771.087: [GC (Allocation Failure)  345898K->9002K(1016320K), 0.0031615 secs]
22771.440: [GC (Allocation Failure)  336682K->9002K(1007616K), 0.0033588 secs]
22771.779: [GC (Allocation Failure)  327978K->9034K(998912K), 0.0029769 secs]
22772.113: [GC (Allocation Failure)  319306K->8970K(990720K), 0.0029326 secs]
22772.436: [GC (Allocation Failure)  311050K->9002K(1051136K), 0.0043345 secs]
22772.822: [GC (Allocation Failure)  371498K->9002K(1040896K), 0.0031489 secs]
22773.194: [GC (Allocation Failure)  361258K->9002K(1031168K), 0.0028715 secs]
22773.555: [GC (Allocation Failure)  351530K->8970K(1021440K), 0.0038895 secs]
22773.907: [GC (Allocation Failure)  341770K->9002K(1012224K), 0.0027358 secs]
22774.249: [GC (Allocation Failure)  332586K->8970K(1003520K), 0.0033593 secs]
22774.581: [GC (Allocation Failure)  323850K->9002K(995328K), 0.0038859 secs]
22774.906: [GC (Allocation Failure)  315690K->9002K(987136K), 0.0034999 secs]
22775.220: [GC (Allocation Failure)  307498K->9002K(979456K), 0.0032944 secs]
22775.526: [GC (Allocation Failure)  299818K->8970K(1037824K), 0.0033358 secs]
22775.894: [GC (Allocation Failure)  358154K->8970K(1028096K), 0.0035230 secs]
22776.251: [GC (Allocation Failure)  348426K->9034K(1018880K), 0.0029404 secs]
22776.599: [GC (Allocation Failure)  339274K->9002K(1009664K), 0.0040537 secs]
22776.938: [GC (Allocation Failure)  330026K->9002K(1000960K), 0.0028963 secs]
22777.267: [GC (Allocation Failure)  321322K->8970K(992768K), 0.0030676 secs]
22777.587: [GC (Allocation Failure)  313098K->8970K(984576K), 0.0031508 secs]
22777.899: [GC (Allocation Failure)  304906K->9034K(976896K), 0.0031132 secs]
22778.202: [GC (Allocation Failure)  297290K->8970K(969728K), 0.0032795 secs]
22778.525: [GC (Allocation Failure)  290058K->9002K(962560K), 0.0031941 secs]
22778.816: [GC (Allocation Failure)  282922K->8970K(1017344K), 0.0033464 secs]
22779.161: [GC (Allocation Failure)  337674K->9034K(1008640K), 0.0029665 secs]
22779.498: [GC (Allocation Failure)  329034K->9034K(1072640K), 0.0046393 secs]
22779.884: [GC (Allocation Failure)  393034K->9002K(1149440K), 0.0034405 secs]
22780.338: [GC (Allocation Failure)  469802K->9002K(1135104K), 0.0031540 secs]
22780.782: [GC (Allocation Failure)  455466K->9002K(1121280K), 0.0045439 secs]
22781.214: [GC (Allocation Failure)  441642K->8970K(1107968K), 0.0030113 secs]
22781.629: [GC (Allocation Failure)  428298K->8970K(1095168K), 0.0036491 secs]
22782.031: [GC (Allocation Failure)  415498K->9002K(1082880K), 0.0037247 secs]
22782.423: [GC (Allocation Failure)  403242K->9002K(1071104K), 0.0032402 secs]
22782.800: [GC (Allocation Failure)  391466K->9034K(1059840K), 0.0038056 secs]
22783.167: [GC (Allocation Failure)  380234K->9034K(1049088K), 0.0036826 secs]
22783.524: [GC (Allocation Failure)  369482K->9002K(1121280K), 0.0058991 secs]
22783.978: [GC (Allocation Failure)  441642K->8970K(1207808K), 0.0045442 secs]
22784.490: [GC (Allocation Failure)  528138K->8970K(1190912K), 0.0030354 secs]
22784.983: [GC (Allocation Failure)  511242K->9034K(1174528K), 0.0040792 secs]
22785.471: [GC (Allocation Failure)  494922K->8970K(1159168K), 0.0033561 secs]
22785.935: [GC (Allocation Failure)  479498K->9002K(1144320K), 0.0030592 secs]
22786.386: [GC (Allocation Failure)  464682K->9002K(1129984K), 0.0038440 secs]
22786.824: [GC (Allocation Failure)  450346K->9002K(1116160K), 0.0030688 secs]
22787.244: [GC (Allocation Failure)  436522K->8970K(1102848K), 0.0036548 secs]
22787.655: [GC (Allocation Failure)  423178K->9002K(1090560K), 0.0034950 secs]
22788.051: [GC (Allocation Failure)  410922K->9034K(1078784K), 0.0035695 secs]
22788.436: [GC (Allocation Failure)  399178K->8970K(1067520K), 0.0033391 secs]
22788.810: [GC (Allocation Failure)  387850K->9002K(1056256K), 0.0039389 secs]
22789.172: [GC (Allocation Failure)  376618K->8970K(1045504K), 0.0037039 secs]
22789.524: [GC (Allocation Failure)  365834K->9002K(1035264K), 0.0031571 secs]
22789.867: [GC (Allocation Failure)  355626K->8970K(1025536K), 0.0038362 secs]
22790.200: [GC (Allocation Failure)  345866K->8970K(1016320K), 0.0036059 secs]
22790.525: [GC (Allocation Failure)  336650K->8970K(1081856K), 0.0037148 secs]
22790.913: [GC (Allocation Failure)  402186K->9002K(1070080K), 0.0028380 secs]
22791.288: [GC (Allocation Failure)  390442K->9002K(1058816K), 0.0035371 secs]
22791.654: [GC (Allocation Failure)  379178K->9034K(1048064K), 0.0038319 secs]
22792.013: [GC (Allocation Failure)  368458K->9002K(1037824K), 0.0033874 secs]
22792.362: [GC (Allocation Failure)  358186K->8970K(1107968K), 0.0044575 secs]
22792.783: [GC (Allocation Failure)  428298K->9034K(1095168K), 0.0038256 secs]
22793.186: [GC (Allocation Failure)  415562K->9002K(1082880K), 0.0032369 secs]
22793.578: [GC (Allocation Failure)  403242K->9002K(1071104K), 0.0041664 secs]
22793.958: [GC (Allocation Failure)  391466K->8970K(1059840K), 0.0032569 secs]
22794.326: [GC (Allocation Failure)  380170K->9002K(1049088K), 0.0036767 secs]
22794.685: [GC (Allocation Failure)  369450K->9002K(1038848K), 0.0036328 secs]
22795.035: [GC (Allocation Failure)  359210K->8970K(1029120K), 0.0032465 secs]
22795.378: [GC (Allocation Failure)  349450K->9034K(1097216K), 0.0054041 secs]
22795.788: [GC (Allocation Failure)  417610K->9002K(1179136K), 0.0033870 secs]
22796.280: [GC (Allocation Failure)  499498K->8970K(1163264K), 0.0038711 secs]
22796.758: [GC (Allocation Failure)  483594K->9002K(1147904K), 0.0038189 secs]
22797.218: [GC (Allocation Failure)  468266K->9034K(1133568K), 0.0032517 secs]
22797.664: [GC (Allocation Failure)  453962K->9002K(1119744K), 0.0039108 secs]
22798.095: [GC (Allocation Failure)  440106K->9002K(1106432K), 0.0039996 secs]
22798.510: [GC (Allocation Failure)  426794K->9034K(1093632K), 0.0036833 secs]
22798.912: [GC (Allocation Failure)  414026K->9002K(1081344K), 0.0051529 secs]
22799.310: [GC (Allocation Failure)  401706K->9002K(1069568K), 0.0033330 secs]
22799.739: [GC (Allocation Failure)  389930K->9002K(1058304K), 0.0044892 secs]
22800.115: [GC (Allocation Failure)  378666K->9002K(1047552K), 0.0032025 secs]
22800.475: [GC (Allocation Failure)  367914K->8970K(1119744K), 0.0048581 secs]
22800.915: [GC (Allocation Failure)  440074K->9002K(1106432K), 0.0037311 secs]
22801.333: [GC (Allocation Failure)  426794K->9002K(1093632K), 0.0034091 secs]
22801.739: [GC (Allocation Failure)  413994K->9034K(1081344K), 0.0034907 secs]
22802.133: [GC (Allocation Failure)  401738K->9002K(1069568K), 0.0035935 secs]
22802.521: [GC (Allocation Failure)  389930K->9002K(1058304K), 0.0039884 secs]
22802.919: [GC (Allocation Failure)  378666K->9034K(1047552K), 0.0033254 secs]
22803.303: [GC (Allocation Failure)  367946K->8970K(1037312K), 0.0038904 secs]
22803.677: [GC (Allocation Failure)  357642K->9002K(1027584K), 0.0040538 secs]
22804.044: [GC (Allocation Failure)  347946K->9002K(1018368K), 0.0037571 secs]
22804.397: [GC (Allocation Failure)  338730K->8970K(1084416K), 0.0039691 secs]
22804.869: [GC (Allocation Failure)  404746K->9002K(1072640K), 0.0042782 secs]
22805.283: [GC (Allocation Failure)  393002K->9002K(1061376K), 0.0034214 secs]
22805.682: [GC (Allocation Failure)  381738K->9002K(1050624K), 0.0032857 secs]
22806.071: [GC (Allocation Failure)  370986K->9002K(1040384K), 0.0039751 secs]
22806.449: [GC (Allocation Failure)  360746K->9002K(1030656K), 0.0026815 secs]
22806.819: [GC (Allocation Failure)  351018K->8970K(1020928K), 0.0037249 secs]
22807.178: [GC (Allocation Failure)  341258K->8970K(1011712K), 0.0037064 secs]
22807.525: [GC (Allocation Failure)  332042K->8970K(1003008K), 0.0038923 secs]
22807.863: [GC (Allocation Failure)  323338K->8970K(1065984K), 0.0044138 secs]
22808.272: [GC (Allocation Failure)  386314K->9002K(1141760K), 0.0036884 secs]
22808.757: [GC (Allocation Failure)  462122K->9002K(1127424K), 0.0035238 secs]
22809.228: [GC (Allocation Failure)  447786K->9034K(1114112K), 0.0036961 secs]
22809.683: [GC (Allocation Failure)  434506K->8970K(1101312K), 0.0035082 secs]
22810.155: [GC (Allocation Failure)  421642K->9002K(1089024K), 0.0037870 secs]
22810.583: [GC (Allocation Failure)  409386K->9034K(1077248K), 0.0038994 secs]
22810.999: [GC (Allocation Failure)  397642K->9034K(1065984K), 0.0037317 secs]
22811.403: [GC (Allocation Failure)  386378K->9002K(1055232K), 0.0043701 secs]
22811.803: [GC (Allocation Failure)  375594K->9002K(1044480K), 0.0037086 secs]
22812.185: [GC (Allocation Failure)  364842K->9002K(1034240K), 0.0045432 secs]
22812.560: [GC (Allocation Failure)  354602K->9002K(1024512K), 0.0037968 secs]
22812.920: [GC (Allocation Failure)  344874K->9034K(1015296K), 0.0038284 secs]
22813.271: [GC (Allocation Failure)  335690K->9002K(1080832K), 0.0036978 secs]
22813.692: [GC (Allocation Failure)  401194K->9002K(1069056K), 0.0041238 secs]
22814.100: [GC (Allocation Failure)  389418K->9034K(1057792K), 0.0039086 secs]
22814.495: [GC (Allocation Failure)  378186K->9034K(1047040K), 0.0042561 secs]
22814.880: [GC (Allocation Failure)  367434K->8970K(1118720K), 0.0045802 secs]
22815.378: [GC (Allocation Failure)  439050K->9034K(1105408K), 0.0038299 secs]
22815.825: [GC (Allocation Failure)  425802K->9002K(1092608K), 0.0042449 secs]
22816.263: [GC (Allocation Failure)  412970K->9002K(1080320K), 0.0042637 secs]
22816.684: [GC (Allocation Failure)  400682K->8970K(1068544K), 0.0042478 secs]
22817.098: [GC (Allocation Failure)  388874K->9034K(1057280K), 0.0036036 secs]
22817.493: [GC (Allocation Failure)  377674K->9002K(1046528K), 0.0029447 secs]
22817.877: [GC (Allocation Failure)  366890K->9034K(1036288K), 0.0034921 secs]
22818.250: [GC (Allocation Failure)  356682K->8970K(1026560K), 0.0034573 secs]
22818.613: [GC (Allocation Failure)  346890K->9002K(1017344K), 0.0036980 secs]
22818.966: [GC (Allocation Failure)  337706K->9034K(1008640K), 0.0035910 secs]
22819.310: [GC (Allocation Failure)  329034K->9002K(999936K), 0.0031715 secs]
22819.647: [GC (Allocation Failure)  320298K->9002K(991744K), 0.0035704 secs]
22819.974: [GC (Allocation Failure)  312106K->8970K(1052672K), 0.0041319 secs]
22820.370: [GC (Allocation Failure)  373002K->9002K(1042432K), 0.0030945 secs]
22820.751: [GC (Allocation Failure)  362794K->9002K(1032704K), 0.0041305 secs]
22821.126: [GC (Allocation Failure)  353066K->8970K(1022976K), 0.0032158 secs]
22821.485: [GC (Allocation Failure)  343306K->9002K(1013760K), 0.0036384 secs]
22821.834: [GC (Allocation Failure)  334122K->8970K(1005056K), 0.0034347 secs]
22822.173: [GC (Allocation Failure)  325386K->8970K(1068544K), 0.0047489 secs]
22822.584: [GC (Allocation Failure)  388874K->9034K(1057280K), 0.0030641 secs]
22822.972: [GC (Allocation Failure)  377674K->8970K(1046528K), 0.0032073 secs]
22823.350: [GC (Allocation Failure)  366858K->9034K(1036288K), 0.0026495 secs]
22823.718: [GC (Allocation Failure)  356682K->9002K(1026560K), 0.0029661 secs]
22824.075: [GC (Allocation Failure)  346922K->9002K(1017344K), 0.0029866 secs]
22824.422: [GC (Allocation Failure)  337706K->9002K(1008640K), 0.0030790 secs]
22824.764: [GC (Allocation Failure)  329002K->9002K(999936K), 0.0028943 secs]
22825.091: [GC (Allocation Failure)  320298K->9034K(991744K), 0.0034649 secs]
22825.432: [GC (Allocation Failure)  312138K->9002K(984064K), 0.0035239 secs]
22825.744: [GC (Allocation Failure)  304426K->8970K(976384K), 0.0031713 secs]
22826.049: [GC (Allocation Failure)  296714K->9002K(969216K), 0.0025867 secs]
22826.345: [GC (Allocation Failure)  289578K->9002K(962048K), 0.0038348 secs]
22826.634: [GC (Allocation Failure)  282410K->8970K(955392K), 0.0030012 secs]
22826.917: [GC (Allocation Failure)  275722K->9002K(1009152K), 0.0032932 secs]
22827.255: [GC (Allocation Failure)  329514K->9002K(1000448K), 0.0030659 secs]
22827.584: [GC (Allocation Failure)  320810K->8970K(992256K), 0.0029453 secs]
22827.905: [GC (Allocation Failure)  312586K->9002K(1053184K), 0.0039298 secs]
22828.290: [GC (Allocation Failure)  373546K->9002K(1042944K), 0.0034562 secs]
22828.664: [GC (Allocation Failure)  363306K->9034K(1032704K), 0.0039453 secs]
22829.027: [GC (Allocation Failure)  353098K->8970K(1101824K), 0.0038890 secs]
22829.463: [GC (Allocation Failure)  422154K->9002K(1089536K), 0.0033007 secs]
22829.885: [GC (Allocation Failure)  409898K->9034K(1077760K), 0.0034921 secs]
22830.294: [GC (Allocation Failure)  398154K->9002K(1066496K), 0.0039461 secs]
22830.693: [GC (Allocation Failure)  386858K->9034K(1055744K), 0.0028694 secs]
22831.078: [GC (Allocation Failure)  376138K->9002K(1044992K), 0.0035015 secs]
22831.456: [GC (Allocation Failure)  365354K->9002K(1034752K), 0.0031691 secs]
22831.821: [GC (Allocation Failure)  355114K->9002K(1025024K), 0.0028819 secs]
22832.174: [GC (Allocation Failure)  345386K->8970K(1015808K), 0.0047896 secs]
22832.521: [GC (Allocation Failure)  336138K->9002K(1007104K), 0.0036423 secs]
22832.857: [GC (Allocation Failure)  327466K->9002K(998400K), 0.0034336 secs]
22833.183: [GC (Allocation Failure)  318762K->9034K(1060352K), 0.0038720 secs]
22833.574: [GC (Allocation Failure)  380746K->8970K(1135104K), 0.0040222 secs]
22834.055: [GC (Allocation Failure)  455434K->9002K(1121280K), 0.0038325 secs]
22834.513: [GC (Allocation Failure)  441642K->9002K(1107968K), 0.0032391 secs]
22834.954: [GC (Allocation Failure)  428330K->8970K(1095168K), 0.0041970 secs]
22835.367: [GC (Allocation Failure)  415498K->9002K(1082880K), 0.0044923 secs]
22835.783: [GC (Allocation Failure)  403242K->9002K(1071104K), 0.0047839 secs]
22836.170: [GC (Allocation Failure)  391466K->8970K(1147904K), 0.0047742 secs]
22836.628: [GC (Allocation Failure)  468234K->9034K(1133568K), 0.0039804 secs]
22837.074: [GC (Allocation Failure)  453962K->9002K(1119744K), 0.0046413 secs]
22837.509: [GC (Allocation Failure)  440106K->9002K(1106432K), 0.0028582 secs]
22837.923: [GC (Allocation Failure)  426794K->8970K(1093632K), 0.0044246 secs]
22838.330: [GC (Allocation Failure)  413962K->9002K(1081344K), 0.0037557 secs]
22838.719: [GC (Allocation Failure)  401706K->9002K(1069568K), 0.0037886 secs]
22839.098: [GC (Allocation Failure)  389930K->9034K(1058304K), 0.0036819 secs]
22839.467: [GC (Allocation Failure)  378698K->8970K(1047552K), 0.0037997 secs]
22839.826: [GC (Allocation Failure)  367882K->9002K(1037312K), 0.0038833 secs]
22840.179: [GC (Allocation Failure)  357674K->9002K(1027584K), 0.0031283 secs]
22840.516: [GC (Allocation Failure)  347946K->9002K(1018368K), 0.0041126 secs]
22840.870: [GC (Allocation Failure)  338730K->8970K(1009152K), 0.0036148 secs]
22841.191: [GC (Allocation Failure)  329482K->8970K(1000448K), 0.0030324 secs]
22841.501: [GC (Allocation Failure)  320778K->8970K(1062912K), 0.0043165 secs]
22841.878: [GC (Allocation Failure)  383242K->9002K(1138176K), 0.0035229 secs]
22842.323: [GC (Allocation Failure)  458538K->9002K(1124352K), 0.0033289 secs]
22842.755: [GC (Allocation Failure)  444714K->9002K(1111040K), 0.0033957 secs]
22843.174: [GC (Allocation Failure)  431402K->9002K(1098240K), 0.0033236 secs]
22843.590: [GC (Allocation Failure)  418602K->9002K(1085952K), 0.0052536 secs]
22843.991: [GC (Allocation Failure)  406314K->9002K(1074176K), 0.0038438 secs]
22844.373: [GC (Allocation Failure)  394538K->9002K(1062912K), 0.0041542 secs]
22844.751: [GC (Allocation Failure)  383274K->9002K(1052160K), 0.0035674 secs]
22845.118: [GC (Allocation Failure)  372522K->8970K(1041920K), 0.0037753 secs]
22845.470: [GC (Allocation Failure)  362250K->8970K(1032192K), 0.0038239 secs]
22845.812: [GC (Allocation Failure)  352522K->8970K(1101312K), 0.0092479 secs]
22846.238: [GC (Allocation Failure)  421642K->8970K(1184256K), 0.0039141 secs]
22846.729: [GC (Allocation Failure)  504586K->9002K(1168384K), 0.0044869 secs]
22847.207: [GC (Allocation Failure)  488746K->9034K(1153024K), 0.0044545 secs]
22847.669: [GC (Allocation Failure)  473418K->9002K(1138176K), 0.0040605 secs]
22848.121: [GC (Allocation Failure)  458538K->8970K(1124352K), 0.0041242 secs]
22848.558: [GC (Allocation Failure)  444682K->9002K(1111040K), 0.0040966 secs]
22848.983: [GC (Allocation Failure)  431402K->9002K(1098240K), 0.0038305 secs]
22849.393: [GC (Allocation Failure)  418602K->8970K(1085952K), 0.0040873 secs]
22849.791: [GC (Allocation Failure)  406282K->8970K(1074176K), 0.0039606 secs]
22850.176: [GC (Allocation Failure)  394506K->8970K(1062912K), 0.0034705 secs]
22850.552: [GC (Allocation Failure)  383242K->8970K(1052160K), 0.0036265 secs]
22850.919: [GC (Allocation Failure)  372490K->9002K(1041920K), 0.0041717 secs]
22851.282: [GC (Allocation Failure)  362282K->9002K(1112576K), 0.0052174 secs]
22851.717: [GC (Allocation Failure)  432938K->8970K(1197568K), 0.0037888 secs]
22852.228: [GC (Allocation Failure)  517898K->9034K(1181184K), 0.0039824 secs]
22852.724: [GC (Allocation Failure)  501578K->9002K(1165312K), 0.0040068 secs]
22853.213: [GC (Allocation Failure)  485674K->8970K(1149952K), 0.0034421 secs]
22853.678: [GC (Allocation Failure)  470282K->8970K(1135616K), 0.0034026 secs]
22854.127: [GC (Allocation Failure)  455946K->9002K(1121792K), 0.0035928 secs]
22854.561: [GC (Allocation Failure)  442154K->9002K(1108480K), 0.0036707 secs]
22854.981: [GC (Allocation Failure)  428842K->8938K(1095680K), 0.0036816 secs]
22855.392: [GC (Allocation Failure)  415978K->8970K(1083392K), 0.0034794 secs]
22855.790: [GC (Allocation Failure)  403722K->8970K(1071616K), 0.0041229 secs]
22856.177: [GC (Allocation Failure)  391946K->8970K(1060352K), 0.0035446 secs]
22856.578: [GC (Allocation Failure)  380682K->9002K(1049600K), 0.0031644 secs]
22856.943: [GC (Allocation Failure)  369962K->9034K(1039360K), 0.0035243 secs]
22857.297: [GC (Allocation Failure)  359754K->9002K(1029632K), 0.0033804 secs]
22857.641: [GC (Allocation Failure)  349994K->9002K(1020416K), 0.0033791 secs]
22857.976: [GC (Allocation Failure)  340778K->9002K(1011200K), 0.0031319 secs]
22858.317: [GC (Allocation Failure)  331562K->9002K(1002496K), 0.0040766 secs]
22858.660: [GC (Allocation Failure)  322858K->9034K(994304K), 0.0032672 secs]
22858.988: [GC (Allocation Failure)  314698K->9002K(986112K), 0.0032012 secs]
22859.309: [GC (Allocation Failure)  306474K->8970K(978432K), 0.0035086 secs]
22859.628: [GC (Allocation Failure)  298762K->9002K(971264K), 0.0034699 secs]
22859.940: [GC (Allocation Failure)  291626K->9034K(1028096K), 0.0035993 secs]
22860.306: [GC (Allocation Failure)  348490K->9034K(1018880K), 0.0035115 secs]
22860.664: [GC (Allocation Failure)  339274K->9034K(1009664K), 0.0033669 secs]
22861.009: [GC (Allocation Failure)  330058K->9002K(1000960K), 0.0033131 secs]
22861.346: [GC (Allocation Failure)  321322K->9002K(992768K), 0.0035680 secs]
22861.705: [GC (Allocation Failure)  313130K->9002K(984576K), 0.0036190 secs]
22862.025: [GC (Allocation Failure)  304938K->8970K(1043968K), 0.0045041 secs]
22862.416: [GC (Allocation Failure)  364298K->8970K(1115136K), 0.0037891 secs]
22862.878: [GC (Allocation Failure)  435466K->9002K(1102336K), 0.0032150 secs]
22863.331: [GC (Allocation Failure)  422698K->9002K(1090048K), 0.0037630 secs]
22863.767: [GC (Allocation Failure)  410410K->9002K(1078272K), 0.0032931 secs]
22864.188: [GC (Allocation Failure)  398634K->9034K(1067008K), 0.0037265 secs]
22864.595: [GC (Allocation Failure)  387402K->9002K(1056256K), 0.0032152 secs]
22864.995: [GC (Allocation Failure)  376618K->9034K(1045504K), 0.0034968 secs]
22865.379: [GC (Allocation Failure)  365898K->9034K(1035264K), 0.0029956 secs]
22865.752: [GC (Allocation Failure)  355658K->9002K(1025536K), 0.0037533 secs]
22866.115: [GC (Allocation Failure)  345898K->8970K(1016320K), 0.0037834 secs]
22866.468: [GC (Allocation Failure)  336650K->8970K(1007616K), 0.0029517 secs]
22866.844: [GC (Allocation Failure)  327946K->8970K(998912K), 0.0034683 secs]
22867.185: [GC (Allocation Failure)  319242K->9034K(1061376K), 0.0049094 secs]
22867.591: [GC (Allocation Failure)  381770K->9034K(1050624K), 0.0032870 secs]
22867.981: [GC (Allocation Failure)  371018K->9002K(1040384K), 0.0034056 secs]
22868.361: [GC (Allocation Failure)  360746K->9002K(1030656K), 0.0040279 secs]
22868.736: [GC (Allocation Failure)  351018K->8970K(1020928K), 0.0034885 secs]
22869.096: [GC (Allocation Failure)  341258K->8970K(1011712K), 0.0040854 secs]
22869.457: [GC (Allocation Failure)  332042K->9002K(1003008K), 0.0033751 secs]
22869.795: [GC (Allocation Failure)  323370K->8970K(1065984K), 0.0065011 secs]
22870.211: [GC (Allocation Failure)  386314K->9034K(1141760K), 0.0039636 secs]
22870.698: [GC (Allocation Failure)  462154K->9002K(1232384K), 0.0041012 secs]
22871.286: [GC (Allocation Failure)  552746K->9066K(1213952K), 0.0032869 secs]
22871.849: [GC (Allocation Failure)  534378K->9034K(1196544K), 0.0036873 secs]
22872.395: [GC (Allocation Failure)  516938K->9034K(1180160K), 0.0036108 secs]
22872.922: [GC (Allocation Failure)  500554K->8938K(1164288K), 0.0035919 secs]
22873.438: [GC (Allocation Failure)  484586K->9002K(1148928K), 0.0035553 secs]
22873.934: [GC (Allocation Failure)  469290K->9034K(1134592K), 0.0033752 secs]
22874.413: [GC (Allocation Failure)  454986K->9066K(1120768K), 0.0031808 secs]
22874.879: [GC (Allocation Failure)  441194K->9002K(1107456K), 0.0034184 secs]
22875.332: [GC (Allocation Failure)  427818K->9002K(1094656K), 0.0036452 secs]
22875.769: [GC (Allocation Failure)  415018K->9002K(1082368K), 0.0034526 secs]
22876.193: [GC (Allocation Failure)  402730K->8970K(1070592K), 0.0032128 secs]
22876.605: [GC (Allocation Failure)  390922K->9034K(1059328K), 0.0037931 secs]
22877.006: [GC (Allocation Failure)  379722K->9034K(1048576K), 0.0040281 secs]
22877.422: [GC (Allocation Failure)  368970K->8970K(1038336K), 0.0045155 secs]
22877.800: [GC (Allocation Failure)  358666K->9002K(1028608K), 0.0046799 secs]
22878.172: [GC (Allocation Failure)  348970K->8938K(1019392K), 0.0038661 secs]
22878.524: [GC (Allocation Failure)  339690K->9002K(1010176K), 0.0039188 secs]
22878.873: [GC (Allocation Failure)  330538K->8970K(1001472K), 0.0035499 secs]
22879.205: [GC (Allocation Failure)  321802K->9002K(1064448K), 0.0040652 secs]
22879.610: [GC (Allocation Failure)  384810K->9002K(1053696K), 0.0028763 secs]
22879.997: [GC (Allocation Failure)  374058K->9002K(1043456K), 0.0034330 secs]
22880.373: [GC (Allocation Failure)  363818K->9002K(1033216K), 0.0033617 secs]
22880.739: [GC (Allocation Failure)  353578K->9002K(1023488K), 0.0034721 secs]
22881.096: [GC (Allocation Failure)  343850K->8970K(1014272K), 0.0035278 secs]
22881.443: [GC (Allocation Failure)  334602K->8970K(1005568K), 0.0035023 secs]
22881.780: [GC (Allocation Failure)  325898K->9002K(996864K), 0.0033721 secs]
22882.108: [GC (Allocation Failure)  317226K->8970K(1058816K), 0.0053007 secs]
22882.526: [GC (Allocation Failure)  379146K->9002K(1133056K), 0.0031154 secs]
22882.997: [GC (Allocation Failure)  453418K->9002K(1119232K), 0.0033104 secs]
22883.452: [GC (Allocation Failure)  439594K->8970K(1105920K), 0.0032496 secs]
22883.893: [GC (Allocation Failure)  426250K->8970K(1093120K), 0.0030196 secs]
22884.324: [GC (Allocation Failure)  413450K->9002K(1080832K), 0.0036628 secs]
22884.739: [GC (Allocation Failure)  401194K->9002K(1069056K), 0.0040647 secs]
22885.147: [GC (Allocation Failure)  389418K->9034K(1057792K), 0.0036302 secs]
22885.537: [GC (Allocation Failure)  378186K->8970K(1047040K), 0.0031684 secs]
22885.916: [GC (Allocation Failure)  367370K->8970K(1036800K), 0.0038298 secs]
22886.286: [GC (Allocation Failure)  357130K->9002K(1027072K), 0.0043455 secs]
22886.650: [GC (Allocation Failure)  347434K->9002K(1017856K), 0.0034917 secs]
22886.999: [GC (Allocation Failure)  338218K->9002K(1008640K), 0.0033651 secs]
22887.339: [GC (Allocation Failure)  329002K->9002K(999936K), 0.0031309 secs]
22887.709: [GC (Allocation Failure)  320298K->9002K(991744K), 0.0029534 secs]
22888.032: [GC (Allocation Failure)  312106K->9034K(984064K), 0.0035125 secs]
22888.346: [GC (Allocation Failure)  304458K->9002K(976384K), 0.0033953 secs]
22888.651: [GC (Allocation Failure)  296746K->9002K(1034240K), 0.0037550 secs]
22889.018: [GC (Allocation Failure)  354602K->8970K(1024512K), 0.0031382 secs]
22889.375: [GC (Allocation Failure)  344842K->8970K(1015296K), 0.0039213 secs]
22889.722: [GC (Allocation Failure)  335626K->8970K(1006592K), 0.0031086 secs]
22890.068: [GC (Allocation Failure)  326922K->9002K(997888K), 0.0034390 secs]
22890.396: [GC (Allocation Failure)  318250K->8970K(1059840K), 0.0045839 secs]
22890.789: [GC (Allocation Failure)  380170K->8970K(1134080K), 0.0033816 secs]
22891.231: [GC (Allocation Failure)  454410K->8970K(1120256K), 0.0035431 secs]
22891.660: [GC (Allocation Failure)  440586K->9002K(1106944K), 0.0044648 secs]
22892.081: [GC (Allocation Failure)  427306K->8970K(1190912K), 0.0047709 secs]
22892.584: [GC (Allocation Failure)  511242K->9002K(1174528K), 0.0039833 secs]
22893.066: [GC (Allocation Failure)  494890K->9002K(1159168K), 0.0033639 secs]
22893.533: [GC (Allocation Failure)  479530K->9002K(1144320K), 0.0038709 secs]
22893.987: [GC (Allocation Failure)  464682K->9002K(1129984K), 0.0037594 secs]
22894.438: [GC (Allocation Failure)  450346K->8970K(1116160K), 0.0047360 secs]
22894.864: [GC (Allocation Failure)  436490K->9034K(1102848K), 0.0042027 secs]
22895.282: [GC (Allocation Failure)  423242K->9002K(1090560K), 0.0039371 secs]
22895.684: [GC (Allocation Failure)  410922K->9034K(1078784K), 0.0037401 secs]
22896.082: [GC (Allocation Failure)  399178K->9002K(1067520K), 0.0030457 secs]
22896.468: [GC (Allocation Failure)  387882K->9002K(1056256K), 0.0032225 secs]
22896.834: [GC (Allocation Failure)  376618K->9002K(1045504K), 0.0030742 secs]
22897.195: [GC (Allocation Failure)  365866K->9002K(1035264K), 0.0029189 secs]
22897.541: [GC (Allocation Failure)  355626K->9002K(1025536K), 0.0035135 secs]
22897.877: [GC (Allocation Failure)  345898K->9002K(1016320K), 0.0031724 secs]
22898.203: [GC (Allocation Failure)  336682K->9034K(1007616K), 0.0031560 secs]
22898.520: [GC (Allocation Failure)  328010K->8970K(998912K), 0.0037814 secs]
22898.829: [GC (Allocation Failure)  319242K->9002K(1061376K), 0.0035686 secs]
22899.199: [GC (Allocation Failure)  381738K->8970K(1050624K), 0.0032916 secs]
22899.559: [GC (Allocation Failure)  370954K->9002K(1040384K), 0.0029729 secs]
22899.908: [GC (Allocation Failure)  360746K->9002K(1030656K), 0.0035235 secs]
22900.249: [GC (Allocation Failure)  351018K->9002K(1020928K), 0.0032229 secs]
22900.579: [GC (Allocation Failure)  341290K->8970K(1011712K), 0.0029946 secs]
22900.906: [GC (Allocation Failure)  332042K->9002K(1003008K), 0.0034341 secs]
22901.219: [GC (Allocation Failure)  323370K->9002K(1065984K), 0.0042316 secs]
22901.594: [GC (Allocation Failure)  386346K->9002K(1055232K), 0.0033399 secs]
22901.957: [GC (Allocation Failure)  375594K->8970K(1044480K), 0.0030501 secs]
22902.309: [GC (Allocation Failure)  364810K->9034K(1034240K), 0.0030847 secs]
22902.652: [GC (Allocation Failure)  354634K->9002K(1024512K), 0.0029374 secs]
22902.984: [GC (Allocation Failure)  344874K->9034K(1015296K), 0.0032642 secs]
22903.338: [GC (Allocation Failure)  335690K->8970K(1006592K), 0.0037824 secs]
22903.655: [GC (Allocation Failure)  326922K->9002K(997888K), 0.0036455 secs]
22903.963: [GC (Allocation Failure)  318250K->9002K(1059840K), 0.0033281 secs]
22904.331: [GC (Allocation Failure)  380202K->9034K(1134080K), 0.0038699 secs]
22904.771: [GC (Allocation Failure)  454474K->9002K(1120256K), 0.0030130 secs]
22905.200: [GC (Allocation Failure)  440618K->9002K(1106944K), 0.0036754 secs]
22905.615: [GC (Allocation Failure)  427306K->8970K(1094144K), 0.0031757 secs]
22906.016: [GC (Allocation Failure)  414474K->8938K(1081856K), 0.0032015 secs]
22906.404: [GC (Allocation Failure)  402154K->9002K(1070080K), 0.0029930 secs]
22906.782: [GC (Allocation Failure)  390442K->8970K(1058816K), 0.0031656 secs]
22907.149: [GC (Allocation Failure)  379146K->9002K(1048064K), 0.0031893 secs]
22907.505: [GC (Allocation Failure)  368426K->9002K(1037824K), 0.0031834 secs]
22907.850: [GC (Allocation Failure)  358186K->8970K(1028096K), 0.0033627 secs]
22908.187: [GC (Allocation Failure)  348426K->9002K(1018880K), 0.0029035 secs]
22908.549: [GC (Allocation Failure)  339242K->8970K(1009664K), 0.0038119 secs]
22908.868: [GC (Allocation Failure)  329994K->9002K(1000960K), 0.0031624 secs]
22909.176: [GC (Allocation Failure)  321322K->9034K(992768K), 0.0030692 secs]
22909.483: [GC (Allocation Failure)  313162K->9002K(984576K), 0.0034489 secs]
22909.777: [GC (Allocation Failure)  304938K->9002K(1043968K), 0.0034871 secs]
22910.129: [GC (Allocation Failure)  364330K->9002K(1033728K), 0.0032254 secs]
22910.478: [GC (Allocation Failure)  354090K->8970K(1024000K), 0.0032368 secs]
22910.815: [GC (Allocation Failure)  344330K->8970K(1014784K), 0.0035319 secs]
22911.143: [GC (Allocation Failure)  335114K->8970K(1080320K), 0.0044910 secs]
22911.536: [GC (Allocation Failure)  400650K->9002K(1068544K), 0.0031757 secs]
22911.917: [GC (Allocation Failure)  388906K->9002K(1057280K), 0.0036358 secs]
22912.304: [GC (Allocation Failure)  377642K->9034K(1046528K), 0.0030546 secs]
22912.663: [GC (Allocation Failure)  366922K->9002K(1036288K), 0.0027652 secs]
22913.009: [GC (Allocation Failure)  356650K->8970K(1026560K), 0.0034060 secs]
22913.349: [GC (Allocation Failure)  346890K->8970K(1017344K), 0.0209419 secs]
22913.713: [GC (Allocation Failure)  337674K->9034K(1008640K), 0.0030176 secs]
22914.033: [GC (Allocation Failure)  329034K->9002K(999936K), 0.0030990 secs]
22914.345: [GC (Allocation Failure)  320298K->8970K(991744K), 0.0031678 secs]
22914.649: [GC (Allocation Failure)  312074K->9002K(1052672K), 0.0042841 secs]
22915.013: [GC (Allocation Failure)  373034K->9002K(1125888K), 0.0036824 secs]
22915.450: [GC (Allocation Failure)  446250K->9002K(1112576K), 0.0034771 secs]
22915.874: [GC (Allocation Failure)  432938K->8970K(1099776K), 0.0035344 secs]
22916.288: [GC (Allocation Failure)  420106K->9002K(1087488K), 0.0033155 secs]
22916.691: [GC (Allocation Failure)  407850K->8970K(1075712K), 0.0036081 secs]
22917.082: [GC (Allocation Failure)  396042K->9034K(1064448K), 0.0031781 secs]
22917.462: [GC (Allocation Failure)  384842K->9002K(1053696K), 0.0029681 secs]
22917.831: [GC (Allocation Failure)  374058K->9002K(1043456K), 0.0031289 secs]
22918.214: [GC (Allocation Failure)  363818K->9002K(1033216K), 0.0036774 secs]
22918.574: [GC (Allocation Failure)  353578K->9002K(1023488K), 0.0029160 secs]
22918.941: [GC (Allocation Failure)  343850K->8970K(1014272K), 0.0037287 secs]
22919.271: [GC (Allocation Failure)  334602K->9034K(1005568K), 0.0034700 secs]
22919.593: [GC (Allocation Failure)  325962K->9002K(996864K), 0.0035015 secs]
22919.905: [GC (Allocation Failure)  317226K->9034K(988672K), 0.0033357 secs]
22920.209: [GC (Allocation Failure)  309066K->8970K(1049088K), 0.0035975 secs]
22920.579: [GC (Allocation Failure)  369418K->9034K(1121280K), 0.0040361 secs]
22921.016: [GC (Allocation Failure)  441674K->9002K(1107968K), 0.0031438 secs]
22921.441: [GC (Allocation Failure)  428330K->9034K(1095168K), 0.0029656 secs]
22921.850: [GC (Allocation Failure)  415562K->9002K(1082880K), 0.0042090 secs]
22922.249: [GC (Allocation Failure)  403242K->9002K(1071104K), 0.0039642 secs]
22922.634: [GC (Allocation Failure)  391466K->9034K(1059840K), 0.0035967 secs]
22923.008: [GC (Allocation Failure)  380234K->9002K(1049088K), 0.0032811 secs]
22923.369: [GC (Allocation Failure)  369450K->9002K(1038848K), 0.0033898 secs]
22923.721: [GC (Allocation Failure)  359210K->9002K(1029120K), 0.0028502 secs]
22924.062: [GC (Allocation Failure)  349482K->9002K(1019904K), 0.0031765 secs]
22924.393: [GC (Allocation Failure)  340266K->8970K(1010688K), 0.0035522 secs]
22924.716: [GC (Allocation Failure)  331018K->9034K(1001984K), 0.0030203 secs]
22925.030: [GC (Allocation Failure)  322378K->9034K(1064960K), 0.0040123 secs]
22925.409: [GC (Allocation Failure)  385354K->9002K(1054208K), 0.0033659 secs]
22925.779: [GC (Allocation Failure)  374570K->8970K(1043968K), 0.0035996 secs]
22926.143: [GC (Allocation Failure)  364298K->9002K(1033728K), 0.0032928 secs]
22926.493: [GC (Allocation Failure)  354090K->8970K(1024000K), 0.0034658 secs]
22926.833: [GC (Allocation Failure)  344330K->9034K(1014784K), 0.0031427 secs]
22927.164: [GC (Allocation Failure)  335178K->9034K(1006080K), 0.0029877 secs]
22927.486: [GC (Allocation Failure)  326474K->9002K(997376K), 0.0035243 secs]
22927.799: [GC (Allocation Failure)  317738K->9002K(989184K), 0.0033667 secs]
22928.104: [GC (Allocation Failure)  309546K->9002K(1049600K), 0.0034417 secs]
22928.469: [GC (Allocation Failure)  369962K->8970K(1121792K), 0.0037024 secs]
22928.910: [GC (Allocation Failure)  442122K->8938K(1108480K), 0.0029632 secs]
22929.362: [GC (Allocation Failure)  428778K->8970K(1095680K), 0.0030643 secs]
22929.773: [GC (Allocation Failure)  416010K->9002K(1083392K), 0.0032064 secs]
22930.172: [GC (Allocation Failure)  403754K->9034K(1071616K), 0.0029666 secs]
22930.557: [GC (Allocation Failure)  392010K->9034K(1060352K), 0.0033848 secs]
22930.932: [GC (Allocation Failure)  380746K->9002K(1049600K), 0.0031402 secs]
22931.297: [GC (Allocation Failure)  369962K->8970K(1039360K), 0.0031173 secs]
22931.655: [GC (Allocation Failure)  359690K->8970K(1029632K), 0.0036936 secs]
22932.023: [GC (Allocation Failure)  349962K->9002K(1020416K), 0.0027975 secs]
22932.381: [GC (Allocation Failure)  340778K->9002K(1011200K), 0.0036697 secs]
22932.729: [GC (Allocation Failure)  331562K->9002K(1002496K), 0.0045403 secs]
22933.071: [GC (Allocation Failure)  322858K->9002K(994304K), 0.0031113 secs]
22933.400: [GC (Allocation Failure)  314666K->9034K(986112K), 0.0027591 secs]
22933.719: [GC (Allocation Failure)  306506K->9034K(978432K), 0.0024169 secs]
22934.030: [GC (Allocation Failure)  298826K->9002K(971264K), 0.0031549 secs]
22934.363: [GC (Allocation Failure)  291626K->8970K(964096K), 0.0031332 secs]
22934.659: [GC (Allocation Failure)  284426K->9002K(957440K), 0.0029083 secs]
22934.948: [GC (Allocation Failure)  277802K->8970K(950784K), 0.0033553 secs]
22935.231: [GC (Allocation Failure)  271114K->9002K(944640K), 0.0027583 secs]
22935.506: [GC (Allocation Failure)  265002K->9034K(995840K), 0.0032032 secs]
22935.836: [GC (Allocation Failure)  316234K->9002K(987648K), 0.0029726 secs]
22936.157: [GC (Allocation Failure)  308010K->9002K(979968K), 0.0035466 secs]
22936.472: [GC (Allocation Failure)  300330K->8970K(972288K), 0.0029365 secs]
22936.780: [GC (Allocation Failure)  292618K->8970K(965120K), 0.0027170 secs]
22937.077: [GC (Allocation Failure)  285450K->9034K(958464K), 0.0035941 secs]
22937.368: [GC (Allocation Failure)  278858K->9034K(1012736K), 0.0031619 secs]
22937.716: [GC (Allocation Failure)  333130K->8938K(1004032K), 0.0030394 secs]
22938.055: [GC (Allocation Failure)  324330K->9002K(995840K), 0.0033585 secs]
22938.387: [GC (Allocation Failure)  316202K->8970K(987648K), 0.0029166 secs]
22938.708: [GC (Allocation Failure)  307978K->9002K(979968K), 0.0029364 secs]
22939.022: [GC (Allocation Failure)  300330K->9002K(972288K), 0.0032008 secs]
22939.327: [GC (Allocation Failure)  292650K->8970K(965120K), 0.0029042 secs]
22939.659: [GC (Allocation Failure)  285450K->9002K(958464K), 0.0032899 secs]
22939.950: [GC (Allocation Failure)  278826K->8938K(951808K), 0.0030532 secs]
22940.234: [GC (Allocation Failure)  272106K->9002K(945664K), 0.0031655 secs]
22940.512: [GC (Allocation Failure)  266026K->9002K(997376K), 0.0034379 secs]
22940.845: [GC (Allocation Failure)  317738K->8970K(1059328K), 0.0034351 secs]
22941.245: [GC (Allocation Failure)  379658K->9002K(1048576K), 0.0028523 secs]
22941.630: [GC (Allocation Failure)  368938K->9066K(1038336K), 0.0029935 secs]
22942.006: [GC (Allocation Failure)  358762K->9002K(1028608K), 0.0032078 secs]
22942.372: [GC (Allocation Failure)  348970K->9034K(1019392K), 0.0031504 secs]
22942.728: [GC (Allocation Failure)  339786K->8970K(1010176K), 0.0037494 secs]
22943.083: [GC (Allocation Failure)  330506K->9002K(1001472K), 0.0029130 secs]
22943.420: [GC (Allocation Failure)  321834K->9002K(993280K), 0.1226317 secs]
22943.873: [GC (Allocation Failure)  313642K->9034K(985088K), 0.0032390 secs]
22944.193: [GC (Allocation Failure)  305482K->9034K(977408K), 0.0038073 secs]
22944.504: [GC (Allocation Failure)  297802K->8970K(970240K), 0.0030008 secs]
22944.835: [GC (Allocation Failure)  290570K->9002K(963072K), 0.0034294 secs]
22945.131: [GC (Allocation Failure)  283434K->8970K(956416K), 0.0032471 secs]
22945.419: [GC (Allocation Failure)  276746K->9034K(1010176K), 0.0037929 secs]
22945.765: [GC (Allocation Failure)  330570K->9002K(1074688K), 0.0030528 secs]
22946.181: [GC (Allocation Failure)  395050K->8970K(1063424K), 0.0032532 secs]
22946.583: [GC (Allocation Failure)  383754K->9002K(1052672K), 0.0028422 secs]
22946.978: [GC (Allocation Failure)  373034K->9002K(1042432K), 0.0038909 secs]
22947.358: [GC (Allocation Failure)  362794K->9034K(1032704K), 0.0029672 secs]
22947.728: [GC (Allocation Failure)  353098K->8938K(1022976K), 0.0040158 secs]
22948.091: [GC (Allocation Failure)  343274K->8970K(1013760K), 0.0030666 secs]
22948.441: [GC (Allocation Failure)  334090K->9002K(1005056K), 0.0030286 secs]
22948.781: [GC (Allocation Failure)  325418K->9002K(996352K), 0.0033414 secs]
22949.112: [GC (Allocation Failure)  316714K->9002K(988160K), 0.0028567 secs]
22949.433: [GC (Allocation Failure)  308522K->9002K(980480K), 0.0034182 secs]
22949.749: [GC (Allocation Failure)  300842K->9034K(972800K), 0.0030857 secs]
22950.055: [GC (Allocation Failure)  293194K->9066K(965632K), 0.0028912 secs]
22950.353: [GC (Allocation Failure)  286058K->9002K(958464K), 0.0029486 secs]
22950.643: [GC (Allocation Failure)  278826K->9002K(1012736K), 0.0036572 secs]
22950.993: [GC (Allocation Failure)  333098K->9002K(1004032K), 0.0028767 secs]
22951.335: [GC (Allocation Failure)  324394K->8970K(995840K), 0.0030491 secs]
22951.665: [GC (Allocation Failure)  316170K->9002K(987648K), 0.0036053 secs]
22951.987: [GC (Allocation Failure)  308010K->9034K(979968K), 0.0030305 secs]
22952.300: [GC (Allocation Failure)  300362K->9066K(972288K), 0.0027562 secs]
22952.606: [GC (Allocation Failure)  292714K->9002K(965120K), 0.0029394 secs]
22952.903: [GC (Allocation Failure)  285482K->9002K(958464K), 0.0025182 secs]
22953.194: [GC (Allocation Failure)  278826K->8970K(951808K), 0.0035041 secs]
22953.479: [GC (Allocation Failure)  272138K->9002K(1004544K), 0.0032968 secs]
22953.820: [GC (Allocation Failure)  324906K->9002K(996352K), 0.0033418 secs]
22954.150: [GC (Allocation Failure)  316714K->9002K(988160K), 0.0031001 secs]
22954.472: [GC (Allocation Failure)  308522K->9002K(980480K), 0.0028997 secs]
22954.786: [GC (Allocation Failure)  300842K->8970K(972800K), 0.0035068 secs]
22955.122: [GC (Allocation Failure)  293130K->8970K(965632K), 0.0032699 secs]
22955.421: [GC (Allocation Failure)  285962K->9034K(958464K), 0.0028468 secs]
22955.712: [GC (Allocation Failure)  278858K->8970K(1012736K), 0.0037912 secs]
22956.061: [GC (Allocation Failure)  333066K->9034K(1004032K), 0.0029739 secs]
22956.401: [GC (Allocation Failure)  324426K->9034K(995840K), 0.0030859 secs]
22956.734: [GC (Allocation Failure)  316234K->9002K(987648K), 0.0031269 secs]
22957.057: [GC (Allocation Failure)  308010K->9034K(979968K), 0.0038184 secs]
22957.375: [GC (Allocation Failure)  300362K->9002K(1038336K), 0.0037609 secs]
22957.755: [GC (Allocation Failure)  358698K->8970K(1028608K), 0.0032103 secs]
22958.121: [GC (Allocation Failure)  348938K->9002K(1096704K), 0.0040255 secs]
22958.584: [GC (Allocation Failure)  417066K->9002K(1084416K), 0.0167923 secs]
22959.035: [GC (Allocation Failure)  404778K->8970K(1072640K), 0.0031489 secs]
22959.449: [GC (Allocation Failure)  392970K->9002K(1061376K), 0.0035872 secs]
22959.851: [GC (Allocation Failure)  381738K->9002K(1050624K), 0.0033085 secs]
22960.273: [GC (Allocation Failure)  370986K->8970K(1040384K), 0.0038398 secs]
22960.652: [GC (Allocation Failure)  360714K->9002K(1030656K), 0.0028224 secs]
22961.019: [GC (Allocation Failure)  351018K->8970K(1020928K), 0.0043492 secs]
22961.383: [GC (Allocation Failure)  341258K->9034K(1011712K), 0.0032013 secs]
22961.732: [GC (Allocation Failure)  332106K->9002K(1003008K), 0.0033532 secs]
22962.072: [GC (Allocation Failure)  323370K->8970K(994816K), 0.0028413 secs]
22962.402: [GC (Allocation Failure)  315146K->9002K(986624K), 0.0029726 secs]
22962.722: [GC (Allocation Failure)  306986K->9034K(978944K), 0.0031406 secs]
22963.037: [GC (Allocation Failure)  299338K->9034K(971264K), 0.0039965 secs]
22963.342: [GC (Allocation Failure)  291658K->8970K(964096K), 0.0025639 secs]
22963.638: [GC (Allocation Failure)  284426K->8970K(957440K), 0.0032410 secs]
22963.928: [GC (Allocation Failure)  277770K->9002K(950784K), 0.0030951 secs]
22964.211: [GC (Allocation Failure)  271146K->8970K(1003520K), 0.0034541 secs]
22964.550: [GC (Allocation Failure)  323850K->9034K(995328K), 0.0030987 secs]
22964.880: [GC (Allocation Failure)  315722K->9002K(987136K), 0.0028825 secs]
22965.229: [GC (Allocation Failure)  307498K->9002K(979456K), 0.0035661 secs]
22965.543: [GC (Allocation Failure)  299818K->9002K(971776K), 0.0028893 secs]
22965.848: [GC (Allocation Failure)  292138K->9002K(964608K), 0.0031742 secs]
22966.145: [GC (Allocation Failure)  284970K->9002K(957952K), 0.0028755 secs]
22966.437: [GC (Allocation Failure)  278314K->9002K(951296K), 0.0032228 secs]
22966.724: [GC (Allocation Failure)  271658K->8970K(1004032K), 0.0037298 secs]
22967.064: [GC (Allocation Failure)  324362K->9002K(1067520K), 0.0032991 secs]
22967.473: [GC (Allocation Failure)  387882K->9002K(1143296K), 0.0045460 secs]
22967.962: [GC (Allocation Failure)  463658K->9002K(1128960K), 0.0035181 secs]
22968.435: [GC (Allocation Failure)  449322K->9034K(1115136K), 0.0029723 secs]
22968.892: [GC (Allocation Failure)  435530K->9002K(1102336K), 0.0030303 secs]
22969.338: [GC (Allocation Failure)  422698K->8970K(1090048K), 0.0039045 secs]
22969.772: [GC (Allocation Failure)  410378K->8970K(1078272K), 0.0038525 secs]
22970.192: [GC (Allocation Failure)  398602K->9002K(1067008K), 0.0036749 secs]
22970.630: [GC (Allocation Failure)  387370K->9002K(1056256K), 0.0033187 secs]
22971.025: [GC (Allocation Failure)  376618K->9002K(1045504K), 0.0033686 secs]
22971.410: [GC (Allocation Failure)  365866K->8970K(1035264K), 0.0038206 secs]
22971.785: [GC (Allocation Failure)  355594K->9066K(1025536K), 0.0037666 secs]
22972.143: [GC (Allocation Failure)  345962K->9002K(1016320K), 0.0032778 secs]
22972.491: [GC (Allocation Failure)  336682K->9034K(1007616K), 0.0032678 secs]
22972.829: [GC (Allocation Failure)  328010K->9034K(998912K), 0.0033362 secs]
22973.158: [GC (Allocation Failure)  319306K->9002K(990720K), 0.0031578 secs]
22973.485: [GC (Allocation Failure)  311082K->8970K(983040K), 0.0034748 secs]
22973.809: [GC (Allocation Failure)  303370K->9002K(975360K), 0.0033161 secs]
22974.114: [GC (Allocation Failure)  295722K->9002K(968192K), 0.0031895 secs]
22974.411: [GC (Allocation Failure)  288554K->9002K(1024512K), 0.0033773 secs]
22974.768: [GC (Allocation Failure)  344874K->8970K(1015296K), 0.0028912 secs]
22975.114: [GC (Allocation Failure)  335626K->9066K(1006592K), 0.0027087 secs]
22975.450: [GC (Allocation Failure)  327018K->9002K(997888K), 0.0029656 secs]
22975.819: [GC (Allocation Failure)  318250K->9002K(989696K), 0.0033704 secs]
22976.139: [GC (Allocation Failure)  310058K->9034K(982016K), 0.0033909 secs]
22976.450: [GC (Allocation Failure)  302410K->8970K(974336K), 0.0030983 secs]
22976.753: [GC (Allocation Failure)  294666K->8970K(1031680K), 0.0039298 secs]
22977.117: [GC (Allocation Failure)  352010K->9002K(1100288K), 0.0038556 secs]
22977.553: [GC (Allocation Failure)  420650K->9002K(1088000K), 0.0031341 secs]
22977.977: [GC (Allocation Failure)  408362K->9002K(1076224K), 0.0035957 secs]
22978.387: [GC (Allocation Failure)  396586K->8970K(1064960K), 0.0033226 secs]
22978.786: [GC (Allocation Failure)  385290K->9034K(1054208K), 0.0029679 secs]
22979.172: [GC (Allocation Failure)  374602K->9002K(1043968K), 0.0032563 secs]
22979.564: [GC (Allocation Failure)  364330K->9002K(1033728K), 0.0033070 secs]
22979.931: [GC (Allocation Failure)  354090K->9002K(1024000K), 0.0039294 secs]
22980.288: [GC (Allocation Failure)  344362K->8970K(1014784K), 0.0039744 secs]
22980.635: [GC (Allocation Failure)  335114K->9002K(1006080K), 0.0038643 secs]
22981.060: [GC (Allocation Failure)  326442K->8970K(997376K), 0.0034785 secs]
22981.387: [GC (Allocation Failure)  317706K->9002K(989184K), 0.0030987 secs]
22981.707: [GC (Allocation Failure)  309546K->9002K(981504K), 0.0037402 secs]
22982.019: [GC (Allocation Failure)  301866K->8970K(973824K), 0.0033018 secs]
22982.321: [GC (Allocation Failure)  294154K->9002K(1031168K), 0.0034789 secs]
22982.685: [GC (Allocation Failure)  351530K->8970K(1021440K), 0.0031338 secs]
22983.037: [GC (Allocation Failure)  341770K->8970K(1088000K), 0.0038383 secs]
22983.460: [GC (Allocation Failure)  408330K->9034K(1076224K), 0.0035038 secs]
22983.870: [GC (Allocation Failure)  396618K->8970K(1064960K), 0.0034349 secs]
22984.268: [GC (Allocation Failure)  385290K->9066K(1054208K), 0.0034488 secs]
22984.655: [GC (Allocation Failure)  374634K->9034K(1043968K), 0.0033447 secs]
22985.031: [GC (Allocation Failure)  364362K->9034K(1033728K), 0.0031972 secs]
22985.397: [GC (Allocation Failure)  354122K->8970K(1024000K), 0.0030466 secs]
22985.751: [GC (Allocation Failure)  344330K->9034K(1014784K), 0.0031909 secs]
22986.098: [GC (Allocation Failure)  335178K->9002K(1006080K), 0.0039831 secs]
22986.442: [GC (Allocation Failure)  326442K->9002K(997376K), 0.0038050 secs]
22986.780: [GC (Allocation Failure)  317738K->8970K(1059328K), 0.0043772 secs]
22987.192: [GC (Allocation Failure)  379658K->9002K(1048576K), 0.0033750 secs]
22987.573: [GC (Allocation Failure)  368938K->9002K(1038336K), 0.0037012 secs]
22987.944: [GC (Allocation Failure)  358698K->9034K(1028608K), 0.0034059 secs]
22988.304: [GC (Allocation Failure)  349002K->8970K(1019392K), 0.0039777 secs]
22988.699: [GC (Allocation Failure)  339722K->9002K(1010176K), 0.0200639 secs]
22989.058: [GC (Allocation Failure)  330538K->8970K(1001472K), 0.0036208 secs]
22989.390: [GC (Allocation Failure)  321802K->8970K(1064448K), 0.0037977 secs]
22989.791: [GC (Allocation Failure)  384778K->9002K(1053696K), 0.0037723 secs]
22990.177: [GC (Allocation Failure)  374058K->9002K(1043456K), 0.0031076 secs]
22990.553: [GC (Allocation Failure)  363818K->9002K(1033216K), 0.0040256 secs]
22990.919: [GC (Allocation Failure)  353578K->9002K(1023488K), 0.0468636 secs]
22991.322: [GC (Allocation Failure)  343850K->9002K(1014272K), 0.0031055 secs]
22991.669: [GC (Allocation Failure)  334634K->8970K(1005568K), 0.0041288 secs]
22992.009: [GC (Allocation Failure)  325898K->8970K(1069056K), 0.0040609 secs]
22992.412: [GC (Allocation Failure)  389386K->9002K(1057792K), 0.0035154 secs]
22992.803: [GC (Allocation Failure)  378154K->8970K(1047040K), 0.0034075 secs]
22993.182: [GC (Allocation Failure)  367370K->9002K(1036800K), 0.0030964 secs]
22993.555: [GC (Allocation Failure)  357162K->9002K(1027072K), 0.0035687 secs]
22993.915: [GC (Allocation Failure)  347434K->8970K(1017856K), 0.0033137 secs]
22994.263: [GC (Allocation Failure)  338186K->9034K(1008640K), 0.0037476 secs]
22994.602: [GC (Allocation Failure)  329034K->9002K(999936K), 0.0031345 secs]
22994.934: [GC (Allocation Failure)  320298K->8970K(991744K), 0.0030523 secs]
22995.257: [GC (Allocation Failure)  312074K->9002K(984064K), 0.0030984 secs]
22995.575: [GC (Allocation Failure)  304426K->9002K(976384K), 0.0038627 secs]
22995.881: [GC (Allocation Failure)  296746K->9002K(969216K), 0.0031350 secs]
22996.178: [GC (Allocation Failure)  289578K->8970K(1025536K), 0.0045796 secs]
22996.567: [GC (Allocation Failure)  345866K->8970K(1093120K), 0.0051864 secs]
22997.003: [GC (Allocation Failure)  413450K->9002K(1174016K), 0.0027211 secs]
22997.484: [GC (Allocation Failure)  494378K->9002K(1158656K), 0.0037248 secs]
22997.929: [GC (Allocation Failure)  479018K->8986K(1143808K), 0.0048437 secs]
22998.360: [GC (Allocation Failure)  464154K->9018K(1129472K), 0.0030918 secs]
22998.776: [GC (Allocation Failure)  449850K->9018K(1115648K), 0.0031777 secs]
22999.178: [GC (Allocation Failure)  436026K->8986K(1102848K), 0.0034665 secs]
22999.569: [GC (Allocation Failure)  423194K->9018K(1090560K), 0.0029616 secs]
22999.956: [GC (Allocation Failure)  410938K->9018K(1078784K), 0.0033249 secs]
23000.325: [GC (Allocation Failure)  399162K->8986K(1067520K), 0.0034228 secs]
23000.682: [GC (Allocation Failure)  387866K->9018K(1056256K), 0.0037512 secs]
23001.029: [GC (Allocation Failure)  376634K->8986K(1045504K), 0.0034363 secs]
23001.367: [GC (Allocation Failure)  365850K->9050K(1117184K), 0.0067220 secs]
23001.803: [GC (Allocation Failure)  437594K->9018K(1203200K), 0.0034895 secs]
23002.309: [GC (Allocation Failure)  523578K->9042K(1186304K), 0.0031759 secs]
23002.799: [GC (Allocation Failure)  506706K->9042K(1169920K), 0.0037932 secs]
23003.272: [GC (Allocation Failure)  490322K->9042K(1154560K), 0.0033380 secs]
23003.734: [GC (Allocation Failure)  474962K->9042K(1139712K), 0.0034120 secs]
23004.178: [GC (Allocation Failure)  460114K->9042K(1125376K), 0.0033456 secs]
23004.609: [GC (Allocation Failure)  445778K->9042K(1112064K), 0.0035919 secs]
23005.028: [GC (Allocation Failure)  432466K->9042K(1099264K), 0.0028669 secs]
23005.447: [GC (Allocation Failure)  419666K->9010K(1086976K), 0.0035874 secs]
23005.842: [GC (Allocation Failure)  407346K->9074K(1075200K), 0.0031194 secs]
23006.224: [GC (Allocation Failure)  395634K->9074K(1063936K), 0.0029296 secs]
23006.595: [GC (Allocation Failure)  384370K->9074K(1053184K), 0.0026816 secs]
23006.991: [GC (Allocation Failure)  373618K->9042K(1042944K), 0.0034234 secs]
23007.342: [GC (Allocation Failure)  363346K->9042K(1032704K), 0.0036721 secs]
23007.684: [GC (Allocation Failure)  353106K->9010K(1022976K), 0.0036268 secs]
23008.015: [GC (Allocation Failure)  343346K->9010K(1013760K), 0.0034473 secs]
23008.337: [GC (Allocation Failure)  334130K->9074K(1005056K), 0.0031861 secs]
23008.652: [GC (Allocation Failure)  325490K->9042K(1068544K), 0.0062733 secs]
23009.037: [GC (Allocation Failure)  388946K->9074K(1144832K), 0.0044774 secs]
23009.499: [GC (Allocation Failure)  465266K->9042K(1236480K), 0.0033631 secs]
23010.040: [GC (Allocation Failure)  556882K->9074K(1218048K), 0.0027048 secs]
23010.563: [GC (Allocation Failure)  538482K->9010K(1200640K), 0.0041033 secs]
23011.069: [GC (Allocation Failure)  521010K->9074K(1183744K), 0.0036495 secs]
23011.560: [GC (Allocation Failure)  504178K->9042K(1167872K), 0.0030662 secs]
23012.035: [GC (Allocation Failure)  488274K->9042K(1152512K), 0.0033066 secs]
23012.495: [GC (Allocation Failure)  472914K->9042K(1137664K), 0.0031268 secs]
23012.942: [GC (Allocation Failure)  458066K->9074K(1123840K), 0.0035290 secs]
23013.373: [GC (Allocation Failure)  444274K->9042K(1110528K), 0.0029687 secs]
23013.796: [GC (Allocation Failure)  430930K->9010K(1097728K), 0.0035531 secs]
23014.206: [GC (Allocation Failure)  418098K->9050K(1085440K), 0.0032901 secs]
23014.609: [GC (Allocation Failure)  405850K->9082K(1073664K), 0.0027980 secs]
23014.993: [GC (Allocation Failure)  394106K->9018K(1062400K), 0.0031877 secs]
23015.374: [GC (Allocation Failure)  382778K->9050K(1051648K), 0.0061754 secs]
23015.744: [GC (Allocation Failure)  372058K->9018K(1041408K), 0.0033777 secs]
23016.103: [GC (Allocation Failure)  361786K->9082K(1031680K), 0.0034820 secs]
23016.455: [GC (Allocation Failure)  352122K->9082K(1100288K), 0.0057627 secs]
23016.875: [GC (Allocation Failure)  420730K->9082K(1182720K), 0.0039404 secs]
23017.372: [GC (Allocation Failure)  503162K->9050K(1281536K), 0.0041662 secs]
23018.050: [GC (Allocation Failure)  601946K->9050K(1261056K), 0.0037755 secs]
23018.626: [GC (Allocation Failure)  581466K->9050K(1241600K), 0.0045355 secs]
23019.179: [GC (Allocation Failure)  562010K->9018K(1223168K), 0.0049735 secs]
23019.712: [GC (Allocation Failure)  543546K->9082K(1205248K), 0.0039504 secs]
23020.230: [GC (Allocation Failure)  525690K->9082K(1188352K), 0.0034282 secs]
23020.733: [GC (Allocation Failure)  508794K->9082K(1171968K), 0.0034975 secs]
23021.224: [GC (Allocation Failure)  492410K->9082K(1156608K), 0.0034545 secs]
23021.702: [GC (Allocation Failure)  477050K->9018K(1141760K), 0.0040073 secs]
23022.160: [GC (Allocation Failure)  462138K->9018K(1127424K), 0.0033015 secs]
23022.601: [GC (Allocation Failure)  447802K->8986K(1114112K), 0.0034509 secs]
23023.029: [GC (Allocation Failure)  434458K->9050K(1101312K), 0.0029293 secs]
23023.470: [GC (Allocation Failure)  421722K->9050K(1089024K), 0.0033638 secs]
23023.900: [GC (Allocation Failure)  409434K->9050K(1077248K), 0.0036166 secs]
23024.317: [GC (Allocation Failure)  397658K->9050K(1065984K), 0.0043414 secs]
23024.724: [GC (Allocation Failure)  386394K->9082K(1055232K), 0.0039244 secs]
23025.118: [GC (Allocation Failure)  375674K->9050K(1044480K), 0.0036396 secs]
23025.501: [GC (Allocation Failure)  364890K->9050K(1034240K), 0.0039351 secs]
23025.874: [GC (Allocation Failure)  354650K->9018K(1024512K), 0.0033745 secs]
23026.235: [GC (Allocation Failure)  344890K->9050K(1015296K), 0.0038057 secs]
23026.586: [GC (Allocation Failure)  335706K->9018K(1006592K), 0.0030598 secs]
23026.928: [GC (Allocation Failure)  326970K->9018K(997888K), 0.0033066 secs]
23027.261: [GC (Allocation Failure)  318266K->9082K(989696K), 0.0030709 secs]
23027.585: [GC (Allocation Failure)  310138K->9018K(982016K), 0.0035459 secs]
23027.902: [GC (Allocation Failure)  302394K->9082K(974336K), 0.0031220 secs]
23028.209: [GC (Allocation Failure)  294778K->9050K(1031680K), 0.0038316 secs]
23028.578: [GC (Allocation Failure)  352090K->9050K(1100288K), 0.0041645 secs]
23029.019: [GC (Allocation Failure)  420698K->9050K(1088000K), 0.0033263 secs]
23029.448: [GC (Allocation Failure)  408410K->9114K(1076224K), 0.0036403 secs]
23029.864: [GC (Allocation Failure)  396698K->9050K(1064960K), 0.0040554 secs]
23030.269: [GC (Allocation Failure)  385370K->9082K(1054208K), 0.0030177 secs]
23030.662: [GC (Allocation Failure)  374650K->9018K(1043968K), 0.0027456 secs]
23031.044: [GC (Allocation Failure)  364346K->9082K(1033728K), 0.0035723 secs]
23031.415: [GC (Allocation Failure)  354170K->9018K(1024000K), 0.0025373 secs]
23031.780: [GC (Allocation Failure)  344378K->9018K(1014784K), 0.0034937 secs]
23032.132: [GC (Allocation Failure)  335162K->9018K(1006080K), 0.0035752 secs]
23032.474: [GC (Allocation Failure)  326458K->9082K(997376K), 0.0037450 secs]
23032.807: [GC (Allocation Failure)  317818K->9050K(989184K), 0.0037495 secs]
23033.132: [GC (Allocation Failure)  309594K->9018K(1049600K), 0.0037143 secs]
23033.543: [GC (Allocation Failure)  369978K->9082K(1039360K), 0.0035396 secs]
23033.921: [GC (Allocation Failure)  359802K->9050K(1029632K), 0.0033332 secs]
23034.288: [GC (Allocation Failure)  350042K->9018K(1020416K), 0.0031971 secs]
23034.646: [GC (Allocation Failure)  340794K->9082K(1011200K), 0.0031374 secs]
23034.993: [GC (Allocation Failure)  331642K->9050K(1002496K), 0.0035524 secs]
23035.332: [GC (Allocation Failure)  322906K->9082K(994304K), 0.0035304 secs]
23035.662: [GC (Allocation Failure)  314746K->9018K(986112K), 0.0031182 secs]
23035.983: [GC (Allocation Failure)  306490K->8986K(978432K), 0.0038887 secs]
23036.296: [GC (Allocation Failure)  298778K->9050K(1036800K), 0.0040536 secs]
23036.677: [GC (Allocation Failure)  357210K->9050K(1106432K), 0.0039177 secs]
23037.128: [GC (Allocation Failure)  426842K->9050K(1093632K), 0.0030427 secs]
23037.563: [GC (Allocation Failure)  414042K->9018K(1081344K), 0.0033288 secs]
23037.985: [GC (Allocation Failure)  401722K->9050K(1069568K), 0.0045108 secs]
23038.396: [GC (Allocation Failure)  389978K->9018K(1058304K), 0.0035808 secs]
23038.826: [GC (Allocation Failure)  378682K->9018K(1047552K), 0.0030319 secs]
23039.215: [GC (Allocation Failure)  367930K->9018K(1037312K), 0.0035303 secs]
23039.596: [GC (Allocation Failure)  357690K->9050K(1027584K), 0.0053343 secs]
23039.972: [GC (Allocation Failure)  347994K->9082K(1018368K), 0.0031930 secs]
23040.327: [GC (Allocation Failure)  338810K->9082K(1009152K), 0.0030491 secs]
23040.673: [GC (Allocation Failure)  329594K->9082K(1000448K), 0.0030158 secs]
23041.010: [GC (Allocation Failure)  320890K->9082K(992256K), 0.0033601 secs]
23041.336: [GC (Allocation Failure)  312698K->9050K(984064K), 0.0034773 secs]
23041.650: [GC (Allocation Failure)  304474K->9050K(976384K), 0.0036032 secs]
23041.956: [GC (Allocation Failure)  296794K->9050K(1034240K), 0.0055138 secs]
23042.325: [GC (Allocation Failure)  354650K->9050K(1103360K), 0.0031211 secs]
23042.765: [GC (Allocation Failure)  423770K->9082K(1091072K), 0.0026522 secs]
23043.193: [GC (Allocation Failure)  411514K->9050K(1079296K), 0.0034071 secs]
23043.606: [GC (Allocation Failure)  399706K->9050K(1068032K), 0.0026552 secs]
23044.040: [GC (Allocation Failure)  388442K->9050K(1056768K), 0.0041113 secs]
23044.434: [GC (Allocation Failure)  377178K->9082K(1046016K), 0.0036670 secs]
23044.813: [GC (Allocation Failure)  366458K->9050K(1035776K), 0.0028654 secs]
23045.181: [GC (Allocation Failure)  356186K->9018K(1026048K), 0.0042951 secs]
23045.545: [GC (Allocation Failure)  346426K->9082K(1016832K), 0.0044704 secs]
23045.894: [GC (Allocation Failure)  337274K->9082K(1008128K), 0.0029755 secs]
23046.233: [GC (Allocation Failure)  328570K->9082K(1072128K), 0.0043171 secs]
23046.647: [GC (Allocation Failure)  392570K->9050K(1148928K), 0.0040910 secs]
23047.135: [GC (Allocation Failure)  469338K->9018K(1134592K), 0.0039163 secs]
23047.609: [GC (Allocation Failure)  454970K->9018K(1120768K), 0.0033306 secs]
23048.068: [GC (Allocation Failure)  441146K->9050K(1107456K), 0.0033215 secs]
23048.525: [GC (Allocation Failure)  427866K->9018K(1094656K), 0.0031005 secs]
23048.956: [GC (Allocation Failure)  415034K->9018K(1082368K), 0.0041811 secs]
23049.388: [GC (Allocation Failure)  402746K->9082K(1070592K), 0.0038161 secs]
23049.792: [GC (Allocation Failure)  391034K->9050K(1059328K), 0.0034751 secs]
23050.190: [GC (Allocation Failure)  379738K->9050K(1048576K), 0.0031982 secs]
23050.572: [GC (Allocation Failure)  368986K->9050K(1038336K), 0.0040502 secs]
23050.943: [GC (Allocation Failure)  358746K->9050K(1028608K), 0.0032022 secs]
23051.303: [GC (Allocation Failure)  349018K->9082K(1019392K), 0.0030499 secs]
23051.653: [GC (Allocation Failure)  339834K->9082K(1010176K), 0.0038661 secs]
23051.994: [GC (Allocation Failure)  330618K->9050K(1001472K), 0.0038186 secs]
23052.327: [GC (Allocation Failure)  321882K->9082K(1064448K), 0.0039303 secs]
23052.728: [GC (Allocation Failure)  384890K->9018K(1053696K), 0.0035554 secs]
23053.081: [GC (Allocation Failure)  374074K->9050K(1043456K), 0.0027538 secs]
23053.417: [GC (Allocation Failure)  363866K->9018K(1033216K), 0.0034872 secs]
23053.747: [GC (Allocation Failure)  353594K->9018K(1023488K), 0.0035642 secs]
23054.065: [GC (Allocation Failure)  343866K->9018K(1014272K), 0.0032014 secs]
23054.401: [GC (Allocation Failure)  334650K->9050K(1005568K), 0.0031809 secs]
23054.705: [GC (Allocation Failure)  325978K->9050K(1069056K), 0.0038484 secs]
23055.072: [GC (Allocation Failure)  389466K->9050K(1057792K), 0.0031388 secs]
23055.422: [GC (Allocation Failure)  378202K->9050K(1047040K), 0.0035842 secs]
23055.763: [GC (Allocation Failure)  367450K->9050K(1118720K), 0.0037798 secs]
23056.173: [GC (Allocation Failure)  439130K->9018K(1105408K), 0.0031878 secs]
23056.567: [GC (Allocation Failure)  425786K->9050K(1188864K), 0.0050479 secs]
23057.048: [GC (Allocation Failure)  509274K->9018K(1172480K), 0.0041649 secs]
23057.514: [GC (Allocation Failure)  492858K->9018K(1157120K), 0.0029388 secs]
23057.973: [GC (Allocation Failure)  477498K->9082K(1142272K), 0.0041444 secs]
23058.421: [GC (Allocation Failure)  462714K->9050K(1127936K), 0.0031967 secs]
23058.855: [GC (Allocation Failure)  448346K->9050K(1114112K), 0.0031858 secs]
23059.276: [GC (Allocation Failure)  434522K->9018K(1101312K), 0.0033768 secs]
23059.712: [GC (Allocation Failure)  421690K->9050K(1089024K), 0.0042267 secs]
23060.113: [GC (Allocation Failure)  409434K->9082K(1077248K), 0.0047466 secs]
23060.499: [GC (Allocation Failure)  397690K->9050K(1065984K), 0.0030211 secs]
23060.872: [GC (Allocation Failure)  386394K->9050K(1055232K), 0.0032515 secs]
23061.237: [GC (Allocation Failure)  375642K->9050K(1044480K), 0.0025537 secs]
23061.590: [GC (Allocation Failure)  364890K->9050K(1034240K), 0.0034261 secs]
23061.933: [GC (Allocation Failure)  354650K->9050K(1024512K), 0.0043597 secs]
23062.271: [GC (Allocation Failure)  344922K->9018K(1015296K), 0.0031997 secs]
23062.595: [GC (Allocation Failure)  335674K->9018K(1080832K), 0.0041283 secs]
23062.985: [GC (Allocation Failure)  401210K->9050K(1159680K), 0.0042238 secs]
23063.455: [GC (Allocation Failure)  480090K->9050K(1144832K), 0.0037037 secs]
23063.909: [GC (Allocation Failure)  465242K->9082K(1130496K), 0.0031807 secs]
23064.346: [GC (Allocation Failure)  450938K->9050K(1116672K), 0.0031543 secs]
23064.773: [GC (Allocation Failure)  437082K->9018K(1103360K), 0.0036630 secs]
23065.185: [GC (Allocation Failure)  423738K->9050K(1091072K), 0.0036014 secs]
23065.584: [GC (Allocation Failure)  411482K->9050K(1079296K), 0.0034299 secs]
23065.971: [GC (Allocation Failure)  399706K->9050K(1068032K), 0.0033040 secs]
23066.349: [GC (Allocation Failure)  388442K->9050K(1056768K), 0.0034937 secs]
23066.716: [GC (Allocation Failure)  377178K->9018K(1046016K), 0.0033331 secs]
23067.071: [GC (Allocation Failure)  366394K->9050K(1035776K), 0.0032717 secs]
23067.416: [GC (Allocation Failure)  356186K->9050K(1026048K), 0.0028370 secs]
23067.753: [GC (Allocation Failure)  346458K->9018K(1016832K), 0.0033307 secs]
23068.079: [GC (Allocation Failure)  337210K->9050K(1008128K), 0.0029265 secs]
23068.399: [GC (Allocation Failure)  328538K->9050K(1072128K), 0.0078733 secs]
23068.798: [GC (Allocation Failure)  392538K->9050K(1148928K), 0.0034531 secs]
23069.257: [GC (Allocation Failure)  469338K->9050K(1241088K), 0.0038027 secs]
23069.810: [GC (Allocation Failure)  561498K->9050K(1222656K), 0.0034528 secs]
23070.380: [GC (Allocation Failure)  543066K->9050K(1204736K), 0.0033138 secs]
23070.895: [GC (Allocation Failure)  525146K->9018K(1187840K), 0.0035683 secs]
23071.401: [GC (Allocation Failure)  508218K->9050K(1171456K), 0.0042815 secs]
23071.890: [GC (Allocation Failure)  491866K->9082K(1156096K), 0.0035702 secs]
23072.362: [GC (Allocation Failure)  476538K->9050K(1141248K), 0.0034474 secs]
23072.819: [GC (Allocation Failure)  461658K->9050K(1126912K), 0.0033898 secs]
23073.261: [GC (Allocation Failure)  447322K->9050K(1113600K), 0.0039574 secs]
23073.690: [GC (Allocation Failure)  434010K->9050K(1100800K), 0.0033586 secs]
23074.105: [GC (Allocation Failure)  421210K->9050K(1088512K), 0.0032406 secs]
23074.508: [GC (Allocation Failure)  408922K->9050K(1076736K), 0.0031876 secs]
23074.895: [GC (Allocation Failure)  397146K->9050K(1065472K), 0.0249697 secs]
23075.299: [GC (Allocation Failure)  385882K->9082K(1054720K), 0.0033602 secs]
23075.666: [GC (Allocation Failure)  375162K->9018K(1044480K), 0.0037787 secs]
23076.025: [GC (Allocation Failure)  364858K->9050K(1034240K), 0.0023998 secs]
23076.375: [GC (Allocation Failure)  354650K->9050K(1024512K), 0.0034581 secs]
23076.714: [GC (Allocation Failure)  344922K->9082K(1015296K), 0.0027347 secs]
23077.044: [GC (Allocation Failure)  335738K->9050K(1006592K), 0.0027736 secs]
23077.366: [GC (Allocation Failure)  327002K->9050K(997888K), 0.0046913 secs]
23077.680: [GC (Allocation Failure)  318298K->9050K(989696K), 0.0032101 secs]
23077.985: [GC (Allocation Failure)  310106K->9018K(1050112K), 0.0034841 secs]
23078.350: [GC (Allocation Failure)  370490K->9018K(1122816K), 0.0036222 secs]
23078.798: [GC (Allocation Failure)  443194K->9050K(1109504K), 0.0029492 secs]
23079.250: [GC (Allocation Failure)  429914K->9018K(1096704K), 0.0035190 secs]
23079.690: [GC (Allocation Failure)  417082K->9050K(1084416K), 0.0045457 secs]
23080.163: [GC (Allocation Failure)  404826K->9018K(1072640K), 0.0033469 secs]
23080.611: [GC (Allocation Failure)  393018K->9018K(1061376K), 0.0037363 secs]
23081.013: [GC (Allocation Failure)  381754K->9050K(1050624K), 0.0034076 secs]
23081.403: [GC (Allocation Failure)  371034K->9018K(1040384K), 0.0032826 secs]
23081.781: [GC (Allocation Failure)  360762K->9082K(1030656K), 0.0030426 secs]
23082.148: [GC (Allocation Failure)  351098K->9050K(1020928K), 0.0031745 secs]
23082.504: [GC (Allocation Failure)  341338K->9018K(1011712K), 0.0031160 secs]
23082.851: [GC (Allocation Failure)  332090K->9082K(1003008K), 0.0036786 secs]
23083.190: [GC (Allocation Failure)  323450K->9050K(994816K), 0.0033135 secs]
23083.519: [GC (Allocation Failure)  315226K->9050K(986624K), 0.0030540 secs]
23083.840: [GC (Allocation Failure)  307034K->9018K(978944K), 0.0031010 secs]
23084.155: [GC (Allocation Failure)  299322K->9018K(971264K), 0.0035103 secs]
23084.469: [GC (Allocation Failure)  291642K->9050K(964096K), 0.0031761 secs]
23084.766: [GC (Allocation Failure)  284506K->9018K(957440K), 0.0028537 secs]
23085.056: [GC (Allocation Failure)  277818K->9050K(1011200K), 0.0036566 secs]
23085.403: [GC (Allocation Failure)  331610K->9018K(1002496K), 0.0030525 secs]
23085.741: [GC (Allocation Failure)  322874K->9050K(994304K), 0.0029187 secs]
23086.093: [GC (Allocation Failure)  314714K->9050K(986112K), 0.0037475 secs]
23086.414: [GC (Allocation Failure)  306522K->9082K(978432K), 0.0028377 secs]
23086.726: [GC (Allocation Failure)  298874K->9050K(971264K), 0.0030712 secs]
23087.030: [GC (Allocation Failure)  291674K->9018K(1028096K), 0.0038043 secs]
23087.396: [GC (Allocation Failure)  348474K->9018K(1096192K), 0.0038755 secs]
23087.851: [GC (Allocation Failure)  416570K->9082K(1083904K), 0.0032670 secs]
23088.275: [GC (Allocation Failure)  404346K->9050K(1072128K), 0.0042113 secs]
23088.687: [GC (Allocation Failure)  392538K->9050K(1060864K), 0.0029042 secs]
23089.086: [GC (Allocation Failure)  381274K->9050K(1050112K), 0.0028094 secs]
23089.476: [GC (Allocation Failure)  370522K->9050K(1039872K), 0.0036746 secs]
23089.855: [GC (Allocation Failure)  360282K->9082K(1030144K), 0.0034480 secs]
23090.223: [GC (Allocation Failure)  350586K->9050K(1020928K), 0.0038925 secs]
23090.602: [GC (Allocation Failure)  341338K->9146K(1011712K), 0.0029412 secs]
23090.995: [GC (Allocation Failure)  332218K->9050K(1003008K), 0.0037165 secs]
23091.334: [GC (Allocation Failure)  323418K->9082K(994816K), 0.0035769 secs]
23091.664: [GC (Allocation Failure)  315258K->9050K(986624K), 0.0041899 secs]
23091.991: [GC (Allocation Failure)  307034K->9082K(1046528K), 0.0037780 secs]
23092.376: [GC (Allocation Failure)  366970K->9082K(1036288K), 0.0035733 secs]
23092.751: [GC (Allocation Failure)  356730K->9050K(1026560K), 0.0032729 secs]
23093.116: [GC (Allocation Failure)  346970K->9082K(1017344K), 0.0033522 secs]
23093.471: [GC (Allocation Failure)  337786K->9082K(1008640K), 0.0034923 secs]
23093.817: [GC (Allocation Failure)  329082K->9082K(999936K), 0.0033896 secs]
23094.153: [GC (Allocation Failure)  320378K->9018K(991744K), 0.0039796 secs]
23094.480: [GC (Allocation Failure)  312122K->9050K(1052672K), 0.0034139 secs]
23094.873: [GC (Allocation Failure)  373082K->9082K(1042432K), 0.0028298 secs]
23095.253: [GC (Allocation Failure)  362874K->9018K(1032704K), 0.0035460 secs]
23095.624: [GC (Allocation Failure)  353082K->9050K(1022976K), 0.0029774 secs]
23096.099: [GC (Allocation Failure)  343386K->9050K(1013760K), 0.0035343 secs]
23096.451: [GC (Allocation Failure)  334170K->9018K(1005056K), 0.0033442 secs]
23096.793: [GC (Allocation Failure)  325434K->9050K(996352K), 0.0039479 secs]
23097.125: [GC (Allocation Failure)  316762K->9050K(988160K), 0.0034328 secs]
23097.444: [GC (Allocation Failure)  308570K->9018K(1048064K), 0.0037690 secs]
23097.827: [GC (Allocation Failure)  368442K->9050K(1037824K), 0.0035461 secs]
23098.209: [GC (Allocation Failure)  358234K->9050K(1028096K), 0.0034190 secs]
23098.570: [GC (Allocation Failure)  348506K->9050K(1018880K), 0.0030593 secs]
23098.920: [GC (Allocation Failure)  339290K->9018K(1009664K), 0.0034435 secs]
23099.261: [GC (Allocation Failure)  330042K->9050K(1074176K), 0.0043574 secs]
23099.674: [GC (Allocation Failure)  394586K->9050K(1062912K), 0.0038845 secs]
23100.076: [GC (Allocation Failure)  383322K->9050K(1052160K), 0.0039445 secs]
23100.462: [GC (Allocation Failure)  372570K->9050K(1041920K), 0.0041162 secs]
23100.841: [GC (Allocation Failure)  362330K->9082K(1112576K), 0.0040877 secs]
23101.292: [GC (Allocation Failure)  433018K->9018K(1099776K), 0.0034193 secs]
23101.727: [GC (Allocation Failure)  420154K->9050K(1087488K), 0.0036641 secs]
23102.150: [GC (Allocation Failure)  407898K->9050K(1075712K), 0.0035615 secs]
23102.560: [GC (Allocation Failure)  396122K->9050K(1064448K), 0.0040648 secs]
23102.959: [GC (Allocation Failure)  384858K->9018K(1053696K), 0.0031079 secs]
23103.346: [GC (Allocation Failure)  374074K->9050K(1043456K), 0.0034549 secs]
23103.723: [GC (Allocation Failure)  363866K->9082K(1033216K), 0.0038139 secs]
23104.090: [GC (Allocation Failure)  353658K->9050K(1023488K), 0.0036323 secs]
23104.445: [GC (Allocation Failure)  343898K->9018K(1014272K), 0.0037208 secs]
23104.791: [GC (Allocation Failure)  334650K->9082K(1005568K), 0.0031554 secs]
23105.128: [GC (Allocation Failure)  326010K->9050K(996864K), 0.0037665 secs]
23105.457: [GC (Allocation Failure)  317274K->9050K(1058816K), 0.0038363 secs]
23105.852: [GC (Allocation Failure)  379226K->9018K(1048064K), 0.0035015 secs]
23106.249: [GC (Allocation Failure)  368442K->9050K(1037824K), 0.0035726 secs]
23106.621: [GC (Allocation Failure)  358234K->9050K(1028096K), 0.0037032 secs]
23106.982: [GC (Allocation Failure)  348506K->9050K(1018880K), 0.0033286 secs]
23107.332: [GC (Allocation Failure)  339290K->9050K(1009664K), 0.0039999 secs]
23107.675: [GC (Allocation Failure)  330074K->9050K(1074176K), 0.0039276 secs]
23108.089: [GC (Allocation Failure)  394586K->9018K(1062912K), 0.0032705 secs]
23108.487: [GC (Allocation Failure)  383290K->9050K(1052160K), 0.0039078 secs]
23108.860: [GC (Allocation Failure)  372570K->9018K(1041920K), 0.0042181 secs]
23109.215: [GC (Allocation Failure)  362298K->9050K(1112576K), 0.0038500 secs]
23109.639: [GC (Allocation Failure)  432986K->9050K(1197568K), 0.0042033 secs]
23110.151: [GC (Allocation Failure)  517978K->9018K(1181184K), 0.0033460 secs]
23110.640: [GC (Allocation Failure)  501562K->9018K(1165312K), 0.0029094 secs]
23111.123: [GC (Allocation Failure)  485690K->9082K(1149952K), 0.0031757 secs]
23111.615: [GC (Allocation Failure)  470394K->9050K(1135616K), 0.0032642 secs]
23112.060: [GC (Allocation Failure)  456026K->9050K(1121792K), 0.0030156 secs]
23112.491: [GC (Allocation Failure)  442202K->9050K(1108480K), 0.0033160 secs]
23112.908: [GC (Allocation Failure)  428890K->9050K(1095680K), 0.0033713 secs]
23113.314: [GC (Allocation Failure)  416090K->9050K(1083392K), 0.0034869 secs]
23113.707: [GC (Allocation Failure)  403802K->9050K(1071616K), 0.0028673 secs]
23114.086: [GC (Allocation Failure)  392026K->9050K(1060352K), 0.0032311 secs]
23114.455: [GC (Allocation Failure)  380762K->9082K(1049600K), 0.0032089 secs]
23114.813: [GC (Allocation Failure)  370042K->9050K(1039360K), 0.0032679 secs]
23115.162: [GC (Allocation Failure)  359770K->9018K(1029632K), 0.0040504 secs]
23115.506: [GC (Allocation Failure)  350010K->9018K(1020416K), 0.0029508 secs]
23115.835: [GC (Allocation Failure)  340794K->9050K(1011200K), 0.0027587 secs]
23116.157: [GC (Allocation Failure)  331610K->9082K(1002496K), 0.0034893 secs]
23116.492: [GC (Allocation Failure)  322938K->9050K(994304K), 0.0025770 secs]
23116.795: [GC (Allocation Failure)  314714K->9050K(986112K), 0.0035826 secs]
23117.091: [GC (Allocation Failure)  306522K->9050K(978432K), 0.0031297 secs]
23117.379: [GC (Allocation Failure)  298842K->9050K(1036800K), 0.0034954 secs]
23117.727: [GC (Allocation Failure)  357210K->9050K(1106432K), 0.0039275 secs]
23118.141: [GC (Allocation Failure)  426842K->9018K(1093632K), 0.0032523 secs]
23118.548: [GC (Allocation Failure)  414010K->9050K(1081344K), 0.0030986 secs]
23118.936: [GC (Allocation Failure)  401754K->9050K(1069568K), 0.0050090 secs]
23119.316: [GC (Allocation Failure)  389978K->9050K(1145856K), 0.0040872 secs]
23119.774: [GC (Allocation Failure)  466266K->9018K(1131520K), 0.0036135 secs]
23120.222: [GC (Allocation Failure)  451898K->9050K(1117696K), 0.0029198 secs]
23120.646: [GC (Allocation Failure)  438106K->9082K(1104384K), 0.0031592 secs]
23121.059: [GC (Allocation Failure)  424826K->9050K(1091584K), 0.0030590 secs]
23121.463: [GC (Allocation Failure)  411994K->9082K(1079808K), 0.0034379 secs]
23121.873: [GC (Allocation Failure)  400250K->9082K(1068032K), 0.0036587 secs]
23122.251: [GC (Allocation Failure)  388474K->9050K(1056768K), 0.0040719 secs]
23122.624: [GC (Allocation Failure)  377178K->9018K(1046016K), 0.0034083 secs]
23122.983: [GC (Allocation Failure)  366394K->9050K(1035776K), 0.0040165 secs]
23123.330: [GC (Allocation Failure)  356186K->9050K(1026048K), 0.0033839 secs]
23123.668: [GC (Allocation Failure)  346458K->9050K(1093632K), 0.0041963 secs]
23124.076: [GC (Allocation Failure)  414042K->9082K(1081344K), 0.0033203 secs]
23124.471: [GC (Allocation Failure)  401786K->9018K(1069568K), 0.0038102 secs]
23124.855: [GC (Allocation Failure)  389946K->9050K(1145856K), 0.0054075 secs]
23125.322: [GC (Allocation Failure)  466266K->9050K(1131520K), 0.0032900 secs]
23125.767: [GC (Allocation Failure)  451930K->9018K(1117696K), 0.0032610 secs]
23126.199: [GC (Allocation Failure)  438074K->9082K(1104384K), 0.0030564 secs]
23126.619: [GC (Allocation Failure)  424826K->9082K(1091584K), 0.0031253 secs]
23127.058: [GC (Allocation Failure)  412026K->9050K(1079808K), 0.0032225 secs]
23127.449: [GC (Allocation Failure)  400218K->9050K(1068032K), 0.0030825 secs]
23127.829: [GC (Allocation Failure)  388442K->9050K(1056768K), 0.0032173 secs]
23128.200: [GC (Allocation Failure)  377178K->9082K(1046016K), 0.0029529 secs]
23128.556: [GC (Allocation Failure)  366458K->9082K(1035776K), 0.0032624 secs]
23128.907: [GC (Allocation Failure)  356218K->9050K(1026048K), 0.0033934 secs]
23129.248: [GC (Allocation Failure)  346458K->9050K(1016832K), 0.0035837 secs]
23129.580: [GC (Allocation Failure)  337242K->9018K(1008128K), 0.0037115 secs]
23129.905: [GC (Allocation Failure)  328506K->9018K(999424K), 0.0035090 secs]
23130.221: [GC (Allocation Failure)  319802K->9018K(1061888K), 0.0040003 secs]
23130.596: [GC (Allocation Failure)  382266K->9114K(1051136K), 0.0031748 secs]
23130.962: [GC (Allocation Failure)  371610K->9018K(1040896K), 0.0025818 secs]
23131.317: [GC (Allocation Failure)  361274K->9018K(1031168K), 0.0029903 secs]
23131.667: [GC (Allocation Failure)  351546K->9018K(1021440K), 0.0238375 secs]
23132.047: [GC (Allocation Failure)  341818K->9018K(1012224K), 0.0030150 secs]
23132.394: [GC (Allocation Failure)  332602K->9018K(1003520K), 0.0035338 secs]
23132.734: [GC (Allocation Failure)  323898K->9050K(995328K), 0.0027707 secs]
23133.063: [GC (Allocation Failure)  315738K->9018K(987136K), 0.0032641 secs]
23133.387: [GC (Allocation Failure)  307514K->9082K(979456K), 0.0029153 secs]
23133.700: [GC (Allocation Failure)  299898K->9082K(971776K), 0.0030451 secs]
23134.005: [GC (Allocation Failure)  292218K->9050K(964608K), 0.0033920 secs]
23134.303: [GC (Allocation Failure)  285018K->9050K(1019904K), 0.0038621 secs]
23134.660: [GC (Allocation Failure)  340314K->9050K(1086464K), 0.0042616 secs]
23135.092: [GC (Allocation Failure)  406874K->9050K(1074688K), 0.0032503 secs]
23135.508: [GC (Allocation Failure)  395098K->9050K(1063424K), 0.0029439 secs]
23135.913: [GC (Allocation Failure)  383834K->9050K(1052672K), 0.0037042 secs]
23136.305: [GC (Allocation Failure)  373082K->9050K(1042432K), 0.0031219 secs]
23136.685: [GC (Allocation Failure)  362842K->9050K(1032704K), 0.0029521 secs]
23137.093: [GC (Allocation Failure)  353114K->9050K(1022976K), 0.0037172 secs]
23137.454: [GC (Allocation Failure)  343386K->9018K(1013760K), 0.0037300 secs]
23137.804: [GC (Allocation Failure)  334138K->9018K(1005056K), 0.0035169 secs]
23138.146: [GC (Allocation Failure)  325434K->9050K(996352K), 0.0036609 secs]
23138.478: [GC (Allocation Failure)  316762K->9050K(988160K), 0.0027668 secs]
23138.801: [GC (Allocation Failure)  308570K->9018K(980480K), 0.0032691 secs]
23139.115: [GC (Allocation Failure)  300858K->9082K(1038848K), 0.0043215 secs]
23139.496: [GC (Allocation Failure)  359290K->9050K(1029120K), 0.0032324 secs]
23139.863: [GC (Allocation Failure)  349530K->9050K(1019904K), 0.0038363 secs]
23140.220: [GC (Allocation Failure)  340314K->9018K(1010688K), 0.0033910 secs]
23140.578: [GC (Allocation Failure)  331066K->9018K(1001984K), 0.0037046 secs]
23140.917: [GC (Allocation Failure)  322362K->9050K(993792K), 0.0035650 secs]
23141.247: [GC (Allocation Failure)  314202K->9082K(985600K), 0.0026884 secs]
23141.567: [GC (Allocation Failure)  306042K->9050K(977920K), 0.0034733 secs]
23141.879: [GC (Allocation Failure)  298330K->9050K(1035776K), 0.0035046 secs]
23142.283: [GC (Allocation Failure)  356186K->9050K(1026048K), 0.0031657 secs]
23142.646: [GC (Allocation Failure)  346458K->9050K(1016832K), 0.0039980 secs]
23143.001: [GC (Allocation Failure)  337242K->9082K(1008128K), 0.0028355 secs]
23143.344: [GC (Allocation Failure)  328570K->9018K(999424K), 0.0030189 secs]
23143.679: [GC (Allocation Failure)  319802K->9050K(991232K), 0.0031991 secs]
23144.005: [GC (Allocation Failure)  311642K->9050K(983552K), 0.0037961 secs]
23144.323: [GC (Allocation Failure)  303962K->9082K(975872K), 0.0030593 secs]
23144.632: [GC (Allocation Failure)  296314K->9050K(1033728K), 0.0035665 secs]
23145.004: [GC (Allocation Failure)  354138K->9082K(1024000K), 0.0034230 secs]
23145.366: [GC (Allocation Failure)  344442K->9050K(1014784K), 0.0034162 secs]
23145.717: [GC (Allocation Failure)  335194K->9050K(1080320K), 0.0039953 secs]
23146.139: [GC (Allocation Failure)  400730K->9050K(1068544K), 0.0035630 secs]
23146.548: [GC (Allocation Failure)  388954K->9082K(1057280K), 0.0038446 secs]
23146.945: [GC (Allocation Failure)  377722K->9050K(1046528K), 0.0027411 secs]
23147.357: [GC (Allocation Failure)  366938K->9050K(1036288K), 0.0033671 secs]
23147.731: [GC (Allocation Failure)  356698K->9050K(1026560K), 0.0027564 secs]
23148.099: [GC (Allocation Failure)  346970K->9050K(1017344K), 0.0036467 secs]
23148.453: [GC (Allocation Failure)  337754K->9050K(1008640K), 0.0032018 secs]
23148.798: [GC (Allocation Failure)  329050K->9082K(999936K), 0.0027834 secs]
23149.133: [GC (Allocation Failure)  320378K->9050K(991744K), 0.0036490 secs]
23149.460: [GC (Allocation Failure)  312154K->9050K(984064K), 0.0032911 secs]
23149.779: [GC (Allocation Failure)  304474K->9050K(976384K), 0.0035547 secs]
23150.090: [GC (Allocation Failure)  296794K->9050K(969216K), 0.0030939 secs]
23150.392: [GC (Allocation Failure)  289626K->9018K(962048K), 0.0032556 secs]
23150.688: [GC (Allocation Failure)  282426K->9082K(1016832K), 0.0034978 secs]
23151.045: [GC (Allocation Failure)  337274K->9114K(1082880K), 0.0035741 secs]
23151.470: [GC (Allocation Failure)  403354K->9018K(1071104K), 0.0033937 secs]
23151.879: [GC (Allocation Failure)  391482K->9082K(1059840K), 0.0028663 secs]
23152.272: [GC (Allocation Failure)  380282K->9050K(1049088K), 0.0034518 secs]
23152.693: [GC (Allocation Failure)  369498K->9018K(1038848K), 0.0035331 secs]
23153.064: [GC (Allocation Failure)  359226K->9050K(1029120K), 0.0038730 secs]
23153.425: [GC (Allocation Failure)  349530K->9050K(1019904K), 0.0030999 secs]
23153.777: [GC (Allocation Failure)  340314K->9018K(1010688K), 0.0040613 secs]
23154.119: [GC (Allocation Failure)  331066K->9050K(1001984K), 0.0034481 secs]
23154.452: [GC (Allocation Failure)  322394K->9018K(993792K), 0.0033139 secs]
23154.775: [GC (Allocation Failure)  314170K->9050K(985600K), 0.0036915 secs]
23155.091: [GC (Allocation Failure)  306010K->9082K(977920K), 0.0029491 secs]
23155.398: [GC (Allocation Failure)  298362K->9082K(970752K), 0.0031755 secs]
23155.698: [GC (Allocation Failure)  291194K->9050K(1027584K), 0.0044258 secs]
23156.062: [GC (Allocation Failure)  347994K->9050K(1095680K), 0.0030562 secs]
23156.497: [GC (Allocation Failure)  416090K->9082K(1083392K), 0.0033175 secs]
23156.925: [GC (Allocation Failure)  403834K->9050K(1071616K), 0.0039022 secs]
23157.331: [GC (Allocation Failure)  392026K->9050K(1060352K), 0.0036840 secs]
23157.762: [GC (Allocation Failure)  380762K->9082K(1049600K), 0.0047093 secs]
23158.155: [GC (Allocation Failure)  370042K->9018K(1039360K), 0.0031098 secs]
23158.528: [GC (Allocation Failure)  359738K->9050K(1029632K), 0.0035725 secs]
23158.889: [GC (Allocation Failure)  350042K->9082K(1020416K), 0.0034912 secs]
23159.241: [GC (Allocation Failure)  340858K->9050K(1011200K), 0.0030243 secs]
23159.586: [GC (Allocation Failure)  331610K->9082K(1002496K), 0.0042283 secs]
23159.925: [GC (Allocation Failure)  322938K->9018K(1065472K), 0.0042990 secs]
23160.330: [GC (Allocation Failure)  385850K->9082K(1141248K), 0.0040118 secs]
23160.810: [GC (Allocation Failure)  461690K->9082K(1126912K), 0.0033075 secs]
23161.274: [GC (Allocation Failure)  447354K->9082K(1113600K), 0.0028262 secs]
23161.724: [GC (Allocation Failure)  434042K->9082K(1100800K), 0.0038954 secs]
23162.161: [GC (Allocation Failure)  421242K->9050K(1088512K), 0.0038754 secs]
23162.585: [GC (Allocation Failure)  408922K->9050K(1076736K), 0.0038941 secs]
23162.997: [GC (Allocation Failure)  397146K->9050K(1065472K), 0.0026584 secs]
23163.396: [GC (Allocation Failure)  385882K->9018K(1054720K), 0.0037312 secs]
23163.784: [GC (Allocation Failure)  375098K->9050K(1044480K), 0.0030611 secs]
23164.161: [GC (Allocation Failure)  364890K->9082K(1034240K), 0.0027723 secs]
23164.524: [GC (Allocation Failure)  354682K->9018K(1024512K), 0.0036940 secs]
23164.861: [GC (Allocation Failure)  344890K->9050K(1015296K), 0.0029340 secs]
23165.189: [GC (Allocation Failure)  335706K->9050K(1006592K), 0.0028725 secs]
23165.513: [GC (Allocation Failure)  327002K->9050K(997888K), 0.0031085 secs]
23165.822: [GC (Allocation Failure)  318298K->9050K(989696K), 0.0031903 secs]
23166.123: [GC (Allocation Failure)  310106K->9050K(982016K), 0.0032543 secs]
23166.418: [GC (Allocation Failure)  302426K->9082K(974336K), 0.0027468 secs]
23166.705: [GC (Allocation Failure)  294778K->9018K(1031680K), 0.0036782 secs]
23167.049: [GC (Allocation Failure)  352058K->9018K(1100288K), 0.0036028 secs]
23167.461: [GC (Allocation Failure)  420666K->9050K(1088000K), 0.0033879 secs]
23167.858: [GC (Allocation Failure)  408410K->9050K(1076224K), 0.0034768 secs]
23168.313: [GC (Allocation Failure)  396634K->9050K(1064960K), 0.0041226 secs]
23168.693: [GC (Allocation Failure)  385370K->9018K(1054208K), 0.0035425 secs]
23169.057: [GC (Allocation Failure)  374586K->9050K(1043968K), 0.0032215 secs]
23169.413: [GC (Allocation Failure)  364378K->9050K(1033728K), 0.0034273 secs]
23169.758: [GC (Allocation Failure)  354138K->9018K(1024000K), 0.0027483 secs]
23170.090: [GC (Allocation Failure)  344378K->9050K(1014784K), 0.0033500 secs]
23170.414: [GC (Allocation Failure)  335194K->9050K(1006080K), 0.0033503 secs]
23170.731: [GC (Allocation Failure)  326490K->9050K(997376K), 0.0031085 secs]
23171.039: [GC (Allocation Failure)  317786K->9082K(989184K), 0.0031366 secs]
23171.338: [GC (Allocation Failure)  309626K->9018K(981504K), 0.0031201 secs]
23171.629: [GC (Allocation Failure)  301882K->9082K(1040384K), 0.0034011 secs]
23171.979: [GC (Allocation Failure)  360826K->9050K(1030656K), 0.0034065 secs]
23172.318: [GC (Allocation Failure)  351066K->9050K(1020928K), 0.0029912 secs]
23172.648: [GC (Allocation Failure)  341338K->9050K(1011712K), 0.0031834 secs]
23172.969: [GC (Allocation Failure)  332122K->9050K(1003008K), 0.0030152 secs]
23173.288: [GC (Allocation Failure)  323418K->9018K(994816K), 0.0032345 secs]
23173.595: [GC (Allocation Failure)  315194K->9018K(986624K), 0.0034383 secs]
23173.895: [GC (Allocation Failure)  307002K->9050K(1046528K), 0.0037335 secs]
23174.254: [GC (Allocation Failure)  366938K->9050K(1118208K), 0.0035777 secs]
23174.680: [GC (Allocation Failure)  438618K->9018K(1104896K), 0.0031238 secs]
23175.092: [GC (Allocation Failure)  425274K->9050K(1092096K), 0.0040507 secs]
23175.496: [GC (Allocation Failure)  412506K->9114K(1079808K), 0.0029750 secs]
23175.892: [GC (Allocation Failure)  400282K->9018K(1068032K), 0.0040942 secs]
23176.274: [GC (Allocation Failure)  388410K->9018K(1056768K), 0.0027957 secs]
23176.649: [GC (Allocation Failure)  377146K->9050K(1046016K), 0.0032903 secs]
23177.004: [GC (Allocation Failure)  366426K->9050K(1035776K), 0.0033825 secs]
23177.350: [GC (Allocation Failure)  356186K->9018K(1026048K), 0.0036214 secs]
23177.688: [GC (Allocation Failure)  346426K->9050K(1016832K), 0.0034077 secs]
23178.017: [GC (Allocation Failure)  337242K->9018K(1008128K), 0.0039530 secs]
23178.371: [GC (Allocation Failure)  328506K->9050K(999424K), 0.0035029 secs]
23178.684: [GC (Allocation Failure)  319834K->9050K(1061888K), 0.0033739 secs]
23179.056: [GC (Allocation Failure)  382298K->9018K(1136640K), 0.0041568 secs]
23179.502: [GC (Allocation Failure)  457018K->9018K(1122816K), 0.0044428 secs]
23179.937: [GC (Allocation Failure)  443194K->9082K(1109504K), 0.0026631 secs]
23180.367: [GC (Allocation Failure)  429946K->9050K(1096704K), 0.0032155 secs]
23180.778: [GC (Allocation Failure)  417114K->9082K(1084416K), 0.0035774 secs]
23181.179: [GC (Allocation Failure)  404858K->9050K(1072640K), 0.0039546 secs]
23181.567: [GC (Allocation Failure)  393050K->9050K(1061376K), 0.0029302 secs]
23181.943: [GC (Allocation Failure)  381786K->9050K(1050624K), 0.0031020 secs]
23182.312: [GC (Allocation Failure)  371034K->9050K(1040384K), 0.0039528 secs]
23182.667: [GC (Allocation Failure)  360794K->9050K(1030656K), 0.0034985 secs]
23183.013: [GC (Allocation Failure)  351066K->9050K(1020928K), 0.0037782 secs]
23183.346: [GC (Allocation Failure)  341338K->9050K(1011712K), 0.0031840 secs]
23183.697: [GC (Allocation Failure)  332122K->9050K(1076736K), 0.0046184 secs]
23184.089: [GC (Allocation Failure)  397146K->9082K(1065472K), 0.0055502 secs]
23184.474: [GC (Allocation Failure)  385914K->9050K(1054720K), 0.0031945 secs]
23184.844: [GC (Allocation Failure)  375130K->9050K(1044480K), 0.0032372 secs]
23185.206: [GC (Allocation Failure)  364890K->9082K(1034240K), 0.0033076 secs]
23185.556: [GC (Allocation Failure)  354682K->9050K(1024512K), 0.0035401 secs]
23185.898: [GC (Allocation Failure)  344922K->9050K(1015296K), 0.0031449 secs]
23186.227: [GC (Allocation Failure)  335706K->9050K(1006592K), 0.0036639 secs]
23186.549: [GC (Allocation Failure)  327002K->9050K(997888K), 0.0027941 secs]
23186.861: [GC (Allocation Failure)  318298K->9018K(989696K), 0.0037375 secs]
23187.173: [GC (Allocation Failure)  310074K->9018K(982016K), 0.0028643 secs]
23187.472: [GC (Allocation Failure)  302394K->9050K(974336K), 0.0031807 secs]
23187.769: [GC (Allocation Failure)  294746K->9050K(967168K), 0.0029922 secs]
23188.068: [GC (Allocation Failure)  287578K->9018K(1022976K), 0.0034793 secs]
23188.428: [GC (Allocation Failure)  343354K->9050K(1090048K), 0.0034911 secs]
23188.886: [GC (Allocation Failure)  410458K->9050K(1078272K), 0.0032882 secs]
23189.304: [GC (Allocation Failure)  398682K->9050K(1067008K), 0.0032169 secs]
23189.710: [GC (Allocation Failure)  387418K->9050K(1056256K), 0.0032417 secs]
23190.105: [GC (Allocation Failure)  376666K->9050K(1045504K), 0.0026660 secs]
23190.488: [GC (Allocation Failure)  365914K->9050K(1035264K), 0.0032757 secs]
23190.860: [GC (Allocation Failure)  355674K->9018K(1025536K), 0.0029571 secs]
23191.225: [GC (Allocation Failure)  345914K->9050K(1016320K), 0.0039101 secs]
23191.580: [GC (Allocation Failure)  336730K->9050K(1007616K), 0.0033305 secs]
23191.923: [GC (Allocation Failure)  328026K->9082K(998912K), 0.0025582 secs]
23192.257: [GC (Allocation Failure)  319354K->9050K(990720K), 0.0029817 secs]
23192.582: [GC (Allocation Failure)  311130K->9050K(983040K), 0.0030452 secs]
23192.899: [GC (Allocation Failure)  303450K->9082K(975360K), 0.0031816 secs]
23193.208: [GC (Allocation Failure)  295802K->9082K(968192K), 0.0029520 secs]
23193.509: [GC (Allocation Failure)  288634K->9018K(961024K), 0.0038079 secs]
23193.837: [GC (Allocation Failure)  281402K->9018K(1015808K), 0.0037432 secs]
23194.190: [GC (Allocation Failure)  336186K->9050K(1007104K), 0.0030658 secs]
23194.532: [GC (Allocation Failure)  327514K->9050K(1071104K), 0.0040186 secs]
23194.949: [GC (Allocation Failure)  391514K->9018K(1147904K), 0.0040751 secs]
23195.446: [GC (Allocation Failure)  468282K->9050K(1133568K), 0.0036613 secs]
23195.922: [GC (Allocation Failure)  453978K->9050K(1119744K), 0.0033998 secs]
23196.385: [GC (Allocation Failure)  440154K->9082K(1106432K), 0.0031009 secs]
23196.838: [GC (Allocation Failure)  426874K->9050K(1093632K), 0.0035105 secs]
23197.277: [GC (Allocation Failure)  414042K->9050K(1081344K), 0.0040271 secs]
23197.700: [GC (Allocation Failure)  401754K->9050K(1069568K), 0.0030202 secs]
23198.109: [GC (Allocation Failure)  389978K->9050K(1058304K), 0.0034644 secs]
23198.506: [GC (Allocation Failure)  378714K->9050K(1047552K), 0.0037750 secs]
23198.894: [GC (Allocation Failure)  367962K->9018K(1037312K), 0.0037311 secs]
23199.272: [GC (Allocation Failure)  357690K->9018K(1027584K), 0.0034583 secs]
23199.637: [GC (Allocation Failure)  347962K->9050K(1018368K), 0.0034935 secs]
23200.004: [GC (Allocation Failure)  338778K->9050K(1009152K), 0.0037970 secs]
23200.352: [GC (Allocation Failure)  329562K->9050K(1000448K), 0.0033271 secs]
23200.700: [GC (Allocation Failure)  320858K->9050K(992256K), 0.0043286 secs]
23201.040: [GC (Allocation Failure)  312666K->9018K(984064K), 0.0030611 secs]
23201.359: [GC (Allocation Failure)  304442K->9050K(976384K), 0.0031154 secs]
23201.669: [GC (Allocation Failure)  296794K->9082K(969216K), 0.0030931 secs]
23201.972: [GC (Allocation Failure)  289658K->9050K(962048K), 0.0030335 secs]
23202.266: [GC (Allocation Failure)  282458K->9082K(955392K), 0.0031901 secs]
23202.556: [GC (Allocation Failure)  275834K->9018K(1009152K), 0.0032608 secs]
23202.901: [GC (Allocation Failure)  329530K->9050K(1000448K), 0.0032716 secs]
23203.237: [GC (Allocation Failure)  320858K->9050K(992256K), 0.0027975 secs]
23203.575: [GC (Allocation Failure)  312666K->9018K(984064K), 0.0032972 secs]
23203.898: [GC (Allocation Failure)  304442K->9018K(1043456K), 0.0039459 secs]
23204.309: [GC (Allocation Failure)  363834K->9018K(1033216K), 0.0033210 secs]
23204.682: [GC (Allocation Failure)  353594K->9018K(1023488K), 0.0041257 secs]
23205.050: [GC (Allocation Failure)  343866K->9050K(1014272K), 0.0038106 secs]
23205.401: [GC (Allocation Failure)  334682K->9082K(1005568K), 0.0035013 secs]
23205.760: [GC (Allocation Failure)  326010K->9018K(1069056K), 0.0041573 secs]
23206.174: [GC (Allocation Failure)  389434K->9050K(1057792K), 0.0028737 secs]
23206.571: [GC (Allocation Failure)  378202K->9018K(1047040K), 0.0033100 secs]
23206.956: [GC (Allocation Failure)  367418K->9018K(1036800K), 0.0032785 secs]
23207.332: [GC (Allocation Failure)  357178K->9018K(1027072K), 0.0035828 secs]
23207.698: [GC (Allocation Failure)  347450K->9050K(1017856K), 0.0038166 secs]
23208.048: [GC (Allocation Failure)  338266K->9114K(1008640K), 0.0032067 secs]
23208.387: [GC (Allocation Failure)  329114K->9018K(999936K), 0.0035012 secs]
23208.717: [GC (Allocation Failure)  320314K->9082K(991744K), 0.0033908 secs]
23209.039: [GC (Allocation Failure)  312186K->9082K(984064K), 0.0029882 secs]
23209.386: [GC (Allocation Failure)  304506K->9050K(976384K), 0.0040657 secs]
23209.693: [GC (Allocation Failure)  296794K->9018K(1034240K), 0.0047075 secs]
23210.060: [GC (Allocation Failure)  354618K->9050K(1103360K), 0.0027932 secs]
23210.510: [GC (Allocation Failure)  423770K->9018K(1091072K), 0.0036407 secs]
23210.937: [GC (Allocation Failure)  411450K->9018K(1079296K), 0.0036881 secs]
23211.355: [GC (Allocation Failure)  399674K->9018K(1068032K), 0.0032799 secs]
23211.756: [GC (Allocation Failure)  388410K->9018K(1056768K), 0.0033035 secs]
23212.147: [GC (Allocation Failure)  377146K->9018K(1046016K), 0.0029544 secs]
23212.531: [GC (Allocation Failure)  366394K->9082K(1035776K), 0.0028923 secs]
23212.900: [GC (Allocation Failure)  356218K->9050K(1026048K), 0.0028999 secs]
23213.258: [GC (Allocation Failure)  346458K->9050K(1016832K), 0.0033601 secs]
23213.606: [GC (Allocation Failure)  337242K->9018K(1008128K), 0.0038512 secs]
23213.947: [GC (Allocation Failure)  328506K->9050K(999424K), 0.0038674 secs]
23214.279: [GC (Allocation Failure)  319834K->9018K(991232K), 0.0027807 secs]
23214.628: [GC (Allocation Failure)  311610K->9050K(983552K), 0.0032288 secs]
23214.941: [GC (Allocation Failure)  303962K->8986K(975872K), 0.0030243 secs]
23215.247: [GC (Allocation Failure)  296218K->9050K(968704K), 0.0028511 secs]
23215.546: [GC (Allocation Failure)  289114K->9050K(961536K), 0.0031719 secs]
23215.836: [GC (Allocation Failure)  281946K->9050K(954880K), 0.0032868 secs]
23216.120: [GC (Allocation Failure)  275290K->9018K(1008128K), 0.0033734 secs]
23216.459: [GC (Allocation Failure)  328506K->9082K(1072128K), 0.0032328 secs]
23216.866: [GC (Allocation Failure)  392570K->9018K(1060864K), 0.0032024 secs]
23217.261: [GC (Allocation Failure)  381242K->9050K(1050112K), 0.0029785 secs]
23217.645: [GC (Allocation Failure)  370522K->9018K(1039872K), 0.0031518 secs]
23218.017: [GC (Allocation Failure)  360250K->9082K(1030144K), 0.0030926 secs]
23218.379: [GC (Allocation Failure)  350586K->9018K(1020928K), 0.0035272 secs]
23218.732: [GC (Allocation Failure)  341306K->9018K(1011712K), 0.0029302 secs]
23219.075: [GC (Allocation Failure)  332090K->9018K(1003008K), 0.0026948 secs]
23219.411: [GC (Allocation Failure)  323386K->9018K(994816K), 0.0037197 secs]
23219.765: [GC (Allocation Failure)  315194K->9018K(986624K), 0.0031853 secs]
23220.082: [GC (Allocation Failure)  307002K->9018K(978944K), 0.0036576 secs]
23220.403: [GC (Allocation Failure)  299322K->9018K(1037312K), 0.0046500 secs]
23220.756: [GC (Allocation Failure)  357690K->9082K(1107456K), 0.0039289 secs]
23221.173: [GC (Allocation Failure)  427898K->9018K(1094656K), 0.0033636 secs]
23221.575: [GC (Allocation Failure)  415034K->9050K(1082368K), 0.0035550 secs]
23221.967: [GC (Allocation Failure)  402778K->9018K(1070592K), 0.0033827 secs]
23222.349: [GC (Allocation Failure)  390970K->9050K(1059328K), 0.0035009 secs]
23222.721: [GC (Allocation Failure)  379738K->9050K(1048576K), 0.0035842 secs]
23223.079: [GC (Allocation Failure)  368986K->9050K(1038336K), 0.0032633 secs]
23223.427: [GC (Allocation Failure)  358746K->9050K(1028608K), 0.0034640 secs]
23223.766: [GC (Allocation Failure)  349018K->9050K(1019392K), 0.0040423 secs]
23224.097: [GC (Allocation Failure)  339802K->9018K(1085952K), 0.0036360 secs]
23224.494: [GC (Allocation Failure)  406330K->9082K(1074176K), 0.0035849 secs]
23224.898: [GC (Allocation Failure)  394618K->9018K(1151488K), 0.0045725 secs]
23225.359: [GC (Allocation Failure)  471866K->9018K(1136640K), 0.0030446 secs]
23225.804: [GC (Allocation Failure)  457018K->9018K(1122816K), 0.0034157 secs]
23226.236: [GC (Allocation Failure)  443194K->9050K(1109504K), 0.0038195 secs]
23226.662: [GC (Allocation Failure)  429914K->9050K(1096704K), 0.0030091 secs]
23227.068: [GC (Allocation Failure)  417114K->9050K(1084416K), 0.0031283 secs]
23227.461: [GC (Allocation Failure)  404826K->9050K(1072640K), 0.0036075 secs]
23227.843: [GC (Allocation Failure)  393050K->9018K(1061376K), 0.0040332 secs]
23228.213: [GC (Allocation Failure)  381754K->9050K(1050624K), 0.0040206 secs]
23228.573: [GC (Allocation Failure)  371034K->9018K(1040384K), 0.0035293 secs]
23228.922: [GC (Allocation Failure)  360762K->9050K(1030656K), 0.0040080 secs]
23229.263: [GC (Allocation Failure)  351066K->9050K(1020928K), 0.0035397 secs]
23229.594: [GC (Allocation Failure)  341338K->9050K(1011712K), 0.0033294 secs]
23229.951: [GC (Allocation Failure)  332122K->9018K(1003008K), 0.0034031 secs]
23230.263: [GC (Allocation Failure)  323386K->9050K(1065984K), 0.0035482 secs]
23230.639: [GC (Allocation Failure)  386394K->9050K(1055232K), 0.0034473 secs]
23231.004: [GC (Allocation Failure)  375642K->9050K(1128960K), 0.0042324 secs]
23231.440: [GC (Allocation Failure)  449370K->9018K(1115136K), 0.0038470 secs]
23231.863: [GC (Allocation Failure)  435514K->9082K(1102336K), 0.0029470 secs]
23232.275: [GC (Allocation Failure)  422778K->9050K(1090048K), 0.0038571 secs]
23232.674: [GC (Allocation Failure)  410458K->9050K(1078272K), 0.0034539 secs]
23233.061: [GC (Allocation Failure)  398682K->9050K(1067008K), 0.0032970 secs]
23233.436: [GC (Allocation Failure)  387418K->9018K(1056256K), 0.0031818 secs]
23233.800: [GC (Allocation Failure)  376634K->9018K(1045504K), 0.0040667 secs]
23234.157: [GC (Allocation Failure)  365882K->9050K(1035264K), 0.0038445 secs]
23234.512: [GC (Allocation Failure)  355674K->9050K(1104896K), 0.0041974 secs]
23234.931: [GC (Allocation Failure)  425306K->9050K(1092096K), 0.0035030 secs]
23235.336: [GC (Allocation Failure)  412506K->9050K(1079808K), 0.0035915 secs]
23235.724: [GC (Allocation Failure)  400218K->9018K(1068032K), 0.0039728 secs]
23236.102: [GC (Allocation Failure)  388410K->9018K(1056768K), 0.0030562 secs]
23236.467: [GC (Allocation Failure)  377146K->9050K(1046016K), 0.0035260 secs]
23236.822: [GC (Allocation Failure)  366426K->9018K(1035776K), 0.0032368 secs]
23237.167: [GC (Allocation Failure)  356154K->9050K(1026048K), 0.0035792 secs]
23237.503: [GC (Allocation Failure)  346458K->9050K(1016832K), 0.0034880 secs]
23237.830: [GC (Allocation Failure)  337242K->9082K(1008128K), 0.0033747 secs]
23238.148: [GC (Allocation Failure)  328570K->9018K(999424K), 0.0032356 secs]
23238.457: [GC (Allocation Failure)  319802K->9082K(1061888K), 0.0038951 secs]
23238.829: [GC (Allocation Failure)  382330K->9050K(1136640K), 0.0035750 secs]
23239.273: [GC (Allocation Failure)  457050K->9050K(1122816K), 0.0035299 secs]
23239.703: [GC (Allocation Failure)  443226K->9050K(1109504K), 0.0036241 secs]
23240.129: [GC (Allocation Failure)  429914K->9018K(1096704K), 0.0032123 secs]
23240.541: [GC (Allocation Failure)  417082K->9050K(1084416K), 0.0037491 secs]
23240.937: [GC (Allocation Failure)  404826K->9050K(1072640K), 0.0030127 secs]
23241.322: [GC (Allocation Failure)  393050K->9050K(1061376K), 0.0029523 secs]
23241.694: [GC (Allocation Failure)  381786K->9050K(1050624K), 0.0032546 secs]
23242.057: [GC (Allocation Failure)  371034K->9082K(1040384K), 0.0042604 secs]
23242.410: [GC (Allocation Failure)  360826K->9050K(1030656K), 0.0034214 secs]
23242.756: [GC (Allocation Failure)  351066K->9082K(1020928K), 0.0032160 secs]
23243.088: [GC (Allocation Failure)  341370K->9018K(1087488K), 0.0050514 secs]
23243.488: [GC (Allocation Failure)  407866K->9050K(1075712K), 0.0033371 secs]
23243.874: [GC (Allocation Failure)  396122K->9050K(1064448K), 0.0030454 secs]
23244.253: [GC (Allocation Failure)  384858K->9082K(1053696K), 0.0043210 secs]
23244.619: [GC (Allocation Failure)  374138K->9050K(1043456K), 0.0035218 secs]
23244.973: [GC (Allocation Failure)  363866K->9018K(1114624K), 0.0040452 secs]
23245.399: [GC (Allocation Failure)  435002K->9050K(1101824K), 0.0039482 secs]
23245.836: [GC (Allocation Failure)  422234K->9050K(1089536K), 0.0036461 secs]
23246.243: [GC (Allocation Failure)  409946K->9050K(1077760K), 0.0033681 secs]
23246.635: [GC (Allocation Failure)  398170K->9082K(1066496K), 0.0027796 secs]
23247.018: [GC (Allocation Failure)  386938K->9082K(1055744K), 0.0034412 secs]
23247.387: [GC (Allocation Failure)  376186K->9082K(1044992K), 0.0033964 secs]
23247.748: [GC (Allocation Failure)  365434K->9050K(1034752K), 0.0034541 secs]
23248.107: [GC (Allocation Failure)  355162K->9050K(1104384K), 0.0052079 secs]
23248.536: [GC (Allocation Failure)  424794K->9082K(1091584K), 0.0035517 secs]
23248.944: [GC (Allocation Failure)  412026K->9018K(1079808K), 0.0036415 secs]
23249.340: [GC (Allocation Failure)  400186K->9018K(1158144K), 0.0048327 secs]
23249.817: [GC (Allocation Failure)  478522K->9050K(1143296K), 0.0032053 secs]
23250.276: [GC (Allocation Failure)  463706K->9082K(1128960K), 0.0033668 secs]
23250.719: [GC (Allocation Failure)  449402K->9050K(1115136K), 0.0039384 secs]
23251.177: [GC (Allocation Failure)  435546K->9082K(1102336K), 0.0035217 secs]
23251.594: [GC (Allocation Failure)  422778K->9018K(1090048K), 0.0036533 secs]
23251.999: [GC (Allocation Failure)  410426K->9050K(1078272K), 0.0032727 secs]
23252.389: [GC (Allocation Failure)  398682K->9018K(1067008K), 0.0032367 secs]
23252.767: [GC (Allocation Failure)  387386K->9050K(1056256K), 0.0039534 secs]
23253.135: [GC (Allocation Failure)  376666K->9050K(1045504K), 0.0034697 secs]
23253.490: [GC (Allocation Failure)  365914K->9082K(1035264K), 0.0031145 secs]
23253.836: [GC (Allocation Failure)  355706K->9050K(1025536K), 0.0032252 secs]
23254.173: [GC (Allocation Failure)  345946K->9050K(1016320K), 0.0030502 secs]
23254.505: [GC (Allocation Failure)  336730K->9050K(1007616K), 0.0032547 secs]
23254.832: [GC (Allocation Failure)  328026K->9050K(998912K), 0.0033731 secs]
23255.150: [GC (Allocation Failure)  319322K->9050K(990720K), 0.0030485 secs]
23255.458: [GC (Allocation Failure)  311130K->9018K(1051136K), 0.0039320 secs]
23255.830: [GC (Allocation Failure)  371514K->9050K(1040896K), 0.0034820 secs]
23256.218: [GC (Allocation Failure)  361306K->9018K(1031168K), 0.0036427 secs]
23256.565: [GC (Allocation Failure)  351546K->9050K(1021440K), 0.0028360 secs]
23256.905: [GC (Allocation Failure)  341850K->9018K(1012224K), 0.0034394 secs]
23257.233: [GC (Allocation Failure)  332602K->9082K(1077248K), 0.0056305 secs]
23257.631: [GC (Allocation Failure)  397690K->9018K(1155072K), 0.0032880 secs]
23258.101: [GC (Allocation Failure)  475450K->9082K(1140224K), 0.0029978 secs]
23258.556: [GC (Allocation Failure)  460666K->9050K(1125888K), 0.0033079 secs]
23258.996: [GC (Allocation Failure)  446298K->9050K(1112576K), 0.0031645 secs]
23259.422: [GC (Allocation Failure)  432986K->9018K(1099776K), 0.0033867 secs]
23259.836: [GC (Allocation Failure)  420154K->9018K(1087488K), 0.0033505 secs]
23260.240: [GC (Allocation Failure)  407866K->9082K(1075712K), 0.0030407 secs]
23260.631: [GC (Allocation Failure)  396154K->9018K(1064448K), 0.0034299 secs]
23261.011: [GC (Allocation Failure)  384826K->9018K(1053696K), 0.0039690 secs]
23261.395: [GC (Allocation Failure)  374074K->9082K(1043456K), 0.0027607 secs]
23261.781: [GC (Allocation Failure)  363898K->9050K(1033216K), 0.0031400 secs]
23262.166: [GC (Allocation Failure)  353626K->9050K(1023488K), 0.0031965 secs]
23262.527: [GC (Allocation Failure)  343898K->9050K(1014272K), 0.0035262 secs]
23262.878: [GC (Allocation Failure)  334682K->9050K(1005568K), 0.0036336 secs]
23263.220: [GC (Allocation Failure)  325978K->9050K(996864K), 0.0039059 secs]
23263.553: [GC (Allocation Failure)  317274K->9082K(988672K), 0.0035461 secs]
23263.880: [GC (Allocation Failure)  309114K->9050K(980992K), 0.0028841 secs]
23264.199: [GC (Allocation Failure)  301402K->9082K(973312K), 0.0036711 secs]
23264.507: [GC (Allocation Failure)  293754K->9050K(966144K), 0.0032315 secs]
23264.807: [GC (Allocation Failure)  286554K->9082K(1021952K), 0.0042199 secs]
23265.167: [GC (Allocation Failure)  342394K->9114K(1089024K), 0.0038966 secs]
23265.599: [GC (Allocation Failure)  409498K->9050K(1169408K), 0.0036397 secs]
23266.116: [GC (Allocation Failure)  489818K->9018K(1154048K), 0.0034966 secs]
23266.655: [GC (Allocation Failure)  474426K->9050K(1139200K), 0.0034597 secs]
23267.140: [GC (Allocation Failure)  459610K->9018K(1125376K), 0.0036098 secs]
23267.610: [GC (Allocation Failure)  445754K->9050K(1112064K), 0.0032477 secs]
23268.064: [GC (Allocation Failure)  432474K->9018K(1099264K), 0.0032635 secs]
23268.506: [GC (Allocation Failure)  419642K->9082K(1086976K), 0.0035934 secs]
23268.934: [GC (Allocation Failure)  407418K->9018K(1075200K), 0.0029052 secs]
23269.360: [GC (Allocation Failure)  395578K->9050K(1063936K), 0.0041503 secs]
23269.769: [GC (Allocation Failure)  384346K->9050K(1053184K), 0.0038025 secs]
23270.161: [GC (Allocation Failure)  373594K->9018K(1042944K), 0.0029027 secs]
23270.541: [GC (Allocation Failure)  363322K->9018K(1032704K), 0.0028349 secs]
23270.911: [GC (Allocation Failure)  353082K->9018K(1022976K), 0.0031683 secs]
23271.272: [GC (Allocation Failure)  343354K->9050K(1013760K), 0.0034170 secs]
23271.644: [GC (Allocation Failure)  334170K->9082K(1005056K), 0.0035130 secs]
23271.986: [GC (Allocation Failure)  325498K->9018K(996352K), 0.0029928 secs]
23272.318: [GC (Allocation Failure)  316730K->9082K(988160K), 0.0031255 secs]
23272.641: [GC (Allocation Failure)  308602K->9018K(980480K), 0.0036263 secs]
23272.956: [GC (Allocation Failure)  300858K->9082K(972800K), 0.0033697 secs]
23273.263: [GC (Allocation Failure)  293242K->9018K(965632K), 0.0031990 secs]
23273.562: [GC (Allocation Failure)  286010K->9050K(1021440K), 0.0036039 secs]
23273.921: [GC (Allocation Failure)  341850K->9050K(1088000K), 0.0040426 secs]
23274.352: [GC (Allocation Failure)  408410K->9050K(1076224K), 0.0031954 secs]
23274.768: [GC (Allocation Failure)  396634K->8986K(1064960K), 0.0029809 secs]
23275.173: [GC (Allocation Failure)  385306K->9050K(1054208K), 0.0038384 secs]
23275.567: [GC (Allocation Failure)  374618K->9050K(1043968K), 0.0029168 secs]
23275.949: [GC (Allocation Failure)  364378K->9050K(1033728K), 0.0040747 secs]
23276.326: [GC (Allocation Failure)  354138K->9050K(1024000K), 0.0037313 secs]
23276.729: [GC (Allocation Failure)  344410K->9050K(1014784K), 0.0049975 secs]
23277.087: [GC (Allocation Failure)  335194K->9050K(1006080K), 0.0032760 secs]
23277.430: [GC (Allocation Failure)  326490K->9050K(997376K), 0.0031899 secs]
23277.762: [GC (Allocation Failure)  317786K->9050K(989184K), 0.0032191 secs]
23278.092: [GC (Allocation Failure)  309594K->9050K(981504K), 0.0031347 secs]
23278.409: [GC (Allocation Failure)  301914K->9050K(973824K), 0.0028744 secs]
23278.716: [GC (Allocation Failure)  294234K->9018K(966656K), 0.0031127 secs]
23279.016: [GC (Allocation Failure)  287034K->9050K(959488K), 0.0032712 secs]
23279.309: [GC (Allocation Failure)  279898K->9050K(1013760K), 0.0033080 secs]
23279.659: [GC (Allocation Failure)  334170K->9050K(1005056K), 0.0034601 secs]
23280.001: [GC (Allocation Failure)  325466K->9050K(1068544K), 0.0039704 secs]
23280.410: [GC (Allocation Failure)  388954K->9050K(1057280K), 0.0032946 secs]
23280.806: [GC (Allocation Failure)  377690K->9082K(1046528K), 0.0026924 secs]
23281.191: [GC (Allocation Failure)  366970K->9018K(1036288K), 0.0027414 secs]
23281.566: [GC (Allocation Failure)  356666K->9050K(1026560K), 0.0030128 secs]
23281.954: [GC (Allocation Failure)  346970K->9018K(1017344K), 0.0033889 secs]
23282.309: [GC (Allocation Failure)  337722K->9050K(1008640K), 0.0039441 secs]
23282.655: [GC (Allocation Failure)  329050K->9018K(999936K), 0.0040691 secs]
23282.995: [GC (Allocation Failure)  320314K->9082K(1062400K), 0.0042332 secs]
23283.403: [GC (Allocation Failure)  382842K->9018K(1051648K), 0.0031668 secs]
23283.794: [GC (Allocation Failure)  372026K->9050K(1041408K), 0.0033108 secs]
23284.174: [GC (Allocation Failure)  361818K->9050K(1031680K), 0.0031679 secs]
23284.572: [GC (Allocation Failure)  352090K->9018K(1021952K), 0.0040130 secs]
23284.932: [GC (Allocation Failure)  342330K->9018K(1012736K), 0.0032872 secs]
23285.282: [GC (Allocation Failure)  333114K->9018K(1004032K), 0.0038425 secs]
23285.623: [GC (Allocation Failure)  324410K->9050K(995840K), 0.0029915 secs]
23285.958: [GC (Allocation Failure)  316250K->9050K(987648K), 0.0031494 secs]
23286.291: [GC (Allocation Failure)  308058K->9050K(979968K), 0.0039623 secs]
23286.606: [GC (Allocation Failure)  300378K->9114K(1038336K), 0.0037631 secs]
23287.018: [GC (Allocation Failure)  358810K->9050K(1028608K), 0.0034847 secs]
23287.385: [GC (Allocation Failure)  349018K->9050K(1019392K), 0.0039230 secs]
23287.744: [GC (Allocation Failure)  339802K->9082K(1010176K), 0.0034200 secs]
23288.091: [GC (Allocation Failure)  330618K->9050K(1001472K), 0.0034937 secs]
23288.428: [GC (Allocation Failure)  321882K->9018K(1064448K), 0.0049970 secs]
23288.838: [GC (Allocation Failure)  384826K->9082K(1139712K), 0.0035760 secs]
23289.323: [GC (Allocation Failure)  460154K->9050K(1230336K), 0.0045996 secs]
23289.906: [GC (Allocation Failure)  550746K->9050K(1212416K), 0.0034320 secs]
23290.468: [GC (Allocation Failure)  532826K->9050K(1195008K), 0.0032377 secs]
23291.010: [GC (Allocation Failure)  515418K->9050K(1178624K), 0.0035954 secs]
23291.535: [GC (Allocation Failure)  499034K->9018K(1162752K), 0.0036726 secs]
23292.044: [GC (Allocation Failure)  483130K->9050K(1147904K), 0.0026655 secs]
23292.535: [GC (Allocation Failure)  468314K->9018K(1133568K), 0.0034781 secs]
23293.015: [GC (Allocation Failure)  453946K->9082K(1119744K), 0.0031013 secs]
23293.479: [GC (Allocation Failure)  440186K->9050K(1106432K), 0.0031518 secs]
23293.933: [GC (Allocation Failure)  426842K->9050K(1093632K), 0.0034626 secs]
23294.368: [GC (Allocation Failure)  414042K->9050K(1081344K), 0.0029596 secs]
23294.790: [GC (Allocation Failure)  401754K->9018K(1069568K), 0.0043008 secs]
23295.204: [GC (Allocation Failure)  389946K->9050K(1058304K), 0.0040751 secs]
23295.604: [GC (Allocation Failure)  378714K->9050K(1047552K), 0.0034551 secs]
23295.993: [GC (Allocation Failure)  367962K->9018K(1037312K), 0.0036747 secs]
23296.368: [GC (Allocation Failure)  357690K->9018K(1027584K), 0.0033946 secs]
23296.733: [GC (Allocation Failure)  347962K->9050K(1018368K), 0.0037188 secs]
23297.094: [GC (Allocation Failure)  338778K->9082K(1009152K), 0.0036037 secs]
23297.467: [GC (Allocation Failure)  329594K->9050K(1000448K), 0.0036429 secs]
23297.805: [GC (Allocation Failure)  320858K->9050K(992256K), 0.0034899 secs]
23298.133: [GC (Allocation Failure)  312666K->9050K(984064K), 0.0033026 secs]
23298.453: [GC (Allocation Failure)  304474K->9082K(976384K), 0.0032515 secs]
23298.762: [GC (Allocation Failure)  296826K->9018K(969216K), 0.0035239 secs]
23299.065: [GC (Allocation Failure)  289594K->9050K(1025536K), 0.0040175 secs]
23299.428: [GC (Allocation Failure)  345946K->9050K(1093120K), 0.0042371 secs]
23299.864: [GC (Allocation Failure)  413530K->9050K(1174016K), 0.0036371 secs]
23300.391: [GC (Allocation Failure)  494426K->9082K(1158656K), 0.0035829 secs]
23300.898: [GC (Allocation Failure)  479098K->9050K(1143808K), 0.0032863 secs]
23301.383: [GC (Allocation Failure)  464218K->9018K(1129472K), 0.0037738 secs]
23301.849: [GC (Allocation Failure)  449850K->9050K(1115648K), 0.0034782 secs]
23302.301: [GC (Allocation Failure)  436058K->9050K(1102848K), 0.0037153 secs]
23302.766: [GC (Allocation Failure)  423258K->9050K(1090560K), 0.0031435 secs]
23303.193: [GC (Allocation Failure)  410970K->9018K(1078784K), 0.0033896 secs]
23303.607: [GC (Allocation Failure)  399162K->9050K(1067520K), 0.0036347 secs]
23304.010: [GC (Allocation Failure)  387930K->9050K(1056256K), 0.0040427 secs]
23304.401: [GC (Allocation Failure)  376666K->9018K(1045504K), 0.0043474 secs]
23304.785: [GC (Allocation Failure)  365882K->9018K(1035264K), 0.0040400 secs]
23305.153: [GC (Allocation Failure)  355642K->9018K(1025536K), 0.0041713 secs]
23305.512: [GC (Allocation Failure)  345914K->9050K(1093120K), 0.0044691 secs]
23305.942: [GC (Allocation Failure)  413530K->9050K(1080832K), 0.0038323 secs]
23306.358: [GC (Allocation Failure)  401242K->9050K(1069056K), 0.0043426 secs]
23306.767: [GC (Allocation Failure)  389466K->9050K(1145344K), 0.0055520 secs]
23307.261: [GC (Allocation Failure)  465754K->9018K(1131008K), 0.0038912 secs]
23307.730: [GC (Allocation Failure)  451386K->9050K(1117184K), 0.0045214 secs]
23308.202: [GC (Allocation Failure)  437594K->9050K(1103872K), 0.0038330 secs]
23308.648: [GC (Allocation Failure)  424282K->9018K(1091072K), 0.0042814 secs]
23309.079: [GC (Allocation Failure)  411450K->9018K(1079296K), 0.0044908 secs]
23309.499: [GC (Allocation Failure)  399674K->9050K(1068032K), 0.0041455 secs]
23309.901: [GC (Allocation Failure)  388442K->9018K(1056768K), 0.0034866 secs]
23310.292: [GC (Allocation Failure)  377146K->9050K(1046016K), 0.0039697 secs]
23310.671: [GC (Allocation Failure)  366426K->9050K(1035776K), 0.0040825 secs]
23311.040: [GC (Allocation Failure)  356186K->9082K(1026048K), 0.0032066 secs]
23311.398: [GC (Allocation Failure)  346490K->9050K(1093632K), 0.0049928 secs]
23311.838: [GC (Allocation Failure)  414042K->9018K(1081344K), 0.0035951 secs]
23312.258: [GC (Allocation Failure)  401722K->9050K(1069568K), 0.0039501 secs]
23312.664: [GC (Allocation Failure)  389978K->9050K(1145856K), 0.0048573 secs]
23313.151: [GC (Allocation Failure)  466266K->9050K(1131520K), 0.0042947 secs]
23313.625: [GC (Allocation Failure)  451930K->9018K(1117696K), 0.0042400 secs]
23314.081: [GC (Allocation Failure)  438074K->9050K(1104384K), 0.0042921 secs]
23314.523: [GC (Allocation Failure)  424794K->9050K(1091584K), 0.0035642 secs]
23314.962: [GC (Allocation Failure)  411994K->9050K(1079808K), 0.0045426 secs]
23315.381: [GC (Allocation Failure)  400218K->9050K(1068032K), 0.0044040 secs]
23315.788: [GC (Allocation Failure)  388442K->9018K(1056768K), 0.0042794 secs]
23316.183: [GC (Allocation Failure)  377146K->9018K(1046016K), 0.0038169 secs]
23316.562: [GC (Allocation Failure)  366394K->9018K(1035776K), 0.0035835 secs]
23316.930: [GC (Allocation Failure)  356154K->9018K(1026048K), 0.0042504 secs]
23317.295: [GC (Allocation Failure)  346426K->9050K(1093632K), 0.0044016 secs]
23317.729: [GC (Allocation Failure)  414042K->9018K(1175040K), 0.0051146 secs]
23318.244: [GC (Allocation Failure)  495418K->9050K(1272320K), 0.0057365 secs]
23318.892: [GC (Allocation Failure)  592730K->9018K(1252352K), 0.0048265 secs]
23319.487: [GC (Allocation Failure)  572730K->9018K(1233408K), 0.0056364 secs]
23320.071: [GC (Allocation Failure)  553786K->9050K(1214976K), 0.0044119 secs]
23320.631: [GC (Allocation Failure)  535386K->9018K(1197568K), 0.0042354 secs]
23321.173: [GC (Allocation Failure)  517946K->9018K(1181184K), 0.0040736 secs]
23321.694: [GC (Allocation Failure)  501562K->9050K(1165312K), 0.0043182 secs]
23322.201: [GC (Allocation Failure)  485722K->9050K(1149952K), 0.0047012 secs]
23322.693: [GC (Allocation Failure)  470362K->9050K(1135616K), 0.0045476 secs]
23323.172: [GC (Allocation Failure)  456026K->9082K(1121792K), 0.0044030 secs]
23323.638: [GC (Allocation Failure)  442234K->9082K(1108480K), 0.0063960 secs]
23324.091: [GC (Allocation Failure)  428922K->9018K(1095680K), 0.0036691 secs]
23324.521: [GC (Allocation Failure)  416058K->9018K(1177088K), 0.0053142 secs]
23325.039: [GC (Allocation Failure)  497466K->9050K(1161216K), 0.0043754 secs]
23325.543: [GC (Allocation Failure)  481626K->9050K(1146368K), 0.0045508 secs]
23326.032: [GC (Allocation Failure)  466778K->9050K(1132032K), 0.0040469 secs]
23326.502: [GC (Allocation Failure)  452442K->9018K(1118208K), 0.0050546 secs]
23326.935: [GC (Allocation Failure)  438586K->9050K(1104896K), 0.0047354 secs]
23327.355: [GC (Allocation Failure)  425306K->9018K(1188352K), 0.0048820 secs]
23327.857: [GC (Allocation Failure)  508730K->9050K(1288704K), 0.0052958 secs]
23328.455: [GC (Allocation Failure)  609114K->9050K(1268224K), 0.0043961 secs]
23329.038: [GC (Allocation Failure)  588634K->8986K(1248256K), 0.0044725 secs]
23329.599: [GC (Allocation Failure)  568602K->9050K(1229312K), 0.0040874 secs]
23330.141: [GC (Allocation Failure)  549722K->9050K(1211392K), 0.0047152 secs]
23330.663: [GC (Allocation Failure)  531802K->9050K(1193984K), 0.0052324 secs]
23331.165: [GC (Allocation Failure)  514394K->9018K(1177600K), 0.0047851 secs]
23331.655: [GC (Allocation Failure)  497978K->9082K(1161728K), 0.0047418 secs]
23332.132: [GC (Allocation Failure)  482170K->9050K(1146880K), 0.0041327 secs]
23332.592: [GC (Allocation Failure)  467290K->9050K(1132544K), 0.0045999 secs]
23333.038: [GC (Allocation Failure)  452954K->9018K(1118720K), 0.0039821 secs]
23333.466: [GC (Allocation Failure)  439098K->9018K(1105408K), 0.0034379 secs]
23333.880: [GC (Allocation Failure)  425786K->9018K(1092608K), 0.0042062 secs]
23334.284: [GC (Allocation Failure)  412986K->9018K(1080320K), 0.0036356 secs]
23334.702: [GC (Allocation Failure)  400698K->9050K(1068544K), 0.0045980 secs]
23335.087: [GC (Allocation Failure)  388954K->9018K(1057280K), 0.0040265 secs]
23335.459: [GC (Allocation Failure)  377658K->9050K(1046528K), 0.0042564 secs]
23335.821: [GC (Allocation Failure)  366938K->9050K(1118208K), 0.0041099 secs]
23336.254: [GC (Allocation Failure)  438618K->9050K(1204224K), 0.0043368 secs]
23336.769: [GC (Allocation Failure)  524634K->9050K(1187328K), 0.0036178 secs]
23337.265: [GC (Allocation Failure)  507738K->9050K(1170944K), 0.0041566 secs]
23337.745: [GC (Allocation Failure)  491354K->9050K(1155584K), 0.0037632 secs]
23338.209: [GC (Allocation Failure)  475994K->9050K(1140736K), 0.0045665 secs]
23338.663: [GC (Allocation Failure)  461146K->9050K(1126400K), 0.0040941 secs]
23339.102: [GC (Allocation Failure)  446810K->9018K(1113088K), 0.0054643 secs]
23339.540: [GC (Allocation Failure)  433466K->9050K(1100288K), 0.0035401 secs]
23339.974: [GC (Allocation Failure)  420698K->9018K(1088000K), 0.0040508 secs]
23340.378: [GC (Allocation Failure)  408378K->9050K(1076224K), 0.0038101 secs]
23340.771: [GC (Allocation Failure)  396634K->9082K(1064960K), 0.0033772 secs]
23341.147: [GC (Allocation Failure)  385402K->9050K(1054208K), 0.0033208 secs]
23341.516: [GC (Allocation Failure)  374618K->9082K(1043968K), 0.0032201 secs]
23341.873: [GC (Allocation Failure)  364410K->9050K(1033728K), 0.0044173 secs]
23342.222: [GC (Allocation Failure)  354138K->9050K(1024000K), 0.0039465 secs]
23342.561: [GC (Allocation Failure)  344410K->9018K(1091072K), 0.0049561 secs]
23342.974: [GC (Allocation Failure)  411450K->9082K(1171968K), 0.0035370 secs]
23343.461: [GC (Allocation Failure)  492410K->9050K(1156608K), 0.0033474 secs]
23343.933: [GC (Allocation Failure)  477018K->9050K(1141760K), 0.0042714 secs]
23344.394: [GC (Allocation Failure)  462170K->9050K(1127424K), 0.0036574 secs]
23344.835: [GC (Allocation Failure)  447834K->9018K(1114112K), 0.0035620 secs]
23345.263: [GC (Allocation Failure)  434490K->9050K(1101312K), 0.0042079 secs]
23345.686: [GC (Allocation Failure)  421722K->9050K(1089024K), 0.0035922 secs]
23346.086: [GC (Allocation Failure)  409434K->9050K(1077248K), 0.0036503 secs]
23346.474: [GC (Allocation Failure)  397658K->9050K(1065984K), 0.0040640 secs]
23346.865: [GC (Allocation Failure)  386394K->9050K(1055232K), 0.0034713 secs]
23347.236: [GC (Allocation Failure)  375642K->9018K(1044480K), 0.0032651 secs]
23347.595: [GC (Allocation Failure)  364858K->9050K(1034240K), 0.0039491 secs]
23347.944: [GC (Allocation Failure)  354650K->9018K(1024512K), 0.0043389 secs]
23348.295: [GC (Allocation Failure)  344890K->9018K(1092096K), 0.0041560 secs]
23348.704: [GC (Allocation Failure)  412474K->9018K(1079808K), 0.0037661 secs]
23349.107: [GC (Allocation Failure)  400186K->9050K(1068032K), 0.0038475 secs]
23349.491: [GC (Allocation Failure)  388442K->9018K(1056768K), 0.0037259 secs]
23349.874: [GC (Allocation Failure)  377146K->9114K(1130496K), 0.0046301 secs]
23350.381: [GC (Allocation Failure)  450970K->9050K(1116672K), 0.0042640 secs]
23350.847: [GC (Allocation Failure)  437082K->9018K(1103360K), 0.0044352 secs]
23351.294: [GC (Allocation Failure)  423738K->9018K(1091072K), 0.0037745 secs]
23351.727: [GC (Allocation Failure)  411450K->9082K(1079296K), 0.0040116 secs]
23352.152: [GC (Allocation Failure)  399738K->9050K(1068032K), 0.0042198 secs]
23352.565: [GC (Allocation Failure)  388442K->9050K(1056768K), 0.0042533 secs]
23352.969: [GC (Allocation Failure)  377178K->9018K(1046016K), 0.0036448 secs]
23353.356: [GC (Allocation Failure)  366394K->9018K(1035776K), 0.0035501 secs]
23353.730: [GC (Allocation Failure)  356154K->9050K(1026048K), 0.0031721 secs]
23354.093: [GC (Allocation Failure)  346458K->9018K(1016832K), 0.0037207 secs]
23354.448: [GC (Allocation Failure)  337210K->9018K(1008128K), 0.0038970 secs]
23354.792: [GC (Allocation Failure)  328506K->9018K(999424K), 0.0039773 secs]
23355.131: [GC (Allocation Failure)  319802K->9018K(1061888K), 0.0038304 secs]
23355.573: [GC (Allocation Failure)  382266K->9018K(1136640K), 0.0044024 secs]
23356.060: [GC (Allocation Failure)  457018K->9018K(1122816K), 0.0034420 secs]
23356.526: [GC (Allocation Failure)  443194K->9050K(1109504K), 0.0034870 secs]
23356.979: [GC (Allocation Failure)  429914K->9050K(1096704K), 0.0037644 secs]
23357.417: [GC (Allocation Failure)  417114K->9018K(1084416K), 0.0037175 secs]
23357.843: [GC (Allocation Failure)  404794K->9050K(1072640K), 0.0048358 secs]
23358.257: [GC (Allocation Failure)  393050K->9050K(1061376K), 0.0042499 secs]
23358.668: [GC (Allocation Failure)  381786K->9050K(1050624K), 0.0041046 secs]
23359.059: [GC (Allocation Failure)  371034K->9018K(1123328K), 0.0048967 secs]
23359.532: [GC (Allocation Failure)  443706K->9082K(1110016K), 0.0044120 secs]
23359.990: [GC (Allocation Failure)  430458K->9050K(1097216K), 0.0040435 secs]
23360.428: [GC (Allocation Failure)  417626K->9018K(1084928K), 0.0044256 secs]
23360.899: [GC (Allocation Failure)  405306K->9050K(1073152K), 0.0044013 secs]
23361.314: [GC (Allocation Failure)  393562K->9082K(1061888K), 0.0039003 secs]
23361.720: [GC (Allocation Failure)  382330K->9050K(1051136K), 0.0039402 secs]
23362.111: [GC (Allocation Failure)  371546K->9082K(1040896K), 0.0041661 secs]
23362.493: [GC (Allocation Failure)  361338K->9018K(1111552K), 0.0045488 secs]
23362.953: [GC (Allocation Failure)  431930K->9082K(1196544K), 0.0052351 secs]
23363.504: [GC (Allocation Failure)  516986K->9018K(1180160K), 0.0042689 secs]
23364.043: [GC (Allocation Failure)  500538K->9050K(1164288K), 0.0036742 secs]
23364.555: [GC (Allocation Failure)  484698K->9018K(1148928K), 0.0034365 secs]
23365.049: [GC (Allocation Failure)  469306K->9050K(1134592K), 0.0034560 secs]
23365.527: [GC (Allocation Failure)  455002K->9050K(1120768K), 0.0037732 secs]
23365.992: [GC (Allocation Failure)  441178K->9050K(1107456K), 0.0046286 secs]
23366.443: [GC (Allocation Failure)  427866K->9018K(1094656K), 0.0056116 secs]
23366.889: [GC (Allocation Failure)  415034K->9050K(1082368K), 0.0038419 secs]
23367.312: [GC (Allocation Failure)  402778K->9082K(1070592K), 0.0035024 secs]
23367.723: [GC (Allocation Failure)  391034K->9018K(1059328K), 0.0034739 secs]
23368.122: [GC (Allocation Failure)  379706K->9082K(1048576K), 0.0031107 secs]
23368.509: [GC (Allocation Failure)  369018K->9018K(1038336K), 0.0045619 secs]
23368.890: [GC (Allocation Failure)  358714K->9050K(1028608K), 0.0036348 secs]
23369.259: [GC (Allocation Failure)  349018K->9050K(1019392K), 0.0032912 secs]
23369.615: [GC (Allocation Failure)  339802K->9050K(1010176K), 0.0039992 secs]
23369.958: [GC (Allocation Failure)  330586K->9050K(1001472K), 0.0038330 secs]
23370.294: [GC (Allocation Failure)  321882K->9050K(993280K), 0.0037001 secs]
23370.619: [GC (Allocation Failure)  313690K->9050K(1054208K), 0.0039176 secs]
23371.029: [GC (Allocation Failure)  374618K->9050K(1043968K), 0.0033580 secs]
23371.406: [GC (Allocation Failure)  364378K->9050K(1115136K), 0.0046771 secs]
23371.859: [GC (Allocation Failure)  435546K->9050K(1102336K), 0.0033598 secs]
23372.301: [GC (Allocation Failure)  422746K->9050K(1090048K), 0.0038056 secs]
23372.726: [GC (Allocation Failure)  410458K->9050K(1078272K), 0.0032468 secs]
23373.138: [GC (Allocation Failure)  398682K->9018K(1067008K), 0.0029542 secs]
23373.538: [GC (Allocation Failure)  387386K->9050K(1056256K), 0.0033234 secs]
23373.927: [GC (Allocation Failure)  376666K->9050K(1045504K), 0.0048305 secs]
23374.308: [GC (Allocation Failure)  365914K->9050K(1035264K), 0.0032550 secs]
23374.675: [GC (Allocation Failure)  355674K->9082K(1025536K), 0.0032064 secs]
23375.032: [GC (Allocation Failure)  345978K->9050K(1016320K), 0.0031654 secs]
23375.379: [GC (Allocation Failure)  336730K->9018K(1007616K), 0.0035447 secs]
23375.719: [GC (Allocation Failure)  327994K->9018K(998912K), 0.0033628 secs]
23376.074: [GC (Allocation Failure)  319290K->9050K(990720K), 0.0032763 secs]
23376.394: [GC (Allocation Failure)  311130K->9050K(983040K), 0.0039535 secs]
23376.708: [GC (Allocation Failure)  303450K->9050K(1041920K), 0.0038258 secs]
23377.082: [GC (Allocation Failure)  362330K->9050K(1112576K), 0.0036125 secs]
23377.531: [GC (Allocation Failure)  432986K->9050K(1099776K), 0.0043222 secs]
23377.970: [GC (Allocation Failure)  420186K->9050K(1087488K), 0.0034521 secs]
23378.392: [GC (Allocation Failure)  407898K->9050K(1075712K), 0.0042789 secs]
23378.812: [GC (Allocation Failure)  396122K->9050K(1064448K), 0.0032884 secs]
23379.219: [GC (Allocation Failure)  384858K->9050K(1053696K), 0.0037939 secs]
23379.606: [GC (Allocation Failure)  374106K->9050K(1043456K), 0.0035982 secs]
23379.982: [GC (Allocation Failure)  363866K->9050K(1033216K), 0.0039630 secs]
23380.348: [GC (Allocation Failure)  353626K->9082K(1023488K), 0.0032720 secs]
23380.703: [GC (Allocation Failure)  343930K->9018K(1014272K), 0.0030873 secs]
23381.050: [GC (Allocation Failure)  334650K->9018K(1005568K), 0.0037220 secs]
23381.387: [GC (Allocation Failure)  325946K->9050K(996864K), 0.0033711 secs]
23381.714: [GC (Allocation Failure)  317274K->9018K(1058816K), 0.0044853 secs]
23382.108: [GC (Allocation Failure)  379194K->9050K(1133056K), 0.0044223 secs]
23382.572: [GC (Allocation Failure)  453466K->9050K(1119232K), 0.0035612 secs]
23383.000: [GC (Allocation Failure)  439642K->8986K(1105920K), 0.0033709 secs]
23383.415: [GC (Allocation Failure)  426266K->9018K(1093120K), 0.0045170 secs]
23383.818: [GC (Allocation Failure)  413498K->9018K(1080832K), 0.0031677 secs]
23384.209: [GC (Allocation Failure)  401210K->9082K(1069056K), 0.0036278 secs]
23384.589: [GC (Allocation Failure)  389498K->9050K(1057792K), 0.0036977 secs]
23384.958: [GC (Allocation Failure)  378202K->9018K(1047040K), 0.0038076 secs]
23385.316: [GC (Allocation Failure)  367418K->9050K(1036800K), 0.0034480 secs]
23385.663: [GC (Allocation Failure)  357210K->9018K(1027072K), 0.0033728 secs]
23386.001: [GC (Allocation Failure)  347450K->9050K(1017856K), 0.0037437 secs]
23386.332: [GC (Allocation Failure)  338266K->9018K(1008640K), 0.0031410 secs]
23386.670: [GC (Allocation Failure)  329018K->9018K(999936K), 0.0032709 secs]
23386.980: [GC (Allocation Failure)  320314K->9050K(991744K), 0.0036364 secs]
23387.283: [GC (Allocation Failure)  312154K->9050K(1052672K), 0.0033783 secs]
23387.645: [GC (Allocation Failure)  373082K->9018K(1125888K), 0.0041232 secs]
23388.083: [GC (Allocation Failure)  446266K->9050K(1213440K), 0.0043641 secs]
23388.613: [GC (Allocation Failure)  533850K->9050K(1196032K), 0.0041038 secs]
23389.117: [GC (Allocation Failure)  516442K->9018K(1179648K), 0.0049305 secs]
23389.605: [GC (Allocation Failure)  500026K->9050K(1163776K), 0.0033770 secs]
23390.076: [GC (Allocation Failure)  484186K->9018K(1148416K), 0.0038779 secs]
23390.534: [GC (Allocation Failure)  468794K->9050K(1134080K), 0.0033876 secs]
23390.977: [GC (Allocation Failure)  454490K->9050K(1120256K), 0.0034049 secs]
23391.406: [GC (Allocation Failure)  440666K->9018K(1106944K), 0.0032484 secs]
23391.840: [GC (Allocation Failure)  427322K->9018K(1094144K), 0.0040576 secs]
23392.246: [GC (Allocation Failure)  414522K->9018K(1081856K), 0.0036021 secs]
23392.639: [GC (Allocation Failure)  402234K->9018K(1070080K), 0.0038114 secs]
23393.019: [GC (Allocation Failure)  390458K->9018K(1058816K), 0.0034025 secs]
23393.387: [GC (Allocation Failure)  379194K->9018K(1048064K), 0.0034098 secs]
23393.744: [GC (Allocation Failure)  368442K->9018K(1037824K), 0.0042149 secs]
23394.097: [GC (Allocation Failure)  358202K->9050K(1028096K), 0.0032647 secs]
23394.434: [GC (Allocation Failure)  348506K->9082K(1018880K), 0.0035236 secs]
23394.764: [GC (Allocation Failure)  339322K->9082K(1009664K), 0.0028491 secs]
23395.084: [GC (Allocation Failure)  330106K->9050K(1000960K), 0.0033448 secs]
23395.398: [GC (Allocation Failure)  321370K->9018K(992768K), 0.0037589 secs]
23395.705: [GC (Allocation Failure)  313146K->9050K(1053696K), 0.0041613 secs]
23396.083: [GC (Allocation Failure)  374106K->9050K(1126912K), 0.0035945 secs]
23396.522: [GC (Allocation Failure)  447322K->9018K(1113600K), 0.0038548 secs]
23396.975: [GC (Allocation Failure)  433978K->9018K(1198592K), 0.0055266 secs]
23397.489: [GC (Allocation Failure)  518970K->9018K(1181696K), 0.0034298 secs]
23397.989: [GC (Allocation Failure)  502074K->9050K(1165824K), 0.0036835 secs]
23398.478: [GC (Allocation Failure)  486234K->9050K(1150464K), 0.0031787 secs]
23398.946: [GC (Allocation Failure)  470874K->9082K(1136128K), 0.0033491 secs]
23399.440: [GC (Allocation Failure)  456570K->9082K(1122304K), 0.0028790 secs]
23399.880: [GC (Allocation Failure)  442746K->9082K(1108992K), 0.0029743 secs]
23400.306: [GC (Allocation Failure)  429434K->9050K(1096192K), 0.0044280 secs]
23400.722: [GC (Allocation Failure)  416602K->9082K(1083904K), 0.0032354 secs]
23401.120: [GC (Allocation Failure)  404346K->9050K(1072128K), 0.0026023 secs]
23401.504: [GC (Allocation Failure)  392538K->9082K(1060864K), 0.0026362 secs]
23401.878: [GC (Allocation Failure)  381306K->9050K(1050112K), 0.0033757 secs]
23402.243: [GC (Allocation Failure)  370522K->9018K(1039872K), 0.0032605 secs]
23402.597: [GC (Allocation Failure)  360250K->9082K(1030144K), 0.0033594 secs]
23402.941: [GC (Allocation Failure)  350586K->9082K(1020928K), 0.0028329 secs]
23403.280: [GC (Allocation Failure)  341370K->9018K(1011712K), 0.0033934 secs]
23403.608: [GC (Allocation Failure)  332090K->9082K(1003008K), 0.0037574 secs]
23403.927: [GC (Allocation Failure)  323450K->9018K(994816K), 0.0034260 secs]
23404.237: [GC (Allocation Failure)  315194K->9018K(1056256K), 0.0036848 secs]
23404.610: [GC (Allocation Failure)  376634K->9018K(1045504K), 0.0035725 secs]
23404.971: [GC (Allocation Failure)  365882K->9082K(1035264K), 0.0026067 secs]
23405.321: [GC (Allocation Failure)  355706K->9050K(1025536K), 0.0027884 secs]
23405.668: [GC (Allocation Failure)  345946K->9082K(1016320K), 0.0030963 secs]
23406.022: [GC (Allocation Failure)  336762K->9018K(1007616K), 0.0033230 secs]
23406.367: [GC (Allocation Failure)  327994K->9050K(998912K), 0.0034455 secs]
23406.702: [GC (Allocation Failure)  319322K->9050K(1061376K), 0.0046626 secs]
23407.109: [GC (Allocation Failure)  381786K->9050K(1050624K), 0.0028717 secs]
23407.533: [GC (Allocation Failure)  371034K->9050K(1040384K), 0.0034003 secs]
23407.913: [GC (Allocation Failure)  360794K->9050K(1030656K), 0.0030709 secs]
23408.281: [GC (Allocation Failure)  351066K->9050K(1020928K), 0.0028408 secs]
23408.640: [GC (Allocation Failure)  341338K->9018K(1011712K), 0.0034900 secs]
23408.989: [GC (Allocation Failure)  332090K->9082K(1003008K), 0.0029431 secs]
23409.327: [GC (Allocation Failure)  323450K->9082K(994816K), 0.0028166 secs]
23409.657: [GC (Allocation Failure)  315258K->9050K(986624K), 0.0034337 secs]
23409.979: [GC (Allocation Failure)  307034K->9082K(978944K), 0.0030192 secs]
23410.292: [GC (Allocation Failure)  299386K->9082K(971264K), 0.0030905 secs]
23410.606: [GC (Allocation Failure)  291706K->9082K(964096K), 0.0024638 secs]
23410.902: [GC (Allocation Failure)  284538K->9018K(957440K), 0.0027983 secs]
23411.192: [GC (Allocation Failure)  277818K->8986K(950784K), 0.0028993 secs]
23411.475: [GC (Allocation Failure)  271130K->9082K(944640K), 0.0035144 secs]
23411.751: [GC (Allocation Failure)  265082K->9050K(938496K), 0.0028559 secs]
23412.021: [GC (Allocation Failure)  258906K->9050K(988672K), 0.0040423 secs]
23412.345: [GC (Allocation Failure)  309082K->9050K(1049088K), 0.0029377 secs]
23412.755: [GC (Allocation Failure)  369498K->9050K(1038848K), 0.0032348 secs]
23413.132: [GC (Allocation Failure)  359258K->9082K(1029120K), 0.0033503 secs]
23413.499: [GC (Allocation Failure)  349562K->9082K(1097216K), 0.0043885 secs]
23413.938: [GC (Allocation Failure)  417658K->9018K(1084928K), 0.0034505 secs]
23414.365: [GC (Allocation Failure)  405306K->9018K(1073152K), 0.0031505 secs]
23414.777: [GC (Allocation Failure)  393530K->9050K(1061888K), 0.0032576 secs]
23415.178: [GC (Allocation Failure)  382298K->9018K(1051136K), 0.0044235 secs]
23415.569: [GC (Allocation Failure)  371514K->9082K(1040896K), 0.0033746 secs]
23415.948: [GC (Allocation Failure)  361338K->9050K(1031168K), 0.0036922 secs]
23416.317: [GC (Allocation Failure)  351578K->9050K(1021440K), 0.0031511 secs]
23416.675: [GC (Allocation Failure)  341850K->9050K(1012224K), 0.0035736 secs]
23417.022: [GC (Allocation Failure)  332634K->9050K(1077248K), 0.0046636 secs]
23417.445: [GC (Allocation Failure)  397658K->9050K(1065984K), 0.0032074 secs]
23417.883: [GC (Allocation Failure)  386394K->9050K(1055232K), 0.0040501 secs]
23418.278: [GC (Allocation Failure)  375642K->9050K(1128960K), 0.0053966 secs]
23418.753: [GC (Allocation Failure)  449370K->9050K(1115136K), 0.0030545 secs]
23419.212: [GC (Allocation Failure)  435546K->9018K(1102336K), 0.0035291 secs]
23419.655: [GC (Allocation Failure)  422714K->9050K(1090048K), 0.0033055 secs]
23420.086: [GC (Allocation Failure)  410458K->9050K(1078272K), 0.0032097 secs]
23420.508: [GC (Allocation Failure)  398682K->9050K(1067008K), 0.0033024 secs]
23420.915: [GC (Allocation Failure)  387418K->9050K(1056256K), 0.0029506 secs]
23421.310: [GC (Allocation Failure)  376666K->9050K(1045504K), 0.0034564 secs]
23421.695: [GC (Allocation Failure)  365914K->9050K(1035264K), 0.0044603 secs]
23422.074: [GC (Allocation Failure)  355674K->9018K(1025536K), 0.0030530 secs]
23422.438: [GC (Allocation Failure)  345914K->9050K(1016320K), 0.0035888 secs]
23422.791: [GC (Allocation Failure)  336730K->9018K(1007616K), 0.0031411 secs]
23423.134: [GC (Allocation Failure)  327994K->9082K(998912K), 0.0031101 secs]
23423.467: [GC (Allocation Failure)  319354K->9050K(990720K), 0.0032866 secs]
23423.793: [GC (Allocation Failure)  311130K->9050K(1051136K), 0.0048209 secs]
23424.190: [GC (Allocation Failure)  371546K->9050K(1040896K), 0.0030627 secs]
23424.568: [GC (Allocation Failure)  361306K->9050K(1031168K), 0.0031389 secs]
23424.951: [GC (Allocation Failure)  351578K->9082K(1021440K), 0.0034090 secs]
23425.310: [GC (Allocation Failure)  341882K->9018K(1012224K), 0.0031546 secs]
23425.658: [GC (Allocation Failure)  332602K->9082K(1003520K), 0.0041958 secs]
23425.992: [GC (Allocation Failure)  323962K->9018K(995328K), 0.0035450 secs]
23426.317: [GC (Allocation Failure)  315706K->9082K(987136K), 0.0030150 secs]
23426.633: [GC (Allocation Failure)  307578K->9082K(979456K), 0.0025150 secs]
23426.945: [GC (Allocation Failure)  299898K->9082K(971776K), 0.0032064 secs]
23427.249: [GC (Allocation Failure)  292218K->9018K(964608K), 0.0035713 secs]
23427.541: [GC (Allocation Failure)  284986K->9050K(1019904K), 0.0035632 secs]
23427.892: [GC (Allocation Failure)  340314K->9082K(1086464K), 0.0035028 secs]
23428.314: [GC (Allocation Failure)  406906K->9050K(1074688K), 0.0039768 secs]
23428.722: [GC (Allocation Failure)  395098K->9082K(1063424K), 0.0036086 secs]
23429.118: [GC (Allocation Failure)  383866K->9050K(1052672K), 0.0035781 secs]
23429.511: [GC (Allocation Failure)  373082K->9050K(1042432K), 0.0038065 secs]
23429.886: [GC (Allocation Failure)  362842K->8986K(1032704K), 0.0032159 secs]
23430.250: [GC (Allocation Failure)  353050K->9050K(1022976K), 0.0030595 secs]
23430.605: [GC (Allocation Failure)  343386K->9018K(1013760K), 0.0032854 secs]
23430.949: [GC (Allocation Failure)  334138K->9050K(1005056K), 0.0032657 secs]
23431.284: [GC (Allocation Failure)  325466K->9082K(996352K), 0.0030120 secs]
23431.609: [GC (Allocation Failure)  316794K->9018K(988160K), 0.0031715 secs]
23431.927: [GC (Allocation Failure)  308538K->9082K(980480K), 0.0031109 secs]
23432.238: [GC (Allocation Failure)  300922K->9018K(1038848K), 0.0050650 secs]
23432.615: [GC (Allocation Failure)  359226K->9018K(1108992K), 0.0035223 secs]
23433.059: [GC (Allocation Failure)  429370K->9050K(1096192K), 0.0028417 secs]
23433.517: [GC (Allocation Failure)  416602K->9082K(1083904K), 0.0030806 secs]
23433.935: [GC (Allocation Failure)  404346K->9050K(1072128K), 0.0032325 secs]
23434.341: [GC (Allocation Failure)  392538K->9082K(1060864K), 0.0030399 secs]
23434.734: [GC (Allocation Failure)  381306K->9050K(1050112K), 0.0036192 secs]
23435.123: [GC (Allocation Failure)  370522K->9050K(1039872K), 0.0033696 secs]
23435.495: [GC (Allocation Failure)  360282K->9082K(1030144K), 0.0028783 secs]
23435.856: [GC (Allocation Failure)  350586K->9082K(1020928K), 0.0033586 secs]
23436.207: [GC (Allocation Failure)  341370K->9050K(1011712K), 0.0040302 secs]
23436.551: [GC (Allocation Failure)  332122K->9050K(1003008K), 0.0029449 secs]
23436.884: [GC (Allocation Failure)  323418K->9018K(994816K), 0.0031462 secs]
23437.208: [GC (Allocation Failure)  315194K->9050K(986624K), 0.0032640 secs]
23437.523: [GC (Allocation Failure)  307034K->9050K(1046528K), 0.0040696 secs]
23437.903: [GC (Allocation Failure)  366938K->9082K(1036288K), 0.0028826 secs]
23438.271: [GC (Allocation Failure)  356730K->9050K(1026560K), 0.0038833 secs]
23438.636: [GC (Allocation Failure)  346970K->9018K(1017344K), 0.0041281 secs]
23438.967: [GC (Allocation Failure)  337722K->9050K(1008640K), 0.0026925 secs]
23439.284: [GC (Allocation Failure)  329050K->9082K(999936K), 0.0034059 secs]
23439.593: [GC (Allocation Failure)  320378K->9050K(1062400K), 0.0037855 secs]
23439.972: [GC (Allocation Failure)  382810K->9082K(1051648K), 0.0034329 secs]
23440.333: [GC (Allocation Failure)  372090K->9050K(1041408K), 0.0028518 secs]
23440.683: [GC (Allocation Failure)  361818K->9050K(1031680K), 0.0034497 secs]
23441.024: [GC (Allocation Failure)  352090K->9050K(1021952K), 0.0030959 secs]
23441.356: [GC (Allocation Failure)  342362K->9082K(1012736K), 0.0031808 secs]
23441.677: [GC (Allocation Failure)  333178K->9018K(1004032K), 0.0029753 secs]
23441.996: [GC (Allocation Failure)  324410K->9050K(995840K), 0.0036466 secs]
23442.302: [GC (Allocation Failure)  316250K->9050K(987648K), 0.0034113 secs]
23442.604: [GC (Allocation Failure)  308058K->9018K(1047552K), 0.0043184 secs]
23442.963: [GC (Allocation Failure)  367930K->9050K(1119744K), 0.0034163 secs]
23443.389: [GC (Allocation Failure)  440154K->9050K(1106432K), 0.0030218 secs]
23443.840: [GC (Allocation Failure)  426842K->9050K(1093632K), 0.0038702 secs]
23444.250: [GC (Allocation Failure)  414042K->9018K(1081344K), 0.0039825 secs]
23444.644: [GC (Allocation Failure)  401722K->9050K(1069568K), 0.0034254 secs]
23445.021: [GC (Allocation Failure)  389978K->9018K(1058304K), 0.0041487 secs]
23445.389: [GC (Allocation Failure)  378682K->9050K(1047552K), 0.0040038 secs]
23445.745: [GC (Allocation Failure)  367962K->9082K(1037312K), 0.0031954 secs]
23446.091: [GC (Allocation Failure)  357754K->9050K(1027584K), 0.0031387 secs]
23446.427: [GC (Allocation Failure)  347994K->9050K(1018368K), 0.0028871 secs]
23446.754: [GC (Allocation Failure)  338778K->9050K(1009152K), 0.0034945 secs]
23447.074: [GC (Allocation Failure)  329562K->9050K(1000448K), 0.0032611 secs]
23447.387: [GC (Allocation Failure)  320858K->9050K(992256K), 0.0035356 secs]
23447.691: [GC (Allocation Failure)  312666K->9050K(1053184K), 0.0039401 secs]
23448.053: [GC (Allocation Failure)  373594K->9050K(1126400K), 0.0037368 secs]
23448.487: [GC (Allocation Failure)  446810K->9082K(1113088K), 0.0027043 secs]
23448.939: [GC (Allocation Failure)  433530K->9050K(1100288K), 0.0038058 secs]
23449.348: [GC (Allocation Failure)  420698K->9050K(1088000K), 0.0032296 secs]
23449.751: [GC (Allocation Failure)  408410K->9018K(1076224K), 0.0033013 secs]
23450.137: [GC (Allocation Failure)  396602K->9050K(1064960K), 0.0041271 secs]
23450.511: [GC (Allocation Failure)  385370K->9050K(1054208K), 0.0029793 secs]
23450.874: [GC (Allocation Failure)  374618K->9050K(1043968K), 0.0030185 secs]
23451.226: [GC (Allocation Failure)  364378K->9050K(1033728K), 0.0033340 secs]
23451.570: [GC (Allocation Failure)  354138K->9050K(1024000K), 0.0033627 secs]
23451.906: [GC (Allocation Failure)  344410K->9050K(1014784K), 0.0033408 secs]
23452.231: [GC (Allocation Failure)  335194K->9018K(1006080K), 0.0039153 secs]
23452.547: [GC (Allocation Failure)  326458K->9082K(997376K), 0.0033851 secs]
23452.854: [GC (Allocation Failure)  317818K->9050K(1059328K), 0.0032758 secs]
23453.222: [GC (Allocation Failure)  379738K->9018K(1133568K), 0.0039765 secs]
23453.680: [GC (Allocation Failure)  453946K->9050K(1119744K), 0.0032793 secs]
23454.170: [GC (Allocation Failure)  440154K->9018K(1106432K), 0.0036752 secs]
23454.585: [GC (Allocation Failure)  426810K->9050K(1093632K), 0.0045916 secs]
23454.993: [GC (Allocation Failure)  414042K->9050K(1081344K), 0.0035706 secs]
23455.386: [GC (Allocation Failure)  401754K->9050K(1069568K), 0.0031168 secs]
23455.765: [GC (Allocation Failure)  389978K->9018K(1058304K), 0.0039420 secs]
23456.133: [GC (Allocation Failure)  378682K->8986K(1047552K), 0.0032776 secs]
23456.490: [GC (Allocation Failure)  367898K->9050K(1037312K), 0.0029511 secs]
23456.843: [GC (Allocation Failure)  357722K->9018K(1027584K), 0.0042016 secs]
23457.182: [GC (Allocation Failure)  347962K->9050K(1018368K), 0.0030736 secs]
23457.510: [GC (Allocation Failure)  338778K->9018K(1009152K), 0.0039848 secs]
23457.830: [GC (Allocation Failure)  329530K->9050K(1073664K), 0.0033866 secs]
23458.216: [GC (Allocation Failure)  394074K->9050K(1062400K), 0.0032722 secs]
23458.591: [GC (Allocation Failure)  382810K->9018K(1051648K), 0.0040322 secs]
23458.960: [GC (Allocation Failure)  372026K->9050K(1124352K), 0.0048393 secs]
23459.418: [GC (Allocation Failure)  444762K->9050K(1111040K), 0.0036233 secs]
23459.843: [GC (Allocation Failure)  431450K->9018K(1098240K), 0.0047236 secs]
23460.261: [GC (Allocation Failure)  418618K->9018K(1085952K), 0.0037103 secs]
23460.666: [GC (Allocation Failure)  406330K->9018K(1074176K), 0.0036582 secs]
23461.052: [GC (Allocation Failure)  394554K->9050K(1062912K), 0.0033591 secs]
23461.429: [GC (Allocation Failure)  383322K->9050K(1052160K), 0.0038502 secs]
23461.794: [GC (Allocation Failure)  372570K->9050K(1041920K), 0.0038852 secs]
23462.153: [GC (Allocation Failure)  362330K->9050K(1032192K), 0.0034147 secs]
23462.498: [GC (Allocation Failure)  352602K->9018K(1022464K), 0.0033612 secs]
23462.833: [GC (Allocation Failure)  342842K->9050K(1013248K), 0.0034988 secs]
23463.159: [GC (Allocation Failure)  333658K->9050K(1004544K), 0.0028237 secs]
23463.481: [GC (Allocation Failure)  324954K->9050K(996352K), 0.0036361 secs]
23463.792: [GC (Allocation Failure)  316762K->9050K(1058304K), 0.0036493 secs]
23464.166: [GC (Allocation Failure)  378714K->9018K(1047552K), 0.0035857 secs]
23464.530: [GC (Allocation Failure)  367930K->9050K(1037312K), 0.0037315 secs]
23464.883: [GC (Allocation Failure)  357722K->9082K(1027584K), 0.0034606 secs]
23465.226: [GC (Allocation Failure)  348026K->9050K(1018368K), 0.0032607 secs]
23465.560: [GC (Allocation Failure)  338778K->9050K(1084416K), 0.0039910 secs]
23465.970: [GC (Allocation Failure)  404826K->9050K(1163776K), 0.0041022 secs]
23466.451: [GC (Allocation Failure)  484186K->9082K(1148416K), 0.0030010 secs]
23466.929: [GC (Allocation Failure)  468858K->9082K(1134080K), 0.0039299 secs]
23467.384: [GC (Allocation Failure)  454522K->9018K(1120256K), 0.0033989 secs]
23467.820: [GC (Allocation Failure)  440634K->9082K(1106944K), 0.0031921 secs]
23468.247: [GC (Allocation Failure)  427386K->9050K(1094144K), 0.0033386 secs]
23468.657: [GC (Allocation Failure)  414554K->9050K(1081856K), 0.0031603 secs]
23469.055: [GC (Allocation Failure)  402266K->9050K(1070080K), 0.0039063 secs]
23469.445: [GC (Allocation Failure)  390490K->9050K(1058816K), 0.0039374 secs]
23469.860: [GC (Allocation Failure)  379226K->9050K(1048064K), 0.0035805 secs]
23470.222: [GC (Allocation Failure)  368474K->9018K(1037824K), 0.0036178 secs]
23470.572: [GC (Allocation Failure)  358202K->9050K(1028096K), 0.0042160 secs]
23470.913: [GC (Allocation Failure)  348506K->9050K(1018880K), 0.0035134 secs]
23471.243: [GC (Allocation Failure)  339290K->9050K(1009664K), 0.0035864 secs]
23471.565: [GC (Allocation Failure)  330074K->9050K(1074176K), 0.0036048 secs]
23471.952: [GC (Allocation Failure)  394586K->9018K(1151488K), 0.0041082 secs]
23472.413: [GC (Allocation Failure)  471866K->9050K(1136640K), 0.0040459 secs]
23472.866: [GC (Allocation Failure)  457050K->9018K(1122816K), 0.0035797 secs]
23473.311: [GC (Allocation Failure)  443194K->9050K(1109504K), 0.0036218 secs]
23473.737: [GC (Allocation Failure)  429914K->9050K(1096704K), 0.0039185 secs]
23474.149: [GC (Allocation Failure)  417114K->9018K(1084416K), 0.0054522 secs]
23474.550: [GC (Allocation Failure)  404794K->9050K(1072640K), 0.0033850 secs]
23474.979: [GC (Allocation Failure)  393050K->9082K(1061376K), 0.0034467 secs]
23475.357: [GC (Allocation Failure)  381818K->9050K(1050624K), 0.0041531 secs]
23475.732: [GC (Allocation Failure)  371034K->9050K(1040384K), 0.0039983 secs]
23476.087: [GC (Allocation Failure)  360794K->9018K(1030656K), 0.0039067 secs]
23476.434: [GC (Allocation Failure)  351034K->9082K(1020928K), 0.0033922 secs]
23476.769: [GC (Allocation Failure)  341370K->9050K(1087488K), 0.0040643 secs]
23477.182: [GC (Allocation Failure)  407898K->9050K(1075712K), 0.0035749 secs]
23477.575: [GC (Allocation Failure)  396122K->9050K(1064448K), 0.0032856 secs]
23477.954: [GC (Allocation Failure)  384858K->9018K(1053696K), 0.0036924 secs]
23478.323: [GC (Allocation Failure)  374074K->9018K(1043456K), 0.0037843 secs]
23478.682: [GC (Allocation Failure)  363834K->9050K(1033216K), 0.0036247 secs]
23479.029: [GC (Allocation Failure)  353626K->9018K(1102336K), 0.0044757 secs]
23479.482: [GC (Allocation Failure)  422714K->9050K(1090048K), 0.0033454 secs]
23479.913: [GC (Allocation Failure)  410458K->9050K(1078272K), 0.0040822 secs]
23480.342: [GC (Allocation Failure)  398682K->9050K(1067008K), 0.0036411 secs]
23480.754: [GC (Allocation Failure)  387418K->9082K(1056256K), 0.0032810 secs]
23481.149: [GC (Allocation Failure)  376698K->9082K(1045504K), 0.0032977 secs]
23481.534: [GC (Allocation Failure)  365946K->9082K(1035264K), 0.0037455 secs]
23481.907: [GC (Allocation Failure)  355706K->9050K(1025536K), 0.0040811 secs]
23482.274: [GC (Allocation Failure)  345946K->9018K(1016320K), 0.0035480 secs]
23482.626: [GC (Allocation Failure)  336698K->9050K(1007616K), 0.0039043 secs]
23482.971: [GC (Allocation Failure)  328026K->9018K(998912K), 0.0034353 secs]
23483.305: [GC (Allocation Failure)  319290K->9114K(990720K), 0.0038648 secs]
23483.632: [GC (Allocation Failure)  311194K->9018K(1051136K), 0.0034115 secs]
23484.021: [GC (Allocation Failure)  371514K->9050K(1040896K), 0.0036011 secs]
23484.400: [GC (Allocation Failure)  361306K->9050K(1031168K), 0.0033299 secs]
23484.768: [GC (Allocation Failure)  351578K->9018K(1021440K), 0.0038012 secs]
23485.135: [GC (Allocation Failure)  341818K->9050K(1012224K), 0.0034562 secs]
23485.506: [GC (Allocation Failure)  332634K->9018K(1003520K), 0.0039784 secs]
23485.849: [GC (Allocation Failure)  323898K->9018K(995328K), 0.0036112 secs]
23486.181: [GC (Allocation Failure)  315706K->9018K(1056768K), 0.0037682 secs]
23486.578: [GC (Allocation Failure)  377146K->9050K(1046016K), 0.0034884 secs]
23486.963: [GC (Allocation Failure)  366426K->9082K(1035776K), 0.0028736 secs]
23487.338: [GC (Allocation Failure)  356218K->9050K(1026048K), 0.0030658 secs]
23487.702: [GC (Allocation Failure)  346458K->9082K(1016832K), 0.0035065 secs]
23488.056: [GC (Allocation Failure)  337274K->9018K(1008128K), 0.0032911 secs]
23488.405: [GC (Allocation Failure)  328506K->9018K(999424K), 0.0037868 secs]
23488.741: [GC (Allocation Failure)  319802K->9050K(991232K), 0.0036126 secs]
23489.067: [GC (Allocation Failure)  311642K->9018K(983552K), 0.0037866 secs]
23489.386: [GC (Allocation Failure)  303930K->9050K(1042944K), 0.0034221 secs]
23489.768: [GC (Allocation Failure)  363354K->9050K(1114112K), 0.0043002 secs]
23490.235: [GC (Allocation Failure)  434522K->9018K(1101312K), 0.0036265 secs]
23490.705: [GC (Allocation Failure)  421690K->9050K(1089024K), 0.0037974 secs]
23491.136: [GC (Allocation Failure)  409434K->9050K(1077248K), 0.0032203 secs]
23491.557: [GC (Allocation Failure)  397658K->9050K(1065984K), 0.0038150 secs]
23491.962: [GC (Allocation Failure)  386394K->9018K(1055232K), 0.0037906 secs]
23492.357: [GC (Allocation Failure)  375610K->9050K(1044480K), 0.0035680 secs]
23492.740: [GC (Allocation Failure)  364890K->9018K(1115648K), 0.0057918 secs]
23493.206: [GC (Allocation Failure)  436026K->8986K(1102848K), 0.0033899 secs]
23493.651: [GC (Allocation Failure)  423194K->9050K(1090560K), 0.0036308 secs]
23494.082: [GC (Allocation Failure)  410970K->9018K(1078784K), 0.0046440 secs]
23494.503: [GC (Allocation Failure)  399162K->9050K(1067520K), 0.0033003 secs]
23494.910: [GC (Allocation Failure)  387930K->9050K(1056256K), 0.0036344 secs]
23495.315: [GC (Allocation Failure)  376666K->9018K(1045504K), 0.0030939 secs]
23495.730: [GC (Allocation Failure)  365882K->9050K(1035264K), 0.0033320 secs]
23496.103: [GC (Allocation Failure)  355674K->9018K(1025536K), 0.0034404 secs]
23496.466: [GC (Allocation Failure)  345914K->9082K(1016320K), 0.0028019 secs]
23496.819: [GC (Allocation Failure)  336762K->9050K(1007616K), 0.0032021 secs]
23497.163: [GC (Allocation Failure)  328026K->9018K(998912K), 0.0034099 secs]
23497.499: [GC (Allocation Failure)  319290K->9050K(990720K), 0.0031728 secs]
23497.830: [GC (Allocation Failure)  311130K->9050K(983040K), 0.0026818 secs]
23498.149: [GC (Allocation Failure)  303450K->9050K(975360K), 0.0035771 secs]
23498.458: [GC (Allocation Failure)  295770K->9018K(1032704K), 0.0041196 secs]
23498.830: [GC (Allocation Failure)  353082K->9050K(1022976K), 0.0033318 secs]
23499.191: [GC (Allocation Failure)  343386K->9018K(1013760K), 0.0033551 secs]
23499.542: [GC (Allocation Failure)  334138K->9050K(1078784K), 0.0046434 secs]
23499.962: [GC (Allocation Failure)  399194K->9050K(1157120K), 0.0041035 secs]
23500.467: [GC (Allocation Failure)  477530K->9050K(1142272K), 0.0034017 secs]
23500.993: [GC (Allocation Failure)  462682K->9050K(1127936K), 0.0035648 secs]
23501.465: [GC (Allocation Failure)  448346K->9018K(1114112K), 0.0036707 secs]
23501.925: [GC (Allocation Failure)  434490K->9018K(1101312K), 0.0038416 secs]
23502.369: [GC (Allocation Failure)  421690K->9050K(1089024K), 0.0030304 secs]
23502.800: [GC (Allocation Failure)  409434K->9018K(1077248K), 0.0027671 secs]
23503.217: [GC (Allocation Failure)  397626K->9018K(1065984K), 0.0034762 secs]
23503.621: [GC (Allocation Failure)  386362K->9050K(1055232K), 0.0029585 secs]
23504.016: [GC (Allocation Failure)  375642K->9050K(1044480K), 0.0044344 secs]
23504.401: [GC (Allocation Failure)  364890K->9050K(1034240K), 0.0033551 secs]
23504.772: [GC (Allocation Failure)  354650K->9050K(1024512K), 0.0037500 secs]
23505.134: [GC (Allocation Failure)  344922K->9082K(1015296K), 0.0033760 secs]
23505.486: [GC (Allocation Failure)  335738K->9050K(1006592K), 0.0031489 secs]
23505.828: [GC (Allocation Failure)  327002K->9018K(997888K), 0.0034118 secs]
23506.162: [GC (Allocation Failure)  318266K->9050K(989696K), 0.0038322 secs]
23506.487: [GC (Allocation Failure)  310106K->9082K(982016K), 0.0028676 secs]
23506.806: [GC (Allocation Failure)  302458K->9050K(974336K), 0.0037957 secs]
23507.116: [GC (Allocation Failure)  294746K->9050K(1031680K), 0.0037041 secs]
23507.486: [GC (Allocation Failure)  352090K->9050K(1021952K), 0.0027417 secs]
23507.845: [GC (Allocation Failure)  342362K->9050K(1012736K), 0.0039125 secs]
23508.194: [GC (Allocation Failure)  333146K->9018K(1004032K), 0.0035043 secs]
23508.533: [GC (Allocation Failure)  324410K->9050K(995840K), 0.0035947 secs]
23508.867: [GC (Allocation Failure)  316250K->9018K(987648K), 0.0034060 secs]
23509.194: [GC (Allocation Failure)  308026K->9050K(979968K), 0.0034099 secs]
23509.508: [GC (Allocation Failure)  300378K->9050K(1038336K), 0.0033544 secs]
23509.884: [GC (Allocation Failure)  358746K->9082K(1028608K), 0.0028317 secs]
23510.250: [GC (Allocation Failure)  349050K->9050K(1096704K), 0.0045247 secs]
23510.692: [GC (Allocation Failure)  417114K->9050K(1084416K), 0.0032662 secs]
23511.176: [GC (Allocation Failure)  404826K->9018K(1072640K), 0.0032228 secs]
23511.589: [GC (Allocation Failure)  393018K->9018K(1061376K), 0.0033161 secs]
23511.990: [GC (Allocation Failure)  381754K->9018K(1050624K), 0.0042343 secs]
23512.384: [GC (Allocation Failure)  371002K->9050K(1040384K), 0.0033211 secs]
23512.765: [GC (Allocation Failure)  360794K->9018K(1030656K), 0.0031138 secs]
23513.133: [GC (Allocation Failure)  351034K->9082K(1020928K), 0.0034173 secs]
23513.490: [GC (Allocation Failure)  341370K->9050K(1011712K), 0.0037102 secs]
23513.844: [GC (Allocation Failure)  332122K->9050K(1003008K), 0.0032045 secs]
23514.186: [GC (Allocation Failure)  323418K->9050K(1065984K), 0.0049641 secs]
23514.593: [GC (Allocation Failure)  386394K->9114K(1055232K), 0.0037672 secs]
23514.990: [GC (Allocation Failure)  375706K->9050K(1044480K), 0.0033709 secs]
23515.374: [GC (Allocation Failure)  364890K->9114K(1034240K), 0.0025924 secs]
23515.746: [GC (Allocation Failure)  354714K->9082K(1024512K), 0.0043208 secs]
23516.126: [GC (Allocation Failure)  344954K->9050K(1015296K), 0.0034650 secs]
23516.480: [GC (Allocation Failure)  335706K->9050K(1006592K), 0.0034563 secs]
23516.824: [GC (Allocation Failure)  327002K->9018K(997888K), 0.0035753 secs]
23517.160: [GC (Allocation Failure)  318266K->9050K(1059840K), 0.0043647 secs]
23517.564: [GC (Allocation Failure)  380250K->9050K(1049088K), 0.0030784 secs]
23517.951: [GC (Allocation Failure)  369498K->9018K(1038848K), 0.0037309 secs]
23518.329: [GC (Allocation Failure)  359226K->9050K(1029120K), 0.0033814 secs]
23518.695: [GC (Allocation Failure)  349530K->9050K(1019904K), 0.0033834 secs]
23519.055: [GC (Allocation Failure)  340314K->9050K(1010688K), 0.0033022 secs]
23519.399: [GC (Allocation Failure)  331098K->9018K(1001984K), 0.0030481 secs]
23519.732: [GC (Allocation Failure)  322362K->9050K(993792K), 0.0033306 secs]
23520.058: [GC (Allocation Failure)  314202K->9050K(985600K), 0.0030477 secs]
23520.373: [GC (Allocation Failure)  306010K->9050K(977920K), 0.0030874 secs]
23520.681: [GC (Allocation Failure)  298330K->9050K(970752K), 0.0038343 secs]
23520.982: [GC (Allocation Failure)  291162K->9082K(1027584K), 0.0033041 secs]
23521.343: [GC (Allocation Failure)  348026K->9050K(1018368K), 0.0029501 secs]
23521.694: [GC (Allocation Failure)  338778K->9050K(1009152K), 0.0039398 secs]
23522.036: [GC (Allocation Failure)  329562K->9018K(1000448K), 0.0030164 secs]
23522.369: [GC (Allocation Failure)  320826K->9018K(992256K), 0.0034429 secs]
23522.696: [GC (Allocation Failure)  312634K->9050K(984064K), 0.0034320 secs]
23523.011: [GC (Allocation Failure)  304474K->9018K(1043456K), 0.0039074 secs]
23523.388: [GC (Allocation Failure)  363834K->9050K(1114624K), 0.0048877 secs]
23523.846: [GC (Allocation Failure)  435034K->9082K(1101824K), 0.0032530 secs]
23524.284: [GC (Allocation Failure)  422266K->9018K(1089536K), 0.0034882 secs]
23524.711: [GC (Allocation Failure)  409914K->9050K(1077760K), 0.0069353 secs]
23525.133: [GC (Allocation Failure)  398170K->9050K(1066496K), 0.0038815 secs]
23525.533: [GC (Allocation Failure)  386906K->9018K(1055744K), 0.0037293 secs]
23525.923: [GC (Allocation Failure)  376122K->9018K(1044992K), 0.0031245 secs]
23526.302: [GC (Allocation Failure)  365370K->9082K(1034752K), 0.0029576 secs]
23526.696: [GC (Allocation Failure)  355194K->9050K(1025024K), 0.0036969 secs]
23527.053: [GC (Allocation Failure)  345434K->9050K(1015808K), 0.0037337 secs]
23527.402: [GC (Allocation Failure)  336218K->9050K(1007104K), 0.0031446 secs]
23527.741: [GC (Allocation Failure)  327514K->9050K(998400K), 0.0035371 secs]
23528.070: [GC (Allocation Failure)  318810K->9050K(990208K), 0.0038625 secs]
23528.391: [GC (Allocation Failure)  310618K->9050K(982528K), 0.0031012 secs]
23528.703: [GC (Allocation Failure)  302938K->9018K(1041408K), 0.0037892 secs]
23529.079: [GC (Allocation Failure)  361786K->9082K(1112064K), 0.0037198 secs]
23529.532: [GC (Allocation Failure)  432506K->9050K(1099264K), 0.0033013 secs]
23529.966: [GC (Allocation Failure)  419674K->9050K(1086976K), 0.0033537 secs]
23530.389: [GC (Allocation Failure)  407386K->9050K(1075200K), 0.0031865 secs]
23530.799: [GC (Allocation Failure)  395610K->9050K(1063936K), 0.0036809 secs]
23531.198: [GC (Allocation Failure)  384346K->9082K(1053184K), 0.0031583 secs]
23531.586: [GC (Allocation Failure)  373626K->9082K(1042944K), 0.0027879 secs]
23531.986: [GC (Allocation Failure)  363386K->9018K(1032704K), 0.0033326 secs]
23532.350: [GC (Allocation Failure)  353082K->9114K(1022976K), 0.0034094 secs]
23532.704: [GC (Allocation Failure)  343450K->9050K(1013760K), 0.0048162 secs]
23533.054: [GC (Allocation Failure)  334170K->9018K(1005056K), 0.0035235 secs]
23533.390: [GC (Allocation Failure)  325434K->9082K(996352K), 0.0035628 secs]
23533.719: [GC (Allocation Failure)  316794K->9018K(988160K), 0.0029010 secs]
23534.039: [GC (Allocation Failure)  308538K->9050K(980480K), 0.0030699 secs]
23534.349: [GC (Allocation Failure)  300890K->9050K(972800K), 0.0027696 secs]
23534.650: [GC (Allocation Failure)  293210K->9082K(965632K), 0.0032817 secs]
23534.945: [GC (Allocation Failure)  286074K->9018K(1021440K), 0.0034777 secs]
23535.302: [GC (Allocation Failure)  341818K->9018K(1012224K), 0.0033341 secs]
23535.646: [GC (Allocation Failure)  332602K->9018K(1003520K), 0.0032959 secs]
23535.981: [GC (Allocation Failure)  323898K->9050K(1066496K), 0.0039423 secs]
23536.382: [GC (Allocation Failure)  386906K->9082K(1055744K), 0.0033662 secs]
23536.771: [GC (Allocation Failure)  376186K->9082K(1044992K), 0.0032163 secs]
23537.181: [GC (Allocation Failure)  365434K->9050K(1034752K), 0.0036043 secs]
23537.547: [GC (Allocation Failure)  355162K->9018K(1025024K), 0.0033648 secs]
23537.904: [GC (Allocation Failure)  345402K->9082K(1015808K), 0.0046213 secs]
23538.251: [GC (Allocation Failure)  336250K->9082K(1081344K), 0.0036830 secs]
23538.669: [GC (Allocation Failure)  401786K->9050K(1069568K), 0.0030295 secs]
23539.073: [GC (Allocation Failure)  389978K->9018K(1058304K), 0.0031079 secs]
23539.463: [GC (Allocation Failure)  378682K->9018K(1047552K), 0.0035958 secs]
23539.843: [GC (Allocation Failure)  367930K->9018K(1037312K), 0.0028798 secs]
23540.212: [GC (Allocation Failure)  357690K->9050K(1027584K), 0.0032984 secs]
23540.572: [GC (Allocation Failure)  347994K->9050K(1018368K), 0.0026847 secs]
23540.920: [GC (Allocation Failure)  338778K->9050K(1009152K), 0.0030169 secs]
23541.259: [GC (Allocation Failure)  329562K->9050K(1000448K), 0.0029763 secs]
23541.589: [GC (Allocation Failure)  320858K->9050K(992256K), 0.0033215 secs]
23541.911: [GC (Allocation Failure)  312666K->9050K(984064K), 0.0034376 secs]
23542.225: [GC (Allocation Failure)  304474K->9050K(976384K), 0.0031078 secs]
23542.530: [GC (Allocation Failure)  296794K->9050K(969216K), 0.0030959 secs]
23542.840: [GC (Allocation Failure)  289626K->9050K(962048K), 0.0032483 secs]
23543.130: [GC (Allocation Failure)  282458K->9050K(1016832K), 0.0040931 secs]
23543.482: [GC (Allocation Failure)  337242K->9050K(1082880K), 0.0034731 secs]
23543.899: [GC (Allocation Failure)  403290K->9082K(1071104K), 0.0031164 secs]
23544.305: [GC (Allocation Failure)  391546K->9018K(1059840K), 0.0043153 secs]
