Java HotSpot(TM) 64-Bit Server VM (25.91-b14) for linux-amd64 JRE (1.8.0_91-b14), built on Apr  1 2016 00:57:21 by "java_re" with gcc 4.3.0 20080428 (Red Hat 4.3.0-8)
Memory: 4k page, physical 10239976k(3863224k free), swap 4192252k(4192252k free)
CommandLine flags: -XX:InitialHeapSize=163839616 -XX:MaxHeapSize=2621433856 -XX:+PrintGC -XX:+PrintGCTimeStamps -XX:+UseCompressedClassPointers -XX:+UseCompressedOops 
0.700: [GC (Allocation Failure)  43136K->6244K(156416K), 0.0175735 secs]
1.271: [GC (Allocation Failure)  49380K->16713K(156416K), 0.0642639 secs]
1.957: [GC (Allocation Failure)  59849K->25175K(156416K), 0.0237630 secs]
2.308: [GC (Allocation Failure)  68311K->31332K(156416K), 0.0304773 secs]
2.515: [Full GC (System.gc())  56456K->35289K(156416K), 0.1259978 secs]
2.643: [Full GC (System.gc())  35289K->35289K(156544K), 0.0908935 secs]
2.740: [Full GC (System.gc())  35289K->35289K(156544K), 0.0462657 secs]
2.793: [Full GC (System.gc())  35289K->33942K(156544K), 0.0560156 secs]
2.854: [Full GC (System.gc())  33942K->33942K(156544K), 0.0416791 secs]
4.092: [Full GC (System.gc())  52868K->37345K(156544K), 0.0574754 secs]
4.150: [Full GC (System.gc())  37345K->37345K(156544K), 0.0743232 secs]
4.225: [Full GC (System.gc())  37345K->32088K(156544K), 0.1180882 secs]
4.343: [Full GC (System.gc())  32088K->32088K(156544K), 0.0584963 secs]
4.402: [Full GC (System.gc())  32088K->32088K(156544K), 0.0555898 secs]
4.489: [Full GC (System.gc())  33018K->31779K(156544K), 0.0613219 secs]
4.559: [Full GC (System.gc())  31779K->26385K(156544K), 0.0606170 secs]
4.624: [Full GC (System.gc())  26385K->26385K(156544K), 0.0931252 secs]
4.724: [Full GC (System.gc())  26385K->26385K(156544K), 0.0725428 secs]
4.804: [Full GC (System.gc())  26385K->26385K(156544K), 0.1316675 secs]
4.943: [Full GC (System.gc())  27238K->26383K(156544K), 0.3630580 secs]
5.319: [Full GC (System.gc())  26383K->26383K(156544K), 0.1664289 secs]
5.489: [Full GC (System.gc())  26383K->26383K(156544K), 0.1393383 secs]
5.629: [Full GC (System.gc())  26383K->26383K(156544K), 0.0847526 secs]
5.714: [Full GC (System.gc())  26383K->26383K(156544K), 0.0678714 secs]
7.089: [GC (Allocation Failure)  69647K->29071K(156544K), 0.0158829 secs]
8.777: [GC (Allocation Failure)  72335K->31536K(156544K), 0.0460792 secs]
9.502: [GC (Allocation Failure)  74800K->33166K(156544K), 0.0095146 secs]
10.052: [GC (Allocation Failure)  76430K->36120K(156544K), 0.0165060 secs]
10.497: [GC (Allocation Failure)  79384K->39004K(156544K), 0.0192270 secs]
10.986: [GC (Allocation Failure)  82268K->42468K(156544K), 0.0500939 secs]
11.464: [GC (Allocation Failure)  85732K->45058K(156544K), 0.0160618 secs]
11.860: [GC (Allocation Failure)  88322K->47949K(156544K), 0.0159118 secs]
12.177: [GC (Allocation Failure)  91213K->50604K(156544K), 0.0227599 secs]
12.551: [GC (Allocation Failure)  93868K->53962K(156544K), 0.0308565 secs]
12.967: [GC (Allocation Failure)  97226K->57247K(156544K), 0.0354185 secs]
13.287: [GC (Allocation Failure)  100511K->60691K(156544K), 0.0302617 secs]
13.719: [GC (Allocation Failure)  103955K->65201K(156544K), 0.0345597 secs]
13.873: [Full GC (System.gc())  77321K->63113K(156544K), 0.3380577 secs]
14.218: [Full GC (System.gc())  63113K->63113K(156544K), 0.1499781 secs]
14.375: [Full GC (System.gc())  63113K->63113K(156544K), 0.1701751 secs]
14.551: [Full GC (System.gc())  63113K->57718K(156544K), 0.3649923 secs]
14.920: [Full GC (System.gc())  57718K->57718K(156544K), 0.1379756 secs]
15.573: [GC (Allocation Failure)  100982K->61794K(156544K), 0.0050234 secs]
