Java HotSpot(TM) 64-Bit Server VM (25.91-b14) for linux-amd64 JRE (1.8.0_91-b14), built on Apr  1 2016 00:57:21 by "java_re" with gcc 4.3.0 20080428 (Red Hat 4.3.0-8)
Memory: 4k page, physical 10239976k(3864008k free), swap 4192252k(4192252k free)
CommandLine flags: -XX:InitialHeapSize=163839616 -XX:MaxHeapSize=2621433856 -XX:+PrintGC -XX:+PrintGCTimeStamps -XX:+UseCompressedClassPointers -XX:+UseCompressedOops 
0.637: [GC (Allocation Failure)  43136K->6244K(156416K), 0.0121696 secs]
0.948: [GC (Allocation Failure)  49380K->12152K(156416K), 0.0320205 secs]
1.253: [GC (Allocation Failure)  55288K->18391K(156416K), 0.0299848 secs]
1.494: [GC (Allocation Failure)  61527K->25116K(156416K), 0.0339626 secs]
1.725: [GC (Allocation Failure)  68252K->31333K(156416K), 0.0304882 secs]
1.981: [GC (Allocation Failure)  74469K->37544K(156416K), 0.0382318 secs]
2.208: [GC (Allocation Failure)  80680K->43594K(156416K), 0.0194351 secs]
2.510: [GC (Allocation Failure)  86730K->49206K(156416K), 0.0267082 secs]
2.740: [GC (Allocation Failure)  92342K->55885K(156416K), 0.0392781 secs]
2.980: [GC (Allocation Failure)  99021K->61800K(156416K), 0.0365656 secs]
3.295: [GC (Allocation Failure)  104936K->67509K(156416K), 0.0313943 secs]
3.556: [GC (Allocation Failure)  110645K->73428K(156416K), 0.0367142 secs]
3.793: [GC (Allocation Failure)  116564K->78973K(156416K), 0.0316467 secs]
3.986: [GC (Allocation Failure)  122109K->83794K(156416K), 0.0296606 secs]
4.212: [GC (Allocation Failure)  126930K->89271K(156416K), 0.0379447 secs]
4.483: [GC (Allocation Failure)  132407K->95335K(156416K), 0.0368774 secs]
4.718: [GC (Allocation Failure)  138471K->100909K(156416K), 0.0723967 secs]
4.964: [GC (Allocation Failure)  144045K->106715K(156416K), 0.0279064 secs]
5.164: [GC (Allocation Failure)  149851K->114219K(157376K), 0.0294827 secs]
5.193: [Full GC (Allocation Failure)  114219K->110388K(157376K), 0.1774120 secs]
5.726: [GC (Allocation Failure)  181566K->118380K(263168K), 0.0392560 secs]
6.215: [GC (Allocation Failure)  191084K->127234K(263168K), 0.0286888 secs]
6.913: [GC (Allocation Failure)  199938K->142191K(263168K), 0.0484820 secs]
7.657: [GC (Allocation Failure)  214895K->154054K(263168K), 0.0790633 secs]
8.311: [GC (Allocation Failure)  226758K->166130K(263168K), 0.1324378 secs]
8.912: [GC (Allocation Failure)  238834K->178050K(263168K), 0.0424390 secs]
9.841: [GC (Allocation Failure)  250754K->188347K(263168K), 0.0845500 secs]
10.910: [GC (Allocation Failure)  261051K->198592K(271424K), 0.0594632 secs]
10.970: [Full GC (Allocation Failure)  198592K->162815K(271424K), 0.3587310 secs]
12.057: [GC (Allocation Failure)  271423K->178488K(393536K), 0.0722463 secs]
12.700: [GC (Allocation Failure)  287096K->195159K(393536K), 0.1283995 secs]
13.541: [GC (Allocation Failure)  303767K->209854K(393536K), 0.1011151 secs]
14.275: [Full GC (System.gc())  257930K->196470K(393536K), 0.6474654 secs]
14.928: [Full GC (System.gc())  196470K->183014K(474908K), 0.8685229 secs]
15.806: [Full GC (System.gc())  183014K->183014K(474908K), 0.4642855 secs]
16.276: [Full GC (System.gc())  183014K->183014K(474908K), 0.6439534 secs]
16.928: [Full GC (System.gc())  183014K->183014K(474908K), 0.3881802 secs]
18.469: [Full GC (System.gc())  206695K->176586K(474908K), 0.5851067 secs]
19.062: [Full GC (System.gc())  176586K->176586K(474908K), 0.4460228 secs]
19.512: [Full GC (System.gc())  176586K->176586K(474908K), 0.4379256 secs]
19.964: [Full GC (System.gc())  176586K->176586K(474908K), 0.6003110 secs]
20.569: [Full GC (System.gc())  176586K->176586K(474908K), 0.4304716 secs]
21.079: [Full GC (System.gc())  179305K->177418K(474908K), 0.4455821 secs]
21.537: [Full GC (System.gc())  177418K->177418K(474908K), 0.4203259 secs]
21.961: [Full GC (System.gc())  177418K->177418K(474908K), 0.3472339 secs]
22.309: [Full GC (System.gc())  177418K->172631K(474908K), 0.5110791 secs]
22.830: [Full GC (System.gc())  172631K->172631K(474908K), 0.3791991 secs]
23.211: [Full GC (System.gc())  175251K->172632K(474908K), 0.4671460 secs]
23.679: [Full GC (System.gc())  172632K->172632K(474908K), 0.4779397 secs]
24.158: [Full GC (System.gc())  172632K->172628K(474908K), 0.3763969 secs]
24.534: [Full GC (System.gc())  172628K->172628K(474908K), 0.4204019 secs]
24.955: [Full GC (System.gc())  172628K->172628K(474908K), 0.4396325 secs]
29.545: [GC (Allocation Failure)  303764K->179044K(474908K), 0.0873895 secs]
31.924: [GC (Allocation Failure)  310180K->184926K(474908K), 0.2175289 secs]
34.164: [GC (Allocation Failure)  316062K->191816K(474908K), 0.0963741 secs]
36.737: [GC (Allocation Failure)  322952K->197846K(474908K), 0.1242585 secs]
38.916: [GC (Allocation Failure)  328982K->206275K(474908K), 0.0771324 secs]
41.036: [GC (Allocation Failure)  337411K->213434K(474908K), 0.0534812 secs]
42.680: [GC (Allocation Failure)  344570K->219833K(474908K), 0.0882061 secs]
44.797: [GC (Allocation Failure)  350969K->227370K(474908K), 0.0539917 secs]
46.761: [GC (Allocation Failure)  358506K->234172K(474908K), 0.0630160 secs]
48.456: [GC (Allocation Failure)  365308K->242202K(474908K), 0.1089730 secs]
49.864: [GC (Allocation Failure)  373338K->249891K(474908K), 0.0871141 secs]
51.924: [GC (Allocation Failure)  381027K->255948K(474908K), 0.0777733 secs]
53.592: [GC (Allocation Failure)  387084K->263355K(474908K), 0.0785401 secs]
56.053: [GC (Allocation Failure)  394491K->270652K(474908K), 0.1358442 secs]
58.138: [GC (Allocation Failure)  401788K->279603K(474908K), 0.1017446 secs]
59.301: [GC (Allocation Failure)  410739K->285374K(474908K), 0.0530170 secs]
60.413: [GC (Allocation Failure)  416510K->293886K(474908K), 0.0943782 secs]
62.196: [GC (Allocation Failure)  425022K->301251K(474908K), 0.1335872 secs]
64.201: [GC (Allocation Failure)  432387K->305145K(474908K), 0.0314889 secs]
66.119: [GC (Allocation Failure)  436281K->311254K(474908K), 0.0836190 secs]
67.354: [GC (Allocation Failure)  442390K->317511K(474908K), 0.1483639 secs]
69.119: [GC (Allocation Failure)  448647K->326511K(474908K), 0.0460277 secs]
70.954: [GC (Allocation Failure)  457647K->332550K(474908K), 0.1414789 secs]
72.705: [GC (Allocation Failure)  463686K->337248K(474908K), 0.0893051 secs]
74.901: [GC (Allocation Failure)  468384K->347727K(480156K), 0.0966239 secs]
74.998: [Full GC (Allocation Failure)  347727K->324778K(480156K), 0.7966829 secs]
79.224: [GC (Allocation Failure)  541418K->335205K(784948K), 0.0633752 secs]
82.722: [GC (Allocation Failure)  551845K->344940K(784948K), 0.1102086 secs]
85.529: [GC (Allocation Failure)  561580K->353251K(784948K), 0.1508607 secs]
90.645: [GC (Allocation Failure)  569891K->365088K(784948K), 0.0820297 secs]
94.176: [GC (Allocation Failure)  581728K->378264K(784948K), 0.0838202 secs]
96.353: [GC (Allocation Failure)  594904K->393258K(784948K), 0.1499029 secs]
98.085: [GC (Allocation Failure)  609898K->398634K(784948K), 0.0635054 secs]
100.637: [GC (Allocation Failure)  615274K->411707K(784948K), 0.0536742 secs]
102.800: [GC (Allocation Failure)  628347K->422018K(784948K), 0.0605902 secs]
105.051: [GC (Allocation Failure)  638658K->440343K(784948K), 0.0596350 secs]
107.307: [GC (Allocation Failure)  656983K->454201K(784948K), 0.0756605 secs]
109.374: [GC (Allocation Failure)  670841K->470965K(784948K), 0.0626126 secs]
111.198: [GC (Allocation Failure)  687605K->487635K(784948K), 0.0607577 secs]
113.588: [GC (Allocation Failure)  704275K->497962K(784948K), 0.0678095 secs]
115.884: [GC (Allocation Failure)  714602K->513410K(784948K), 0.0733368 secs]
118.819: [GC (Allocation Failure)  730050K->511366K(784948K), 0.1607446 secs]
122.766: [GC (Allocation Failure)  728006K->523455K(784948K), 0.0930163 secs]
125.821: [GC (Allocation Failure)  740095K->537014K(784948K), 0.1285064 secs]
129.377: [GC (Allocation Failure)  753654K->547885K(784948K), 0.1292591 secs]
131.669: [GC (Allocation Failure)  764525K->558997K(784948K), 0.0634587 secs]
133.219: [GC (Allocation Failure)  775637K->575177K(791860K), 0.0981587 secs]
133.317: [Full GC (Allocation Failure)  575177K->479996K(791860K), 1.4788205 secs]
136.916: [GC (Allocation Failure)  800060K->516114K(1160060K), 0.0723427 secs]
138.222: [GC (Allocation Failure)  836178K->584994K(1160060K), 0.1489293 secs]
140.267: [GC (Allocation Failure)  905058K->657479K(1160060K), 0.1233058 secs]
143.860: [GC (Allocation Failure)  977543K->704855K(1160060K), 0.1089559 secs]
147.009: [GC (Allocation Failure)  1024919K->719969K(1160060K), 0.1682101 secs]
149.122: [GC (Allocation Failure)  1040033K->736275K(1160060K), 0.1214596 secs]
153.883: [GC (Allocation Failure)  1056339K->761349K(1160060K), 0.2492258 secs]
157.146: [GC (Allocation Failure)  1081413K->778404K(1160060K), 0.1236388 secs]
158.610: [GC (Allocation Failure)  1098468K->783742K(1160060K), 0.0517700 secs]
160.141: [GC (Allocation Failure)  1103806K->791976K(1160060K), 0.1240912 secs]
162.276: [GC (Allocation Failure)  1112040K->798250K(1160060K), 0.0538808 secs]
164.068: [GC (Allocation Failure)  1118314K->802287K(1160060K), 0.0581426 secs]
165.512: [GC (Allocation Failure)  1122351K->826824K(1160060K), 0.0720534 secs]
167.892: [GC (Allocation Failure)  1146888K->856189K(1186172K), 0.1177467 secs]
168.010: [Full GC (Allocation Failure)  856189K->691899K(1186172K), 1.7934879 secs]
173.143: [GC (Allocation Failure)  1153211K->740994K(1672144K), 0.0753033 secs]
175.997: [GC (Allocation Failure)  1202306K->764405K(1672144K), 0.1157319 secs]
179.022: [GC (Allocation Failure)  1225717K->793095K(1672144K), 0.0804022 secs]
180.853: [GC (Allocation Failure)  1254407K->907900K(1672144K), 0.1974919 secs]
183.184: [GC (Allocation Failure)  1369212K->1040561K(1672144K), 0.1637493 secs]
186.664: [GC (Allocation Failure)  1501873K->1064415K(1672144K), 0.1555120 secs]
189.180: [GC (Allocation Failure)  1525727K->1097881K(1672144K), 0.1120822 secs]
191.659: [GC (Allocation Failure)  1559193K->1203903K(1672144K), 0.2556900 secs]
196.245: [GC (Allocation Failure)  1665215K->1289468K(1750932K), 0.2830303 secs]
196.528: [Full GC (Allocation Failure)  1289468K->882505K(1750932K), 2.1239441 secs]
201.357: [GC (Allocation Failure)  1470921K->1085715K(2132796K), 0.1932138 secs]
205.396: [GC (Allocation Failure)  1674131K->1107405K(2132796K), 0.1131200 secs]
210.941: [GC (Allocation Failure)  1695821K->1134096K(2132796K), 0.1584282 secs]
215.762: [GC (Allocation Failure)  1722512K->1157950K(2132796K), 0.1698167 secs]
219.903: [GC (Allocation Failure)  1746366K->1218348K(2132796K), 0.2037968 secs]
223.508: [GC (Allocation Failure)  1806764K->1260530K(2132796K), 0.1494869 secs]
225.251: [GC (Allocation Failure)  1848946K->1447345K(2132796K), 0.1949066 secs]
228.614: [GC (Allocation Failure)  2035761K->1608336K(2196924K), 0.2167067 secs]
228.831: [Full GC (Allocation Failure)  1608336K->1086376K(2196924K), 3.3461693 secs]
236.576: [GC (Allocation Failure)  1769064K->1123400K(2474688K), 0.1354083 secs]
241.962: [GC (Allocation Failure)  1806088K->1159012K(2474688K), 0.1649335 secs]
247.646: [GC (Allocation Failure)  1841700K->1184481K(2474688K), 0.1839685 secs]
250.994: [GC (Allocation Failure)  1867169K->1238726K(2474688K), 0.2331203 secs]
254.610: [GC (Allocation Failure)  1921414K->1381811K(2474688K), 0.3002268 secs]
256.494: [GC (Allocation Failure)  2064499K->1687614K(2474688K), 0.3909730 secs]
262.216: [Full GC (Allocation Failure)  2370302K->1213266K(2474688K), 3.7698516 secs]
267.827: [GC (Allocation Failure)  1895954K->1493779K(2474688K), 0.2052874 secs]
270.630: [GC (Allocation Failure)  2176467K->1748314K(2474688K), 0.5300310 secs]
274.499: [Full GC (Allocation Failure)  2431002K->1392877K(2474688K), 2.9784523 secs]
279.736: [Full GC (System.gc())  1747944K->1429446K(2474688K), 2.4603026 secs]
282.197: [Full GC (System.gc())  1429446K->1429446K(2474688K), 2.4359963 secs]
284.633: [Full GC (System.gc())  1429446K->1344113K(2474688K), 2.9546562 secs]
287.588: [Full GC (System.gc())  1344113K->1344113K(2474688K), 2.3737499 secs]
289.962: [Full GC (System.gc())  1344113K->1344113K(2474688K), 2.5974955 secs]
294.827: [GC (Allocation Failure)  2026801K->1366015K(2474688K), 0.1360504 secs]
295.560: [GC (Allocation Failure)  2048703K->1363138K(2474688K), 0.0565739 secs]
296.018: [GC (Allocation Failure)  2045826K->1363242K(2474688K), 0.0248237 secs]
