Java HotSpot(TM) 64-Bit Server VM (25.91-b14) for linux-amd64 JRE (1.8.0_91-b14), built on Apr  1 2016 00:57:21 by "java_re" with gcc 4.3.0 20080428 (Red Hat 4.3.0-8)
Memory: 4k page, physical 10239976k(3863348k free), swap 4192252k(4192252k free)
CommandLine flags: -XX:InitialHeapSize=163839616 -XX:MaxHeapSize=2621433856 -XX:+PrintGC -XX:+PrintGCTimeStamps -XX:+UseCompressedClassPointers -XX:+UseCompressedOops 
1.544: [GC (Allocation Failure)  43136K->8409K(156416K), 0.0192597 secs]
1.784: [GC (Allocation Failure)  51545K->18834K(156416K), 0.0436782 secs]
2.246: [GC (Allocation Failure)  61970K->29321K(156416K), 0.0302233 secs]
2.523: [GC (Allocation Failure)  72457K->37886K(156416K), 0.0268531 secs]
2.827: [GC (Allocation Failure)  81022K->47105K(156416K), 0.0325052 secs]
4.448: [GC (Allocation Failure)  90241K->56897K(156416K), 0.0297582 secs]
5.314: [GC (Allocation Failure)  100033K->64338K(156416K), 0.0316837 secs]
6.020: [GC (Allocation Failure)  107474K->71384K(156416K), 0.0315866 secs]
6.477: [GC (Allocation Failure)  114520K->77187K(156416K), 0.0310308 secs]
6.692: [GC (Allocation Failure)  120323K->81889K(156416K), 0.0422474 secs]
7.135: [GC (Allocation Failure)  125025K->87586K(156416K), 0.0264721 secs]
7.598: [GC (Allocation Failure)  130722K->94617K(156416K), 0.0345818 secs]
8.139: [GC (Allocation Failure)  137753K->102211K(156416K), 0.0375564 secs]
8.501: [GC (Allocation Failure)  145347K->110424K(156416K), 0.0388361 secs]
9.324: [GC (Allocation Failure)  153560K->115934K(159104K), 0.0428709 secs]
9.367: [Full GC (Allocation Failure)  115934K->43666K(159104K), 0.1228806 secs]
10.067: [GC (Allocation Failure)  86930K->49533K(156544K), 0.0254753 secs]
10.519: [GC (Allocation Failure)  92797K->56462K(156544K), 0.0293101 secs]
10.852: [GC (Allocation Failure)  99726K->64046K(156544K), 0.0402327 secs]
11.284: [GC (Allocation Failure)  107310K->72207K(156544K), 0.0355737 secs]
11.751: [GC (Allocation Failure)  115471K->76572K(156544K), 0.0190791 secs]
12.092: [GC (Allocation Failure)  119836K->81934K(156544K), 0.0237607 secs]
12.550: [GC (Allocation Failure)  125198K->90707K(156544K), 0.0542099 secs]
13.156: [GC (Allocation Failure)  133971K->97473K(156544K), 0.0291993 secs]
13.650: [GC (Allocation Failure)  140737K->103875K(156544K), 0.0340344 secs]
14.195: [GC (Allocation Failure)  147139K->112225K(156544K), 0.0324936 secs]
14.816: [GC (Allocation Failure)  155489K->115993K(160888K), 0.0372422 secs]
14.853: [Full GC (Allocation Failure)  115993K->98437K(160888K), 0.2741093 secs]
15.658: [GC (Allocation Failure)  164101K->103642K(237920K), 0.0165200 secs]
15.880: [GC (Allocation Failure)  169306K->101175K(237920K), 0.0106784 secs]
