Java HotSpot(TM) 64-Bit Server VM (25.74-b02) for linux-amd64 JRE (1.8.0_74-b02), built on Jan 29 2016 19:20:56 by "java_re" with gcc 4.3.0 20080428 (Red Hat 4.3.0-8)
Memory: 4k page, physical 65960280k(2424628k free), swap 32767996k(32756512k free)
CommandLine flags: -XX:InitialHeapSize=1055364480 -XX:MaxHeapSize=16885831680 -XX:+PrintGC -XX:+PrintGCTimeStamps -XX:+UseCompressedClassPointers -XX:+UseCompressedOops -XX:+UseParallelGC 
1.542: [GC (Allocation Failure)  258048K->14571K(989184K), 0.0311139 secs]
2.787: [GC (Allocation Failure)  272619K->12426K(1247232K), 0.0187863 secs]
3.927: [GC (Allocation Failure)  528522K->9072K(1247232K), 0.0150876 secs]
5.026: [GC (Allocation Failure)  525168K->9420K(1763328K), 0.0147265 secs]
17354.322: [GC (Allocation Failure)  1041612K->10292K(1763328K), 0.0181228 secs]
17355.459: [GC (Allocation Failure)  1042484K->8970K(2767872K), 0.0156323 secs]
17358.317: [GC (Allocation Failure)  2073354K->9150K(2662400K), 0.0170937 secs]
17360.510: [GC (Allocation Failure)  1981886K->9398K(2575360K), 0.0058929 secs]
17362.616: [GC (Allocation Failure)  1895094K->9526K(2492416K), 0.0056391 secs]
17364.596: [GC (Allocation Failure)  1812790K->9846K(2413568K), 0.0087365 secs]
17366.524: [GC (Allocation Failure)  1734262K->9478K(2338304K), 0.0057929 secs]
17368.346: [GC (Allocation Failure)  1659142K->9478K(2267136K), 0.0089040 secs]
17370.147: [GC (Allocation Failure)  1587974K->9422K(2216960K), 0.0038923 secs]
17371.828: [GC (Allocation Failure)  1520334K->9430K(2135040K), 0.0082876 secs]
17373.456: [GC (Allocation Failure)  1455830K->9502K(2091008K), 0.0042453 secs]
17375.035: [GC (Allocation Failure)  1394974K->9470K(2015744K), 0.0096241 secs]
17376.538: [GC (Allocation Failure)  1336574K->9446K(1976320K), 0.0039275 secs]
17377.950: [GC (Allocation Failure)  1281254K->9494K(1907712K), 0.0092357 secs]
17379.282: [GC (Allocation Failure)  1228566K->9470K(1871872K), 0.0041383 secs]
17380.562: [GC (Allocation Failure)  1178366K->9478K(1809920K), 0.0070336 secs]
17381.830: [GC (Allocation Failure)  1130758K->9454K(1777664K), 0.0045128 secs]
17383.094: [GC (Allocation Failure)  1085166K->9518K(1721344K), 0.0075250 secs]
17384.256: [GC (Allocation Failure)  1042222K->9582K(1692160K), 0.0038467 secs]
17385.355: [GC (Allocation Failure)  1001326K->9534K(1641472K), 0.0076970 secs]
17386.412: [GC (Allocation Failure)  962366K->9478K(1614336K), 0.0044181 secs]
17387.399: [GC (Allocation Failure)  924934K->9510K(1568768K), 0.0077110 secs]
17388.367: [GC (Allocation Failure)  889638K->9518K(1544192K), 0.0073512 secs]
17389.297: [GC (Allocation Failure)  855854K->9518K(1502720K), 0.0060508 secs]
17390.210: [GC (Allocation Failure)  823598K->9518K(1480192K), 0.0039660 secs]
17391.038: [GC (Allocation Failure)  792878K->9486K(1442816K), 0.0068512 secs]
17391.852: [GC (Allocation Failure)  763662K->9518K(1422336K), 0.0040962 secs]
17392.632: [GC (Allocation Failure)  736046K->9582K(1388544K), 0.0052564 secs]
17393.380: [GC (Allocation Failure)  709486K->9518K(1369600K), 0.0045071 secs]
17394.157: [GC (Allocation Failure)  684334K->9494K(1339392K), 0.0059208 secs]
17394.880: [GC (Allocation Failure)  660246K->9526K(1321472K), 0.0033410 secs]
17395.561: [GC (Allocation Failure)  637238K->9526K(1294336K), 0.0067444 secs]
17396.246: [GC (Allocation Failure)  615222K->9494K(1277952K), 0.0035454 secs]
17396.889: [GC (Allocation Failure)  594198K->9558K(1253376K), 0.0049256 secs]
17397.528: [GC (Allocation Failure)  574294K->9494K(1238016K), 0.0251109 secs]
17398.180: [GC (Allocation Failure)  555286K->9558K(1216000K), 0.0052228 secs]
17398.747: [GC (Allocation Failure)  536918K->9534K(1201664K), 0.0052261 secs]
17399.298: [GC (Allocation Failure)  519486K->9566K(1181696K), 0.0045947 secs]
17399.826: [GC (Allocation Failure)  502622K->9534K(1168384K), 0.0036423 secs]
17400.378: [GC (Allocation Failure)  486718K->9574K(1150464K), 0.0046127 secs]
17400.895: [GC (Allocation Failure)  471398K->9542K(1138176K), 0.0045170 secs]
17401.370: [GC (Allocation Failure)  457030K->9542K(1122304K), 0.0051490 secs]
17401.837: [GC (Allocation Failure)  443206K->9518K(1111040K), 0.0039941 secs]
17402.287: [GC (Allocation Failure)  429870K->9550K(1096192K), 0.0044310 secs]
17402.741: [GC (Allocation Failure)  417102K->9518K(1085440K), 0.0033838 secs]
17403.181: [GC (Allocation Failure)  404782K->9550K(1072128K), 0.0040108 secs]
17403.603: [GC (Allocation Failure)  393038K->9518K(1062400K), 0.0040439 secs]
17404.002: [GC (Allocation Failure)  381742K->9518K(1050112K), 0.0039794 secs]
17404.388: [GC (Allocation Failure)  370990K->9550K(1040896K), 0.0042638 secs]
17404.779: [GC (Allocation Failure)  360782K->9550K(1030144K), 0.0042939 secs]
17405.153: [GC (Allocation Failure)  351054K->9550K(1021952K), 0.0035071 secs]
17405.531: [GC (Allocation Failure)  341838K->9518K(1011712K), 0.0048058 secs]
17405.882: [GC (Allocation Failure)  332590K->9550K(1077248K), 0.0044237 secs]
17406.333: [GC (Allocation Failure)  397646K->9550K(1065472K), 0.0037148 secs]
17406.749: [GC (Allocation Failure)  386382K->9550K(1055232K), 0.0046227 secs]
17407.139: [GC (Allocation Failure)  375630K->9550K(1127936K), 0.0045526 secs]
17407.611: [GC (Allocation Failure)  448846K->9518K(1114624K), 0.0032478 secs]
17408.065: [GC (Allocation Failure)  434990K->9550K(1101312K), 0.0039822 secs]
17408.526: [GC (Allocation Failure)  422222K->9550K(1089536K), 0.0031039 secs]
17408.965: [GC (Allocation Failure)  409934K->9582K(1077248K), 0.0033691 secs]
17409.382: [GC (Allocation Failure)  398190K->9550K(1065984K), 0.0035838 secs]
17409.785: [GC (Allocation Failure)  386894K->9582K(1055232K), 0.0036654 secs]
17410.173: [GC (Allocation Failure)  376174K->9550K(1044480K), 0.0031412 secs]
17410.553: [GC (Allocation Failure)  365390K->9526K(1034240K), 0.0035119 secs]
17410.938: [GC (Allocation Failure)  355126K->9590K(1024512K), 0.0044092 secs]
17411.296: [GC (Allocation Failure)  345462K->9526K(1015296K), 0.0041847 secs]
17411.666: [GC (Allocation Failure)  336182K->9558K(1080832K), 0.0051392 secs]
17412.089: [GC (Allocation Failure)  401750K->9558K(1159680K), 0.0044645 secs]
17412.625: [GC (Allocation Failure)  480598K->9526K(1144832K), 0.0037936 secs]
17413.126: [GC (Allocation Failure)  465718K->9526K(1130496K), 0.0041304 secs]
17413.604: [GC (Allocation Failure)  451382K->9526K(1116672K), 0.0038492 secs]
17414.089: [GC (Allocation Failure)  437558K->9558K(1103360K), 0.0034446 secs]
17414.529: [GC (Allocation Failure)  424278K->9558K(1091072K), 0.0033933 secs]
17414.958: [GC (Allocation Failure)  411990K->9558K(1079296K), 0.0037426 secs]
17415.409: [GC (Allocation Failure)  400214K->9558K(1068032K), 0.0033556 secs]
17415.812: [GC (Allocation Failure)  388950K->9566K(1056768K), 0.0040250 secs]
17416.274: [GC (Allocation Failure)  377694K->9534K(1046016K), 0.0033263 secs]
17416.666: [GC (Allocation Failure)  366910K->9566K(1035776K), 0.0037183 secs]
17417.047: [GC (Allocation Failure)  356702K->9534K(1026048K), 0.0038046 secs]
17417.406: [GC (Allocation Failure)  346942K->9534K(1016832K), 0.0034570 secs]
17417.804: [GC (Allocation Failure)  337726K->9502K(1008128K), 0.0032431 secs]
17418.149: [GC (Allocation Failure)  328990K->9566K(1072128K), 0.0049971 secs]
17418.556: [GC (Allocation Failure)  393054K->9502K(1060864K), 0.0031327 secs]
17418.951: [GC (Allocation Failure)  381726K->9566K(1050112K), 0.0038350 secs]
17419.369: [GC (Allocation Failure)  371038K->9598K(1039872K), 0.0032508 secs]
17419.744: [GC (Allocation Failure)  360830K->9606K(1030144K), 0.0038817 secs]
17420.110: [GC (Allocation Failure)  351110K->9542K(1020928K), 0.0041647 secs]
17420.511: [GC (Allocation Failure)  341830K->9606K(1011712K), 0.0034832 secs]
17420.855: [GC (Allocation Failure)  332678K->9582K(1003008K), 0.0035259 secs]
17421.207: [GC (Allocation Failure)  323950K->9614K(994816K), 0.0029418 secs]
17421.534: [GC (Allocation Failure)  315790K->9614K(986624K), 0.0035992 secs]
17421.852: [GC (Allocation Failure)  307598K->9550K(1046528K), 0.0039843 secs]
17422.237: [GC (Allocation Failure)  367438K->9550K(1118208K), 0.0044161 secs]
17422.720: [GC (Allocation Failure)  439118K->9582K(1104896K), 0.0033466 secs]
17423.177: [GC (Allocation Failure)  425838K->9646K(1092096K), 0.0039265 secs]
17423.637: [GC (Allocation Failure)  413102K->9582K(1079808K), 0.0043214 secs]
17424.053: [GC (Allocation Failure)  400750K->9582K(1068032K), 0.0033188 secs]
17424.472: [GC (Allocation Failure)  388974K->9550K(1056768K), 0.0048550 secs]
17424.893: [GC (Allocation Failure)  377678K->9614K(1046016K), 0.0035579 secs]
17425.282: [GC (Allocation Failure)  366990K->9614K(1035776K), 0.0036485 secs]
17425.655: [GC (Allocation Failure)  356750K->9550K(1026048K), 0.0033302 secs]
17426.015: [GC (Allocation Failure)  346958K->9582K(1016832K), 0.0035293 secs]
17426.426: [GC (Allocation Failure)  337774K->9518K(1008128K), 0.0040793 secs]
17426.778: [GC (Allocation Failure)  329006K->9582K(999424K), 0.0028569 secs]
17427.126: [GC (Allocation Failure)  320366K->9550K(991232K), 0.0040132 secs]
17427.449: [GC (Allocation Failure)  312142K->9582K(983552K), 0.0035254 secs]
17427.767: [GC (Allocation Failure)  304494K->9614K(1042944K), 0.0034596 secs]
17428.146: [GC (Allocation Failure)  363918K->9614K(1032704K), 0.0035130 secs]
17428.511: [GC (Allocation Failure)  353678K->9550K(1101824K), 0.0041353 secs]
17428.985: [GC (Allocation Failure)  422734K->9550K(1089536K), 0.0040527 secs]
17429.451: [GC (Allocation Failure)  410446K->9550K(1077760K), 0.0036927 secs]
17429.871: [GC (Allocation Failure)  398670K->9582K(1066496K), 0.0043955 secs]
17430.277: [GC (Allocation Failure)  387438K->9646K(1055744K), 0.0033061 secs]
17430.678: [GC (Allocation Failure)  376750K->9590K(1044992K), 0.0033814 secs]
17431.056: [GC (Allocation Failure)  365942K->9590K(1034752K), 0.0034033 secs]
17431.425: [GC (Allocation Failure)  355702K->9622K(1025024K), 0.0033377 secs]
17431.803: [GC (Allocation Failure)  346006K->9590K(1015808K), 0.0039208 secs]
17432.163: [GC (Allocation Failure)  336758K->9558K(1081344K), 0.0046967 secs]
17432.608: [GC (Allocation Failure)  402262K->9622K(1069568K), 0.0033053 secs]
17433.016: [GC (Allocation Failure)  390550K->9566K(1058304K), 0.0042369 secs]
17433.444: [GC (Allocation Failure)  379230K->9598K(1047552K), 0.0042654 secs]
17433.879: [GC (Allocation Failure)  368510K->9598K(1037312K), 0.0035269 secs]
17434.268: [GC (Allocation Failure)  358270K->9598K(1027584K), 0.0039850 secs]
17434.631: [GC (Allocation Failure)  348542K->9598K(1018368K), 0.0033428 secs]
17435.013: [GC (Allocation Failure)  339326K->9566K(1009152K), 0.0044904 secs]
17435.355: [GC (Allocation Failure)  330078K->9566K(1073664K), 0.0042581 secs]
17435.783: [GC (Allocation Failure)  394590K->9566K(1062400K), 0.0035802 secs]
17436.183: [GC (Allocation Failure)  383326K->9598K(1051648K), 0.0035256 secs]
17436.571: [GC (Allocation Failure)  372606K->9662K(1041408K), 0.0034310 secs]
17436.949: [GC (Allocation Failure)  362430K->9630K(1031680K), 0.0028282 secs]
17437.314: [GC (Allocation Failure)  352670K->9598K(1021952K), 0.0038215 secs]
17437.671: [GC (Allocation Failure)  342910K->9598K(1089024K), 0.0046483 secs]
17438.120: [GC (Allocation Failure)  409982K->9598K(1077248K), 0.0035259 secs]
17438.532: [GC (Allocation Failure)  398206K->9598K(1065984K), 0.0035328 secs]
17438.932: [GC (Allocation Failure)  386942K->9598K(1055232K), 0.0032610 secs]
17439.392: [GC (Allocation Failure)  376190K->9566K(1044480K), 0.0043980 secs]
17439.772: [GC (Allocation Failure)  365406K->9598K(1034240K), 0.0039867 secs]
17440.199: [GC (Allocation Failure)  355198K->9598K(1024512K), 0.0035552 secs]
17440.557: [GC (Allocation Failure)  345470K->9598K(1015296K), 0.0034234 secs]
17440.901: [GC (Allocation Failure)  336254K->9598K(1006592K), 0.0037712 secs]
17441.240: [GC (Allocation Failure)  327550K->9598K(997888K), 0.0038979 secs]
17441.568: [GC (Allocation Failure)  318846K->9566K(1059840K), 0.0040407 secs]
17441.963: [GC (Allocation Failure)  380766K->9566K(1134080K), 0.0036255 secs]
17442.512: [GC (Allocation Failure)  455006K->9598K(1120256K), 0.0036920 secs]
17442.970: [GC (Allocation Failure)  441214K->9598K(1106944K), 0.0035042 secs]
17443.418: [GC (Allocation Failure)  427902K->9606K(1094144K), 0.0040886 secs]
17443.856: [GC (Allocation Failure)  415110K->9606K(1081856K), 0.0035952 secs]
17444.282: [GC (Allocation Failure)  402822K->9638K(1070080K), 0.0035126 secs]
17444.687: [GC (Allocation Failure)  391078K->9606K(1058816K), 0.0032693 secs]
17445.082: [GC (Allocation Failure)  379782K->9606K(1048064K), 0.0039154 secs]
17445.492: [GC (Allocation Failure)  369030K->9574K(1037824K), 0.0037568 secs]
17445.863: [GC (Allocation Failure)  358758K->9606K(1028096K), 0.0031550 secs]
17446.223: [GC (Allocation Failure)  349062K->9574K(1018880K), 0.0032993 secs]
17446.594: [GC (Allocation Failure)  339814K->9606K(1009664K), 0.0033153 secs]
17446.942: [GC (Allocation Failure)  330630K->9574K(1000960K), 0.0036688 secs]
17447.277: [GC (Allocation Failure)  321894K->9574K(992768K), 0.0034278 secs]
17447.602: [GC (Allocation Failure)  313702K->9582K(1053696K), 0.0048536 secs]
17448.007: [GC (Allocation Failure)  374638K->9582K(1126912K), 0.0034655 secs]
17448.469: [GC (Allocation Failure)  447854K->9646K(1113600K), 0.0030732 secs]
17448.937: [GC (Allocation Failure)  434606K->9614K(1100800K), 0.0038832 secs]
17449.376: [GC (Allocation Failure)  421774K->9614K(1088512K), 0.0036382 secs]
17449.818: [GC (Allocation Failure)  409486K->9614K(1076736K), 0.0037357 secs]
17450.232: [GC (Allocation Failure)  397710K->9614K(1065472K), 0.0031243 secs]
17450.673: [GC (Allocation Failure)  386446K->9614K(1054720K), 0.0041218 secs]
17451.071: [GC (Allocation Failure)  375694K->9654K(1044480K), 0.0036225 secs]
17451.451: [GC (Allocation Failure)  365494K->9622K(1034240K), 0.0033953 secs]
17451.820: [GC (Allocation Failure)  355222K->9590K(1024512K), 0.0036225 secs]
17452.176: [GC (Allocation Failure)  345462K->9622K(1015296K), 0.0036694 secs]
17452.522: [GC (Allocation Failure)  336278K->9622K(1006592K), 0.0035843 secs]
17452.911: [GC (Allocation Failure)  327574K->9622K(1070592K), 0.0048806 secs]
17453.341: [GC (Allocation Failure)  391574K->9622K(1059328K), 0.0034073 secs]
17453.737: [GC (Allocation Failure)  380310K->9622K(1048576K), 0.0036407 secs]
17454.121: [GC (Allocation Failure)  369558K->9622K(1038336K), 0.0032097 secs]
17454.496: [GC (Allocation Failure)  359318K->9622K(1028608K), 0.0037054 secs]
17454.861: [GC (Allocation Failure)  349590K->9654K(1019392K), 0.0034672 secs]
17455.218: [GC (Allocation Failure)  340406K->9654K(1010176K), 0.0030197 secs]
17455.561: [GC (Allocation Failure)  331190K->9590K(1001472K), 0.0036016 secs]
17455.895: [GC (Allocation Failure)  322422K->9654K(993280K), 0.0041041 secs]
17456.225: [GC (Allocation Failure)  314294K->9654K(1054208K), 0.0036721 secs]
17456.637: [GC (Allocation Failure)  375222K->9590K(1043968K), 0.0030780 secs]
17457.016: [GC (Allocation Failure)  364918K->9590K(1033728K), 0.0035909 secs]
17457.383: [GC (Allocation Failure)  354678K->9622K(1024000K), 0.0034080 secs]
17457.741: [GC (Allocation Failure)  344982K->9590K(1014784K), 0.0603790 secs]
17458.165: [GC (Allocation Failure)  335734K->9654K(1080320K), 0.0048814 secs]
17458.591: [GC (Allocation Failure)  401334K->9622K(1068544K), 0.0035440 secs]
17459.035: [GC (Allocation Failure)  389526K->9654K(1057280K), 0.0042878 secs]
17459.437: [GC (Allocation Failure)  378294K->9590K(1046528K), 0.0035566 secs]
17459.819: [GC (Allocation Failure)  367478K->9622K(1036288K), 0.0031706 secs]
17460.192: [GC (Allocation Failure)  357270K->9622K(1026560K), 0.0042454 secs]
17460.555: [GC (Allocation Failure)  347542K->9622K(1017344K), 0.0039824 secs]
17460.904: [GC (Allocation Failure)  338326K->9622K(1008640K), 0.0033746 secs]
17461.278: [GC (Allocation Failure)  329622K->9622K(999936K), 0.0037641 secs]
17461.628: [GC (Allocation Failure)  320918K->9622K(991744K), 0.0034123 secs]
17461.976: [GC (Allocation Failure)  312726K->9622K(984064K), 0.0033314 secs]
17462.292: [GC (Allocation Failure)  305046K->9590K(1043456K), 0.0039813 secs]
17462.680: [GC (Allocation Failure)  364406K->9622K(1033216K), 0.0035326 secs]
17463.057: [GC (Allocation Failure)  354198K->9590K(1102336K), 0.0048733 secs]
17463.496: [GC (Allocation Failure)  423286K->9622K(1185280K), 0.0042665 secs]
17464.031: [GC (Allocation Failure)  506262K->9622K(1169408K), 0.0034073 secs]
17464.611: [GC (Allocation Failure)  490390K->9622K(1154048K), 0.0036806 secs]
17465.109: [GC (Allocation Failure)  475030K->9622K(1139200K), 0.0048588 secs]
17465.619: [GC (Allocation Failure)  460182K->9622K(1125376K), 0.0029795 secs]
17466.087: [GC (Allocation Failure)  446358K->9622K(1112064K), 0.0039388 secs]
17466.558: [GC (Allocation Failure)  433046K->9558K(1099264K), 0.0050797 secs]
17467.000: [GC (Allocation Failure)  420182K->9590K(1086976K), 0.0033223 secs]
17467.426: [GC (Allocation Failure)  407926K->9622K(1075200K), 0.0042887 secs]
17467.838: [GC (Allocation Failure)  396182K->9590K(1063936K), 0.0047148 secs]
17468.268: [GC (Allocation Failure)  384886K->9622K(1053184K), 0.0035861 secs]
17468.655: [GC (Allocation Failure)  374166K->9622K(1042944K), 0.0041461 secs]
17469.056: [GC (Allocation Failure)  363926K->9590K(1032704K), 0.0041144 secs]
17469.424: [GC (Allocation Failure)  353654K->9622K(1022976K), 0.0035981 secs]
17469.779: [GC (Allocation Failure)  343958K->9630K(1090048K), 0.0044942 secs]
17470.211: [GC (Allocation Failure)  411038K->9630K(1078272K), 0.0035109 secs]
17470.640: [GC (Allocation Failure)  399262K->9598K(1067008K), 0.0036466 secs]
17471.042: [GC (Allocation Failure)  387966K->9598K(1056256K), 0.0046514 secs]
17471.464: [GC (Allocation Failure)  377214K->9630K(1045504K), 0.0039526 secs]
17471.849: [GC (Allocation Failure)  366494K->9630K(1035264K), 0.0031816 secs]
17472.219: [GC (Allocation Failure)  356254K->9630K(1025536K), 0.0040991 secs]
17472.584: [GC (Allocation Failure)  346526K->9638K(1016320K), 0.0039108 secs]
17472.948: [GC (Allocation Failure)  337318K->9638K(1007616K), 0.0037221 secs]
17473.289: [GC (Allocation Failure)  328614K->9606K(1071616K), 0.0048771 secs]
17473.728: [GC (Allocation Failure)  392582K->9638K(1060352K), 0.0031416 secs]
17474.127: [GC (Allocation Failure)  381350K->9646K(1049600K), 0.0039008 secs]
17474.514: [GC (Allocation Failure)  370606K->9646K(1039360K), 0.0034183 secs]
17474.886: [GC (Allocation Failure)  360366K->9646K(1029632K), 0.0040770 secs]
17475.251: [GC (Allocation Failure)  350638K->9678K(1020416K), 0.0032560 secs]
17475.603: [GC (Allocation Failure)  341454K->9646K(1011200K), 0.0038496 secs]
17475.963: [GC (Allocation Failure)  332206K->9614K(1075712K), 0.0053884 secs]
17476.380: [GC (Allocation Failure)  396686K->9646K(1153536K), 0.0034389 secs]
17476.876: [GC (Allocation Failure)  474542K->9646K(1138688K), 0.0033146 secs]
17477.392: [GC (Allocation Failure)  459694K->9614K(1124864K), 0.0045013 secs]
17477.887: [GC (Allocation Failure)  445838K->9646K(1111552K), 0.0042481 secs]
17478.345: [GC (Allocation Failure)  432558K->9646K(1098752K), 0.0043800 secs]
17478.800: [GC (Allocation Failure)  419758K->9646K(1086464K), 0.0040030 secs]
17479.229: [GC (Allocation Failure)  407470K->9646K(1074688K), 0.0034048 secs]
17479.641: [GC (Allocation Failure)  395694K->9614K(1063424K), 0.0041770 secs]
17480.043: [GC (Allocation Failure)  384398K->9614K(1052672K), 0.0035175 secs]
17480.449: [GC (Allocation Failure)  373646K->9646K(1042432K), 0.0044532 secs]
17480.831: [GC (Allocation Failure)  363438K->9614K(1032704K), 0.0035753 secs]
17481.200: [GC (Allocation Failure)  353678K->9614K(1022976K), 0.0035186 secs]
17481.585: [GC (Allocation Failure)  343950K->9646K(1013760K), 0.0037994 secs]
17481.959: [GC (Allocation Failure)  334766K->9646K(1005056K), 0.0044568 secs]
17482.324: [GC (Allocation Failure)  326062K->9678K(996352K), 0.0035881 secs]
17482.653: [GC (Allocation Failure)  317390K->9614K(1058304K), 0.0036663 secs]
17483.069: [GC (Allocation Failure)  379278K->9614K(1047552K), 0.0035313 secs]
17483.451: [GC (Allocation Failure)  368526K->9646K(1037312K), 0.0034546 secs]
17483.854: [GC (Allocation Failure)  358318K->9654K(1027584K), 0.0036651 secs]
17484.218: [GC (Allocation Failure)  348598K->9654K(1018368K), 0.0035529 secs]
17484.571: [GC (Allocation Failure)  339382K->9686K(1009152K), 0.0036563 secs]
17484.913: [GC (Allocation Failure)  330198K->9622K(1000448K), 0.0038250 secs]
17485.249: [GC (Allocation Failure)  321430K->9622K(1062912K), 0.0040390 secs]
17485.647: [GC (Allocation Failure)  383894K->9654K(1052160K), 0.0032499 secs]
17486.103: [GC (Allocation Failure)  373174K->9654K(1041920K), 0.0030912 secs]
17486.480: [GC (Allocation Failure)  362934K->9654K(1032192K), 0.0030952 secs]
17486.857: [GC (Allocation Failure)  353206K->9654K(1022464K), 0.0039162 secs]
17487.234: [GC (Allocation Failure)  343478K->9686K(1013248K), 0.0032428 secs]
17487.623: [GC (Allocation Failure)  334294K->9686K(1004544K), 0.0036539 secs]
17487.977: [GC (Allocation Failure)  325590K->9654K(996352K), 0.0034962 secs]
17488.308: [GC (Allocation Failure)  317366K->9622K(988160K), 0.0040536 secs]
17488.633: [GC (Allocation Failure)  309142K->9654K(1048064K), 0.0036581 secs]
17489.017: [GC (Allocation Failure)  369078K->9654K(1037824K), 0.0027381 secs]
17489.408: [GC (Allocation Failure)  358838K->9622K(1028096K), 0.0038313 secs]
17489.784: [GC (Allocation Failure)  349078K->9718K(1018880K), 0.0043942 secs]
17490.146: [GC (Allocation Failure)  339958K->9622K(1009664K), 0.0033917 secs]
17490.489: [GC (Allocation Failure)  330646K->9622K(1000960K), 0.0034018 secs]
17490.824: [GC (Allocation Failure)  321942K->9622K(992768K), 0.0032296 secs]
17491.150: [GC (Allocation Failure)  313750K->9622K(1053696K), 0.0037905 secs]
17491.540: [GC (Allocation Failure)  374678K->9654K(1043456K), 0.0032627 secs]
17491.926: [GC (Allocation Failure)  364470K->9622K(1114624K), 0.0048005 secs]
17492.382: [GC (Allocation Failure)  435606K->9686K(1101824K), 0.0032568 secs]
17492.821: [GC (Allocation Failure)  422870K->9622K(1089536K), 0.0033138 secs]
17493.250: [GC (Allocation Failure)  410518K->9622K(1077760K), 0.0028929 secs]
17493.687: [GC (Allocation Failure)  398742K->9686K(1066496K), 0.0033703 secs]
17494.110: [GC (Allocation Failure)  387542K->9686K(1055744K), 0.0029923 secs]
17494.504: [GC (Allocation Failure)  376790K->9654K(1044992K), 0.0040827 secs]
17494.902: [GC (Allocation Failure)  366006K->9654K(1034752K), 0.0056568 secs]
17495.287: [GC (Allocation Failure)  355766K->9654K(1025024K), 0.0033429 secs]
17495.644: [GC (Allocation Failure)  346038K->9622K(1015808K), 0.0034142 secs]
17496.035: [GC (Allocation Failure)  336790K->9654K(1007104K), 0.0031822 secs]
17496.392: [GC (Allocation Failure)  328118K->9654K(998400K), 0.0028157 secs]
17496.726: [GC (Allocation Failure)  319414K->9654K(990208K), 0.0032869 secs]
17497.048: [GC (Allocation Failure)  311222K->9654K(982528K), 0.0026944 secs]
17497.369: [GC (Allocation Failure)  303542K->9686K(974848K), 0.0033046 secs]
17497.676: [GC (Allocation Failure)  295894K->9622K(967680K), 0.0039658 secs]
17498.009: [GC (Allocation Failure)  288662K->9654K(1023488K), 0.0037034 secs]
17498.388: [GC (Allocation Failure)  344502K->9622K(1014272K), 0.0035082 secs]
17498.737: [GC (Allocation Failure)  335254K->9622K(1005568K), 0.0036277 secs]
17499.151: [GC (Allocation Failure)  326550K->9654K(996864K), 0.0037176 secs]
17499.482: [GC (Allocation Failure)  317878K->9654K(988672K), 0.0037442 secs]
17499.872: [GC (Allocation Failure)  309686K->9622K(980992K), 0.0036834 secs]
17500.212: [GC (Allocation Failure)  301974K->9654K(973312K), 0.0035304 secs]
17500.516: [GC (Allocation Failure)  294326K->9654K(1030656K), 0.0036098 secs]
17500.903: [GC (Allocation Failure)  351670K->9686K(1020928K), 0.0034943 secs]
17501.292: [GC (Allocation Failure)  341974K->9654K(1011712K), 0.0032031 secs]
17501.636: [GC (Allocation Failure)  332726K->9686K(1003008K), 0.0035428 secs]
17501.985: [GC (Allocation Failure)  324054K->9686K(994816K), 0.0035215 secs]
17502.318: [GC (Allocation Failure)  315862K->9654K(986624K), 0.0037098 secs]
17502.637: [GC (Allocation Failure)  307638K->9654K(1046528K), 0.0041204 secs]
17503.042: [GC (Allocation Failure)  367542K->9622K(1036288K), 0.0030312 secs]
17503.524: [GC (Allocation Failure)  357270K->9654K(1026560K), 0.0031957 secs]
17503.882: [GC (Allocation Failure)  347574K->9622K(1017344K), 0.0030266 secs]
17504.230: [GC (Allocation Failure)  338326K->9654K(1008640K), 0.0032836 secs]
17504.568: [GC (Allocation Failure)  329654K->9654K(999936K), 0.0030895 secs]
17504.900: [GC (Allocation Failure)  320950K->9654K(991744K), 0.0031547 secs]
17505.243: [GC (Allocation Failure)  312758K->9622K(1052672K), 0.0048656 secs]
17505.650: [GC (Allocation Failure)  373654K->9622K(1042432K), 0.0031686 secs]
17506.048: [GC (Allocation Failure)  363414K->9654K(1032704K), 0.0036317 secs]
17506.419: [GC (Allocation Failure)  353718K->9654K(1022976K), 0.0034030 secs]
17506.777: [GC (Allocation Failure)  343990K->9686K(1013760K), 0.0031577 secs]
17507.125: [GC (Allocation Failure)  334806K->9654K(1005056K), 0.0033921 secs]
17507.487: [GC (Allocation Failure)  326070K->9622K(996352K), 0.0039801 secs]
17507.843: [GC (Allocation Failure)  317334K->9654K(1058304K), 0.0046048 secs]
17508.295: [GC (Allocation Failure)  379318K->9654K(1047552K), 0.0034772 secs]
17508.706: [GC (Allocation Failure)  368566K->9654K(1037312K), 0.0038004 secs]
17509.077: [GC (Allocation Failure)  358326K->9654K(1027584K), 0.0034866 secs]
17509.500: [GC (Allocation Failure)  348598K->9654K(1018368K), 0.0027492 secs]
17509.854: [GC (Allocation Failure)  339382K->9654K(1009152K), 0.0033634 secs]
17510.198: [GC (Allocation Failure)  330166K->9654K(1000448K), 0.0032945 secs]
17510.532: [GC (Allocation Failure)  321462K->9654K(992256K), 0.0035695 secs]
17510.884: [GC (Allocation Failure)  313270K->9654K(984064K), 0.0031644 secs]
17511.198: [GC (Allocation Failure)  305078K->9654K(976384K), 0.0031449 secs]
17511.512: [GC (Allocation Failure)  297398K->9686K(969216K), 0.0033289 secs]
17511.812: [GC (Allocation Failure)  290262K->9654K(962048K), 0.0032579 secs]
17512.104: [GC (Allocation Failure)  283062K->9622K(1016832K), 0.0034409 secs]
17512.452: [GC (Allocation Failure)  337814K->9622K(1082880K), 0.0042039 secs]
17512.878: [GC (Allocation Failure)  403862K->9654K(1071104K), 0.0030459 secs]
17513.285: [GC (Allocation Failure)  392118K->9686K(1059840K), 0.0033708 secs]
17513.681: [GC (Allocation Failure)  380886K->9654K(1049088K), 0.0032563 secs]
17514.088: [GC (Allocation Failure)  370102K->9622K(1038848K), 0.0030438 secs]
17514.477: [GC (Allocation Failure)  359830K->9654K(1029120K), 0.0030214 secs]
17514.840: [GC (Allocation Failure)  350134K->9622K(1019904K), 0.0037140 secs]
17515.231: [GC (Allocation Failure)  340886K->9654K(1010688K), 0.0049485 secs]
17515.574: [GC (Allocation Failure)  331702K->9654K(1001984K), 0.0038093 secs]
17515.911: [GC (Allocation Failure)  322998K->9622K(993792K), 0.0034574 secs]
17516.235: [GC (Allocation Failure)  314774K->9686K(1055232K), 0.0035355 secs]
17516.627: [GC (Allocation Failure)  376278K->9654K(1044480K), 0.0036381 secs]
17517.036: [GC (Allocation Failure)  365494K->9654K(1034240K), 0.0035993 secs]
17517.407: [GC (Allocation Failure)  355254K->9654K(1024512K), 0.0030104 secs]
17517.784: [GC (Allocation Failure)  345526K->9654K(1015296K), 0.0033808 secs]
17518.146: [GC (Allocation Failure)  336310K->9686K(1006592K), 0.0032502 secs]
17518.485: [GC (Allocation Failure)  327638K->9686K(997888K), 0.0032173 secs]
17518.815: [GC (Allocation Failure)  318934K->9686K(989696K), 0.0031875 secs]
17519.194: [GC (Allocation Failure)  310742K->9654K(982016K), 0.0034984 secs]
17519.508: [GC (Allocation Failure)  303030K->9654K(974336K), 0.0038781 secs]
17519.815: [GC (Allocation Failure)  295350K->9622K(967168K), 0.0031836 secs]
17520.138: [GC (Allocation Failure)  288150K->9654K(1022976K), 0.0039176 secs]
17520.512: [GC (Allocation Failure)  343990K->9686K(1013760K), 0.0027519 secs]
17520.855: [GC (Allocation Failure)  334806K->9654K(1005056K), 0.0026867 secs]
17521.190: [GC (Allocation Failure)  326070K->9654K(996352K), 0.0034238 secs]
17521.515: [GC (Allocation Failure)  317366K->9654K(988160K), 0.0034644 secs]
17521.833: [GC (Allocation Failure)  309174K->9654K(980480K), 0.0036108 secs]
17522.168: [GC (Allocation Failure)  301494K->9726K(972800K), 0.0030402 secs]
17522.486: [GC (Allocation Failure)  293886K->9662K(1029632K), 0.0037479 secs]
17522.892: [GC (Allocation Failure)  350654K->9662K(1020416K), 0.0217528 secs]
17523.291: [GC (Allocation Failure)  341438K->9694K(1011200K), 0.0034856 secs]
17523.636: [GC (Allocation Failure)  332254K->9630K(1075712K), 0.0039382 secs]
17524.054: [GC (Allocation Failure)  396702K->9662K(1064448K), 0.0039693 secs]
17524.473: [GC (Allocation Failure)  385470K->9630K(1053696K), 0.0041598 secs]
17524.883: [GC (Allocation Failure)  374686K->9694K(1043456K), 0.0033040 secs]
17525.298: [GC (Allocation Failure)  364510K->9662K(1033216K), 0.0036769 secs]
17525.694: [GC (Allocation Failure)  354238K->9662K(1023488K), 0.0040600 secs]
17526.053: [GC (Allocation Failure)  344510K->9662K(1090560K), 0.0046840 secs]
17526.529: [GC (Allocation Failure)  411582K->9662K(1078784K), 0.0036843 secs]
17526.942: [GC (Allocation Failure)  399806K->9694K(1067520K), 0.0031560 secs]
17527.350: [GC (Allocation Failure)  388574K->9662K(1056256K), 0.0040264 secs]
17527.741: [GC (Allocation Failure)  377278K->9662K(1045504K), 0.0036360 secs]
17528.143: [GC (Allocation Failure)  366526K->9630K(1035264K), 0.0039947 secs]
17528.531: [GC (Allocation Failure)  356254K->9630K(1025536K), 0.0037044 secs]
17528.910: [GC (Allocation Failure)  346526K->9662K(1016320K), 0.0035521 secs]
17529.268: [GC (Allocation Failure)  337342K->9630K(1081856K), 0.0050383 secs]
17529.723: [GC (Allocation Failure)  402846K->9694K(1070080K), 0.0037673 secs]
17530.139: [GC (Allocation Failure)  391134K->9662K(1058816K), 0.0040137 secs]
17530.533: [GC (Allocation Failure)  379838K->9694K(1048064K), 0.0035657 secs]
17530.917: [GC (Allocation Failure)  369118K->9694K(1037824K), 0.0043701 secs]
17531.310: [GC (Allocation Failure)  358878K->9662K(1028096K), 0.0038675 secs]
17531.690: [GC (Allocation Failure)  349118K->9662K(1018880K), 0.0035576 secs]
17532.054: [GC (Allocation Failure)  339902K->9630K(1009664K), 0.0040041 secs]
17532.397: [GC (Allocation Failure)  330654K->9662K(1000960K), 0.0034047 secs]
17532.730: [GC (Allocation Failure)  321982K->9662K(992768K), 0.0033797 secs]
17533.056: [GC (Allocation Failure)  313790K->9630K(984576K), 0.0034006 secs]
17533.373: [GC (Allocation Failure)  305566K->9662K(1043968K), 0.0034060 secs]
17533.753: [GC (Allocation Failure)  364990K->9662K(1033728K), 0.0035049 secs]
17534.150: [GC (Allocation Failure)  354750K->9662K(1024000K), 0.0031760 secs]
17534.513: [GC (Allocation Failure)  345022K->9662K(1014784K), 0.0038552 secs]
17534.892: [GC (Allocation Failure)  335806K->9630K(1006080K), 0.0035453 secs]
17535.232: [GC (Allocation Failure)  327070K->9662K(997376K), 0.0032943 secs]
17535.562: [GC (Allocation Failure)  318398K->9694K(1059328K), 0.0039719 secs]
17535.964: [GC (Allocation Failure)  380382K->9662K(1048576K), 0.0034382 secs]
17536.349: [GC (Allocation Failure)  369598K->9630K(1038336K), 0.0036111 secs]
17536.724: [GC (Allocation Failure)  359326K->9662K(1028608K), 0.0035059 secs]
17537.114: [GC (Allocation Failure)  349630K->9630K(1019392K), 0.0032130 secs]
17537.465: [GC (Allocation Failure)  340382K->9662K(1010176K), 0.0034799 secs]
17537.806: [GC (Allocation Failure)  331198K->9662K(1001472K), 0.0032121 secs]
17538.154: [GC (Allocation Failure)  322494K->9630K(993280K), 0.0033986 secs]
17538.477: [GC (Allocation Failure)  314270K->9662K(985088K), 0.0036741 secs]
17538.790: [GC (Allocation Failure)  306110K->9662K(977408K), 0.0031428 secs]
17539.096: [GC (Allocation Failure)  298430K->9662K(970240K), 0.0030699 secs]
17539.400: [GC (Allocation Failure)  291262K->9630K(963072K), 0.0032315 secs]
17539.707: [GC (Allocation Failure)  284062K->9630K(1018368K), 0.0046547 secs]
17540.095: [GC (Allocation Failure)  339358K->9662K(1084416K), 0.0036290 secs]
17540.545: [GC (Allocation Failure)  405438K->9662K(1072640K), 0.0035584 secs]
17540.955: [GC (Allocation Failure)  393662K->9662K(1061376K), 0.0033397 secs]
17541.356: [GC (Allocation Failure)  382398K->9630K(1050624K), 0.0033857 secs]
17541.744: [GC (Allocation Failure)  371614K->9662K(1040384K), 0.0033073 secs]
17542.141: [GC (Allocation Failure)  361406K->9630K(1030656K), 0.0031774 secs]
17542.503: [GC (Allocation Failure)  351646K->9662K(1020928K), 0.0033000 secs]
17542.859: [GC (Allocation Failure)  341950K->9662K(1011712K), 0.0028172 secs]
17543.217: [GC (Allocation Failure)  332734K->9630K(1003008K), 0.0032908 secs]
17543.553: [GC (Allocation Failure)  323998K->9662K(994816K), 0.0032161 secs]
17543.880: [GC (Allocation Failure)  315838K->9662K(986624K), 0.0031430 secs]
17544.197: [GC (Allocation Failure)  307646K->9630K(978944K), 0.0030786 secs]
17544.508: [GC (Allocation Failure)  299934K->9662K(971264K), 0.0035805 secs]
17544.816: [GC (Allocation Failure)  292286K->9662K(964096K), 0.0031101 secs]
17545.138: [GC (Allocation Failure)  285118K->9694K(957440K), 0.0035642 secs]
17545.425: [GC (Allocation Failure)  278494K->9662K(1011200K), 0.0034165 secs]
17545.773: [GC (Allocation Failure)  332222K->9694K(1075712K), 0.0036527 secs]
17546.205: [GC (Allocation Failure)  396766K->9630K(1064448K), 0.0033244 secs]
17546.606: [GC (Allocation Failure)  385438K->9662K(1053696K), 0.0033179 secs]
17546.994: [GC (Allocation Failure)  374718K->9694K(1043456K), 0.0030727 secs]
17547.401: [GC (Allocation Failure)  364510K->9630K(1033216K), 0.0031788 secs]
17547.767: [GC (Allocation Failure)  354206K->9662K(1023488K), 0.0032054 secs]
17548.126: [GC (Allocation Failure)  344510K->9662K(1014272K), 0.0031392 secs]
17548.475: [GC (Allocation Failure)  335294K->9662K(1005568K), 0.0036472 secs]
17548.820: [GC (Allocation Failure)  326590K->9662K(996864K), 0.0040081 secs]
17549.153: [GC (Allocation Failure)  317886K->9662K(988672K), 0.0039107 secs]
17549.488: [GC (Allocation Failure)  309694K->9630K(980992K), 0.0034595 secs]
17549.820: [GC (Allocation Failure)  301982K->9630K(973312K), 0.0034274 secs]
17550.186: [GC (Allocation Failure)  294302K->9630K(966144K), 0.0037259 secs]
17550.483: [GC (Allocation Failure)  287134K->9662K(1021952K), 0.0033118 secs]
17550.837: [GC (Allocation Failure)  342974K->9662K(1012736K), 0.0034774 secs]
17551.194: [GC (Allocation Failure)  333758K->9662K(1077760K), 0.0042497 secs]
17551.619: [GC (Allocation Failure)  398782K->9694K(1066496K), 0.0033469 secs]
17552.037: [GC (Allocation Failure)  387550K->9630K(1055744K), 0.0034486 secs]
17552.436: [GC (Allocation Failure)  376734K->9630K(1044992K), 0.0036763 secs]
17552.836: [GC (Allocation Failure)  365982K->9662K(1034752K), 0.0031507 secs]
17553.205: [GC (Allocation Failure)  355774K->9662K(1025024K), 0.0040165 secs]
17553.570: [GC (Allocation Failure)  346046K->9662K(1015808K), 0.0039576 secs]
17553.941: [GC (Allocation Failure)  336830K->9662K(1007104K), 0.0036684 secs]
17554.283: [GC (Allocation Failure)  328126K->9662K(998400K), 0.0036102 secs]
17554.614: [GC (Allocation Failure)  319422K->9662K(1060352K), 0.0042240 secs]
17555.011: [GC (Allocation Failure)  381374K->9694K(1049600K), 0.0029569 secs]
17555.446: [GC (Allocation Failure)  370654K->9630K(1039360K), 0.0039048 secs]
17555.823: [GC (Allocation Failure)  360350K->9662K(1029632K), 0.0033416 secs]
17556.183: [GC (Allocation Failure)  350654K->9662K(1020416K), 0.0034285 secs]
17556.558: [GC (Allocation Failure)  341438K->9662K(1011200K), 0.0033574 secs]
17556.904: [GC (Allocation Failure)  332222K->9630K(1002496K), 0.0034208 secs]
17557.242: [GC (Allocation Failure)  323486K->9662K(994304K), 0.0033218 secs]
17557.570: [GC (Allocation Failure)  315326K->9662K(986112K), 0.0034730 secs]
17557.892: [GC (Allocation Failure)  307134K->9630K(978432K), 0.0167480 secs]
17558.237: [GC (Allocation Failure)  299422K->9662K(971264K), 0.0031059 secs]
17558.547: [GC (Allocation Failure)  292286K->9630K(1028096K), 0.0037621 secs]
17558.949: [GC (Allocation Failure)  349086K->9662K(1018880K), 0.0034409 secs]
17559.304: [GC (Allocation Failure)  339902K->9662K(1084928K), 0.0043918 secs]
17559.767: [GC (Allocation Failure)  405950K->9726K(1073152K), 0.0041012 secs]
17560.191: [GC (Allocation Failure)  394238K->9662K(1061888K), 0.0034535 secs]
17560.609: [GC (Allocation Failure)  382910K->9662K(1051136K), 0.0036827 secs]
17560.993: [GC (Allocation Failure)  372158K->9630K(1040896K), 0.0041357 secs]
17561.375: [GC (Allocation Failure)  361886K->9662K(1031168K), 0.0034863 secs]
17561.748: [GC (Allocation Failure)  352190K->9662K(1021440K), 0.0034993 secs]
17562.115: [GC (Allocation Failure)  342462K->9694K(1012224K), 0.0038659 secs]
17562.480: [GC (Allocation Failure)  333278K->9662K(1003520K), 0.0032845 secs]
17562.816: [GC (Allocation Failure)  324542K->9630K(995328K), 0.0033650 secs]
17563.147: [GC (Allocation Failure)  316318K->9630K(987136K), 0.0033420 secs]
17563.478: [GC (Allocation Failure)  308126K->9630K(979456K), 0.0034603 secs]
17563.790: [GC (Allocation Failure)  300446K->9662K(1037824K), 0.0036574 secs]
17564.161: [GC (Allocation Failure)  358846K->9662K(1028096K), 0.0032817 secs]
17564.524: [GC (Allocation Failure)  349118K->9662K(1018880K), 0.0032943 secs]
17564.875: [GC (Allocation Failure)  339902K->9662K(1009664K), 0.0031470 secs]
17565.218: [GC (Allocation Failure)  330686K->9630K(1000960K), 0.0033679 secs]
17565.552: [GC (Allocation Failure)  321950K->9662K(992768K), 0.0035487 secs]
17565.879: [GC (Allocation Failure)  313790K->9662K(984576K), 0.0032128 secs]
17566.194: [GC (Allocation Failure)  305598K->9662K(976896K), 0.0029918 secs]
17566.502: [GC (Allocation Failure)  297918K->9662K(969728K), 0.0035352 secs]
17566.802: [GC (Allocation Failure)  290750K->9630K(1026048K), 0.0040390 secs]
17567.165: [GC (Allocation Failure)  347038K->9662K(1093632K), 0.0036035 secs]
17567.595: [GC (Allocation Failure)  414654K->9662K(1081344K), 0.0038054 secs]
17568.016: [GC (Allocation Failure)  402366K->9662K(1069568K), 0.0036037 secs]
17568.422: [GC (Allocation Failure)  390590K->9662K(1058304K), 0.0034911 secs]
17568.818: [GC (Allocation Failure)  379326K->9630K(1047552K), 0.0034274 secs]
17569.220: [GC (Allocation Failure)  368542K->9694K(1037312K), 0.0035916 secs]
17569.613: [GC (Allocation Failure)  358366K->9630K(1027584K), 0.0033687 secs]
17569.974: [GC (Allocation Failure)  348574K->9662K(1018368K), 0.0033412 secs]
17570.327: [GC (Allocation Failure)  339390K->9630K(1009152K), 0.0032704 secs]
17570.704: [GC (Allocation Failure)  330142K->9630K(1000448K), 0.0039267 secs]
17571.040: [GC (Allocation Failure)  321438K->9630K(992256K), 0.0036636 secs]
17571.363: [GC (Allocation Failure)  313246K->9662K(984064K), 0.0031161 secs]
17571.687: [GC (Allocation Failure)  305086K->9662K(976384K), 0.0033569 secs]
17571.994: [GC (Allocation Failure)  297406K->9726K(1034240K), 0.0037470 secs]
17572.361: [GC (Allocation Failure)  355326K->9662K(1024512K), 0.0036842 secs]
17572.716: [GC (Allocation Failure)  345534K->9630K(1092096K), 0.0037681 secs]
17573.150: [GC (Allocation Failure)  413086K->9662K(1079808K), 0.0035825 secs]
17573.569: [GC (Allocation Failure)  400830K->9694K(1068032K), 0.0034640 secs]
17573.974: [GC (Allocation Failure)  389086K->9662K(1056768K), 0.0027977 secs]
17574.385: [GC (Allocation Failure)  377790K->9662K(1046016K), 0.0033959 secs]
17574.767: [GC (Allocation Failure)  367038K->9694K(1035776K), 0.0037400 secs]
17575.141: [GC (Allocation Failure)  356830K->9662K(1026048K), 0.0037374 secs]
17575.506: [GC (Allocation Failure)  347070K->9662K(1016832K), 0.0037342 secs]
17575.856: [GC (Allocation Failure)  337854K->9662K(1008128K), 0.0033656 secs]
17576.198: [GC (Allocation Failure)  329150K->9630K(999424K), 0.0042718 secs]
17576.536: [GC (Allocation Failure)  320414K->9662K(991232K), 0.0029126 secs]
17576.901: [GC (Allocation Failure)  312254K->9694K(983552K), 0.0035499 secs]
17577.223: [GC (Allocation Failure)  304606K->9662K(975872K), 0.0037028 secs]
17577.530: [GC (Allocation Failure)  296894K->9662K(1033728K), 0.0033839 secs]
17577.896: [GC (Allocation Failure)  354750K->9630K(1024000K), 0.0030837 secs]
17578.253: [GC (Allocation Failure)  344990K->9630K(1014784K), 0.0034275 secs]
17578.605: [GC (Allocation Failure)  335774K->9630K(1006080K), 0.0033046 secs]
17578.945: [GC (Allocation Failure)  327070K->9630K(997376K), 0.0032555 secs]
17579.278: [GC (Allocation Failure)  318366K->9630K(989184K), 0.0035327 secs]
17579.620: [GC (Allocation Failure)  310174K->9662K(981504K), 0.0033604 secs]
17579.933: [GC (Allocation Failure)  302526K->9662K(973824K), 0.0033951 secs]
17580.268: [GC (Allocation Failure)  294846K->9662K(966656K), 0.0034614 secs]
17580.565: [GC (Allocation Failure)  287678K->9662K(1022464K), 0.0038750 secs]
17580.967: [GC (Allocation Failure)  343486K->9630K(1013248K), 0.0035111 secs]
17581.315: [GC (Allocation Failure)  334238K->9662K(1004544K), 0.0033071 secs]
17581.664: [GC (Allocation Failure)  325566K->9630K(996352K), 0.0035304 secs]
17581.993: [GC (Allocation Failure)  317342K->9630K(988160K), 0.0030188 secs]
17582.312: [GC (Allocation Failure)  309150K->9630K(980480K), 0.0036290 secs]
17582.625: [GC (Allocation Failure)  301470K->9662K(1038848K), 0.0038884 secs]
17583.014: [GC (Allocation Failure)  359870K->9662K(1029120K), 0.0031085 secs]
17583.377: [GC (Allocation Failure)  350142K->9694K(1019904K), 0.0034004 secs]
17583.728: [GC (Allocation Failure)  340958K->9662K(1010688K), 0.0036352 secs]
17584.071: [GC (Allocation Failure)  331710K->9694K(1001984K), 0.0034006 secs]
17584.405: [GC (Allocation Failure)  323038K->9662K(993792K), 0.0032760 secs]
17584.747: [GC (Allocation Failure)  314814K->9630K(985600K), 0.0034305 secs]
17585.065: [GC (Allocation Failure)  306590K->9662K(977920K), 0.0034714 secs]
17585.375: [GC (Allocation Failure)  298942K->9630K(970752K), 0.0030233 secs]
17585.678: [GC (Allocation Failure)  291742K->9662K(963584K), 0.0032062 secs]
17585.997: [GC (Allocation Failure)  284606K->9630K(1018880K), 0.0052647 secs]
17586.351: [GC (Allocation Failure)  339870K->9694K(1084928K), 0.0030943 secs]
17586.774: [GC (Allocation Failure)  405982K->9694K(1073152K), 0.0034312 secs]
17587.202: [GC (Allocation Failure)  394206K->9694K(1061888K), 0.0029296 secs]
17587.601: [GC (Allocation Failure)  382942K->9662K(1051136K), 0.0034553 secs]
17587.988: [GC (Allocation Failure)  372158K->9662K(1040896K), 0.0032895 secs]
17588.363: [GC (Allocation Failure)  361918K->9694K(1031168K), 0.0031202 secs]
17588.744: [GC (Allocation Failure)  352222K->9662K(1021440K), 0.0034859 secs]
17589.101: [GC (Allocation Failure)  342462K->9630K(1012224K), 0.0035438 secs]
17589.473: [GC (Allocation Failure)  333214K->9662K(1003520K), 0.0029971 secs]
17589.806: [GC (Allocation Failure)  324542K->9662K(995328K), 0.0031913 secs]
17590.131: [GC (Allocation Failure)  316350K->9694K(987136K), 0.0035234 secs]
17590.450: [GC (Allocation Failure)  308190K->9662K(979456K), 0.0034835 secs]
17590.762: [GC (Allocation Failure)  300478K->9662K(971776K), 0.0034878 secs]
17591.116: [GC (Allocation Failure)  292798K->9662K(964608K), 0.0034821 secs]
17591.412: [GC (Allocation Failure)  285630K->9662K(1019904K), 0.0035098 secs]
17591.766: [GC (Allocation Failure)  340926K->9662K(1086464K), 0.0036077 secs]
17592.188: [GC (Allocation Failure)  407486K->9662K(1074688K), 0.0036040 secs]
17592.608: [GC (Allocation Failure)  395710K->9662K(1063424K), 0.0029571 secs]
17593.009: [GC (Allocation Failure)  384446K->9630K(1052672K), 0.0034355 secs]
17593.403: [GC (Allocation Failure)  373662K->9662K(1042432K), 0.0036553 secs]
17593.784: [GC (Allocation Failure)  363454K->9662K(1032704K), 0.0033072 secs]
17594.151: [GC (Allocation Failure)  353726K->9662K(1022976K), 0.0031874 secs]
17594.508: [GC (Allocation Failure)  343998K->9662K(1013760K), 0.0032136 secs]
17594.857: [GC (Allocation Failure)  334782K->9662K(1005056K), 0.0041412 secs]
17595.200: [GC (Allocation Failure)  326078K->9662K(996352K), 0.0035222 secs]
17595.528: [GC (Allocation Failure)  317374K->9662K(988160K), 0.0029399 secs]
17595.856: [GC (Allocation Failure)  309182K->9694K(980480K), 0.0035550 secs]
17596.190: [GC (Allocation Failure)  301534K->9662K(972800K), 0.0033945 secs]
17596.494: [GC (Allocation Failure)  293822K->9694K(965632K), 0.0034677 secs]
17596.790: [GC (Allocation Failure)  286686K->9630K(1021440K), 0.0035389 secs]
17597.145: [GC (Allocation Failure)  342430K->9662K(1088000K), 0.0034075 secs]
17597.571: [GC (Allocation Failure)  409022K->9662K(1076224K), 0.0036689 secs]
17597.990: [GC (Allocation Failure)  397246K->9630K(1064960K), 0.0032775 secs]
17598.392: [GC (Allocation Failure)  385950K->9694K(1054208K), 0.0032579 secs]
17598.780: [GC (Allocation Failure)  375262K->9662K(1043968K), 0.0038892 secs]
17599.161: [GC (Allocation Failure)  364990K->9662K(1033728K), 0.0042615 secs]
17599.551: [GC (Allocation Failure)  354750K->9630K(1024000K), 0.0030421 secs]
17599.908: [GC (Allocation Failure)  344990K->9662K(1014784K), 0.0035211 secs]
17600.256: [GC (Allocation Failure)  335806K->9662K(1006080K), 0.0036687 secs]
17600.598: [GC (Allocation Failure)  327102K->9662K(997376K), 0.0037615 secs]
17600.930: [GC (Allocation Failure)  318398K->9630K(989184K), 0.0030369 secs]
17601.274: [GC (Allocation Failure)  310174K->9662K(981504K), 0.0033428 secs]
17601.584: [GC (Allocation Failure)  302526K->9662K(973824K), 0.0036911 secs]
17601.890: [GC (Allocation Failure)  294846K->9662K(966656K), 0.0031862 secs]
17602.188: [GC (Allocation Failure)  287678K->9662K(959488K), 0.0031552 secs]
17602.477: [GC (Allocation Failure)  280510K->9662K(1013760K), 0.0031005 secs]
17602.824: [GC (Allocation Failure)  334782K->9630K(1078784K), 0.0042047 secs]
17603.244: [GC (Allocation Failure)  399774K->9662K(1157120K), 0.0038343 secs]
17603.740: [GC (Allocation Failure)  478142K->9630K(1142272K), 0.0030706 secs]
17604.249: [GC (Allocation Failure)  463262K->9630K(1127936K), 0.0032190 secs]
17604.725: [GC (Allocation Failure)  448926K->9630K(1114112K), 0.0032112 secs]
17605.179: [GC (Allocation Failure)  435102K->9662K(1101312K), 0.0030178 secs]
17605.616: [GC (Allocation Failure)  422334K->9630K(1089024K), 0.0036691 secs]
17606.038: [GC (Allocation Failure)  410014K->9662K(1077248K), 0.0030803 secs]
17606.520: [GC (Allocation Failure)  398270K->9662K(1065984K), 0.0035751 secs]
17606.938: [GC (Allocation Failure)  387006K->9630K(1055232K), 0.0035954 secs]
17607.330: [GC (Allocation Failure)  376222K->9662K(1044480K), 0.0039139 secs]
17607.716: [GC (Allocation Failure)  365502K->9630K(1034240K), 0.0033165 secs]
17608.094: [GC (Allocation Failure)  355230K->9662K(1024512K), 0.0040681 secs]
17608.456: [GC (Allocation Failure)  345534K->9630K(1015296K), 0.0037168 secs]
17608.825: [GC (Allocation Failure)  336286K->9662K(1006592K), 0.0042205 secs]
17609.185: [GC (Allocation Failure)  327614K->9630K(997888K), 0.0037662 secs]
17609.537: [GC (Allocation Failure)  318878K->9662K(989696K), 0.0028147 secs]
17609.858: [GC (Allocation Failure)  310718K->9662K(982016K), 0.0038223 secs]
17610.174: [GC (Allocation Failure)  303038K->9662K(974336K), 0.0032845 secs]
17610.482: [GC (Allocation Failure)  295358K->9662K(1031680K), 0.0048394 secs]
17610.856: [GC (Allocation Failure)  352702K->9662K(1100288K), 0.0038785 secs]
17611.293: [GC (Allocation Failure)  421310K->9662K(1182720K), 0.0035193 secs]
17611.844: [GC (Allocation Failure)  503742K->9598K(1166848K), 0.0040734 secs]
17612.354: [GC (Allocation Failure)  487806K->9662K(1151488K), 0.0041573 secs]
17612.855: [GC (Allocation Failure)  472510K->9662K(1136640K), 0.0033294 secs]
17613.365: [GC (Allocation Failure)  457662K->9726K(1122816K), 0.0037635 secs]
17613.826: [GC (Allocation Failure)  443902K->9662K(1109504K), 0.0037017 secs]
17614.285: [GC (Allocation Failure)  430526K->9662K(1096704K), 0.0035895 secs]
17614.747: [GC (Allocation Failure)  417726K->9662K(1084416K), 0.0034081 secs]
17615.169: [GC (Allocation Failure)  405438K->9630K(1072640K), 0.0039068 secs]
17615.578: [GC (Allocation Failure)  393630K->9726K(1061376K), 0.0035880 secs]
17615.976: [GC (Allocation Failure)  382462K->9630K(1050624K), 0.0031941 secs]
17616.361: [GC (Allocation Failure)  371614K->9662K(1040384K), 0.0039410 secs]
17616.768: [GC (Allocation Failure)  361406K->9694K(1030656K), 0.0042728 secs]
17617.135: [GC (Allocation Failure)  351710K->9662K(1020928K), 0.0035521 secs]
17617.490: [GC (Allocation Failure)  341950K->9662K(1011712K), 0.0040491 secs]
17617.837: [GC (Allocation Failure)  332734K->9662K(1003008K), 0.0036820 secs]
17618.202: [GC (Allocation Failure)  324030K->9694K(994816K), 0.0040395 secs]
17618.529: [GC (Allocation Failure)  315870K->9662K(1056256K), 0.0042713 secs]
17618.939: [GC (Allocation Failure)  377278K->9694K(1129984K), 0.0036427 secs]
17619.439: [GC (Allocation Failure)  451038K->9726K(1116160K), 0.0033366 secs]
17619.893: [GC (Allocation Failure)  437246K->9662K(1102848K), 0.0034046 secs]
17620.354: [GC (Allocation Failure)  423870K->9662K(1090560K), 0.0033358 secs]
17620.787: [GC (Allocation Failure)  411582K->9670K(1078784K), 0.0030724 secs]
17621.200: [GC (Allocation Failure)  399814K->9670K(1067520K), 0.0033114 secs]
17621.648: [GC (Allocation Failure)  388550K->9670K(1056256K), 0.0034620 secs]
17622.058: [GC (Allocation Failure)  377286K->9638K(1045504K), 0.0033103 secs]
17622.450: [GC (Allocation Failure)  366502K->9638K(1035264K), 0.0040978 secs]
17622.834: [GC (Allocation Failure)  356262K->9702K(1025536K), 0.0033360 secs]
17623.196: [GC (Allocation Failure)  346598K->9734K(1016320K), 0.0036769 secs]
17623.543: [GC (Allocation Failure)  337414K->9638K(1007616K), 0.0037487 secs]
17623.882: [GC (Allocation Failure)  328614K->9670K(998912K), 0.0031896 secs]
17624.216: [GC (Allocation Failure)  319942K->9670K(990720K), 0.0035755 secs]
17624.540: [GC (Allocation Failure)  311750K->9670K(983040K), 0.0034551 secs]
17624.854: [GC (Allocation Failure)  304070K->9638K(1041920K), 0.0037917 secs]
17625.260: [GC (Allocation Failure)  362918K->9670K(1032192K), 0.0034981 secs]
17625.626: [GC (Allocation Failure)  353222K->9702K(1022464K), 0.0031590 secs]
17625.981: [GC (Allocation Failure)  343526K->9670K(1013248K), 0.0031176 secs]
17626.337: [GC (Allocation Failure)  334278K->9638K(1004544K), 0.0037917 secs]
17626.677: [GC (Allocation Failure)  325542K->9606K(996352K), 0.0036201 secs]
17627.033: [GC (Allocation Failure)  317318K->9670K(988160K), 0.0034697 secs]
17627.357: [GC (Allocation Failure)  309190K->9638K(980480K), 0.0031251 secs]
17627.678: [GC (Allocation Failure)  301478K->9638K(972800K), 0.0034420 secs]
17627.983: [GC (Allocation Failure)  293798K->9638K(1029632K), 0.0041514 secs]
17628.348: [GC (Allocation Failure)  350630K->9702K(1020416K), 0.0031807 secs]
17628.701: [GC (Allocation Failure)  341478K->9670K(1011200K), 0.0036193 secs]
17629.045: [GC (Allocation Failure)  332230K->9638K(1002496K), 0.0033182 secs]
17629.384: [GC (Allocation Failure)  323494K->9670K(994304K), 0.0034488 secs]
17629.708: [GC (Allocation Failure)  315334K->9670K(1055744K), 0.0036885 secs]
17630.099: [GC (Allocation Failure)  376774K->9638K(1044992K), 0.0034516 secs]
17630.495: [GC (Allocation Failure)  365990K->9670K(1034752K), 0.0029947 secs]
17630.882: [GC (Allocation Failure)  355782K->9670K(1025024K), 0.0029430 secs]
17631.242: [GC (Allocation Failure)  346054K->9670K(1015808K), 0.0030051 secs]
17631.586: [GC (Allocation Failure)  336838K->9734K(1007104K), 0.0036488 secs]
17631.926: [GC (Allocation Failure)  328198K->9702K(998400K), 0.0035505 secs]
17632.292: [GC (Allocation Failure)  319462K->9670K(990208K), 0.0035300 secs]
17632.614: [GC (Allocation Failure)  311238K->9702K(982528K), 0.0033047 secs]
17632.929: [GC (Allocation Failure)  303590K->9702K(974848K), 0.0031683 secs]
17633.237: [GC (Allocation Failure)  295910K->9670K(967680K), 0.0032527 secs]
17633.534: [GC (Allocation Failure)  288710K->9670K(1023488K), 0.0036958 secs]
17633.904: [GC (Allocation Failure)  344518K->9670K(1090560K), 0.0040764 secs]
17634.337: [GC (Allocation Failure)  411590K->9638K(1078784K), 0.0033119 secs]
17634.756: [GC (Allocation Failure)  399782K->9670K(1067520K), 0.0037382 secs]
17635.160: [GC (Allocation Failure)  388550K->9670K(1056256K), 0.0033607 secs]
17635.557: [GC (Allocation Failure)  377286K->9670K(1045504K), 0.0034697 secs]
17635.936: [GC (Allocation Failure)  366534K->9670K(1035264K), 0.0033258 secs]
17636.307: [GC (Allocation Failure)  356294K->9702K(1025536K), 0.0034681 secs]
17636.674: [GC (Allocation Failure)  346598K->9702K(1016320K), 0.0033220 secs]
17637.023: [GC (Allocation Failure)  337382K->9702K(1007616K), 0.0032239 secs]
17637.390: [GC (Allocation Failure)  328678K->9670K(998912K), 0.0032737 secs]
17637.752: [GC (Allocation Failure)  319942K->9670K(990720K), 0.0037923 secs]
17638.076: [GC (Allocation Failure)  311750K->9638K(983040K), 0.0030175 secs]
17638.391: [GC (Allocation Failure)  304038K->9638K(975360K), 0.0034269 secs]
17638.700: [GC (Allocation Failure)  296358K->9670K(968192K), 0.0031599 secs]
17639.000: [GC (Allocation Failure)  289222K->9638K(1024512K), 0.0042053 secs]
17639.362: [GC (Allocation Failure)  345510K->9670K(1015296K), 0.0030987 secs]
17639.708: [GC (Allocation Failure)  336326K->9638K(1006592K), 0.0036220 secs]
17640.046: [GC (Allocation Failure)  327590K->9638K(997888K), 0.0028229 secs]
17640.376: [GC (Allocation Failure)  318886K->9638K(989696K), 0.0034803 secs]
17640.697: [GC (Allocation Failure)  310694K->9702K(982016K), 0.0035196 secs]
17641.028: [GC (Allocation Failure)  303078K->9670K(974336K), 0.0028907 secs]
17641.349: [GC (Allocation Failure)  295366K->9670K(967168K), 0.0031997 secs]
17641.648: [GC (Allocation Failure)  288198K->9670K(960000K), 0.0031572 secs]
17641.938: [GC (Allocation Failure)  281030K->9638K(1014272K), 0.0036783 secs]
17642.294: [GC (Allocation Failure)  335270K->9638K(1079808K), 0.0035029 secs]
17642.719: [GC (Allocation Failure)  400806K->9638K(1068032K), 0.0034018 secs]
17643.124: [GC (Allocation Failure)  389030K->9670K(1056768K), 0.0034189 secs]
17643.519: [GC (Allocation Failure)  377798K->9670K(1046016K), 0.0032125 secs]
17643.901: [GC (Allocation Failure)  367046K->9670K(1035776K), 0.0034266 secs]
17644.276: [GC (Allocation Failure)  356806K->9702K(1026048K), 0.0033246 secs]
17644.654: [GC (Allocation Failure)  347110K->9670K(1016832K), 0.0036624 secs]
17645.010: [GC (Allocation Failure)  337862K->9638K(1008128K), 0.0031429 secs]
17645.363: [GC (Allocation Failure)  329126K->9670K(999424K), 0.0031486 secs]
17645.696: [GC (Allocation Failure)  320454K->9670K(991232K), 0.0034665 secs]
17646.054: [GC (Allocation Failure)  312262K->9670K(983552K), 0.0040756 secs]
17646.370: [GC (Allocation Failure)  304582K->9670K(1042944K), 0.0038433 secs]
17646.770: [GC (Allocation Failure)  363974K->9702K(1032704K), 0.0029147 secs]
17647.135: [GC (Allocation Failure)  353766K->9702K(1022976K), 0.0030566 secs]
17647.492: [GC (Allocation Failure)  344038K->9670K(1013760K), 0.0033283 secs]
17647.847: [GC (Allocation Failure)  334790K->9638K(1005056K), 0.0032342 secs]
17648.187: [GC (Allocation Failure)  326054K->9670K(996352K), 0.0033929 secs]
17648.517: [GC (Allocation Failure)  317382K->9638K(988160K), 0.0029517 secs]
17648.836: [GC (Allocation Failure)  309158K->9638K(980480K), 0.0036430 secs]
17649.148: [GC (Allocation Failure)  301478K->9670K(972800K), 0.0033647 secs]
17649.460: [GC (Allocation Failure)  293830K->9670K(965632K), 0.0033679 secs]
17649.756: [GC (Allocation Failure)  286662K->9702K(958464K), 0.0031838 secs]
17650.047: [GC (Allocation Failure)  279526K->9670K(1012736K), 0.0032620 secs]
17650.393: [GC (Allocation Failure)  333766K->9638K(1004032K), 0.0030217 secs]
17650.729: [GC (Allocation Failure)  325030K->9638K(995840K), 0.0031934 secs]
17651.055: [GC (Allocation Failure)  316838K->9638K(987648K), 0.0034989 secs]
17651.374: [GC (Allocation Failure)  308646K->9638K(979968K), 0.0029893 secs]
17651.685: [GC (Allocation Failure)  300966K->9670K(972288K), 0.0032280 secs]
17651.989: [GC (Allocation Failure)  293318K->9638K(1029120K), 0.0035395 secs]
17652.351: [GC (Allocation Failure)  350118K->9702K(1019904K), 0.0033345 secs]
17652.705: [GC (Allocation Failure)  340966K->9670K(1010688K), 0.0034004 secs]
17653.083: [GC (Allocation Failure)  331718K->9638K(1001984K), 0.0032174 secs]
17653.420: [GC (Allocation Failure)  322982K->9670K(993792K), 0.0038202 secs]
17653.755: [GC (Allocation Failure)  314822K->9670K(985600K), 0.0032670 secs]
17654.092: [GC (Allocation Failure)  306630K->9670K(977920K), 0.0031009 secs]
17654.405: [GC (Allocation Failure)  298950K->9670K(970752K), 0.0027281 secs]
17654.706: [GC (Allocation Failure)  291782K->9638K(963584K), 0.0035115 secs]
17654.999: [GC (Allocation Failure)  284582K->9670K(956928K), 0.0029002 secs]
17655.302: [GC (Allocation Failure)  277958K->9670K(950272K), 0.0032156 secs]
17655.583: [GC (Allocation Failure)  271302K->9670K(944128K), 0.0030933 secs]
17655.858: [GC (Allocation Failure)  265158K->9638K(995328K), 0.0033647 secs]
17656.188: [GC (Allocation Failure)  316326K->9670K(1056768K), 0.0039067 secs]
17656.587: [GC (Allocation Failure)  377798K->9638K(1130496K), 0.0036816 secs]
17657.057: [GC (Allocation Failure)  451494K->9702K(1116672K), 0.0030977 secs]
17657.507: [GC (Allocation Failure)  437734K->9638K(1103360K), 0.0032990 secs]
17657.943: [GC (Allocation Failure)  424358K->9702K(1091072K), 0.0032890 secs]
17658.399: [GC (Allocation Failure)  412134K->9702K(1079296K), 0.0034120 secs]
17658.817: [GC (Allocation Failure)  400358K->9638K(1068032K), 0.0034608 secs]
17659.223: [GC (Allocation Failure)  389030K->9670K(1056768K), 0.0038859 secs]
17659.617: [GC (Allocation Failure)  377798K->9670K(1046016K), 0.0031777 secs]
17659.999: [GC (Allocation Failure)  367046K->9638K(1035776K), 0.0036622 secs]
17660.368: [GC (Allocation Failure)  356774K->9670K(1026048K), 0.0033252 secs]
17660.726: [GC (Allocation Failure)  347078K->9638K(1016832K), 0.0036759 secs]
17661.090: [GC (Allocation Failure)  337830K->9734K(1008128K), 0.0030576 secs]
17661.433: [GC (Allocation Failure)  329222K->9670K(999424K), 0.0029812 secs]
17661.789: [GC (Allocation Failure)  320454K->9638K(991232K), 0.0036454 secs]
17662.113: [GC (Allocation Failure)  312230K->9670K(983552K), 0.0032810 secs]
17662.427: [GC (Allocation Failure)  304582K->9638K(975872K), 0.0035126 secs]
17662.734: [GC (Allocation Failure)  296870K->9638K(968704K), 0.0032992 secs]
17663.032: [GC (Allocation Failure)  289702K->9638K(961536K), 0.0033061 secs]
17663.354: [GC (Allocation Failure)  282534K->9638K(1016320K), 0.0034426 secs]
17663.704: [GC (Allocation Failure)  337318K->9670K(1007616K), 0.0031541 secs]
17664.044: [GC (Allocation Failure)  328646K->9670K(998912K), 0.0028971 secs]
17664.374: [GC (Allocation Failure)  319942K->9638K(990720K), 0.0032742 secs]
17664.698: [GC (Allocation Failure)  311718K->9702K(983040K), 0.0030936 secs]
17665.013: [GC (Allocation Failure)  304102K->9670K(975360K), 0.0037170 secs]
17665.338: [GC (Allocation Failure)  296390K->9670K(1032704K), 0.0039348 secs]
17665.720: [GC (Allocation Failure)  353734K->9702K(1101824K), 0.0036643 secs]
17666.179: [GC (Allocation Failure)  422886K->9638K(1089536K), 0.0041998 secs]
17666.623: [GC (Allocation Failure)  410534K->9702K(1077760K), 0.0033171 secs]
17667.054: [GC (Allocation Failure)  398822K->9670K(1066496K), 0.0033590 secs]
17667.471: [GC (Allocation Failure)  387526K->9670K(1055744K), 0.0036533 secs]
17667.876: [GC (Allocation Failure)  376774K->9702K(1044992K), 0.0033494 secs]
17668.271: [GC (Allocation Failure)  366054K->9670K(1034752K), 0.0035232 secs]
17668.679: [GC (Allocation Failure)  355782K->9670K(1025024K), 0.0029787 secs]
17669.051: [GC (Allocation Failure)  346054K->9702K(1015808K), 0.0040117 secs]
17669.421: [GC (Allocation Failure)  336870K->9702K(1007104K), 0.0037506 secs]
17669.777: [GC (Allocation Failure)  328166K->9638K(998400K), 0.0035439 secs]
17670.122: [GC (Allocation Failure)  319398K->9638K(990208K), 0.0035330 secs]
17670.461: [GC (Allocation Failure)  311206K->9702K(1050624K), 0.0066974 secs]
17670.868: [GC (Allocation Failure)  371686K->9670K(1123328K), 0.0030850 secs]
17671.349: [GC (Allocation Failure)  444358K->9670K(1110016K), 0.0033980 secs]
17671.818: [GC (Allocation Failure)  431046K->9638K(1097216K), 0.0038851 secs]
17672.270: [GC (Allocation Failure)  418214K->9670K(1084928K), 0.0030775 secs]
17672.710: [GC (Allocation Failure)  405958K->9638K(1073152K), 0.0031531 secs]
17673.137: [GC (Allocation Failure)  394150K->9702K(1061888K), 0.0031888 secs]
17673.549: [GC (Allocation Failure)  382950K->9702K(1051136K), 0.0033092 secs]
17673.951: [GC (Allocation Failure)  372198K->9670K(1040896K), 0.0036872 secs]
17674.338: [GC (Allocation Failure)  361926K->9670K(1031168K), 0.0031039 secs]
17674.713: [GC (Allocation Failure)  352198K->9702K(1021440K), 0.0032321 secs]
17675.080: [GC (Allocation Failure)  342502K->9638K(1012224K), 0.0036255 secs]
17675.441: [GC (Allocation Failure)  333222K->9702K(1003520K), 0.0029802 secs]
17675.789: [GC (Allocation Failure)  324582K->9670K(995328K), 0.0035264 secs]
17676.131: [GC (Allocation Failure)  316358K->9670K(987136K), 0.0037698 secs]
17676.463: [GC (Allocation Failure)  308166K->9702K(979456K), 0.0040382 secs]
17676.786: [GC (Allocation Failure)  300518K->9670K(1037824K), 0.0033867 secs]
17677.172: [GC (Allocation Failure)  358854K->9670K(1028096K), 0.0035184 secs]
17677.548: [GC (Allocation Failure)  349126K->9670K(1018880K), 0.0032738 secs]
17677.913: [GC (Allocation Failure)  339910K->9670K(1009664K), 0.0030508 secs]
17678.270: [GC (Allocation Failure)  330694K->9638K(1000960K), 0.0041148 secs]
17678.621: [GC (Allocation Failure)  321958K->9670K(992768K), 0.0034583 secs]
17678.956: [GC (Allocation Failure)  313798K->9606K(984576K), 0.0034212 secs]
17679.283: [GC (Allocation Failure)  305542K->9670K(976896K), 0.0036099 secs]
17679.602: [GC (Allocation Failure)  297926K->9702K(969728K), 0.0032646 secs]
17679.914: [GC (Allocation Failure)  290790K->9638K(962560K), 0.0027577 secs]
17680.216: [GC (Allocation Failure)  283558K->9670K(1017344K), 0.0037657 secs]
17680.580: [GC (Allocation Failure)  338374K->9670K(1083392K), 0.0040476 secs]
17681.013: [GC (Allocation Failure)  404422K->9638K(1071616K), 0.0036393 secs]
17681.435: [GC (Allocation Failure)  392614K->9670K(1060352K), 0.0036879 secs]
17681.848: [GC (Allocation Failure)  381382K->9670K(1049600K), 0.0032504 secs]
17682.247: [GC (Allocation Failure)  370630K->9670K(1039360K), 0.0030737 secs]
17682.633: [GC (Allocation Failure)  360390K->9638K(1029632K), 0.0029911 secs]
17683.011: [GC (Allocation Failure)  350630K->9670K(1020416K), 0.0034190 secs]
17683.377: [GC (Allocation Failure)  341446K->9670K(1011200K), 0.0036431 secs]
17683.733: [GC (Allocation Failure)  332230K->9638K(1002496K), 0.0034172 secs]
17684.132: [GC (Allocation Failure)  323494K->9670K(994304K), 0.0037307 secs]
17684.472: [GC (Allocation Failure)  315334K->9670K(986112K), 0.0031542 secs]
17684.801: [GC (Allocation Failure)  307142K->9702K(978432K), 0.0034058 secs]
17685.122: [GC (Allocation Failure)  299494K->9734K(971264K), 0.0029446 secs]
17685.437: [GC (Allocation Failure)  292358K->9670K(964096K), 0.0032446 secs]
17685.742: [GC (Allocation Failure)  285126K->9670K(957440K), 0.0034589 secs]
17686.056: [GC (Allocation Failure)  278470K->9670K(950784K), 0.0031871 secs]
17686.347: [GC (Allocation Failure)  271814K->9670K(1003520K), 0.0033541 secs]
17686.696: [GC (Allocation Failure)  324550K->9670K(1066496K), 0.0034456 secs]
17687.113: [GC (Allocation Failure)  387526K->9638K(1055744K), 0.0035175 secs]
17687.520: [GC (Allocation Failure)  376742K->9670K(1044992K), 0.0038731 secs]
17687.915: [GC (Allocation Failure)  366022K->9670K(1034752K), 0.0032317 secs]
17688.313: [GC (Allocation Failure)  355782K->9670K(1025024K), 0.0036784 secs]
17688.689: [GC (Allocation Failure)  346054K->9638K(1015808K), 0.0034725 secs]
17689.052: [GC (Allocation Failure)  336806K->9702K(1007104K), 0.0033353 secs]
17689.434: [GC (Allocation Failure)  328166K->9670K(998400K), 0.0034328 secs]
17689.778: [GC (Allocation Failure)  319430K->9670K(990208K), 0.0030927 secs]
17690.116: [GC (Allocation Failure)  311238K->9670K(982528K), 0.0038741 secs]
17690.459: [GC (Allocation Failure)  303558K->9670K(974848K), 0.0031763 secs]
17690.774: [GC (Allocation Failure)  295878K->9670K(967680K), 0.0032274 secs]
17691.082: [GC (Allocation Failure)  288710K->9670K(960512K), 0.0033457 secs]
17691.382: [GC (Allocation Failure)  281542K->9670K(953856K), 0.0032802 secs]
17691.674: [GC (Allocation Failure)  274886K->9638K(1007104K), 0.0031717 secs]
17692.025: [GC (Allocation Failure)  328102K->9734K(1071104K), 0.0035977 secs]
17692.447: [GC (Allocation Failure)  392198K->9638K(1059840K), 0.0032063 secs]
17692.858: [GC (Allocation Failure)  380838K->9670K(1049088K), 0.0028827 secs]
17693.258: [GC (Allocation Failure)  370118K->9702K(1038848K), 0.0034792 secs]
17693.664: [GC (Allocation Failure)  359910K->9670K(1029120K), 0.0035856 secs]
17694.042: [GC (Allocation Failure)  350150K->9638K(1019904K), 0.0036585 secs]
17694.410: [GC (Allocation Failure)  340902K->9670K(1010688K), 0.0046773 secs]
17694.773: [GC (Allocation Failure)  331718K->9638K(1001984K), 0.0039031 secs]
17695.122: [GC (Allocation Failure)  322982K->9670K(993792K), 0.0034383 secs]
17695.463: [GC (Allocation Failure)  314822K->9670K(985600K), 0.0036434 secs]
17695.811: [GC (Allocation Failure)  306630K->9638K(1044992K), 0.0039672 secs]
17696.211: [GC (Allocation Failure)  365990K->9670K(1116672K), 0.0046079 secs]
17696.689: [GC (Allocation Failure)  437702K->9702K(1103360K), 0.0037934 secs]
17697.165: [GC (Allocation Failure)  424422K->9670K(1186304K), 0.0054945 secs]
17697.717: [GC (Allocation Failure)  507334K->9638K(1169920K), 0.0036803 secs]
17698.250: [GC (Allocation Failure)  490918K->9670K(1154560K), 0.0037520 secs]
17698.791: [GC (Allocation Failure)  475590K->9670K(1139712K), 0.0038385 secs]
17699.309: [GC (Allocation Failure)  460742K->9702K(1125376K), 0.0035611 secs]
17699.793: [GC (Allocation Failure)  446438K->9670K(1112064K), 0.0036091 secs]
17700.299: [GC (Allocation Failure)  433094K->9606K(1099264K), 0.0032719 secs]
17700.756: [GC (Allocation Failure)  420230K->9670K(1086976K), 0.0067262 secs]
17701.223: [GC (Allocation Failure)  408006K->9670K(1075200K), 0.0034795 secs]
17701.652: [GC (Allocation Failure)  396230K->9702K(1063936K), 0.0037130 secs]
17702.067: [GC (Allocation Failure)  384998K->9638K(1053184K), 0.0036468 secs]
17702.482: [GC (Allocation Failure)  374182K->9670K(1042944K), 0.0034258 secs]
17702.892: [GC (Allocation Failure)  363974K->9670K(1032704K), 0.0036548 secs]
17703.275: [GC (Allocation Failure)  353734K->9670K(1022976K), 0.0046930 secs]
17703.651: [GC (Allocation Failure)  344006K->9670K(1013760K), 0.0040307 secs]
17704.014: [GC (Allocation Failure)  334790K->9638K(1005056K), 0.0032754 secs]
17704.366: [GC (Allocation Failure)  326054K->9670K(996352K), 0.0038989 secs]
17704.717: [GC (Allocation Failure)  317382K->9670K(988160K), 0.0039263 secs]
17705.049: [GC (Allocation Failure)  309190K->9670K(1048064K), 0.0047078 secs]
17705.487: [GC (Allocation Failure)  369094K->9638K(1120256K), 0.0045967 secs]
17705.968: [GC (Allocation Failure)  441254K->9670K(1106944K), 0.0033024 secs]
17706.431: [GC (Allocation Failure)  427974K->9638K(1094144K), 0.0034843 secs]
17706.882: [GC (Allocation Failure)  415142K->9670K(1081856K), 0.0037112 secs]
17707.316: [GC (Allocation Failure)  402886K->9670K(1070080K), 0.0035591 secs]
17707.740: [GC (Allocation Failure)  391110K->9638K(1058816K), 0.0056812 secs]
17708.158: [GC (Allocation Failure)  379814K->9638K(1048064K), 0.0041849 secs]
17708.579: [GC (Allocation Failure)  369062K->9670K(1037824K), 0.0043501 secs]
17708.966: [GC (Allocation Failure)  358854K->9670K(1028096K), 0.0037740 secs]
17709.361: [GC (Allocation Failure)  349126K->9670K(1018880K), 0.0040830 secs]
17709.731: [GC (Allocation Failure)  339910K->9670K(1084928K), 0.0042443 secs]
17710.179: [GC (Allocation Failure)  405958K->9638K(1073152K), 0.0038204 secs]
17710.604: [GC (Allocation Failure)  394150K->9702K(1061888K), 0.0031112 secs]
17711.018: [GC (Allocation Failure)  382950K->9638K(1051136K), 0.0037071 secs]
17711.449: [GC (Allocation Failure)  372134K->9670K(1040896K), 0.0034813 secs]
17711.839: [GC (Allocation Failure)  361926K->9638K(1031168K), 0.0042613 secs]
17712.222: [GC (Allocation Failure)  352166K->9670K(1021440K), 0.0037089 secs]
17712.614: [GC (Allocation Failure)  342470K->9606K(1012224K), 0.0036366 secs]
17712.974: [GC (Allocation Failure)  333190K->9670K(1003520K), 0.0035632 secs]
17713.323: [GC (Allocation Failure)  324550K->9670K(995328K), 0.0038124 secs]
17713.664: [GC (Allocation Failure)  316358K->9670K(987136K), 0.0036210 secs]
17713.996: [GC (Allocation Failure)  308166K->9670K(979456K), 0.0031386 secs]
17714.318: [GC (Allocation Failure)  300486K->9670K(971776K), 0.0034027 secs]
17714.632: [GC (Allocation Failure)  292806K->9638K(1028608K), 0.0041630 secs]
17715.011: [GC (Allocation Failure)  349606K->9670K(1096704K), 0.0039485 secs]
17715.464: [GC (Allocation Failure)  417734K->9638K(1084416K), 0.0035346 secs]
17715.962: [GC (Allocation Failure)  405414K->9670K(1072640K), 0.0043629 secs]
17716.391: [GC (Allocation Failure)  393670K->9638K(1061376K), 0.0034304 secs]
17716.805: [GC (Allocation Failure)  382374K->9670K(1050624K), 0.0040752 secs]
17717.206: [GC (Allocation Failure)  371654K->9702K(1040384K), 0.0038706 secs]
17717.596: [GC (Allocation Failure)  361446K->9702K(1030656K), 0.0036711 secs]
17717.975: [GC (Allocation Failure)  351718K->9670K(1020928K), 0.0036404 secs]
17718.345: [GC (Allocation Failure)  341958K->9702K(1011712K), 0.0041025 secs]
17718.701: [GC (Allocation Failure)  332774K->9670K(1003008K), 0.0036578 secs]
17719.050: [GC (Allocation Failure)  324038K->9670K(994816K), 0.0035245 secs]
17719.391: [GC (Allocation Failure)  315846K->9670K(986624K), 0.0034713 secs]
17719.722: [GC (Allocation Failure)  307654K->9670K(978944K), 0.0036380 secs]
17720.067: [GC (Allocation Failure)  299974K->9702K(1037312K), 0.0047143 secs]
17720.477: [GC (Allocation Failure)  358374K->9638K(1107456K), 0.0036839 secs]
17720.974: [GC (Allocation Failure)  428454K->9638K(1094656K), 0.0042792 secs]
17721.425: [GC (Allocation Failure)  415654K->9670K(1082368K), 0.0042451 secs]
17721.865: [GC (Allocation Failure)  403398K->9670K(1070592K), 0.0035740 secs]
17722.288: [GC (Allocation Failure)  391622K->9670K(1059328K), 0.0038762 secs]
17722.699: [GC (Allocation Failure)  380358K->9670K(1048576K), 0.0034370 secs]
17723.123: [GC (Allocation Failure)  369606K->9638K(1038336K), 0.0036895 secs]
17723.511: [GC (Allocation Failure)  359334K->9670K(1028608K), 0.0037253 secs]
17723.889: [GC (Allocation Failure)  349638K->9702K(1019392K), 0.0038841 secs]
17724.274: [GC (Allocation Failure)  340454K->9670K(1085952K), 0.0053899 secs]
17724.714: [GC (Allocation Failure)  406982K->9670K(1074176K), 0.0036747 secs]
17725.152: [GC (Allocation Failure)  395206K->9670K(1062912K), 0.0034017 secs]
17725.568: [GC (Allocation Failure)  383942K->9638K(1052160K), 0.0041059 secs]
17726.000: [GC (Allocation Failure)  373158K->9638K(1041920K), 0.0043795 secs]
17726.393: [GC (Allocation Failure)  362918K->9670K(1032192K), 0.0039944 secs]
17726.773: [GC (Allocation Failure)  353222K->9638K(1022464K), 0.0041918 secs]
17727.144: [GC (Allocation Failure)  343462K->9638K(1013248K), 0.0037431 secs]
17727.541: [GC (Allocation Failure)  334246K->9670K(1004544K), 0.0033506 secs]
17727.890: [GC (Allocation Failure)  325574K->9638K(996352K), 0.0040246 secs]
17728.237: [GC (Allocation Failure)  317350K->9638K(1058304K), 0.0040200 secs]
17728.652: [GC (Allocation Failure)  379302K->9670K(1047552K), 0.0037493 secs]
17729.051: [GC (Allocation Failure)  368582K->9670K(1037312K), 0.0036477 secs]
17729.438: [GC (Allocation Failure)  358342K->9638K(1107456K), 0.0046312 secs]
17729.928: [GC (Allocation Failure)  428454K->9670K(1094656K), 0.0037068 secs]
17730.376: [GC (Allocation Failure)  415686K->9670K(1082368K), 0.0040738 secs]
17730.819: [GC (Allocation Failure)  403398K->9702K(1070592K), 0.0035893 secs]
17731.291: [GC (Allocation Failure)  391654K->9670K(1059328K), 0.0035938 secs]
17731.717: [GC (Allocation Failure)  380358K->9638K(1048576K), 0.0034589 secs]
17732.115: [GC (Allocation Failure)  369574K->9638K(1038336K), 0.0032678 secs]
17732.500: [GC (Allocation Failure)  359334K->9638K(1028608K), 0.0036694 secs]
17732.877: [GC (Allocation Failure)  349606K->9670K(1019392K), 0.0033671 secs]
17733.244: [GC (Allocation Failure)  340422K->9670K(1010176K), 0.0034430 secs]
17733.597: [GC (Allocation Failure)  331206K->9670K(1001472K), 0.0034770 secs]
17733.960: [GC (Allocation Failure)  322502K->9638K(993280K), 0.0042794 secs]
17734.305: [GC (Allocation Failure)  314278K->9670K(1054208K), 0.0049136 secs]
17734.712: [GC (Allocation Failure)  375238K->9670K(1127424K), 0.0035761 secs]
17735.196: [GC (Allocation Failure)  448454K->9670K(1114112K), 0.0039952 secs]
17735.668: [GC (Allocation Failure)  435142K->9702K(1101312K), 0.0039565 secs]
17736.125: [GC (Allocation Failure)  422374K->9670K(1089024K), 0.0237114 secs]
17736.593: [GC (Allocation Failure)  410054K->9638K(1077248K), 0.0035670 secs]
17737.028: [GC (Allocation Failure)  398246K->9670K(1065984K), 0.0033420 secs]
17737.445: [GC (Allocation Failure)  387014K->9638K(1055232K), 0.0036278 secs]
17737.850: [GC (Allocation Failure)  376230K->9670K(1044480K), 0.0032156 secs]
17738.244: [GC (Allocation Failure)  365510K->9670K(1034240K), 0.0033627 secs]
17738.628: [GC (Allocation Failure)  355270K->9670K(1024512K), 0.0035495 secs]
17739.000: [GC (Allocation Failure)  345542K->9670K(1015296K), 0.0033622 secs]
17739.360: [GC (Allocation Failure)  336326K->9670K(1006592K), 0.0030753 secs]
17739.714: [GC (Allocation Failure)  327622K->9670K(997888K), 0.0032064 secs]
17740.057: [GC (Allocation Failure)  318918K->9670K(989696K), 0.0041679 secs]
17740.397: [GC (Allocation Failure)  310726K->9702K(1050112K), 0.0050901 secs]
17740.803: [GC (Allocation Failure)  371174K->9670K(1039872K), 0.0032417 secs]
17741.210: [GC (Allocation Failure)  360902K->9638K(1030144K), 0.0029166 secs]
17741.597: [GC (Allocation Failure)  351142K->9734K(1020928K), 0.0037520 secs]
17741.966: [GC (Allocation Failure)  342022K->9670K(1011712K), 0.0034817 secs]
17742.325: [GC (Allocation Failure)  332742K->9638K(1076736K), 0.0049325 secs]
17742.763: [GC (Allocation Failure)  397734K->9670K(1065472K), 0.0037692 secs]
17743.181: [GC (Allocation Failure)  386502K->9702K(1054720K), 0.0034122 secs]
17743.586: [GC (Allocation Failure)  375782K->9670K(1044480K), 0.0035471 secs]
17743.976: [GC (Allocation Failure)  365510K->9670K(1034240K), 0.0035709 secs]
17744.358: [GC (Allocation Failure)  355270K->9734K(1024512K), 0.0036599 secs]
17744.727: [GC (Allocation Failure)  345606K->9670K(1015296K), 0.0031092 secs]
17745.089: [GC (Allocation Failure)  336326K->9702K(1006592K), 0.0038980 secs]
17745.444: [GC (Allocation Failure)  327654K->9670K(997888K), 0.0036952 secs]
17745.789: [GC (Allocation Failure)  318918K->9670K(989696K), 0.0035910 secs]
17746.123: [GC (Allocation Failure)  310726K->9670K(982016K), 0.0031043 secs]
17746.449: [GC (Allocation Failure)  303046K->9670K(974336K), 0.0035344 secs]
17746.792: [GC (Allocation Failure)  295366K->9670K(1031680K), 0.0039550 secs]
17747.174: [GC (Allocation Failure)  352710K->9638K(1021952K), 0.0031970 secs]
17747.542: [GC (Allocation Failure)  342950K->9670K(1089024K), 0.0042362 secs]
17747.987: [GC (Allocation Failure)  410054K->9670K(1077248K), 0.0034667 secs]
17748.417: [GC (Allocation Failure)  398278K->9670K(1065984K), 0.0037239 secs]
17748.836: [GC (Allocation Failure)  387014K->9606K(1055232K), 0.0030097 secs]
17749.242: [GC (Allocation Failure)  376198K->9670K(1044480K), 0.0034413 secs]
17749.635: [GC (Allocation Failure)  365510K->9638K(1034240K), 0.0039102 secs]
17750.017: [GC (Allocation Failure)  355238K->9638K(1024512K), 0.0040433 secs]
17750.395: [GC (Allocation Failure)  345510K->9638K(1092096K), 0.0048914 secs]
17750.840: [GC (Allocation Failure)  413094K->9670K(1079808K), 0.0038367 secs]
17751.274: [GC (Allocation Failure)  400838K->9638K(1068032K), 0.0035437 secs]
17751.696: [GC (Allocation Failure)  389030K->9702K(1056768K), 0.0037603 secs]
17752.129: [GC (Allocation Failure)  377830K->9670K(1046016K), 0.0035881 secs]
17752.527: [GC (Allocation Failure)  367046K->9670K(1035776K), 0.0039883 secs]
17752.915: [GC (Allocation Failure)  356806K->9670K(1026048K), 0.0039939 secs]
17753.288: [GC (Allocation Failure)  347078K->9638K(1016832K), 0.0032838 secs]
17753.649: [GC (Allocation Failure)  337830K->9702K(1008128K), 0.0035642 secs]
17754.004: [GC (Allocation Failure)  329190K->9670K(999424K), 0.0030988 secs]
17754.350: [GC (Allocation Failure)  320454K->9670K(991232K), 0.0031484 secs]
17754.686: [GC (Allocation Failure)  312262K->9670K(983552K), 0.0033268 secs]
17755.012: [GC (Allocation Failure)  304582K->9670K(975872K), 0.0038604 secs]
17755.351: [GC (Allocation Failure)  296902K->9670K(968704K), 0.0036307 secs]
17755.661: [GC (Allocation Failure)  289734K->9670K(1025024K), 0.0037329 secs]
17756.035: [GC (Allocation Failure)  346054K->9670K(1092608K), 0.0038690 secs]
17756.483: [GC (Allocation Failure)  413638K->9638K(1080320K), 0.0041616 secs]
17756.921: [GC (Allocation Failure)  401318K->9670K(1068544K), 0.0030624 secs]
17757.375: [GC (Allocation Failure)  389574K->9702K(1057280K), 0.0034389 secs]
17757.805: [GC (Allocation Failure)  378342K->9670K(1046528K), 0.0035599 secs]
17758.204: [GC (Allocation Failure)  367558K->9702K(1036288K), 0.0028064 secs]
17758.586: [GC (Allocation Failure)  357350K->9670K(1026560K), 0.0037444 secs]
17758.962: [GC (Allocation Failure)  347590K->9670K(1017344K), 0.0033582 secs]
17759.326: [GC (Allocation Failure)  338374K->9670K(1008640K), 0.0027441 secs]
17759.680: [GC (Allocation Failure)  329670K->9702K(999936K), 0.0040506 secs]
17760.027: [GC (Allocation Failure)  320998K->9638K(991744K), 0.0029787 secs]
17760.365: [GC (Allocation Failure)  312742K->9670K(984064K), 0.0031955 secs]
17760.693: [GC (Allocation Failure)  305094K->9638K(976384K), 0.0033014 secs]
17761.013: [GC (Allocation Failure)  297382K->9670K(969216K), 0.0038540 secs]
17761.323: [GC (Allocation Failure)  290246K->9670K(1025536K), 0.0034185 secs]
17761.693: [GC (Allocation Failure)  346566K->9638K(1093120K), 0.0038043 secs]
17762.135: [GC (Allocation Failure)  414118K->9734K(1080832K), 0.0028770 secs]
17762.594: [GC (Allocation Failure)  401926K->9734K(1069056K), 0.0039896 secs]
17763.018: [GC (Allocation Failure)  390150K->9670K(1057792K), 0.0033247 secs]
17763.429: [GC (Allocation Failure)  378822K->9670K(1047040K), 0.0030357 secs]
17763.828: [GC (Allocation Failure)  368070K->9670K(1036800K), 0.0036667 secs]
17764.215: [GC (Allocation Failure)  357830K->9670K(1027072K), 0.0035919 secs]
17764.590: [GC (Allocation Failure)  348102K->9702K(1017856K), 0.0026451 secs]
17764.955: [GC (Allocation Failure)  338918K->9670K(1008640K), 0.0042794 secs]
17765.315: [GC (Allocation Failure)  329670K->9670K(999936K), 0.0033335 secs]
17765.661: [GC (Allocation Failure)  320966K->9638K(991744K), 0.0031622 secs]
17766.000: [GC (Allocation Failure)  312742K->9638K(984064K), 0.0033210 secs]
17766.330: [GC (Allocation Failure)  305062K->9670K(976384K), 0.0037431 secs]
17766.650: [GC (Allocation Failure)  297414K->9702K(969216K), 0.0034734 secs]
17766.962: [GC (Allocation Failure)  290278K->9702K(962048K), 0.0030001 secs]
17767.265: [GC (Allocation Failure)  283110K->9670K(955392K), 0.0031051 secs]
17767.591: [GC (Allocation Failure)  276422K->9670K(948736K), 0.0033797 secs]
17767.882: [GC (Allocation Failure)  269766K->9670K(942592K), 0.0030607 secs]
17768.162: [GC (Allocation Failure)  263622K->9670K(993792K), 0.0035794 secs]
17768.501: [GC (Allocation Failure)  314822K->9702K(1055232K), 0.0032985 secs]
17768.905: [GC (Allocation Failure)  376294K->9638K(1044480K), 0.0031319 secs]
17769.301: [GC (Allocation Failure)  365478K->9670K(1034240K), 0.0031695 secs]
17769.683: [GC (Allocation Failure)  355270K->9638K(1024512K), 0.0041175 secs]
17770.060: [GC (Allocation Failure)  345510K->9670K(1015296K), 0.0034708 secs]
17770.425: [GC (Allocation Failure)  336326K->9670K(1006592K), 0.0030519 secs]
17770.794: [GC (Allocation Failure)  327622K->9702K(997888K), 0.0028828 secs]
17771.160: [GC (Allocation Failure)  318950K->9638K(989696K), 0.0031612 secs]
17771.496: [GC (Allocation Failure)  310694K->9638K(982016K), 0.0036898 secs]
17771.821: [GC (Allocation Failure)  303014K->9670K(974336K), 0.0031480 secs]
17772.136: [GC (Allocation Failure)  295366K->9670K(967168K), 0.0030958 secs]
17772.447: [GC (Allocation Failure)  288198K->9670K(960000K), 0.0060785 secs]
17772.755: [GC (Allocation Failure)  281030K->9670K(1014272K), 0.0035036 secs]
17773.116: [GC (Allocation Failure)  335302K->9702K(1005568K), 0.0032504 secs]
17773.467: [GC (Allocation Failure)  326630K->9670K(996864K), 0.0034619 secs]
17773.808: [GC (Allocation Failure)  317894K->9670K(1058816K), 0.0039895 secs]
17774.216: [GC (Allocation Failure)  379846K->9670K(1048064K), 0.0029506 secs]
17774.615: [GC (Allocation Failure)  369094K->9638K(1037824K), 0.0035033 secs]
17775.022: [GC (Allocation Failure)  358822K->9702K(1028096K), 0.0030438 secs]
17775.419: [GC (Allocation Failure)  349158K->9670K(1018880K), 0.0034252 secs]
17775.807: [GC (Allocation Failure)  339910K->9702K(1009664K), 0.0033727 secs]
17776.179: [GC (Allocation Failure)  330726K->9702K(1000960K), 0.0034133 secs]
17776.523: [GC (Allocation Failure)  322022K->9670K(992768K), 0.0032263 secs]
17776.860: [GC (Allocation Failure)  313798K->9638K(984576K), 0.0032618 secs]
17777.190: [GC (Allocation Failure)  305574K->9670K(976896K), 0.0034721 secs]
17777.510: [GC (Allocation Failure)  297926K->9670K(969728K), 0.0035320 secs]
17777.823: [GC (Allocation Failure)  290758K->9670K(1026048K), 0.0036081 secs]
17778.198: [GC (Allocation Failure)  347078K->9638K(1016832K), 0.0031652 secs]
17778.584: [GC (Allocation Failure)  337830K->9670K(1008128K), 0.0035560 secs]
17778.937: [GC (Allocation Failure)  329158K->9702K(999424K), 0.0033106 secs]
17779.282: [GC (Allocation Failure)  320486K->9638K(991232K), 0.0033809 secs]
17779.631: [GC (Allocation Failure)  312230K->9670K(983552K), 0.0035433 secs]
17779.960: [GC (Allocation Failure)  304582K->9670K(975872K), 0.0033490 secs]
17780.280: [GC (Allocation Failure)  296902K->9670K(968704K), 0.0034866 secs]
17780.615: [GC (Allocation Failure)  289734K->9638K(961536K), 0.0032240 secs]
17780.919: [GC (Allocation Failure)  282534K->9670K(1016320K), 0.0034840 secs]
17781.283: [GC (Allocation Failure)  337350K->9702K(1007616K), 0.0034906 secs]
17781.637: [GC (Allocation Failure)  328678K->9638K(998912K), 0.0035627 secs]
17781.982: [GC (Allocation Failure)  319910K->9606K(1061376K), 0.0037710 secs]
17782.395: [GC (Allocation Failure)  382342K->9670K(1050624K), 0.0031387 secs]
17782.797: [GC (Allocation Failure)  371654K->9670K(1040384K), 0.0033079 secs]
17783.205: [GC (Allocation Failure)  361414K->9670K(1030656K), 0.0032051 secs]
17783.588: [GC (Allocation Failure)  351686K->9670K(1020928K), 0.0038591 secs]
17783.957: [GC (Allocation Failure)  341958K->9670K(1011712K), 0.0031158 secs]
17784.314: [GC (Allocation Failure)  332742K->9670K(1003008K), 0.0034504 secs]
17784.662: [GC (Allocation Failure)  324038K->9670K(994816K), 0.0035410 secs]
17784.999: [GC (Allocation Failure)  315846K->9670K(986624K), 0.0032895 secs]
17785.329: [GC (Allocation Failure)  307654K->9670K(978944K), 0.0035594 secs]
17785.653: [GC (Allocation Failure)  299974K->9670K(971264K), 0.0031482 secs]
17785.965: [GC (Allocation Failure)  292294K->9638K(964096K), 0.0034569 secs]
17786.272: [GC (Allocation Failure)  285094K->9702K(1019392K), 0.0034295 secs]
17786.638: [GC (Allocation Failure)  340454K->9670K(1010176K), 0.0033244 secs]
17786.996: [GC (Allocation Failure)  331206K->9638K(1001472K), 0.0036016 secs]
17787.346: [GC (Allocation Failure)  322470K->9638K(993280K), 0.0036202 secs]
17787.685: [GC (Allocation Failure)  314278K->9638K(1054208K), 0.0039050 secs]
17788.090: [GC (Allocation Failure)  375206K->9670K(1043968K), 0.0032101 secs]
17788.590: [GC (Allocation Failure)  364998K->9638K(1033728K), 0.0040938 secs]
17788.975: [GC (Allocation Failure)  354726K->9702K(1024000K), 0.0040767 secs]
17789.350: [GC (Allocation Failure)  345062K->9638K(1014784K), 0.0040800 secs]
17789.711: [GC (Allocation Failure)  335782K->9670K(1006080K), 0.0032889 secs]
17790.061: [GC (Allocation Failure)  327110K->9670K(997376K), 0.0032460 secs]
17790.405: [GC (Allocation Failure)  318406K->9670K(989184K), 0.0030337 secs]
17790.739: [GC (Allocation Failure)  310214K->9670K(981504K), 0.0036533 secs]
17791.065: [GC (Allocation Failure)  302534K->9670K(973824K), 0.0033360 secs]
17791.382: [GC (Allocation Failure)  294854K->9702K(966656K), 0.0027690 secs]
17791.691: [GC (Allocation Failure)  287718K->9638K(959488K), 0.0027999 secs]
17791.990: [GC (Allocation Failure)  280486K->9638K(952832K), 0.0033819 secs]
17792.286: [GC (Allocation Failure)  273830K->9670K(1006080K), 0.0033601 secs]
17792.644: [GC (Allocation Failure)  327110K->9702K(997376K), 0.0036217 secs]
17792.989: [GC (Allocation Failure)  318438K->9638K(989184K), 0.0030249 secs]
17793.321: [GC (Allocation Failure)  310182K->9638K(981504K), 0.0035024 secs]
17793.709: [GC (Allocation Failure)  302502K->9670K(973824K), 0.0034690 secs]
17794.027: [GC (Allocation Failure)  294854K->9638K(1031168K), 0.0045371 secs]
17794.409: [GC (Allocation Failure)  352166K->9702K(1021440K), 0.0031233 secs]
17794.779: [GC (Allocation Failure)  342502K->9702K(1012224K), 0.0027259 secs]
17795.139: [GC (Allocation Failure)  333286K->9670K(1003520K), 0.0040199 secs]
17795.490: [GC (Allocation Failure)  324550K->9702K(995328K), 0.0032947 secs]
17795.830: [GC (Allocation Failure)  316390K->9638K(987136K), 0.0036395 secs]
17796.159: [GC (Allocation Failure)  308134K->9638K(979456K), 0.0033330 secs]
17796.477: [GC (Allocation Failure)  300454K->9670K(1037824K), 0.0038365 secs]
17796.862: [GC (Allocation Failure)  358854K->9702K(1028096K), 0.0034882 secs]
17797.237: [GC (Allocation Failure)  349158K->9670K(1096192K), 0.0039432 secs]
17797.697: [GC (Allocation Failure)  417222K->9638K(1083904K), 0.0043041 secs]
17798.136: [GC (Allocation Failure)  404902K->9670K(1072128K), 0.0035277 secs]
17798.564: [GC (Allocation Failure)  393158K->9638K(1060864K), 0.0033925 secs]
17798.977: [GC (Allocation Failure)  381862K->9702K(1050112K), 0.0034533 secs]
17799.379: [GC (Allocation Failure)  371174K->9670K(1039872K), 0.0037663 secs]
17799.767: [GC (Allocation Failure)  360902K->9638K(1030144K), 0.0045801 secs]
17800.152: [GC (Allocation Failure)  351142K->9670K(1020928K), 0.0036673 secs]
17800.522: [GC (Allocation Failure)  341958K->9670K(1011712K), 0.0028863 secs]
17800.880: [GC (Allocation Failure)  332742K->9734K(1003008K), 0.0035492 secs]
17801.229: [GC (Allocation Failure)  324102K->9638K(994816K), 0.0037705 secs]
17801.569: [GC (Allocation Failure)  315814K->9670K(1056256K), 0.0045222 secs]
17801.979: [GC (Allocation Failure)  377286K->9670K(1045504K), 0.0031718 secs]
17802.372: [GC (Allocation Failure)  366534K->9670K(1035264K), 0.0042478 secs]
17802.763: [GC (Allocation Failure)  356294K->9638K(1025536K), 0.0032962 secs]
17803.138: [GC (Allocation Failure)  346534K->9638K(1016320K), 0.0042027 secs]
17803.505: [GC (Allocation Failure)  337318K->9638K(1007616K), 0.0035197 secs]
17803.862: [GC (Allocation Failure)  328614K->9670K(998912K), 0.0029688 secs]
17804.231: [GC (Allocation Failure)  319942K->9638K(990720K), 0.0036564 secs]
17804.571: [GC (Allocation Failure)  311718K->9670K(983040K), 0.0033051 secs]
17804.899: [GC (Allocation Failure)  304070K->9670K(975360K), 0.0034048 secs]
17805.219: [GC (Allocation Failure)  296390K->9670K(968192K), 0.0035116 secs]
17805.532: [GC (Allocation Failure)  289222K->9670K(1024512K), 0.0039022 secs]
17805.904: [GC (Allocation Failure)  345542K->9670K(1092096K), 0.0035906 secs]
17806.357: [GC (Allocation Failure)  413126K->9638K(1172992K), 0.0047034 secs]
17806.900: [GC (Allocation Failure)  493990K->9734K(1157632K), 0.0030262 secs]
17807.419: [GC (Allocation Failure)  478726K->9638K(1142784K), 0.0041667 secs]
17807.922: [GC (Allocation Failure)  463782K->9670K(1128448K), 0.0038233 secs]
17808.408: [GC (Allocation Failure)  449478K->9670K(1114624K), 0.0046986 secs]
17808.885: [GC (Allocation Failure)  435654K->9606K(1101824K), 0.0035469 secs]
17809.370: [GC (Allocation Failure)  422790K->9670K(1089536K), 0.0041267 secs]
17809.817: [GC (Allocation Failure)  410566K->9670K(1077760K), 0.0035938 secs]
17810.250: [GC (Allocation Failure)  398790K->9670K(1066496K), 0.0038067 secs]
17810.670: [GC (Allocation Failure)  387526K->9702K(1055744K), 0.0033793 secs]
17811.077: [GC (Allocation Failure)  376806K->9638K(1044992K), 0.0034588 secs]
17811.476: [GC (Allocation Failure)  365990K->9670K(1034752K), 0.0031433 secs]
17811.862: [GC (Allocation Failure)  355782K->9638K(1025024K), 0.0040551 secs]
17812.236: [GC (Allocation Failure)  346022K->9702K(1015808K), 0.0032580 secs]
17812.600: [GC (Allocation Failure)  336870K->9670K(1007104K), 0.0039582 secs]
17812.957: [GC (Allocation Failure)  328134K->9670K(998400K), 0.0038778 secs]
17813.302: [GC (Allocation Failure)  319430K->9670K(990208K), 0.0039595 secs]
17813.633: [GC (Allocation Failure)  311238K->9670K(1050624K), 0.0038600 secs]
17814.033: [GC (Allocation Failure)  371654K->9638K(1040384K), 0.0036665 secs]
17814.444: [GC (Allocation Failure)  361382K->9638K(1030656K), 0.0032501 secs]
17814.828: [GC (Allocation Failure)  351654K->9638K(1020928K), 0.0035306 secs]
17815.198: [GC (Allocation Failure)  341926K->9670K(1011712K), 0.0036374 secs]
17815.557: [GC (Allocation Failure)  332742K->9670K(1003008K), 0.0044268 secs]
17815.910: [GC (Allocation Failure)  324038K->9638K(1065984K), 0.0045789 secs]
17816.335: [GC (Allocation Failure)  386982K->9670K(1055232K), 0.0032331 secs]
17816.742: [GC (Allocation Failure)  376262K->9670K(1044480K), 0.0027866 secs]
17817.136: [GC (Allocation Failure)  365510K->9702K(1034240K), 0.0034789 secs]
17817.520: [GC (Allocation Failure)  355302K->9702K(1024512K), 0.0041152 secs]
17817.898: [GC (Allocation Failure)  345574K->9670K(1015296K), 0.0029828 secs]
17818.262: [GC (Allocation Failure)  336326K->9670K(1006592K), 0.0034164 secs]
17818.617: [GC (Allocation Failure)  327622K->9638K(997888K), 0.0035725 secs]
17818.965: [GC (Allocation Failure)  318886K->9670K(989696K), 0.0037475 secs]
17819.302: [GC (Allocation Failure)  310726K->9670K(982016K), 0.0036963 secs]
17819.670: [GC (Allocation Failure)  303046K->9702K(974336K), 0.0039810 secs]
17819.988: [GC (Allocation Failure)  295398K->9670K(1031680K), 0.0036319 secs]
17820.445: [GC (Allocation Failure)  352710K->9670K(1021952K), 0.0038204 secs]
17820.815: [GC (Allocation Failure)  342982K->9702K(1012736K), 0.0040492 secs]
17821.178: [GC (Allocation Failure)  333798K->9670K(1004032K), 0.0031445 secs]
17821.529: [GC (Allocation Failure)  325062K->9670K(995840K), 0.0035062 secs]
17821.871: [GC (Allocation Failure)  316870K->9638K(1057280K), 0.0042494 secs]
17822.287: [GC (Allocation Failure)  378278K->9670K(1046528K), 0.0035790 secs]
17822.685: [GC (Allocation Failure)  367558K->9670K(1036288K), 0.0036264 secs]
17823.071: [GC (Allocation Failure)  357318K->9638K(1026560K), 0.0041705 secs]
17823.448: [GC (Allocation Failure)  347558K->9638K(1017344K), 0.0036581 secs]
17823.814: [GC (Allocation Failure)  338342K->9638K(1008640K), 0.0036625 secs]
17824.170: [GC (Allocation Failure)  329638K->9670K(1072640K), 0.0042429 secs]
17824.597: [GC (Allocation Failure)  393670K->9670K(1061376K), 0.0037267 secs]
17825.063: [GC (Allocation Failure)  382406K->9670K(1050624K), 0.0032128 secs]
17825.476: [GC (Allocation Failure)  371654K->9670K(1040384K), 0.0038269 secs]
17825.867: [GC (Allocation Failure)  361414K->9638K(1030656K), 0.0037651 secs]
17826.245: [GC (Allocation Failure)  351654K->9670K(1020928K), 0.0043667 secs]
17826.614: [GC (Allocation Failure)  341958K->9702K(1011712K), 0.0032372 secs]
17826.973: [GC (Allocation Failure)  332774K->9670K(1003008K), 0.0030319 secs]
17827.323: [GC (Allocation Failure)  324038K->9670K(994816K), 0.0035884 secs]
17827.662: [GC (Allocation Failure)  315846K->9638K(986624K), 0.0039374 secs]
17827.994: [GC (Allocation Failure)  307622K->9638K(978944K), 0.0036120 secs]
17828.317: [GC (Allocation Failure)  299942K->9670K(1037312K), 0.0034446 secs]
17828.703: [GC (Allocation Failure)  358342K->9638K(1107456K), 0.0043215 secs]
17829.170: [GC (Allocation Failure)  428454K->9638K(1191424K), 0.0045531 secs]
17829.731: [GC (Allocation Failure)  512422K->9670K(1175040K), 0.0033439 secs]
17830.329: [GC (Allocation Failure)  496070K->9670K(1159168K), 0.0035846 secs]
17830.846: [GC (Allocation Failure)  480198K->9670K(1144320K), 0.0036253 secs]
17831.366: [GC (Allocation Failure)  465350K->9638K(1129984K), 0.0039209 secs]
17831.873: [GC (Allocation Failure)  450982K->9670K(1116160K), 0.0044156 secs]
17832.342: [GC (Allocation Failure)  437190K->9670K(1102848K), 0.0038836 secs]
17832.802: [GC (Allocation Failure)  423878K->9670K(1090560K), 0.0040100 secs]
17833.276: [GC (Allocation Failure)  411590K->9670K(1078784K), 0.0240155 secs]
17833.732: [GC (Allocation Failure)  399814K->9670K(1067520K), 0.0043523 secs]
17834.159: [GC (Allocation Failure)  388550K->9638K(1056256K), 0.0036411 secs]
17834.565: [GC (Allocation Failure)  377254K->9638K(1045504K), 0.0038748 secs]
17834.962: [GC (Allocation Failure)  366502K->9702K(1035264K), 0.0046527 secs]
17835.384: [GC (Allocation Failure)  356326K->9670K(1025536K), 0.0040818 secs]
17835.762: [GC (Allocation Failure)  346566K->9702K(1016320K), 0.0043712 secs]
17836.129: [GC (Allocation Failure)  337382K->9670K(1007616K), 0.0038502 secs]
17836.485: [GC (Allocation Failure)  328646K->9670K(1071616K), 0.0039506 secs]
17836.910: [GC (Allocation Failure)  392646K->9670K(1060352K), 0.0032676 secs]
17837.321: [GC (Allocation Failure)  381382K->9670K(1049600K), 0.0041347 secs]
17837.725: [GC (Allocation Failure)  370630K->9670K(1039360K), 0.0038008 secs]
17838.131: [GC (Allocation Failure)  360390K->9670K(1029632K), 0.0042371 secs]
17838.517: [GC (Allocation Failure)  350662K->9670K(1020416K), 0.0034880 secs]
17838.890: [GC (Allocation Failure)  341446K->9670K(1011200K), 0.0043003 secs]
17839.254: [GC (Allocation Failure)  332230K->9670K(1002496K), 0.0035641 secs]
17839.632: [GC (Allocation Failure)  323526K->9638K(994304K), 0.0032152 secs]
17839.997: [GC (Allocation Failure)  315302K->9638K(986112K), 0.0034881 secs]
17840.329: [GC (Allocation Failure)  307110K->9670K(1046016K), 0.0045893 secs]
17840.730: [GC (Allocation Failure)  367046K->9734K(1035776K), 0.0032551 secs]
17841.113: [GC (Allocation Failure)  356870K->9670K(1026048K), 0.0035949 secs]
17841.487: [GC (Allocation Failure)  347078K->9702K(1016832K), 0.0042112 secs]
17841.853: [GC (Allocation Failure)  337894K->9670K(1082880K), 0.0039674 secs]
17842.291: [GC (Allocation Failure)  403910K->9638K(1071104K), 0.0036298 secs]
17842.753: [GC (Allocation Failure)  392102K->9638K(1059840K), 0.0036225 secs]
17843.165: [GC (Allocation Failure)  380838K->9702K(1049088K), 0.0033346 secs]
17843.564: [GC (Allocation Failure)  370150K->9670K(1038848K), 0.0032155 secs]
17843.955: [GC (Allocation Failure)  359878K->9670K(1029120K), 0.0042468 secs]
17844.337: [GC (Allocation Failure)  350150K->9670K(1019904K), 0.0036206 secs]
17844.702: [GC (Allocation Failure)  340934K->9670K(1010688K), 0.0042665 secs]
17845.085: [GC (Allocation Failure)  331718K->9670K(1001984K), 0.0034623 secs]
17845.481: [GC (Allocation Failure)  323014K->9638K(993792K), 0.0043517 secs]
17845.826: [GC (Allocation Failure)  314790K->9670K(985600K), 0.0033744 secs]
17846.160: [GC (Allocation Failure)  306630K->9670K(977920K), 0.0038272 secs]
17846.482: [GC (Allocation Failure)  298950K->9638K(1035776K), 0.0035229 secs]
17846.871: [GC (Allocation Failure)  356774K->9670K(1026048K), 0.0038093 secs]
17847.247: [GC (Allocation Failure)  347078K->9638K(1093632K), 0.0043064 secs]
17847.699: [GC (Allocation Failure)  414630K->9638K(1081344K), 0.0039001 secs]
17848.138: [GC (Allocation Failure)  402342K->9670K(1069568K), 0.0035421 secs]
17848.562: [GC (Allocation Failure)  390598K->9670K(1058304K), 0.0034549 secs]
17848.972: [GC (Allocation Failure)  379334K->9670K(1047552K), 0.0046710 secs]
17849.372: [GC (Allocation Failure)  368582K->9702K(1037312K), 0.0035315 secs]
17849.757: [GC (Allocation Failure)  358374K->9702K(1027584K), 0.0040348 secs]
17850.131: [GC (Allocation Failure)  348646K->9702K(1018368K), 0.0048339 secs]
17850.500: [GC (Allocation Failure)  339430K->9670K(1009152K), 0.0038582 secs]
17850.882: [GC (Allocation Failure)  330182K->9670K(1000448K), 0.0036475 secs]
17851.229: [GC (Allocation Failure)  321478K->9670K(992256K), 0.0040827 secs]
17851.567: [GC (Allocation Failure)  313286K->9670K(1053184K), 0.0038247 secs]
17851.972: [GC (Allocation Failure)  374214K->9638K(1042944K), 0.0034294 secs]
17852.365: [GC (Allocation Failure)  363942K->9670K(1032704K), 0.0035135 secs]
17852.746: [GC (Allocation Failure)  353734K->9670K(1022976K), 0.0040763 secs]
17853.124: [GC (Allocation Failure)  344006K->9670K(1013760K), 0.0034628 secs]
17853.486: [GC (Allocation Failure)  334790K->9670K(1005056K), 0.0038160 secs]
17853.838: [GC (Allocation Failure)  326086K->9670K(996352K), 0.0038148 secs]
17854.183: [GC (Allocation Failure)  317382K->9702K(988160K), 0.0035006 secs]
17854.515: [GC (Allocation Failure)  309222K->9638K(980480K), 0.0034366 secs]
17854.838: [GC (Allocation Failure)  301478K->9670K(1038848K), 0.0040425 secs]
17855.230: [GC (Allocation Failure)  359878K->9638K(1108992K), 0.0037471 secs]
17855.746: [GC (Allocation Failure)  429990K->9638K(1096192K), 0.0039657 secs]
17856.195: [GC (Allocation Failure)  417190K->9670K(1083904K), 0.0035568 secs]
17856.631: [GC (Allocation Failure)  404934K->9638K(1072128K), 0.0035177 secs]
17857.073: [GC (Allocation Failure)  393126K->9702K(1060864K), 0.0030298 secs]
17857.487: [GC (Allocation Failure)  381926K->9670K(1050112K), 0.0031423 secs]
17857.906: [GC (Allocation Failure)  371142K->9670K(1039872K), 0.0035099 secs]
17858.297: [GC (Allocation Failure)  360902K->9702K(1030144K), 0.0038625 secs]
17858.692: [GC (Allocation Failure)  351206K->9670K(1020928K), 0.0038250 secs]
17859.061: [GC (Allocation Failure)  341958K->9670K(1011712K), 0.0036873 secs]
17859.446: [GC (Allocation Failure)  332742K->9670K(1003008K), 0.0044309 secs]
17859.802: [GC (Allocation Failure)  324038K->9638K(994816K), 0.0039167 secs]
17860.154: [GC (Allocation Failure)  315814K->9670K(986624K), 0.0035746 secs]
17860.494: [GC (Allocation Failure)  307654K->9638K(978944K), 0.0034818 secs]
17860.840: [GC (Allocation Failure)  299942K->9638K(971264K), 0.0037415 secs]
17861.153: [GC (Allocation Failure)  292262K->9702K(1028096K), 0.0039847 secs]
17861.532: [GC (Allocation Failure)  349158K->9638K(1096192K), 0.0040897 secs]
17861.986: [GC (Allocation Failure)  417190K->9670K(1083904K), 0.0034058 secs]
17862.424: [GC (Allocation Failure)  404934K->9670K(1072128K), 0.0037862 secs]
17862.849: [GC (Allocation Failure)  393158K->9638K(1060864K), 0.0036456 secs]
17863.262: [GC (Allocation Failure)  381862K->9638K(1050112K), 0.0040825 secs]
17863.669: [GC (Allocation Failure)  371110K->9670K(1039872K), 0.0035288 secs]
17864.059: [GC (Allocation Failure)  360902K->9670K(1030144K), 0.0032748 secs]
17864.460: [GC (Allocation Failure)  351174K->9638K(1020928K), 0.0038013 secs]
17864.829: [GC (Allocation Failure)  341926K->9638K(1011712K), 0.0036330 secs]
17865.188: [GC (Allocation Failure)  332710K->9638K(1003008K), 0.0037946 secs]
17865.541: [GC (Allocation Failure)  324006K->9638K(994816K), 0.0033281 secs]
17865.922: [GC (Allocation Failure)  315814K->9638K(1056256K), 0.0052770 secs]
17866.354: [GC (Allocation Failure)  377254K->9670K(1129984K), 0.0041740 secs]
17866.847: [GC (Allocation Failure)  451014K->9702K(1116160K), 0.0038058 secs]
17867.318: [GC (Allocation Failure)  437222K->9638K(1102848K), 0.0037237 secs]
17867.774: [GC (Allocation Failure)  423846K->9670K(1090560K), 0.0037723 secs]
17868.216: [GC (Allocation Failure)  411590K->9670K(1078784K), 0.0036872 secs]
17868.656: [GC (Allocation Failure)  399814K->9638K(1067520K), 0.0041211 secs]
17869.079: [GC (Allocation Failure)  388518K->9670K(1056256K), 0.0037817 secs]
17869.500: [GC (Allocation Failure)  377286K->9638K(1045504K), 0.0037088 secs]
17869.896: [GC (Allocation Failure)  366502K->9670K(1035264K), 0.0040982 secs]
17870.286: [GC (Allocation Failure)  356294K->9638K(1025536K), 0.0039770 secs]
17870.659: [GC (Allocation Failure)  346534K->9702K(1016320K), 0.0041642 secs]
17871.051: [GC (Allocation Failure)  337382K->9638K(1007616K), 0.0040738 secs]
17871.411: [GC (Allocation Failure)  328614K->9670K(998912K), 0.0039758 secs]
17871.757: [GC (Allocation Failure)  319942K->9670K(1061376K), 0.0044652 secs]
17872.175: [GC (Allocation Failure)  382406K->9670K(1136128K), 0.0041958 secs]
17872.673: [GC (Allocation Failure)  457158K->9670K(1122304K), 0.0041543 secs]
17873.167: [GC (Allocation Failure)  443334K->9670K(1108992K), 0.0036784 secs]
17873.637: [GC (Allocation Failure)  430022K->9670K(1096192K), 0.0041597 secs]
17874.088: [GC (Allocation Failure)  417222K->9702K(1083904K), 0.0041227 secs]
17874.543: [GC (Allocation Failure)  404966K->9670K(1072128K), 0.0044474 secs]
17874.973: [GC (Allocation Failure)  393158K->9670K(1060864K), 0.0040501 secs]
17875.409: [GC (Allocation Failure)  381894K->9702K(1050112K), 0.0036008 secs]
17875.816: [GC (Allocation Failure)  371174K->9670K(1039872K), 0.0042656 secs]
17876.240: [GC (Allocation Failure)  360902K->9670K(1030144K), 0.0035554 secs]
17876.620: [GC (Allocation Failure)  351174K->9670K(1020928K), 0.0037032 secs]
17876.989: [GC (Allocation Failure)  341958K->9670K(1011712K), 0.0040039 secs]
17877.371: [GC (Allocation Failure)  332742K->9702K(1003008K), 0.0041042 secs]
17877.739: [GC (Allocation Failure)  324070K->9670K(994816K), 0.0039735 secs]
17878.078: [GC (Allocation Failure)  315846K->9638K(1056256K), 0.0038346 secs]
17878.530: [GC (Allocation Failure)  377254K->9670K(1045504K), 0.0040164 secs]
17878.930: [GC (Allocation Failure)  366534K->9670K(1035264K), 0.0038474 secs]
17879.315: [GC (Allocation Failure)  356294K->9670K(1025536K), 0.0037759 secs]
17879.688: [GC (Allocation Failure)  346566K->9670K(1016320K), 0.0037226 secs]
17880.069: [GC (Allocation Failure)  337350K->9670K(1007616K), 0.0038607 secs]
17880.424: [GC (Allocation Failure)  328646K->9670K(1071616K), 0.0041148 secs]
17880.854: [GC (Allocation Failure)  392646K->9670K(1060352K), 0.0041657 secs]
17881.271: [GC (Allocation Failure)  381382K->9670K(1135104K), 0.0044664 secs]
17881.770: [GC (Allocation Failure)  456134K->9670K(1121280K), 0.0036012 secs]
17882.247: [GC (Allocation Failure)  442310K->9670K(1107968K), 0.0035366 secs]
17882.712: [GC (Allocation Failure)  428998K->9670K(1095168K), 0.0036897 secs]
17883.164: [GC (Allocation Failure)  416198K->9638K(1082880K), 0.0030043 secs]
17883.618: [GC (Allocation Failure)  403878K->9670K(1071104K), 0.0043804 secs]
17884.045: [GC (Allocation Failure)  392134K->9734K(1059840K), 0.0036653 secs]
17884.452: [GC (Allocation Failure)  380934K->9702K(1049088K), 0.0042277 secs]
17884.928: [GC (Allocation Failure)  370150K->9670K(1038848K), 0.0038590 secs]
17885.314: [GC (Allocation Failure)  359878K->9670K(1029120K), 0.0039708 secs]
17885.697: [GC (Allocation Failure)  350150K->9702K(1019904K), 0.0044380 secs]
17886.066: [GC (Allocation Failure)  340966K->9670K(1010688K), 0.0041880 secs]
17886.480: [GC (Allocation Failure)  331718K->9670K(1075200K), 0.0052434 secs]
17886.916: [GC (Allocation Failure)  396230K->9670K(1152512K), 0.0039877 secs]
17887.435: [GC (Allocation Failure)  473542K->9670K(1137664K), 0.0036541 secs]
17887.929: [GC (Allocation Failure)  458694K->9702K(1123840K), 0.0036048 secs]
17888.411: [GC (Allocation Failure)  444902K->9670K(1110528K), 0.0036935 secs]
17888.881: [GC (Allocation Failure)  431558K->9702K(1097728K), 0.0036881 secs]
17889.337: [GC (Allocation Failure)  418790K->9670K(1085440K), 0.0037063 secs]
17889.775: [GC (Allocation Failure)  406470K->9670K(1073664K), 0.0039050 secs]
17890.202: [GC (Allocation Failure)  394694K->9638K(1062400K), 0.0037586 secs]
17890.616: [GC (Allocation Failure)  383398K->9638K(1051648K), 0.0028894 secs]
17891.021: [GC (Allocation Failure)  372646K->9670K(1041408K), 0.0035008 secs]
17891.411: [GC (Allocation Failure)  362438K->9670K(1031680K), 0.0035055 secs]
17891.791: [GC (Allocation Failure)  352710K->9638K(1021952K), 0.0047714 secs]
17892.162: [GC (Allocation Failure)  342950K->9638K(1012736K), 0.0040636 secs]
17892.523: [GC (Allocation Failure)  333734K->9670K(1004032K), 0.0040091 secs]
17892.875: [GC (Allocation Failure)  325062K->9670K(995840K), 0.0036611 secs]
17893.218: [GC (Allocation Failure)  316870K->9638K(987648K), 0.0034018 secs]
17893.550: [GC (Allocation Failure)  308646K->9670K(979968K), 0.0035968 secs]
17893.873: [GC (Allocation Failure)  300998K->9702K(1038336K), 0.0042207 secs]
17894.266: [GC (Allocation Failure)  359398K->9670K(1108480K), 0.0038605 secs]
17894.732: [GC (Allocation Failure)  429510K->9670K(1095680K), 0.0035827 secs]
17895.182: [GC (Allocation Failure)  416710K->9670K(1083392K), 0.0041109 secs]
17895.623: [GC (Allocation Failure)  404422K->9638K(1071616K), 0.0034517 secs]
17896.071: [GC (Allocation Failure)  392614K->9638K(1060352K), 0.0037337 secs]
17896.484: [GC (Allocation Failure)  381350K->9670K(1049600K), 0.0040045 secs]
17896.908: [GC (Allocation Failure)  370630K->9638K(1039360K), 0.0052773 secs]
17897.307: [GC (Allocation Failure)  360358K->9702K(1109504K), 0.0052412 secs]
17897.777: [GC (Allocation Failure)  430566K->9702K(1096704K), 0.0039490 secs]
17898.266: [GC (Allocation Failure)  417766K->9638K(1084416K), 0.0041804 secs]
17898.712: [GC (Allocation Failure)  405414K->9670K(1072640K), 0.0034929 secs]
17899.156: [GC (Allocation Failure)  393670K->9670K(1061376K), 0.0036644 secs]
17899.580: [GC (Allocation Failure)  382406K->9670K(1050624K), 0.0035901 secs]
17899.991: [GC (Allocation Failure)  371654K->9670K(1040384K), 0.0039673 secs]
17900.387: [GC (Allocation Failure)  361414K->9670K(1030656K), 0.0037336 secs]
17900.769: [GC (Allocation Failure)  351686K->9670K(1020928K), 0.0036448 secs]
17901.138: [GC (Allocation Failure)  341958K->9670K(1011712K), 0.0031602 secs]
17901.496: [GC (Allocation Failure)  332742K->9670K(1003008K), 0.0035720 secs]
17901.878: [GC (Allocation Failure)  324038K->9670K(994816K), 0.0036243 secs]
17902.219: [GC (Allocation Failure)  315846K->9638K(986624K), 0.0040769 secs]
17902.549: [GC (Allocation Failure)  307622K->9638K(978944K), 0.0035971 secs]
17902.869: [GC (Allocation Failure)  299942K->9606K(1037312K), 0.0038670 secs]
17903.255: [GC (Allocation Failure)  358278K->9702K(1107456K), 0.0037094 secs]
17903.732: [GC (Allocation Failure)  428518K->9670K(1094656K), 0.0038004 secs]
17904.183: [GC (Allocation Failure)  415686K->9702K(1082368K), 0.0039339 secs]
17904.620: [GC (Allocation Failure)  403430K->9606K(1070592K), 0.0038292 secs]
17905.041: [GC (Allocation Failure)  391558K->9702K(1059328K), 0.0041244 secs]
17905.454: [GC (Allocation Failure)  380390K->9670K(1048576K), 0.0031846 secs]
17905.851: [GC (Allocation Failure)  369606K->9670K(1038336K), 0.0040516 secs]
17906.244: [GC (Allocation Failure)  359366K->9702K(1028608K), 0.0035709 secs]
17906.625: [GC (Allocation Failure)  349670K->9670K(1019392K), 0.0040817 secs]
17907.019: [GC (Allocation Failure)  340422K->9670K(1085952K), 0.0056760 secs]
17907.463: [GC (Allocation Failure)  406982K->9670K(1074176K), 0.0037173 secs]
17907.889: [GC (Allocation Failure)  395206K->9670K(1062912K), 0.0043702 secs]
17908.309: [GC (Allocation Failure)  383942K->9638K(1052160K), 0.0033787 secs]
17908.715: [GC (Allocation Failure)  373158K->9670K(1041920K), 0.0036083 secs]
17909.107: [GC (Allocation Failure)  362950K->9638K(1032192K), 0.0032853 secs]
17909.496: [GC (Allocation Failure)  353190K->9670K(1022464K), 0.0034576 secs]
17909.866: [GC (Allocation Failure)  343494K->9670K(1013248K), 0.0034767 secs]
17910.228: [GC (Allocation Failure)  334278K->9670K(1004544K), 0.0037951 secs]
17910.578: [GC (Allocation Failure)  325574K->9702K(996352K), 0.0041856 secs]
17910.926: [GC (Allocation Failure)  317414K->9702K(988160K), 0.0037164 secs]
17911.259: [GC (Allocation Failure)  309222K->9670K(1048064K), 0.0039576 secs]
17911.660: [GC (Allocation Failure)  369094K->9638K(1037824K), 0.0035387 secs]
17912.076: [GC (Allocation Failure)  358822K->9670K(1028096K), 0.0034204 secs]
17912.455: [GC (Allocation Failure)  349126K->9638K(1096192K), 0.0046682 secs]
17912.908: [GC (Allocation Failure)  417190K->9670K(1083904K), 0.0033249 secs]
17913.349: [GC (Allocation Failure)  404934K->9638K(1163264K), 0.0057759 secs]
17913.927: [GC (Allocation Failure)  484262K->9670K(1147904K), 0.0045164 secs]
17914.442: [GC (Allocation Failure)  468934K->9670K(1133568K), 0.0046300 secs]
17914.940: [GC (Allocation Failure)  454598K->9638K(1119744K), 0.0037825 secs]
17915.451: [GC (Allocation Failure)  440742K->9702K(1106432K), 0.0040092 secs]
17915.923: [GC (Allocation Failure)  427494K->9670K(1093632K), 0.0057146 secs]
17916.375: [GC (Allocation Failure)  414662K->9670K(1081344K), 0.0040763 secs]
17916.896: [GC (Allocation Failure)  402374K->9670K(1069568K), 0.0049016 secs]
17917.360: [GC (Allocation Failure)  390598K->9670K(1058304K), 0.0040787 secs]
17917.792: [GC (Allocation Failure)  379334K->9702K(1047552K), 0.0030987 secs]
17918.209: [GC (Allocation Failure)  368614K->9638K(1037312K), 0.0033701 secs]
17918.597: [GC (Allocation Failure)  358310K->9638K(1027584K), 0.0035343 secs]
17918.983: [GC (Allocation Failure)  348582K->9670K(1018368K), 0.0042806 secs]
17919.350: [GC (Allocation Failure)  339398K->9670K(1084416K), 0.0056351 secs]
17919.814: [GC (Allocation Failure)  405446K->9702K(1072640K), 0.0035546 secs]
17920.238: [GC (Allocation Failure)  393702K->9734K(1061376K), 0.0034909 secs]
17920.648: [GC (Allocation Failure)  382470K->9702K(1050624K), 0.0035676 secs]
17921.049: [GC (Allocation Failure)  371686K->9638K(1040384K), 0.0040340 secs]
17921.442: [GC (Allocation Failure)  361382K->9670K(1030656K), 0.0041415 secs]
17921.826: [GC (Allocation Failure)  351686K->9670K(1020928K), 0.0039625 secs]
17922.195: [GC (Allocation Failure)  341958K->9702K(1011712K), 0.0037817 secs]
17922.576: [GC (Allocation Failure)  332774K->9670K(1003008K), 0.0042776 secs]
17922.931: [GC (Allocation Failure)  324038K->9670K(1065984K), 0.0045121 secs]
17923.350: [GC (Allocation Failure)  387014K->9670K(1055232K), 0.0034681 secs]
17923.758: [GC (Allocation Failure)  376262K->9702K(1044480K), 0.0037369 secs]
17924.153: [GC (Allocation Failure)  365542K->9702K(1115648K), 0.0049598 secs]
17924.629: [GC (Allocation Failure)  436710K->9638K(1102848K), 0.0037576 secs]
17925.103: [GC (Allocation Failure)  423846K->9670K(1090560K), 0.0038622 secs]
17925.548: [GC (Allocation Failure)  411590K->9670K(1078784K), 0.0039173 secs]
17925.979: [GC (Allocation Failure)  399814K->9670K(1067520K), 0.0037927 secs]
17926.399: [GC (Allocation Failure)  388550K->9670K(1056256K), 0.0045912 secs]
17926.806: [GC (Allocation Failure)  377286K->9670K(1045504K), 0.0041067 secs]
17927.200: [GC (Allocation Failure)  366534K->9638K(1035264K), 0.0038485 secs]
17927.653: [GC (Allocation Failure)  356262K->9638K(1025536K), 0.0039737 secs]
17928.027: [GC (Allocation Failure)  346534K->9670K(1093120K), 0.0053505 secs]
17928.510: [GC (Allocation Failure)  414150K->9670K(1080832K), 0.0036906 secs]
17928.945: [GC (Allocation Failure)  401862K->9702K(1069056K), 0.0048733 secs]
17929.393: [GC (Allocation Failure)  390118K->9702K(1145344K), 0.0055182 secs]
17929.906: [GC (Allocation Failure)  466406K->9670K(1131008K), 0.0039505 secs]
17930.398: [GC (Allocation Failure)  452038K->9670K(1117184K), 0.0046479 secs]
17930.895: [GC (Allocation Failure)  438214K->9638K(1103872K), 0.0040387 secs]
17931.380: [GC (Allocation Failure)  424870K->9670K(1091072K), 0.0036180 secs]
17931.839: [GC (Allocation Failure)  412102K->9670K(1079296K), 0.0042054 secs]
17932.275: [GC (Allocation Failure)  400326K->9638K(1068032K), 0.0035541 secs]
17932.730: [GC (Allocation Failure)  389030K->9638K(1056768K), 0.0038820 secs]
17933.138: [GC (Allocation Failure)  377766K->9638K(1046016K), 0.0039185 secs]
17933.537: [GC (Allocation Failure)  367014K->9670K(1035776K), 0.0031587 secs]
17933.942: [GC (Allocation Failure)  356806K->9638K(1026048K), 0.0040845 secs]
17934.321: [GC (Allocation Failure)  347046K->9702K(1016832K), 0.0038170 secs]
17934.699: [GC (Allocation Failure)  337894K->9670K(1008128K), 0.0034980 secs]
17935.087: [GC (Allocation Failure)  329158K->9670K(999424K), 0.0037231 secs]
17935.432: [GC (Allocation Failure)  320454K->9670K(991232K), 0.0036749 secs]
17935.770: [GC (Allocation Failure)  312262K->9670K(983552K), 0.0035841 secs]
17936.099: [GC (Allocation Failure)  304582K->9638K(975872K), 0.0038126 secs]
17936.422: [GC (Allocation Failure)  296870K->9638K(1033728K), 0.0039674 secs]
17936.811: [GC (Allocation Failure)  354726K->9638K(1024000K), 0.0033890 secs]
17937.178: [GC (Allocation Failure)  344998K->9670K(1014784K), 0.0038485 secs]
17937.536: [GC (Allocation Failure)  335814K->9670K(1006080K), 0.0036832 secs]
17937.928: [GC (Allocation Failure)  327110K->9670K(1069568K), 0.0042314 secs]
17938.356: [GC (Allocation Failure)  390598K->9670K(1058304K), 0.0038854 secs]
17938.776: [GC (Allocation Failure)  379334K->9670K(1047552K), 0.0040364 secs]
17939.186: [GC (Allocation Failure)  368582K->9670K(1037312K), 0.0035428 secs]
17939.575: [GC (Allocation Failure)  358342K->9702K(1027584K), 0.0034233 secs]
17939.950: [GC (Allocation Failure)  348646K->9670K(1018368K), 0.0031705 secs]
17940.317: [GC (Allocation Failure)  339398K->9670K(1009152K), 0.0033089 secs]
17940.678: [GC (Allocation Failure)  330182K->9638K(1000448K), 0.0030939 secs]
17941.062: [GC (Allocation Failure)  321446K->9670K(992256K), 0.0042033 secs]
17941.399: [GC (Allocation Failure)  313286K->9670K(984064K), 0.0033660 secs]
17941.727: [GC (Allocation Failure)  305094K->9670K(976384K), 0.0034776 secs]
17942.048: [GC (Allocation Failure)  297414K->9670K(1034240K), 0.0048203 secs]
17942.434: [GC (Allocation Failure)  355270K->9670K(1103360K), 0.0037358 secs]
17942.893: [GC (Allocation Failure)  424390K->9638K(1091072K), 0.0037033 secs]
17943.362: [GC (Allocation Failure)  412070K->9670K(1079296K), 0.0034104 secs]
17943.794: [GC (Allocation Failure)  400326K->9670K(1068032K), 0.0028752 secs]
17944.213: [GC (Allocation Failure)  389062K->9638K(1056768K), 0.0035944 secs]
17944.621: [GC (Allocation Failure)  377766K->9670K(1046016K), 0.0037103 secs]
17945.041: [GC (Allocation Failure)  367046K->9702K(1035776K), 0.0032050 secs]
17945.427: [GC (Allocation Failure)  356838K->9670K(1026048K), 0.0041218 secs]
17945.807: [GC (Allocation Failure)  347078K->9638K(1016832K), 0.0039522 secs]
17946.173: [GC (Allocation Failure)  337830K->9638K(1008128K), 0.0041278 secs]
17946.558: [GC (Allocation Failure)  329126K->9702K(999424K), 0.0044043 secs]
17946.904: [GC (Allocation Failure)  320486K->9670K(1061888K), 0.0041428 secs]
17947.345: [GC (Allocation Failure)  382918K->9670K(1051136K), 0.0033833 secs]
17947.750: [GC (Allocation Failure)  372166K->9702K(1040896K), 0.0036867 secs]
17948.140: [GC (Allocation Failure)  361958K->9702K(1031168K), 0.0242149 secs]
17948.543: [GC (Allocation Failure)  352230K->9670K(1021440K), 0.0037323 secs]
17948.920: [GC (Allocation Failure)  342470K->9670K(1088000K), 0.0048971 secs]
17949.383: [GC (Allocation Failure)  409030K->9638K(1076224K), 0.0043874 secs]
17949.817: [GC (Allocation Failure)  397222K->9670K(1064960K), 0.0031528 secs]
17950.250: [GC (Allocation Failure)  385990K->9670K(1140224K), 0.0102861 secs]
17950.759: [GC (Allocation Failure)  461254K->9638K(1230848K), 0.0028273 secs]
17951.358: [GC (Allocation Failure)  551846K->9670K(1212928K), 0.0030388 secs]
17951.946: [GC (Allocation Failure)  533958K->9702K(1195520K), 0.0027799 secs]
17952.529: [GC (Allocation Failure)  516582K->9702K(1179136K), 0.0024445 secs]
17953.072: [GC (Allocation Failure)  500198K->9638K(1163264K), 0.0034687 secs]
17953.617: [GC (Allocation Failure)  484262K->9638K(1147904K), 0.0031763 secs]
17954.145: [GC (Allocation Failure)  468902K->9638K(1133568K), 0.0035336 secs]
17954.637: [GC (Allocation Failure)  454566K->9702K(1119744K), 0.0038677 secs]
17955.109: [GC (Allocation Failure)  440806K->9670K(1106432K), 0.0029655 secs]
17955.566: [GC (Allocation Failure)  427462K->9702K(1093632K), 0.0034521 secs]
17956.013: [GC (Allocation Failure)  414694K->9702K(1081344K), 0.0044274 secs]
17956.478: [GC (Allocation Failure)  402406K->9638K(1069568K), 0.0035512 secs]
17956.902: [GC (Allocation Failure)  390566K->9670K(1058304K), 0.0041396 secs]
17957.313: [GC (Allocation Failure)  379334K->9670K(1047552K), 0.0037983 secs]
17957.712: [GC (Allocation Failure)  368582K->9638K(1037312K), 0.0037795 secs]
17958.098: [GC (Allocation Failure)  358310K->9670K(1027584K), 0.0040052 secs]
17958.479: [GC (Allocation Failure)  348614K->9670K(1018368K), 0.0041380 secs]
17958.851: [GC (Allocation Failure)  339398K->9638K(1009152K), 0.0033810 secs]
17959.236: [GC (Allocation Failure)  330150K->9638K(1000448K), 0.0039000 secs]
17959.606: [GC (Allocation Failure)  321446K->9670K(992256K), 0.0033220 secs]
17959.944: [GC (Allocation Failure)  313286K->9638K(984064K), 0.0035984 secs]
17960.273: [GC (Allocation Failure)  305062K->9638K(976384K), 0.0036289 secs]
17960.593: [GC (Allocation Failure)  297382K->9670K(1034240K), 0.0056109 secs]
17960.983: [GC (Allocation Failure)  355270K->9702K(1103360K), 0.0031557 secs]
17961.447: [GC (Allocation Failure)  424422K->9670K(1091072K), 0.0036851 secs]
17961.910: [GC (Allocation Failure)  412102K->9670K(1079296K), 0.0037676 secs]
17962.352: [GC (Allocation Failure)  400326K->9670K(1068032K), 0.0039522 secs]
17962.780: [GC (Allocation Failure)  389062K->9670K(1056768K), 0.0039846 secs]
17963.215: [GC (Allocation Failure)  377798K->9638K(1046016K), 0.0037328 secs]
17963.620: [GC (Allocation Failure)  367014K->9670K(1035776K), 0.0041328 secs]
17964.014: [GC (Allocation Failure)  356806K->9702K(1026048K), 0.0041338 secs]
17964.433: [GC (Allocation Failure)  347110K->9734K(1016832K), 0.0037324 secs]
17964.794: [GC (Allocation Failure)  337926K->9670K(1082880K), 0.0047208 secs]
17965.280: [GC (Allocation Failure)  403910K->9638K(1071104K), 0.0045440 secs]
17965.730: [GC (Allocation Failure)  392102K->9638K(1059840K), 0.0041031 secs]
17966.145: [GC (Allocation Failure)  380838K->9670K(1134080K), 0.0048974 secs]
17966.685: [GC (Allocation Failure)  455110K->9670K(1120256K), 0.0043723 secs]
17967.162: [GC (Allocation Failure)  441286K->9670K(1106944K), 0.0039656 secs]
17967.627: [GC (Allocation Failure)  427974K->9670K(1094144K), 0.0037806 secs]
17968.074: [GC (Allocation Failure)  415174K->9670K(1081856K), 0.0037965 secs]
17968.536: [GC (Allocation Failure)  402886K->9638K(1070080K), 0.0043844 secs]
17968.966: [GC (Allocation Failure)  391078K->9702K(1058816K), 0.0048946 secs]
17969.384: [GC (Allocation Failure)  379878K->9670K(1133056K), 0.0055201 secs]
17969.877: [GC (Allocation Failure)  454086K->9670K(1119232K), 0.0035321 secs]
17970.356: [GC (Allocation Failure)  440262K->9638K(1105920K), 0.0039904 secs]
17970.817: [GC (Allocation Failure)  426918K->9638K(1093120K), 0.0041733 secs]
17971.272: [GC (Allocation Failure)  414118K->9702K(1080832K), 0.0029635 secs]
17971.716: [GC (Allocation Failure)  401894K->9670K(1069056K), 0.0035924 secs]
17972.138: [GC (Allocation Failure)  390086K->9670K(1057792K), 0.0035153 secs]
17972.580: [GC (Allocation Failure)  378822K->9702K(1047040K), 0.0033767 secs]
17972.995: [GC (Allocation Failure)  368102K->9638K(1036800K), 0.0037238 secs]
17973.380: [GC (Allocation Failure)  357798K->9702K(1027072K), 0.0030172 secs]
17973.754: [GC (Allocation Failure)  348134K->9638K(1017856K), 0.0038077 secs]
17974.120: [GC (Allocation Failure)  338854K->9670K(1008640K), 0.0037110 secs]
17974.477: [GC (Allocation Failure)  329670K->9670K(999936K), 0.0037243 secs]
17974.881: [GC (Allocation Failure)  320966K->9670K(991744K), 0.0040939 secs]
17975.219: [GC (Allocation Failure)  312774K->9670K(984064K), 0.0035071 secs]
17975.547: [GC (Allocation Failure)  305094K->9670K(1043456K), 0.0047418 secs]
17975.963: [GC (Allocation Failure)  364486K->9670K(1114624K), 0.0044835 secs]
17976.440: [GC (Allocation Failure)  435654K->9702K(1101824K), 0.0036793 secs]
17976.898: [GC (Allocation Failure)  422886K->9670K(1089536K), 0.0041635 secs]
17977.344: [GC (Allocation Failure)  410566K->9606K(1077760K), 0.0037956 secs]
17977.776: [GC (Allocation Failure)  398726K->9670K(1066496K), 0.0040948 secs]
17978.200: [GC (Allocation Failure)  387526K->9638K(1055744K), 0.0043027 secs]
17978.623: [GC (Allocation Failure)  376742K->9670K(1044992K), 0.0040530 secs]
17979.018: [GC (Allocation Failure)  366022K->9670K(1034752K), 0.0033987 secs]
17979.424: [GC (Allocation Failure)  355782K->9670K(1025024K), 0.0034629 secs]
17979.796: [GC (Allocation Failure)  346054K->9702K(1015808K), 0.0041132 secs]
17980.191: [GC (Allocation Failure)  336870K->9670K(1081344K), 0.0079600 secs]
17980.631: [GC (Allocation Failure)  402374K->9670K(1160192K), 0.0029650 secs]
17981.153: [GC (Allocation Failure)  481222K->9670K(1145344K), 0.0029465 secs]
17981.658: [GC (Allocation Failure)  466374K->9638K(1131008K), 0.0027877 secs]
17982.149: [GC (Allocation Failure)  452006K->9638K(1117184K), 0.0031640 secs]
17982.636: [GC (Allocation Failure)  438182K->9702K(1103872K), 0.0041017 secs]
17983.103: [GC (Allocation Failure)  424934K->9638K(1091072K), 0.0035846 secs]
17983.567: [GC (Allocation Failure)  412070K->9670K(1079296K), 0.0031770 secs]
17984.000: [GC (Allocation Failure)  400326K->9638K(1068032K), 0.0032574 secs]
17984.455: [GC (Allocation Failure)  389030K->9702K(1056768K), 0.0037042 secs]
17984.865: [GC (Allocation Failure)  377830K->9670K(1046016K), 0.0042655 secs]
17985.304: [GC (Allocation Failure)  367046K->9670K(1035776K), 0.0035188 secs]
17985.766: [GC (Allocation Failure)  356806K->9638K(1026048K), 0.0032303 secs]
17986.149: [GC (Allocation Failure)  347046K->9638K(1016832K), 0.0033671 secs]
17986.513: [GC (Allocation Failure)  337830K->9670K(1008128K), 0.0032228 secs]
17986.878: [GC (Allocation Failure)  329158K->9670K(999424K), 0.0032132 secs]
17987.222: [GC (Allocation Failure)  320454K->9638K(991232K), 0.0037746 secs]
17987.560: [GC (Allocation Failure)  312230K->9670K(983552K), 0.0040581 secs]
17987.892: [GC (Allocation Failure)  304582K->9670K(975872K), 0.0033992 secs]
17988.210: [GC (Allocation Failure)  296902K->9670K(1033728K), 0.0036815 secs]
17988.592: [GC (Allocation Failure)  354758K->9638K(1102848K), 0.0040936 secs]
17989.071: [GC (Allocation Failure)  423846K->9670K(1090560K), 0.0037661 secs]
17989.519: [GC (Allocation Failure)  411590K->9670K(1078784K), 0.0039740 secs]
17989.950: [GC (Allocation Failure)  399814K->9638K(1067520K), 0.0041509 secs]
17990.373: [GC (Allocation Failure)  388518K->9670K(1056256K), 0.0038593 secs]
17990.776: [GC (Allocation Failure)  377286K->9638K(1045504K), 0.0041212 secs]
17991.175: [GC (Allocation Failure)  366502K->9702K(1035264K), 0.0040522 secs]
17991.571: [GC (Allocation Failure)  356326K->9670K(1025536K), 0.0039092 secs]
17991.947: [GC (Allocation Failure)  346566K->9638K(1016320K), 0.0040326 secs]
17992.318: [GC (Allocation Failure)  337318K->9670K(1081856K), 0.0042998 secs]
17992.760: [GC (Allocation Failure)  402886K->9670K(1070080K), 0.0038391 secs]
17993.183: [GC (Allocation Failure)  391110K->9702K(1058816K), 0.0040616 secs]
17993.596: [GC (Allocation Failure)  379878K->9670K(1048064K), 0.0039721 secs]
17993.995: [GC (Allocation Failure)  369094K->9670K(1037824K), 0.0042559 secs]
17994.384: [GC (Allocation Failure)  358854K->9702K(1028096K), 0.0036882 secs]
17994.762: [GC (Allocation Failure)  349158K->9638K(1018880K), 0.0039874 secs]
17995.149: [GC (Allocation Failure)  339878K->9670K(1009664K), 0.0227195 secs]
17995.533: [GC (Allocation Failure)  330694K->9638K(1000960K), 0.0038184 secs]
17995.878: [GC (Allocation Failure)  321958K->9638K(1063424K), 0.0036734 secs]
17996.291: [GC (Allocation Failure)  384422K->9702K(1052672K), 0.0041046 secs]
17996.701: [GC (Allocation Failure)  373734K->9670K(1042432K), 0.0036778 secs]
17997.093: [GC (Allocation Failure)  363462K->9670K(1032704K), 0.0039093 secs]
17997.475: [GC (Allocation Failure)  353734K->9670K(1022976K), 0.0039188 secs]
17997.850: [GC (Allocation Failure)  344006K->9670K(1013760K), 0.0040041 secs]
17998.212: [GC (Allocation Failure)  334790K->9670K(1078784K), 0.0059451 secs]
17998.652: [GC (Allocation Failure)  399814K->9670K(1157120K), 0.0041001 secs]
17999.188: [GC (Allocation Failure)  478150K->9638K(1142272K), 0.0039723 secs]
17999.726: [GC (Allocation Failure)  463270K->9670K(1127936K), 0.0035429 secs]
18000.241: [GC (Allocation Failure)  448966K->9670K(1114112K), 0.0034216 secs]
18000.786: [GC (Allocation Failure)  435142K->9670K(1101312K), 0.0042393 secs]
18001.244: [GC (Allocation Failure)  422342K->9670K(1089024K), 0.0036810 secs]
18001.686: [GC (Allocation Failure)  410054K->9670K(1077248K), 0.0038943 secs]
18002.163: [GC (Allocation Failure)  398278K->9670K(1065984K), 0.0038412 secs]
18002.583: [GC (Allocation Failure)  387014K->9670K(1055232K), 0.0042421 secs]
18003.011: [GC (Allocation Failure)  376262K->9670K(1044480K), 0.0036094 secs]
18003.421: [GC (Allocation Failure)  365510K->9670K(1034240K), 0.0043215 secs]
18003.809: [GC (Allocation Failure)  355270K->9638K(1024512K), 0.0031976 secs]
18004.206: [GC (Allocation Failure)  345510K->9670K(1015296K), 0.0051076 secs]
18004.569: [GC (Allocation Failure)  336326K->9638K(1006592K), 0.0038348 secs]
18004.987: [GC (Allocation Failure)  327590K->9702K(997888K), 0.0031684 secs]
18005.331: [GC (Allocation Failure)  318950K->9670K(989696K), 0.0034308 secs]
18005.702: [GC (Allocation Failure)  310726K->9670K(982016K), 0.0033548 secs]
18006.026: [GC (Allocation Failure)  303046K->9702K(974336K), 0.0030527 secs]
18006.358: [GC (Allocation Failure)  295398K->9670K(967168K), 0.0038040 secs]
18006.672: [GC (Allocation Failure)  288198K->9638K(1022976K), 0.0041652 secs]
18007.045: [GC (Allocation Failure)  343974K->9670K(1090048K), 0.0039255 secs]
18007.489: [GC (Allocation Failure)  411078K->9670K(1078272K), 0.0039058 secs]
18007.932: [GC (Allocation Failure)  399302K->9670K(1067008K), 0.0039882 secs]
18008.349: [GC (Allocation Failure)  388038K->9670K(1142784K), 0.0049333 secs]
18008.850: [GC (Allocation Failure)  463814K->9638K(1128448K), 0.0038781 secs]
18009.334: [GC (Allocation Failure)  449446K->9638K(1114624K), 0.0032885 secs]
18009.809: [GC (Allocation Failure)  435622K->9702K(1101824K), 0.0035112 secs]
18010.269: [GC (Allocation Failure)  422886K->9670K(1089536K), 0.0038746 secs]
18010.714: [GC (Allocation Failure)  410566K->9638K(1077760K), 0.0036776 secs]
18011.159: [GC (Allocation Failure)  398758K->9670K(1066496K), 0.0035803 secs]
18011.577: [GC (Allocation Failure)  387526K->9670K(1055744K), 0.0040370 secs]
18011.983: [GC (Allocation Failure)  376774K->9670K(1044992K), 0.0035223 secs]
18012.377: [GC (Allocation Failure)  366022K->9670K(1034752K), 0.0043719 secs]
18012.763: [GC (Allocation Failure)  355782K->9702K(1025024K), 0.0035620 secs]
18013.138: [GC (Allocation Failure)  346086K->9670K(1015808K), 0.0031916 secs]
18013.501: [GC (Allocation Failure)  336838K->9670K(1007104K), 0.0042631 secs]
18013.940: [GC (Allocation Failure)  328134K->9670K(998400K), 0.0039386 secs]
18014.283: [GC (Allocation Failure)  319430K->9670K(990208K), 0.0042654 secs]
18014.656: [GC (Allocation Failure)  311238K->9670K(982528K), 0.0036431 secs]
18015.007: [GC (Allocation Failure)  303558K->9638K(1041408K), 0.0041037 secs]
18015.399: [GC (Allocation Failure)  362406K->9638K(1031680K), 0.0034740 secs]
18015.801: [GC (Allocation Failure)  352678K->9670K(1021952K), 0.0035633 secs]
18016.272: [GC (Allocation Failure)  342982K->9638K(1012736K), 0.0046565 secs]
18016.638: [GC (Allocation Failure)  333734K->9638K(1077760K), 0.0054779 secs]
18017.093: [GC (Allocation Failure)  398758K->9638K(1155584K), 0.0036747 secs]
18017.631: [GC (Allocation Failure)  476582K->9702K(1140736K), 0.0039200 secs]
18018.132: [GC (Allocation Failure)  461798K->9670K(1126400K), 0.0030440 secs]
18018.633: [GC (Allocation Failure)  447430K->9638K(1113088K), 0.0040971 secs]
18019.131: [GC (Allocation Failure)  434086K->9670K(1100288K), 0.0037663 secs]
18019.589: [GC (Allocation Failure)  421318K->9638K(1088000K), 0.0035846 secs]
18020.052: [GC (Allocation Failure)  408998K->9638K(1076224K), 0.0036753 secs]
18020.500: [GC (Allocation Failure)  397222K->9670K(1064960K), 0.0041577 secs]
18020.921: [GC (Allocation Failure)  385990K->9670K(1140224K), 0.0092822 secs]
18021.460: [GC (Allocation Failure)  461254K->9702K(1125888K), 0.0029449 secs]
18022.005: [GC (Allocation Failure)  446950K->9702K(1112576K), 0.0041379 secs]
18022.475: [GC (Allocation Failure)  433638K->9638K(1099776K), 0.0039077 secs]
18022.948: [GC (Allocation Failure)  420774K->9670K(1087488K), 0.0049331 secs]
18023.395: [GC (Allocation Failure)  408518K->9670K(1075712K), 0.0034618 secs]
18023.823: [GC (Allocation Failure)  396742K->9670K(1064448K), 0.0035815 secs]
18024.240: [GC (Allocation Failure)  385478K->9670K(1053696K), 0.0039954 secs]
18024.647: [GC (Allocation Failure)  374726K->9670K(1043456K), 0.0037638 secs]
18025.044: [GC (Allocation Failure)  364486K->9670K(1033216K), 0.0035163 secs]
18025.427: [GC (Allocation Failure)  354246K->9638K(1023488K), 0.0040466 secs]
18025.802: [GC (Allocation Failure)  344486K->9638K(1014272K), 0.0034539 secs]
18026.162: [GC (Allocation Failure)  335270K->9638K(1005568K), 0.0035392 secs]
18026.510: [GC (Allocation Failure)  326566K->9702K(996864K), 0.0039578 secs]
18026.864: [GC (Allocation Failure)  317926K->9702K(988672K), 0.0037238 secs]
18027.194: [GC (Allocation Failure)  309734K->9702K(1049088K), 0.0039270 secs]
18027.593: [GC (Allocation Failure)  370150K->9638K(1121280K), 0.0039265 secs]
18028.072: [GC (Allocation Failure)  442278K->9638K(1107968K), 0.0043558 secs]
18028.545: [GC (Allocation Failure)  428966K->9702K(1095168K), 0.0039312 secs]
18028.994: [GC (Allocation Failure)  416230K->9702K(1082880K), 0.0032345 secs]
18029.429: [GC (Allocation Failure)  403942K->9670K(1071104K), 0.0041043 secs]
18029.852: [GC (Allocation Failure)  392134K->9638K(1059840K), 0.0034998 secs]
18030.265: [GC (Allocation Failure)  380838K->9638K(1049088K), 0.0036445 secs]
18030.667: [GC (Allocation Failure)  370086K->9670K(1038848K), 0.0037257 secs]
18031.057: [GC (Allocation Failure)  359878K->9670K(1029120K), 0.0030974 secs]
18031.437: [GC (Allocation Failure)  350150K->9670K(1019904K), 0.0052496 secs]
18031.826: [GC (Allocation Failure)  340934K->9638K(1010688K), 0.0039931 secs]
18032.182: [GC (Allocation Failure)  331686K->9670K(1075200K), 0.0039885 secs]
18032.612: [GC (Allocation Failure)  396230K->9670K(1152512K), 0.0055726 secs]
18033.124: [GC (Allocation Failure)  473542K->9670K(1137664K), 0.0036152 secs]
18033.622: [GC (Allocation Failure)  458694K->9670K(1123840K), 0.0034890 secs]
18034.105: [GC (Allocation Failure)  444870K->9670K(1110528K), 0.0045699 secs]
18034.576: [GC (Allocation Failure)  431558K->9638K(1097728K), 0.0041623 secs]
18035.035: [GC (Allocation Failure)  418726K->9670K(1085440K), 0.0037045 secs]
18035.475: [GC (Allocation Failure)  406470K->9638K(1073664K), 0.0034463 secs]
18035.903: [GC (Allocation Failure)  394662K->9670K(1062400K), 0.0055646 secs]
18036.325: [GC (Allocation Failure)  383430K->9670K(1051648K), 0.0039767 secs]
18036.731: [GC (Allocation Failure)  372678K->9638K(1041408K), 0.0045077 secs]
18037.146: [GC (Allocation Failure)  362406K->9670K(1031680K), 0.0040843 secs]
18037.526: [GC (Allocation Failure)  352710K->9670K(1021952K), 0.0033375 secs]
18037.894: [GC (Allocation Failure)  342982K->9638K(1089024K), 0.0045467 secs]
18038.344: [GC (Allocation Failure)  410022K->9638K(1077248K), 0.0038195 secs]
18038.774: [GC (Allocation Failure)  398246K->9670K(1065984K), 0.0039624 secs]
18039.192: [GC (Allocation Failure)  387014K->9638K(1055232K), 0.0036070 secs]
18039.598: [GC (Allocation Failure)  376230K->9670K(1044480K), 0.0033028 secs]
18039.992: [GC (Allocation Failure)  365510K->9638K(1034240K), 0.0037164 secs]
18040.377: [GC (Allocation Failure)  355238K->9670K(1024512K), 0.0044111 secs]
18040.750: [GC (Allocation Failure)  345542K->9638K(1015296K), 0.0034941 secs]
18041.112: [GC (Allocation Failure)  336294K->9670K(1006592K), 0.0038223 secs]
18041.468: [GC (Allocation Failure)  327622K->9638K(997888K), 0.0039806 secs]
18041.812: [GC (Allocation Failure)  318886K->9638K(1059840K), 0.0038712 secs]
18042.248: [GC (Allocation Failure)  380838K->9638K(1049088K), 0.0041867 secs]
18042.651: [GC (Allocation Failure)  370086K->9670K(1038848K), 0.0038257 secs]
18043.038: [GC (Allocation Failure)  359878K->9638K(1029120K), 0.0035103 secs]
18043.416: [GC (Allocation Failure)  350118K->9670K(1019904K), 0.0035867 secs]
18043.796: [GC (Allocation Failure)  340934K->9702K(1010688K), 0.0027817 secs]
18044.149: [GC (Allocation Failure)  331750K->9670K(1001984K), 0.0034610 secs]
18044.542: [GC (Allocation Failure)  323014K->9670K(993792K), 0.0034709 secs]
18044.881: [GC (Allocation Failure)  314822K->9670K(1055232K), 0.0050500 secs]
18045.310: [GC (Allocation Failure)  376262K->9670K(1044480K), 0.0038762 secs]
18045.708: [GC (Allocation Failure)  365510K->9670K(1034240K), 0.0039186 secs]
18046.091: [GC (Allocation Failure)  355270K->9638K(1024512K), 0.0036475 secs]
18046.464: [GC (Allocation Failure)  345510K->9638K(1015296K), 0.0030814 secs]
18046.845: [GC (Allocation Failure)  336294K->9670K(1006592K), 0.0035271 secs]
18047.233: [GC (Allocation Failure)  327622K->9670K(997888K), 0.0037783 secs]
18047.577: [GC (Allocation Failure)  318918K->9670K(989696K), 0.0039541 secs]
18047.912: [GC (Allocation Failure)  310726K->9670K(982016K), 0.0035957 secs]
18048.239: [GC (Allocation Failure)  303046K->9670K(1040896K), 0.0040701 secs]
18048.640: [GC (Allocation Failure)  361926K->9702K(1031168K), 0.0030262 secs]
18049.041: [GC (Allocation Failure)  352230K->9670K(1021440K), 0.0041445 secs]
18049.410: [GC (Allocation Failure)  342470K->9638K(1012224K), 0.0037961 secs]
18049.769: [GC (Allocation Failure)  333222K->9670K(1003520K), 0.0036947 secs]
18050.118: [GC (Allocation Failure)  324550K->9638K(1066496K), 0.0041133 secs]
18050.538: [GC (Allocation Failure)  387494K->9670K(1055744K), 0.0035938 secs]
18050.962: [GC (Allocation Failure)  376774K->9670K(1044992K), 0.0036444 secs]
18051.358: [GC (Allocation Failure)  366022K->9670K(1034752K), 0.0034683 secs]
18051.740: [GC (Allocation Failure)  355782K->9670K(1025024K), 0.0035205 secs]
18052.114: [GC (Allocation Failure)  346054K->9670K(1015808K), 0.0031277 secs]
18052.479: [GC (Allocation Failure)  336838K->9670K(1007104K), 0.0042825 secs]
18052.836: [GC (Allocation Failure)  328134K->9670K(998400K), 0.0036022 secs]
18053.179: [GC (Allocation Failure)  319430K->9670K(1060352K), 0.0041729 secs]
18053.594: [GC (Allocation Failure)  381382K->9670K(1135104K), 0.0043251 secs]
18054.093: [GC (Allocation Failure)  456134K->9702K(1224704K), 0.0053476 secs]
18054.686: [GC (Allocation Failure)  545766K->9670K(1206784K), 0.0037594 secs]
18055.258: [GC (Allocation Failure)  527814K->9670K(1189888K), 0.0037623 secs]
18055.839: [GC (Allocation Failure)  510918K->9670K(1173504K), 0.0037894 secs]
18056.386: [GC (Allocation Failure)  494534K->9670K(1158144K), 0.0035600 secs]
18056.906: [GC (Allocation Failure)  479174K->9670K(1143296K), 0.0043041 secs]
18057.416: [GC (Allocation Failure)  464326K->9702K(1128960K), 0.0040858 secs]
18057.931: [GC (Allocation Failure)  450022K->9670K(1115136K), 0.0045129 secs]
18058.404: [GC (Allocation Failure)  436166K->9702K(1102336K), 0.0038598 secs]
18058.889: [GC (Allocation Failure)  423398K->9702K(1090048K), 0.0034133 secs]
18059.342: [GC (Allocation Failure)  411110K->9670K(1078272K), 0.0042443 secs]
18059.775: [GC (Allocation Failure)  399302K->9638K(1067008K), 0.0041778 secs]
18060.200: [GC (Allocation Failure)  388006K->9702K(1056256K), 0.0039496 secs]
18060.610: [GC (Allocation Failure)  377318K->9702K(1045504K), 0.0036580 secs]
18061.005: [GC (Allocation Failure)  366566K->9638K(1035264K), 0.0042137 secs]
18061.386: [GC (Allocation Failure)  356262K->9638K(1025536K), 0.0035514 secs]
18061.756: [GC (Allocation Failure)  346534K->9638K(1016320K), 0.0037452 secs]
18062.118: [GC (Allocation Failure)  337318K->9670K(1007616K), 0.0043157 secs]
18062.476: [GC (Allocation Failure)  328646K->9702K(1071616K), 0.0043094 secs]
18062.923: [GC (Allocation Failure)  392678K->9670K(1148416K), 0.0046882 secs]
18063.433: [GC (Allocation Failure)  469446K->9638K(1134080K), 0.0036014 secs]
18063.926: [GC (Allocation Failure)  455078K->9670K(1120256K), 0.0048044 secs]
18064.408: [GC (Allocation Failure)  441286K->9670K(1106944K), 0.0040984 secs]
18064.883: [GC (Allocation Failure)  427974K->9638K(1094144K), 0.0040397 secs]
18065.336: [GC (Allocation Failure)  415142K->9638K(1081856K), 0.0050438 secs]
18065.780: [GC (Allocation Failure)  402854K->9670K(1070080K), 0.0035534 secs]
18066.204: [GC (Allocation Failure)  391110K->9670K(1058816K), 0.0039642 secs]
18066.615: [GC (Allocation Failure)  379846K->9670K(1048064K), 0.0047699 secs]
18067.018: [GC (Allocation Failure)  369094K->9670K(1037824K), 0.0038539 secs]
18067.405: [GC (Allocation Failure)  358854K->9670K(1028096K), 0.0033604 secs]
18067.782: [GC (Allocation Failure)  349126K->9670K(1018880K), 0.0037357 secs]
18068.165: [GC (Allocation Failure)  339910K->9638K(1009664K), 0.0037004 secs]
18068.520: [GC (Allocation Failure)  330662K->9670K(1000960K), 0.0033422 secs]
18068.868: [GC (Allocation Failure)  321990K->9670K(992768K), 0.0038961 secs]
18069.211: [GC (Allocation Failure)  313798K->9670K(984576K), 0.0037217 secs]
18069.542: [GC (Allocation Failure)  305606K->9670K(1043968K), 0.0040505 secs]
18069.942: [GC (Allocation Failure)  364998K->9638K(1115136K), 0.0037744 secs]
18070.415: [GC (Allocation Failure)  436134K->9670K(1200640K), 0.0048833 secs]
18070.987: [GC (Allocation Failure)  521670K->9670K(1183744K), 0.0041073 secs]
18071.535: [GC (Allocation Failure)  504774K->9670K(1167872K), 0.0041056 secs]
18072.069: [GC (Allocation Failure)  488902K->9670K(1152512K), 0.0051940 secs]
18072.584: [GC (Allocation Failure)  473542K->9638K(1137664K), 0.0036721 secs]
18073.080: [GC (Allocation Failure)  458662K->9638K(1123840K), 0.0037785 secs]
18073.563: [GC (Allocation Failure)  444838K->9670K(1110528K), 0.0033340 secs]
18074.027: [GC (Allocation Failure)  431558K->9670K(1097728K), 0.0032406 secs]
18074.479: [GC (Allocation Failure)  418758K->9702K(1085440K), 0.0033498 secs]
18074.920: [GC (Allocation Failure)  406502K->9638K(1073664K), 0.0039366 secs]
18075.347: [GC (Allocation Failure)  394662K->9670K(1062400K), 0.0035977 secs]
18075.762: [GC (Allocation Failure)  383430K->9702K(1051648K), 0.0034569 secs]
18076.164: [GC (Allocation Failure)  372710K->9638K(1041408K), 0.0034511 secs]
18076.555: [GC (Allocation Failure)  362406K->9638K(1031680K), 0.0046034 secs]
18076.939: [GC (Allocation Failure)  352678K->9638K(1021952K), 0.0048746 secs]
18077.312: [GC (Allocation Failure)  342950K->9638K(1089024K), 0.0050428 secs]
18077.756: [GC (Allocation Failure)  410022K->9638K(1077248K), 0.0033582 secs]
18078.184: [GC (Allocation Failure)  398246K->9638K(1065984K), 0.0036394 secs]
18078.599: [GC (Allocation Failure)  386982K->9702K(1055232K), 0.0032113 secs]
18079.001: [GC (Allocation Failure)  376294K->9670K(1044480K), 0.0033053 secs]
18079.395: [GC (Allocation Failure)  365510K->9702K(1034240K), 0.0033775 secs]
18079.779: [GC (Allocation Failure)  355302K->9702K(1024512K), 0.0040806 secs]
18080.156: [GC (Allocation Failure)  345574K->9670K(1015296K), 0.0035484 secs]
18080.522: [GC (Allocation Failure)  336326K->9606K(1006592K), 0.0035536 secs]
18080.876: [GC (Allocation Failure)  327558K->9670K(997888K), 0.0040847 secs]
18081.219: [GC (Allocation Failure)  318918K->9670K(989696K), 0.0037574 secs]
18081.553: [GC (Allocation Failure)  310726K->9638K(1050112K), 0.0036156 secs]
18081.954: [GC (Allocation Failure)  371110K->9638K(1039872K), 0.0034734 secs]
18082.343: [GC (Allocation Failure)  360870K->9670K(1030144K), 0.0029274 secs]
18082.724: [GC (Allocation Failure)  351174K->9638K(1020928K), 0.0031888 secs]
18083.093: [GC (Allocation Failure)  341926K->9670K(1011712K), 0.0035839 secs]
18083.451: [GC (Allocation Failure)  332742K->9638K(1003008K), 0.0042719 secs]
18083.832: [GC (Allocation Failure)  324006K->9638K(994816K), 0.0038017 secs]
18084.170: [GC (Allocation Failure)  315814K->9670K(986624K), 0.0036877 secs]
18084.499: [GC (Allocation Failure)  307654K->9670K(1046528K), 0.0050919 secs]
18084.897: [GC (Allocation Failure)  367558K->9670K(1118208K), 0.0039496 secs]
18085.371: [GC (Allocation Failure)  439238K->9670K(1104896K), 0.0031864 secs]
18085.835: [GC (Allocation Failure)  425926K->9638K(1092096K), 0.0047031 secs]
18086.284: [GC (Allocation Failure)  413094K->9670K(1079808K), 0.0049372 secs]
18086.723: [GC (Allocation Failure)  400838K->9670K(1158144K), 0.0053706 secs]
18087.251: [GC (Allocation Failure)  479174K->9670K(1143296K), 0.0035278 secs]
18087.756: [GC (Allocation Failure)  464326K->9638K(1128960K), 0.0035078 secs]
18088.245: [GC (Allocation Failure)  449958K->9638K(1115136K), 0.0033789 secs]
18088.716: [GC (Allocation Failure)  436134K->9670K(1102336K), 0.0040639 secs]
18089.211: [GC (Allocation Failure)  423366K->9670K(1090048K), 0.0038944 secs]
18089.656: [GC (Allocation Failure)  411078K->9670K(1078272K), 0.0054056 secs]
18090.094: [GC (Allocation Failure)  399302K->9638K(1067008K), 0.0042751 secs]
18090.518: [GC (Allocation Failure)  388006K->9670K(1056256K), 0.0039858 secs]
18090.931: [GC (Allocation Failure)  377286K->9670K(1045504K), 0.0038992 secs]
18091.326: [GC (Allocation Failure)  366534K->9670K(1035264K), 0.0041130 secs]
18091.711: [GC (Allocation Failure)  356294K->9670K(1025536K), 0.0041497 secs]
18092.086: [GC (Allocation Failure)  346566K->9670K(1016320K), 0.0039488 secs]
18092.450: [GC (Allocation Failure)  337350K->9670K(1081856K), 0.0040959 secs]
18092.885: [GC (Allocation Failure)  402886K->9670K(1070080K), 0.0037154 secs]
18093.308: [GC (Allocation Failure)  391110K->9670K(1058816K), 0.0035065 secs]
18093.717: [GC (Allocation Failure)  379846K->9670K(1048064K), 0.0047935 secs]
18094.118: [GC (Allocation Failure)  369094K->9670K(1037824K), 0.0038930 secs]
18094.505: [GC (Allocation Failure)  358854K->9638K(1028096K), 0.0039726 secs]
18094.884: [GC (Allocation Failure)  349094K->9670K(1018880K), 0.0040760 secs]
18095.276: [GC (Allocation Failure)  339910K->9670K(1084928K), 0.0042462 secs]
18095.735: [GC (Allocation Failure)  405958K->9670K(1073152K), 0.0039819 secs]
18096.160: [GC (Allocation Failure)  394182K->9670K(1061888K), 0.0038253 secs]
18096.593: [GC (Allocation Failure)  382918K->9670K(1051136K), 0.0038713 secs]
18096.994: [GC (Allocation Failure)  372166K->9702K(1040896K), 0.0039994 secs]
18097.390: [GC (Allocation Failure)  361958K->9670K(1031168K), 0.0046089 secs]
18097.773: [GC (Allocation Failure)  352198K->9638K(1021440K), 0.0039436 secs]
18098.160: [GC (Allocation Failure)  342438K->9670K(1088000K), 0.0044385 secs]
18098.609: [GC (Allocation Failure)  409030K->9638K(1076224K), 0.0036612 secs]
18099.062: [GC (Allocation Failure)  397222K->9638K(1064960K), 0.0036301 secs]
18099.480: [GC (Allocation Failure)  385958K->9670K(1054208K), 0.0038442 secs]
18099.908: [GC (Allocation Failure)  375238K->9670K(1043968K), 0.0043633 secs]
18100.303: [GC (Allocation Failure)  364998K->9670K(1033728K), 0.0034177 secs]
18100.690: [GC (Allocation Failure)  354758K->9670K(1024000K), 0.0044127 secs]
18101.068: [GC (Allocation Failure)  345030K->9702K(1091072K), 0.0045592 secs]
18101.537: [GC (Allocation Failure)  412134K->9638K(1079296K), 0.0041470 secs]
18101.967: [GC (Allocation Failure)  400294K->9670K(1068032K), 0.0045654 secs]
18102.392: [GC (Allocation Failure)  389062K->9670K(1056768K), 0.0043536 secs]
18102.823: [GC (Allocation Failure)  377798K->9670K(1046016K), 0.0030534 secs]
18103.219: [GC (Allocation Failure)  367046K->9702K(1035776K), 0.0032087 secs]
18103.602: [GC (Allocation Failure)  356838K->9638K(1026048K), 0.0033404 secs]
18103.980: [GC (Allocation Failure)  347046K->9638K(1016832K), 0.0038160 secs]
18104.343: [GC (Allocation Failure)  337830K->9670K(1008128K), 0.0038130 secs]
18104.699: [GC (Allocation Failure)  329158K->9670K(999424K), 0.0031411 secs]
18105.079: [GC (Allocation Failure)  320454K->9670K(991232K), 0.0044560 secs]
18105.415: [GC (Allocation Failure)  312262K->9670K(1052160K), 0.0038906 secs]
18105.820: [GC (Allocation Failure)  373190K->9670K(1041920K), 0.0036189 secs]
18106.214: [GC (Allocation Failure)  362950K->9670K(1032192K), 0.0036325 secs]
18106.594: [GC (Allocation Failure)  353222K->9702K(1022464K), 0.0031944 secs]
18106.963: [GC (Allocation Failure)  343526K->9702K(1013248K), 0.0038120 secs]
18107.322: [GC (Allocation Failure)  334310K->9670K(1004544K), 0.0040448 secs]
18107.674: [GC (Allocation Failure)  325574K->9670K(1068032K), 0.0042141 secs]
18108.094: [GC (Allocation Failure)  389062K->9670K(1056768K), 0.0032712 secs]
18108.500: [GC (Allocation Failure)  377798K->9702K(1046016K), 0.0037173 secs]
18108.897: [GC (Allocation Failure)  367078K->9670K(1035776K), 0.0038042 secs]
18109.283: [GC (Allocation Failure)  356806K->9734K(1026048K), 0.0036990 secs]
18109.657: [GC (Allocation Failure)  347142K->9670K(1016832K), 0.0036079 secs]
18110.021: [GC (Allocation Failure)  337862K->9670K(1008128K), 0.0038001 secs]
18110.406: [GC (Allocation Failure)  329158K->9702K(999424K), 0.0031976 secs]
18110.750: [GC (Allocation Failure)  320486K->9670K(991232K), 0.0030468 secs]
18111.084: [GC (Allocation Failure)  312262K->9702K(983552K), 0.0033501 secs]
18111.414: [GC (Allocation Failure)  304614K->9638K(975872K), 0.0031381 secs]
18111.732: [GC (Allocation Failure)  296870K->9702K(968704K), 0.0024121 secs]
18112.044: [GC (Allocation Failure)  289766K->9670K(961536K), 0.0033837 secs]
18112.349: [GC (Allocation Failure)  282566K->9606K(1016320K), 0.0044193 secs]
18112.714: [GC (Allocation Failure)  337286K->9670K(1081856K), 0.0034593 secs]
18113.146: [GC (Allocation Failure)  402886K->9670K(1070080K), 0.0037327 secs]
18113.565: [GC (Allocation Failure)  391110K->9670K(1058816K), 0.0038242 secs]
18113.972: [GC (Allocation Failure)  379846K->9670K(1048064K), 0.0029801 secs]
18114.367: [GC (Allocation Failure)  369094K->9702K(1037824K), 0.0035833 secs]
18114.756: [GC (Allocation Failure)  358886K->9670K(1028096K), 0.0039490 secs]
18115.138: [GC (Allocation Failure)  349126K->9670K(1018880K), 0.0042620 secs]
18115.511: [GC (Allocation Failure)  339910K->9702K(1009664K), 0.0032613 secs]
18115.868: [GC (Allocation Failure)  330726K->9638K(1000960K), 0.0032734 secs]
18116.214: [GC (Allocation Failure)  321958K->9638K(992768K), 0.0038000 secs]
18116.552: [GC (Allocation Failure)  313766K->9670K(984576K), 0.0031155 secs]
18116.879: [GC (Allocation Failure)  305606K->9638K(976896K), 0.0035731 secs]
18117.199: [GC (Allocation Failure)  297894K->9670K(1034752K), 0.0036807 secs]
18117.583: [GC (Allocation Failure)  355782K->9670K(1104384K), 0.0043439 secs]
18118.044: [GC (Allocation Failure)  425414K->9670K(1091584K), 0.0036002 secs]
18118.491: [GC (Allocation Failure)  412614K->9638K(1079808K), 0.0041933 secs]
18118.929: [GC (Allocation Failure)  400806K->9702K(1068032K), 0.0046799 secs]
18119.349: [GC (Allocation Failure)  389094K->9638K(1056768K), 0.0035471 secs]
18119.759: [GC (Allocation Failure)  377766K->9670K(1046016K), 0.0039870 secs]
18120.155: [GC (Allocation Failure)  367046K->9670K(1035776K), 0.0038117 secs]
18120.564: [GC (Allocation Failure)  356806K->9670K(1026048K), 0.0035134 secs]
18120.937: [GC (Allocation Failure)  347078K->9670K(1016832K), 0.0036585 secs]
18121.303: [GC (Allocation Failure)  337862K->9638K(1008128K), 0.0030414 secs]
18121.656: [GC (Allocation Failure)  329126K->9702K(999424K), 0.0038650 secs]
18122.003: [GC (Allocation Failure)  320486K->9670K(991232K), 0.0035489 secs]
18122.341: [GC (Allocation Failure)  312262K->9670K(1052160K), 0.0045728 secs]
18122.743: [GC (Allocation Failure)  373190K->9702K(1041920K), 0.0030950 secs]
18123.133: [GC (Allocation Failure)  362982K->9670K(1032192K), 0.0032541 secs]
18123.515: [GC (Allocation Failure)  353222K->9702K(1022464K), 0.0030038 secs]
18123.886: [GC (Allocation Failure)  343526K->9702K(1013248K), 0.0037357 secs]
18124.247: [GC (Allocation Failure)  334310K->9670K(1078272K), 0.0046640 secs]
18124.683: [GC (Allocation Failure)  399302K->9670K(1067008K), 0.0033529 secs]
18125.119: [GC (Allocation Failure)  388038K->9702K(1056256K), 0.0028365 secs]
18125.527: [GC (Allocation Failure)  377318K->9638K(1045504K), 0.0028274 secs]
18125.923: [GC (Allocation Failure)  366502K->9670K(1035264K), 0.0039691 secs]
18126.307: [GC (Allocation Failure)  356294K->9670K(1025536K), 0.0031010 secs]
18126.681: [GC (Allocation Failure)  346566K->9670K(1016320K), 0.0035449 secs]
18127.045: [GC (Allocation Failure)  337350K->9638K(1007616K), 0.0035490 secs]
18127.400: [GC (Allocation Failure)  328614K->9638K(998912K), 0.0036140 secs]
18127.747: [GC (Allocation Failure)  319910K->9734K(990720K), 0.0029100 secs]
18128.081: [GC (Allocation Failure)  311814K->9670K(983040K), 0.0032547 secs]
18128.410: [GC (Allocation Failure)  304070K->9638K(975360K), 0.0035172 secs]
18128.750: [GC (Allocation Failure)  296358K->9638K(968192K), 0.0032752 secs]
18129.062: [GC (Allocation Failure)  289190K->9670K(1024512K), 0.0038746 secs]
18129.438: [GC (Allocation Failure)  345542K->9638K(1092096K), 0.0043410 secs]
18129.910: [GC (Allocation Failure)  413094K->9670K(1079808K), 0.0030049 secs]
18130.341: [GC (Allocation Failure)  400838K->9670K(1068032K), 0.0034214 secs]
18130.760: [GC (Allocation Failure)  389062K->9702K(1056768K), 0.0034763 secs]
18131.202: [GC (Allocation Failure)  377830K->9734K(1046016K), 0.0031815 secs]
18131.595: [GC (Allocation Failure)  367110K->9670K(1035776K), 0.0034347 secs]
18131.977: [GC (Allocation Failure)  356806K->9638K(1026048K), 0.0035894 secs]
18132.354: [GC (Allocation Failure)  347046K->9638K(1016832K), 0.0033125 secs]
18132.720: [GC (Allocation Failure)  337830K->9638K(1008128K), 0.0043484 secs]
18133.082: [GC (Allocation Failure)  329126K->9638K(999424K), 0.0039283 secs]
18133.427: [GC (Allocation Failure)  320422K->9670K(991232K), 0.0036432 secs]
18133.763: [GC (Allocation Failure)  312262K->9670K(983552K), 0.0034285 secs]
18134.090: [GC (Allocation Failure)  304582K->9702K(975872K), 0.0030482 secs]
18134.408: [GC (Allocation Failure)  296934K->9670K(1033728K), 0.0054058 secs]
18134.794: [GC (Allocation Failure)  354758K->9734K(1102848K), 0.0040395 secs]
18135.255: [GC (Allocation Failure)  423942K->9670K(1185792K), 0.0034834 secs]
18135.805: [GC (Allocation Failure)  506822K->9638K(1169920K), 0.0028237 secs]
18136.361: [GC (Allocation Failure)  490918K->9670K(1154560K), 0.0040009 secs]
18136.875: [GC (Allocation Failure)  475590K->9670K(1139712K), 0.0035679 secs]
18137.375: [GC (Allocation Failure)  460742K->9670K(1125376K), 0.0033088 secs]
18137.855: [GC (Allocation Failure)  446406K->9670K(1112064K), 0.0033044 secs]
18138.324: [GC (Allocation Failure)  433094K->9638K(1099264K), 0.0037851 secs]
18138.777: [GC (Allocation Failure)  420262K->9670K(1086976K), 0.0039206 secs]
18139.218: [GC (Allocation Failure)  408006K->9670K(1075200K), 0.0037073 secs]
18139.649: [GC (Allocation Failure)  396230K->9670K(1063936K), 0.0037222 secs]
18140.112: [GC (Allocation Failure)  384966K->9670K(1053184K), 0.0038356 secs]
18140.516: [GC (Allocation Failure)  374214K->9702K(1042944K), 0.0031748 secs]
18140.909: [GC (Allocation Failure)  364006K->9638K(1032704K), 0.0031037 secs]
18141.320: [GC (Allocation Failure)  353702K->9670K(1022976K), 0.0042142 secs]
18141.691: [GC (Allocation Failure)  344006K->9638K(1013760K), 0.0036875 secs]
18142.053: [GC (Allocation Failure)  334758K->9670K(1005056K), 0.0039060 secs]
18142.403: [GC (Allocation Failure)  326086K->9670K(996352K), 0.0037434 secs]
18142.746: [GC (Allocation Failure)  317382K->9670K(988160K), 0.0032292 secs]
18143.079: [GC (Allocation Failure)  309190K->9638K(980480K), 0.0033473 secs]
18143.401: [GC (Allocation Failure)  301478K->9638K(972800K), 0.0034803 secs]
18143.716: [GC (Allocation Failure)  293798K->9702K(965632K), 0.0033478 secs]
18144.025: [GC (Allocation Failure)  286694K->9638K(1021440K), 0.0036468 secs]
18144.411: [GC (Allocation Failure)  342438K->9702K(1088000K), 0.0042639 secs]
18144.858: [GC (Allocation Failure)  409062K->9702K(1076224K), 0.0037424 secs]
18145.288: [GC (Allocation Failure)  397286K->9702K(1154048K), 0.0047557 secs]
18145.803: [GC (Allocation Failure)  475110K->9638K(1139200K), 0.0037104 secs]
18146.300: [GC (Allocation Failure)  460198K->9670K(1125376K), 0.0034984 secs]
18146.809: [GC (Allocation Failure)  446406K->9670K(1112064K), 0.0040711 secs]
18147.282: [GC (Allocation Failure)  433094K->9638K(1099264K), 0.0036775 secs]
18147.736: [GC (Allocation Failure)  420262K->9670K(1086976K), 0.0034619 secs]
18148.177: [GC (Allocation Failure)  408006K->9670K(1075200K), 0.0033394 secs]
18148.601: [GC (Allocation Failure)  396230K->9670K(1063936K), 0.0043031 secs]
18149.014: [GC (Allocation Failure)  384966K->9702K(1053184K), 0.0035748 secs]
18149.419: [GC (Allocation Failure)  374246K->9670K(1042944K), 0.0033771 secs]
18149.812: [GC (Allocation Failure)  363974K->9702K(1032704K), 0.0038065 secs]
18150.197: [GC (Allocation Failure)  353766K->9670K(1022976K), 0.0031292 secs]
18150.567: [GC (Allocation Failure)  344006K->9638K(1013760K), 0.0041733 secs]
18150.931: [GC (Allocation Failure)  334758K->9670K(1005056K), 0.0038634 secs]
18151.285: [GC (Allocation Failure)  326086K->9638K(996352K), 0.0037702 secs]
18151.626: [GC (Allocation Failure)  317350K->9702K(988160K), 0.0031085 secs]
18151.957: [GC (Allocation Failure)  309222K->9638K(980480K), 0.0032832 secs]
18152.282: [GC (Allocation Failure)  301478K->9670K(972800K), 0.0035295 secs]
18152.600: [GC (Allocation Failure)  293830K->9638K(965632K), 0.0033469 secs]
18152.909: [GC (Allocation Failure)  286630K->9670K(958464K), 0.0032695 secs]
18153.209: [GC (Allocation Failure)  279494K->9670K(1012736K), 0.0036179 secs]
18153.568: [GC (Allocation Failure)  333766K->9670K(1077760K), 0.0040988 secs]
18154.024: [GC (Allocation Failure)  398790K->9638K(1066496K), 0.0036154 secs]
18154.440: [GC (Allocation Failure)  387494K->9670K(1055744K), 0.0039935 secs]
18154.849: [GC (Allocation Failure)  376774K->9670K(1044992K), 0.0035910 secs]
18155.241: [GC (Allocation Failure)  366022K->9638K(1034752K), 0.0034136 secs]
18155.624: [GC (Allocation Failure)  355750K->9670K(1025024K), 0.0033962 secs]
18155.999: [GC (Allocation Failure)  346054K->9670K(1015808K), 0.0036443 secs]
18156.362: [GC (Allocation Failure)  336838K->9638K(1007104K), 0.0037262 secs]
18156.715: [GC (Allocation Failure)  328102K->9670K(998400K), 0.0042095 secs]
18157.060: [GC (Allocation Failure)  319430K->9638K(1060352K), 0.0039621 secs]
18157.471: [GC (Allocation Failure)  381350K->9670K(1135104K), 0.0044585 secs]
18157.964: [GC (Allocation Failure)  456134K->9670K(1121280K), 0.0034688 secs]
18158.443: [GC (Allocation Failure)  442310K->9638K(1107968K), 0.0031379 secs]
18158.907: [GC (Allocation Failure)  428966K->9638K(1095168K), 0.0034221 secs]
18159.376: [GC (Allocation Failure)  416166K->9638K(1082880K), 0.0037949 secs]
18159.813: [GC (Allocation Failure)  403878K->9670K(1071104K), 0.0031813 secs]
18160.235: [GC (Allocation Failure)  392134K->9670K(1059840K), 0.0040027 secs]
18160.645: [GC (Allocation Failure)  380870K->9638K(1049088K), 0.0043621 secs]
18161.050: [GC (Allocation Failure)  370086K->9638K(1038848K), 0.0036951 secs]
18161.437: [GC (Allocation Failure)  359846K->9702K(1029120K), 0.0032120 secs]
18161.815: [GC (Allocation Failure)  350182K->9670K(1019904K), 0.0048790 secs]
18162.222: [GC (Allocation Failure)  340934K->9670K(1010688K), 0.0040278 secs]
18162.602: [GC (Allocation Failure)  331718K->9670K(1001984K), 0.0034211 secs]
18162.949: [GC (Allocation Failure)  323014K->9638K(993792K), 0.0030533 secs]
18163.287: [GC (Allocation Failure)  314790K->9670K(1055232K), 0.0051206 secs]
18163.699: [GC (Allocation Failure)  376262K->9638K(1128960K), 0.0043151 secs]
18164.188: [GC (Allocation Failure)  449958K->9670K(1115136K), 0.0035409 secs]
18164.661: [GC (Allocation Failure)  436166K->9638K(1102336K), 0.0041171 secs]
18165.121: [GC (Allocation Failure)  423334K->9670K(1090048K), 0.0035316 secs]
18165.565: [GC (Allocation Failure)  411078K->9670K(1078272K), 0.0035474 secs]
18165.991: [GC (Allocation Failure)  399302K->9670K(1067008K), 0.0037643 secs]
18166.406: [GC (Allocation Failure)  388038K->9670K(1056256K), 0.0044209 secs]
18166.819: [GC (Allocation Failure)  377286K->9638K(1045504K), 0.0039378 secs]
18167.246: [GC (Allocation Failure)  366502K->9638K(1035264K), 0.0039949 secs]
18167.631: [GC (Allocation Failure)  356262K->9638K(1025536K), 0.0039096 secs]
18168.005: [GC (Allocation Failure)  346534K->9638K(1016320K), 0.0035490 secs]
18168.369: [GC (Allocation Failure)  337318K->9670K(1007616K), 0.0039329 secs]
18168.724: [GC (Allocation Failure)  328646K->9670K(1071616K), 0.0046701 secs]
18169.154: [GC (Allocation Failure)  392646K->9638K(1060352K), 0.0032761 secs]
18169.567: [GC (Allocation Failure)  381350K->9638K(1049600K), 0.0030857 secs]
18169.967: [GC (Allocation Failure)  370598K->9670K(1039360K), 0.0041239 secs]
18170.364: [GC (Allocation Failure)  360390K->9606K(1029632K), 0.0036603 secs]
18170.744: [GC (Allocation Failure)  350598K->9670K(1020416K), 0.0033182 secs]
18171.112: [GC (Allocation Failure)  341446K->9638K(1011200K), 0.0045657 secs]
18171.475: [GC (Allocation Failure)  332198K->9670K(1002496K), 0.0036619 secs]
18171.823: [GC (Allocation Failure)  323526K->9670K(994304K), 0.0036026 secs]
18172.183: [GC (Allocation Failure)  315334K->9670K(986112K), 0.0034980 secs]
18172.512: [GC (Allocation Failure)  307142K->9670K(978432K), 0.0033737 secs]
18172.832: [GC (Allocation Failure)  299462K->9702K(1036800K), 0.0034578 secs]
18173.219: [GC (Allocation Failure)  357862K->9734K(1027072K), 0.0036632 secs]
18173.595: [GC (Allocation Failure)  348166K->9638K(1017856K), 0.0039770 secs]
18173.963: [GC (Allocation Failure)  338854K->9638K(1008640K), 0.0037452 secs]
18174.317: [GC (Allocation Failure)  329638K->9670K(999936K), 0.0032755 secs]
18174.664: [GC (Allocation Failure)  320966K->9702K(1062400K), 0.0042550 secs]
18175.080: [GC (Allocation Failure)  383462K->9670K(1051648K), 0.0034998 secs]
18175.481: [GC (Allocation Failure)  372678K->9702K(1041408K), 0.0040549 secs]
18175.875: [GC (Allocation Failure)  362470K->9702K(1031680K), 0.0037173 secs]
18176.255: [GC (Allocation Failure)  352742K->9638K(1021952K), 0.0034403 secs]
18176.624: [GC (Allocation Failure)  342950K->9670K(1012736K), 0.0032650 secs]
18177.030: [GC (Allocation Failure)  333766K->9638K(1004032K), 0.0035441 secs]
18177.380: [GC (Allocation Failure)  325030K->9670K(995840K), 0.0030440 secs]
18177.720: [GC (Allocation Failure)  316870K->9670K(987648K), 0.0038938 secs]
18178.053: [GC (Allocation Failure)  308678K->9670K(979968K), 0.0038196 secs]
18178.377: [GC (Allocation Failure)  300998K->9670K(972288K), 0.0028418 secs]
18178.693: [GC (Allocation Failure)  293318K->9670K(965120K), 0.0035083 secs]
18179.002: [GC (Allocation Failure)  286150K->9638K(1020416K), 0.0037575 secs]
18179.386: [GC (Allocation Failure)  341414K->9638K(1011200K), 0.0033219 secs]
18179.767: [GC (Allocation Failure)  332198K->9702K(1002496K), 0.0034724 secs]
18180.116: [GC (Allocation Failure)  323558K->9638K(994304K), 0.0034931 secs]
18180.457: [GC (Allocation Failure)  315302K->9670K(986112K), 0.0037937 secs]
18180.789: [GC (Allocation Failure)  307142K->9670K(1046016K), 0.0035103 secs]
18181.184: [GC (Allocation Failure)  367046K->9670K(1035776K), 0.0037208 secs]
18181.572: [GC (Allocation Failure)  356806K->9670K(1026048K), 0.0041011 secs]
18181.950: [GC (Allocation Failure)  347078K->9702K(1093632K), 0.0041787 secs]
18182.400: [GC (Allocation Failure)  414694K->9638K(1081344K), 0.0033875 secs]
18182.848: [GC (Allocation Failure)  402342K->9638K(1069568K), 0.0049603 secs]
18183.305: [GC (Allocation Failure)  390566K->9702K(1058304K), 0.0034997 secs]
18183.730: [GC (Allocation Failure)  379366K->9670K(1047552K), 0.0030482 secs]
18184.127: [GC (Allocation Failure)  368582K->9638K(1037312K), 0.0031922 secs]
18184.513: [GC (Allocation Failure)  358310K->9734K(1027584K), 0.0040965 secs]
18184.898: [GC (Allocation Failure)  348678K->9670K(1018368K), 0.0027517 secs]
18185.265: [GC (Allocation Failure)  339398K->9670K(1009152K), 0.0030054 secs]
18185.642: [GC (Allocation Failure)  330182K->9670K(1000448K), 0.0035805 secs]
18185.987: [GC (Allocation Failure)  321478K->9702K(992256K), 0.0035474 secs]
18186.327: [GC (Allocation Failure)  313318K->9670K(984064K), 0.0035521 secs]
18186.654: [GC (Allocation Failure)  305094K->9670K(976384K), 0.0032139 secs]
18186.974: [GC (Allocation Failure)  297414K->9670K(969216K), 0.0036013 secs]
18187.286: [GC (Allocation Failure)  290246K->9702K(1025536K), 0.0037339 secs]
18187.661: [GC (Allocation Failure)  346598K->9670K(1016320K), 0.0031685 secs]
18188.025: [GC (Allocation Failure)  337350K->9670K(1007616K), 0.0033630 secs]
18188.379: [GC (Allocation Failure)  328646K->9638K(1071616K), 0.0044143 secs]
18188.808: [GC (Allocation Failure)  392614K->9670K(1060352K), 0.0038306 secs]
18189.219: [GC (Allocation Failure)  381382K->9638K(1049600K), 0.0031641 secs]
18189.619: [GC (Allocation Failure)  370598K->9670K(1039360K), 0.0033836 secs]
18190.009: [GC (Allocation Failure)  360390K->9670K(1029632K), 0.0035881 secs]
18190.387: [GC (Allocation Failure)  350662K->9670K(1020416K), 0.0033256 secs]
18190.755: [GC (Allocation Failure)  341446K->9670K(1011200K), 0.0031662 secs]
18191.116: [GC (Allocation Failure)  332230K->9670K(1002496K), 0.0034834 secs]
18191.464: [GC (Allocation Failure)  323526K->9670K(994304K), 0.0033824 secs]
18191.805: [GC (Allocation Failure)  315334K->9638K(986112K), 0.0032633 secs]
18192.135: [GC (Allocation Failure)  307110K->9638K(978432K), 0.0035754 secs]
18192.457: [GC (Allocation Failure)  299430K->9670K(971264K), 0.0032849 secs]
18192.769: [GC (Allocation Failure)  292294K->9670K(964096K), 0.0031480 secs]
18193.098: [GC (Allocation Failure)  285126K->9670K(1019392K), 0.0038718 secs]
18193.467: [GC (Allocation Failure)  340422K->9638K(1085952K), 0.0040782 secs]
18193.912: [GC (Allocation Failure)  406950K->9670K(1074176K), 0.0030747 secs]
18194.337: [GC (Allocation Failure)  395206K->9702K(1062912K), 0.0047239 secs]
18194.774: [GC (Allocation Failure)  383974K->9670K(1052160K), 0.0033229 secs]
18195.175: [GC (Allocation Failure)  373190K->9638K(1041920K), 0.0037304 secs]
18195.570: [GC (Allocation Failure)  362918K->9638K(1032192K), 0.0039093 secs]
18195.951: [GC (Allocation Failure)  353190K->9670K(1022464K), 0.0032696 secs]
18196.322: [GC (Allocation Failure)  343494K->9702K(1013248K), 0.0034068 secs]
18196.695: [GC (Allocation Failure)  334310K->9670K(1004544K), 0.0026979 secs]
18197.048: [GC (Allocation Failure)  325574K->9638K(996352K), 0.0033059 secs]
18197.389: [GC (Allocation Failure)  317350K->9702K(988160K), 0.0030863 secs]
18197.740: [GC (Allocation Failure)  309222K->9638K(980480K), 0.0035212 secs]
18198.069: [GC (Allocation Failure)  301478K->9734K(972800K), 0.0032844 secs]
18198.399: [GC (Allocation Failure)  293894K->9670K(965632K), 0.0036075 secs]
18198.705: [GC (Allocation Failure)  286662K->9702K(958464K), 0.0032002 secs]
18199.006: [GC (Allocation Failure)  279526K->9670K(1012736K), 0.0036590 secs]
18199.369: [GC (Allocation Failure)  333766K->9670K(1077760K), 0.0037225 secs]
18199.801: [GC (Allocation Failure)  398790K->9670K(1066496K), 0.0032832 secs]
18200.220: [GC (Allocation Failure)  387526K->9638K(1055744K), 0.0041532 secs]
18200.632: [GC (Allocation Failure)  376742K->9670K(1044992K), 0.0036796 secs]
18201.021: [GC (Allocation Failure)  366022K->9638K(1034752K), 0.0028726 secs]
18201.401: [GC (Allocation Failure)  355750K->9734K(1025024K), 0.0037508 secs]
18201.771: [GC (Allocation Failure)  346118K->9734K(1015808K), 0.0030960 secs]
18202.136: [GC (Allocation Failure)  336902K->9638K(1007104K), 0.0027757 secs]
18202.490: [GC (Allocation Failure)  328102K->9670K(998400K), 0.0037272 secs]
18202.835: [GC (Allocation Failure)  319430K->9670K(990208K), 0.0033173 secs]
18203.184: [GC (Allocation Failure)  311238K->9638K(982528K), 0.0026454 secs]
18203.546: [GC (Allocation Failure)  303526K->9670K(974848K), 0.0033414 secs]
18203.864: [GC (Allocation Failure)  295878K->9670K(967680K), 0.0036068 secs]
18204.174: [GC (Allocation Failure)  288710K->9670K(960512K), 0.0031311 secs]
18204.477: [GC (Allocation Failure)  281542K->9638K(953856K), 0.0031590 secs]
18204.772: [GC (Allocation Failure)  274854K->9638K(947200K), 0.0032494 secs]
18205.060: [GC (Allocation Failure)  268198K->9638K(941056K), 0.0027082 secs]
18205.343: [GC (Allocation Failure)  262054K->9638K(991744K), 0.0034889 secs]
18205.682: [GC (Allocation Failure)  312742K->9702K(984064K), 0.0023896 secs]
18206.010: [GC (Allocation Failure)  305126K->9670K(976384K), 0.0028058 secs]
18206.329: [GC (Allocation Failure)  297414K->9670K(969216K), 0.0033554 secs]
18206.643: [GC (Allocation Failure)  290246K->9638K(962048K), 0.0031288 secs]
18206.966: [GC (Allocation Failure)  283046K->9670K(955392K), 0.0035194 secs]
18207.263: [GC (Allocation Failure)  276422K->9638K(1009152K), 0.0040087 secs]
18207.624: [GC (Allocation Failure)  330150K->9670K(1000448K), 0.0026969 secs]
18207.970: [GC (Allocation Failure)  321478K->9702K(992256K), 0.0032364 secs]
18208.309: [GC (Allocation Failure)  313318K->9702K(984064K), 0.0027166 secs]
18208.663: [GC (Allocation Failure)  305126K->9702K(976384K), 0.0026752 secs]
18208.985: [GC (Allocation Failure)  297446K->9638K(969216K), 0.0031868 secs]
18209.296: [GC (Allocation Failure)  290214K->9670K(962048K), 0.0032924 secs]
18209.601: [GC (Allocation Failure)  283078K->9670K(955392K), 0.0023096 secs]
18209.897: [GC (Allocation Failure)  276422K->9670K(948736K), 0.0031242 secs]
18210.214: [GC (Allocation Failure)  269766K->9670K(942592K), 0.0027818 secs]
18210.495: [GC (Allocation Failure)  263622K->9670K(936448K), 0.0031196 secs]
18210.773: [GC (Allocation Failure)  257478K->9670K(930816K), 0.0032027 secs]
18211.044: [GC (Allocation Failure)  251846K->9702K(925184K), 0.0028524 secs]
18211.323: [GC (Allocation Failure)  246246K->9670K(972800K), 0.0030163 secs]
18211.637: [GC (Allocation Failure)  293830K->9638K(1029632K), 0.0035848 secs]
18212.015: [GC (Allocation Failure)  350630K->9702K(1020416K), 0.0027078 secs]
18212.381: [GC (Allocation Failure)  341478K->9670K(1011200K), 0.0031969 secs]
18212.738: [GC (Allocation Failure)  332230K->9638K(1002496K), 0.0037140 secs]
18213.099: [GC (Allocation Failure)  323494K->9670K(994304K), 0.0028482 secs]
18213.438: [GC (Allocation Failure)  315334K->9670K(986112K), 0.0078789 secs]
18213.780: [GC (Allocation Failure)  307142K->9638K(978432K), 0.0029625 secs]
18214.120: [GC (Allocation Failure)  299430K->9670K(971264K), 0.0038141 secs]
18214.437: [GC (Allocation Failure)  292294K->9670K(964096K), 0.0032260 secs]
18214.745: [GC (Allocation Failure)  285126K->9670K(957440K), 0.0024649 secs]
18215.044: [GC (Allocation Failure)  278470K->9638K(950784K), 0.0032963 secs]
18215.336: [GC (Allocation Failure)  271782K->9670K(1003520K), 0.0038631 secs]
18215.687: [GC (Allocation Failure)  324550K->9670K(1066496K), 0.0033932 secs]
18216.106: [GC (Allocation Failure)  387526K->9670K(1055744K), 0.0034702 secs]
18216.513: [GC (Allocation Failure)  376774K->9606K(1044992K), 0.0031841 secs]
18216.911: [GC (Allocation Failure)  365958K->9702K(1034752K), 0.0031956 secs]
18217.297: [GC (Allocation Failure)  355814K->9702K(1025024K), 0.0027315 secs]
18217.689: [GC (Allocation Failure)  346086K->9638K(1015808K), 0.0037319 secs]
18218.052: [GC (Allocation Failure)  336806K->9638K(1007104K), 0.0033889 secs]
18218.403: [GC (Allocation Failure)  328102K->9638K(998400K), 0.0033237 secs]
18218.744: [GC (Allocation Failure)  319398K->9638K(990208K), 0.0028030 secs]
18219.116: [GC (Allocation Failure)  311206K->9670K(982528K), 0.0039942 secs]
18219.445: [GC (Allocation Failure)  303558K->9670K(974848K), 0.0040632 secs]
18219.762: [GC (Allocation Failure)  295878K->9670K(967680K), 0.0032007 secs]
18220.075: [GC (Allocation Failure)  288710K->9638K(1023488K), 0.0039894 secs]
18220.448: [GC (Allocation Failure)  344486K->9606K(1014272K), 0.0027045 secs]
18220.810: [GC (Allocation Failure)  335238K->9702K(1079808K), 0.0041489 secs]
18221.246: [GC (Allocation Failure)  400870K->9670K(1068032K), 0.0032039 secs]
18221.665: [GC (Allocation Failure)  389062K->9670K(1056768K), 0.0027629 secs]
18222.094: [GC (Allocation Failure)  377798K->9702K(1046016K), 0.0037337 secs]
18222.493: [GC (Allocation Failure)  367078K->9638K(1035776K), 0.0046565 secs]
18222.882: [GC (Allocation Failure)  356774K->9670K(1026048K), 0.0030223 secs]
18223.257: [GC (Allocation Failure)  347078K->9670K(1016832K), 0.0036478 secs]
18223.620: [GC (Allocation Failure)  337862K->9670K(1008128K), 0.0035212 secs]
18223.973: [GC (Allocation Failure)  329158K->9670K(999424K), 0.0034423 secs]
18224.349: [GC (Allocation Failure)  320454K->9638K(991232K), 0.0031712 secs]
18224.685: [GC (Allocation Failure)  312230K->9638K(983552K), 0.0044395 secs]
18225.019: [GC (Allocation Failure)  304550K->9670K(1042944K), 0.0037889 secs]
18225.413: [GC (Allocation Failure)  363974K->9638K(1032704K), 0.0034796 secs]
18225.797: [GC (Allocation Failure)  353702K->9670K(1022976K), 0.0036769 secs]
18226.169: [GC (Allocation Failure)  344006K->9638K(1013760K), 0.0035785 secs]
18226.531: [GC (Allocation Failure)  334758K->9670K(1005056K), 0.0033144 secs]
18226.881: [GC (Allocation Failure)  326086K->9670K(996352K), 0.0033609 secs]
18227.223: [GC (Allocation Failure)  317382K->9702K(988160K), 0.0034500 secs]
18227.575: [GC (Allocation Failure)  309222K->9670K(980480K), 0.0035546 secs]
18227.899: [GC (Allocation Failure)  301510K->9670K(1038848K), 0.0037449 secs]
18228.289: [GC (Allocation Failure)  359878K->9638K(1029120K), 0.0031608 secs]
18228.668: [GC (Allocation Failure)  350118K->9670K(1019904K), 0.0033255 secs]
18229.035: [GC (Allocation Failure)  340934K->9670K(1086464K), 0.0054475 secs]
18229.506: [GC (Allocation Failure)  407494K->9638K(1166336K), 0.0042403 secs]
18230.036: [GC (Allocation Failure)  487334K->9670K(1150976K), 0.0039103 secs]
18230.547: [GC (Allocation Failure)  472006K->9638K(1136640K), 0.0041689 secs]
18231.048: [GC (Allocation Failure)  457638K->9638K(1122816K), 0.0035806 secs]
18231.525: [GC (Allocation Failure)  443814K->9638K(1109504K), 0.0033967 secs]
18231.992: [GC (Allocation Failure)  430502K->9702K(1096704K), 0.0040737 secs]
18232.444: [GC (Allocation Failure)  417766K->9670K(1084416K), 0.0036484 secs]
18232.881: [GC (Allocation Failure)  405446K->9638K(1072640K), 0.0041362 secs]
18233.309: [GC (Allocation Failure)  393638K->9638K(1061376K), 0.0037360 secs]
18233.724: [GC (Allocation Failure)  382374K->9638K(1050624K), 0.0036565 secs]
18234.126: [GC (Allocation Failure)  371622K->9670K(1040384K), 0.0037578 secs]
18234.536: [GC (Allocation Failure)  361414K->9670K(1030656K), 0.0035403 secs]
18234.916: [GC (Allocation Failure)  351686K->9638K(1020928K), 0.0037015 secs]
18235.282: [GC (Allocation Failure)  341926K->9638K(1011712K), 0.0037126 secs]
18235.641: [GC (Allocation Failure)  332710K->9638K(1003008K), 0.0029403 secs]
18235.986: [GC (Allocation Failure)  324006K->9670K(994816K), 0.0035175 secs]
18236.323: [GC (Allocation Failure)  315846K->9638K(986624K), 0.0038725 secs]
18236.673: [GC (Allocation Failure)  307622K->9638K(1046528K), 0.0043433 secs]
18237.070: [GC (Allocation Failure)  367526K->9670K(1036288K), 0.0034145 secs]
18237.456: [GC (Allocation Failure)  357318K->9670K(1026560K), 0.0032371 secs]
18237.851: [GC (Allocation Failure)  347590K->9638K(1017344K), 0.0037264 secs]
18238.218: [GC (Allocation Failure)  338342K->9670K(1008640K), 0.0039155 secs]
18238.587: [GC (Allocation Failure)  329670K->9670K(999936K), 0.0035255 secs]
18238.935: [GC (Allocation Failure)  320966K->9670K(991744K), 0.0035873 secs]
18239.274: [GC (Allocation Failure)  312774K->9670K(1052672K), 0.0050926 secs]
18239.702: [GC (Allocation Failure)  373702K->9638K(1125888K), 0.0050337 secs]
18240.211: [GC (Allocation Failure)  446886K->9670K(1213440K), 0.0036690 secs]
18240.810: [GC (Allocation Failure)  534470K->9670K(1196032K), 0.0038111 secs]
18241.385: [GC (Allocation Failure)  517062K->9670K(1179648K), 0.0054799 secs]
18241.928: [GC (Allocation Failure)  500678K->9670K(1163776K), 0.0038153 secs]
18242.453: [GC (Allocation Failure)  484806K->9638K(1148416K), 0.0041831 secs]
18242.967: [GC (Allocation Failure)  469414K->9670K(1134080K), 0.0036203 secs]
18243.461: [GC (Allocation Failure)  455110K->9638K(1120256K), 0.0033472 secs]
18243.938: [GC (Allocation Failure)  441254K->9670K(1106944K), 0.0037449 secs]
18244.406: [GC (Allocation Failure)  427974K->9670K(1094144K), 0.0291686 secs]
18244.890: [GC (Allocation Failure)  415174K->9702K(1081856K), 0.0034160 secs]
18245.336: [GC (Allocation Failure)  402918K->9670K(1070080K), 0.0036915 secs]
18245.761: [GC (Allocation Failure)  391110K->9670K(1058816K), 0.0035387 secs]
18246.195: [GC (Allocation Failure)  379846K->9702K(1048064K), 0.0053158 secs]
18246.600: [GC (Allocation Failure)  369126K->9670K(1037824K), 0.0037740 secs]
18246.988: [GC (Allocation Failure)  358854K->9670K(1028096K), 0.0041119 secs]
18247.369: [GC (Allocation Failure)  349126K->9670K(1018880K), 0.0030785 secs]
18247.732: [GC (Allocation Failure)  339910K->9670K(1009664K), 0.0034366 secs]
18248.089: [GC (Allocation Failure)  330694K->9670K(1000960K), 0.0036980 secs]
18248.435: [GC (Allocation Failure)  321990K->9670K(1063424K), 0.0045364 secs]
18248.855: [GC (Allocation Failure)  384454K->9670K(1052672K), 0.0036277 secs]
18249.258: [GC (Allocation Failure)  373702K->9702K(1042432K), 0.0033194 secs]
18249.670: [GC (Allocation Failure)  363494K->9670K(1032704K), 0.0041710 secs]
18250.081: [GC (Allocation Failure)  353734K->9670K(1022976K), 0.0041488 secs]
18250.457: [GC (Allocation Failure)  344006K->9766K(1013760K), 0.0037057 secs]
18250.819: [GC (Allocation Failure)  334886K->9670K(1005056K), 0.0033540 secs]
18251.168: [GC (Allocation Failure)  326086K->9638K(996352K), 0.0038517 secs]
18251.521: [GC (Allocation Failure)  317350K->9638K(988160K), 0.0036742 secs]
18251.855: [GC (Allocation Failure)  309158K->9670K(1048064K), 0.0043825 secs]
18252.266: [GC (Allocation Failure)  369094K->9670K(1120256K), 0.0036516 secs]
18252.762: [GC (Allocation Failure)  441286K->9670K(1106944K), 0.0044833 secs]
18253.223: [GC (Allocation Failure)  427974K->9670K(1094144K), 0.0048364 secs]
18253.696: [GC (Allocation Failure)  415174K->9670K(1081856K), 0.0035921 secs]
18254.129: [GC (Allocation Failure)  402886K->9638K(1070080K), 0.0038133 secs]
18254.552: [GC (Allocation Failure)  391078K->9670K(1058816K), 0.0037194 secs]
18254.985: [GC (Allocation Failure)  379846K->9670K(1048064K), 0.0036562 secs]
18255.388: [GC (Allocation Failure)  369094K->9670K(1037824K), 0.0036210 secs]
18255.778: [GC (Allocation Failure)  358854K->9638K(1028096K), 0.0037320 secs]
18256.156: [GC (Allocation Failure)  349094K->9670K(1018880K), 0.0035776 secs]
18256.523: [GC (Allocation Failure)  339910K->9702K(1009664K), 0.0036624 secs]
18256.883: [GC (Allocation Failure)  330726K->9638K(1000960K), 0.0040010 secs]
18257.232: [GC (Allocation Failure)  321958K->9670K(1063424K), 0.0047188 secs]
18257.674: [GC (Allocation Failure)  384454K->9670K(1052672K), 0.0033988 secs]
18258.079: [GC (Allocation Failure)  373702K->9670K(1042432K), 0.0038246 secs]
18258.487: [GC (Allocation Failure)  363462K->9670K(1032704K), 0.0044770 secs]
18258.869: [GC (Allocation Failure)  353734K->9670K(1022976K), 0.0033227 secs]
18259.239: [GC (Allocation Failure)  344006K->9670K(1013760K), 0.0037625 secs]
18259.601: [GC (Allocation Failure)  334790K->9670K(1005056K), 0.0034888 secs]
18259.953: [GC (Allocation Failure)  326086K->9670K(996352K), 0.0032398 secs]
18260.295: [GC (Allocation Failure)  317382K->9670K(988160K), 0.0040268 secs]
18260.635: [GC (Allocation Failure)  309190K->9670K(1048064K), 0.0037348 secs]
18261.057: [GC (Allocation Failure)  369094K->9638K(1037824K), 0.0036957 secs]
18261.443: [GC (Allocation Failure)  358822K->9670K(1028096K), 0.0041560 secs]
18261.826: [GC (Allocation Failure)  349126K->9670K(1096192K), 0.0046944 secs]
18262.292: [GC (Allocation Failure)  417222K->9670K(1083904K), 0.0041663 secs]
18262.730: [GC (Allocation Failure)  404934K->9638K(1072128K), 0.0035284 secs]
18263.157: [GC (Allocation Failure)  393126K->9670K(1060864K), 0.0044314 secs]
18263.572: [GC (Allocation Failure)  381894K->9702K(1050112K), 0.0042470 secs]
18263.974: [GC (Allocation Failure)  371174K->9670K(1039872K), 0.0042167 secs]
18264.404: [GC (Allocation Failure)  360902K->9670K(1030144K), 0.0043547 secs]
18264.784: [GC (Allocation Failure)  351174K->9670K(1020928K), 0.0036316 secs]
18265.153: [GC (Allocation Failure)  341958K->9638K(1011712K), 0.0040864 secs]
18265.513: [GC (Allocation Failure)  332710K->9670K(1076736K), 0.0047002 secs]
18265.977: [GC (Allocation Failure)  397766K->9670K(1065472K), 0.0036498 secs]
18266.393: [GC (Allocation Failure)  386502K->9638K(1054720K), 0.0044791 secs]
18266.801: [GC (Allocation Failure)  375718K->9638K(1044480K), 0.0039647 secs]
18267.215: [GC (Allocation Failure)  365478K->9670K(1034240K), 0.0036111 secs]
18267.621: [GC (Allocation Failure)  355270K->9670K(1024512K), 0.0033446 secs]
18267.996: [GC (Allocation Failure)  345542K->9702K(1015296K), 0.0046896 secs]
18268.364: [GC (Allocation Failure)  336358K->9670K(1080832K), 0.0042186 secs]
18268.799: [GC (Allocation Failure)  401862K->9670K(1069056K), 0.0041331 secs]
18269.226: [GC (Allocation Failure)  390086K->9702K(1057792K), 0.0036984 secs]
18269.635: [GC (Allocation Failure)  378854K->9670K(1047040K), 0.0047558 secs]
18270.037: [GC (Allocation Failure)  368070K->9638K(1118720K), 0.0048211 secs]
18270.517: [GC (Allocation Failure)  439718K->9670K(1204736K), 0.0046947 secs]
18271.090: [GC (Allocation Failure)  525766K->9670K(1187840K), 0.0039638 secs]
18271.640: [GC (Allocation Failure)  508870K->9638K(1171456K), 0.0035336 secs]
18272.174: [GC (Allocation Failure)  492454K->9670K(1156096K), 0.0040429 secs]
18272.695: [GC (Allocation Failure)  477126K->9670K(1141248K), 0.0038950 secs]
18273.198: [GC (Allocation Failure)  462278K->9638K(1126912K), 0.0039529 secs]
18273.703: [GC (Allocation Failure)  447910K->9702K(1113600K), 0.0045316 secs]
18274.174: [GC (Allocation Failure)  434662K->9606K(1100800K), 0.0186950 secs]
18274.649: [GC (Allocation Failure)  421766K->9702K(1088512K), 0.0047230 secs]
18275.115: [GC (Allocation Failure)  409574K->9670K(1076736K), 0.0042667 secs]
18275.552: [GC (Allocation Failure)  397766K->9702K(1065472K), 0.0042195 secs]
18275.969: [GC (Allocation Failure)  386534K->9670K(1054720K), 0.0045994 secs]
18276.377: [GC (Allocation Failure)  375750K->9638K(1044480K), 0.0046053 secs]
18276.772: [GC (Allocation Failure)  365478K->9638K(1034240K), 0.0035006 secs]
18277.155: [GC (Allocation Failure)  355238K->9638K(1024512K), 0.0036910 secs]
18277.527: [GC (Allocation Failure)  345510K->9670K(1015296K), 0.0033428 secs]
18277.887: [GC (Allocation Failure)  336326K->9638K(1006592K), 0.0032501 secs]
18278.241: [GC (Allocation Failure)  327590K->9702K(997888K), 0.0034391 secs]
18278.586: [GC (Allocation Failure)  318950K->9638K(989696K), 0.0034609 secs]
18278.923: [GC (Allocation Failure)  310694K->9670K(982016K), 0.0037278 secs]
18279.249: [GC (Allocation Failure)  303046K->9638K(1040896K), 0.0038950 secs]
18279.641: [GC (Allocation Failure)  361894K->9702K(1031168K), 0.0035425 secs]
18280.021: [GC (Allocation Failure)  352230K->9702K(1021440K), 0.0035648 secs]
18280.387: [GC (Allocation Failure)  342502K->9638K(1088000K), 0.0047875 secs]
18280.831: [GC (Allocation Failure)  408998K->9702K(1076224K), 0.0035848 secs]
18281.260: [GC (Allocation Failure)  397286K->9670K(1064960K), 0.0036948 secs]
18281.696: [GC (Allocation Failure)  385990K->9670K(1054208K), 0.0037249 secs]
18282.131: [GC (Allocation Failure)  375238K->9702K(1043968K), 0.0038182 secs]
18282.525: [GC (Allocation Failure)  365030K->9670K(1033728K), 0.0038783 secs]
18282.921: [GC (Allocation Failure)  354758K->9670K(1024000K), 0.0031633 secs]
18283.294: [GC (Allocation Failure)  345030K->9670K(1014784K), 0.0028997 secs]
18283.655: [GC (Allocation Failure)  335814K->9702K(1006080K), 0.0037247 secs]
18284.010: [GC (Allocation Failure)  327142K->9702K(997376K), 0.0037142 secs]
18284.353: [GC (Allocation Failure)  318438K->9670K(989184K), 0.0036504 secs]
18284.695: [GC (Allocation Failure)  310214K->9670K(981504K), 0.0040861 secs]
18285.020: [GC (Allocation Failure)  302534K->9670K(1040384K), 0.0039370 secs]
18285.414: [GC (Allocation Failure)  361414K->9638K(1111040K), 0.0040771 secs]
18285.906: [GC (Allocation Failure)  432038K->9702K(1098240K), 0.0036125 secs]
18286.364: [GC (Allocation Failure)  419302K->9638K(1085952K), 0.0036471 secs]
18286.806: [GC (Allocation Failure)  406950K->9670K(1074176K), 0.0037383 secs]
18287.234: [GC (Allocation Failure)  395206K->9638K(1062912K), 0.0041181 secs]
18287.655: [GC (Allocation Failure)  383910K->9670K(1052160K), 0.0038042 secs]
18288.057: [GC (Allocation Failure)  373190K->9670K(1041920K), 0.0040401 secs]
18288.449: [GC (Allocation Failure)  362950K->9670K(1032192K), 0.0033193 secs]
18288.827: [GC (Allocation Failure)  353222K->9670K(1022464K), 0.0038437 secs]
18289.195: [GC (Allocation Failure)  343494K->9638K(1013248K), 0.0036501 secs]
18289.552: [GC (Allocation Failure)  334246K->9702K(1004544K), 0.0040133 secs]
18289.910: [GC (Allocation Failure)  325606K->9702K(996352K), 0.0036152 secs]
18290.253: [GC (Allocation Failure)  317414K->9638K(988160K), 0.0033871 secs]
18290.586: [GC (Allocation Failure)  309158K->9670K(980480K), 0.0034733 secs]
18290.911: [GC (Allocation Failure)  301510K->9702K(972800K), 0.0032868 secs]
18291.246: [GC (Allocation Failure)  293862K->9638K(1029632K), 0.0040454 secs]
18291.654: [GC (Allocation Failure)  350630K->9670K(1020416K), 0.0036833 secs]
18292.022: [GC (Allocation Failure)  341446K->9670K(1086976K), 0.0040863 secs]
18292.467: [GC (Allocation Failure)  408006K->9670K(1075200K), 0.0042605 secs]
18292.902: [GC (Allocation Failure)  396230K->9638K(1063936K), 0.0038999 secs]
18293.320: [GC (Allocation Failure)  384934K->9670K(1053184K), 0.0038050 secs]
18293.740: [GC (Allocation Failure)  374214K->9638K(1042944K), 0.0038327 secs]
18294.137: [GC (Allocation Failure)  363942K->9638K(1032704K), 0.0037778 secs]
18294.521: [GC (Allocation Failure)  353702K->9638K(1022976K), 0.0044798 secs]
18294.892: [GC (Allocation Failure)  343974K->9670K(1013760K), 0.0033619 secs]
18295.256: [GC (Allocation Failure)  334790K->9670K(1005056K), 0.0035262 secs]
18295.606: [GC (Allocation Failure)  326086K->9670K(996352K), 0.0035451 secs]
18295.949: [GC (Allocation Failure)  317382K->9670K(988160K), 0.0031162 secs]
18296.281: [GC (Allocation Failure)  309190K->9702K(980480K), 0.0035214 secs]
18296.639: [GC (Allocation Failure)  301542K->9638K(1038848K), 0.0044285 secs]
18297.033: [GC (Allocation Failure)  359846K->9638K(1029120K), 0.0034191 secs]
18297.411: [GC (Allocation Failure)  350118K->9670K(1019904K), 0.0036373 secs]
18297.776: [GC (Allocation Failure)  340934K->9670K(1010688K), 0.0036780 secs]
18298.135: [GC (Allocation Failure)  331718K->9670K(1001984K), 0.0039280 secs]
18298.490: [GC (Allocation Failure)  323014K->9702K(993792K), 0.0037582 secs]
18298.832: [GC (Allocation Failure)  314854K->9670K(1055232K), 0.0042874 secs]
18299.254: [GC (Allocation Failure)  376262K->9670K(1044480K), 0.0035569 secs]
18299.648: [GC (Allocation Failure)  365510K->9638K(1034240K), 0.0038310 secs]
18300.031: [GC (Allocation Failure)  355238K->9702K(1103360K), 0.0088999 secs]
18300.498: [GC (Allocation Failure)  424422K->9670K(1186304K), 0.0033550 secs]
18301.043: [GC (Allocation Failure)  507334K->9670K(1286144K), 0.0080809 secs]
18301.711: [GC (Allocation Failure)  607174K->9670K(1405952K), 0.0032809 secs]
18302.597: [GC (Allocation Failure)  726982K->9670K(1379840K), 0.0041656 secs]
18303.353: [GC (Allocation Failure)  700870K->9670K(1354752K), 0.0031284 secs]
18304.083: [GC (Allocation Failure)  675782K->9670K(1331200K), 0.0033464 secs]
18304.791: [GC (Allocation Failure)  652230K->9670K(1308672K), 0.0036733 secs]
18305.470: [GC (Allocation Failure)  629702K->9670K(1287168K), 0.0037594 secs]
18306.124: [GC (Allocation Failure)  608198K->9638K(1266688K), 0.0032973 secs]
18306.773: [GC (Allocation Failure)  587686K->9702K(1246720K), 0.0030524 secs]
18307.415: [GC (Allocation Failure)  567782K->9670K(1227776K), 0.0033384 secs]
18308.008: [GC (Allocation Failure)  548806K->9638K(1209856K), 0.0070869 secs]
18308.609: [GC (Allocation Failure)  530854K->9638K(1192448K), 0.0049755 secs]
18309.164: [GC (Allocation Failure)  513446K->9638K(1176064K), 0.0032835 secs]
18309.703: [GC (Allocation Failure)  497062K->9670K(1160192K), 0.0045179 secs]
18310.224: [GC (Allocation Failure)  481222K->9734K(1145344K), 0.0030261 secs]
18310.729: [GC (Allocation Failure)  466438K->9702K(1131008K), 0.0036457 secs]
18311.216: [GC (Allocation Failure)  452070K->9670K(1117184K), 0.0037094 secs]
18311.687: [GC (Allocation Failure)  438214K->9638K(1103872K), 0.0039310 secs]
18312.168: [GC (Allocation Failure)  424870K->9638K(1091072K), 0.0041443 secs]
18312.619: [GC (Allocation Failure)  412070K->9670K(1079296K), 0.0035562 secs]
18313.056: [GC (Allocation Failure)  400326K->9670K(1068032K), 0.0034412 secs]
18313.475: [GC (Allocation Failure)  389062K->9670K(1056768K), 0.0040773 secs]
18313.882: [GC (Allocation Failure)  377798K->9638K(1046016K), 0.0033985 secs]
18314.275: [GC (Allocation Failure)  367014K->9670K(1035776K), 0.0044395 secs]
18314.661: [GC (Allocation Failure)  356806K->9670K(1105408K), 0.0055791 secs]
18315.119: [GC (Allocation Failure)  426438K->9638K(1092608K), 0.0030660 secs]
18315.565: [GC (Allocation Failure)  413606K->9702K(1080320K), 0.0035501 secs]
18315.998: [GC (Allocation Failure)  401382K->9670K(1068544K), 0.0037758 secs]
18316.417: [GC (Allocation Failure)  389574K->9638K(1057280K), 0.0034625 secs]
18316.825: [GC (Allocation Failure)  378278K->9670K(1046528K), 0.0038980 secs]
18317.220: [GC (Allocation Failure)  367558K->9638K(1036288K), 0.0038776 secs]
18317.650: [GC (Allocation Failure)  357286K->9670K(1026560K), 0.0041001 secs]
18318.023: [GC (Allocation Failure)  347590K->9702K(1017344K), 0.0039656 secs]
18318.383: [GC (Allocation Failure)  338406K->9638K(1008640K), 0.0036608 secs]
18318.735: [GC (Allocation Failure)  329638K->9670K(999936K), 0.0039704 secs]
18319.080: [GC (Allocation Failure)  320966K->9670K(1062400K), 0.0043757 secs]
18319.502: [GC (Allocation Failure)  383430K->9670K(1051648K), 0.0033336 secs]
18319.902: [GC (Allocation Failure)  372678K->9670K(1041408K), 0.0039902 secs]
18320.293: [GC (Allocation Failure)  362438K->9734K(1112064K), 0.0066781 secs]
18320.766: [GC (Allocation Failure)  433158K->9638K(1197056K), 0.0037187 secs]
18321.325: [GC (Allocation Failure)  518054K->9670K(1298944K), 0.0051790 secs]
18322.010: [GC (Allocation Failure)  619974K->9670K(1277952K), 0.0047614 secs]
18322.657: [GC (Allocation Failure)  598982K->9670K(1257472K), 0.0031951 secs]
18323.274: [GC (Allocation Failure)  578502K->9702K(1238016K), 0.0036236 secs]
18323.872: [GC (Allocation Failure)  559078K->9702K(1219584K), 0.0027778 secs]
18324.458: [GC (Allocation Failure)  540646K->9638K(1202176K), 0.0039698 secs]
18325.022: [GC (Allocation Failure)  523174K->9670K(1185280K), 0.0037619 secs]
18325.571: [GC (Allocation Failure)  506310K->9670K(1169408K), 0.0037571 secs]
18326.098: [GC (Allocation Failure)  490438K->9606K(1154048K), 0.0031663 secs]
18326.607: [GC (Allocation Failure)  475014K->9670K(1139200K), 0.0034729 secs]
18327.099: [GC (Allocation Failure)  460230K->9702K(1125376K), 0.0029108 secs]
18327.577: [GC (Allocation Failure)  446438K->9638K(1112064K), 0.0032891 secs]
18328.043: [GC (Allocation Failure)  433062K->9670K(1099264K), 0.0030689 secs]
18328.519: [GC (Allocation Failure)  420294K->9638K(1086976K), 0.0041533 secs]
18328.958: [GC (Allocation Failure)  407974K->9670K(1075200K), 0.0032063 secs]
18329.385: [GC (Allocation Failure)  396230K->9702K(1063936K), 0.0038490 secs]
18329.797: [GC (Allocation Failure)  384998K->9670K(1053184K), 0.0038836 secs]
18330.195: [GC (Allocation Failure)  374214K->9670K(1042944K), 0.0043325 secs]
18330.593: [GC (Allocation Failure)  363974K->9670K(1032704K), 0.0037101 secs]
18330.972: [GC (Allocation Failure)  353734K->9670K(1022976K), 0.0040330 secs]
18331.346: [GC (Allocation Failure)  344006K->9670K(1013760K), 0.0039251 secs]
18331.706: [GC (Allocation Failure)  334790K->9670K(1078784K), 0.0044666 secs]
18332.140: [GC (Allocation Failure)  399814K->9670K(1157120K), 0.0052918 secs]
18332.660: [GC (Allocation Failure)  478150K->9638K(1142272K), 0.0031418 secs]
18333.162: [GC (Allocation Failure)  463270K->9670K(1127936K), 0.0029328 secs]
18333.678: [GC (Allocation Failure)  448966K->9670K(1114112K), 0.0031561 secs]
18334.146: [GC (Allocation Failure)  435142K->9638K(1101312K), 0.0034030 secs]
18334.603: [GC (Allocation Failure)  422310K->9702K(1089024K), 0.0032116 secs]
18335.045: [GC (Allocation Failure)  410086K->9670K(1169408K), 0.0095217 secs]
18335.583: [GC (Allocation Failure)  490438K->9702K(1154048K), 0.0034113 secs]
18336.091: [GC (Allocation Failure)  475110K->9638K(1139200K), 0.0034853 secs]
18336.587: [GC (Allocation Failure)  460198K->9702K(1125376K), 0.0029262 secs]
18337.066: [GC (Allocation Failure)  446438K->9638K(1112064K), 0.0032808 secs]
18337.532: [GC (Allocation Failure)  433062K->9702K(1099264K), 0.0033918 secs]
18337.983: [GC (Allocation Failure)  420326K->9670K(1086976K), 0.0034790 secs]
18338.421: [GC (Allocation Failure)  408006K->9670K(1075200K), 0.0175963 secs]
18338.878: [GC (Allocation Failure)  396230K->9670K(1063936K), 0.0034931 secs]
18339.297: [GC (Allocation Failure)  384966K->9638K(1053184K), 0.0039814 secs]
18339.698: [GC (Allocation Failure)  374182K->9670K(1042944K), 0.0034527 secs]
18340.085: [GC (Allocation Failure)  363974K->9670K(1032704K), 0.0035852 secs]
18340.462: [GC (Allocation Failure)  353734K->9702K(1022976K), 0.0033342 secs]
18340.827: [GC (Allocation Failure)  344038K->9766K(1013760K), 0.0036466 secs]
18341.188: [GC (Allocation Failure)  334886K->9670K(1005056K), 0.0037245 secs]
18341.534: [GC (Allocation Failure)  326086K->9702K(996352K), 0.0034767 secs]
18341.873: [GC (Allocation Failure)  317414K->9638K(988160K), 0.0031224 secs]
18342.208: [GC (Allocation Failure)  309158K->9670K(1048064K), 0.0047378 secs]
18342.612: [GC (Allocation Failure)  369094K->9670K(1120256K), 0.0039784 secs]
18343.108: [GC (Allocation Failure)  441286K->9702K(1206784K), 0.0074802 secs]
18343.685: [GC (Allocation Failure)  527846K->9670K(1310720K), 0.0038300 secs]
18344.414: [GC (Allocation Failure)  631750K->9702K(1289216K), 0.0034840 secs]
18345.078: [GC (Allocation Failure)  610278K->9670K(1268224K), 0.0034630 secs]
18345.710: [GC (Allocation Failure)  589254K->9670K(1248256K), 0.0031156 secs]
18346.319: [GC (Allocation Failure)  569286K->9670K(1229312K), 0.0028331 secs]
18346.910: [GC (Allocation Failure)  550342K->9670K(1211392K), 0.0030328 secs]
18347.484: [GC (Allocation Failure)  532422K->9638K(1193984K), 0.0037687 secs]
18348.047: [GC (Allocation Failure)  514982K->9670K(1177600K), 0.0034680 secs]
18348.584: [GC (Allocation Failure)  498630K->9638K(1161728K), 0.0037685 secs]
18349.114: [GC (Allocation Failure)  482726K->9734K(1146880K), 0.0046006 secs]
18349.695: [GC (Allocation Failure)  467974K->9670K(1132544K), 0.0035914 secs]
18350.184: [GC (Allocation Failure)  453574K->9670K(1118720K), 0.0034187 secs]
18350.661: [GC (Allocation Failure)  439750K->9702K(1105408K), 0.0038140 secs]
18351.139: [GC (Allocation Failure)  426470K->9670K(1092608K), 0.0036020 secs]
18351.585: [GC (Allocation Failure)  413638K->9702K(1080320K), 0.0033656 secs]
18352.021: [GC (Allocation Failure)  401382K->9670K(1068544K), 0.0034407 secs]
18352.459: [GC (Allocation Failure)  389574K->9638K(1057280K), 0.0034859 secs]
18352.864: [GC (Allocation Failure)  378278K->9670K(1046528K), 0.0038211 secs]
18353.258: [GC (Allocation Failure)  367558K->9702K(1036288K), 0.0026213 secs]
18353.735: [GC (Allocation Failure)  357350K->9670K(1026560K), 0.0035513 secs]
18354.115: [GC (Allocation Failure)  347590K->9670K(1017344K), 0.0032305 secs]
18354.478: [GC (Allocation Failure)  338374K->9670K(1008640K), 0.0034301 secs]
18354.846: [GC (Allocation Failure)  329670K->9670K(999936K), 0.0035739 secs]
18355.253: [GC (Allocation Failure)  320966K->9638K(991744K), 0.0034036 secs]
18355.587: [GC (Allocation Failure)  312742K->9638K(984064K), 0.0030407 secs]
18355.914: [GC (Allocation Failure)  305062K->9702K(976384K), 0.0031251 secs]
18356.235: [GC (Allocation Failure)  297446K->9638K(969216K), 0.0036838 secs]
18356.544: [GC (Allocation Failure)  290214K->9702K(962048K), 0.0036710 secs]
18356.847: [GC (Allocation Failure)  283110K->9702K(1016832K), 0.0036472 secs]
18357.208: [GC (Allocation Failure)  337894K->9670K(1082880K), 0.0039306 secs]
18357.692: [GC (Allocation Failure)  403910K->9638K(1071104K), 0.0035976 secs]
18358.110: [GC (Allocation Failure)  392102K->9638K(1059840K), 0.0035358 secs]
18358.589: [GC (Allocation Failure)  380838K->9702K(1049088K), 0.0031429 secs]
18358.980: [GC (Allocation Failure)  370150K->9670K(1038848K), 0.0041714 secs]
18359.391: [GC (Allocation Failure)  359878K->9702K(1029120K), 0.0032549 secs]
18359.769: [GC (Allocation Failure)  350182K->9670K(1019904K), 0.0032952 secs]
18360.160: [GC (Allocation Failure)  340934K->9670K(1010688K), 0.0034425 secs]
18360.532: [GC (Allocation Failure)  331718K->9670K(1001984K), 0.0032743 secs]
18360.880: [GC (Allocation Failure)  323014K->9670K(993792K), 0.0034175 secs]
18361.218: [GC (Allocation Failure)  314822K->9702K(985600K), 0.0031837 secs]
18361.546: [GC (Allocation Failure)  306662K->9638K(977920K), 0.0037908 secs]
18361.865: [GC (Allocation Failure)  298918K->9670K(1035776K), 0.0038945 secs]
18362.251: [GC (Allocation Failure)  356806K->9638K(1105408K), 0.0039616 secs]
18362.712: [GC (Allocation Failure)  426406K->9670K(1092608K), 0.0041442 secs]
18363.190: [GC (Allocation Failure)  413638K->9702K(1080320K), 0.0036034 secs]
18363.644: [GC (Allocation Failure)  401382K->9702K(1068544K), 0.0040025 secs]
18364.068: [GC (Allocation Failure)  389606K->9670K(1057280K), 0.0044375 secs]
18364.478: [GC (Allocation Failure)  378310K->9702K(1046528K), 0.0037207 secs]
18364.873: [GC (Allocation Failure)  367590K->9670K(1036288K), 0.0034667 secs]
18365.280: [GC (Allocation Failure)  357318K->9702K(1026560K), 0.0036130 secs]
18365.650: [GC (Allocation Failure)  347622K->9670K(1017344K), 0.0038817 secs]
18366.020: [GC (Allocation Failure)  338374K->9638K(1083392K), 0.0073718 secs]
18366.479: [GC (Allocation Failure)  404390K->9670K(1162752K), 0.0033551 secs]
18367.018: [GC (Allocation Failure)  483782K->9670K(1147904K), 0.0037914 secs]
18367.542: [GC (Allocation Failure)  468934K->9670K(1133568K), 0.0033715 secs]
18368.032: [GC (Allocation Failure)  454598K->9638K(1119744K), 0.0035804 secs]
18368.508: [GC (Allocation Failure)  440742K->9638K(1106432K), 0.0037903 secs]
18368.967: [GC (Allocation Failure)  427430K->9670K(1190400K), 0.0077380 secs]
18369.526: [GC (Allocation Failure)  511430K->9670K(1174016K), 0.0035619 secs]
18370.064: [GC (Allocation Failure)  495046K->9638K(1158656K), 0.0034331 secs]
18370.633: [GC (Allocation Failure)  479654K->9638K(1143808K), 0.0035998 secs]
18371.193: [GC (Allocation Failure)  464806K->9670K(1129472K), 0.0040552 secs]
18371.684: [GC (Allocation Failure)  450502K->9702K(1115648K), 0.0049804 secs]
18372.155: [GC (Allocation Failure)  436710K->9702K(1102848K), 0.0035783 secs]
18372.618: [GC (Allocation Failure)  423910K->9702K(1090560K), 0.0041163 secs]
18373.060: [GC (Allocation Failure)  411622K->9638K(1078784K), 0.0038355 secs]
18373.486: [GC (Allocation Failure)  399782K->9670K(1067520K), 0.0039281 secs]
18373.908: [GC (Allocation Failure)  388550K->9670K(1056256K), 0.0033761 secs]
18374.333: [GC (Allocation Failure)  377286K->9670K(1045504K), 0.0053807 secs]
18374.740: [GC (Allocation Failure)  366534K->9670K(1035264K), 0.0045527 secs]
18375.125: [GC (Allocation Failure)  356294K->9670K(1025536K), 0.0035073 secs]
18375.523: [GC (Allocation Failure)  346566K->9702K(1016320K), 0.0036600 secs]
18375.882: [GC (Allocation Failure)  337382K->9670K(1007616K), 0.0036576 secs]
18376.229: [GC (Allocation Failure)  328646K->9638K(998912K), 0.0036931 secs]
18376.571: [GC (Allocation Failure)  319910K->9670K(1061376K), 0.0043051 secs]
18377.000: [GC (Allocation Failure)  382406K->9670K(1050624K), 0.0034873 secs]
18377.400: [GC (Allocation Failure)  371654K->9670K(1040384K), 0.0037564 secs]
18377.817: [GC (Allocation Failure)  361414K->9670K(1030656K), 0.0035643 secs]
18378.195: [GC (Allocation Failure)  351686K->9670K(1020928K), 0.0033437 secs]
18378.563: [GC (Allocation Failure)  341958K->9670K(1011712K), 0.0035049 secs]
18378.927: [GC (Allocation Failure)  332742K->9638K(1003008K), 0.0035317 secs]
18379.279: [GC (Allocation Failure)  324006K->9670K(994816K), 0.0034020 secs]
18379.619: [GC (Allocation Failure)  315846K->9670K(986624K), 0.0035779 secs]
18379.949: [GC (Allocation Failure)  307654K->9670K(978944K), 0.0034538 secs]
18380.276: [GC (Allocation Failure)  299974K->9702K(971264K), 0.0035575 secs]
18380.632: [GC (Allocation Failure)  292326K->9670K(964096K), 0.0031572 secs]
18380.959: [GC (Allocation Failure)  285126K->9670K(957440K), 0.0035341 secs]
18381.255: [GC (Allocation Failure)  278470K->9670K(1011200K), 0.0037104 secs]
18381.611: [GC (Allocation Failure)  332230K->9670K(1075712K), 0.0043827 secs]
18382.048: [GC (Allocation Failure)  396742K->9670K(1064448K), 0.0034786 secs]
18382.466: [GC (Allocation Failure)  385478K->9670K(1053696K), 0.0041244 secs]
18382.883: [GC (Allocation Failure)  374726K->9670K(1043456K), 0.0037567 secs]
18383.291: [GC (Allocation Failure)  364486K->9638K(1033216K), 0.0034250 secs]
18383.671: [GC (Allocation Failure)  354214K->9670K(1023488K), 0.0039110 secs]
18384.041: [GC (Allocation Failure)  344518K->9702K(1014272K), 0.0032290 secs]
18384.457: [GC (Allocation Failure)  335334K->9638K(1005568K), 0.0032385 secs]
18384.814: [GC (Allocation Failure)  326566K->9638K(996864K), 0.0036236 secs]
18385.153: [GC (Allocation Failure)  317862K->9638K(988672K), 0.0034763 secs]
18385.486: [GC (Allocation Failure)  309670K->9670K(980992K), 0.0034624 secs]
18385.830: [GC (Allocation Failure)  302022K->9638K(973312K), 0.0034056 secs]
18386.158: [GC (Allocation Failure)  294310K->9670K(966144K), 0.0037791 secs]
18386.465: [GC (Allocation Failure)  287174K->9670K(1021952K), 0.0034335 secs]
18386.832: [GC (Allocation Failure)  342982K->9670K(1012736K), 0.0035354 secs]
18387.188: [GC (Allocation Failure)  333766K->9638K(1004032K), 0.0035182 secs]
18387.631: [GC (Allocation Failure)  325030K->9638K(995840K), 0.0037362 secs]
18388.000: [GC (Allocation Failure)  316838K->9670K(987648K), 0.0041048 secs]
18388.333: [GC (Allocation Failure)  308678K->9638K(979968K), 0.0035315 secs]
18388.653: [GC (Allocation Failure)  300966K->9638K(1038336K), 0.0036527 secs]
18389.056: [GC (Allocation Failure)  359334K->9702K(1028608K), 0.0030231 secs]
18389.436: [GC (Allocation Failure)  349670K->9670K(1019392K), 0.0036558 secs]
18389.836: [GC (Allocation Failure)  340422K->9638K(1010176K), 0.0033618 secs]
18390.190: [GC (Allocation Failure)  331174K->9670K(1001472K), 0.0035950 secs]
18390.537: [GC (Allocation Failure)  322502K->9702K(993280K), 0.0033343 secs]
18390.879: [GC (Allocation Failure)  314342K->9670K(985088K), 0.0034344 secs]
18391.206: [GC (Allocation Failure)  306118K->9670K(977408K), 0.0033290 secs]
18391.525: [GC (Allocation Failure)  298438K->9670K(970240K), 0.0034363 secs]
18391.838: [GC (Allocation Failure)  291270K->9670K(963072K), 0.0035648 secs]
18392.142: [GC (Allocation Failure)  284102K->9670K(1018368K), 0.0050299 secs]
18392.527: [GC (Allocation Failure)  339398K->9734K(1084416K), 0.0030046 secs]
18392.986: [GC (Allocation Failure)  405510K->9734K(1072640K), 0.0035185 secs]
18393.405: [GC (Allocation Failure)  393734K->9702K(1061376K), 0.0037420 secs]
18393.815: [GC (Allocation Failure)  382438K->9734K(1050624K), 0.0037022 secs]
18394.210: [GC (Allocation Failure)  371718K->9734K(1040384K), 0.0037854 secs]
18394.602: [GC (Allocation Failure)  361478K->9670K(1030656K), 0.0036751 secs]
18394.979: [GC (Allocation Failure)  351686K->9638K(1020928K), 0.0034727 secs]
18395.347: [GC (Allocation Failure)  341926K->9702K(1011712K), 0.0040494 secs]
18395.703: [GC (Allocation Failure)  332774K->9702K(1003008K), 0.0039512 secs]
18396.111: [GC (Allocation Failure)  324070K->9638K(994816K), 0.0034660 secs]
18396.461: [GC (Allocation Failure)  315814K->9638K(1056256K), 0.0044459 secs]
18396.884: [GC (Allocation Failure)  377254K->9670K(1045504K), 0.0034119 secs]
18397.293: [GC (Allocation Failure)  366534K->9670K(1035264K), 0.0036517 secs]
18397.676: [GC (Allocation Failure)  356294K->9638K(1025536K), 0.0038790 secs]
18398.050: [GC (Allocation Failure)  346534K->9670K(1016320K), 0.0035925 secs]
18398.413: [GC (Allocation Failure)  337350K->9670K(1007616K), 0.0035193 secs]
18398.766: [GC (Allocation Failure)  328646K->9670K(998912K), 0.0036767 secs]
18399.108: [GC (Allocation Failure)  319942K->9670K(990720K), 0.0039805 secs]
18399.442: [GC (Allocation Failure)  311750K->9638K(1051136K), 0.0035818 secs]
18399.840: [GC (Allocation Failure)  372134K->9702K(1040896K), 0.0036537 secs]
18400.227: [GC (Allocation Failure)  361958K->9670K(1031168K), 0.0042221 secs]
18400.637: [GC (Allocation Failure)  352198K->9670K(1021440K), 0.0033298 secs]
18401.004: [GC (Allocation Failure)  342470K->9670K(1012224K), 0.0034265 secs]
18401.400: [GC (Allocation Failure)  333254K->9670K(1003520K), 0.0036271 secs]
18401.749: [GC (Allocation Failure)  324550K->9638K(995328K), 0.0037282 secs]
18402.106: [GC (Allocation Failure)  316326K->9702K(987136K), 0.0036694 secs]
18402.437: [GC (Allocation Failure)  308198K->9670K(979456K), 0.0035188 secs]
18402.765: [GC (Allocation Failure)  300486K->9670K(971776K), 0.0036445 secs]
18403.079: [GC (Allocation Failure)  292806K->9670K(1028608K), 0.0036147 secs]
18403.453: [GC (Allocation Failure)  349638K->9638K(1019392K), 0.0033367 secs]
18403.818: [GC (Allocation Failure)  340390K->9638K(1010176K), 0.0033445 secs]
18404.171: [GC (Allocation Failure)  331174K->9670K(1001472K), 0.0037631 secs]
18404.516: [GC (Allocation Failure)  322502K->9638K(993280K), 0.0036184 secs]
18404.851: [GC (Allocation Failure)  314278K->9670K(1054208K), 0.0038094 secs]
18405.254: [GC (Allocation Failure)  375238K->9670K(1043968K), 0.0027283 secs]
18405.643: [GC (Allocation Failure)  364998K->9638K(1033728K), 0.0032672 secs]
18406.041: [GC (Allocation Failure)  354726K->9670K(1024000K), 0.0035886 secs]
18406.447: [GC (Allocation Failure)  345030K->9606K(1014784K), 0.0037420 secs]
18406.807: [GC (Allocation Failure)  335750K->9702K(1006080K), 0.0034911 secs]
18407.177: [GC (Allocation Failure)  327142K->9702K(997376K), 0.0032968 secs]
18407.518: [GC (Allocation Failure)  318438K->9670K(989184K), 0.0028635 secs]
18407.849: [GC (Allocation Failure)  310214K->9638K(981504K), 0.0029745 secs]
18408.188: [GC (Allocation Failure)  302502K->9670K(973824K), 0.0036092 secs]
18408.503: [GC (Allocation Failure)  294854K->9702K(966656K), 0.0032619 secs]
18408.810: [GC (Allocation Failure)  287718K->9638K(1022464K), 0.0048353 secs]
18409.180: [GC (Allocation Failure)  343462K->9606K(1089536K), 0.0034208 secs]
18409.644: [GC (Allocation Failure)  410502K->9670K(1077760K), 0.0035319 secs]
18410.070: [GC (Allocation Failure)  398790K->9670K(1066496K), 0.0033193 secs]
18410.488: [GC (Allocation Failure)  387526K->9638K(1055744K), 0.0029798 secs]
18410.888: [GC (Allocation Failure)  376742K->9670K(1044992K), 0.0032904 secs]
18411.298: [GC (Allocation Failure)  366022K->9702K(1034752K), 0.0033125 secs]
18411.717: [GC (Allocation Failure)  355814K->9670K(1025024K), 0.0037240 secs]
18412.092: [GC (Allocation Failure)  346054K->9670K(1015808K), 0.0032474 secs]
18412.457: [GC (Allocation Failure)  336838K->9670K(1007104K), 0.0039367 secs]
18412.809: [GC (Allocation Failure)  328134K->9638K(998400K), 0.0036687 secs]
18413.177: [GC (Allocation Failure)  319398K->9702K(990208K), 0.0030774 secs]
18413.510: [GC (Allocation Failure)  311270K->9702K(982528K), 0.0032349 secs]
18413.835: [GC (Allocation Failure)  303590K->9702K(974848K), 0.0030939 secs]
18414.150: [GC (Allocation Failure)  295910K->9638K(1032192K), 0.0050356 secs]
18414.552: [GC (Allocation Failure)  353190K->9670K(1101312K), 0.0034395 secs]
18415.005: [GC (Allocation Failure)  422342K->9670K(1089024K), 0.0036090 secs]
18415.447: [GC (Allocation Failure)  410054K->9734K(1077248K), 0.0027974 secs]
18415.891: [GC (Allocation Failure)  398342K->9670K(1065984K), 0.0029663 secs]
18416.324: [GC (Allocation Failure)  387014K->9670K(1055232K), 0.0342747 secs]
18416.765: [GC (Allocation Failure)  376262K->9638K(1044480K), 0.0035315 secs]
18417.156: [GC (Allocation Failure)  365478K->9670K(1034240K), 0.0032244 secs]
18417.537: [GC (Allocation Failure)  355270K->9670K(1024512K), 0.0031188 secs]
18417.906: [GC (Allocation Failure)  345542K->9670K(1015296K), 0.0030378 secs]
18418.262: [GC (Allocation Failure)  336326K->9670K(1006592K), 0.0029115 secs]
18418.614: [GC (Allocation Failure)  327622K->9638K(997888K), 0.0032284 secs]
18418.962: [GC (Allocation Failure)  318886K->9670K(989696K), 0.0035902 secs]
18419.317: [GC (Allocation Failure)  310726K->9670K(982016K), 0.0034822 secs]
18419.643: [GC (Allocation Failure)  303046K->9670K(974336K), 0.0027202 secs]
18419.972: [GC (Allocation Failure)  295366K->9670K(967168K), 0.0026287 secs]
18420.284: [GC (Allocation Failure)  288198K->9702K(960000K), 0.0036539 secs]
18420.584: [GC (Allocation Failure)  281062K->9670K(953344K), 0.0032165 secs]
18420.877: [GC (Allocation Failure)  274374K->9638K(946688K), 0.0032639 secs]
18421.163: [GC (Allocation Failure)  267686K->9670K(998400K), 0.0037687 secs]
18421.507: [GC (Allocation Failure)  319430K->9670K(1060352K), 0.0030302 secs]
18421.916: [GC (Allocation Failure)  381382K->9638K(1049600K), 0.0034261 secs]
18422.342: [GC (Allocation Failure)  370598K->9702K(1039360K), 0.0030950 secs]
18422.730: [GC (Allocation Failure)  360422K->9702K(1029632K), 0.0046498 secs]
18423.111: [GC (Allocation Failure)  350694K->9670K(1020416K), 0.0032118 secs]
18423.477: [GC (Allocation Failure)  341446K->9670K(1011200K), 0.0033022 secs]
18423.834: [GC (Allocation Failure)  332230K->9670K(1002496K), 0.0033957 secs]
18424.181: [GC (Allocation Failure)  323526K->9670K(994304K), 0.0032499 secs]
18424.522: [GC (Allocation Failure)  315334K->9670K(986112K), 0.0035829 secs]
18424.853: [GC (Allocation Failure)  307142K->9638K(978432K), 0.0033366 secs]
18425.176: [GC (Allocation Failure)  299430K->9702K(971264K), 0.0026589 secs]
18425.490: [GC (Allocation Failure)  292326K->9670K(964096K), 0.0035839 secs]
18425.797: [GC (Allocation Failure)  285126K->9670K(957440K), 0.0031583 secs]
18426.096: [GC (Allocation Failure)  278470K->9670K(950784K), 0.0031635 secs]
18426.387: [GC (Allocation Failure)  271814K->9702K(944640K), 0.0027795 secs]
18426.672: [GC (Allocation Failure)  265702K->9702K(938496K), 0.0030612 secs]
18426.952: [GC (Allocation Failure)  259558K->9670K(988672K), 0.0033474 secs]
18427.287: [GC (Allocation Failure)  309702K->9670K(1049088K), 0.0036624 secs]
18427.687: [GC (Allocation Failure)  370118K->9638K(1121280K), 0.0036894 secs]
18428.163: [GC (Allocation Failure)  442278K->9670K(1107968K), 0.0029520 secs]
18428.623: [GC (Allocation Failure)  428998K->9638K(1095168K), 0.0034935 secs]
18429.092: [GC (Allocation Failure)  416166K->9670K(1082880K), 0.0032668 secs]
18429.529: [GC (Allocation Failure)  403910K->9702K(1071104K), 0.0030784 secs]
18429.954: [GC (Allocation Failure)  392166K->9638K(1059840K), 0.0036210 secs]
18430.367: [GC (Allocation Failure)  380838K->9670K(1049088K), 0.0031196 secs]
18430.771: [GC (Allocation Failure)  370118K->9702K(1038848K), 0.0031419 secs]
18431.159: [GC (Allocation Failure)  359910K->9638K(1029120K), 0.0040150 secs]
18431.541: [GC (Allocation Failure)  350118K->9670K(1019904K), 0.0034083 secs]
18431.907: [GC (Allocation Failure)  340934K->9638K(1010688K), 0.0029484 secs]
18432.296: [GC (Allocation Failure)  331686K->9670K(1001984K), 0.0035069 secs]
18432.663: [GC (Allocation Failure)  323014K->9670K(993792K), 0.0040194 secs]
18433.007: [GC (Allocation Failure)  314822K->9670K(985600K), 0.0032314 secs]
18433.337: [GC (Allocation Failure)  306630K->9670K(977920K), 0.0033901 secs]
18433.657: [GC (Allocation Failure)  298950K->9670K(970752K), 0.0031056 secs]
18433.970: [GC (Allocation Failure)  291782K->9670K(963584K), 0.0037546 secs]
18434.275: [GC (Allocation Failure)  284614K->9670K(1018880K), 0.0037885 secs]
18434.641: [GC (Allocation Failure)  339910K->9638K(1009664K), 0.0028608 secs]
18435.003: [GC (Allocation Failure)  330662K->9670K(1000960K), 0.0034762 secs]
18435.347: [GC (Allocation Failure)  321990K->9670K(992768K), 0.0032708 secs]
18435.685: [GC (Allocation Failure)  313798K->9670K(1053696K), 0.0040872 secs]
18436.096: [GC (Allocation Failure)  374726K->9670K(1043456K), 0.0036542 secs]
18436.504: [GC (Allocation Failure)  364486K->9670K(1033216K), 0.0035343 secs]
18436.909: [GC (Allocation Failure)  354246K->9638K(1023488K), 0.0034359 secs]
18437.282: [GC (Allocation Failure)  344486K->9702K(1014272K), 0.0035315 secs]
18437.644: [GC (Allocation Failure)  335334K->9670K(1005568K), 0.0032940 secs]
18438.011: [GC (Allocation Failure)  326598K->9670K(996864K), 0.0036906 secs]
18438.354: [GC (Allocation Failure)  317894K->9734K(988672K), 0.0030956 secs]
18438.689: [GC (Allocation Failure)  309766K->9670K(980992K), 0.0034577 secs]
18439.014: [GC (Allocation Failure)  302022K->9702K(973312K), 0.0028113 secs]
18439.329: [GC (Allocation Failure)  294374K->9670K(966144K), 0.0036830 secs]
18439.679: [GC (Allocation Failure)  287174K->9670K(958976K), 0.0034202 secs]
18439.979: [GC (Allocation Failure)  280006K->9670K(952320K), 0.0033879 secs]
18440.272: [GC (Allocation Failure)  273350K->9670K(1005056K), 0.0030979 secs]
18440.625: [GC (Allocation Failure)  326086K->9670K(996352K), 0.0030406 secs]
18440.967: [GC (Allocation Failure)  317382K->9670K(988160K), 0.0033799 secs]
18441.299: [GC (Allocation Failure)  309190K->9670K(1048064K), 0.0041894 secs]
18441.703: [GC (Allocation Failure)  369094K->9702K(1037824K), 0.0034266 secs]
18442.093: [GC (Allocation Failure)  358886K->9670K(1028096K), 0.0034461 secs]
18442.469: [GC (Allocation Failure)  349126K->9702K(1018880K), 0.0033108 secs]
18442.837: [GC (Allocation Failure)  339942K->9670K(1009664K), 0.0032787 secs]
18443.194: [GC (Allocation Failure)  330694K->9638K(1000960K), 0.0032081 secs]
18443.540: [GC (Allocation Failure)  321958K->9670K(992768K), 0.0036597 secs]
18443.877: [GC (Allocation Failure)  313798K->9702K(984576K), 0.0035425 secs]
18444.207: [GC (Allocation Failure)  305638K->9670K(976896K), 0.0032769 secs]
18444.528: [GC (Allocation Failure)  297926K->9638K(969728K), 0.0032725 secs]
18444.860: [GC (Allocation Failure)  290726K->9670K(962560K), 0.0033826 secs]
18445.164: [GC (Allocation Failure)  283590K->9670K(1017344K), 0.0036555 secs]
18445.565: [GC (Allocation Failure)  338374K->9670K(1008640K), 0.0028569 secs]
18445.921: [GC (Allocation Failure)  329670K->9670K(999936K), 0.0032562 secs]
18446.263: [GC (Allocation Failure)  320966K->9670K(991744K), 0.0031321 secs]
18446.598: [GC (Allocation Failure)  312774K->9638K(984064K), 0.0033710 secs]
18446.922: [GC (Allocation Failure)  305062K->9670K(976384K), 0.0031130 secs]
18447.240: [GC (Allocation Failure)  297414K->9638K(969216K), 0.0036033 secs]
18447.554: [GC (Allocation Failure)  290214K->9638K(962048K), 0.0031159 secs]
18447.884: [GC (Allocation Failure)  283046K->9670K(955392K), 0.0033127 secs]
18448.182: [GC (Allocation Failure)  276422K->9670K(1009152K), 0.0036451 secs]
18448.539: [GC (Allocation Failure)  330182K->9670K(1073664K), 0.0035328 secs]
18448.965: [GC (Allocation Failure)  394694K->9670K(1062400K), 0.0033533 secs]
18449.380: [GC (Allocation Failure)  383430K->9638K(1051648K), 0.0035783 secs]
18449.782: [GC (Allocation Failure)  372646K->9670K(1041408K), 0.0036777 secs]
18450.194: [GC (Allocation Failure)  362438K->9702K(1031680K), 0.0029732 secs]
18450.575: [GC (Allocation Failure)  352742K->9670K(1021952K), 0.0038563 secs]
18450.947: [GC (Allocation Failure)  342982K->9670K(1012736K), 0.0037722 secs]
18451.307: [GC (Allocation Failure)  333766K->9702K(1004032K), 0.0032426 secs]
18451.657: [GC (Allocation Failure)  325094K->9670K(995840K), 0.0036382 secs]
18452.013: [GC (Allocation Failure)  316870K->9702K(987648K), 0.0036288 secs]
18452.345: [GC (Allocation Failure)  308710K->9670K(1047552K), 0.0045252 secs]
18452.743: [GC (Allocation Failure)  368582K->9734K(1119744K), 0.0042057 secs]
18453.260: [GC (Allocation Failure)  440838K->9670K(1106432K), 0.0041090 secs]
18453.722: [GC (Allocation Failure)  427462K->9670K(1093632K), 0.0031830 secs]
18454.169: [GC (Allocation Failure)  414662K->9670K(1081344K), 0.0029815 secs]
18454.605: [GC (Allocation Failure)  402374K->9670K(1069568K), 0.0032621 secs]
18455.049: [GC (Allocation Failure)  390598K->9670K(1058304K), 0.0030559 secs]
18455.456: [GC (Allocation Failure)  379334K->9638K(1047552K), 0.0031548 secs]
18455.854: [GC (Allocation Failure)  368550K->9638K(1037312K), 0.0037839 secs]
18456.241: [GC (Allocation Failure)  358310K->9670K(1027584K), 0.0035853 secs]
18456.617: [GC (Allocation Failure)  348614K->9670K(1018368K), 0.0034438 secs]
18456.984: [GC (Allocation Failure)  339398K->9670K(1009152K), 0.0033394 secs]
18457.339: [GC (Allocation Failure)  330182K->9670K(1000448K), 0.0026803 secs]
18457.684: [GC (Allocation Failure)  321478K->9670K(992256K), 0.0028821 secs]
18458.022: [GC (Allocation Failure)  313286K->9670K(984064K), 0.0030509 secs]
18458.370: [GC (Allocation Failure)  305094K->9670K(976384K), 0.0034817 secs]
18458.688: [GC (Allocation Failure)  297414K->9670K(969216K), 0.0041938 secs]
18459.006: [GC (Allocation Failure)  290246K->9670K(962048K), 0.0030638 secs]
18459.311: [GC (Allocation Failure)  283078K->9702K(955392K), 0.0034083 secs]
18459.607: [GC (Allocation Failure)  276454K->9670K(1009152K), 0.0036687 secs]
18459.964: [GC (Allocation Failure)  330182K->9702K(1073664K), 0.0036102 secs]
18460.392: [GC (Allocation Failure)  394726K->9670K(1062400K), 0.0029047 secs]
18460.804: [GC (Allocation Failure)  383430K->9638K(1051648K), 0.0040363 secs]
18461.211: [GC (Allocation Failure)  372646K->9670K(1041408K), 0.0035538 secs]
18461.601: [GC (Allocation Failure)  362438K->9702K(1031680K), 0.0029036 secs]
18461.982: [GC (Allocation Failure)  352742K->9702K(1021952K), 0.0031692 secs]
18462.352: [GC (Allocation Failure)  343014K->9670K(1012736K), 0.0036088 secs]
18462.712: [GC (Allocation Failure)  333766K->9670K(1004032K), 0.0037926 secs]
18463.082: [GC (Allocation Failure)  325062K->9670K(995840K), 0.0033966 secs]
18463.456: [GC (Allocation Failure)  316870K->9702K(987648K), 0.0035531 secs]
18463.786: [GC (Allocation Failure)  308710K->9638K(979968K), 0.0029982 secs]
18464.107: [GC (Allocation Failure)  300966K->9638K(1038336K), 0.0046197 secs]
18464.494: [GC (Allocation Failure)  359334K->9702K(1028608K), 0.0029657 secs]
18464.875: [GC (Allocation Failure)  349670K->9670K(1019392K), 0.0029528 secs]
18465.244: [GC (Allocation Failure)  340422K->9702K(1010176K), 0.0032039 secs]
18465.601: [GC (Allocation Failure)  331238K->9670K(1001472K), 0.0031862 secs]
18465.960: [GC (Allocation Failure)  322502K->9670K(993280K), 0.0031792 secs]
18466.297: [GC (Allocation Failure)  314310K->9670K(985088K), 0.0029294 secs]
18466.625: [GC (Allocation Failure)  306118K->9670K(977408K), 0.0029499 secs]
18466.946: [GC (Allocation Failure)  298438K->9702K(970240K), 0.0026713 secs]
18467.257: [GC (Allocation Failure)  291302K->9670K(1026560K), 0.0046497 secs]
18467.640: [GC (Allocation Failure)  347590K->9670K(1017344K), 0.0033175 secs]
18468.007: [GC (Allocation Failure)  338374K->9638K(1008640K), 0.0035835 secs]
18468.363: [GC (Allocation Failure)  329638K->9670K(999936K), 0.0030503 secs]
18468.727: [GC (Allocation Failure)  320966K->9606K(991744K), 0.0039428 secs]
18469.063: [GC (Allocation Failure)  312710K->9638K(1052672K), 0.0039349 secs]
18469.465: [GC (Allocation Failure)  373670K->9670K(1042432K), 0.0034255 secs]
18469.859: [GC (Allocation Failure)  363462K->9638K(1032704K), 0.0029866 secs]
18470.238: [GC (Allocation Failure)  353702K->9638K(1022976K), 0.0033539 secs]
18470.606: [GC (Allocation Failure)  343974K->9638K(1013760K), 0.0039693 secs]
18470.966: [GC (Allocation Failure)  334758K->9670K(1005056K), 0.0033122 secs]
18471.317: [GC (Allocation Failure)  326086K->9670K(996352K), 0.0031120 secs]
18471.661: [GC (Allocation Failure)  317382K->9702K(988160K), 0.0031602 secs]
18471.994: [GC (Allocation Failure)  309222K->9670K(980480K), 0.0031424 secs]
18472.320: [GC (Allocation Failure)  301510K->9702K(972800K), 0.0031623 secs]
18472.634: [GC (Allocation Failure)  293862K->9702K(965632K), 0.0035425 secs]
18472.941: [GC (Allocation Failure)  286694K->9638K(958464K), 0.0030876 secs]
18473.242: [GC (Allocation Failure)  279462K->9702K(1012736K), 0.0034974 secs]
18473.602: [GC (Allocation Failure)  333798K->9670K(1004032K), 0.0032552 secs]
18473.952: [GC (Allocation Failure)  325062K->9670K(995840K), 0.0033055 secs]
18474.292: [GC (Allocation Failure)  316870K->9670K(1057280K), 0.0048715 secs]
18474.706: [GC (Allocation Failure)  378310K->9638K(1131008K), 0.0033160 secs]
18475.195: [GC (Allocation Failure)  452006K->9670K(1117184K), 0.0038691 secs]
18475.672: [GC (Allocation Failure)  438214K->9638K(1103872K), 0.0033952 secs]
18476.130: [GC (Allocation Failure)  424870K->9670K(1091072K), 0.0034758 secs]
18476.573: [GC (Allocation Failure)  412102K->9670K(1079296K), 0.0034425 secs]
18477.006: [GC (Allocation Failure)  400326K->9702K(1068032K), 0.0028690 secs]
18477.427: [GC (Allocation Failure)  389094K->9638K(1056768K), 0.0043834 secs]
18477.837: [GC (Allocation Failure)  377766K->9638K(1046016K), 0.0033889 secs]
18478.234: [GC (Allocation Failure)  367014K->9670K(1035776K), 0.0030226 secs]
18478.617: [GC (Allocation Failure)  356806K->9670K(1026048K), 0.0030392 secs]
18479.020: [GC (Allocation Failure)  347078K->9670K(1016832K), 0.0032113 secs]
18479.385: [GC (Allocation Failure)  337862K->9638K(1008128K), 0.0030839 secs]
18479.742: [GC (Allocation Failure)  329126K->9670K(999424K), 0.0032752 secs]
18480.087: [GC (Allocation Failure)  320454K->9670K(991232K), 0.0037054 secs]
18480.425: [GC (Allocation Failure)  312262K->9702K(983552K), 0.0035618 secs]
18480.748: [GC (Allocation Failure)  304614K->9670K(975872K), 0.0031712 secs]
18481.063: [GC (Allocation Failure)  296902K->9670K(968704K), 0.0032353 secs]
18481.371: [GC (Allocation Failure)  289734K->9638K(961536K), 0.0028689 secs]
18481.675: [GC (Allocation Failure)  282534K->9670K(954880K), 0.0030787 secs]
18481.971: [GC (Allocation Failure)  275910K->9670K(948224K), 0.0034078 secs]
18482.261: [GC (Allocation Failure)  269254K->9670K(1000448K), 0.0037615 secs]
18482.607: [GC (Allocation Failure)  321478K->9670K(1062912K), 0.0046765 secs]
18483.030: [GC (Allocation Failure)  383942K->9734K(1138176K), 0.0027377 secs]
18483.525: [GC (Allocation Failure)  459270K->9702K(1124352K), 0.0029148 secs]
18484.005: [GC (Allocation Failure)  445414K->9638K(1111040K), 0.0030584 secs]
18484.472: [GC (Allocation Failure)  432038K->9670K(1098240K), 0.0034474 secs]
18484.928: [GC (Allocation Failure)  419270K->9670K(1085952K), 0.0029505 secs]
18485.369: [GC (Allocation Failure)  406982K->9702K(1074176K), 0.0036250 secs]
18485.796: [GC (Allocation Failure)  395238K->9670K(1062912K), 0.0045653 secs]
18486.214: [GC (Allocation Failure)  383942K->9670K(1052160K), 0.0030822 secs]
18486.615: [GC (Allocation Failure)  373190K->9670K(1041920K), 0.0033683 secs]
18487.006: [GC (Allocation Failure)  362950K->9670K(1032192K), 0.0031656 secs]
18487.388: [GC (Allocation Failure)  353222K->9670K(1022464K), 0.0035828 secs]
18487.756: [GC (Allocation Failure)  343494K->9670K(1013248K), 0.0034093 secs]
18488.119: [GC (Allocation Failure)  334278K->9670K(1004544K), 0.0040722 secs]
18488.471: [GC (Allocation Failure)  325574K->9670K(996352K), 0.0030979 secs]
18488.812: [GC (Allocation Failure)  317382K->9670K(988160K), 0.0032641 secs]
18489.144: [GC (Allocation Failure)  309190K->9670K(980480K), 0.0037182 secs]
18489.484: [GC (Allocation Failure)  301510K->9638K(1038848K), 0.0047216 secs]
18489.878: [GC (Allocation Failure)  359846K->9670K(1108992K), 0.0040457 secs]
18490.344: [GC (Allocation Failure)  430022K->9702K(1096192K), 0.0031030 secs]
18490.795: [GC (Allocation Failure)  417254K->9670K(1083904K), 0.0029759 secs]
18491.232: [GC (Allocation Failure)  404934K->9638K(1072128K), 0.0036581 secs]
18491.656: [GC (Allocation Failure)  393126K->9670K(1060864K), 0.0036624 secs]
18492.078: [GC (Allocation Failure)  381894K->9638K(1050112K), 0.0033369 secs]
18492.478: [GC (Allocation Failure)  371110K->9670K(1039872K), 0.0041304 secs]
18492.872: [GC (Allocation Failure)  360902K->9670K(1030144K), 0.0035756 secs]
18493.264: [GC (Allocation Failure)  351174K->9670K(1020928K), 0.0037421 secs]
18493.630: [GC (Allocation Failure)  341958K->9702K(1011712K), 0.0032305 secs]
18493.989: [GC (Allocation Failure)  332774K->9670K(1003008K), 0.0034981 secs]
18494.339: [GC (Allocation Failure)  324038K->9670K(994816K), 0.0032132 secs]
18494.715: [GC (Allocation Failure)  315846K->9670K(986624K), 0.0042922 secs]
18495.052: [GC (Allocation Failure)  307654K->9638K(978944K), 0.0034527 secs]
18495.377: [GC (Allocation Failure)  299942K->9670K(1037312K), 0.0037438 secs]
18495.760: [GC (Allocation Failure)  358342K->9638K(1027584K), 0.0036970 secs]
18496.136: [GC (Allocation Failure)  348582K->9702K(1018368K), 0.0034839 secs]
18496.503: [GC (Allocation Failure)  339430K->9670K(1009152K), 0.0032811 secs]
18496.859: [GC (Allocation Failure)  330182K->9670K(1073664K), 0.0058767 secs]
18497.293: [GC (Allocation Failure)  394694K->9702K(1150976K), 0.0032195 secs]
18497.804: [GC (Allocation Failure)  472038K->9670K(1136640K), 0.0031932 secs]
18498.298: [GC (Allocation Failure)  457670K->9670K(1122816K), 0.0028963 secs]
18498.776: [GC (Allocation Failure)  443846K->9702K(1109504K), 0.0034177 secs]
18499.239: [GC (Allocation Failure)  430566K->9670K(1096704K), 0.0033972 secs]
18499.693: [GC (Allocation Failure)  417734K->9702K(1084416K), 0.0041537 secs]
18500.138: [GC (Allocation Failure)  405478K->9670K(1072640K), 0.0035186 secs]
18500.563: [GC (Allocation Failure)  393670K->9670K(1061376K), 0.0033359 secs]
18500.978: [GC (Allocation Failure)  382406K->9670K(1050624K), 0.0035369 secs]
18501.379: [GC (Allocation Failure)  371654K->9702K(1040384K), 0.0043662 secs]
18501.769: [GC (Allocation Failure)  361446K->9638K(1030656K), 0.0036636 secs]
18502.152: [GC (Allocation Failure)  351654K->9702K(1020928K), 0.0035406 secs]
18502.522: [GC (Allocation Failure)  341990K->9638K(1011712K), 0.0036077 secs]
18502.880: [GC (Allocation Failure)  332710K->9638K(1003008K), 0.0038699 secs]
18503.230: [GC (Allocation Failure)  324006K->9638K(994816K), 0.0038687 secs]
18503.587: [GC (Allocation Failure)  315814K->9670K(986624K), 0.0039535 secs]
18503.916: [GC (Allocation Failure)  307654K->9702K(1046528K), 0.0036325 secs]
18504.314: [GC (Allocation Failure)  367590K->9670K(1036288K), 0.0032444 secs]
18504.698: [GC (Allocation Failure)  357318K->9670K(1026560K), 0.0039372 secs]
18505.085: [GC (Allocation Failure)  347590K->9670K(1017344K), 0.0038656 secs]
18505.452: [GC (Allocation Failure)  338374K->9670K(1008640K), 0.0036954 secs]
18505.808: [GC (Allocation Failure)  329670K->9670K(999936K), 0.0037723 secs]
18506.153: [GC (Allocation Failure)  320966K->9670K(1062400K), 0.0037973 secs]
18506.570: [GC (Allocation Failure)  383430K->9670K(1051648K), 0.0040922 secs]
18506.981: [GC (Allocation Failure)  372678K->9670K(1041408K), 0.0036133 secs]
18507.370: [GC (Allocation Failure)  362438K->9638K(1031680K), 0.0033639 secs]
18507.748: [GC (Allocation Failure)  352678K->9702K(1021952K), 0.0036720 secs]
18508.138: [GC (Allocation Failure)  343014K->9670K(1012736K), 0.0035465 secs]
18508.497: [GC (Allocation Failure)  333766K->9638K(1004032K), 0.0036771 secs]
18508.848: [GC (Allocation Failure)  325030K->9638K(995840K), 0.0035355 secs]
18509.187: [GC (Allocation Failure)  316838K->9702K(987648K), 0.0038951 secs]
18509.549: [GC (Allocation Failure)  308710K->9638K(979968K), 0.0035034 secs]
18509.879: [GC (Allocation Failure)  300966K->9670K(1038336K), 0.0040725 secs]
18510.294: [GC (Allocation Failure)  359366K->9638K(1028608K), 0.0038017 secs]
18510.670: [GC (Allocation Failure)  349606K->9670K(1019392K), 0.0033832 secs]
18511.037: [GC (Allocation Failure)  340422K->9606K(1010176K), 0.0036413 secs]
18511.395: [GC (Allocation Failure)  331142K->9670K(1001472K), 0.0035622 secs]
18511.742: [GC (Allocation Failure)  322502K->9670K(993280K), 0.0040278 secs]
18512.089: [GC (Allocation Failure)  314310K->9638K(985088K), 0.0034508 secs]
18512.418: [GC (Allocation Failure)  306086K->9702K(977408K), 0.0034834 secs]
18512.784: [GC (Allocation Failure)  298470K->9670K(970240K), 0.0034905 secs]
18513.097: [GC (Allocation Failure)  291270K->9638K(963072K), 0.0034000 secs]
18513.403: [GC (Allocation Failure)  284070K->9670K(1018368K), 0.0043074 secs]
18513.770: [GC (Allocation Failure)  339398K->9670K(1084416K), 0.0034316 secs]
18514.209: [GC (Allocation Failure)  405446K->9670K(1072640K), 0.0035351 secs]
18514.655: [GC (Allocation Failure)  393670K->9670K(1061376K), 0.0034396 secs]
18515.083: [GC (Allocation Failure)  382406K->9670K(1050624K), 0.0039874 secs]
18515.503: [GC (Allocation Failure)  371654K->9670K(1040384K), 0.0036689 secs]
18515.892: [GC (Allocation Failure)  361414K->9670K(1030656K), 0.0035576 secs]
18516.269: [GC (Allocation Failure)  351686K->9670K(1020928K), 0.0034452 secs]
18516.638: [GC (Allocation Failure)  341958K->9702K(1011712K), 0.0043109 secs]
18517.002: [GC (Allocation Failure)  332774K->9670K(1003008K), 0.0035751 secs]
18517.353: [GC (Allocation Failure)  324038K->9606K(1065984K), 0.0056437 secs]
18517.774: [GC (Allocation Failure)  386950K->9670K(1141760K), 0.0033643 secs]
18518.296: [GC (Allocation Failure)  462790K->9702K(1127424K), 0.0032582 secs]
18518.780: [GC (Allocation Failure)  448486K->9670K(1114112K), 0.0042155 secs]
18519.255: [GC (Allocation Failure)  435142K->9670K(1101312K), 0.0041993 secs]
18519.722: [GC (Allocation Failure)  422342K->9638K(1089024K), 0.0040375 secs]
18520.170: [GC (Allocation Failure)  410022K->9670K(1077248K), 0.0035522 secs]
18520.590: [GC (Allocation Failure)  398278K->9638K(1065984K), 0.0038909 secs]
18520.995: [GC (Allocation Failure)  386982K->9670K(1055232K), 0.0033722 secs]
18521.384: [GC (Allocation Failure)  376262K->9638K(1044480K), 0.0034633 secs]
18521.761: [GC (Allocation Failure)  365478K->9638K(1034240K), 0.0035570 secs]
18522.131: [GC (Allocation Failure)  355238K->9670K(1024512K), 0.0034947 secs]
18522.491: [GC (Allocation Failure)  345542K->9702K(1015296K), 0.0035267 secs]
18522.834: [GC (Allocation Failure)  336358K->9670K(1006592K), 0.0039785 secs]
18523.174: [GC (Allocation Failure)  327622K->9670K(997888K), 0.0033660 secs]
18523.503: [GC (Allocation Failure)  318918K->9670K(1059840K), 0.0039077 secs]
18523.898: [GC (Allocation Failure)  380870K->9670K(1049088K), 0.0033902 secs]
18524.281: [GC (Allocation Failure)  370118K->9670K(1038848K), 0.0033198 secs]
18524.676: [GC (Allocation Failure)  359878K->9670K(1029120K), 0.0033703 secs]
18525.037: [GC (Allocation Failure)  350150K->9670K(1019904K), 0.0033632 secs]
18525.391: [GC (Allocation Failure)  340934K->9670K(1010688K), 0.0034460 secs]
18525.735: [GC (Allocation Failure)  331718K->9606K(1001984K), 0.0035465 secs]
18526.072: [GC (Allocation Failure)  322950K->9702K(993792K), 0.0037002 secs]
18526.397: [GC (Allocation Failure)  314854K->9670K(1055232K), 0.0038295 secs]
18526.798: [GC (Allocation Failure)  376262K->9638K(1044480K), 0.0032710 secs]
18527.174: [GC (Allocation Failure)  365478K->9638K(1115648K), 0.0047136 secs]
18527.634: [GC (Allocation Failure)  436646K->9670K(1102848K), 0.0033939 secs]
18528.078: [GC (Allocation Failure)  423878K->9670K(1090560K), 0.0036510 secs]
18528.504: [GC (Allocation Failure)  411590K->9670K(1078784K), 0.0034026 secs]
18528.920: [GC (Allocation Failure)  399814K->9734K(1067520K), 0.0038114 secs]
18529.329: [GC (Allocation Failure)  388614K->9670K(1056256K), 0.0033669 secs]
18529.724: [GC (Allocation Failure)  377286K->9670K(1045504K), 0.0040807 secs]
18530.109: [GC (Allocation Failure)  366534K->9670K(1035264K), 0.0035922 secs]
18530.482: [GC (Allocation Failure)  356294K->9638K(1025536K), 0.0029621 secs]
18530.888: [GC (Allocation Failure)  346534K->9670K(1016320K), 0.0039347 secs]
18531.239: [GC (Allocation Failure)  337350K->9670K(1007616K), 0.0031577 secs]
18531.580: [GC (Allocation Failure)  328646K->9638K(998912K), 0.0035122 secs]
18531.913: [GC (Allocation Failure)  319910K->9670K(990720K), 0.0038087 secs]
18532.235: [GC (Allocation Failure)  311750K->9670K(1051136K), 0.0038031 secs]
18532.623: [GC (Allocation Failure)  372166K->9670K(1040896K), 0.0031976 secs]
18532.999: [GC (Allocation Failure)  361926K->9670K(1031168K), 0.0036420 secs]
18533.362: [GC (Allocation Failure)  352198K->9638K(1021440K), 0.0031858 secs]
18533.738: [GC (Allocation Failure)  342438K->9670K(1012224K), 0.0034765 secs]
18534.104: [GC (Allocation Failure)  333254K->9638K(1003520K), 0.0031967 secs]
18534.441: [GC (Allocation Failure)  324518K->9670K(995328K), 0.0037643 secs]
18534.772: [GC (Allocation Failure)  316358K->9638K(987136K), 0.0034465 secs]
18535.091: [GC (Allocation Failure)  308134K->9670K(1047040K), 0.0039005 secs]
18535.472: [GC (Allocation Failure)  368070K->9702K(1036800K), 0.0030686 secs]
18535.844: [GC (Allocation Failure)  357862K->9670K(1027072K), 0.0035936 secs]
18536.232: [GC (Allocation Failure)  348102K->9702K(1017856K), 0.0033026 secs]
18536.586: [GC (Allocation Failure)  338918K->9670K(1008640K), 0.0032689 secs]
18536.937: [GC (Allocation Failure)  329670K->9670K(999936K), 0.0031370 secs]
18537.270: [GC (Allocation Failure)  320966K->9702K(991744K), 0.0039579 secs]
18537.595: [GC (Allocation Failure)  312806K->9638K(1052672K), 0.0040914 secs]
18537.983: [GC (Allocation Failure)  373670K->9670K(1125888K), 0.0038816 secs]
18538.450: [GC (Allocation Failure)  446918K->9670K(1112576K), 0.0033757 secs]
18538.909: [GC (Allocation Failure)  433606K->9670K(1099776K), 0.0041346 secs]
18539.357: [GC (Allocation Failure)  420806K->9734K(1087488K), 0.0036513 secs]
18539.783: [GC (Allocation Failure)  408582K->9670K(1075712K), 0.0041094 secs]
18540.196: [GC (Allocation Failure)  396742K->9702K(1064448K), 0.0036504 secs]
18540.594: [GC (Allocation Failure)  385510K->9670K(1053696K), 0.0045461 secs]
18540.983: [GC (Allocation Failure)  374726K->9638K(1043456K), 0.0045477 secs]
18541.399: [GC (Allocation Failure)  364454K->9670K(1033216K), 0.0031189 secs]
18541.765: [GC (Allocation Failure)  354246K->9638K(1023488K), 0.0045526 secs]
18542.128: [GC (Allocation Failure)  344486K->9670K(1090560K), 0.0046882 secs]
18542.560: [GC (Allocation Failure)  411590K->9670K(1078784K), 0.0032720 secs]
18542.972: [GC (Allocation Failure)  399814K->9638K(1067520K), 0.0036577 secs]
18543.374: [GC (Allocation Failure)  388518K->9670K(1056256K), 0.0046175 secs]
18543.768: [GC (Allocation Failure)  377286K->9670K(1045504K), 0.0035356 secs]
18544.146: [GC (Allocation Failure)  366534K->9638K(1035264K), 0.0035814 secs]
18544.515: [GC (Allocation Failure)  356262K->9670K(1025536K), 0.0039981 secs]
18544.870: [GC (Allocation Failure)  346566K->9670K(1016320K), 0.0031765 secs]
18545.218: [GC (Allocation Failure)  337350K->9702K(1081856K), 0.0040944 secs]
18545.642: [GC (Allocation Failure)  402918K->9670K(1070080K), 0.0030873 secs]
18546.061: [GC (Allocation Failure)  391110K->9702K(1058816K), 0.0038728 secs]
18546.510: [GC (Allocation Failure)  379878K->9702K(1048064K), 0.0044505 secs]
18546.895: [GC (Allocation Failure)  369126K->9670K(1037824K), 0.0035235 secs]
18547.266: [GC (Allocation Failure)  358854K->9670K(1028096K), 0.0037876 secs]
18547.636: [GC (Allocation Failure)  349126K->9670K(1018880K), 0.0036853 secs]
18547.988: [GC (Allocation Failure)  339910K->9702K(1009664K), 0.0040683 secs]
18548.336: [GC (Allocation Failure)  330726K->9638K(1074176K), 0.0037182 secs]
18548.748: [GC (Allocation Failure)  395174K->9670K(1062912K), 0.0035878 secs]
18549.193: [GC (Allocation Failure)  383942K->9670K(1052160K), 0.0035911 secs]
18549.591: [GC (Allocation Failure)  373190K->9670K(1124864K), 0.0123349 secs]
18550.073: [GC (Allocation Failure)  445894K->9670K(1111552K), 0.0034078 secs]
18550.523: [GC (Allocation Failure)  432582K->9670K(1098752K), 0.0031950 secs]
18550.969: [GC (Allocation Failure)  419782K->9670K(1086464K), 0.0033137 secs]
18551.393: [GC (Allocation Failure)  407494K->9670K(1074688K), 0.0031863 secs]
18551.804: [GC (Allocation Failure)  395718K->9702K(1063424K), 0.0032559 secs]
18552.203: [GC (Allocation Failure)  384486K->9670K(1052672K), 0.0035975 secs]
18552.589: [GC (Allocation Failure)  373702K->9638K(1042432K), 0.0044228 secs]
18552.973: [GC (Allocation Failure)  363430K->9638K(1032704K), 0.0037601 secs]
18553.341: [GC (Allocation Failure)  353702K->9670K(1022976K), 0.0033667 secs]
18553.702: [GC (Allocation Failure)  344006K->9702K(1013760K), 0.0033406 secs]
18554.050: [GC (Allocation Failure)  334822K->9638K(1005056K), 0.0034829 secs]
18554.399: [GC (Allocation Failure)  326054K->9638K(996352K), 0.0034727 secs]
18554.728: [GC (Allocation Failure)  317350K->9670K(988160K), 0.0039895 secs]
18555.049: [GC (Allocation Failure)  309190K->9670K(1048064K), 0.0033659 secs]
18555.438: [GC (Allocation Failure)  369094K->9670K(1037824K), 0.0037608 secs]
18555.814: [GC (Allocation Failure)  358854K->9638K(1107968K), 0.0053291 secs]
18556.308: [GC (Allocation Failure)  428966K->9670K(1191936K), 0.0039881 secs]
18556.841: [GC (Allocation Failure)  512966K->9670K(1175552K), 0.0035180 secs]
18557.400: [GC (Allocation Failure)  496582K->9670K(1159680K), 0.0031934 secs]
18557.903: [GC (Allocation Failure)  480710K->9638K(1144832K), 0.0039018 secs]
18558.390: [GC (Allocation Failure)  465830K->9670K(1130496K), 0.0031276 secs]
18558.873: [GC (Allocation Failure)  451526K->9670K(1116672K), 0.0033697 secs]
18559.354: [GC (Allocation Failure)  437702K->9702K(1103360K), 0.0034309 secs]
18559.827: [GC (Allocation Failure)  424422K->9670K(1091072K), 0.0047705 secs]
18560.267: [GC (Allocation Failure)  412102K->9638K(1079296K), 0.0031098 secs]
18560.684: [GC (Allocation Failure)  400294K->9670K(1068032K), 0.0037325 secs]
18561.087: [GC (Allocation Failure)  389062K->9670K(1056768K), 0.0038623 secs]
18561.484: [GC (Allocation Failure)  377798K->9670K(1046016K), 0.0037048 secs]
18561.862: [GC (Allocation Failure)  367046K->9670K(1035776K), 0.0038549 secs]
18562.275: [GC (Allocation Failure)  356806K->9702K(1026048K), 0.0042462 secs]
18562.642: [GC (Allocation Failure)  347110K->9638K(1016832K), 0.0039406 secs]
18562.993: [GC (Allocation Failure)  337830K->9638K(1008128K), 0.0037872 secs]
18563.336: [GC (Allocation Failure)  329126K->9638K(999424K), 0.0032870 secs]
18563.675: [GC (Allocation Failure)  320422K->9670K(991232K), 0.0032756 secs]
18563.998: [GC (Allocation Failure)  312262K->9670K(983552K), 0.0036527 secs]
18564.314: [GC (Allocation Failure)  304582K->9670K(975872K), 0.0033003 secs]
18564.653: [GC (Allocation Failure)  296902K->9670K(1033728K), 0.0035987 secs]
18565.023: [GC (Allocation Failure)  354758K->9638K(1024000K), 0.0034100 secs]
18565.383: [GC (Allocation Failure)  344998K->9638K(1014784K), 0.0039079 secs]
18565.731: [GC (Allocation Failure)  335782K->9670K(1080320K), 0.0043030 secs]
18566.153: [GC (Allocation Failure)  401350K->9670K(1068544K), 0.0035337 secs]
18566.557: [GC (Allocation Failure)  389574K->9670K(1057280K), 0.0032595 secs]
18566.969: [GC (Allocation Failure)  378310K->9638K(1046528K), 0.0035449 secs]
18567.349: [GC (Allocation Failure)  367526K->9670K(1036288K), 0.0036010 secs]
18567.717: [GC (Allocation Failure)  357318K->9638K(1026560K), 0.0036782 secs]
18568.103: [GC (Allocation Failure)  347558K->9702K(1017344K), 0.0033685 secs]
18568.457: [GC (Allocation Failure)  338406K->9670K(1008640K), 0.0032767 secs]
18568.799: [GC (Allocation Failure)  329670K->9638K(999936K), 0.0032866 secs]
18569.131: [GC (Allocation Failure)  320934K->9638K(991744K), 0.0036523 secs]
18569.455: [GC (Allocation Failure)  312742K->9638K(1052672K), 0.0046746 secs]
18569.847: [GC (Allocation Failure)  373670K->9638K(1125888K), 0.0035682 secs]
18570.325: [GC (Allocation Failure)  446886K->9670K(1112576K), 0.0036225 secs]
18570.777: [GC (Allocation Failure)  433606K->9638K(1099776K), 0.0041305 secs]
18571.216: [GC (Allocation Failure)  420774K->9670K(1087488K), 0.0034967 secs]
18571.639: [GC (Allocation Failure)  408518K->9670K(1075712K), 0.0041778 secs]
18572.054: [GC (Allocation Failure)  396742K->9638K(1064448K), 0.0039266 secs]
18572.479: [GC (Allocation Failure)  385446K->9670K(1053696K), 0.0042669 secs]
18572.870: [GC (Allocation Failure)  374726K->9670K(1043456K), 0.0035423 secs]
18573.251: [GC (Allocation Failure)  364486K->9734K(1033216K), 0.0045852 secs]
18573.624: [GC (Allocation Failure)  354310K->9670K(1023488K), 0.0038443 secs]
18573.983: [GC (Allocation Failure)  344518K->9670K(1090560K), 0.0039925 secs]
18574.412: [GC (Allocation Failure)  411590K->9670K(1078784K), 0.0035899 secs]
18574.834: [GC (Allocation Failure)  399814K->9670K(1067520K), 0.0036631 secs]
18575.237: [GC (Allocation Failure)  388550K->9670K(1056256K), 0.0030676 secs]
18575.627: [GC (Allocation Failure)  377286K->9638K(1045504K), 0.0028988 secs]
18576.005: [GC (Allocation Failure)  366502K->9638K(1035264K), 0.0034585 secs]
18576.375: [GC (Allocation Failure)  356262K->9702K(1025536K), 0.0048906 secs]
18576.740: [GC (Allocation Failure)  346598K->9670K(1016320K), 0.0032777 secs]
18577.091: [GC (Allocation Failure)  337350K->9670K(1007616K), 0.0033661 secs]
18577.456: [GC (Allocation Failure)  328646K->9638K(998912K), 0.0038449 secs]
18577.787: [GC (Allocation Failure)  319910K->9670K(990720K), 0.0028894 secs]
18578.109: [GC (Allocation Failure)  311750K->9670K(983040K), 0.0033231 secs]
18578.423: [GC (Allocation Failure)  304070K->9638K(975360K), 0.0034238 secs]
18578.728: [GC (Allocation Failure)  296358K->9670K(1032704K), 0.0036505 secs]
18579.096: [GC (Allocation Failure)  353734K->9670K(1022976K), 0.0030226 secs]
18579.455: [GC (Allocation Failure)  344006K->9702K(1090048K), 0.0042154 secs]
18579.887: [GC (Allocation Failure)  411110K->9670K(1078272K), 0.0035013 secs]
18580.301: [GC (Allocation Failure)  399302K->9702K(1067008K), 0.0028655 secs]
18580.703: [GC (Allocation Failure)  388070K->9670K(1056256K), 0.0033189 secs]
18581.095: [GC (Allocation Failure)  377286K->9638K(1045504K), 0.0035892 secs]
18581.477: [GC (Allocation Failure)  366502K->9670K(1035264K), 0.0033138 secs]
18581.848: [GC (Allocation Failure)  356294K->9670K(1025536K), 0.0037789 secs]
18582.208: [GC (Allocation Failure)  346566K->9638K(1016320K), 0.0033481 secs]
18582.556: [GC (Allocation Failure)  337318K->9638K(1007616K), 0.0033545 secs]
18582.895: [GC (Allocation Failure)  328614K->9670K(998912K), 0.0036369 secs]
18583.227: [GC (Allocation Failure)  319942K->9670K(990720K), 0.0036738 secs]
18583.550: [GC (Allocation Failure)  311750K->9670K(1051136K), 0.0036850 secs]
18583.934: [GC (Allocation Failure)  372166K->9670K(1040896K), 0.0033612 secs]
18584.304: [GC (Allocation Failure)  361926K->9670K(1111552K), 0.0041719 secs]
18584.756: [GC (Allocation Failure)  432582K->9670K(1098752K), 0.0030260 secs]
18585.193: [GC (Allocation Failure)  419782K->9670K(1086464K), 0.0037467 secs]
18585.621: [GC (Allocation Failure)  407494K->9638K(1074688K), 0.0034624 secs]
18586.032: [GC (Allocation Failure)  395686K->9638K(1063424K), 0.0039441 secs]
18586.438: [GC (Allocation Failure)  384422K->9702K(1052672K), 0.0029440 secs]
18586.826: [GC (Allocation Failure)  373734K->9670K(1042432K), 0.0032352 secs]
18587.208: [GC (Allocation Failure)  363462K->9702K(1032704K), 0.0032529 secs]
18587.576: [GC (Allocation Failure)  353766K->9638K(1022976K), 0.0034038 secs]
18587.933: [GC (Allocation Failure)  343974K->9638K(1013760K), 0.0031731 secs]
18588.279: [GC (Allocation Failure)  334758K->9670K(1005056K), 0.0031510 secs]
18588.614: [GC (Allocation Failure)  326086K->9670K(996352K), 0.0037023 secs]
18588.943: [GC (Allocation Failure)  317382K->9638K(988160K), 0.0039648 secs]
18589.268: [GC (Allocation Failure)  309158K->9670K(1048064K), 0.0036578 secs]
18589.651: [GC (Allocation Failure)  369094K->9670K(1037824K), 0.0035918 secs]
18590.021: [GC (Allocation Failure)  358854K->9702K(1028096K), 0.0033392 secs]
18590.384: [GC (Allocation Failure)  349158K->9670K(1018880K), 0.0034858 secs]
18590.737: [GC (Allocation Failure)  339910K->9606K(1009664K), 0.0030778 secs]
18591.080: [GC (Allocation Failure)  330630K->9670K(1000960K), 0.0033959 secs]
18591.415: [GC (Allocation Failure)  321990K->9670K(992768K), 0.0031275 secs]
18591.743: [GC (Allocation Failure)  313798K->9734K(984576K), 0.0035587 secs]
18592.060: [GC (Allocation Failure)  305670K->9638K(1043968K), 0.0054535 secs]
18592.440: [GC (Allocation Failure)  364966K->9638K(1115136K), 0.0035825 secs]
18592.930: [GC (Allocation Failure)  436134K->9702K(1200640K), 0.0041912 secs]
18593.477: [GC (Allocation Failure)  521702K->9702K(1183744K), 0.0043891 secs]
18594.009: [GC (Allocation Failure)  504806K->9702K(1167872K), 0.0034138 secs]
18594.519: [GC (Allocation Failure)  488934K->9638K(1152512K), 0.0038238 secs]
18595.013: [GC (Allocation Failure)  473510K->9670K(1137664K), 0.0049811 secs]
18595.490: [GC (Allocation Failure)  458694K->9670K(1123840K), 0.0037792 secs]
18595.956: [GC (Allocation Failure)  444870K->9638K(1110528K), 0.0044527 secs]
18596.411: [GC (Allocation Failure)  431526K->9606K(1097728K), 0.0050817 secs]
18596.851: [GC (Allocation Failure)  418694K->9670K(1085440K), 0.0046160 secs]
18597.279: [GC (Allocation Failure)  406470K->9670K(1073664K), 0.0034492 secs]
18597.688: [GC (Allocation Failure)  394694K->9638K(1062400K), 0.0037470 secs]
18598.111: [GC (Allocation Failure)  383398K->9670K(1051648K), 0.0046592 secs]
18598.500: [GC (Allocation Failure)  372678K->9670K(1041408K), 0.0044334 secs]
18598.882: [GC (Allocation Failure)  362438K->9638K(1112064K), 0.0049282 secs]
18599.340: [GC (Allocation Failure)  433062K->9702K(1099264K), 0.0036789 secs]
18599.775: [GC (Allocation Failure)  420326K->9638K(1086976K), 0.0037732 secs]
18600.195: [GC (Allocation Failure)  407974K->9670K(1075200K), 0.0037225 secs]
18600.606: [GC (Allocation Failure)  396230K->9670K(1063936K), 0.0034370 secs]
18601.010: [GC (Allocation Failure)  384966K->9638K(1053184K), 0.0032728 secs]
18601.401: [GC (Allocation Failure)  374182K->9638K(1042944K), 0.0039635 secs]
18601.787: [GC (Allocation Failure)  363942K->9670K(1032704K), 0.0034954 secs]
18602.155: [GC (Allocation Failure)  353734K->9670K(1101824K), 0.0051190 secs]
18602.599: [GC (Allocation Failure)  422854K->9702K(1089536K), 0.0039960 secs]
18603.025: [GC (Allocation Failure)  410598K->9638K(1077760K), 0.1166728 secs]
18603.558: [GC (Allocation Failure)  398758K->9670K(1066496K), 0.0044053 secs]
18603.973: [GC (Allocation Failure)  387526K->9638K(1142272K), 0.0054749 secs]
18604.470: [GC (Allocation Failure)  463270K->9670K(1127936K), 0.0042451 secs]
18604.941: [GC (Allocation Failure)  448966K->9670K(1114112K), 0.0047262 secs]
18605.396: [GC (Allocation Failure)  435142K->9670K(1101312K), 0.0041162 secs]
18605.835: [GC (Allocation Failure)  422342K->9638K(1089024K), 0.0043405 secs]
18606.262: [GC (Allocation Failure)  410022K->9670K(1077248K), 0.0038512 secs]
18606.680: [GC (Allocation Failure)  398278K->9670K(1065984K), 0.0035442 secs]
18607.080: [GC (Allocation Failure)  387014K->9702K(1055232K), 0.0035576 secs]
18607.477: [GC (Allocation Failure)  376294K->9670K(1044480K), 0.0036164 secs]
18607.863: [GC (Allocation Failure)  365510K->9638K(1034240K), 0.0036672 secs]
18608.233: [GC (Allocation Failure)  355238K->9702K(1024512K), 0.0035141 secs]
18608.594: [GC (Allocation Failure)  345574K->9670K(1015296K), 0.0043196 secs]
18608.957: [GC (Allocation Failure)  336326K->9702K(1006592K), 0.0036207 secs]
18609.304: [GC (Allocation Failure)  327654K->9638K(1070592K), 0.0048809 secs]
18609.732: [GC (Allocation Failure)  391590K->9670K(1147392K), 0.0037043 secs]
18610.223: [GC (Allocation Failure)  468422K->9670K(1133056K), 0.0035845 secs]
18610.708: [GC (Allocation Failure)  454086K->9638K(1119232K), 0.0039002 secs]
18611.166: [GC (Allocation Failure)  440230K->9638K(1105920K), 0.0041891 secs]
18611.612: [GC (Allocation Failure)  426918K->9638K(1093120K), 0.0045379 secs]
18612.050: [GC (Allocation Failure)  414118K->9638K(1080832K), 0.0037262 secs]
18612.473: [GC (Allocation Failure)  401830K->9702K(1069056K), 0.0041699 secs]
18612.881: [GC (Allocation Failure)  390118K->9670K(1057792K), 0.0036829 secs]
18613.278: [GC (Allocation Failure)  378822K->9702K(1132032K), 0.0052069 secs]
18613.757: [GC (Allocation Failure)  453094K->9670K(1118208K), 0.0038322 secs]
18614.215: [GC (Allocation Failure)  439238K->9702K(1204224K), 0.0066037 secs]
18614.766: [GC (Allocation Failure)  525286K->9638K(1187328K), 0.0039390 secs]
18615.318: [GC (Allocation Failure)  508326K->9638K(1170944K), 0.0039073 secs]
18615.841: [GC (Allocation Failure)  491942K->9670K(1155584K), 0.0042834 secs]
18616.340: [GC (Allocation Failure)  476614K->9702K(1140736K), 0.0046528 secs]
18616.821: [GC (Allocation Failure)  461798K->9638K(1126400K), 0.0046298 secs]
18617.283: [GC (Allocation Failure)  447398K->9638K(1113088K), 0.0046547 secs]
18617.739: [GC (Allocation Failure)  434086K->9638K(1100288K), 0.0043607 secs]
18618.185: [GC (Allocation Failure)  421286K->9670K(1088000K), 0.0049013 secs]
18618.622: [GC (Allocation Failure)  409030K->9670K(1076224K), 0.0045045 secs]
18619.060: [GC (Allocation Failure)  397254K->9670K(1064960K), 0.0036970 secs]
18619.474: [GC (Allocation Failure)  385990K->9638K(1054208K), 0.0040889 secs]
18619.868: [GC (Allocation Failure)  375206K->9670K(1043968K), 0.0040471 secs]
18620.246: [GC (Allocation Failure)  364998K->9670K(1033728K), 0.0034601 secs]
18620.615: [GC (Allocation Failure)  354758K->9670K(1024000K), 0.0038312 secs]
18620.975: [GC (Allocation Failure)  345030K->9734K(1091072K), 0.0051882 secs]
18621.414: [GC (Allocation Failure)  412166K->9638K(1171968K), 0.0037887 secs]
18621.931: [GC (Allocation Failure)  492966K->9670K(1156608K), 0.0034625 secs]
18622.426: [GC (Allocation Failure)  477638K->9670K(1141760K), 0.0044513 secs]
18622.913: [GC (Allocation Failure)  462790K->9702K(1127424K), 0.0031095 secs]
18623.382: [GC (Allocation Failure)  448486K->9670K(1114112K), 0.0042384 secs]
18623.846: [GC (Allocation Failure)  435142K->9670K(1101312K), 0.0042108 secs]
18624.319: [GC (Allocation Failure)  422342K->9670K(1089024K), 0.0043590 secs]
18624.757: [GC (Allocation Failure)  410054K->9638K(1077248K), 0.0039205 secs]
18625.183: [GC (Allocation Failure)  398246K->9670K(1065984K), 0.0045741 secs]
18625.590: [GC (Allocation Failure)  387014K->9670K(1055232K), 0.0038349 secs]
18625.979: [GC (Allocation Failure)  376262K->9702K(1044480K), 0.0036009 secs]
18626.359: [GC (Allocation Failure)  365542K->9702K(1034240K), 0.0044579 secs]
18626.737: [GC (Allocation Failure)  355302K->9670K(1024512K), 0.0034716 secs]
18627.095: [GC (Allocation Failure)  345542K->9670K(1092096K), 0.0047481 secs]
18627.539: [GC (Allocation Failure)  413126K->9670K(1172992K), 0.0044888 secs]
18628.063: [GC (Allocation Failure)  494022K->9670K(1157632K), 0.0040059 secs]
18628.560: [GC (Allocation Failure)  478662K->9670K(1142784K), 0.0040048 secs]
18629.045: [GC (Allocation Failure)  463814K->9638K(1128448K), 0.0035769 secs]
18629.516: [GC (Allocation Failure)  449446K->9670K(1114624K), 0.0038462 secs]
18629.970: [GC (Allocation Failure)  435654K->9670K(1101824K), 0.0038297 secs]
18630.415: [GC (Allocation Failure)  422854K->9638K(1089536K), 0.0043016 secs]
18630.848: [GC (Allocation Failure)  410534K->9670K(1077760K), 0.0037668 secs]
18631.267: [GC (Allocation Failure)  398790K->9670K(1066496K), 0.0046356 secs]
18631.677: [GC (Allocation Failure)  387526K->9670K(1055744K), 0.0036260 secs]
18632.076: [GC (Allocation Failure)  376774K->9670K(1044992K), 0.0041662 secs]
18632.470: [GC (Allocation Failure)  366022K->9638K(1034752K), 0.0041259 secs]
18632.844: [GC (Allocation Failure)  355750K->9670K(1025024K), 0.0033869 secs]
18633.202: [GC (Allocation Failure)  346054K->9670K(1015808K), 0.0038942 secs]
18633.548: [GC (Allocation Failure)  336838K->9670K(1007104K), 0.0035266 secs]
18633.886: [GC (Allocation Failure)  328134K->9670K(1071104K), 0.0037516 secs]
18634.314: [GC (Allocation Failure)  392134K->9702K(1059840K), 0.0036768 secs]
18634.724: [GC (Allocation Failure)  380902K->9638K(1134080K), 0.0047765 secs]
18635.206: [GC (Allocation Failure)  455078K->9702K(1120256K), 0.0033449 secs]
18635.691: [GC (Allocation Failure)  441318K->9670K(1106944K), 0.0040113 secs]
18636.135: [GC (Allocation Failure)  427974K->9670K(1094144K), 0.0029782 secs]
18636.564: [GC (Allocation Failure)  415174K->9702K(1081856K), 0.0035094 secs]
18636.987: [GC (Allocation Failure)  402918K->9638K(1070080K), 0.0042581 secs]
18637.416: [GC (Allocation Failure)  391078K->9638K(1058816K), 0.0039596 secs]
18637.812: [GC (Allocation Failure)  379814K->9702K(1048064K), 0.0032070 secs]
18638.198: [GC (Allocation Failure)  369126K->9670K(1037824K), 0.0034163 secs]
18638.570: [GC (Allocation Failure)  358854K->9670K(1028096K), 0.0031404 secs]
18638.934: [GC (Allocation Failure)  349126K->9670K(1018880K), 0.0042018 secs]
18639.327: [GC (Allocation Failure)  339910K->9670K(1009664K), 0.0037627 secs]
18639.695: [GC (Allocation Failure)  330694K->9702K(1000960K), 0.0033599 secs]
18640.055: [GC (Allocation Failure)  322022K->9670K(1063424K), 0.0086635 secs]
18640.466: [GC (Allocation Failure)  384454K->9670K(1138688K), 0.0044130 secs]
18640.983: [GC (Allocation Failure)  459718K->9670K(1228800K), 0.0042044 secs]
18641.560: [GC (Allocation Failure)  549830K->9670K(1210880K), 0.0030179 secs]
18642.131: [GC (Allocation Failure)  531910K->9670K(1193472K), 0.0040054 secs]
18642.689: [GC (Allocation Failure)  514502K->9702K(1177088K), 0.0066526 secs]
18643.207: [GC (Allocation Failure)  498150K->9638K(1161216K), 0.0023425 secs]
18643.710: [GC (Allocation Failure)  482214K->9670K(1146368K), 0.0044281 secs]
18644.196: [GC (Allocation Failure)  467398K->9638K(1132032K), 0.0032769 secs]
18644.685: [GC (Allocation Failure)  453030K->9638K(1118208K), 0.0192532 secs]
18645.182: [GC (Allocation Failure)  439206K->9638K(1104896K), 0.0032960 secs]
18645.626: [GC (Allocation Failure)  425894K->9670K(1092096K), 0.0035026 secs]
18646.054: [GC (Allocation Failure)  413126K->9670K(1079808K), 0.0041039 secs]
18646.476: [GC (Allocation Failure)  400838K->9702K(1068032K), 0.0033568 secs]
18646.880: [GC (Allocation Failure)  389094K->9670K(1056768K), 0.0036029 secs]
18647.270: [GC (Allocation Failure)  377798K->9670K(1046016K), 0.0035273 secs]
18647.673: [GC (Allocation Failure)  367046K->9670K(1035776K), 0.0036670 secs]
18648.045: [GC (Allocation Failure)  356806K->9638K(1026048K), 0.0034648 secs]
18648.406: [GC (Allocation Failure)  347046K->9670K(1016832K), 0.0039592 secs]
18648.778: [GC (Allocation Failure)  337862K->9606K(1008128K), 0.0033933 secs]
18649.121: [GC (Allocation Failure)  329094K->9670K(999424K), 0.0039605 secs]
18649.461: [GC (Allocation Failure)  320454K->9638K(991232K), 0.0037505 secs]
18649.784: [GC (Allocation Failure)  312230K->9670K(1052160K), 0.0037006 secs]
18650.172: [GC (Allocation Failure)  373190K->9670K(1124864K), 0.0037354 secs]
18650.634: [GC (Allocation Failure)  445894K->9638K(1111552K), 0.0032817 secs]
18651.078: [GC (Allocation Failure)  432550K->9638K(1098752K), 0.0037908 secs]
18651.513: [GC (Allocation Failure)  419750K->9702K(1086464K), 0.0034929 secs]
18651.937: [GC (Allocation Failure)  407526K->9670K(1074688K), 0.0031924 secs]
18652.349: [GC (Allocation Failure)  395718K->9702K(1063424K), 0.0030216 secs]
18652.748: [GC (Allocation Failure)  384486K->9670K(1052672K), 0.0035537 secs]
18653.135: [GC (Allocation Failure)  373702K->9702K(1042432K), 0.0034490 secs]
18653.512: [GC (Allocation Failure)  363494K->9670K(1032704K), 0.0051571 secs]
18653.882: [GC (Allocation Failure)  353734K->9638K(1022976K), 0.0032963 secs]
18654.260: [GC (Allocation Failure)  343974K->9670K(1013760K), 0.0033554 secs]
18654.609: [GC (Allocation Failure)  334790K->9638K(1005056K), 0.0039833 secs]
18654.948: [GC (Allocation Failure)  326054K->9670K(996352K), 0.0028172 secs]
18655.289: [GC (Allocation Failure)  317382K->9638K(988160K), 0.0036945 secs]
18655.617: [GC (Allocation Failure)  309158K->9670K(980480K), 0.0032642 secs]
18655.937: [GC (Allocation Failure)  301510K->9670K(1038848K), 0.0070075 secs]
18656.312: [GC (Allocation Failure)  359878K->9638K(1108992K), 0.0035473 secs]
18656.759: [GC (Allocation Failure)  429990K->9670K(1193472K), 0.0032641 secs]
18657.294: [GC (Allocation Failure)  514502K->9702K(1177088K), 0.0038202 secs]
18657.813: [GC (Allocation Failure)  498150K->9670K(1161216K), 0.0034601 secs]
18658.320: [GC (Allocation Failure)  482246K->9670K(1146368K), 0.0042698 secs]
18658.812: [GC (Allocation Failure)  467398K->9670K(1132032K), 0.0035954 secs]
18659.286: [GC (Allocation Failure)  453062K->9702K(1118208K), 0.0042270 secs]
18659.742: [GC (Allocation Failure)  439270K->9670K(1104896K), 0.0037407 secs]
18660.184: [GC (Allocation Failure)  425926K->9670K(1092096K), 0.0045544 secs]
18660.649: [GC (Allocation Failure)  413126K->9702K(1079808K), 0.0049045 secs]
18661.069: [GC (Allocation Failure)  400870K->9670K(1068032K), 0.0034100 secs]
18661.473: [GC (Allocation Failure)  389062K->9670K(1056768K), 0.0036704 secs]
18661.865: [GC (Allocation Failure)  377798K->9670K(1046016K), 0.0038594 secs]
18662.247: [GC (Allocation Failure)  367046K->9638K(1035776K), 0.0039808 secs]
18662.618: [GC (Allocation Failure)  356774K->9670K(1026048K), 0.0040024 secs]
18662.975: [GC (Allocation Failure)  347078K->9638K(1093632K), 0.0046732 secs]
18663.431: [GC (Allocation Failure)  414630K->9670K(1175040K), 0.0045678 secs]
18663.977: [GC (Allocation Failure)  496070K->9606K(1159168K), 0.0047977 secs]
18664.479: [GC (Allocation Failure)  480134K->9670K(1144320K), 0.0036159 secs]
18664.966: [GC (Allocation Failure)  465350K->9670K(1129984K), 0.0037105 secs]
18665.433: [GC (Allocation Failure)  451014K->9670K(1116160K), 0.0036655 secs]
18665.893: [GC (Allocation Failure)  437190K->9734K(1102848K), 0.0050722 secs]
18666.342: [GC (Allocation Failure)  423942K->9670K(1090560K), 0.0038676 secs]
18666.771: [GC (Allocation Failure)  411590K->9638K(1078784K), 0.0047998 secs]
18667.193: [GC (Allocation Failure)  399782K->9638K(1157120K), 0.0052782 secs]
18667.690: [GC (Allocation Failure)  478118K->9670K(1142272K), 0.0042520 secs]
18668.179: [GC (Allocation Failure)  463302K->9638K(1127936K), 0.0035126 secs]
18668.643: [GC (Allocation Failure)  448934K->9734K(1114112K), 0.0036685 secs]
18669.101: [GC (Allocation Failure)  435206K->9670K(1101312K), 0.0040694 secs]
18669.544: [GC (Allocation Failure)  422342K->9670K(1089024K), 0.0036528 secs]
18669.969: [GC (Allocation Failure)  410054K->9766K(1077248K), 0.0032098 secs]
18670.404: [GC (Allocation Failure)  398374K->9638K(1065984K), 0.0031792 secs]
18670.823: [GC (Allocation Failure)  386982K->9702K(1055232K), 0.0032457 secs]
18671.251: [GC (Allocation Failure)  376294K->9670K(1044480K), 0.0039713 secs]
18671.630: [GC (Allocation Failure)  365510K->9638K(1034240K), 0.0034472 secs]
18672.004: [GC (Allocation Failure)  355238K->9670K(1024512K), 0.0039006 secs]
18672.383: [GC (Allocation Failure)  345542K->9670K(1015296K), 0.0042458 secs]
18672.735: [GC (Allocation Failure)  336326K->9670K(1006592K), 0.0030408 secs]
18673.091: [GC (Allocation Failure)  327622K->9638K(997888K), 0.0037434 secs]
18673.419: [GC (Allocation Failure)  318886K->9702K(989696K), 0.0031775 secs]
18673.741: [GC (Allocation Failure)  310758K->9638K(982016K), 0.0031940 secs]
18674.053: [GC (Allocation Failure)  303014K->9670K(974336K), 0.0033276 secs]
18674.358: [GC (Allocation Failure)  295366K->9670K(1031680K), 0.0042097 secs]
18674.725: [GC (Allocation Failure)  352710K->9702K(1100288K), 0.0038810 secs]
18675.164: [GC (Allocation Failure)  421350K->9670K(1088000K), 0.0030897 secs]
18675.591: [GC (Allocation Failure)  409030K->9670K(1076224K), 0.0032216 secs]
18676.044: [GC (Allocation Failure)  397254K->9670K(1064960K), 0.0041002 secs]
18676.480: [GC (Allocation Failure)  385990K->9638K(1054208K), 0.0036821 secs]
18676.871: [GC (Allocation Failure)  375206K->9702K(1043968K), 0.0041842 secs]
18677.258: [GC (Allocation Failure)  365030K->9702K(1033728K), 0.0039617 secs]
18677.633: [GC (Allocation Failure)  354790K->9670K(1024000K), 0.0039869 secs]
18677.993: [GC (Allocation Failure)  345030K->9638K(1014784K), 0.0033128 secs]
18678.339: [GC (Allocation Failure)  335782K->9638K(1006080K), 0.0037977 secs]
18678.678: [GC (Allocation Failure)  327078K->9670K(1069568K), 0.0037006 secs]
18679.094: [GC (Allocation Failure)  390598K->9670K(1058304K), 0.0039113 secs]
18679.489: [GC (Allocation Failure)  379334K->9670K(1047552K), 0.0035104 secs]
18679.870: [GC (Allocation Failure)  368582K->9670K(1037312K), 0.0041258 secs]
18680.245: [GC (Allocation Failure)  358342K->9670K(1027584K), 0.0036456 secs]
18680.609: [GC (Allocation Failure)  348614K->9734K(1095680K), 0.0043119 secs]
18681.052: [GC (Allocation Failure)  416774K->9670K(1083392K), 0.0032852 secs]
18681.496: [GC (Allocation Failure)  404422K->9670K(1071616K), 0.0036813 secs]
18681.910: [GC (Allocation Failure)  392646K->9670K(1060352K), 0.0035388 secs]
18682.304: [GC (Allocation Failure)  381382K->9670K(1049600K), 0.0034129 secs]
18682.690: [GC (Allocation Failure)  370630K->9670K(1039360K), 0.0037018 secs]
18683.065: [GC (Allocation Failure)  360390K->9606K(1029632K), 0.0034690 secs]
18683.431: [GC (Allocation Failure)  350598K->9670K(1020416K), 0.0035872 secs]
18683.785: [GC (Allocation Failure)  341446K->9670K(1011200K), 0.0034505 secs]
18684.127: [GC (Allocation Failure)  332230K->9670K(1002496K), 0.0033531 secs]
18684.459: [GC (Allocation Failure)  323526K->9702K(994304K), 0.0033411 secs]
18684.783: [GC (Allocation Failure)  315366K->9702K(986112K), 0.0036823 secs]
18685.099: [GC (Allocation Failure)  307174K->9670K(1046016K), 0.0042885 secs]
18685.483: [GC (Allocation Failure)  367046K->9638K(1117696K), 0.0032222 secs]
18685.953: [GC (Allocation Failure)  438694K->9702K(1104384K), 0.0033453 secs]
18686.397: [GC (Allocation Failure)  425446K->9670K(1091584K), 0.0033086 secs]
18686.827: [GC (Allocation Failure)  412614K->9670K(1079808K), 0.0031872 secs]
18687.244: [GC (Allocation Failure)  400838K->9638K(1068032K), 0.0032598 secs]
18687.652: [GC (Allocation Failure)  389030K->9670K(1056768K), 0.0036928 secs]
18688.048: [GC (Allocation Failure)  377798K->9670K(1046016K), 0.0039143 secs]
18688.430: [GC (Allocation Failure)  367046K->9638K(1117696K), 0.0096716 secs]
18688.892: [GC (Allocation Failure)  438694K->9638K(1203712K), 0.0034519 secs]
18689.441: [GC (Allocation Failure)  524710K->9670K(1307136K), 0.0034793 secs]
18690.098: [GC (Allocation Failure)  628166K->9670K(1285632K), 0.0030746 secs]
18690.746: [GC (Allocation Failure)  606662K->9638K(1265152K), 0.0034700 secs]
18691.370: [GC (Allocation Failure)  586150K->9670K(1245696K), 0.0044275 secs]
18691.968: [GC (Allocation Failure)  566726K->9670K(1226752K), 0.0039056 secs]
18692.606: [GC (Allocation Failure)  547782K->9670K(1208832K), 0.0040032 secs]
18693.163: [GC (Allocation Failure)  529862K->9670K(1191936K), 0.0033912 secs]
18693.696: [GC (Allocation Failure)  512966K->9638K(1175552K), 0.0037199 secs]
18694.213: [GC (Allocation Failure)  496550K->9670K(1159680K), 0.0034539 secs]
18694.713: [GC (Allocation Failure)  480710K->9670K(1144832K), 0.0032935 secs]
18695.197: [GC (Allocation Failure)  465862K->9670K(1130496K), 0.0032193 secs]
18695.667: [GC (Allocation Failure)  451526K->9670K(1116672K), 0.0034647 secs]
18696.123: [GC (Allocation Failure)  437702K->9670K(1103360K), 0.0038046 secs]
18696.561: [GC (Allocation Failure)  424390K->9638K(1091072K), 0.0036228 secs]
18696.994: [GC (Allocation Failure)  412070K->9638K(1079296K), 0.0038185 secs]
18697.412: [GC (Allocation Failure)  400294K->9702K(1068032K), 0.0039653 secs]
18697.819: [GC (Allocation Failure)  389094K->9670K(1056768K), 0.0036626 secs]
18698.211: [GC (Allocation Failure)  377798K->9670K(1046016K), 0.0040236 secs]
18698.602: [GC (Allocation Failure)  367046K->9638K(1035776K), 0.0046461 secs]
18698.978: [GC (Allocation Failure)  356774K->9670K(1026048K), 0.0040360 secs]
18699.350: [GC (Allocation Failure)  347078K->9670K(1093632K), 0.0043848 secs]
18699.826: [GC (Allocation Failure)  414662K->9638K(1081344K), 0.0042058 secs]
18700.262: [GC (Allocation Failure)  402342K->9638K(1069568K), 0.0040950 secs]
18700.671: [GC (Allocation Failure)  390566K->9638K(1058304K), 0.0037216 secs]
18701.069: [GC (Allocation Failure)  379302K->9670K(1047552K), 0.0035925 secs]
18701.459: [GC (Allocation Failure)  368582K->9670K(1037312K), 0.0047192 secs]
18701.839: [GC (Allocation Failure)  358342K->9638K(1027584K), 0.0038240 secs]
18702.201: [GC (Allocation Failure)  348582K->9702K(1018368K), 0.0033937 secs]
18702.580: [GC (Allocation Failure)  339430K->9670K(1009152K), 0.0041999 secs]
18702.928: [GC (Allocation Failure)  330182K->9638K(1073664K), 0.0044885 secs]
18703.347: [GC (Allocation Failure)  394662K->9638K(1150976K), 0.0040000 secs]
18703.851: [GC (Allocation Failure)  471974K->9670K(1136640K), 0.0043285 secs]
18704.331: [GC (Allocation Failure)  457670K->9670K(1122816K), 0.0034440 secs]
18704.793: [GC (Allocation Failure)  443846K->9670K(1109504K), 0.0038998 secs]
18705.242: [GC (Allocation Failure)  430534K->9670K(1096704K), 0.0057139 secs]
18705.689: [GC (Allocation Failure)  417734K->9702K(1178624K), 0.0052473 secs]
18706.213: [GC (Allocation Failure)  499686K->9638K(1276928K), 0.0056940 secs]
18706.843: [GC (Allocation Failure)  597926K->9670K(1256960K), 0.0045267 secs]
18707.445: [GC (Allocation Failure)  577990K->9670K(1237504K), 0.0037362 secs]
18708.066: [GC (Allocation Failure)  558534K->9670K(1219072K), 0.0041332 secs]
18708.633: [GC (Allocation Failure)  540102K->9638K(1201664K), 0.0033805 secs]
18709.189: [GC (Allocation Failure)  522662K->9670K(1184768K), 0.0040952 secs]
18709.729: [GC (Allocation Failure)  505798K->9670K(1168896K), 0.0051505 secs]
18710.251: [GC (Allocation Failure)  489926K->9670K(1153536K), 0.0048686 secs]
18710.750: [GC (Allocation Failure)  474566K->9734K(1138688K), 0.0038127 secs]
18711.231: [GC (Allocation Failure)  459782K->9638K(1124864K), 0.0038296 secs]
18711.698: [GC (Allocation Failure)  445862K->9638K(1111552K), 0.0046212 secs]
18712.157: [GC (Allocation Failure)  432550K->9670K(1098752K), 0.0033216 secs]
18712.594: [GC (Allocation Failure)  419782K->9638K(1086464K), 0.0044444 secs]
18713.060: [GC (Allocation Failure)  407462K->9638K(1074688K), 0.0043045 secs]
18713.477: [GC (Allocation Failure)  395686K->9638K(1063424K), 0.0039093 secs]
18713.877: [GC (Allocation Failure)  384422K->9670K(1052672K), 0.0041808 secs]
18714.266: [GC (Allocation Failure)  373702K->9670K(1042432K), 0.0032611 secs]
18714.645: [GC (Allocation Failure)  363462K->9670K(1113600K), 0.0058722 secs]
18715.102: [GC (Allocation Failure)  434630K->9670K(1100800K), 0.0035113 secs]
18715.543: [GC (Allocation Failure)  421830K->9670K(1088512K), 0.0038112 secs]
18715.970: [GC (Allocation Failure)  409542K->9670K(1076736K), 0.0045080 secs]
18716.391: [GC (Allocation Failure)  397766K->9670K(1065472K), 0.0043834 secs]
18716.801: [GC (Allocation Failure)  386502K->9638K(1054720K), 0.0031679 secs]
18717.195: [GC (Allocation Failure)  375718K->9670K(1044480K), 0.0033583 secs]
18717.577: [GC (Allocation Failure)  365510K->9670K(1034240K), 0.0037297 secs]
18717.950: [GC (Allocation Failure)  355270K->9638K(1024512K), 0.0044923 secs]
18718.321: [GC (Allocation Failure)  345510K->9638K(1015296K), 0.0034947 secs]
18718.666: [GC (Allocation Failure)  336294K->9670K(1080832K), 0.0041838 secs]
18719.089: [GC (Allocation Failure)  401862K->9638K(1069056K), 0.0039559 secs]
18719.511: [GC (Allocation Failure)  390054K->9670K(1145344K), 0.0046998 secs]
18720.004: [GC (Allocation Failure)  466374K->9670K(1131008K), 0.0036912 secs]
18720.481: [GC (Allocation Failure)  452038K->9670K(1117184K), 0.0046355 secs]
18720.942: [GC (Allocation Failure)  438214K->9670K(1103872K), 0.0032712 secs]
18721.388: [GC (Allocation Failure)  424902K->9638K(1091072K), 0.0039056 secs]
18721.817: [GC (Allocation Failure)  412070K->9638K(1079296K), 0.0052640 secs]
18722.239: [GC (Allocation Failure)  400294K->9638K(1068032K), 0.0040845 secs]
18722.647: [GC (Allocation Failure)  389030K->9670K(1144320K), 0.0051434 secs]
18723.145: [GC (Allocation Failure)  465350K->9638K(1235456K), 0.0051398 secs]
18723.757: [GC (Allocation Failure)  556454K->9638K(1217024K), 0.0054996 secs]
18724.346: [GC (Allocation Failure)  538022K->9638K(1199616K), 0.0037193 secs]
18724.887: [GC (Allocation Failure)  520614K->9670K(1182720K), 0.0035679 secs]
18725.417: [GC (Allocation Failure)  503750K->9638K(1166848K), 0.0041021 secs]
18725.927: [GC (Allocation Failure)  487846K->9638K(1151488K), 0.0035705 secs]
18726.421: [GC (Allocation Failure)  472486K->9702K(1136640K), 0.0039963 secs]
18726.901: [GC (Allocation Failure)  457702K->9638K(1122816K), 0.0035495 secs]
18727.364: [GC (Allocation Failure)  443814K->9702K(1109504K), 0.0034697 secs]
18727.815: [GC (Allocation Failure)  430566K->9670K(1096704K), 0.0034446 secs]
18728.254: [GC (Allocation Failure)  417734K->9638K(1084416K), 0.0034353 secs]
18728.675: [GC (Allocation Failure)  405414K->9670K(1072640K), 0.0032024 secs]
18729.082: [GC (Allocation Failure)  393670K->9638K(1061376K), 0.0041778 secs]
18729.480: [GC (Allocation Failure)  382374K->9638K(1050624K), 0.0040394 secs]
18729.867: [GC (Allocation Failure)  371622K->9638K(1040384K), 0.0041532 secs]
18730.249: [GC (Allocation Failure)  361382K->9638K(1030656K), 0.0047828 secs]
18730.621: [GC (Allocation Failure)  351654K->9670K(1099264K), 0.0040657 secs]
18731.060: [GC (Allocation Failure)  420294K->9638K(1086976K), 0.0029799 secs]
18731.550: [GC (Allocation Failure)  407974K->9638K(1075200K), 0.0031538 secs]
18731.962: [GC (Allocation Failure)  396198K->9638K(1063936K), 0.0033260 secs]
18732.363: [GC (Allocation Failure)  384934K->9702K(1053184K), 0.0032824 secs]
18732.750: [GC (Allocation Failure)  374246K->9670K(1042944K), 0.0042684 secs]
18733.128: [GC (Allocation Failure)  363974K->9670K(1032704K), 0.0035083 secs]
18733.519: [GC (Allocation Failure)  353734K->9670K(1022976K), 0.0034196 secs]
18733.877: [GC (Allocation Failure)  344006K->9638K(1013760K), 0.0034393 secs]
18734.227: [GC (Allocation Failure)  334758K->9638K(1005056K), 0.0040016 secs]
18734.571: [GC (Allocation Failure)  326054K->9670K(996352K), 0.0035109 secs]
18734.897: [GC (Allocation Failure)  317382K->9702K(1058304K), 0.0040231 secs]
18735.298: [GC (Allocation Failure)  379366K->9638K(1047552K), 0.0033153 secs]
18735.682: [GC (Allocation Failure)  368550K->9638K(1037312K), 0.0040755 secs]
18736.060: [GC (Allocation Failure)  358310K->9638K(1027584K), 0.0031217 secs]
18736.428: [GC (Allocation Failure)  348582K->9638K(1018368K), 0.0036201 secs]
18736.783: [GC (Allocation Failure)  339366K->9702K(1009152K), 0.0034367 secs]
18737.136: [GC (Allocation Failure)  330214K->9702K(1000448K), 0.0035507 secs]
18737.472: [GC (Allocation Failure)  321510K->9670K(992256K), 0.0035035 secs]
18737.794: [GC (Allocation Failure)  313286K->9702K(1053184K), 0.0041193 secs]
18738.189: [GC (Allocation Failure)  374246K->9670K(1042944K), 0.0035722 secs]
18738.568: [GC (Allocation Failure)  363974K->9670K(1032704K), 0.0034324 secs]
18738.965: [GC (Allocation Failure)  353734K->9638K(1022976K), 0.0036179 secs]
18739.331: [GC (Allocation Failure)  343974K->9670K(1013760K), 0.0032083 secs]
18739.685: [GC (Allocation Failure)  334790K->9670K(1005056K), 0.0036704 secs]
18740.028: [GC (Allocation Failure)  326086K->9670K(996352K), 0.0031534 secs]
18740.358: [GC (Allocation Failure)  317382K->9670K(988160K), 0.0036675 secs]
18740.681: [GC (Allocation Failure)  309190K->9638K(980480K), 0.0035964 secs]
18741.014: [GC (Allocation Failure)  301478K->9670K(972800K), 0.0032902 secs]
18741.322: [GC (Allocation Failure)  293830K->9638K(1029632K), 0.0036449 secs]
18741.712: [GC (Allocation Failure)  350630K->9670K(1098240K), 0.0052562 secs]
18742.174: [GC (Allocation Failure)  419270K->9638K(1180160K), 0.0039001 secs]
18742.724: [GC (Allocation Failure)  501158K->9670K(1164288K), 0.0039515 secs]
18743.257: [GC (Allocation Failure)  485318K->9638K(1259520K), 0.0100745 secs]
18743.903: [GC (Allocation Failure)  580518K->9638K(1373696K), 0.0041755 secs]
18744.667: [GC (Allocation Failure)  694694K->9702K(1349120K), 0.0047795 secs]
18745.458: [GC (Allocation Failure)  670182K->9670K(1325568K), 0.0039849 secs]
18746.166: [GC (Allocation Failure)  646598K->9670K(1303040K), 0.0038730 secs]
18746.848: [GC (Allocation Failure)  624070K->9670K(1281536K), 0.0038911 secs]
18747.508: [GC (Allocation Failure)  602566K->9670K(1261056K), 0.0037137 secs]
18748.143: [GC (Allocation Failure)  582086K->9702K(1241600K), 0.0037922 secs]
18748.762: [GC (Allocation Failure)  562662K->9606K(1223168K), 0.0038347 secs]
18749.359: [GC (Allocation Failure)  544134K->9670K(1205248K), 0.0179227 secs]
18749.952: [GC (Allocation Failure)  526278K->9670K(1188352K), 0.0035564 secs]
18750.511: [GC (Allocation Failure)  509382K->9670K(1171968K), 0.0037800 secs]
18751.052: [GC (Allocation Failure)  492998K->9670K(1156608K), 0.0036380 secs]
18751.576: [GC (Allocation Failure)  477638K->9670K(1141760K), 0.0038991 secs]
18752.080: [GC (Allocation Failure)  462790K->9670K(1127424K), 0.0030678 secs]
18752.563: [GC (Allocation Failure)  448454K->9702K(1114112K), 0.0044455 secs]
18753.039: [GC (Allocation Failure)  435174K->9638K(1101312K), 0.0049262 secs]
18753.506: [GC (Allocation Failure)  422310K->9670K(1089024K), 0.0043686 secs]
18753.963: [GC (Allocation Failure)  410054K->9638K(1077248K), 0.0054308 secs]
18754.407: [GC (Allocation Failure)  398246K->9670K(1065984K), 0.0050786 secs]
18754.946: [GC (Allocation Failure)  387014K->9670K(1141760K), 0.0113612 secs]
18755.459: [GC (Allocation Failure)  462790K->9702K(1232384K), 0.0032378 secs]
18756.064: [GC (Allocation Failure)  553446K->9670K(1213952K), 0.0034445 secs]
18756.652: [GC (Allocation Failure)  534982K->9670K(1196544K), 0.0033101 secs]
18757.220: [GC (Allocation Failure)  517574K->9670K(1180160K), 0.0036392 secs]
18757.782: [GC (Allocation Failure)  501190K->9670K(1164288K), 0.0040093 secs]
18758.315: [GC (Allocation Failure)  485318K->9638K(1148928K), 0.0050060 secs]
18758.835: [GC (Allocation Failure)  469926K->9670K(1134592K), 0.0037716 secs]
18759.330: [GC (Allocation Failure)  455622K->9702K(1120768K), 0.0029767 secs]
18759.812: [GC (Allocation Failure)  441830K->9670K(1107456K), 0.0032767 secs]
18760.319: [GC (Allocation Failure)  428486K->9670K(1094656K), 0.0035279 secs]
18760.771: [GC (Allocation Failure)  415686K->9766K(1082368K), 0.0033579 secs]
18761.216: [GC (Allocation Failure)  403494K->9670K(1070592K), 0.0035169 secs]
18761.645: [GC (Allocation Failure)  391622K->9670K(1059328K), 0.0035614 secs]
18762.055: [GC (Allocation Failure)  380358K->9702K(1048576K), 0.0036502 secs]
18762.458: [GC (Allocation Failure)  369638K->9638K(1038336K), 0.0038007 secs]
18762.850: [GC (Allocation Failure)  359334K->9670K(1028608K), 0.0043425 secs]
18763.235: [GC (Allocation Failure)  349638K->9670K(1019392K), 0.0033863 secs]
18763.627: [GC (Allocation Failure)  340422K->9670K(1010176K), 0.0033404 secs]
18763.986: [GC (Allocation Failure)  331206K->9638K(1001472K), 0.0045557 secs]
18764.337: [GC (Allocation Failure)  322470K->9670K(993280K), 0.0031477 secs]
18764.680: [GC (Allocation Failure)  314310K->9702K(985088K), 0.0035507 secs]
18765.009: [GC (Allocation Failure)  306150K->9638K(1044480K), 0.0038937 secs]
18765.431: [GC (Allocation Failure)  365478K->9702K(1034240K), 0.0037711 secs]
18765.818: [GC (Allocation Failure)  355302K->9670K(1024512K), 0.0033252 secs]
18766.194: [GC (Allocation Failure)  345542K->9670K(1015296K), 0.0040207 secs]
18766.561: [GC (Allocation Failure)  336326K->9670K(1006592K), 0.0037397 secs]
18766.919: [GC (Allocation Failure)  327622K->9734K(997888K), 0.0032550 secs]
18767.265: [GC (Allocation Failure)  318982K->9702K(1059840K), 0.0096841 secs]
18767.691: [GC (Allocation Failure)  380902K->9670K(1134080K), 0.0037270 secs]
18768.189: [GC (Allocation Failure)  455110K->9638K(1223168K), 0.0046769 secs]
18768.787: [GC (Allocation Failure)  544166K->9670K(1330176K), 0.0042819 secs]
18769.501: [GC (Allocation Failure)  651206K->9702K(1307648K), 0.0039143 secs]
18770.189: [GC (Allocation Failure)  628710K->9670K(1286144K), 0.0042173 secs]
18770.878: [GC (Allocation Failure)  607174K->9734K(1265664K), 0.0041039 secs]
18771.520: [GC (Allocation Failure)  586758K->9670K(1246208K), 0.0040713 secs]
18772.147: [GC (Allocation Failure)  567238K->9670K(1227264K), 0.0041481 secs]
18772.749: [GC (Allocation Failure)  548294K->9670K(1209344K), 0.0037668 secs]
18773.330: [GC (Allocation Failure)  530374K->9638K(1191936K), 0.0033669 secs]
18773.891: [GC (Allocation Failure)  512934K->9638K(1175552K), 0.0036244 secs]
18774.436: [GC (Allocation Failure)  496550K->9670K(1159680K), 0.0035977 secs]
18774.967: [GC (Allocation Failure)  480710K->9606K(1144832K), 0.0038750 secs]
18775.478: [GC (Allocation Failure)  465798K->9670K(1130496K), 0.0037923 secs]
18775.969: [GC (Allocation Failure)  451526K->9638K(1116672K), 0.0035872 secs]
18776.447: [GC (Allocation Failure)  437670K->9702K(1103360K), 0.0030670 secs]
18776.908: [GC (Allocation Failure)  424422K->9638K(1091072K), 0.0039272 secs]
18777.359: [GC (Allocation Failure)  412070K->9702K(1079296K), 0.0037591 secs]
18777.796: [GC (Allocation Failure)  400358K->9638K(1068032K), 0.0033246 secs]
18778.223: [GC (Allocation Failure)  389030K->9670K(1056768K), 0.0039307 secs]
18778.637: [GC (Allocation Failure)  377798K->9670K(1046016K), 0.0038161 secs]
18779.042: [GC (Allocation Failure)  367046K->9702K(1035776K), 0.0029070 secs]
18779.432: [GC (Allocation Failure)  356838K->9638K(1026048K), 0.0037722 secs]
18779.813: [GC (Allocation Failure)  347046K->9702K(1016832K), 0.0029412 secs]
18780.180: [GC (Allocation Failure)  337894K->9702K(1008128K), 0.0041199 secs]
18780.541: [GC (Allocation Failure)  329190K->9670K(999424K), 0.0033001 secs]
18780.901: [GC (Allocation Failure)  320454K->9670K(991232K), 0.0039745 secs]
18781.240: [GC (Allocation Failure)  312262K->9670K(983552K), 0.0040105 secs]
18781.571: [GC (Allocation Failure)  304582K->9670K(1042944K), 0.0037797 secs]
18781.969: [GC (Allocation Failure)  363974K->9670K(1114112K), 0.0039720 secs]
18782.444: [GC (Allocation Failure)  435142K->9702K(1199616K), 0.0049015 secs]
18783.015: [GC (Allocation Failure)  520678K->9638K(1182720K), 0.0046695 secs]
18783.568: [GC (Allocation Failure)  503718K->9638K(1166848K), 0.0031751 secs]
18784.102: [GC (Allocation Failure)  487846K->9670K(1151488K), 0.0033149 secs]
18784.622: [GC (Allocation Failure)  472518K->9670K(1136640K), 0.0036377 secs]
18785.121: [GC (Allocation Failure)  457670K->9638K(1122816K), 0.0045707 secs]
18785.607: [GC (Allocation Failure)  443814K->9670K(1109504K), 0.0035450 secs]
18786.113: [GC (Allocation Failure)  430534K->9670K(1096704K), 0.0036247 secs]
18786.570: [GC (Allocation Failure)  417734K->9734K(1084416K), 0.0045548 secs]
18787.031: [GC (Allocation Failure)  405510K->9734K(1072640K), 0.0031051 secs]
18787.456: [GC (Allocation Failure)  393734K->9670K(1061376K), 0.0032626 secs]
18787.868: [GC (Allocation Failure)  382406K->9702K(1050624K), 0.0030397 secs]
18788.269: [GC (Allocation Failure)  371686K->9670K(1040384K), 0.0033619 secs]
18788.662: [GC (Allocation Failure)  361414K->9702K(1030656K), 0.0038289 secs]
18789.047: [GC (Allocation Failure)  351718K->9670K(1020928K), 0.0036572 secs]
18789.419: [GC (Allocation Failure)  341958K->9670K(1011712K), 0.0045010 secs]
18789.786: [GC (Allocation Failure)  332742K->9670K(1003008K), 0.0038654 secs]
18790.138: [GC (Allocation Failure)  324038K->9670K(994816K), 0.0039612 secs]
18790.482: [GC (Allocation Failure)  315846K->9670K(1056256K), 0.0038460 secs]
18790.895: [GC (Allocation Failure)  377286K->9670K(1045504K), 0.0037092 secs]
18791.318: [GC (Allocation Failure)  366534K->9638K(1117184K), 0.0048527 secs]
18791.800: [GC (Allocation Failure)  438182K->9670K(1203200K), 0.0073671 secs]
18792.382: [GC (Allocation Failure)  524230K->9702K(1306112K), 0.0050477 secs]
18793.069: [GC (Allocation Failure)  627174K->9670K(1284608K), 0.0047664 secs]
18793.730: [GC (Allocation Failure)  605638K->9670K(1264128K), 0.0035681 secs]
18794.399: [GC (Allocation Failure)  585158K->9702K(1244672K), 0.0030008 secs]
18795.016: [GC (Allocation Failure)  565734K->9670K(1225728K), 0.0037991 secs]
18795.620: [GC (Allocation Failure)  546758K->9638K(1207808K), 0.0040524 secs]
18796.201: [GC (Allocation Failure)  528806K->9670K(1190912K), 0.0039172 secs]
18796.796: [GC (Allocation Failure)  511942K->9670K(1174528K), 0.0036038 secs]
18797.339: [GC (Allocation Failure)  495558K->9638K(1159168K), 0.0036423 secs]
18797.867: [GC (Allocation Failure)  480166K->9702K(1144320K), 0.0036398 secs]
18798.373: [GC (Allocation Failure)  465382K->9638K(1129984K), 0.0034947 secs]
18798.865: [GC (Allocation Failure)  450982K->9670K(1116160K), 0.0035534 secs]
18799.341: [GC (Allocation Failure)  437190K->9670K(1102848K), 0.0036512 secs]
18799.803: [GC (Allocation Failure)  423878K->9638K(1090560K), 0.0036222 secs]
18800.252: [GC (Allocation Failure)  411558K->9638K(1078784K), 0.0035632 secs]
18800.688: [GC (Allocation Failure)  399782K->9670K(1067520K), 0.0041478 secs]
18801.118: [GC (Allocation Failure)  388550K->9638K(1056256K), 0.0037937 secs]
18801.531: [GC (Allocation Failure)  377254K->9702K(1045504K), 0.0035089 secs]
18801.956: [GC (Allocation Failure)  366566K->9670K(1035264K), 0.0036726 secs]
18802.345: [GC (Allocation Failure)  356294K->9670K(1025536K), 0.0042646 secs]
18802.726: [GC (Allocation Failure)  346566K->9638K(1016320K), 0.0040486 secs]
18803.098: [GC (Allocation Failure)  337318K->9670K(1081856K), 0.0052976 secs]
18803.547: [GC (Allocation Failure)  402886K->9638K(1070080K), 0.0035875 secs]
18803.975: [GC (Allocation Failure)  391078K->9670K(1058816K), 0.0034919 secs]
18804.391: [GC (Allocation Failure)  379846K->9734K(1048064K), 0.0046484 secs]
18804.809: [GC (Allocation Failure)  369158K->9670K(1037824K), 0.0037084 secs]
18805.197: [GC (Allocation Failure)  358854K->9670K(1028096K), 0.0039683 secs]
18805.575: [GC (Allocation Failure)  349126K->9670K(1018880K), 0.0039243 secs]
18805.944: [GC (Allocation Failure)  339910K->9638K(1009664K), 0.0039143 secs]
18806.303: [GC (Allocation Failure)  330662K->9702K(1000960K), 0.0035209 secs]
18806.669: [GC (Allocation Failure)  322022K->9670K(992768K), 0.0039941 secs]
18807.052: [GC (Allocation Failure)  313798K->9702K(984576K), 0.0035003 secs]
18807.385: [GC (Allocation Failure)  305638K->9702K(976896K), 0.0037006 secs]
18807.708: [GC (Allocation Failure)  297958K->9702K(1034752K), 0.0035363 secs]
18808.095: [GC (Allocation Failure)  355814K->9638K(1025024K), 0.0037550 secs]
18808.472: [GC (Allocation Failure)  346022K->9702K(1015808K), 0.0033489 secs]
18808.840: [GC (Allocation Failure)  336870K->9670K(1007104K), 0.0039255 secs]
18809.198: [GC (Allocation Failure)  328134K->9702K(1071104K), 0.0042334 secs]
18809.632: [GC (Allocation Failure)  392166K->9670K(1059840K), 0.0035200 secs]
18810.069: [GC (Allocation Failure)  380870K->9638K(1049088K), 0.0036615 secs]
18810.472: [GC (Allocation Failure)  370086K->9670K(1038848K), 0.0032054 secs]
18810.863: [GC (Allocation Failure)  359878K->9670K(1029120K), 0.0032215 secs]
18811.243: [GC (Allocation Failure)  350150K->9670K(1019904K), 0.0041274 secs]
18811.616: [GC (Allocation Failure)  340934K->9670K(1010688K), 0.0041504 secs]
18811.995: [GC (Allocation Failure)  331718K->9638K(1001984K), 0.0040228 secs]
18812.378: [GC (Allocation Failure)  322982K->9638K(993792K), 0.0034120 secs]
18812.721: [GC (Allocation Failure)  314790K->9670K(985600K), 0.0037045 secs]
18813.056: [GC (Allocation Failure)  306630K->9638K(1044992K), 0.0039404 secs]
18813.455: [GC (Allocation Failure)  365990K->9638K(1034752K), 0.0034974 secs]
18813.862: [GC (Allocation Failure)  355750K->9638K(1025024K), 0.0036117 secs]
18814.241: [GC (Allocation Failure)  346022K->9670K(1015808K), 0.0035519 secs]
18814.606: [GC (Allocation Failure)  336838K->9670K(1007104K), 0.0035870 secs]
18814.962: [GC (Allocation Failure)  328134K->9670K(998400K), 0.0028330 secs]
18815.310: [GC (Allocation Failure)  319430K->9638K(990208K), 0.0035744 secs]
18815.669: [GC (Allocation Failure)  311206K->9670K(1050624K), 0.0045119 secs]
18816.079: [GC (Allocation Failure)  371654K->9670K(1040384K), 0.0040438 secs]
18816.471: [GC (Allocation Failure)  361414K->9670K(1030656K), 0.0036446 secs]
18816.854: [GC (Allocation Failure)  351686K->9638K(1020928K), 0.0038923 secs]
18817.230: [GC (Allocation Failure)  341926K->9670K(1011712K), 0.0031639 secs]
18817.619: [GC (Allocation Failure)  332742K->9638K(1003008K), 0.0040222 secs]
18817.970: [GC (Allocation Failure)  324006K->9670K(994816K), 0.0038288 secs]
18818.314: [GC (Allocation Failure)  315846K->9670K(986624K), 0.0036730 secs]
18818.650: [GC (Allocation Failure)  307654K->9670K(1046528K), 0.0038527 secs]
18819.050: [GC (Allocation Failure)  367558K->9670K(1036288K), 0.0031102 secs]
18819.441: [GC (Allocation Failure)  357318K->9638K(1105920K), 0.0055341 secs]
18819.910: [GC (Allocation Failure)  426918K->9670K(1189376K), 0.0055351 secs]
18820.492: [GC (Allocation Failure)  510406K->9670K(1172992K), 0.0029392 secs]
18821.054: [GC (Allocation Failure)  494022K->9670K(1157632K), 0.0032867 secs]
18821.579: [GC (Allocation Failure)  478662K->9670K(1142784K), 0.0034910 secs]
18822.086: [GC (Allocation Failure)  463814K->9670K(1128448K), 0.0034437 secs]
18822.577: [GC (Allocation Failure)  449478K->9670K(1114624K), 0.0036892 secs]
18823.050: [GC (Allocation Failure)  435654K->9670K(1101824K), 0.0035810 secs]
18823.532: [GC (Allocation Failure)  422854K->9670K(1089536K), 0.0034594 secs]
18824.000: [GC (Allocation Failure)  410566K->9702K(1077760K), 0.0037937 secs]
18824.437: [GC (Allocation Failure)  398822K->9670K(1066496K), 0.0036047 secs]
18824.862: [GC (Allocation Failure)  387526K->9638K(1055744K), 0.0033490 secs]
18825.276: [GC (Allocation Failure)  376742K->9702K(1044992K), 0.0041393 secs]
18825.679: [GC (Allocation Failure)  366054K->9670K(1034752K), 0.0034243 secs]
18826.067: [GC (Allocation Failure)  355782K->9638K(1025024K), 0.0032188 secs]
18826.444: [GC (Allocation Failure)  346022K->9670K(1015808K), 0.0036422 secs]
18826.812: [GC (Allocation Failure)  336838K->9670K(1007104K), 0.0030095 secs]
18827.169: [GC (Allocation Failure)  328134K->9670K(998400K), 0.0033347 secs]
18827.519: [GC (Allocation Failure)  319430K->9670K(990208K), 0.0039375 secs]
18827.860: [GC (Allocation Failure)  311238K->9670K(982528K), 0.0034886 secs]
18828.230: [GC (Allocation Failure)  303558K->9702K(974848K), 0.0034575 secs]
18828.551: [GC (Allocation Failure)  295910K->9670K(1032192K), 0.0043552 secs]
18828.956: [GC (Allocation Failure)  353222K->9638K(1101312K), 0.0045079 secs]
18829.421: [GC (Allocation Failure)  422310K->9670K(1089024K), 0.0032591 secs]
18829.865: [GC (Allocation Failure)  410054K->9670K(1077248K), 0.0040305 secs]
18830.300: [GC (Allocation Failure)  398278K->9670K(1065984K), 0.0040792 secs]
18830.731: [GC (Allocation Failure)  387014K->9638K(1055232K), 0.0052384 secs]
18831.161: [GC (Allocation Failure)  376230K->9670K(1044480K), 0.0035899 secs]
18831.575: [GC (Allocation Failure)  365510K->9606K(1034240K), 0.0043737 secs]
18831.962: [GC (Allocation Failure)  355206K->9670K(1103360K), 0.0044836 secs]
18832.429: [GC (Allocation Failure)  424390K->9638K(1091072K), 0.0041011 secs]
18832.899: [GC (Allocation Failure)  412070K->9670K(1079296K), 0.0043419 secs]
18833.367: [GC (Allocation Failure)  400326K->9670K(1068032K), 0.0043142 secs]
18833.795: [GC (Allocation Failure)  389062K->9638K(1056768K), 0.0038928 secs]
18834.206: [GC (Allocation Failure)  377766K->9638K(1046016K), 0.0047523 secs]
18834.610: [GC (Allocation Failure)  367014K->9670K(1035776K), 0.0035779 secs]
18835.000: [GC (Allocation Failure)  356806K->9638K(1105408K), 0.0047094 secs]
18835.468: [GC (Allocation Failure)  426406K->9734K(1092608K), 0.0040158 secs]
18835.919: [GC (Allocation Failure)  413702K->9638K(1173504K), 0.0052522 secs]
18836.468: [GC (Allocation Failure)  494502K->9670K(1158144K), 0.0031901 secs]
18836.991: [GC (Allocation Failure)  479174K->9638K(1143296K), 0.0038888 secs]
18837.515: [GC (Allocation Failure)  464294K->9670K(1128960K), 0.0033547 secs]
18838.008: [GC (Allocation Failure)  449990K->9638K(1115136K), 0.0034447 secs]
18838.499: [GC (Allocation Failure)  436134K->9670K(1102336K), 0.0034025 secs]
18838.962: [GC (Allocation Failure)  423366K->9638K(1090048K), 0.0040534 secs]
18839.414: [GC (Allocation Failure)  411046K->9638K(1078272K), 0.0036864 secs]
18839.869: [GC (Allocation Failure)  399270K->9670K(1067008K), 0.0032492 secs]
18840.291: [GC (Allocation Failure)  388038K->9670K(1056256K), 0.0034518 secs]
18840.700: [GC (Allocation Failure)  377286K->9670K(1045504K), 0.0036028 secs]
18841.099: [GC (Allocation Failure)  366534K->9670K(1035264K), 0.0033400 secs]
18841.484: [GC (Allocation Failure)  356294K->9702K(1025536K), 0.0037331 secs]
18841.861: [GC (Allocation Failure)  346598K->9670K(1016320K), 0.0033575 secs]
18842.229: [GC (Allocation Failure)  337350K->9670K(1007616K), 0.0032449 secs]
18842.608: [GC (Allocation Failure)  328646K->9670K(998912K), 0.0039245 secs]
18842.975: [GC (Allocation Failure)  319942K->9670K(990720K), 0.0034886 secs]
18843.318: [GC (Allocation Failure)  311750K->9638K(983040K), 0.0034455 secs]
18843.677: [GC (Allocation Failure)  304038K->9638K(975360K), 0.0036381 secs]
18843.999: [GC (Allocation Failure)  296358K->9638K(1032704K), 0.0046915 secs]
18844.390: [GC (Allocation Failure)  353702K->9670K(1101824K), 0.0033888 secs]
18844.851: [GC (Allocation Failure)  422854K->9670K(1089536K), 0.0035576 secs]
18845.323: [GC (Allocation Failure)  410566K->9638K(1077760K), 0.0030730 secs]
18845.758: [GC (Allocation Failure)  398758K->9670K(1066496K), 0.0042603 secs]
18846.184: [GC (Allocation Failure)  387526K->9638K(1055744K), 0.0036856 secs]
18846.595: [GC (Allocation Failure)  376742K->9670K(1044992K), 0.0037094 secs]
18846.995: [GC (Allocation Failure)  366022K->9670K(1034752K), 0.0039773 secs]
18847.383: [GC (Allocation Failure)  355782K->9670K(1025024K), 0.0033899 secs]
18847.758: [GC (Allocation Failure)  346054K->9670K(1015808K), 0.0035399 secs]
18848.124: [GC (Allocation Failure)  336838K->9670K(1007104K), 0.0044210 secs]
18848.487: [GC (Allocation Failure)  328134K->9702K(998400K), 0.0032948 secs]
18848.833: [GC (Allocation Failure)  319462K->9638K(990208K), 0.0031993 secs]
18849.172: [GC (Allocation Failure)  311206K->9670K(982528K), 0.0031879 secs]
18849.502: [GC (Allocation Failure)  303558K->9670K(974848K), 0.0033024 secs]
18849.823: [GC (Allocation Failure)  295878K->9670K(967680K), 0.0035484 secs]
18850.135: [GC (Allocation Failure)  288710K->9670K(1023488K), 0.0039532 secs]
18850.510: [GC (Allocation Failure)  344518K->9670K(1090560K), 0.0034879 secs]
18850.960: [GC (Allocation Failure)  411590K->9638K(1078784K), 0.0035719 secs]
18851.395: [GC (Allocation Failure)  399782K->9638K(1067520K), 0.0032091 secs]
18851.818: [GC (Allocation Failure)  388518K->9638K(1056256K), 0.0034678 secs]
18852.228: [GC (Allocation Failure)  377254K->9638K(1045504K), 0.0033394 secs]
18852.627: [GC (Allocation Failure)  366502K->9702K(1035264K), 0.0031172 secs]
18853.015: [GC (Allocation Failure)  356326K->9638K(1025536K), 0.0040023 secs]
18853.391: [GC (Allocation Failure)  346534K->9638K(1016320K), 0.0042182 secs]
18853.763: [GC (Allocation Failure)  337318K->9670K(1007616K), 0.0032837 secs]
18854.142: [GC (Allocation Failure)  328646K->9670K(998912K), 0.0042414 secs]
18854.491: [GC (Allocation Failure)  319942K->9670K(990720K), 0.0039925 secs]
18854.832: [GC (Allocation Failure)  311750K->9670K(1051136K), 0.0038363 secs]
18855.241: [GC (Allocation Failure)  372166K->9638K(1040896K), 0.0034716 secs]
18855.635: [GC (Allocation Failure)  361894K->9670K(1031168K), 0.0033235 secs]
18856.018: [GC (Allocation Failure)  352198K->9670K(1021440K), 0.0030649 secs]
18856.390: [GC (Allocation Failure)  342470K->9638K(1012224K), 0.0036766 secs]
18856.755: [GC (Allocation Failure)  333222K->9702K(1003520K), 0.0032949 secs]
18857.108: [GC (Allocation Failure)  324582K->9670K(995328K), 0.0034483 secs]
18857.451: [GC (Allocation Failure)  316358K->9670K(987136K), 0.0038062 secs]
18857.784: [GC (Allocation Failure)  308166K->9638K(979456K), 0.0032834 secs]
18858.109: [GC (Allocation Failure)  300454K->9638K(1037824K), 0.0050356 secs]
18858.504: [GC (Allocation Failure)  358822K->9638K(1107968K), 0.0037274 secs]
18858.972: [GC (Allocation Failure)  428966K->9670K(1095168K), 0.0034333 secs]
18859.496: [GC (Allocation Failure)  416198K->9670K(1082880K), 0.0032787 secs]
18859.939: [GC (Allocation Failure)  403910K->9670K(1071104K), 0.0035347 secs]
18860.368: [GC (Allocation Failure)  392134K->9670K(1059840K), 0.0031197 secs]
18860.788: [GC (Allocation Failure)  380870K->9638K(1049088K), 0.0037443 secs]
18861.191: [GC (Allocation Failure)  370086K->9638K(1038848K), 0.0036809 secs]
18861.588: [GC (Allocation Failure)  359846K->9606K(1029120K), 0.0031532 secs]
18861.970: [GC (Allocation Failure)  350086K->9638K(1019904K), 0.0035307 secs]
18862.341: [GC (Allocation Failure)  340902K->9638K(1010688K), 0.0036265 secs]
18862.704: [GC (Allocation Failure)  331686K->9638K(1001984K), 0.0036990 secs]
18863.056: [GC (Allocation Failure)  322982K->9638K(993792K), 0.0035742 secs]
18863.399: [GC (Allocation Failure)  314790K->9638K(985600K), 0.0033589 secs]
18863.749: [GC (Allocation Failure)  306598K->9702K(977920K), 0.0036418 secs]
18864.072: [GC (Allocation Failure)  298982K->9702K(1035776K), 0.0040558 secs]
18864.493: [GC (Allocation Failure)  356838K->9670K(1026048K), 0.0036618 secs]
18864.871: [GC (Allocation Failure)  347078K->9702K(1016832K), 0.0037692 secs]
18865.236: [GC (Allocation Failure)  337894K->9670K(1008128K), 0.0033634 secs]
18865.596: [GC (Allocation Failure)  329158K->9638K(999424K), 0.0040526 secs]
18865.945: [GC (Allocation Failure)  320422K->9670K(991232K), 0.0035587 secs]
18866.284: [GC (Allocation Failure)  312262K->9638K(983552K), 0.0033146 secs]
18866.614: [GC (Allocation Failure)  304550K->9638K(975872K), 0.0034147 secs]
18866.938: [GC (Allocation Failure)  296870K->9670K(968704K), 0.0032401 secs]
18867.252: [GC (Allocation Failure)  289734K->9670K(1025024K), 0.0034178 secs]
18867.647: [GC (Allocation Failure)  346054K->9670K(1092608K), 0.0041109 secs]
18868.109: [GC (Allocation Failure)  413638K->9638K(1173504K), 0.0051139 secs]
18868.651: [GC (Allocation Failure)  494502K->9638K(1158144K), 0.0033882 secs]
18869.195: [GC (Allocation Failure)  479142K->9638K(1143296K), 0.0044497 secs]
18869.736: [GC (Allocation Failure)  464294K->9670K(1128960K), 0.0041427 secs]
18870.232: [GC (Allocation Failure)  449990K->9670K(1115136K), 0.0032648 secs]
18870.707: [GC (Allocation Failure)  436166K->9670K(1102336K), 0.0036124 secs]
18871.168: [GC (Allocation Failure)  423366K->9606K(1090048K), 0.0039431 secs]
18871.617: [GC (Allocation Failure)  411014K->9702K(1078272K), 0.0033160 secs]
18872.070: [GC (Allocation Failure)  399334K->9670K(1067008K), 0.0050367 secs]
18872.499: [GC (Allocation Failure)  388038K->9670K(1056256K), 0.0035866 secs]
18872.971: [GC (Allocation Failure)  377286K->9670K(1045504K), 0.0036540 secs]
18873.390: [GC (Allocation Failure)  366534K->9670K(1035264K), 0.0032802 secs]
18873.776: [GC (Allocation Failure)  356294K->9638K(1025536K), 0.0029527 secs]
18874.155: [GC (Allocation Failure)  346534K->9670K(1016320K), 0.0032965 secs]
18874.523: [GC (Allocation Failure)  337350K->9638K(1007616K), 0.0036730 secs]
18874.882: [GC (Allocation Failure)  328614K->9670K(998912K), 0.0033928 secs]
18875.227: [GC (Allocation Failure)  319942K->9670K(990720K), 0.0027774 secs]
18875.589: [GC (Allocation Failure)  311750K->9702K(983040K), 0.0034435 secs]
18875.916: [GC (Allocation Failure)  304102K->9702K(975360K), 0.0032619 secs]
18876.236: [GC (Allocation Failure)  296422K->9702K(968192K), 0.0030616 secs]
18876.549: [GC (Allocation Failure)  289254K->9638K(961024K), 0.0032069 secs]
18876.852: [GC (Allocation Failure)  282022K->9734K(954368K), 0.0034657 secs]
18877.150: [GC (Allocation Failure)  275462K->9702K(947712K), 0.0030394 secs]
18877.443: [GC (Allocation Failure)  268774K->9638K(999936K), 0.0035376 secs]
18877.793: [GC (Allocation Failure)  320934K->9670K(991744K), 0.0028868 secs]
18878.132: [GC (Allocation Failure)  312774K->9638K(1052672K), 0.0038465 secs]
18878.541: [GC (Allocation Failure)  373670K->9702K(1042432K), 0.0033200 secs]
18878.936: [GC (Allocation Failure)  363494K->9670K(1032704K), 0.0033937 secs]
18879.321: [GC (Allocation Failure)  353734K->9670K(1022976K), 0.0037726 secs]
18879.698: [GC (Allocation Failure)  344006K->9638K(1013760K), 0.0045165 secs]
18880.087: [GC (Allocation Failure)  334758K->9702K(1005056K), 0.0034957 secs]
18880.444: [GC (Allocation Failure)  326118K->9638K(996352K), 0.0038836 secs]
18880.813: [GC (Allocation Failure)  317350K->9670K(988160K), 0.0037950 secs]
18881.150: [GC (Allocation Failure)  309190K->9670K(980480K), 0.0031340 secs]
18881.476: [GC (Allocation Failure)  301510K->9670K(1038848K), 0.0038058 secs]
18881.868: [GC (Allocation Failure)  359878K->9638K(1029120K), 0.0036881 secs]
18882.248: [GC (Allocation Failure)  350118K->9638K(1019904K), 0.0038238 secs]
18882.620: [GC (Allocation Failure)  340902K->9670K(1010688K), 0.0034165 secs]
18882.978: [GC (Allocation Failure)  331718K->9670K(1001984K), 0.0036199 secs]
18883.330: [GC (Allocation Failure)  323014K->9670K(993792K), 0.0038438 secs]
18883.673: [GC (Allocation Failure)  314822K->9638K(1055232K), 0.0047423 secs]
18884.087: [GC (Allocation Failure)  376230K->9670K(1128960K), 0.0035526 secs]
18884.588: [GC (Allocation Failure)  449990K->9670K(1115136K), 0.0036890 secs]
18885.168: [GC (Allocation Failure)  436166K->9670K(1102336K), 0.0035562 secs]
18885.662: [GC (Allocation Failure)  423366K->9670K(1090048K), 0.0035364 secs]
18886.113: [GC (Allocation Failure)  411078K->9670K(1078272K), 0.0040590 secs]
18886.550: [GC (Allocation Failure)  399302K->9670K(1067008K), 0.0040219 secs]
18886.974: [GC (Allocation Failure)  388038K->9670K(1056256K), 0.0033638 secs]
18887.386: [GC (Allocation Failure)  377286K->9670K(1045504K), 0.0033656 secs]
18887.783: [GC (Allocation Failure)  366534K->9670K(1035264K), 0.0034397 secs]
18888.176: [GC (Allocation Failure)  356294K->9638K(1025536K), 0.0040650 secs]
18888.551: [GC (Allocation Failure)  346534K->9670K(1016320K), 0.0038562 secs]
18888.922: [GC (Allocation Failure)  337350K->9638K(1007616K), 0.0036758 secs]
18889.296: [GC (Allocation Failure)  328614K->9638K(998912K), 0.0036767 secs]
18889.658: [GC (Allocation Failure)  319910K->9670K(990720K), 0.0038580 secs]
18889.999: [GC (Allocation Failure)  311750K->9670K(983040K), 0.0039945 secs]
18890.333: [GC (Allocation Failure)  304070K->9670K(1041920K), 0.0037115 secs]
18890.730: [GC (Allocation Failure)  362950K->9670K(1032192K), 0.0038562 secs]
18891.117: [GC (Allocation Failure)  353222K->9638K(1022464K), 0.0036200 secs]
18891.490: [GC (Allocation Failure)  343462K->9670K(1013248K), 0.0033193 secs]
18891.856: [GC (Allocation Failure)  334278K->9670K(1004544K), 0.0034862 secs]
18892.213: [GC (Allocation Failure)  325574K->9638K(996352K), 0.0042102 secs]
18892.568: [GC (Allocation Failure)  317350K->9670K(988160K), 0.0036511 secs]
18892.906: [GC (Allocation Failure)  309190K->9734K(980480K), 0.0034053 secs]
18893.232: [GC (Allocation Failure)  301574K->9670K(1038848K), 0.0038102 secs]
18893.620: [GC (Allocation Failure)  359878K->9606K(1029120K), 0.0034296 secs]
18894.030: [GC (Allocation Failure)  350086K->9638K(1019904K), 0.0035840 secs]
18894.405: [GC (Allocation Failure)  340902K->9702K(1010688K), 0.0034568 secs]
18894.774: [GC (Allocation Failure)  331750K->9638K(1001984K), 0.0036093 secs]
18895.156: [GC (Allocation Failure)  322982K->9670K(993792K), 0.0041860 secs]
18895.504: [GC (Allocation Failure)  314822K->9670K(985600K), 0.0034943 secs]
18895.861: [GC (Allocation Failure)  306630K->9670K(977920K), 0.0034886 secs]
18896.185: [GC (Allocation Failure)  298950K->9702K(970752K), 0.0035102 secs]
18896.506: [GC (Allocation Failure)  291814K->9638K(1027584K), 0.0038718 secs]
18896.884: [GC (Allocation Failure)  348582K->9670K(1095680K), 0.0054067 secs]
18897.344: [GC (Allocation Failure)  416710K->9670K(1177088K), 0.0037336 secs]
18897.896: [GC (Allocation Failure)  498118K->9606K(1161216K), 0.0033228 secs]
18898.455: [GC (Allocation Failure)  482182K->9702K(1146368K), 0.0034581 secs]
18898.989: [GC (Allocation Failure)  467430K->9670K(1132032K), 0.0036495 secs]
18899.483: [GC (Allocation Failure)  453062K->9670K(1118208K), 0.0044542 secs]
18899.981: [GC (Allocation Failure)  439238K->9670K(1104896K), 0.0038136 secs]
18900.450: [GC (Allocation Failure)  425926K->9670K(1092096K), 0.0033245 secs]
18900.900: [GC (Allocation Failure)  413126K->9670K(1079808K), 0.0040279 secs]
18901.355: [GC (Allocation Failure)  400838K->9606K(1068032K), 0.0037110 secs]
18901.783: [GC (Allocation Failure)  388998K->9638K(1056768K), 0.0054346 secs]
18902.199: [GC (Allocation Failure)  377766K->9638K(1046016K), 0.0035445 secs]
18902.620: [GC (Allocation Failure)  367014K->9670K(1035776K), 0.0035420 secs]
18903.015: [GC (Allocation Failure)  356806K->9702K(1026048K), 0.0037170 secs]
18903.392: [GC (Allocation Failure)  347110K->9670K(1016832K), 0.0034194 secs]
18903.762: [GC (Allocation Failure)  337862K->9638K(1008128K), 0.0035396 secs]
18904.121: [GC (Allocation Failure)  329126K->9638K(999424K), 0.0035031 secs]
18904.470: [GC (Allocation Failure)  320422K->9670K(991232K), 0.0033308 secs]
18904.807: [GC (Allocation Failure)  312262K->9670K(983552K), 0.0035846 secs]
18905.139: [GC (Allocation Failure)  304582K->9670K(1042944K), 0.0049901 secs]
18905.545: [GC (Allocation Failure)  363974K->9638K(1114112K), 0.0037989 secs]
18906.023: [GC (Allocation Failure)  435110K->9670K(1101312K), 0.0038577 secs]
18906.500: [GC (Allocation Failure)  422342K->9638K(1089024K), 0.0046128 secs]
18906.949: [GC (Allocation Failure)  410022K->9670K(1077248K), 0.0041055 secs]
18907.392: [GC (Allocation Failure)  398278K->9702K(1065984K), 0.0043317 secs]
18907.818: [GC (Allocation Failure)  387046K->9638K(1055232K), 0.0039828 secs]
18908.232: [GC (Allocation Failure)  376230K->9670K(1044480K), 0.0034361 secs]
18908.631: [GC (Allocation Failure)  365510K->9734K(1034240K), 0.0045580 secs]
18909.021: [GC (Allocation Failure)  355334K->9702K(1024512K), 0.0037679 secs]
18909.399: [GC (Allocation Failure)  345574K->9638K(1015296K), 0.0036218 secs]
18909.767: [GC (Allocation Failure)  336294K->9670K(1080832K), 0.0048723 secs]
18910.218: [GC (Allocation Failure)  401862K->9702K(1069056K), 0.0036163 secs]
18910.643: [GC (Allocation Failure)  390118K->9670K(1057792K), 0.0040751 secs]
18911.063: [GC (Allocation Failure)  378822K->9670K(1047040K), 0.0037864 secs]
18911.488: [GC (Allocation Failure)  368070K->9638K(1036800K), 0.0037050 secs]
18911.880: [GC (Allocation Failure)  357798K->9670K(1027072K), 0.0036567 secs]
18912.259: [GC (Allocation Failure)  348102K->9670K(1017856K), 0.0035014 secs]
18912.645: [GC (Allocation Failure)  338886K->9766K(1008640K), 0.0037616 secs]
18913.004: [GC (Allocation Failure)  329766K->9638K(999936K), 0.0033432 secs]
18913.357: [GC (Allocation Failure)  320934K->9670K(991744K), 0.0035195 secs]
18913.699: [GC (Allocation Failure)  312774K->9670K(984064K), 0.0035164 secs]
18914.032: [GC (Allocation Failure)  305094K->9670K(976384K), 0.0039901 secs]
18914.360: [GC (Allocation Failure)  297414K->9670K(1034240K), 0.0036759 secs]
18914.768: [GC (Allocation Failure)  355270K->9638K(1024512K), 0.0039524 secs]
18915.147: [GC (Allocation Failure)  345510K->9702K(1015296K), 0.0036259 secs]
18915.517: [GC (Allocation Failure)  336358K->9702K(1006592K), 0.0038748 secs]
18915.882: [GC (Allocation Failure)  327654K->9702K(1070592K), 0.0039631 secs]
18916.314: [GC (Allocation Failure)  391654K->9638K(1059328K), 0.0035681 secs]
18916.729: [GC (Allocation Failure)  380326K->9638K(1048576K), 0.0035861 secs]
18917.132: [GC (Allocation Failure)  369574K->9670K(1038336K), 0.0039193 secs]
18917.541: [GC (Allocation Failure)  359366K->9670K(1028608K), 0.0043554 secs]
18917.922: [GC (Allocation Failure)  349638K->9670K(1019392K), 0.0044267 secs]
18918.314: [GC (Allocation Failure)  340422K->9638K(1010176K), 0.0031515 secs]
18918.674: [GC (Allocation Failure)  331174K->9670K(1001472K), 0.0036749 secs]
18919.024: [GC (Allocation Failure)  322502K->9670K(993280K), 0.0030662 secs]
18919.371: [GC (Allocation Failure)  314310K->9638K(985088K), 0.0035506 secs]
18919.703: [GC (Allocation Failure)  306086K->9670K(977408K), 0.0032019 secs]
18920.029: [GC (Allocation Failure)  298438K->9734K(970240K), 0.0035213 secs]
18920.363: [GC (Allocation Failure)  291334K->9638K(963072K), 0.0034079 secs]
18920.699: [GC (Allocation Failure)  284070K->9670K(1018368K), 0.0051484 secs]
18921.076: [GC (Allocation Failure)  339398K->9670K(1084416K), 0.0034581 secs]
18921.525: [GC (Allocation Failure)  405446K->9702K(1163776K), 0.0051677 secs]
18922.079: [GC (Allocation Failure)  484838K->9670K(1148416K), 0.0042691 secs]
18922.598: [GC (Allocation Failure)  469446K->9670K(1134080K), 0.0031072 secs]
18923.115: [GC (Allocation Failure)  455110K->9638K(1120256K), 0.0038781 secs]
18923.600: [GC (Allocation Failure)  441254K->9670K(1106944K), 0.0040071 secs]
18924.128: [GC (Allocation Failure)  427974K->9638K(1094144K), 0.0039094 secs]
18924.583: [GC (Allocation Failure)  415142K->9670K(1081856K), 0.0036219 secs]
18925.022: [GC (Allocation Failure)  402886K->9670K(1070080K), 0.0040807 secs]
18925.455: [GC (Allocation Failure)  391110K->9702K(1058816K), 0.0034152 secs]
18925.870: [GC (Allocation Failure)  379878K->9638K(1048064K), 0.0039063 secs]
18926.276: [GC (Allocation Failure)  369062K->9670K(1037824K), 0.0036107 secs]
18926.666: [GC (Allocation Failure)  358854K->9702K(1028096K), 0.0032072 secs]
18927.079: [GC (Allocation Failure)  349158K->9670K(1018880K), 0.0042217 secs]
18927.450: [GC (Allocation Failure)  339910K->9670K(1009664K), 0.0040138 secs]
18927.812: [GC (Allocation Failure)  330694K->9702K(1000960K), 0.0033508 secs]
18928.161: [GC (Allocation Failure)  322022K->9670K(992768K), 0.0034318 secs]
18928.503: [GC (Allocation Failure)  313798K->9670K(984576K), 0.0036339 secs]
18928.834: [GC (Allocation Failure)  305606K->9670K(1043968K), 0.0076800 secs]
18929.237: [GC (Allocation Failure)  364998K->9638K(1115136K), 0.0041338 secs]
18929.709: [GC (Allocation Failure)  436134K->9638K(1200640K), 0.0034246 secs]
18930.283: [GC (Allocation Failure)  521638K->9670K(1183744K), 0.0045123 secs]
18930.840: [GC (Allocation Failure)  504774K->9702K(1167872K), 0.0044502 secs]
18931.379: [GC (Allocation Failure)  488934K->9638K(1152512K), 0.0042967 secs]
18931.902: [GC (Allocation Failure)  473510K->9670K(1137664K), 0.0033817 secs]
18932.457: [GC (Allocation Failure)  458694K->9638K(1123840K), 0.0034444 secs]
18932.943: [GC (Allocation Failure)  444838K->9670K(1110528K), 0.0037316 secs]
18933.415: [GC (Allocation Failure)  431558K->9638K(1097728K), 0.0035295 secs]
18933.873: [GC (Allocation Failure)  418726K->9670K(1085440K), 0.0042923 secs]
18934.317: [GC (Allocation Failure)  406470K->9670K(1073664K), 0.0040085 secs]
18934.752: [GC (Allocation Failure)  394694K->9638K(1062400K), 0.0034795 secs]
18935.170: [GC (Allocation Failure)  383398K->9638K(1051648K), 0.0043706 secs]
18935.579: [GC (Allocation Failure)  372646K->9638K(1041408K), 0.0044902 secs]
18935.979: [GC (Allocation Failure)  362406K->9670K(1031680K), 0.0036551 secs]
18936.360: [GC (Allocation Failure)  352710K->9670K(1021952K), 0.0049016 secs]
18936.740: [GC (Allocation Failure)  342982K->9638K(1012736K), 0.0038690 secs]
18937.104: [GC (Allocation Failure)  333734K->9638K(1004032K), 0.0033609 secs]
18937.485: [GC (Allocation Failure)  325030K->9638K(995840K), 0.0037348 secs]
18937.832: [GC (Allocation Failure)  316838K->9670K(987648K), 0.0037238 secs]
18938.167: [GC (Allocation Failure)  308678K->9638K(1047552K), 0.0042420 secs]
18938.588: [GC (Allocation Failure)  368550K->9702K(1037312K), 0.0034528 secs]
18938.976: [GC (Allocation Failure)  358374K->9702K(1027584K), 0.0032230 secs]
18939.357: [GC (Allocation Failure)  348646K->9670K(1018368K), 0.0036492 secs]
18939.726: [GC (Allocation Failure)  339398K->9670K(1009152K), 0.0036087 secs]
18940.083: [GC (Allocation Failure)  330182K->9638K(1000448K), 0.0034960 secs]
18940.432: [GC (Allocation Failure)  321446K->9670K(992256K), 0.0030667 secs]
18940.771: [GC (Allocation Failure)  313286K->9670K(984064K), 0.0037575 secs]
18941.104: [GC (Allocation Failure)  305094K->9670K(1043456K), 0.0040945 secs]
18941.507: [GC (Allocation Failure)  364486K->9670K(1033216K), 0.0032846 secs]
18941.889: [GC (Allocation Failure)  354246K->9670K(1023488K), 0.0037857 secs]
18942.266: [GC (Allocation Failure)  344518K->9670K(1014272K), 0.0107212 secs]
18942.641: [GC (Allocation Failure)  335302K->9670K(1005568K), 0.0037604 secs]
18942.999: [GC (Allocation Failure)  326598K->9670K(996864K), 0.0036476 secs]
18943.346: [GC (Allocation Failure)  317894K->9670K(988672K), 0.0033986 secs]
18943.685: [GC (Allocation Failure)  309702K->9638K(980992K), 0.0037257 secs]
18944.015: [GC (Allocation Failure)  301990K->9670K(1039872K), 0.0040317 secs]
18944.412: [GC (Allocation Failure)  360902K->9670K(1110528K), 0.0045223 secs]
18944.889: [GC (Allocation Failure)  431558K->9670K(1097728K), 0.0032937 secs]
18945.350: [GC (Allocation Failure)  418758K->9670K(1085440K), 0.0034280 secs]
18945.799: [GC (Allocation Failure)  406470K->9670K(1073664K), 0.0056081 secs]
18946.229: [GC (Allocation Failure)  394694K->9670K(1062400K), 0.0035117 secs]
18946.645: [GC (Allocation Failure)  383430K->9638K(1051648K), 0.0035273 secs]
18947.048: [GC (Allocation Failure)  372646K->9702K(1041408K), 0.0036581 secs]
18947.442: [GC (Allocation Failure)  362470K->9702K(1031680K), 0.0035102 secs]
18947.878: [GC (Allocation Failure)  352742K->9670K(1021952K), 0.0038958 secs]
18948.251: [GC (Allocation Failure)  342982K->9670K(1012736K), 0.0032370 secs]
18948.615: [GC (Allocation Failure)  333766K->9670K(1004032K), 0.0036411 secs]
18948.968: [GC (Allocation Failure)  325062K->9670K(995840K), 0.0040983 secs]
18949.314: [GC (Allocation Failure)  316870K->9638K(987648K), 0.0038172 secs]
18949.650: [GC (Allocation Failure)  308646K->9638K(979968K), 0.0034515 secs]
18949.975: [GC (Allocation Failure)  300966K->9670K(1038336K), 0.0039763 secs]
18950.366: [GC (Allocation Failure)  359366K->9702K(1028608K), 0.0030140 secs]
18950.745: [GC (Allocation Failure)  349670K->9638K(1019392K), 0.0035355 secs]
18951.116: [GC (Allocation Failure)  340390K->9638K(1010176K), 0.0036063 secs]
18951.479: [GC (Allocation Failure)  331174K->9638K(1001472K), 0.0035860 secs]
18951.831: [GC (Allocation Failure)  322470K->9638K(993280K), 0.0036868 secs]
18952.172: [GC (Allocation Failure)  314278K->9638K(985088K), 0.0036697 secs]
18952.503: [GC (Allocation Failure)  306086K->9670K(1044480K), 0.0040478 secs]
18952.971: [GC (Allocation Failure)  365510K->9670K(1034240K), 0.0037327 secs]
18953.359: [GC (Allocation Failure)  355270K->9670K(1024512K), 0.0033936 secs]
18953.733: [GC (Allocation Failure)  345542K->9670K(1015296K), 0.0038578 secs]
18954.099: [GC (Allocation Failure)  336326K->9670K(1006592K), 0.0037169 secs]
18954.455: [GC (Allocation Failure)  327622K->9670K(1070592K), 0.0042191 secs]
18954.887: [GC (Allocation Failure)  391622K->9670K(1059328K), 0.0036196 secs]
18955.304: [GC (Allocation Failure)  380358K->9670K(1048576K), 0.0033793 secs]
18955.710: [GC (Allocation Failure)  369606K->9670K(1038336K), 0.0029562 secs]
18956.102: [GC (Allocation Failure)  359366K->9670K(1028608K), 0.0033664 secs]
18956.482: [GC (Allocation Failure)  349638K->9670K(1019392K), 0.0047904 secs]
18956.854: [GC (Allocation Failure)  340422K->9670K(1085952K), 0.0045364 secs]
18957.304: [GC (Allocation Failure)  406982K->9670K(1165824K), 0.0055998 secs]
18957.840: [GC (Allocation Failure)  486854K->9702K(1150464K), 0.0038090 secs]
18958.377: [GC (Allocation Failure)  471526K->9670K(1136128K), 0.0046992 secs]
18958.877: [GC (Allocation Failure)  457158K->9638K(1122304K), 0.0044089 secs]
18959.365: [GC (Allocation Failure)  443302K->9670K(1108992K), 0.0041707 secs]
18959.838: [GC (Allocation Failure)  430022K->9670K(1096192K), 0.0037278 secs]
18960.292: [GC (Allocation Failure)  417222K->9702K(1083904K), 0.0036520 secs]
18960.735: [GC (Allocation Failure)  404966K->9702K(1072128K), 0.0047403 secs]
18961.185: [GC (Allocation Failure)  393190K->9638K(1060864K), 0.0042679 secs]
18961.602: [GC (Allocation Failure)  381862K->9638K(1050112K), 0.0033497 secs]
18962.006: [GC (Allocation Failure)  371110K->9702K(1039872K), 0.0039317 secs]
18962.401: [GC (Allocation Failure)  360934K->9638K(1030144K), 0.0042087 secs]
18962.791: [GC (Allocation Failure)  351142K->9670K(1020928K), 0.0041330 secs]
18963.164: [GC (Allocation Failure)  341958K->9638K(1087488K), 0.0045662 secs]
18963.636: [GC (Allocation Failure)  408486K->9670K(1167360K), 0.0061512 secs]
18964.176: [GC (Allocation Failure)  488390K->9670K(1152000K), 0.0036504 secs]
18964.690: [GC (Allocation Failure)  473030K->9670K(1137152K), 0.0041391 secs]
18965.191: [GC (Allocation Failure)  458182K->9702K(1123328K), 0.0039648 secs]
18965.678: [GC (Allocation Failure)  444390K->9670K(1110016K), 0.0041120 secs]
18966.155: [GC (Allocation Failure)  431046K->9670K(1097216K), 0.0045270 secs]
18966.618: [GC (Allocation Failure)  418246K->9670K(1084928K), 0.0044817 secs]
18967.062: [GC (Allocation Failure)  405958K->9702K(1073152K), 0.0033717 secs]
18967.491: [GC (Allocation Failure)  394214K->9670K(1061888K), 0.0034435 secs]
18967.908: [GC (Allocation Failure)  382918K->9670K(1051136K), 0.0045964 secs]
18968.318: [GC (Allocation Failure)  372166K->9670K(1040896K), 0.0036941 secs]
18968.732: [GC (Allocation Failure)  361926K->9638K(1031168K), 0.0035926 secs]
18969.117: [GC (Allocation Failure)  352166K->9670K(1021440K), 0.0039352 secs]
18969.490: [GC (Allocation Failure)  342470K->9702K(1012224K), 0.0041643 secs]
18969.895: [GC (Allocation Failure)  333286K->9670K(1003520K), 0.0033541 secs]
18970.321: [GC (Allocation Failure)  324550K->9670K(995328K), 0.0036578 secs]
18970.664: [GC (Allocation Failure)  316358K->9670K(987136K), 0.0036929 secs]
18970.999: [GC (Allocation Failure)  308166K->9670K(979456K), 0.0036827 secs]
18971.324: [GC (Allocation Failure)  300486K->9670K(1037824K), 0.0038286 secs]
18971.715: [GC (Allocation Failure)  358854K->9670K(1028096K), 0.0035404 secs]
18972.097: [GC (Allocation Failure)  349126K->9670K(1096192K), 0.0050427 secs]
18972.559: [GC (Allocation Failure)  417222K->9638K(1178112K), 0.0042321 secs]
18973.104: [GC (Allocation Failure)  499110K->9638K(1162240K), 0.0033937 secs]
18973.635: [GC (Allocation Failure)  483238K->9670K(1147392K), 0.0050646 secs]
18974.163: [GC (Allocation Failure)  468422K->9670K(1133056K), 0.0037342 secs]
18974.660: [GC (Allocation Failure)  454086K->9702K(1119232K), 0.0041021 secs]
18975.139: [GC (Allocation Failure)  440294K->9638K(1105920K), 0.0039120 secs]
18975.619: [GC (Allocation Failure)  426918K->9670K(1093120K), 0.0046345 secs]
18976.071: [GC (Allocation Failure)  414150K->9670K(1080832K), 0.0032619 secs]
18976.510: [GC (Allocation Failure)  401862K->9670K(1069056K), 0.0037060 secs]
18976.951: [GC (Allocation Failure)  390086K->9670K(1057792K), 0.0040006 secs]
18977.365: [GC (Allocation Failure)  378822K->9638K(1047040K), 0.0041543 secs]
18977.765: [GC (Allocation Failure)  368038K->9670K(1036800K), 0.0039629 secs]
18978.157: [GC (Allocation Failure)  357830K->9702K(1027072K), 0.0032472 secs]
18978.534: [GC (Allocation Failure)  348134K->9670K(1017856K), 0.0039885 secs]
18978.903: [GC (Allocation Failure)  338886K->9702K(1008640K), 0.0034483 secs]
18979.297: [GC (Allocation Failure)  329702K->9638K(999936K), 0.0037732 secs]
18979.644: [GC (Allocation Failure)  320934K->9670K(991744K), 0.0035395 secs]
18979.983: [GC (Allocation Failure)  312774K->9702K(984064K), 0.0034776 secs]
18980.376: [GC (Allocation Failure)  305126K->9670K(1043456K), 0.0048870 secs]
18980.780: [GC (Allocation Failure)  364486K->9638K(1033216K), 0.0036226 secs]
18981.167: [GC (Allocation Failure)  354214K->9702K(1023488K), 0.0038098 secs]
18981.543: [GC (Allocation Failure)  344550K->9670K(1090560K), 0.0046343 secs]
18981.996: [GC (Allocation Failure)  411590K->9638K(1078784K), 0.0038995 secs]
18982.430: [GC (Allocation Failure)  399782K->9638K(1067520K), 0.0036400 secs]
18982.852: [GC (Allocation Failure)  388518K->9670K(1143296K), 0.0050216 secs]
18983.381: [GC (Allocation Failure)  464326K->9702K(1128960K), 0.0049029 secs]
18983.875: [GC (Allocation Failure)  450022K->9670K(1115136K), 0.0035080 secs]
18984.352: [GC (Allocation Failure)  436166K->9702K(1102336K), 0.0037155 secs]
18984.816: [GC (Allocation Failure)  423398K->9766K(1090048K), 0.0031226 secs]
18985.265: [GC (Allocation Failure)  411174K->9702K(1078272K), 0.0029217 secs]
18985.713: [GC (Allocation Failure)  399334K->9638K(1067008K), 0.0040473 secs]
18986.156: [GC (Allocation Failure)  388006K->9638K(1056256K), 0.0033707 secs]
18986.568: [GC (Allocation Failure)  377254K->9670K(1045504K), 0.0033979 secs]
18986.967: [GC (Allocation Failure)  366534K->9670K(1035264K), 0.0042910 secs]
18987.359: [GC (Allocation Failure)  356294K->9670K(1025536K), 0.0037928 secs]
18987.738: [GC (Allocation Failure)  346566K->9670K(1016320K), 0.0037353 secs]
18988.106: [GC (Allocation Failure)  337350K->9670K(1007616K), 0.0036491 secs]
18988.467: [GC (Allocation Failure)  328646K->9638K(998912K), 0.0033772 secs]
18988.817: [GC (Allocation Failure)  319910K->9702K(990720K), 0.0030580 secs]
18989.170: [GC (Allocation Failure)  311782K->9638K(983040K), 0.0038093 secs]
18989.500: [GC (Allocation Failure)  304038K->9702K(975360K), 0.0024505 secs]
18989.856: [GC (Allocation Failure)  296422K->9670K(968192K), 0.0035158 secs]
18990.169: [GC (Allocation Failure)  289222K->9670K(961024K), 0.0035923 secs]
18990.476: [GC (Allocation Failure)  282054K->9670K(1015808K), 0.0041889 secs]
18990.845: [GC (Allocation Failure)  336838K->9638K(1081344K), 0.0035897 secs]
18991.287: [GC (Allocation Failure)  402342K->9702K(1160192K), 0.0061017 secs]
18991.842: [GC (Allocation Failure)  481254K->9702K(1254912K), 0.0042272 secs]
18992.482: [GC (Allocation Failure)  575974K->9670K(1235968K), 0.0047062 secs]
18993.095: [GC (Allocation Failure)  556998K->9670K(1217536K), 0.0038341 secs]
18993.693: [GC (Allocation Failure)  538566K->9638K(1200128K), 0.0038533 secs]
18994.264: [GC (Allocation Failure)  521126K->9670K(1183232K), 0.0052334 secs]
18994.816: [GC (Allocation Failure)  504262K->9670K(1167360K), 0.0037219 secs]
18995.370: [GC (Allocation Failure)  488390K->9638K(1152000K), 0.0032246 secs]
18995.887: [GC (Allocation Failure)  472998K->9670K(1137152K), 0.0041813 secs]
18996.388: [GC (Allocation Failure)  458182K->9670K(1123328K), 0.0039453 secs]
18996.876: [GC (Allocation Failure)  444358K->9702K(1110016K), 0.0035105 secs]
18997.346: [GC (Allocation Failure)  431078K->9670K(1097216K), 0.0035278 secs]
18997.801: [GC (Allocation Failure)  418246K->9670K(1084928K), 0.0035764 secs]
18998.266: [GC (Allocation Failure)  405958K->9702K(1073152K), 0.0038106 secs]
18998.696: [GC (Allocation Failure)  394214K->9670K(1061888K), 0.0037607 secs]
18999.115: [GC (Allocation Failure)  382918K->9670K(1051136K), 0.0034249 secs]
18999.517: [GC (Allocation Failure)  372166K->9606K(1040896K), 0.0035328 secs]
18999.908: [GC (Allocation Failure)  361862K->9702K(1031168K), 0.0039131 secs]
19000.315: [GC (Allocation Failure)  352230K->9702K(1021440K), 0.0052963 secs]
19000.689: [GC (Allocation Failure)  342502K->9670K(1012224K), 0.0040284 secs]
19001.054: [GC (Allocation Failure)  333254K->9670K(1003520K), 0.0032782 secs]
19001.409: [GC (Allocation Failure)  324550K->9702K(995328K), 0.0032795 secs]
19001.752: [GC (Allocation Failure)  316390K->9670K(1056768K), 0.0041876 secs]
19002.168: [GC (Allocation Failure)  377798K->9670K(1130496K), 0.0047364 secs]
19002.667: [GC (Allocation Failure)  451526K->9638K(1116672K), 0.0036515 secs]
19003.144: [GC (Allocation Failure)  437670K->9638K(1103360K), 0.0047112 secs]
19003.614: [GC (Allocation Failure)  424358K->9670K(1091072K), 0.0030004 secs]
19004.065: [GC (Allocation Failure)  412102K->9670K(1079296K), 0.0043143 secs]
19004.510: [GC (Allocation Failure)  400326K->9670K(1068032K), 0.0036144 secs]
19004.935: [GC (Allocation Failure)  389062K->9638K(1056768K), 0.0047202 secs]
19005.349: [GC (Allocation Failure)  377766K->9638K(1046016K), 0.0035503 secs]
19005.749: [GC (Allocation Failure)  367014K->9670K(1035776K), 0.0042279 secs]
19006.139: [GC (Allocation Failure)  356806K->9638K(1026048K), 0.0034771 secs]
19006.520: [GC (Allocation Failure)  347046K->9670K(1016832K), 0.0034391 secs]
19006.885: [GC (Allocation Failure)  337862K->9638K(1008128K), 0.0041727 secs]
19007.247: [GC (Allocation Failure)  329126K->9670K(999424K), 0.0037344 secs]
19007.595: [GC (Allocation Failure)  320454K->9670K(1061888K), 0.0042299 secs]
19008.019: [GC (Allocation Failure)  382918K->9670K(1051136K), 0.0036898 secs]
19008.425: [GC (Allocation Failure)  372166K->9638K(1040896K), 0.0035150 secs]
19008.818: [GC (Allocation Failure)  361894K->9670K(1031168K), 0.0044553 secs]
19009.202: [GC (Allocation Failure)  352198K->9670K(1021440K), 0.0038339 secs]
19009.570: [GC (Allocation Failure)  342470K->9670K(1088000K), 0.0041621 secs]
19010.024: [GC (Allocation Failure)  409030K->9702K(1076224K), 0.0031926 secs]
19010.493: [GC (Allocation Failure)  397286K->9702K(1064960K), 0.0035916 secs]
19010.914: [GC (Allocation Failure)  386022K->9670K(1054208K), 0.0041514 secs]
19011.324: [GC (Allocation Failure)  375238K->9670K(1043968K), 0.0043784 secs]
19011.729: [GC (Allocation Failure)  364998K->9670K(1115136K), 0.0053332 secs]
19012.206: [GC (Allocation Failure)  436166K->9670K(1102336K), 0.0033561 secs]
19012.665: [GC (Allocation Failure)  423366K->9638K(1090048K), 0.0039756 secs]
19013.113: [GC (Allocation Failure)  411046K->9702K(1078272K), 0.0044544 secs]
19013.556: [GC (Allocation Failure)  399334K->9670K(1067008K), 0.0033983 secs]
19013.978: [GC (Allocation Failure)  388038K->9670K(1056256K), 0.0034041 secs]
19014.391: [GC (Allocation Failure)  377286K->9702K(1045504K), 0.0033023 secs]
19014.791: [GC (Allocation Failure)  366566K->9702K(1035264K), 0.0036052 secs]
19015.176: [GC (Allocation Failure)  356326K->9702K(1025536K), 0.0031631 secs]
19015.557: [GC (Allocation Failure)  346598K->9638K(1016320K), 0.0034690 secs]
19015.927: [GC (Allocation Failure)  337318K->9670K(1007616K), 0.0048274 secs]
19016.287: [GC (Allocation Failure)  328646K->9670K(998912K), 0.0034450 secs]
19016.633: [GC (Allocation Failure)  319942K->9638K(990720K), 0.0031953 secs]
19016.968: [GC (Allocation Failure)  311718K->9670K(983040K), 0.0035657 secs]
19017.296: [GC (Allocation Failure)  304070K->9734K(975360K), 0.0034355 secs]
19017.613: [GC (Allocation Failure)  296454K->9670K(1032704K), 0.0041761 secs]
19018.002: [GC (Allocation Failure)  353734K->9670K(1022976K), 0.0031409 secs]
19018.375: [GC (Allocation Failure)  344006K->9702K(1013760K), 0.0032459 secs]
19018.746: [GC (Allocation Failure)  334822K->9670K(1005056K), 0.0033997 secs]
19019.105: [GC (Allocation Failure)  326086K->9638K(996352K), 0.0036466 secs]
19019.455: [GC (Allocation Failure)  317350K->9638K(988160K), 0.0036894 secs]
19019.793: [GC (Allocation Failure)  309158K->9670K(980480K), 0.0036811 secs]
19020.119: [GC (Allocation Failure)  301510K->9638K(972800K), 0.0033945 secs]
19020.439: [GC (Allocation Failure)  293798K->9606K(965632K), 0.0032660 secs]
19020.768: [GC (Allocation Failure)  286598K->9670K(958464K), 0.0033163 secs]
19021.070: [GC (Allocation Failure)  279494K->9670K(1012736K), 0.0044278 secs]
19021.441: [GC (Allocation Failure)  333766K->9638K(1077760K), 0.0031894 secs]
19021.877: [GC (Allocation Failure)  398758K->9638K(1066496K), 0.0038561 secs]
19022.298: [GC (Allocation Failure)  387494K->9702K(1055744K), 0.0036766 secs]
19022.706: [GC (Allocation Failure)  376806K->9702K(1044992K), 0.0035204 secs]
19023.103: [GC (Allocation Failure)  366054K->9702K(1034752K), 0.0036724 secs]
19023.488: [GC (Allocation Failure)  355814K->9734K(1025024K), 0.0031243 secs]
19023.864: [GC (Allocation Failure)  346118K->9670K(1015808K), 0.0028708 secs]
19024.231: [GC (Allocation Failure)  336838K->9702K(1007104K), 0.0033333 secs]
19024.588: [GC (Allocation Failure)  328166K->9638K(998400K), 0.0032580 secs]
19024.936: [GC (Allocation Failure)  319398K->9702K(990208K), 0.0031269 secs]
19025.276: [GC (Allocation Failure)  311270K->9670K(982528K), 0.0035148 secs]
19025.607: [GC (Allocation Failure)  303558K->9734K(974848K), 0.0029202 secs]
19025.949: [GC (Allocation Failure)  295942K->9670K(1032192K), 0.0047696 secs]
19026.336: [GC (Allocation Failure)  353222K->9734K(1022464K), 0.0031388 secs]
19026.710: [GC (Allocation Failure)  343558K->9670K(1013248K), 0.0042158 secs]
19027.076: [GC (Allocation Failure)  334278K->9638K(1004544K), 0.0034143 secs]
19027.433: [GC (Allocation Failure)  325542K->9734K(996352K), 0.0033647 secs]
19027.779: [GC (Allocation Failure)  317446K->9702K(988160K), 0.0031216 secs]
19028.112: [GC (Allocation Failure)  309222K->9638K(980480K), 0.0033506 secs]
19028.440: [GC (Allocation Failure)  301478K->9670K(972800K), 0.0031716 secs]
19028.757: [GC (Allocation Failure)  293830K->9638K(965632K), 0.0036735 secs]
19029.067: [GC (Allocation Failure)  286630K->9670K(1021440K), 0.0037131 secs]
19029.442: [GC (Allocation Failure)  342470K->9670K(1012224K), 0.0030460 secs]
19029.803: [GC (Allocation Failure)  333254K->9638K(1003520K), 0.0039220 secs]
19030.155: [GC (Allocation Failure)  324518K->9670K(1066496K), 0.0037290 secs]
19030.576: [GC (Allocation Failure)  387526K->9670K(1055744K), 0.0036316 secs]
19030.986: [GC (Allocation Failure)  376774K->9638K(1044992K), 0.0030941 secs]
19031.408: [GC (Allocation Failure)  365990K->9638K(1034752K), 0.0035120 secs]
19031.796: [GC (Allocation Failure)  355750K->9670K(1025024K), 0.0033565 secs]
19032.173: [GC (Allocation Failure)  346054K->9638K(1015808K), 0.0033741 secs]
19032.539: [GC (Allocation Failure)  336806K->9670K(1007104K), 0.0034447 secs]
19032.897: [GC (Allocation Failure)  328134K->9670K(998400K), 0.0036352 secs]
19033.243: [GC (Allocation Failure)  319430K->9638K(990208K), 0.0034973 secs]
19033.582: [GC (Allocation Failure)  311206K->9606K(982528K), 0.0032661 secs]
19033.912: [GC (Allocation Failure)  303494K->9670K(974848K), 0.0033237 secs]
19034.233: [GC (Allocation Failure)  295878K->9702K(967680K), 0.0034297 secs]
19034.544: [GC (Allocation Failure)  288742K->9734K(960512K), 0.0032246 secs]
19034.848: [GC (Allocation Failure)  281606K->9702K(1015296K), 0.0036489 secs]
19035.212: [GC (Allocation Failure)  336358K->9702K(1006592K), 0.0030606 secs]
19035.565: [GC (Allocation Failure)  327654K->9638K(997888K), 0.0031512 secs]
19035.909: [GC (Allocation Failure)  318886K->9670K(1059840K), 0.0049863 secs]
19036.327: [GC (Allocation Failure)  380870K->9702K(1134080K), 0.0037820 secs]
19036.825: [GC (Allocation Failure)  455142K->9638K(1120256K), 0.0032562 secs]
19037.306: [GC (Allocation Failure)  441254K->9702K(1106944K), 0.0035470 secs]
19037.773: [GC (Allocation Failure)  428006K->9638K(1094144K), 0.0040113 secs]
19038.232: [GC (Allocation Failure)  415142K->9638K(1081856K), 0.0040295 secs]
19038.678: [GC (Allocation Failure)  402854K->9670K(1070080K), 0.0037363 secs]
19039.105: [GC (Allocation Failure)  391110K->9670K(1058816K), 0.0034842 secs]
19039.523: [GC (Allocation Failure)  379846K->9670K(1048064K), 0.0029732 secs]
19039.924: [GC (Allocation Failure)  369094K->9670K(1037824K), 0.0033564 secs]
19040.313: [GC (Allocation Failure)  358854K->9670K(1028096K), 0.0030879 secs]
19040.690: [GC (Allocation Failure)  349126K->9702K(1018880K), 0.0040256 secs]
19041.059: [GC (Allocation Failure)  339942K->9670K(1009664K), 0.0035648 secs]
19041.419: [GC (Allocation Failure)  330694K->9702K(1000960K), 0.0031440 secs]
19041.790: [GC (Allocation Failure)  322022K->9670K(992768K), 0.0035664 secs]
19042.130: [GC (Allocation Failure)  313798K->9638K(984576K), 0.0033668 secs]
19042.466: [GC (Allocation Failure)  305574K->9702K(976896K), 0.0029182 secs]
19042.789: [GC (Allocation Failure)  297958K->9638K(969728K), 0.0038422 secs]
19043.105: [GC (Allocation Failure)  290726K->9670K(962560K), 0.0035688 secs]
19043.412: [GC (Allocation Failure)  283590K->9670K(1017344K), 0.0032924 secs]
19043.780: [GC (Allocation Failure)  338374K->9670K(1008640K), 0.0035399 secs]
19044.140: [GC (Allocation Failure)  329670K->9670K(999936K), 0.0029979 secs]
19044.488: [GC (Allocation Failure)  320966K->9670K(991744K), 0.0034655 secs]
19044.828: [GC (Allocation Failure)  312774K->9638K(984064K), 0.0031196 secs]
19045.159: [GC (Allocation Failure)  305062K->9638K(976384K), 0.0032706 secs]
19045.482: [GC (Allocation Failure)  297382K->9670K(969216K), 0.0035390 secs]
19045.796: [GC (Allocation Failure)  290246K->9670K(1025536K), 0.0038301 secs]
19046.171: [GC (Allocation Failure)  346566K->9670K(1093120K), 0.0037268 secs]
19046.624: [GC (Allocation Failure)  414150K->9670K(1080832K), 0.0034906 secs]
19047.062: [GC (Allocation Failure)  401862K->9670K(1069056K), 0.0038102 secs]
19047.488: [GC (Allocation Failure)  390086K->9670K(1057792K), 0.0030729 secs]
19047.901: [GC (Allocation Failure)  378822K->9670K(1047040K), 0.0040003 secs]
19048.303: [GC (Allocation Failure)  368070K->9702K(1036800K), 0.0052178 secs]
19048.693: [GC (Allocation Failure)  357862K->9702K(1027072K), 0.0033299 secs]
19049.073: [GC (Allocation Failure)  348134K->9638K(1017856K), 0.0037315 secs]
19049.440: [GC (Allocation Failure)  338854K->9670K(1008640K), 0.0030779 secs]
19049.800: [GC (Allocation Failure)  329670K->9638K(999936K), 0.0036735 secs]
19050.149: [GC (Allocation Failure)  320934K->9638K(991744K), 0.0035060 secs]
19050.488: [GC (Allocation Failure)  312742K->9670K(984064K), 0.0036705 secs]
19050.822: [GC (Allocation Failure)  305094K->9638K(1043456K), 0.0046153 secs]
19051.220: [GC (Allocation Failure)  364454K->9670K(1114624K), 0.0034911 secs]
19051.696: [GC (Allocation Failure)  435654K->9670K(1101824K), 0.0038985 secs]
19052.224: [GC (Allocation Failure)  422854K->9670K(1089536K), 0.0040342 secs]
19052.672: [GC (Allocation Failure)  410566K->9638K(1077760K), 0.0036245 secs]
19053.102: [GC (Allocation Failure)  398758K->9638K(1066496K), 0.0040651 secs]
19053.527: [GC (Allocation Failure)  387494K->9670K(1055744K), 0.0034485 secs]
19053.938: [GC (Allocation Failure)  376774K->9638K(1044992K), 0.0038529 secs]
19054.337: [GC (Allocation Failure)  365990K->9670K(1034752K), 0.0028481 secs]
19054.726: [GC (Allocation Failure)  355782K->9670K(1025024K), 0.0033948 secs]
19055.103: [GC (Allocation Failure)  346054K->9670K(1015808K), 0.0038024 secs]
19055.469: [GC (Allocation Failure)  336838K->9638K(1007104K), 0.0035572 secs]
19055.825: [GC (Allocation Failure)  328102K->9670K(998400K), 0.0034909 secs]
19056.173: [GC (Allocation Failure)  319430K->9638K(990208K), 0.0037289 secs]
19056.511: [GC (Allocation Failure)  311206K->9670K(982528K), 0.0036178 secs]
19056.845: [GC (Allocation Failure)  303558K->9670K(1041408K), 0.0039772 secs]
19057.262: [GC (Allocation Failure)  362438K->9670K(1031680K), 0.0035118 secs]
19057.645: [GC (Allocation Failure)  352710K->9670K(1021952K), 0.0032198 secs]
19058.018: [GC (Allocation Failure)  342982K->9638K(1012736K), 0.0031007 secs]
19058.380: [GC (Allocation Failure)  333734K->9702K(1004032K), 0.0032477 secs]
19058.731: [GC (Allocation Failure)  325094K->9670K(995840K), 0.0034123 secs]
19059.077: [GC (Allocation Failure)  316870K->9702K(987648K), 0.0031415 secs]
19059.410: [GC (Allocation Failure)  308710K->9670K(979968K), 0.0035856 secs]
19059.735: [GC (Allocation Failure)  300998K->9702K(972288K), 0.0034351 secs]
19060.054: [GC (Allocation Failure)  293350K->9670K(1029120K), 0.0039296 secs]
19060.438: [GC (Allocation Failure)  350150K->9670K(1019904K), 0.0034098 secs]
19060.811: [GC (Allocation Failure)  340934K->9638K(1010688K), 0.0034285 secs]
19061.171: [GC (Allocation Failure)  331686K->9670K(1001984K), 0.0034847 secs]
19061.524: [GC (Allocation Failure)  323014K->9670K(993792K), 0.0039536 secs]
19061.865: [GC (Allocation Failure)  314822K->9638K(1055232K), 0.0036814 secs]
19062.311: [GC (Allocation Failure)  376230K->9670K(1044480K), 0.0041018 secs]
19062.716: [GC (Allocation Failure)  365510K->9670K(1034240K), 0.0031232 secs]
19063.103: [GC (Allocation Failure)  355270K->9702K(1024512K), 0.0040296 secs]
19063.482: [GC (Allocation Failure)  345574K->9670K(1015296K), 0.0033627 secs]
19063.848: [GC (Allocation Failure)  336326K->9638K(1006592K), 0.0036918 secs]
19064.204: [GC (Allocation Failure)  327590K->9638K(997888K), 0.0037366 secs]
19064.550: [GC (Allocation Failure)  318886K->9670K(989696K), 0.0030342 secs]
19064.887: [GC (Allocation Failure)  310726K->9638K(982016K), 0.0035735 secs]
19065.215: [GC (Allocation Failure)  303014K->9670K(974336K), 0.0034466 secs]
19065.537: [GC (Allocation Failure)  295366K->9670K(967168K), 0.0033385 secs]
19065.849: [GC (Allocation Failure)  288198K->9702K(960000K), 0.0027676 secs]
19066.154: [GC (Allocation Failure)  281062K->9670K(1014272K), 0.0036490 secs]
19066.518: [GC (Allocation Failure)  335302K->9670K(1005568K), 0.0031332 secs]
19066.872: [GC (Allocation Failure)  326598K->9638K(996864K), 0.0031994 secs]
19067.255: [GC (Allocation Failure)  317862K->9734K(988672K), 0.0035533 secs]
19067.595: [GC (Allocation Failure)  309766K->9670K(980992K), 0.0033316 secs]
19067.922: [GC (Allocation Failure)  302022K->9670K(973312K), 0.0031548 secs]
19068.241: [GC (Allocation Failure)  294342K->9638K(966144K), 0.0033157 secs]
19068.554: [GC (Allocation Failure)  287142K->9670K(958976K), 0.0033612 secs]
19068.859: [GC (Allocation Failure)  280006K->9638K(952320K), 0.0032685 secs]
19069.156: [GC (Allocation Failure)  273318K->9638K(1005056K), 0.0033623 secs]
19069.507: [GC (Allocation Failure)  326054K->9702K(1068544K), 0.0036741 secs]
19069.929: [GC (Allocation Failure)  389606K->9734K(1057280K), 0.0038641 secs]
19070.340: [GC (Allocation Failure)  378374K->9670K(1046528K), 0.0032624 secs]
19070.739: [GC (Allocation Failure)  367558K->9670K(1036288K), 0.0037104 secs]
19071.128: [GC (Allocation Failure)  357318K->9638K(1026560K), 0.0034607 secs]
19071.507: [GC (Allocation Failure)  347558K->9670K(1017344K), 0.0032273 secs]
19071.877: [GC (Allocation Failure)  338374K->9702K(1008640K), 0.0037479 secs]
19072.274: [GC (Allocation Failure)  329702K->9670K(999936K), 0.0039308 secs]
19072.621: [GC (Allocation Failure)  320966K->9702K(991744K), 0.0034979 secs]
19072.962: [GC (Allocation Failure)  312806K->9702K(984064K), 0.0040376 secs]
19073.293: [GC (Allocation Failure)  305126K->9670K(1043456K), 0.0038110 secs]
19073.689: [GC (Allocation Failure)  364486K->9638K(1033216K), 0.0036758 secs]
19074.075: [GC (Allocation Failure)  354214K->9638K(1023488K), 0.0038871 secs]
19074.450: [GC (Allocation Failure)  344486K->9670K(1090560K), 0.0042458 secs]
19074.902: [GC (Allocation Failure)  411590K->9670K(1078784K), 0.0037989 secs]
19075.339: [GC (Allocation Failure)  399814K->9670K(1067520K), 0.0036669 secs]
19075.764: [GC (Allocation Failure)  388550K->9670K(1056256K), 0.0037989 secs]
19076.173: [GC (Allocation Failure)  377286K->9670K(1045504K), 0.0036461 secs]
19076.572: [GC (Allocation Failure)  366534K->9638K(1035264K), 0.0038333 secs]
19076.959: [GC (Allocation Failure)  356262K->9670K(1025536K), 0.0031785 secs]
19077.356: [GC (Allocation Failure)  346566K->9670K(1016320K), 0.0034966 secs]
19077.726: [GC (Allocation Failure)  337350K->9702K(1007616K), 0.0032998 secs]
19078.088: [GC (Allocation Failure)  328678K->9670K(998912K), 0.0035213 secs]
19078.443: [GC (Allocation Failure)  319942K->9670K(990720K), 0.0035591 secs]
19078.788: [GC (Allocation Failure)  311750K->9670K(983040K), 0.0040362 secs]
19079.123: [GC (Allocation Failure)  304070K->9638K(1041920K), 0.0041742 secs]
19079.522: [GC (Allocation Failure)  362918K->9670K(1112576K), 0.0043731 secs]
19079.999: [GC (Allocation Failure)  433606K->9670K(1099776K), 0.0041408 secs]
19080.468: [GC (Allocation Failure)  420806K->9638K(1087488K), 0.0039757 secs]
19080.914: [GC (Allocation Failure)  408486K->9670K(1075712K), 0.0043436 secs]
19081.349: [GC (Allocation Failure)  396742K->9670K(1064448K), 0.0039857 secs]
19081.772: [GC (Allocation Failure)  385478K->9670K(1053696K), 0.0032924 secs]
19082.182: [GC (Allocation Failure)  374726K->9670K(1043456K), 0.0035413 secs]
19082.612: [GC (Allocation Failure)  364486K->9638K(1033216K), 0.0035446 secs]
19082.998: [GC (Allocation Failure)  354214K->9638K(1023488K), 0.0044119 secs]
19083.375: [GC (Allocation Failure)  344486K->9670K(1090560K), 0.0050542 secs]
19083.835: [GC (Allocation Failure)  411590K->9670K(1078784K), 0.0030861 secs]
19084.270: [GC (Allocation Failure)  399814K->9702K(1067520K), 0.0039498 secs]
19084.696: [GC (Allocation Failure)  388582K->9670K(1056256K), 0.0042326 secs]
19085.112: [GC (Allocation Failure)  377286K->9638K(1045504K), 0.0047930 secs]
19085.517: [GC (Allocation Failure)  366502K->9670K(1035264K), 0.0042850 secs]
19085.904: [GC (Allocation Failure)  356294K->9638K(1025536K), 0.0036288 secs]
19086.283: [GC (Allocation Failure)  346534K->9638K(1016320K), 0.0043521 secs]
19086.653: [GC (Allocation Failure)  337318K->9670K(1081856K), 0.0043745 secs]
19087.094: [GC (Allocation Failure)  402886K->9670K(1070080K), 0.0038108 secs]
19087.523: [GC (Allocation Failure)  391110K->9638K(1058816K), 0.0036623 secs]
19087.932: [GC (Allocation Failure)  379814K->9670K(1048064K), 0.0038641 secs]
19088.331: [GC (Allocation Failure)  369094K->9606K(1037824K), 0.0045594 secs]
19088.726: [GC (Allocation Failure)  358790K->9670K(1107968K), 0.0054720 secs]
19089.202: [GC (Allocation Failure)  428998K->9670K(1191936K), 0.0040736 secs]
19089.771: [GC (Allocation Failure)  512966K->9638K(1175552K), 0.0036794 secs]
19090.317: [GC (Allocation Failure)  496550K->9734K(1159680K), 0.0042346 secs]
19090.842: [GC (Allocation Failure)  480774K->9638K(1144832K), 0.0042160 secs]
19091.348: [GC (Allocation Failure)  465830K->9638K(1130496K), 0.0037439 secs]
19091.840: [GC (Allocation Failure)  451494K->9670K(1116672K), 0.0035944 secs]
19092.315: [GC (Allocation Failure)  437702K->9670K(1103360K), 0.0034276 secs]
19092.780: [GC (Allocation Failure)  424390K->9670K(1091072K), 0.0040786 secs]
19093.239: [GC (Allocation Failure)  412102K->9670K(1079296K), 0.0039181 secs]
19093.672: [GC (Allocation Failure)  400326K->9734K(1068032K), 0.0037907 secs]
19094.091: [GC (Allocation Failure)  389126K->9670K(1056768K), 0.0048500 secs]
19094.504: [GC (Allocation Failure)  377798K->9638K(1046016K), 0.0046313 secs]
19094.899: [GC (Allocation Failure)  367014K->9638K(1035776K), 0.0033878 secs]
19095.284: [GC (Allocation Failure)  356774K->9670K(1026048K), 0.0032519 secs]
19095.659: [GC (Allocation Failure)  347078K->9638K(1016832K), 0.0033370 secs]
19096.022: [GC (Allocation Failure)  337830K->9670K(1008128K), 0.0042431 secs]
19096.376: [GC (Allocation Failure)  329158K->9670K(999424K), 0.0036372 secs]
19096.717: [GC (Allocation Failure)  320454K->9638K(991232K), 0.0036952 secs]
19097.054: [GC (Allocation Failure)  312230K->9670K(983552K), 0.0034691 secs]
