Java HotSpot(TM) 64-Bit Server VM (25.91-b14) for linux-amd64 JRE (1.8.0_91-b14), built on Apr  1 2016 00:57:21 by "java_re" with gcc 4.3.0 20080428 (Red Hat 4.3.0-8)
Memory: 4k page, physical 10239976k(3860612k free), swap 4192252k(4192252k free)
CommandLine flags: -XX:InitialHeapSize=163839616 -XX:MaxHeapSize=2621433856 -XX:+PrintGC -XX:+PrintGCTimeStamps -XX:+UseCompressedClassPointers -XX:+UseCompressedOops 
0.525: [GC (Allocation Failure)  43136K->6699K(156416K), 0.0203781 secs]
0.803: [GC (Allocation Failure)  49835K->12682K(156416K), 0.0263003 secs]
1.070: [GC (Allocation Failure)  55818K->18899K(156416K), 0.0397326 secs]
1.311: [GC (Allocation Failure)  62035K->25155K(156416K), 0.0175796 secs]
1.489: [GC (Allocation Failure)  68291K->31784K(156416K), 0.0354629 secs]
1.692: [GC (Allocation Failure)  74920K->38084K(156416K), 0.0182563 secs]
1.937: [GC (Allocation Failure)  81220K->43270K(156416K), 0.0230982 secs]
2.133: [GC (Allocation Failure)  86406K->47873K(156416K), 0.0285347 secs]
2.465: [GC (Allocation Failure)  91009K->53299K(156416K), 0.0243032 secs]
2.672: [GC (Allocation Failure)  96435K->60111K(156416K), 0.0335354 secs]
2.879: [GC (Allocation Failure)  103247K->65988K(156416K), 0.0164051 secs]
3.094: [GC (Allocation Failure)  109124K->72028K(156416K), 0.0338327 secs]
3.376: [GC (Allocation Failure)  115164K->77744K(156416K), 0.0245642 secs]
3.607: [GC (Allocation Failure)  120880K->82831K(156416K), 0.0351126 secs]
3.807: [GC (Allocation Failure)  125967K->88210K(156416K), 0.0228066 secs]
3.991: [GC (Allocation Failure)  131346K->94332K(156416K), 0.0351891 secs]
4.174: [GC (Allocation Failure)  137468K->99973K(156416K), 0.0327163 secs]
4.352: [GC (Allocation Failure)  143109K->105662K(156416K), 0.0478998 secs]
4.583: [GC (Allocation Failure)  148798K->113236K(156416K), 0.0447328 secs]
4.798: [GC (Allocation Failure)  156372K->118019K(161732K), 0.0441276 secs]
4.842: [Full GC (Allocation Failure)  118019K->113987K(161732K), 0.1871420 secs]
5.284: [GC (Allocation Failure)  188803K->121842K(273692K), 0.0365423 secs]
6.043: [GC (Allocation Failure)  197334K->138346K(273692K), 0.0685148 secs]
6.699: [GC (Allocation Failure)  213930K->150017K(273692K), 0.0960879 secs]
7.343: [GC (Allocation Failure)  225601K->162564K(273692K), 0.0455224 secs]
7.816: [GC (Allocation Failure)  238148K->174935K(273692K), 0.0423448 secs]
8.342: [GC (Allocation Failure)  250519K->187322K(273692K), 0.1008086 secs]
8.953: [GC (Allocation Failure)  262906K->197787K(273692K), 0.0638303 secs]
9.547: [GC (Allocation Failure)  273371K->208184K(283936K), 0.0669422 secs]
9.614: [Full GC (Allocation Failure)  208184K->173116K(283936K), 0.3565756 secs]
10.603: [GC (Allocation Failure)  288636K->190885K(418448K), 0.0500523 secs]
11.203: [GC (Allocation Failure)  306405K->207910K(418448K), 0.0530614 secs]
11.423: [Full GC (System.gc())  228670K->186433K(418448K), 0.4582259 secs]
11.882: [Full GC (System.gc())  186433K->173872K(450628K), 0.4624410 secs]
12.345: [Full GC (System.gc())  173872K->173872K(450628K), 0.3364498 secs]
12.682: [Full GC (System.gc())  173872K->173872K(450628K), 0.3963458 secs]
13.079: [Full GC (System.gc())  173872K->173872K(450628K), 0.3981202 secs]
14.261: [Full GC (System.gc())  198800K->166695K(450628K), 0.4633242 secs]
14.732: [Full GC (System.gc())  166695K->166695K(450628K), 0.5329752 secs]
15.282: [Full GC (System.gc())  166695K->166695K(450628K), 0.5870594 secs]
15.873: [Full GC (System.gc())  166695K->166695K(450628K), 0.5179816 secs]
16.406: [Full GC (System.gc())  166695K->166695K(450628K), 0.4915378 secs]
16.967: [Full GC (System.gc())  169273K->167478K(450628K), 0.3573069 secs]
17.333: [Full GC (System.gc())  167478K->167478K(450628K), 0.3954870 secs]
17.737: [Full GC (System.gc())  167478K->167478K(450628K), 0.4026541 secs]
18.140: [Full GC (System.gc())  167478K->156892K(450628K), 0.3569839 secs]
18.497: [Full GC (System.gc())  156892K->156892K(450628K), 0.3640270 secs]
18.868: [Full GC (System.gc())  159375K->156893K(450628K), 0.3995187 secs]
19.267: [Full GC (System.gc())  156893K->156893K(450628K), 0.3606637 secs]
19.628: [Full GC (System.gc())  156893K->156889K(450628K), 0.3246646 secs]
19.953: [Full GC (System.gc())  156889K->156889K(450628K), 0.3986637 secs]
20.352: [Full GC (System.gc())  156889K->156889K(450628K), 0.3983170 secs]
24.577: [GC (Allocation Failure)  281305K->163031K(450628K), 0.0214739 secs]
26.757: [GC (Allocation Failure)  287447K->168511K(450628K), 0.0277955 secs]
28.283: [GC (Allocation Failure)  292927K->174205K(450628K), 0.0478208 secs]
30.136: [GC (Allocation Failure)  298621K->180095K(450628K), 0.0693711 secs]
31.911: [GC (Allocation Failure)  304511K->186703K(450628K), 0.0459501 secs]
33.302: [GC (Allocation Failure)  311119K->194397K(450628K), 0.1345878 secs]
35.446: [GC (Allocation Failure)  318813K->200663K(450628K), 0.0710112 secs]
37.202: [GC (Allocation Failure)  325079K->207660K(450628K), 0.0758606 secs]
39.171: [GC (Allocation Failure)  332076K->214552K(450628K), 0.0908901 secs]
41.232: [GC (Allocation Failure)  338968K->220931K(450628K), 0.0904313 secs]
43.244: [GC (Allocation Failure)  345347K->228484K(450628K), 0.0723164 secs]
44.735: [GC (Allocation Failure)  352900K->234546K(450628K), 0.0994371 secs]
46.379: [GC (Allocation Failure)  358962K->240970K(450628K), 0.0703571 secs]
48.099: [GC (Allocation Failure)  365386K->246796K(450628K), 0.1513129 secs]
49.705: [GC (Allocation Failure)  371212K->255024K(450628K), 0.0613409 secs]
52.020: [GC (Allocation Failure)  379440K->263165K(450628K), 0.0612488 secs]
53.573: [GC (Allocation Failure)  387581K->270548K(450628K), 0.0726416 secs]
55.449: [GC (Allocation Failure)  394964K->272879K(450628K), 0.0811499 secs]
57.110: [GC (Allocation Failure)  397295K->274884K(450628K), 0.0560437 secs]
58.729: [GC (Allocation Failure)  399300K->281003K(450628K), 0.0405674 secs]
60.688: [GC (Allocation Failure)  405419K->284896K(450628K), 0.0360092 secs]
61.814: [GC (Allocation Failure)  409312K->289925K(450628K), 0.0790298 secs]
63.058: [GC (Allocation Failure)  414341K->297166K(450628K), 0.0413712 secs]
64.628: [GC (Allocation Failure)  421582K->301859K(450628K), 0.0693210 secs]
66.272: [GC (Allocation Failure)  426275K->308983K(450628K), 0.1027536 secs]
68.281: [GC (Allocation Failure)  433399K->313532K(450628K), 0.1336631 secs]
70.367: [GC (Allocation Failure)  437948K->322453K(450628K), 0.0993646 secs]
72.522: [GC (Allocation Failure)  446869K->327932K(461956K), 0.0561872 secs]
72.578: [Full GC (Allocation Failure)  327932K->304665K(461956K), 1.3627503 secs]
78.411: [GC (Allocation Failure)  507929K->313726K(736384K), 0.1579048 secs]
81.073: [GC (Allocation Failure)  516990K->321265K(736384K), 0.0793018 secs]
83.712: [GC (Allocation Failure)  524529K->330755K(736384K), 0.0856330 secs]
87.715: [GC (Allocation Failure)  534019K->342498K(736384K), 0.2154896 secs]
90.322: [GC (Allocation Failure)  545762K->363544K(736384K), 0.0884167 secs]
93.183: [GC (Allocation Failure)  566808K->383629K(736384K), 0.0824337 secs]
96.080: [GC (Allocation Failure)  586893K->403701K(736384K), 0.1087311 secs]
98.322: [GC (Allocation Failure)  606965K->425387K(736384K), 0.1254568 secs]
100.312: [GC (Allocation Failure)  628651K->428784K(736384K), 0.0425718 secs]
102.119: [GC (Allocation Failure)  632048K->446538K(736384K), 0.1048859 secs]
104.218: [GC (Allocation Failure)  649802K->468215K(736384K), 0.0934814 secs]
106.738: [GC (Allocation Failure)  671479K->477929K(736384K), 0.0685151 secs]
107.952: [GC (Allocation Failure)  681193K->535827K(739264K), 0.0878997 secs]
108.040: [Full GC (Allocation Failure)  535827K->410139K(739264K), 1.2854573 secs]
111.191: [GC (Allocation Failure)  683611K->446202K(991216K), 0.0733202 secs]
114.488: [GC (Allocation Failure)  719674K->460975K(991216K), 0.1637753 secs]
118.401: [GC (Allocation Failure)  734447K->484622K(991216K), 0.0799814 secs]
120.089: [GC (Allocation Failure)  758094K->502639K(991216K), 0.3171195 secs]
122.497: [GC (Allocation Failure)  776111K->525247K(991216K), 0.0716165 secs]
124.224: [GC (Allocation Failure)  798719K->538420K(991216K), 0.1927649 secs]
127.237: [GC (Allocation Failure)  811892K->564722K(991216K), 0.0787712 secs]
128.753: [GC (Allocation Failure)  838194K->601901K(991216K), 0.1721151 secs]
131.568: [GC (Allocation Failure)  875373K->623709K(991216K), 0.1444358 secs]
133.148: [GC (Allocation Failure)  897181K->662205K(991216K), 0.0889501 secs]
134.365: [GC (Allocation Failure)  935677K->725381K(998896K), 0.1144067 secs]
134.480: [Full GC (Allocation Failure)  725381K->579754K(998896K), 1.3402034 secs]
138.123: [GC (Allocation Failure)  966378K->617547K(1401140K), 0.0692436 secs]
140.249: [GC (Allocation Failure)  1004171K->682162K(1401140K), 0.1202422 secs]
142.641: [GC (Allocation Failure)  1068786K->709096K(1401140K), 0.1072582 secs]
144.190: [GC (Allocation Failure)  1095720K->806988K(1401140K), 0.1136287 secs]
145.971: [GC (Allocation Failure)  1193612K->906486K(1401140K), 0.1903474 secs]
149.766: [GC (Allocation Failure)  1293110K->940032K(1401140K), 0.2167828 secs]
153.261: [GC (Allocation Failure)  1326656K->956056K(1401140K), 0.1576525 secs]
155.261: [GC (Allocation Failure)  1342680K->969689K(1401140K), 0.1426405 secs]
157.922: [GC (Allocation Failure)  1356313K->990570K(1401140K), 0.1094509 secs]
159.978: [GC (Allocation Failure)  1377194K->1006583K(1403828K), 0.0967517 secs]
160.075: [Full GC (Allocation Failure)  1006583K->756610K(1403828K), 1.7669519 secs]
164.606: [GC (Allocation Failure)  1261058K->788882K(1828508K), 0.0894862 secs]
167.191: [GC (Allocation Failure)  1293330K->814282K(1828508K), 0.0999542 secs]
169.621: [GC (Allocation Failure)  1318730K->846274K(1828508K), 0.0866576 secs]
172.415: [GC (Allocation Failure)  1350722K->866685K(1828508K), 0.1199059 secs]
176.781: [GC (Allocation Failure)  1371133K->893162K(1828508K), 0.0987543 secs]
178.914: [GC (Allocation Failure)  1397610K->1007577K(1828508K), 0.1717419 secs]
180.507: [GC (Allocation Failure)  1512025K->1163296K(1828508K), 0.2562372 secs]
182.832: [GC (Allocation Failure)  1667744K->1331710K(1836188K), 0.1840707 secs]
183.016: [Full GC (Allocation Failure)  1331710K->962483K(1836188K), 2.0963066 secs]
188.500: [GC (Allocation Failure)  1604211K->1008969K(2326060K), 0.1115012 secs]
191.223: [GC (Allocation Failure)  1650697K->1041772K(2326060K), 0.1278072 secs]
195.137: [GC (Allocation Failure)  1683500K->1071769K(2326060K), 0.2116486 secs]
198.934: [GC (Allocation Failure)  1713497K->1098995K(2326060K), 0.1440652 secs]
203.320: [GC (Allocation Failure)  1740723K->1147128K(2326060K), 0.1712775 secs]
206.959: [GC (Allocation Failure)  1788856K->1190631K(2326060K), 0.1651885 secs]
209.328: [GC (Allocation Failure)  1832359K->1386307K(2326060K), 0.1661260 secs]
210.716: [GC (Allocation Failure)  2028035K->1692760K(2334508K), 0.2788752 secs]
210.995: [Full GC (Allocation Failure)  1692760K->1112970K(2334508K), 2.6429122 secs]
217.006: [GC (Allocation Failure)  1795658K->1170392K(2474688K), 0.0949131 secs]
219.499: [GC (Allocation Failure)  1853080K->1299244K(2474688K), 0.1491061 secs]
220.734: [GC (Allocation Failure)  1981932K->1698589K(2474688K), 0.2751122 secs]
222.646: [Full GC (Allocation Failure)  2381277K->1313809K(2474688K), 2.5243493 secs]
226.809: [GC (Allocation Failure)  1996497K->1711597K(2474688K), 0.2783832 secs]
228.417: [Full GC (System.gc())  1971068K->1389578K(2474688K), 2.3216083 secs]
230.739: [Full GC (System.gc())  1389578K->1389578K(2474688K), 2.3858579 secs]
233.125: [Full GC (System.gc())  1389578K->1304329K(2474688K), 2.5561099 secs]
235.681: [Full GC (System.gc())  1304329K->1304329K(2474688K), 2.2536280 secs]
237.935: [Full GC (System.gc())  1304329K->1304329K(2474688K), 2.3745632 secs]
242.132: [GC (Allocation Failure)  1987017K->1322769K(2474688K), 0.1672057 secs]
243.049: [GC (Allocation Failure)  2005457K->1319939K(2474688K), 0.0253099 secs]
243.390: [GC (Allocation Failure)  2002627K->1320036K(2474688K), 0.0221834 secs]
243.769: [GC (Allocation Failure)  2002724K->1320228K(2474688K), 0.0232496 secs]
