Java HotSpot(TM) 64-Bit Server VM (25.91-b14) for linux-amd64 JRE (1.8.0_91-b14), built on Apr  1 2016 00:57:21 by "java_re" with gcc 4.3.0 20080428 (Red Hat 4.3.0-8)
Memory: 4k page, physical 10239976k(3860292k free), swap 4192252k(4192252k free)
CommandLine flags: -XX:InitialHeapSize=163839616 -XX:MaxHeapSize=2621433856 -XX:+PrintGC -XX:+PrintGCTimeStamps -XX:+UseCompressedClassPointers -XX:+UseCompressedOops 
0.541: [GC (Allocation Failure)  43136K->6694K(156416K), 0.0131011 secs]
1.097: [GC (Allocation Failure)  49830K->17839K(156416K), 0.0754046 secs]
1.676: [GC (Allocation Failure)  60975K->26298K(156416K), 0.0235123 secs]
2.094: [GC (Allocation Failure)  69434K->33391K(156416K), 0.0352118 secs]
2.179: [Full GC (System.gc())  38671K->34323K(156416K), 0.1341749 secs]
2.314: [Full GC (System.gc())  34323K->34323K(156544K), 0.0906438 secs]
2.411: [Full GC (System.gc())  34323K->34323K(156544K), 0.0760704 secs]
2.494: [Full GC (System.gc())  34323K->32550K(156544K), 0.0730730 secs]
2.574: [Full GC (System.gc())  32550K->32550K(156544K), 0.0494133 secs]
3.760: [Full GC (System.gc())  51750K->35670K(156544K), 0.0654822 secs]
3.831: [Full GC (System.gc())  35670K->35670K(156544K), 0.0448600 secs]
3.881: [Full GC (System.gc())  35670K->30626K(156544K), 0.0546695 secs]
3.943: [Full GC (System.gc())  30626K->30626K(156544K), 0.0469645 secs]
3.995: [Full GC (System.gc())  30626K->30626K(156544K), 0.0460652 secs]
4.068: [Full GC (System.gc())  32473K->30771K(156544K), 0.0524217 secs]
4.127: [Full GC (System.gc())  30771K->25381K(156544K), 0.0662988 secs]
4.199: [Full GC (System.gc())  25381K->25381K(156544K), 0.0990298 secs]
4.315: [Full GC (System.gc())  25381K->25381K(156544K), 0.0938537 secs]
4.412: [Full GC (System.gc())  25381K->25381K(156544K), 0.0593067 secs]
4.475: [Full GC (System.gc())  26243K->25378K(156544K), 0.0587861 secs]
4.539: [Full GC (System.gc())  25378K->25378K(156544K), 0.0618199 secs]
4.605: [Full GC (System.gc())  25378K->25378K(156544K), 0.1006887 secs]
4.706: [Full GC (System.gc())  25378K->25378K(156544K), 0.0913243 secs]
4.798: [Full GC (System.gc())  25378K->25378K(156544K), 0.0577446 secs]
5.436: [GC (Allocation Failure)  68642K->26878K(156544K), 0.0093808 secs]
6.620: [GC (Allocation Failure)  70142K->29715K(156544K), 0.0262489 secs]
7.371: [GC (Allocation Failure)  72979K->32733K(156544K), 0.0178402 secs]
7.661: [GC (Allocation Failure)  75997K->36114K(156544K), 0.0148056 secs]
8.200: [GC (Allocation Failure)  79378K->36202K(156544K), 0.0198724 secs]
8.642: [GC (Allocation Failure)  79466K->38885K(156544K), 0.0188821 secs]
8.953: [GC (Allocation Failure)  82149K->41378K(156544K), 0.0180004 secs]
9.403: [GC (Allocation Failure)  84642K->44673K(156544K), 0.0306054 secs]
9.828: [GC (Allocation Failure)  87937K->47723K(156544K), 0.0331468 secs]
10.169: [GC (Allocation Failure)  90987K->50094K(156544K), 0.0190745 secs]
10.607: [GC (Allocation Failure)  93358K->52606K(156544K), 0.0130110 secs]
10.989: [GC (Allocation Failure)  95870K->56548K(156544K), 0.0295179 secs]
11.283: [GC (Allocation Failure)  99812K->59571K(156544K), 0.0355067 secs]
11.659: [GC (Allocation Failure)  102835K->62679K(156544K), 0.0184388 secs]
12.013: [GC (Allocation Failure)  105943K->66521K(156544K), 0.0238298 secs]
12.344: [GC (Allocation Failure)  109785K->72911K(156544K), 0.0265997 secs]
12.739: [GC (Allocation Failure)  116175K->76871K(156544K), 0.0625462 secs]
13.137: [GC (Allocation Failure)  120135K->81501K(156544K), 0.0561261 secs]
13.504: [GC (Allocation Failure)  124765K->83662K(156544K), 0.0261207 secs]
13.849: [GC (Allocation Failure)  126926K->86564K(156544K), 0.0155940 secs]
14.237: [GC (Allocation Failure)  129828K->89360K(156544K), 0.0233137 secs]
14.599: [GC (Allocation Failure)  132624K->92576K(156544K), 0.0240275 secs]
14.891: [GC (Allocation Failure)  135840K->94801K(156544K), 0.0185919 secs]
15.240: [GC (Allocation Failure)  138065K->97210K(156544K), 0.0236238 secs]
15.588: [GC (Allocation Failure)  140474K->100277K(156544K), 0.0478577 secs]
15.948: [GC (Allocation Failure)  143541K->106029K(156544K), 0.0472067 secs]
16.340: [GC (Allocation Failure)  149293K->109502K(156544K), 0.0497568 secs]
16.852: [GC (Allocation Failure)  152766K->113773K(158272K), 0.0250127 secs]
16.877: [Full GC (Allocation Failure)  113773K->94703K(158272K), 0.2591371 secs]
17.738: [GC (Allocation Failure)  157935K->101221K(228944K), 0.0217752 secs]
18.259: [GC (Allocation Failure)  164453K->117972K(228944K), 0.0436833 secs]
18.720: [GC (Allocation Failure)  181204K->127980K(228944K), 0.1188072 secs]
18.979: [Full GC (System.gc())  150747K->110676K(228944K), 0.3520216 secs]
19.339: [Full GC (System.gc())  110676K->110676K(267536K), 0.2695533 secs]
19.615: [Full GC (System.gc())  110676K->102788K(267536K), 0.3294301 secs]
19.961: [Full GC (System.gc())  102788K->102788K(267536K), 0.2952915 secs]
20.263: [Full GC (System.gc())  102788K->102788K(267536K), 0.2835007 secs]
21.103: [GC (Allocation Failure)  176644K->107939K(267536K), 0.0422471 secs]
21.426: [GC (Allocation Failure)  181795K->105136K(267536K), 0.0072647 secs]
21.722: [GC (Allocation Failure)  178992K->105297K(267536K), 0.0021981 secs]
