Java HotSpot(TM) 64-Bit Server VM (25.91-b14) for linux-amd64 JRE (1.8.0_91-b14), built on Apr  1 2016 00:57:21 by "java_re" with gcc 4.3.0 20080428 (Red Hat 4.3.0-8)
Memory: 4k page, physical 10239976k(3860244k free), swap 4192252k(4192252k free)
CommandLine flags: -XX:InitialHeapSize=163839616 -XX:MaxHeapSize=2621433856 -XX:+PrintGC -XX:+PrintGCTimeStamps -XX:+UseCompressedClassPointers -XX:+UseCompressedOops 
1.045: [GC (Allocation Failure)  43136K->13443K(156416K), 0.0306684 secs]
2.549: [GC (Allocation Failure)  56579K->22905K(156416K), 0.0346957 secs]
3.307: [GC (Allocation Failure)  66041K->30986K(156416K), 0.0403393 secs]
4.024: [GC (Allocation Failure)  74122K->39666K(156416K), 0.0643228 secs]
4.110: [GC (Allocation Failure)  82802K->41090K(156416K), 0.0209601 secs]
4.154: [GC (Allocation Failure)  84226K->41762K(156416K), 0.0031074 secs]
4.174: [GC (Allocation Failure)  84898K->42247K(156416K), 0.0033340 secs]
4.553: [GC (Allocation Failure)  85383K->50484K(156416K), 0.0257980 secs]
5.125: [GC (Allocation Failure)  93620K->55978K(156416K), 0.0552601 secs]
5.727: [GC (Allocation Failure)  99114K->63290K(156416K), 0.0314147 secs]
6.299: [GC (Allocation Failure)  106426K->66922K(156416K), 0.0490224 secs]
6.885: [GC (Allocation Failure)  110058K->70950K(156416K), 0.0233022 secs]
7.581: [GC (Allocation Failure)  114086K->75001K(156416K), 0.0448501 secs]
8.285: [GC (Allocation Failure)  118137K->78951K(156416K), 0.0803367 secs]
8.910: [GC (Allocation Failure)  122087K->87095K(156416K), 0.0460304 secs]
9.259: [GC (Allocation Failure)  130231K->91104K(156416K), 0.0203509 secs]
9.787: [GC (Allocation Failure)  134240K->94621K(156416K), 0.0386780 secs]
10.345: [GC (Allocation Failure)  137757K->101959K(156416K), 0.0299848 secs]
10.768: [GC (Allocation Failure)  145095K->110002K(156416K), 0.0593727 secs]
11.320: [GC (Allocation Failure)  153138K->114613K(157760K), 0.0248982 secs]
11.345: [Full GC (Allocation Failure)  114613K->108184K(157760K), 0.1994836 secs]
12.587: [GC (Allocation Failure)  180440K->113813K(261524K), 0.0486153 secs]
13.545: [GC (Allocation Failure)  186069K->118794K(261524K), 0.0454755 secs]
13.848: [GC (Allocation Failure)  191050K->117001K(261524K), 0.0096175 secs]
13.965: [GC (Allocation Failure)  189257K->117222K(261524K), 0.0031477 secs]
14.061: [GC (Allocation Failure)  189478K->117375K(261524K), 0.0035356 secs]
