Java HotSpot(TM) 64-Bit Server VM (25.91-b14) for linux-amd64 JRE (1.8.0_91-b14), built on Apr  1 2016 00:57:21 by "java_re" with gcc 4.3.0 20080428 (Red Hat 4.3.0-8)
Memory: 4k page, physical 10239976k(3860288k free), swap 4192252k(4192252k free)
CommandLine flags: -XX:InitialHeapSize=163839616 -XX:MaxHeapSize=2621433856 -XX:+PrintGC -XX:+PrintGCTimeStamps -XX:+UseCompressedClassPointers -XX:+UseCompressedOops 
1.333: [GC (Allocation Failure)  43136K->8404K(156416K), 0.0195222 secs]
1.654: [GC (Allocation Failure)  51540K->18829K(156416K), 0.0301371 secs]
2.166: [GC (Allocation Failure)  61965K->29200K(156416K), 0.0262956 secs]
2.443: [GC (Allocation Failure)  72336K->37155K(156416K), 0.0264063 secs]
3.247: [GC (Allocation Failure)  80291K->45574K(156416K), 0.0259080 secs]
4.721: [GC (Allocation Failure)  88710K->52726K(156416K), 0.0426249 secs]
5.438: [GC (Allocation Failure)  95862K->60208K(156416K), 0.0295808 secs]
6.103: [GC (Allocation Failure)  103344K->67432K(156416K), 0.0427247 secs]
6.772: [GC (Allocation Failure)  110568K->72116K(156416K), 0.0565091 secs]
7.200: [GC (Allocation Failure)  115252K->78015K(156416K), 0.0245008 secs]
7.244: [GC (Allocation Failure)  121151K->79005K(156416K), 0.0155996 secs]
7.279: [GC (Allocation Failure)  122141K->79614K(156416K), 0.0024166 secs]
7.357: [GC (Allocation Failure)  122750K->81989K(156416K), 0.0062516 secs]
7.826: [GC (Allocation Failure)  125125K->90346K(156416K), 0.0432715 secs]
8.318: [GC (Allocation Failure)  133482K->97142K(156416K), 0.0363968 secs]
9.022: [GC (Allocation Failure)  140278K->101810K(156416K), 0.0665518 secs]
9.669: [GC (Allocation Failure)  144946K->108847K(156416K), 0.0405114 secs]
10.119: [GC (Allocation Failure)  151983K->115985K(159296K), 0.0592953 secs]
10.179: [Full GC (Allocation Failure)  115985K->50170K(159296K), 0.1330100 secs]
10.747: [GC (Allocation Failure)  93434K->58662K(156544K), 0.0199484 secs]
11.107: [GC (Allocation Failure)  101926K->63303K(156544K), 0.0185865 secs]
11.507: [GC (Allocation Failure)  106567K->70001K(156544K), 0.0392044 secs]
12.024: [GC (Allocation Failure)  113265K->77742K(156544K), 0.0385434 secs]
12.623: [GC (Allocation Failure)  121006K->82841K(156544K), 0.0293858 secs]
13.114: [GC (Allocation Failure)  126105K->88635K(156544K), 0.0224996 secs]
13.483: [GC (Allocation Failure)  131899K->95919K(156544K), 0.0265271 secs]
14.118: [GC (Allocation Failure)  139183K->99020K(156544K), 0.0286824 secs]
14.489: [GC (Allocation Failure)  142284K->107810K(156544K), 0.0295978 secs]
14.797: [GC (Allocation Failure)  151074K->112015K(156544K), 0.0301992 secs]
15.398: [GC (Allocation Failure)  155279K->119566K(162948K), 0.0287312 secs]
15.427: [Full GC (Allocation Failure)  119566K->67027K(162948K), 0.1787312 secs]
16.067: [GC (Allocation Failure)  111763K->73249K(162020K), 0.0285046 secs]
16.702: [GC (Allocation Failure)  117985K->75227K(162020K), 0.0231218 secs]
17.012: [GC (Allocation Failure)  119963K->80132K(162020K), 0.0290733 secs]
17.594: [GC (Allocation Failure)  124868K->88301K(162020K), 0.1556797 secs]
18.179: [GC (Allocation Failure)  133037K->94394K(162020K), 0.0299553 secs]
18.970: [GC (Allocation Failure)  139130K->99454K(162020K), 0.0342563 secs]
19.454: [GC (Allocation Failure)  144190K->100992K(162020K), 0.0174012 secs]
19.778: [GC (Allocation Failure)  145728K->106045K(162020K), 0.0155479 secs]
20.363: [GC (Allocation Failure)  150781K->111586K(162020K), 0.0254118 secs]
20.945: [GC (Allocation Failure)  156322K->114452K(162020K), 0.0334459 secs]
21.634: [GC (Allocation Failure)  159188K->116478K(164548K), 0.0129244 secs]
21.647: [Full GC (Allocation Failure)  116478K->105570K(164548K), 0.2524968 secs]
22.217: [GC (Allocation Failure)  176034K->109056K(255184K), 0.0182975 secs]
22.572: [GC (Allocation Failure)  179520K->108579K(255184K), 0.0182868 secs]
22.800: [GC (Allocation Failure)  179043K->108721K(255184K), 0.0085929 secs]
22.908: [GC (Allocation Failure)  179185K->108879K(255184K), 0.0053158 secs]
23.009: [GC (Allocation Failure)  179343K->108999K(255184K), 0.0053754 secs]
