Java HotSpot(TM) 64-Bit Server VM (25.74-b02) for linux-amd64 JRE (1.8.0_74-b02), built on Jan 29 2016 19:20:56 by "java_re" with gcc 4.3.0 20080428 (Red Hat 4.3.0-8)
Memory: 4k page, physical 65960280k(4415280k free), swap 32767996k(32756512k free)
CommandLine flags: -XX:InitialHeapSize=1055364480 -XX:MaxHeapSize=16885831680 -XX:+PrintGC -XX:+PrintGCTimeStamps -XX:+UseCompressedClassPointers -XX:+UseCompressedOops -XX:+UseParallelGC 
0.907: [GC (Allocation Failure)  258048K->14651K(989184K), 0.0311806 secs]
1.920: [GC (Allocation Failure)  272699K->10202K(1247232K), 0.0229409 secs]
12186.906: [GC (Allocation Failure)  526298K->8947K(1247232K), 0.0167772 secs]
12187.465: [GC (Allocation Failure)  525043K->8626K(1763328K), 0.0195318 secs]
12188.839: [GC (Allocation Failure)  1040818K->8746K(1763328K), 0.0151452 secs]
12189.887: [GC (Allocation Failure)  1040938K->8642K(2766848K), 0.0137762 secs]
12192.665: [GC (Allocation Failure)  2073026K->8934K(2767360K), 0.0328891 secs]
12194.779: [GC (Allocation Failure)  2073318K->8882K(4832768K), 0.0046079 secs]
12200.394: [GC (Allocation Failure)  4137138K->8762K(4622848K), 0.0039950 secs]
12204.266: [GC (Allocation Failure)  3942970K->8682K(4438528K), 0.0039150 secs]
12207.963: [GC (Allocation Failure)  3758570K->8650K(4280320K), 0.0038497 secs]
12211.517: [GC (Allocation Failure)  3583434K->8682K(4097024K), 0.0073426 secs]
12214.887: [GC (Allocation Failure)  3417066K->8650K(3955712K), 0.0040441 secs]
12218.095: [GC (Allocation Failure)  3258826K->8650K(3788288K), 0.0129146 secs]
12221.173: [GC (Allocation Failure)  3108298K->8650K(3661312K), 0.0035837 secs]
12224.208: [GC (Allocation Failure)  2965450K->9018K(3509760K), 0.0080748 secs]
12227.155: [GC (Allocation Failure)  2830138K->9226K(3395584K), 0.0047280 secs]
12229.962: [GC (Allocation Failure)  2701322K->9122K(3258368K), 0.0081640 secs]
12232.635: [GC (Allocation Failure)  2578850K->9138K(3154944K), 0.0071846 secs]
12235.212: [GC (Allocation Failure)  2462130K->9090K(3031040K), 0.0068139 secs]
12237.608: [GC (Allocation Failure)  2351490K->9090K(2937856K), 0.0040437 secs]
12239.922: [GC (Allocation Failure)  2246018K->9146K(2825728K), 0.0062749 secs]
12242.133: [GC (Allocation Failure)  2146234K->9122K(2741248K), 0.0030344 secs]
12244.249: [GC (Allocation Failure)  2050978K->9090K(2639872K), 0.0064123 secs]
12246.240: [GC (Allocation Failure)  1960322K->9058K(2563584K), 0.0035300 secs]
12248.138: [GC (Allocation Failure)  1874274K->9122K(2471936K), 0.0063864 secs]
12249.968: [GC (Allocation Failure)  1792418K->9138K(2402816K), 0.0038822 secs]
12251.692: [GC (Allocation Failure)  1714610K->9162K(2320384K), 0.0057043 secs]
12253.400: [GC (Allocation Failure)  1640906K->9098K(2257408K), 0.0041047 secs]
12255.075: [GC (Allocation Failure)  1570698K->9130K(2183680K), 0.0063629 secs]
12256.619: [GC (Allocation Failure)  1504170K->9162K(2126848K), 0.0034312 secs]
12258.089: [GC (Allocation Failure)  1440714K->9130K(2059776K), 0.0060584 secs]
12259.508: [GC (Allocation Failure)  1380266K->9098K(2008064K), 0.0036692 secs]
12260.861: [GC (Allocation Failure)  1322890K->9194K(1947648K), 0.0058950 secs]
12262.184: [GC (Allocation Failure)  1268202K->9098K(1900032K), 0.0036356 secs]
12263.443: [GC (Allocation Failure)  1215882K->9130K(1845760K), 0.0052151 secs]
12264.620: [GC (Allocation Failure)  1166250K->9130K(1802752K), 0.0037487 secs]
12265.814: [GC (Allocation Failure)  1119146K->9162K(1754112K), 0.0053777 secs]
12266.937: [GC (Allocation Failure)  1074634K->9194K(1715200K), 0.0039546 secs]
12267.994: [GC (Allocation Failure)  1032170K->9162K(1671168K), 0.0046918 secs]
12268.979: [GC (Allocation Failure)  991690K->9162K(1635840K), 0.0039109 secs]
12269.934: [GC (Allocation Failure)  953290K->9130K(1595904K), 0.0044783 secs]
12270.884: [GC (Allocation Failure)  916394K->9194K(1563648K), 0.0038909 secs]
12271.777: [GC (Allocation Failure)  881642K->9218K(1527808K), 0.0045873 secs]
12272.657: [GC (Allocation Failure)  848386K->9154K(1498112K), 0.0039956 secs]
12273.493: [GC (Allocation Failure)  816578K->9186K(1465856K), 0.0049324 secs]
12274.308: [GC (Allocation Failure)  786402K->9154K(1438720K), 0.0036528 secs]
12275.079: [GC (Allocation Failure)  757698K->9186K(1409536K), 0.0041078 secs]
12275.806: [GC (Allocation Failure)  730082K->9154K(1384960K), 0.0034603 secs]
12276.543: [GC (Allocation Failure)  703938K->9186K(1358336K), 0.0035519 secs]
12277.234: [GC (Allocation Failure)  678882K->9210K(1335296K), 0.0049202 secs]
12277.899: [GC (Allocation Failure)  654842K->9146K(1311232K), 0.0037876 secs]
12278.546: [GC (Allocation Failure)  631738K->9210K(1290752K), 0.0031952 secs]
12279.172: [GC (Allocation Failure)  610298K->9178K(1268736K), 0.0034419 secs]
12279.796: [GC (Allocation Failure)  589274K->9210K(1249792K), 0.0037809 secs]
12280.401: [GC (Allocation Failure)  569338K->9146K(1229824K), 0.0037927 secs]
12280.968: [GC (Allocation Failure)  550330K->9178K(1212416K), 0.0036326 secs]
12281.512: [GC (Allocation Failure)  532442K->9210K(1194496K), 0.0041101 secs]
12282.019: [GC (Allocation Failure)  515066K->9146K(1178624K), 0.0038483 secs]
12282.520: [GC (Allocation Failure)  498618K->9210K(1162240K), 0.0039077 secs]
12283.020: [GC (Allocation Failure)  482810K->9146K(1147904K), 0.0042805 secs]
12283.503: [GC (Allocation Failure)  467898K->9274K(1133056K), 0.0047584 secs]
12283.966: [GC (Allocation Failure)  453690K->9242K(1119744K), 0.0042465 secs]
12284.399: [GC (Allocation Failure)  439834K->9178K(1105920K), 0.0034754 secs]
12284.830: [GC (Allocation Failure)  426458K->9146K(1093120K), 0.0033272 secs]
12285.262: [GC (Allocation Failure)  413626K->9210K(1080832K), 0.0027790 secs]
12285.674: [GC (Allocation Failure)  401402K->9146K(1069056K), 0.0031109 secs]
12286.105: [GC (Allocation Failure)  389562K->9242K(1057792K), 0.0041290 secs]
12286.485: [GC (Allocation Failure)  378394K->9210K(1047040K), 0.0040631 secs]
12286.857: [GC (Allocation Failure)  367610K->9178K(1036800K), 0.0037232 secs]
12287.224: [GC (Allocation Failure)  357338K->9178K(1027072K), 0.0029816 secs]
12287.572: [GC (Allocation Failure)  347610K->9210K(1017856K), 0.0035895 secs]
12287.921: [GC (Allocation Failure)  338426K->9178K(1008640K), 0.0043350 secs]
12288.253: [GC (Allocation Failure)  329178K->9210K(1072640K), 0.0046929 secs]
12288.650: [GC (Allocation Failure)  393210K->9178K(1149440K), 0.0040222 secs]
12289.124: [GC (Allocation Failure)  469978K->9218K(1135104K), 0.0039221 secs]
12289.592: [GC (Allocation Failure)  455682K->9322K(1121280K), 0.0037465 secs]
12290.048: [GC (Allocation Failure)  441962K->9242K(1107968K), 0.0036821 secs]
12290.478: [GC (Allocation Failure)  428570K->9346K(1095168K), 0.0028841 secs]
12290.897: [GC (Allocation Failure)  415874K->9418K(1082880K), 0.0030312 secs]
12291.367: [GC (Allocation Failure)  403658K->9362K(1071104K), 0.0039702 secs]
12291.775: [GC (Allocation Failure)  391826K->9418K(1059840K), 0.0035701 secs]
12292.174: [GC (Allocation Failure)  380618K->9514K(1049088K), 0.0048739 secs]
12292.561: [GC (Allocation Failure)  369962K->9522K(1038848K), 0.0036945 secs]
12292.932: [GC (Allocation Failure)  359730K->9546K(1029120K), 0.0043593 secs]
12293.286: [GC (Allocation Failure)  350026K->9522K(1019904K), 0.0037332 secs]
12293.625: [GC (Allocation Failure)  340786K->9458K(1086464K), 0.0040240 secs]
12294.044: [GC (Allocation Failure)  407282K->9570K(1166336K), 0.0039458 secs]
12294.542: [GC (Allocation Failure)  487266K->9570K(1150976K), 0.0039124 secs]
12295.028: [GC (Allocation Failure)  471906K->9714K(1136640K), 0.0034422 secs]
12295.502: [GC (Allocation Failure)  457714K->9690K(1122816K), 0.0039224 secs]
12295.967: [GC (Allocation Failure)  443866K->9794K(1109504K), 0.0035564 secs]
12296.425: [GC (Allocation Failure)  430658K->9794K(1096704K), 0.0031484 secs]
12296.855: [GC (Allocation Failure)  417858K->9834K(1084416K), 0.0033759 secs]
12297.272: [GC (Allocation Failure)  405610K->9826K(1072640K), 0.0038619 secs]
12297.674: [GC (Allocation Failure)  393826K->9818K(1061376K), 0.0032380 secs]
12298.074: [GC (Allocation Failure)  382554K->9874K(1050624K), 0.0034504 secs]
12298.460: [GC (Allocation Failure)  371858K->9890K(1040384K), 0.0038591 secs]
12298.830: [GC (Allocation Failure)  361634K->9914K(1030656K), 0.0033859 secs]
12299.185: [GC (Allocation Failure)  351930K->9898K(1020928K), 0.0040879 secs]
12299.540: [GC (Allocation Failure)  342186K->9898K(1011712K), 0.0041344 secs]
12299.882: [GC (Allocation Failure)  332970K->9946K(1003008K), 0.0035060 secs]
12300.219: [GC (Allocation Failure)  324314K->10018K(1065984K), 0.0042649 secs]
12300.623: [GC (Allocation Failure)  387362K->9970K(1055232K), 0.0031264 secs]
12301.009: [GC (Allocation Failure)  376562K->9938K(1044480K), 0.0030143 secs]
12301.371: [GC (Allocation Failure)  365778K->9970K(1034240K), 0.0038990 secs]
12301.723: [GC (Allocation Failure)  355570K->10034K(1024512K), 0.0030952 secs]
12302.065: [GC (Allocation Failure)  345906K->9970K(1015296K), 0.0027991 secs]
12302.397: [GC (Allocation Failure)  336626K->9970K(1006592K), 0.0035132 secs]
12302.731: [GC (Allocation Failure)  327922K->9938K(997888K), 0.0034382 secs]
12303.052: [GC (Allocation Failure)  319186K->9938K(989696K), 0.0037488 secs]
12303.362: [GC (Allocation Failure)  310994K->9938K(1050112K), 0.0033026 secs]
12303.734: [GC (Allocation Failure)  371410K->10002K(1039872K), 0.0034073 secs]
12304.090: [GC (Allocation Failure)  361234K->9970K(1030144K), 0.0031234 secs]
12304.437: [GC (Allocation Failure)  351474K->9938K(1020928K), 0.0036438 secs]
12304.774: [GC (Allocation Failure)  342226K->10002K(1087488K), 0.0044456 secs]
12305.174: [GC (Allocation Failure)  408850K->9970K(1075712K), 0.0028575 secs]
12305.574: [GC (Allocation Failure)  397042K->9970K(1064448K), 0.0031841 secs]
12305.957: [GC (Allocation Failure)  385778K->9970K(1053696K), 0.0034281 secs]
12306.328: [GC (Allocation Failure)  375026K->9938K(1043456K), 0.0033420 secs]
12306.687: [GC (Allocation Failure)  364754K->9970K(1033216K), 0.0038990 secs]
12307.039: [GC (Allocation Failure)  354546K->9970K(1023488K), 0.0035300 secs]
12307.381: [GC (Allocation Failure)  344818K->9938K(1014272K), 0.0031012 secs]
12307.713: [GC (Allocation Failure)  335570K->9970K(1005568K), 0.0030197 secs]
12308.030: [GC (Allocation Failure)  326898K->10002K(996864K), 0.0034138 secs]
12308.344: [GC (Allocation Failure)  318226K->9970K(988672K), 0.0026077 secs]
12308.648: [GC (Allocation Failure)  310002K->9970K(980992K), 0.0033262 secs]
12308.945: [GC (Allocation Failure)  302322K->9970K(973312K), 0.0030874 secs]
12309.235: [GC (Allocation Failure)  294642K->9970K(1030656K), 0.0034142 secs]
12309.581: [GC (Allocation Failure)  351986K->9970K(1020928K), 0.0029622 secs]
12309.922: [GC (Allocation Failure)  342258K->9970K(1011712K), 0.0034685 secs]
12310.250: [GC (Allocation Failure)  333042K->9938K(1003008K), 0.0028310 secs]
12310.570: [GC (Allocation Failure)  324306K->9970K(994816K), 0.0036379 secs]
12310.883: [GC (Allocation Failure)  316146K->9938K(986624K), 0.0033915 secs]
12311.189: [GC (Allocation Failure)  307922K->9970K(978944K), 0.0026509 secs]
12311.486: [GC (Allocation Failure)  300274K->9970K(1037312K), 0.0038463 secs]
12311.863: [GC (Allocation Failure)  358642K->9938K(1107456K), 0.0040001 secs]
12312.281: [GC (Allocation Failure)  428754K->9970K(1094656K), 0.0031163 secs]
12312.688: [GC (Allocation Failure)  415986K->10002K(1082368K), 0.0035884 secs]
12313.084: [GC (Allocation Failure)  403730K->9938K(1070592K), 0.0032036 secs]
12313.469: [GC (Allocation Failure)  391890K->9938K(1059328K), 0.0034751 secs]
12313.842: [GC (Allocation Failure)  380626K->9938K(1048576K), 0.0028365 secs]
12314.206: [GC (Allocation Failure)  369874K->10002K(1038336K), 0.0036877 secs]
12314.560: [GC (Allocation Failure)  359698K->9970K(1028608K), 0.0032997 secs]
12314.906: [GC (Allocation Failure)  349938K->9970K(1019392K), 0.0038151 secs]
12315.245: [GC (Allocation Failure)  340722K->9938K(1010176K), 0.0031776 secs]
12315.574: [GC (Allocation Failure)  331474K->9970K(1001472K), 0.0032255 secs]
12315.898: [GC (Allocation Failure)  322802K->9970K(993280K), 0.0027405 secs]
12316.206: [GC (Allocation Failure)  314610K->9938K(985088K), 0.0028547 secs]
12316.509: [GC (Allocation Failure)  306386K->10002K(977408K), 0.0031000 secs]
12316.831: [GC (Allocation Failure)  298770K->9970K(1035264K), 0.0041113 secs]
12317.182: [GC (Allocation Failure)  356594K->9938K(1104896K), 0.0039324 secs]
12317.599: [GC (Allocation Failure)  426194K->9970K(1092096K), 0.0032313 secs]
12318.002: [GC (Allocation Failure)  413426K->10002K(1079808K), 0.0040619 secs]
12318.402: [GC (Allocation Failure)  401170K->9938K(1068032K), 0.0036789 secs]
12318.785: [GC (Allocation Failure)  389330K->10002K(1056768K), 0.0029473 secs]
12319.158: [GC (Allocation Failure)  378130K->9970K(1046016K), 0.0029420 secs]
12319.520: [GC (Allocation Failure)  367346K->9970K(1035776K), 0.0037003 secs]
12319.873: [GC (Allocation Failure)  357106K->9970K(1026048K), 0.0030101 secs]
12320.215: [GC (Allocation Failure)  347378K->9970K(1016832K), 0.0035127 secs]
12320.546: [GC (Allocation Failure)  338162K->9938K(1008128K), 0.0032131 secs]
12320.870: [GC (Allocation Failure)  329426K->9970K(999424K), 0.0031109 secs]
12321.185: [GC (Allocation Failure)  320754K->9970K(991232K), 0.0038668 secs]
12321.494: [GC (Allocation Failure)  312562K->9970K(1052160K), 0.0038544 secs]
12321.866: [GC (Allocation Failure)  373490K->9970K(1041920K), 0.0031762 secs]
12322.246: [GC (Allocation Failure)  363250K->9938K(1032192K), 0.0029763 secs]
12322.594: [GC (Allocation Failure)  353490K->9970K(1022464K), 0.0037297 secs]
12322.932: [GC (Allocation Failure)  343794K->9970K(1013248K), 0.0028190 secs]
12323.261: [GC (Allocation Failure)  334578K->9938K(1004544K), 0.0030212 secs]
12323.583: [GC (Allocation Failure)  325842K->9938K(1068032K), 0.0051827 secs]
12323.972: [GC (Allocation Failure)  389330K->9970K(1056768K), 0.0029715 secs]
12324.345: [GC (Allocation Failure)  378098K->10002K(1130496K), 0.0040492 secs]
12324.783: [GC (Allocation Failure)  451858K->9938K(1116672K), 0.0033702 secs]
12325.212: [GC (Allocation Failure)  437970K->9970K(1103360K), 0.0041101 secs]
12325.631: [GC (Allocation Failure)  424690K->9938K(1091072K), 0.0037677 secs]
12326.034: [GC (Allocation Failure)  412370K->9970K(1079296K), 0.0032017 secs]
12326.424: [GC (Allocation Failure)  400626K->10002K(1068032K), 0.0034208 secs]
12326.808: [GC (Allocation Failure)  389394K->9970K(1056768K), 0.0037793 secs]
12327.188: [GC (Allocation Failure)  378098K->9970K(1046016K), 0.0032571 secs]
12327.547: [GC (Allocation Failure)  367346K->10002K(1035776K), 0.0031119 secs]
12327.900: [GC (Allocation Failure)  357138K->9938K(1026048K), 0.0039212 secs]
12328.243: [GC (Allocation Failure)  347346K->9970K(1016832K), 0.0032443 secs]
12328.577: [GC (Allocation Failure)  338162K->10002K(1008128K), 0.0037506 secs]
12328.900: [GC (Allocation Failure)  329490K->10002K(999424K), 0.0032288 secs]
12329.218: [GC (Allocation Failure)  320786K->9938K(991232K), 0.0026490 secs]
12329.525: [GC (Allocation Failure)  312530K->9970K(983552K), 0.0035032 secs]
12329.825: [GC (Allocation Failure)  304882K->9938K(1042944K), 0.0038866 secs]
12330.182: [GC (Allocation Failure)  364242K->10002K(1032704K), 0.0030712 secs]
12330.529: [GC (Allocation Failure)  354066K->9938K(1022976K), 0.0029488 secs]
12330.865: [GC (Allocation Failure)  344274K->9970K(1013760K), 0.0030497 secs]
12331.196: [GC (Allocation Failure)  335090K->9938K(1005056K), 0.0032782 secs]
12331.518: [GC (Allocation Failure)  326354K->10002K(996352K), 0.0032296 secs]
12331.831: [GC (Allocation Failure)  317714K->9970K(988160K), 0.0032990 secs]
12332.137: [GC (Allocation Failure)  309490K->9970K(980480K), 0.0029646 secs]
12332.437: [GC (Allocation Failure)  301810K->9938K(972800K), 0.0033053 secs]
12332.728: [GC (Allocation Failure)  294098K->9970K(1029632K), 0.0035049 secs]
12333.075: [GC (Allocation Failure)  350962K->9938K(1020416K), 0.0028084 secs]
12333.410: [GC (Allocation Failure)  341714K->9938K(1086976K), 0.0041404 secs]
12333.813: [GC (Allocation Failure)  408274K->9938K(1075200K), 0.0028833 secs]
12334.200: [GC (Allocation Failure)  396498K->9938K(1063936K), 0.0028360 secs]
12334.582: [GC (Allocation Failure)  385234K->10002K(1053184K), 0.0024003 secs]
12334.961: [GC (Allocation Failure)  374546K->10002K(1042944K), 0.0032464 secs]
12335.345: [GC (Allocation Failure)  364306K->9938K(1032704K), 0.0028781 secs]
12335.713: [GC (Allocation Failure)  354002K->9938K(1022976K), 0.0040471 secs]
12336.079: [GC (Allocation Failure)  344274K->10034K(1013760K), 0.0032512 secs]
12336.419: [GC (Allocation Failure)  335154K->10034K(1005056K), 0.0032659 secs]
12336.762: [GC (Allocation Failure)  326450K->9970K(996352K), 0.0034896 secs]
12337.091: [GC (Allocation Failure)  317682K->10002K(988160K), 0.0031192 secs]
12337.403: [GC (Allocation Failure)  309522K->9938K(980480K), 0.0034930 secs]
12337.745: [GC (Allocation Failure)  301778K->9938K(972800K), 0.0036040 secs]
12338.091: [GC (Allocation Failure)  294098K->10002K(965632K), 0.0035665 secs]
12338.396: [GC (Allocation Failure)  286994K->10034K(1021440K), 0.0038202 secs]
12338.755: [GC (Allocation Failure)  342834K->9938K(1088000K), 0.0037614 secs]
12339.184: [GC (Allocation Failure)  409298K->9970K(1076224K), 0.0032418 secs]
12339.603: [GC (Allocation Failure)  397554K->9970K(1154048K), 0.0056328 secs]
12340.104: [GC (Allocation Failure)  475378K->10002K(1139200K), 0.0037592 secs]
12340.582: [GC (Allocation Failure)  460562K->10002K(1125376K), 0.0033257 secs]
12341.044: [GC (Allocation Failure)  446738K->9938K(1112064K), 0.0030732 secs]
12341.493: [GC (Allocation Failure)  433362K->9938K(1099264K), 0.0032859 secs]
12341.924: [GC (Allocation Failure)  420562K->10002K(1086976K), 0.0029930 secs]
12342.341: [GC (Allocation Failure)  408338K->9970K(1075200K), 0.0041325 secs]
12342.735: [GC (Allocation Failure)  396530K->10002K(1063936K), 0.0036517 secs]
12343.114: [GC (Allocation Failure)  385298K->10002K(1053184K), 0.0035316 secs]
12343.551: [GC (Allocation Failure)  374546K->9938K(1042944K), 0.0034132 secs]
12343.931: [GC (Allocation Failure)  364242K->9938K(1032704K), 0.0036884 secs]
12344.302: [GC (Allocation Failure)  354002K->9970K(1022976K), 0.0031957 secs]
12344.662: [GC (Allocation Failure)  344306K->10002K(1013760K), 0.0028851 secs]
12345.008: [GC (Allocation Failure)  335122K->9938K(1005056K), 0.0033406 secs]
12345.349: [GC (Allocation Failure)  326354K->10002K(996352K), 0.0031045 secs]
12345.683: [GC (Allocation Failure)  317714K->9970K(988160K), 0.0032897 secs]
12346.008: [GC (Allocation Failure)  309490K->9938K(980480K), 0.0035972 secs]
12346.327: [GC (Allocation Failure)  301778K->9938K(972800K), 0.0032167 secs]
12346.636: [GC (Allocation Failure)  294098K->9970K(965632K), 0.0032400 secs]
12346.940: [GC (Allocation Failure)  286962K->10002K(958464K), 0.0030430 secs]
12347.235: [GC (Allocation Failure)  279826K->10002K(1012736K), 0.0033639 secs]
12347.581: [GC (Allocation Failure)  334098K->9938K(1077760K), 0.0037667 secs]
12347.990: [GC (Allocation Failure)  399058K->9938K(1066496K), 0.0028421 secs]
12348.378: [GC (Allocation Failure)  387794K->9970K(1055744K), 0.0035968 secs]
12348.747: [GC (Allocation Failure)  377074K->9906K(1044992K), 0.0033120 secs]
12349.115: [GC (Allocation Failure)  366258K->9970K(1034752K), 0.0038195 secs]
12349.476: [GC (Allocation Failure)  356082K->10002K(1025024K), 0.0032811 secs]
12349.848: [GC (Allocation Failure)  346386K->9938K(1015808K), 0.0028501 secs]
12350.198: [GC (Allocation Failure)  337106K->9938K(1007104K), 0.0035139 secs]
12350.535: [GC (Allocation Failure)  328402K->10002K(998400K), 0.0029965 secs]
12350.860: [GC (Allocation Failure)  319762K->9970K(990208K), 0.0038915 secs]
12351.194: [GC (Allocation Failure)  311538K->10002K(982528K), 0.0034936 secs]
12351.515: [GC (Allocation Failure)  303890K->9938K(974848K), 0.0031795 secs]
12351.828: [GC (Allocation Failure)  296146K->10002K(1032192K), 0.0038732 secs]
12352.192: [GC (Allocation Failure)  353554K->10034K(1022464K), 0.0034183 secs]
12352.556: [GC (Allocation Failure)  343858K->9970K(1089536K), 0.0038575 secs]
12352.984: [GC (Allocation Failure)  410866K->9970K(1077760K), 0.0032019 secs]
12353.394: [GC (Allocation Failure)  399090K->9938K(1066496K), 0.0034194 secs]
12353.831: [GC (Allocation Failure)  387794K->9970K(1055744K), 0.0032010 secs]
12354.227: [GC (Allocation Failure)  377074K->9970K(1044992K), 0.0032449 secs]
12354.599: [GC (Allocation Failure)  366322K->9906K(1034752K), 0.0030366 secs]
12354.961: [GC (Allocation Failure)  356018K->9970K(1025024K), 0.0030693 secs]
12355.326: [GC (Allocation Failure)  346354K->9970K(1015808K), 0.0032075 secs]
12355.681: [GC (Allocation Failure)  337138K->9906K(1007104K), 0.0035557 secs]
12356.018: [GC (Allocation Failure)  328370K->9970K(998400K), 0.0033481 secs]
12356.343: [GC (Allocation Failure)  319730K->10002K(990208K), 0.0030959 secs]
12356.669: [GC (Allocation Failure)  311570K->9938K(982528K), 0.0031336 secs]
12356.980: [GC (Allocation Failure)  303826K->10066K(974848K), 0.0030089 secs]
12357.281: [GC (Allocation Failure)  296274K->9938K(967680K), 0.0028933 secs]
12357.575: [GC (Allocation Failure)  288978K->10002K(960512K), 0.0035383 secs]
12357.866: [GC (Allocation Failure)  281874K->9938K(1015296K), 0.0036878 secs]
12358.219: [GC (Allocation Failure)  336594K->10002K(1080832K), 0.0045291 secs]
12358.621: [GC (Allocation Failure)  402194K->10002K(1159680K), 0.0035913 secs]
12359.122: [GC (Allocation Failure)  481042K->10002K(1144832K), 0.0040610 secs]
12359.596: [GC (Allocation Failure)  466194K->10002K(1130496K), 0.0036372 secs]
12360.055: [GC (Allocation Failure)  451858K->10002K(1116672K), 0.0027138 secs]
12360.490: [GC (Allocation Failure)  438034K->9970K(1103360K), 0.0034777 secs]
12360.910: [GC (Allocation Failure)  424690K->10002K(1091072K), 0.0036441 secs]
12361.340: [GC (Allocation Failure)  412434K->9970K(1079296K), 0.0040257 secs]
12361.756: [GC (Allocation Failure)  400626K->9970K(1068032K), 0.0039010 secs]
12362.147: [GC (Allocation Failure)  389362K->9970K(1056768K), 0.0037163 secs]
12362.533: [GC (Allocation Failure)  378098K->10034K(1046016K), 0.0034595 secs]
12362.927: [GC (Allocation Failure)  367410K->10002K(1035776K), 0.0033184 secs]
12363.285: [GC (Allocation Failure)  357138K->9970K(1026048K), 0.0035490 secs]
12363.647: [GC (Allocation Failure)  347378K->9938K(1016832K), 0.0039372 secs]
12364.016: [GC (Allocation Failure)  338130K->9970K(1008128K), 0.0036719 secs]
12364.351: [GC (Allocation Failure)  329458K->9970K(1072128K), 0.0044360 secs]
12364.743: [GC (Allocation Failure)  393458K->9938K(1148928K), 0.0041075 secs]
12365.217: [GC (Allocation Failure)  470226K->10002K(1134592K), 0.0032100 secs]
12365.701: [GC (Allocation Failure)  455954K->9970K(1120768K), 0.0032166 secs]
12366.161: [GC (Allocation Failure)  442098K->10002K(1107456K), 0.0033839 secs]
12366.602: [GC (Allocation Failure)  428818K->9970K(1094656K), 0.0034143 secs]
12367.036: [GC (Allocation Failure)  415986K->10002K(1082368K), 0.0047871 secs]
12367.456: [GC (Allocation Failure)  403730K->10002K(1070592K), 0.0037969 secs]
12367.862: [GC (Allocation Failure)  391954K->10002K(1059328K), 0.0042985 secs]
12368.242: [GC (Allocation Failure)  380690K->10002K(1048576K), 0.0037738 secs]
12368.607: [GC (Allocation Failure)  369938K->9970K(1120768K), 0.0052585 secs]
12369.053: [GC (Allocation Failure)  442098K->9970K(1207296K), 0.0043699 secs]
12369.647: [GC (Allocation Failure)  528626K->9970K(1190400K), 0.0041900 secs]
12370.188: [GC (Allocation Failure)  511730K->10002K(1174016K), 0.0031416 secs]
12370.675: [GC (Allocation Failure)  495378K->10002K(1158656K), 0.0029469 secs]
12371.172: [GC (Allocation Failure)  480018K->9938K(1143808K), 0.0033785 secs]
12371.647: [GC (Allocation Failure)  465106K->9938K(1129472K), 0.0031895 secs]
12372.090: [GC (Allocation Failure)  450770K->9938K(1115648K), 0.0045720 secs]
12372.535: [GC (Allocation Failure)  436946K->9938K(1102848K), 0.0032970 secs]
12372.978: [GC (Allocation Failure)  424146K->10002K(1090560K), 0.0032911 secs]
12373.399: [GC (Allocation Failure)  411922K->10034K(1078784K), 0.0030367 secs]
12373.790: [GC (Allocation Failure)  400178K->9970K(1067520K), 0.0044516 secs]
12374.190: [GC (Allocation Failure)  388850K->9906K(1056256K), 0.0031200 secs]
12374.615: [GC (Allocation Failure)  377522K->9970K(1045504K), 0.0031442 secs]
12374.984: [GC (Allocation Failure)  366834K->9970K(1035264K), 0.0038019 secs]
12375.358: [GC (Allocation Failure)  356594K->10002K(1025536K), 0.0037277 secs]
12375.723: [GC (Allocation Failure)  346898K->9970K(1016320K), 0.0032297 secs]
12376.074: [GC (Allocation Failure)  337650K->10002K(1007616K), 0.0036385 secs]
12376.420: [GC (Allocation Failure)  328978K->9970K(998912K), 0.0032271 secs]
12376.757: [GC (Allocation Failure)  320242K->9938K(990720K), 0.0032173 secs]
12377.079: [GC (Allocation Failure)  312018K->10034K(1051136K), 0.0044921 secs]
12377.468: [GC (Allocation Failure)  372530K->9938K(1040896K), 0.0035887 secs]
12377.828: [GC (Allocation Failure)  362194K->10002K(1031168K), 0.0033589 secs]
12378.175: [GC (Allocation Failure)  352530K->9970K(1021440K), 0.0031587 secs]
12378.531: [GC (Allocation Failure)  342770K->10034K(1012224K), 0.0029643 secs]
12378.881: [GC (Allocation Failure)  333618K->10002K(1003520K), 0.0036937 secs]
12379.223: [GC (Allocation Failure)  324882K->10002K(995328K), 0.0035709 secs]
12379.552: [GC (Allocation Failure)  316690K->10002K(987136K), 0.0036864 secs]
12379.875: [GC (Allocation Failure)  308498K->9938K(979456K), 0.0032749 secs]
12380.192: [GC (Allocation Failure)  300754K->10002K(1037824K), 0.0033359 secs]
12380.567: [GC (Allocation Failure)  359186K->9938K(1028096K), 0.0032202 secs]
12380.931: [GC (Allocation Failure)  349394K->10002K(1096192K), 0.0042565 secs]
12381.368: [GC (Allocation Failure)  417554K->9938K(1083904K), 0.0035484 secs]
12381.774: [GC (Allocation Failure)  405202K->9970K(1072128K), 0.0033778 secs]
12382.160: [GC (Allocation Failure)  393458K->9970K(1060864K), 0.0032733 secs]
12382.540: [GC (Allocation Failure)  382194K->10034K(1050112K), 0.0033069 secs]
12382.917: [GC (Allocation Failure)  371506K->10002K(1039872K), 0.0028818 secs]
12383.284: [GC (Allocation Failure)  361234K->9938K(1030144K), 0.0026470 secs]
12383.633: [GC (Allocation Failure)  351442K->9970K(1020928K), 0.0049788 secs]
12383.976: [GC (Allocation Failure)  342258K->10034K(1011712K), 0.0026100 secs]
12384.309: [GC (Allocation Failure)  333106K->9970K(1003008K), 0.0024971 secs]
12384.644: [GC (Allocation Failure)  324338K->9970K(994816K), 0.0044606 secs]
12384.966: [GC (Allocation Failure)  316146K->9970K(986624K), 0.0033082 secs]
12385.278: [GC (Allocation Failure)  307954K->9938K(1046528K), 0.0039231 secs]
12385.663: [GC (Allocation Failure)  367826K->9938K(1118208K), 0.0045549 secs]
12386.117: [GC (Allocation Failure)  439506K->10002K(1204224K), 0.0052001 secs]
12386.635: [GC (Allocation Failure)  525586K->10002K(1187328K), 0.0035099 secs]
12387.159: [GC (Allocation Failure)  508690K->10034K(1170944K), 0.0025393 secs]
12387.668: [GC (Allocation Failure)  492338K->9938K(1155584K), 0.0035233 secs]
12388.149: [GC (Allocation Failure)  476882K->10066K(1140736K), 0.0031421 secs]
12388.609: [GC (Allocation Failure)  462162K->10002K(1126400K), 0.0033980 secs]
12389.052: [GC (Allocation Failure)  447762K->9970K(1113088K), 0.0031644 secs]
12389.484: [GC (Allocation Failure)  434418K->9938K(1100288K), 0.0026698 secs]
12389.944: [GC (Allocation Failure)  421586K->9970K(1088000K), 0.0030944 secs]
12390.371: [GC (Allocation Failure)  409330K->10034K(1076224K), 0.0031806 secs]
12390.770: [GC (Allocation Failure)  397618K->9970K(1064960K), 0.0032554 secs]
12391.172: [GC (Allocation Failure)  386290K->9938K(1054208K), 0.0027548 secs]
12391.548: [GC (Allocation Failure)  375506K->9970K(1043968K), 0.0033309 secs]
12391.915: [GC (Allocation Failure)  365298K->9938K(1033728K), 0.0033488 secs]
12392.287: [GC (Allocation Failure)  355026K->10034K(1024000K), 0.0034697 secs]
12392.646: [GC (Allocation Failure)  345394K->10002K(1014784K), 0.0033314 secs]
12392.986: [GC (Allocation Failure)  336146K->9970K(1006080K), 0.0040913 secs]
12393.332: [GC (Allocation Failure)  327410K->9938K(997376K), 0.0033158 secs]
12393.665: [GC (Allocation Failure)  318674K->9906K(989184K), 0.0039665 secs]
12393.992: [GC (Allocation Failure)  310450K->10002K(1049600K), 0.0037013 secs]
12394.374: [GC (Allocation Failure)  370962K->10002K(1039360K), 0.0033819 secs]
12394.744: [GC (Allocation Failure)  360722K->10002K(1029632K), 0.0031385 secs]
12395.134: [GC (Allocation Failure)  350994K->10002K(1020416K), 0.0034153 secs]
12395.479: [GC (Allocation Failure)  341778K->10002K(1011200K), 0.0038578 secs]
12395.807: [GC (Allocation Failure)  332562K->10034K(1002496K), 0.0031427 secs]
12396.133: [GC (Allocation Failure)  323890K->10002K(994304K), 0.0029673 secs]
12396.457: [GC (Allocation Failure)  315666K->9970K(986112K), 0.0031586 secs]
12396.778: [GC (Allocation Failure)  307442K->10002K(978432K), 0.0028674 secs]
12397.086: [GC (Allocation Failure)  299794K->10034K(971264K), 0.0032200 secs]
12397.388: [GC (Allocation Failure)  292658K->9970K(1028096K), 0.0038071 secs]
12397.749: [GC (Allocation Failure)  349426K->10034K(1018880K), 0.0034169 secs]
12398.084: [GC (Allocation Failure)  340274K->9970K(1084928K), 0.0035235 secs]
12398.486: [GC (Allocation Failure)  406258K->9970K(1073152K), 0.0030916 secs]
12398.894: [GC (Allocation Failure)  394482K->9970K(1061888K), 0.0035862 secs]
12399.289: [GC (Allocation Failure)  383218K->10002K(1051136K), 0.0030381 secs]
12399.671: [GC (Allocation Failure)  372498K->10034K(1040896K), 0.0032559 secs]
12400.037: [GC (Allocation Failure)  362290K->10002K(1031168K), 0.0033582 secs]
12400.414: [GC (Allocation Failure)  352530K->9970K(1021440K), 0.0033930 secs]
12400.754: [GC (Allocation Failure)  342770K->10034K(1012224K), 0.0032147 secs]
12401.089: [GC (Allocation Failure)  333618K->10034K(1003520K), 0.0028282 secs]
12401.416: [GC (Allocation Failure)  324914K->9970K(995328K), 0.0032160 secs]
12401.741: [GC (Allocation Failure)  316658K->10002K(987136K), 0.0032715 secs]
12402.050: [GC (Allocation Failure)  308498K->10002K(979456K), 0.0036059 secs]
12402.352: [GC (Allocation Failure)  300818K->9938K(971776K), 0.0031160 secs]
12402.646: [GC (Allocation Failure)  293074K->9970K(1028608K), 0.0032195 secs]
12402.996: [GC (Allocation Failure)  349938K->9970K(1019392K), 0.0035321 secs]
12403.335: [GC (Allocation Failure)  340722K->9970K(1085952K), 0.0049758 secs]
12403.746: [GC (Allocation Failure)  407282K->10034K(1165824K), 0.0031926 secs]
12404.224: [GC (Allocation Failure)  487218K->10002K(1150464K), 0.0038196 secs]
12404.700: [GC (Allocation Failure)  471826K->9970K(1136128K), 0.0038786 secs]
12405.155: [GC (Allocation Failure)  457458K->9938K(1122304K), 0.0029645 secs]
12405.636: [GC (Allocation Failure)  443602K->9970K(1108992K), 0.0035444 secs]
12406.078: [GC (Allocation Failure)  430322K->9938K(1096192K), 0.0032425 secs]
12406.503: [GC (Allocation Failure)  417490K->9938K(1083904K), 0.0028354 secs]
12406.906: [GC (Allocation Failure)  405202K->10002K(1072128K), 0.0033760 secs]
12407.300: [GC (Allocation Failure)  393490K->9938K(1060864K), 0.0029303 secs]
12407.690: [GC (Allocation Failure)  382162K->10034K(1050112K), 0.0026542 secs]
12408.071: [GC (Allocation Failure)  371506K->10002K(1039872K), 0.0030764 secs]
12408.437: [GC (Allocation Failure)  361234K->10002K(1030144K), 0.0034353 secs]
12408.800: [GC (Allocation Failure)  351506K->10002K(1020928K), 0.0030448 secs]
12409.152: [GC (Allocation Failure)  342290K->9938K(1011712K), 0.0033074 secs]
12409.503: [GC (Allocation Failure)  333010K->10002K(1003008K), 0.0036913 secs]
12409.837: [GC (Allocation Failure)  324370K->9970K(994816K), 0.0032817 secs]
12410.157: [GC (Allocation Failure)  316146K->10034K(986624K), 0.0032817 secs]
12410.484: [GC (Allocation Failure)  308018K->9938K(978944K), 0.0033023 secs]
12410.798: [GC (Allocation Failure)  300242K->10034K(971264K), 0.0031915 secs]
12411.105: [GC (Allocation Failure)  292658K->9970K(964096K), 0.0035508 secs]
12411.402: [GC (Allocation Failure)  285426K->9970K(957440K), 0.0030225 secs]
12411.697: [GC (Allocation Failure)  278770K->9938K(950784K), 0.0030829 secs]
12411.980: [GC (Allocation Failure)  272082K->9938K(944640K), 0.0026874 secs]
12412.260: [GC (Allocation Failure)  265938K->10002K(995840K), 0.0035617 secs]
12412.592: [GC (Allocation Failure)  317202K->9970K(1057280K), 0.0031554 secs]
12412.974: [GC (Allocation Failure)  378610K->10034K(1046528K), 0.0035277 secs]
12413.369: [GC (Allocation Failure)  367922K->10002K(1036288K), 0.0032864 secs]
12413.732: [GC (Allocation Failure)  357650K->9938K(1026560K), 0.0032612 secs]
12414.098: [GC (Allocation Failure)  347858K->9970K(1017344K), 0.0037929 secs]
12414.443: [GC (Allocation Failure)  338674K->9938K(1008640K), 0.0032247 secs]
12414.783: [GC (Allocation Failure)  329938K->9970K(1072640K), 0.0050560 secs]
12415.173: [GC (Allocation Failure)  393970K->10002K(1149440K), 0.0039449 secs]
12415.632: [GC (Allocation Failure)  470802K->9970K(1135104K), 0.0039055 secs]
12416.103: [GC (Allocation Failure)  456434K->9970K(1121280K), 0.0033236 secs]
12416.540: [GC (Allocation Failure)  442610K->9938K(1107968K), 0.0035115 secs]
12416.967: [GC (Allocation Failure)  429266K->9938K(1095168K), 0.0032790 secs]
12417.378: [GC (Allocation Failure)  416466K->10002K(1082880K), 0.0032212 secs]
12417.776: [GC (Allocation Failure)  404242K->9970K(1071104K), 0.0043114 secs]
12418.163: [GC (Allocation Failure)  392434K->9970K(1059840K), 0.0029662 secs]
12418.537: [GC (Allocation Failure)  381170K->9970K(1049088K), 0.0033252 secs]
12418.898: [GC (Allocation Failure)  370418K->9970K(1038848K), 0.0035352 secs]
12419.253: [GC (Allocation Failure)  360178K->9938K(1029120K), 0.0026279 secs]
12419.596: [GC (Allocation Failure)  350418K->9938K(1019904K), 0.0046218 secs]
12419.946: [GC (Allocation Failure)  341202K->9938K(1010688K), 0.0038681 secs]
12420.276: [GC (Allocation Failure)  331986K->9970K(1001984K), 0.0030575 secs]
12420.596: [GC (Allocation Failure)  323314K->9970K(993792K), 0.0032339 secs]
12420.909: [GC (Allocation Failure)  315122K->10002K(985600K), 0.0026489 secs]
12421.309: [GC (Allocation Failure)  306962K->10002K(977920K), 0.0029952 secs]
12421.605: [GC (Allocation Failure)  299282K->9938K(970752K), 0.0035722 secs]
12421.893: [GC (Allocation Failure)  292050K->9938K(1027584K), 0.0033853 secs]
12422.240: [GC (Allocation Failure)  348882K->9970K(1095680K), 0.0045327 secs]
12422.658: [GC (Allocation Failure)  417010K->10002K(1083392K), 0.0031643 secs]
12423.058: [GC (Allocation Failure)  404754K->10002K(1071616K), 0.0034175 secs]
12423.435: [GC (Allocation Failure)  392978K->9970K(1060352K), 0.0031796 secs]
12423.801: [GC (Allocation Failure)  381682K->9938K(1049600K), 0.0034338 secs]
12424.159: [GC (Allocation Failure)  370898K->9938K(1039360K), 0.0037487 secs]
12424.505: [GC (Allocation Failure)  360658K->9970K(1029632K), 0.0037884 secs]
12424.842: [GC (Allocation Failure)  350962K->9970K(1020416K), 0.0031869 secs]
12425.166: [GC (Allocation Failure)  341746K->9970K(1011200K), 0.0034043 secs]
12425.483: [GC (Allocation Failure)  332530K->9938K(1075712K), 0.0040359 secs]
12425.863: [GC (Allocation Failure)  397010K->9970K(1153536K), 0.0041458 secs]
12426.325: [GC (Allocation Failure)  474866K->9938K(1138688K), 0.0039340 secs]
12426.770: [GC (Allocation Failure)  459986K->9970K(1124864K), 0.0032115 secs]
12427.204: [GC (Allocation Failure)  446194K->9938K(1111552K), 0.0034884 secs]
12427.621: [GC (Allocation Failure)  432850K->9938K(1098752K), 0.0039139 secs]
12428.035: [GC (Allocation Failure)  420050K->9938K(1086464K), 0.0037512 secs]
12428.430: [GC (Allocation Failure)  407762K->9938K(1074688K), 0.0039056 secs]
12428.812: [GC (Allocation Failure)  395986K->10002K(1063424K), 0.0034065 secs]
12429.181: [GC (Allocation Failure)  384786K->9938K(1052672K), 0.0033886 secs]
12429.541: [GC (Allocation Failure)  373970K->9938K(1042432K), 0.0042856 secs]
12429.886: [GC (Allocation Failure)  363730K->9938K(1032704K), 0.0036167 secs]
12430.229: [GC (Allocation Failure)  354002K->9970K(1101824K), 0.0039800 secs]
12430.636: [GC (Allocation Failure)  423154K->9970K(1089536K), 0.0038201 secs]
12431.028: [GC (Allocation Failure)  410866K->9938K(1077760K), 0.0034331 secs]
12431.409: [GC (Allocation Failure)  399058K->9938K(1066496K), 0.0040426 secs]
12431.807: [GC (Allocation Failure)  387794K->9970K(1055744K), 0.0043561 secs]
12432.175: [GC (Allocation Failure)  377074K->10002K(1044992K), 0.0037765 secs]
12432.526: [GC (Allocation Failure)  366354K->9970K(1034752K), 0.0029052 secs]
12432.865: [GC (Allocation Failure)  356082K->9938K(1025024K), 0.0030364 secs]
12433.195: [GC (Allocation Failure)  346322K->10002K(1015808K), 0.0032150 secs]
12433.517: [GC (Allocation Failure)  337170K->9938K(1007104K), 0.0029890 secs]
12433.828: [GC (Allocation Failure)  328402K->9970K(998400K), 0.0031483 secs]
12434.128: [GC (Allocation Failure)  319730K->10002K(990208K), 0.0035363 secs]
12434.422: [GC (Allocation Failure)  311570K->9938K(1050624K), 0.0049106 secs]
12434.784: [GC (Allocation Failure)  371922K->9970K(1123328K), 0.0031616 secs]
12435.211: [GC (Allocation Failure)  444658K->10002K(1210368K), 0.0040110 secs]
12435.728: [GC (Allocation Failure)  531730K->9938K(1192960K), 0.0034422 secs]
12436.228: [GC (Allocation Failure)  514258K->9970K(1176576K), 0.0035719 secs]
12436.712: [GC (Allocation Failure)  497906K->9970K(1160704K), 0.0031327 secs]
12437.180: [GC (Allocation Failure)  482034K->9938K(1145856K), 0.0034132 secs]
12437.633: [GC (Allocation Failure)  467154K->9970K(1131520K), 0.0033449 secs]
12438.068: [GC (Allocation Failure)  452850K->9938K(1117696K), 0.0035516 secs]
12438.490: [GC (Allocation Failure)  438994K->9970K(1104384K), 0.0030326 secs]
12438.897: [GC (Allocation Failure)  425714K->9970K(1091584K), 0.0032310 secs]
12439.292: [GC (Allocation Failure)  412914K->10002K(1079808K), 0.0035347 secs]
12439.677: [GC (Allocation Failure)  401170K->9970K(1068032K), 0.0031910 secs]
12440.049: [GC (Allocation Failure)  389362K->10002K(1056768K), 0.0029539 secs]
12440.410: [GC (Allocation Failure)  378130K->9938K(1046016K), 0.0026734 secs]
12440.760: [GC (Allocation Failure)  367314K->9938K(1035776K), 0.0030227 secs]
12441.101: [GC (Allocation Failure)  357074K->9970K(1026048K), 0.0041966 secs]
12441.437: [GC (Allocation Failure)  347378K->9970K(1016832K), 0.0036445 secs]
12441.759: [GC (Allocation Failure)  338162K->9938K(1008128K), 0.0037046 secs]
12442.143: [GC (Allocation Failure)  329426K->9938K(999424K), 0.0030251 secs]
12442.446: [GC (Allocation Failure)  320722K->9970K(991232K), 0.0034259 secs]
12442.741: [GC (Allocation Failure)  312562K->9970K(983552K), 0.0031898 secs]
12443.028: [GC (Allocation Failure)  304882K->9970K(1042944K), 0.0033094 secs]
12443.374: [GC (Allocation Failure)  364274K->9906K(1032704K), 0.0031251 secs]
12443.711: [GC (Allocation Failure)  353970K->9970K(1022976K), 0.0031200 secs]
12444.038: [GC (Allocation Failure)  344306K->9970K(1013760K), 0.0031744 secs]
12444.357: [GC (Allocation Failure)  335090K->9970K(1005056K), 0.0034365 secs]
12444.666: [GC (Allocation Failure)  326386K->9970K(996352K), 0.0031805 secs]
12444.969: [GC (Allocation Failure)  317682K->9938K(1058304K), 0.0033806 secs]
12445.333: [GC (Allocation Failure)  379602K->9938K(1132544K), 0.0038262 secs]
12445.773: [GC (Allocation Failure)  453842K->9938K(1118720K), 0.0036844 secs]
12446.199: [GC (Allocation Failure)  440018K->9938K(1105408K), 0.0038347 secs]
12446.608: [GC (Allocation Failure)  426706K->9970K(1092608K), 0.0037110 secs]
12447.006: [GC (Allocation Failure)  413938K->9906K(1080320K), 0.0037140 secs]
12447.421: [GC (Allocation Failure)  401586K->9938K(1068544K), 0.0036450 secs]
12447.800: [GC (Allocation Failure)  389842K->10002K(1057280K), 0.0033251 secs]
12448.175: [GC (Allocation Failure)  378642K->10034K(1046528K), 0.0032266 secs]
12448.553: [GC (Allocation Failure)  367922K->10034K(1036288K), 0.0035560 secs]
12448.914: [GC (Allocation Failure)  357682K->9970K(1026560K), 0.0031013 secs]
12449.267: [GC (Allocation Failure)  347890K->9970K(1017344K), 0.0028380 secs]
12449.598: [GC (Allocation Failure)  338674K->9970K(1008640K), 0.0035763 secs]
12449.931: [GC (Allocation Failure)  329970K->9970K(999936K), 0.0034122 secs]
12450.247: [GC (Allocation Failure)  321266K->9938K(1062400K), 0.0039600 secs]
12450.623: [GC (Allocation Failure)  383698K->10034K(1051648K), 0.0025791 secs]
12451.002: [GC (Allocation Failure)  373042K->9938K(1041408K), 0.0039348 secs]
12451.370: [GC (Allocation Failure)  362706K->10034K(1031680K), 0.0033296 secs]
12451.728: [GC (Allocation Failure)  353074K->10002K(1021952K), 0.0035505 secs]
12452.076: [GC (Allocation Failure)  343314K->10002K(1089024K), 0.0048367 secs]
12452.505: [GC (Allocation Failure)  410386K->9970K(1077248K), 0.0034498 secs]
12452.912: [GC (Allocation Failure)  398578K->10066K(1065984K), 0.0039135 secs]
12453.308: [GC (Allocation Failure)  387410K->9970K(1055232K), 0.0026774 secs]
12453.690: [GC (Allocation Failure)  376562K->9970K(1044480K), 0.0035082 secs]
12454.062: [GC (Allocation Failure)  365810K->10002K(1034240K), 0.0033901 secs]
12454.423: [GC (Allocation Failure)  355602K->9938K(1024512K), 0.0031677 secs]
12454.768: [GC (Allocation Failure)  345810K->9938K(1015296K), 0.0036795 secs]
12455.101: [GC (Allocation Failure)  336594K->9938K(1006592K), 0.0030832 secs]
12455.420: [GC (Allocation Failure)  327890K->10034K(997888K), 0.0032669 secs]
12455.722: [GC (Allocation Failure)  319282K->9970K(1059840K), 0.0039829 secs]
12456.092: [GC (Allocation Failure)  381170K->10002K(1049088K), 0.0032387 secs]
12456.468: [GC (Allocation Failure)  370450K->9970K(1038848K), 0.0026320 secs]
12456.830: [GC (Allocation Failure)  360178K->10002K(1029120K), 0.0026842 secs]
12457.184: [GC (Allocation Failure)  350482K->9938K(1019904K), 0.0028709 secs]
12457.582: [GC (Allocation Failure)  341202K->9970K(1010688K), 0.0037270 secs]
12457.913: [GC (Allocation Failure)  332018K->10066K(1001984K), 0.0029549 secs]
12458.237: [GC (Allocation Failure)  323410K->9938K(993792K), 0.0032123 secs]
12458.555: [GC (Allocation Failure)  315090K->9970K(985600K), 0.0042569 secs]
12458.869: [GC (Allocation Failure)  306930K->10002K(977920K), 0.0032076 secs]
12459.168: [GC (Allocation Failure)  299282K->9970K(1035776K), 0.0033270 secs]
12459.530: [GC (Allocation Failure)  357106K->10002K(1026048K), 0.0030336 secs]
12459.882: [GC (Allocation Failure)  347410K->9938K(1016832K), 0.0030918 secs]
12460.222: [GC (Allocation Failure)  338130K->9970K(1008128K), 0.0033834 secs]
12460.551: [GC (Allocation Failure)  329458K->9970K(999424K), 0.0034571 secs]
12460.868: [GC (Allocation Failure)  320754K->9970K(1061888K), 0.0049508 secs]
12461.236: [GC (Allocation Failure)  383218K->10002K(1136640K), 0.0046285 secs]
12461.682: [GC (Allocation Failure)  458002K->10002K(1226240K), 0.0033913 secs]
12462.226: [GC (Allocation Failure)  547602K->9938K(1208320K), 0.0027722 secs]
12462.822: [GC (Allocation Failure)  529618K->9938K(1191424K), 0.0035914 secs]
12463.336: [GC (Allocation Failure)  512722K->9970K(1175040K), 0.0031615 secs]
12463.843: [GC (Allocation Failure)  496370K->9938K(1159168K), 0.0033907 secs]
12464.339: [GC (Allocation Failure)  480466K->9938K(1144320K), 0.0049426 secs]
12464.823: [GC (Allocation Failure)  465618K->10002K(1129984K), 0.0033987 secs]
12465.274: [GC (Allocation Failure)  451346K->9970K(1116160K), 0.0044567 secs]
12465.717: [GC (Allocation Failure)  437490K->10002K(1102848K), 0.0035309 secs]
12466.146: [GC (Allocation Failure)  424210K->9970K(1090560K), 0.0032705 secs]
12466.567: [GC (Allocation Failure)  411890K->10002K(1078784K), 0.0036893 secs]
12466.979: [GC (Allocation Failure)  400146K->9906K(1067520K), 0.0035885 secs]
12467.360: [GC (Allocation Failure)  388786K->10034K(1056256K), 0.0032863 secs]
12467.778: [GC (Allocation Failure)  377650K->9938K(1045504K), 0.0037375 secs]
12468.150: [GC (Allocation Failure)  366802K->9970K(1035264K), 0.0028511 secs]
12468.508: [GC (Allocation Failure)  356594K->10002K(1025536K), 0.0038217 secs]
12468.844: [GC (Allocation Failure)  346898K->9970K(1016320K), 0.0036999 secs]
12469.184: [GC (Allocation Failure)  337650K->9938K(1007616K), 0.0029120 secs]
12469.505: [GC (Allocation Failure)  328914K->10002K(998912K), 0.0032260 secs]
12469.814: [GC (Allocation Failure)  320274K->10034K(990720K), 0.0026487 secs]
12470.114: [GC (Allocation Failure)  312114K->10034K(983040K), 0.0029241 secs]
12470.414: [GC (Allocation Failure)  304434K->10002K(975360K), 0.0032876 secs]
12470.708: [GC (Allocation Failure)  296722K->9938K(1032704K), 0.0037354 secs]
12471.051: [GC (Allocation Failure)  354002K->9970K(1022976K), 0.0028643 secs]
12471.382: [GC (Allocation Failure)  344306K->10002K(1013760K), 0.0033149 secs]
12471.701: [GC (Allocation Failure)  335122K->9970K(1005056K), 0.0033403 secs]
12472.029: [GC (Allocation Failure)  326386K->10002K(996352K), 0.0032768 secs]
12472.343: [GC (Allocation Failure)  317714K->9970K(988160K), 0.0028335 secs]
12472.633: [GC (Allocation Failure)  309490K->10002K(1048064K), 0.0034379 secs]
12472.993: [GC (Allocation Failure)  369426K->10002K(1037824K), 0.0033660 secs]
12473.342: [GC (Allocation Failure)  359186K->9970K(1028096K), 0.0030924 secs]
12473.693: [GC (Allocation Failure)  349426K->9970K(1018880K), 0.0034108 secs]
12474.034: [GC (Allocation Failure)  340210K->9938K(1084928K), 0.0045567 secs]
12474.438: [GC (Allocation Failure)  406226K->9938K(1164288K), 0.0043818 secs]
12474.927: [GC (Allocation Failure)  485586K->9970K(1148928K), 0.0034858 secs]
12475.400: [GC (Allocation Failure)  470258K->9970K(1134592K), 0.0036754 secs]
12475.854: [GC (Allocation Failure)  455922K->10002K(1120768K), 0.0032381 secs]
12476.296: [GC (Allocation Failure)  442130K->9970K(1107456K), 0.0033633 secs]
12476.722: [GC (Allocation Failure)  428786K->10002K(1094656K), 0.0032400 secs]
12477.123: [GC (Allocation Failure)  416018K->9970K(1082368K), 0.0030322 secs]
12477.526: [GC (Allocation Failure)  403698K->10002K(1070592K), 0.0034172 secs]
12477.924: [GC (Allocation Failure)  391954K->9938K(1059328K), 0.0033751 secs]
12478.338: [GC (Allocation Failure)  380626K->9970K(1048576K), 0.0029829 secs]
12478.708: [GC (Allocation Failure)  369906K->10002K(1038336K), 0.0032955 secs]
12479.071: [GC (Allocation Failure)  359698K->10002K(1028608K), 0.0030994 secs]
12479.423: [GC (Allocation Failure)  349970K->10034K(1019392K), 0.0035987 secs]
12479.762: [GC (Allocation Failure)  340786K->10002K(1010176K), 0.0031739 secs]
12480.089: [GC (Allocation Failure)  331538K->9970K(1001472K), 0.0034993 secs]
12480.393: [GC (Allocation Failure)  322802K->9970K(993280K), 0.0034427 secs]
12480.689: [GC (Allocation Failure)  314610K->9970K(1054208K), 0.0036797 secs]
12481.053: [GC (Allocation Failure)  375538K->9970K(1043968K), 0.0030521 secs]
12481.420: [GC (Allocation Failure)  365298K->9970K(1033728K), 0.0033081 secs]
12481.778: [GC (Allocation Failure)  355058K->9938K(1024000K), 0.0029027 secs]
12482.127: [GC (Allocation Failure)  345298K->10002K(1014784K), 0.0030097 secs]
12482.447: [GC (Allocation Failure)  336146K->10002K(1006080K), 0.0029173 secs]
12482.764: [GC (Allocation Failure)  327442K->9970K(997376K), 0.0030614 secs]
12483.084: [GC (Allocation Failure)  318706K->9938K(989184K), 0.0029688 secs]
12483.416: [GC (Allocation Failure)  310482K->10002K(981504K), 0.0029361 secs]
12483.710: [GC (Allocation Failure)  302866K->9938K(973824K), 0.0029465 secs]
12483.986: [GC (Allocation Failure)  295122K->10002K(1031168K), 0.0036347 secs]
12484.328: [GC (Allocation Failure)  352530K->9938K(1021440K), 0.0032987 secs]
12484.672: [GC (Allocation Failure)  342738K->9970K(1088000K), 0.0039551 secs]
12485.087: [GC (Allocation Failure)  409330K->9970K(1076224K), 0.0033028 secs]
12485.478: [GC (Allocation Failure)  397554K->9970K(1064960K), 0.0037538 secs]
12485.852: [GC (Allocation Failure)  386290K->9938K(1054208K), 0.0032430 secs]
12486.227: [GC (Allocation Failure)  375506K->9938K(1043968K), 0.0030938 secs]
12486.593: [GC (Allocation Failure)  365266K->9970K(1033728K), 0.0029354 secs]
12486.939: [GC (Allocation Failure)  355058K->9970K(1024000K), 0.0032866 secs]
12487.293: [GC (Allocation Failure)  345330K->9938K(1014784K), 0.0042252 secs]
12487.634: [GC (Allocation Failure)  336082K->10034K(1006080K), 0.0034951 secs]
12487.964: [GC (Allocation Failure)  327474K->10002K(997376K), 0.0037462 secs]
12488.283: [GC (Allocation Failure)  318738K->9970K(1059328K), 0.0042955 secs]
12488.691: [GC (Allocation Failure)  380658K->10002K(1048576K), 0.0029302 secs]
12489.058: [GC (Allocation Failure)  369938K->9970K(1038336K), 0.0028064 secs]
12489.416: [GC (Allocation Failure)  359666K->9970K(1028608K), 0.0032453 secs]
12489.747: [GC (Allocation Failure)  349938K->9970K(1019392K), 0.0033283 secs]
12490.073: [GC (Allocation Failure)  340722K->9970K(1010176K), 0.0035372 secs]
12490.406: [GC (Allocation Failure)  331506K->9970K(1001472K), 0.0036766 secs]
12490.730: [GC (Allocation Failure)  322802K->10034K(993280K), 0.0029309 secs]
12491.044: [GC (Allocation Failure)  314674K->10034K(985088K), 0.0032189 secs]
12491.347: [GC (Allocation Failure)  306482K->10002K(1044480K), 0.0038369 secs]
12491.717: [GC (Allocation Failure)  365842K->9938K(1115648K), 0.0034590 secs]
12492.165: [GC (Allocation Failure)  436946K->10066K(1102848K), 0.0028996 secs]
12492.597: [GC (Allocation Failure)  424274K->10002K(1090560K), 0.0033591 secs]
12493.008: [GC (Allocation Failure)  411922K->10066K(1078784K), 0.0029637 secs]
12493.401: [GC (Allocation Failure)  400210K->10002K(1067520K), 0.0306422 secs]
12493.802: [GC (Allocation Failure)  388882K->10002K(1056256K), 0.0034031 secs]
12494.166: [GC (Allocation Failure)  377618K->9970K(1045504K), 0.0035262 secs]
12494.522: [GC (Allocation Failure)  366834K->9938K(1035264K), 0.0034319 secs]
12494.875: [GC (Allocation Failure)  356562K->9938K(1025536K), 0.0034545 secs]
12495.209: [GC (Allocation Failure)  346834K->9970K(1016320K), 0.0030679 secs]
12495.535: [GC (Allocation Failure)  337650K->10002K(1007616K), 0.0032115 secs]
12495.849: [GC (Allocation Failure)  328978K->9970K(998912K), 0.0030836 secs]
12496.163: [GC (Allocation Failure)  320242K->10034K(990720K), 0.0031211 secs]
12496.458: [GC (Allocation Failure)  312114K->9970K(983040K), 0.0035077 secs]
12496.749: [GC (Allocation Failure)  304370K->10066K(1041920K), 0.0040081 secs]
12497.118: [GC (Allocation Failure)  363346K->9938K(1112576K), 0.0033329 secs]
12497.558: [GC (Allocation Failure)  433874K->9970K(1197568K), 0.0046234 secs]
12498.070: [GC (Allocation Failure)  518898K->9938K(1181184K), 0.0032963 secs]
12498.583: [GC (Allocation Failure)  502482K->10002K(1165312K), 0.0029799 secs]
12499.117: [GC (Allocation Failure)  486674K->10002K(1149952K), 0.0032889 secs]
12499.587: [GC (Allocation Failure)  471314K->10002K(1135616K), 0.0034443 secs]
12500.037: [GC (Allocation Failure)  456978K->10002K(1121792K), 0.0034147 secs]
12500.477: [GC (Allocation Failure)  443154K->10002K(1108480K), 0.0030808 secs]
12500.898: [GC (Allocation Failure)  429842K->9970K(1095680K), 0.0032510 secs]
12501.312: [GC (Allocation Failure)  417010K->9970K(1083392K), 0.0034345 secs]
12501.725: [GC (Allocation Failure)  404722K->10002K(1071616K), 0.0031925 secs]
12502.112: [GC (Allocation Failure)  392978K->10002K(1060352K), 0.0032222 secs]
12502.498: [GC (Allocation Failure)  381714K->10002K(1049600K), 0.0034811 secs]
12502.867: [GC (Allocation Failure)  370962K->10002K(1039360K), 0.0042477 secs]
12503.214: [GC (Allocation Failure)  360722K->10002K(1029632K), 0.0032639 secs]
12503.567: [GC (Allocation Failure)  350994K->9970K(1020416K), 0.0034267 secs]
12503.913: [GC (Allocation Failure)  341746K->10002K(1011200K), 0.0032067 secs]
12504.303: [GC (Allocation Failure)  332562K->10002K(1002496K), 0.0040487 secs]
12504.622: [GC (Allocation Failure)  323858K->9938K(994304K), 0.0033728 secs]
12504.941: [GC (Allocation Failure)  315602K->9970K(986112K), 0.0032679 secs]
12505.249: [GC (Allocation Failure)  307442K->10002K(978432K), 0.0032345 secs]
12505.546: [GC (Allocation Failure)  299794K->10002K(971264K), 0.0032525 secs]
12505.834: [GC (Allocation Failure)  292626K->10002K(964096K), 0.0027884 secs]
12506.112: [GC (Allocation Failure)  285458K->9938K(1019392K), 0.0033795 secs]
12506.450: [GC (Allocation Failure)  340690K->9970K(1010176K), 0.0030037 secs]
12506.767: [GC (Allocation Failure)  331506K->9938K(1001472K), 0.0031181 secs]
12507.072: [GC (Allocation Failure)  322770K->10002K(993280K), 0.0031525 secs]
12507.377: [GC (Allocation Failure)  314642K->9970K(985088K), 0.0030499 secs]
12507.674: [GC (Allocation Failure)  306418K->9970K(1044480K), 0.0033206 secs]
12508.043: [GC (Allocation Failure)  365810K->9970K(1034240K), 0.0031873 secs]
12508.395: [GC (Allocation Failure)  355570K->9970K(1024512K), 0.0032668 secs]
12508.737: [GC (Allocation Failure)  345842K->9970K(1015296K), 0.0034076 secs]
12509.063: [GC (Allocation Failure)  336626K->10002K(1006592K), 0.0033234 secs]
12509.371: [GC (Allocation Failure)  327954K->9970K(1070592K), 0.0036481 secs]
12509.752: [GC (Allocation Failure)  391922K->9970K(1059328K), 0.0030611 secs]
12510.135: [GC (Allocation Failure)  380658K->9970K(1048576K), 0.0036956 secs]
12510.503: [GC (Allocation Failure)  369906K->9970K(1038336K), 0.0036212 secs]
12510.860: [GC (Allocation Failure)  359666K->10034K(1028608K), 0.0030666 secs]
12511.200: [GC (Allocation Failure)  350002K->10002K(1019392K), 0.0031846 secs]
12511.527: [GC (Allocation Failure)  340754K->10002K(1010176K), 0.0032371 secs]
12511.842: [GC (Allocation Failure)  331538K->9938K(1001472K), 0.0033427 secs]
12512.152: [GC (Allocation Failure)  322770K->9970K(993280K), 0.0027189 secs]
12512.452: [GC (Allocation Failure)  314610K->9970K(1054208K), 0.0056545 secs]
12512.829: [GC (Allocation Failure)  375538K->10066K(1127424K), 0.0032345 secs]
12513.262: [GC (Allocation Failure)  448850K->9970K(1114112K), 0.0032939 secs]
12513.687: [GC (Allocation Failure)  435442K->10002K(1101312K), 0.0035825 secs]
12514.096: [GC (Allocation Failure)  422674K->9970K(1089024K), 0.0031369 secs]
12514.590: [GC (Allocation Failure)  410354K->9938K(1077248K), 0.0030397 secs]
12514.976: [GC (Allocation Failure)  398546K->10002K(1065984K), 0.0032117 secs]
12515.351: [GC (Allocation Failure)  387346K->9970K(1055232K), 0.0033567 secs]
12515.719: [GC (Allocation Failure)  376562K->10002K(1044480K), 0.0033362 secs]
12516.073: [GC (Allocation Failure)  365842K->10002K(1034240K), 0.0031312 secs]
12516.427: [GC (Allocation Failure)  355602K->10002K(1024512K), 0.0033965 secs]
12516.775: [GC (Allocation Failure)  345874K->10002K(1015296K), 0.0031416 secs]
12517.109: [GC (Allocation Failure)  336658K->9970K(1006592K), 0.0039156 secs]
12517.432: [GC (Allocation Failure)  327922K->10002K(997888K), 0.0031342 secs]
12517.742: [GC (Allocation Failure)  319250K->10002K(989696K), 0.0036215 secs]
12518.036: [GC (Allocation Failure)  311058K->9970K(1050112K), 0.0034416 secs]
12518.394: [GC (Allocation Failure)  371442K->9970K(1122816K), 0.0037213 secs]
12518.843: [GC (Allocation Failure)  444146K->10002K(1209856K), 0.0043295 secs]
12519.386: [GC (Allocation Failure)  531218K->9938K(1192448K), 0.0031693 secs]
12519.940: [GC (Allocation Failure)  513746K->9938K(1176064K), 0.0033213 secs]
12520.451: [GC (Allocation Failure)  497362K->10034K(1160192K), 0.0031853 secs]
12520.931: [GC (Allocation Failure)  481586K->10034K(1145344K), 0.0029562 secs]
12521.397: [GC (Allocation Failure)  466738K->9938K(1131008K), 0.0028942 secs]
12521.856: [GC (Allocation Failure)  452306K->10034K(1117184K), 0.0032374 secs]
12522.294: [GC (Allocation Failure)  438578K->10034K(1103872K), 0.0031520 secs]
12522.721: [GC (Allocation Failure)  425266K->10034K(1091072K), 0.0033285 secs]
12523.132: [GC (Allocation Failure)  412466K->10002K(1079296K), 0.0033110 secs]
12523.528: [GC (Allocation Failure)  400658K->9970K(1068032K), 0.0032697 secs]
12523.907: [GC (Allocation Failure)  389362K->9970K(1056768K), 0.0033301 secs]
12524.289: [GC (Allocation Failure)  378098K->9938K(1046016K), 0.0048501 secs]
12524.650: [GC (Allocation Failure)  367314K->10002K(1035776K), 0.0037819 secs]
12525.007: [GC (Allocation Failure)  357138K->9970K(1026048K), 0.0034088 secs]
12525.352: [GC (Allocation Failure)  347378K->10066K(1016832K), 0.0031344 secs]
12525.673: [GC (Allocation Failure)  338258K->10002K(1008128K), 0.0032208 secs]
12525.984: [GC (Allocation Failure)  329490K->9970K(999424K), 0.0031680 secs]
12526.286: [GC (Allocation Failure)  320754K->9938K(991232K), 0.0032565 secs]
12526.583: [GC (Allocation Failure)  312530K->9970K(1052160K), 0.0035464 secs]
12526.941: [GC (Allocation Failure)  373490K->9970K(1124864K), 0.0036020 secs]
12527.373: [GC (Allocation Failure)  446194K->9938K(1111552K), 0.0031826 secs]
12527.793: [GC (Allocation Failure)  432850K->9938K(1098752K), 0.0034997 secs]
12528.197: [GC (Allocation Failure)  420050K->10002K(1086464K), 0.0034528 secs]
12528.587: [GC (Allocation Failure)  407826K->9938K(1074688K), 0.0031763 secs]
12528.966: [GC (Allocation Failure)  395986K->9970K(1063424K), 0.0039971 secs]
12529.332: [GC (Allocation Failure)  384754K->9938K(1052672K), 0.0033837 secs]
12529.688: [GC (Allocation Failure)  373970K->9970K(1042432K), 0.0031242 secs]
12530.033: [GC (Allocation Failure)  363762K->9970K(1032704K), 0.0031326 secs]
12530.371: [GC (Allocation Failure)  354034K->9970K(1022976K), 0.0034545 secs]
12530.699: [GC (Allocation Failure)  344306K->9970K(1013760K), 0.0033236 secs]
12531.018: [GC (Allocation Failure)  335090K->9970K(1005056K), 0.0031545 secs]
12531.328: [GC (Allocation Failure)  326386K->9970K(996352K), 0.0031649 secs]
12531.629: [GC (Allocation Failure)  317682K->9938K(988160K), 0.0034985 secs]
12531.921: [GC (Allocation Failure)  309458K->9938K(1048064K), 0.0033396 secs]
12532.271: [GC (Allocation Failure)  369362K->9970K(1037824K), 0.0031254 secs]
12532.614: [GC (Allocation Failure)  359154K->9938K(1028096K), 0.0032042 secs]
12532.945: [GC (Allocation Failure)  349394K->9970K(1018880K), 0.0032173 secs]
12533.268: [GC (Allocation Failure)  340210K->9970K(1009664K), 0.0031450 secs]
12533.580: [GC (Allocation Failure)  330994K->9938K(1000960K), 0.0034977 secs]
12533.884: [GC (Allocation Failure)  322258K->9938K(1063424K), 0.0034841 secs]
12534.253: [GC (Allocation Failure)  384722K->9938K(1052672K), 0.0033841 secs]
12534.610: [GC (Allocation Failure)  373970K->9970K(1042432K), 0.0037501 secs]
12534.958: [GC (Allocation Failure)  363762K->9938K(1113600K), 0.0036133 secs]
12535.428: [GC (Allocation Failure)  434898K->9970K(1100800K), 0.0029767 secs]
12535.833: [GC (Allocation Failure)  422130K->9970K(1088512K), 0.0031911 secs]
12536.223: [GC (Allocation Failure)  409842K->9970K(1076736K), 0.0033056 secs]
12536.605: [GC (Allocation Failure)  398066K->10002K(1065472K), 0.0030188 secs]
12536.976: [GC (Allocation Failure)  386834K->9970K(1054720K), 0.0040207 secs]
12537.334: [GC (Allocation Failure)  376050K->9970K(1044480K), 0.0030696 secs]
12537.682: [GC (Allocation Failure)  365810K->9970K(1034240K), 0.0039520 secs]
12538.021: [GC (Allocation Failure)  355570K->9970K(1024512K), 0.0030591 secs]
12538.353: [GC (Allocation Failure)  345842K->9970K(1015296K), 0.0035294 secs]
12538.674: [GC (Allocation Failure)  336626K->9970K(1006592K), 0.0032857 secs]
12538.985: [GC (Allocation Failure)  327922K->9938K(997888K), 0.0034419 secs]
12539.288: [GC (Allocation Failure)  319186K->10002K(989696K), 0.0029743 secs]
12539.582: [GC (Allocation Failure)  311058K->9970K(1050112K), 0.0032698 secs]
12539.937: [GC (Allocation Failure)  371442K->9970K(1122816K), 0.0044610 secs]
12540.369: [GC (Allocation Failure)  444146K->9970K(1109504K), 0.0031983 secs]
12540.811: [GC (Allocation Failure)  430834K->9970K(1096704K), 0.0031213 secs]
12541.211: [GC (Allocation Failure)  418034K->10002K(1084416K), 0.0033353 secs]
12541.602: [GC (Allocation Failure)  405778K->9970K(1072640K), 0.0034698 secs]
12541.979: [GC (Allocation Failure)  393970K->9970K(1061376K), 0.0034642 secs]
12542.347: [GC (Allocation Failure)  382706K->10002K(1050624K), 0.0032861 secs]
12542.709: [GC (Allocation Failure)  371986K->9970K(1040384K), 0.0043045 secs]
12543.061: [GC (Allocation Failure)  361714K->9970K(1030656K), 0.0040582 secs]
12543.404: [GC (Allocation Failure)  351986K->9970K(1099264K), 0.0044182 secs]
12543.810: [GC (Allocation Failure)  420594K->9938K(1086976K), 0.0032519 secs]
12544.201: [GC (Allocation Failure)  408274K->9970K(1075200K), 0.0036148 secs]
12544.580: [GC (Allocation Failure)  396530K->10002K(1063936K), 0.0040221 secs]
12544.949: [GC (Allocation Failure)  385298K->9970K(1139200K), 0.0040166 secs]
12545.392: [GC (Allocation Failure)  460530K->9970K(1125376K), 0.0033949 secs]
12545.855: [GC (Allocation Failure)  446706K->9906K(1112064K), 0.0039588 secs]
12546.273: [GC (Allocation Failure)  433330K->9970K(1099264K), 0.0036457 secs]
12546.678: [GC (Allocation Failure)  420594K->9970K(1086976K), 0.0030320 secs]
12547.071: [GC (Allocation Failure)  408306K->9970K(1075200K), 0.0033928 secs]
12547.454: [GC (Allocation Failure)  396530K->9970K(1063936K), 0.0037155 secs]
12547.823: [GC (Allocation Failure)  385266K->10002K(1053184K), 0.0040319 secs]
12548.186: [GC (Allocation Failure)  374546K->9970K(1042944K), 0.0039122 secs]
12548.531: [GC (Allocation Failure)  364274K->9938K(1032704K), 0.0037085 secs]
12548.870: [GC (Allocation Failure)  354002K->9970K(1022976K), 0.0035741 secs]
12549.198: [GC (Allocation Failure)  344306K->9970K(1090048K), 0.0048517 secs]
12549.593: [GC (Allocation Failure)  411378K->9970K(1170432K), 0.0046947 secs]
12550.069: [GC (Allocation Failure)  491762K->9938K(1267200K), 0.0036185 secs]
12550.642: [GC (Allocation Failure)  588498K->10002K(1247232K), 0.0042160 secs]
12551.202: [GC (Allocation Failure)  568594K->10002K(1228288K), 0.0037281 secs]
12551.740: [GC (Allocation Failure)  549650K->10002K(1210368K), 0.0029986 secs]
12552.257: [GC (Allocation Failure)  531730K->9938K(1192960K), 0.0032570 secs]
12552.752: [GC (Allocation Failure)  514258K->9970K(1176576K), 0.0036058 secs]
12553.236: [GC (Allocation Failure)  497906K->9938K(1160704K), 0.0033826 secs]
12553.698: [GC (Allocation Failure)  482002K->9970K(1145856K), 0.0042255 secs]
12554.151: [GC (Allocation Failure)  467186K->9970K(1131520K), 0.0044393 secs]
12554.594: [GC (Allocation Failure)  452850K->9970K(1117696K), 0.0044897 secs]
12555.024: [GC (Allocation Failure)  439026K->9938K(1104384K), 0.0041191 secs]
12555.439: [GC (Allocation Failure)  425682K->9970K(1091584K), 0.0039514 secs]
12555.837: [GC (Allocation Failure)  412914K->9970K(1079808K), 0.0037869 secs]
12556.250: [GC (Allocation Failure)  401138K->9938K(1068032K), 0.0039854 secs]
12556.629: [GC (Allocation Failure)  389330K->10002K(1056768K), 0.0039584 secs]
12556.991: [GC (Allocation Failure)  378130K->10002K(1046016K), 0.0034976 secs]
12557.340: [GC (Allocation Failure)  367378K->9970K(1035776K), 0.0031668 secs]
12557.680: [GC (Allocation Failure)  357106K->9938K(1026048K), 0.0041537 secs]
12558.016: [GC (Allocation Failure)  347346K->9970K(1093632K), 0.0039984 secs]
12558.431: [GC (Allocation Failure)  414962K->9970K(1081344K), 0.0036140 secs]
12558.840: [GC (Allocation Failure)  402674K->9938K(1069568K), 0.0041984 secs]
12559.241: [GC (Allocation Failure)  390866K->10002K(1145856K), 0.0048104 secs]
12559.722: [GC (Allocation Failure)  467218K->9938K(1131520K), 0.0029279 secs]
12560.175: [GC (Allocation Failure)  452818K->10034K(1117696K), 0.0034802 secs]
12560.617: [GC (Allocation Failure)  439090K->9970K(1104384K), 0.0039595 secs]
12561.036: [GC (Allocation Failure)  425714K->10002K(1091584K), 0.0037940 secs]
12561.484: [GC (Allocation Failure)  412946K->9938K(1079808K), 0.0047995 secs]
12561.896: [GC (Allocation Failure)  401106K->10002K(1068032K), 0.0035394 secs]
12562.292: [GC (Allocation Failure)  389394K->9970K(1056768K), 0.0036708 secs]
12562.671: [GC (Allocation Failure)  378098K->9938K(1046016K), 0.0044177 secs]
12563.051: [GC (Allocation Failure)  367314K->9938K(1035776K), 0.0042194 secs]
12563.413: [GC (Allocation Failure)  357074K->10002K(1026048K), 0.0033011 secs]
12563.763: [GC (Allocation Failure)  347410K->9938K(1016832K), 0.0038476 secs]
12564.103: [GC (Allocation Failure)  338130K->9970K(1082880K), 0.0039596 secs]
12564.515: [GC (Allocation Failure)  404210K->9970K(1161728K), 0.0038319 secs]
12565.009: [GC (Allocation Failure)  483058K->10002K(1146880K), 0.0034703 secs]
12565.480: [GC (Allocation Failure)  468242K->9970K(1132544K), 0.0028396 secs]
12565.925: [GC (Allocation Failure)  453874K->9938K(1118720K), 0.0034410 secs]
12566.348: [GC (Allocation Failure)  440018K->10034K(1105408K), 0.0032161 secs]
12566.806: [GC (Allocation Failure)  426802K->10002K(1092608K), 0.0040347 secs]
12567.233: [GC (Allocation Failure)  413970K->9970K(1080320K), 0.0037647 secs]
12567.642: [GC (Allocation Failure)  401650K->9970K(1068544K), 0.0035258 secs]
12568.034: [GC (Allocation Failure)  389874K->9970K(1057280K), 0.0041231 secs]
12568.417: [GC (Allocation Failure)  378610K->10002K(1046528K), 0.0033391 secs]
12568.792: [GC (Allocation Failure)  367890K->9970K(1036288K), 0.0037156 secs]
12569.154: [GC (Allocation Failure)  357618K->10034K(1026560K), 0.0037236 secs]
12569.507: [GC (Allocation Failure)  347954K->9970K(1017344K), 0.0034152 secs]
12569.848: [GC (Allocation Failure)  338674K->10002K(1008640K), 0.0037255 secs]
12570.180: [GC (Allocation Failure)  330002K->10002K(999936K), 0.0032597 secs]
12570.506: [GC (Allocation Failure)  321298K->10034K(991744K), 0.0032091 secs]
12570.816: [GC (Allocation Failure)  313138K->9970K(1052672K), 0.0035570 secs]
12571.188: [GC (Allocation Failure)  374002K->9938K(1125888K), 0.0046255 secs]
12571.628: [GC (Allocation Failure)  447186K->9938K(1112576K), 0.0028457 secs]
12572.045: [GC (Allocation Failure)  433874K->9938K(1099776K), 0.0030235 secs]
12572.460: [GC (Allocation Failure)  421074K->9938K(1087488K), 0.0048096 secs]
12572.875: [GC (Allocation Failure)  408786K->10034K(1075712K), 0.0037894 secs]
12573.284: [GC (Allocation Failure)  397106K->9970K(1064448K), 0.0031259 secs]
12573.665: [GC (Allocation Failure)  385778K->9938K(1053696K), 0.0029004 secs]
12574.039: [GC (Allocation Failure)  374994K->9970K(1043456K), 0.0031441 secs]
12574.414: [GC (Allocation Failure)  364786K->10002K(1033216K), 0.0030897 secs]
12574.776: [GC (Allocation Failure)  354578K->10002K(1023488K), 0.0037342 secs]
12575.122: [GC (Allocation Failure)  344850K->10002K(1014272K), 0.0035578 secs]
12575.448: [GC (Allocation Failure)  335634K->9970K(1005568K), 0.0033201 secs]
12575.776: [GC (Allocation Failure)  326898K->9970K(996864K), 0.0032123 secs]
12576.082: [GC (Allocation Failure)  318194K->9970K(988672K), 0.0032001 secs]
12576.390: [GC (Allocation Failure)  310002K->9970K(980992K), 0.0035051 secs]
12576.692: [GC (Allocation Failure)  302322K->10066K(973312K), 0.0026597 secs]
12577.024: [GC (Allocation Failure)  294738K->10034K(966144K), 0.0036291 secs]
12577.309: [GC (Allocation Failure)  287538K->10034K(1021952K), 0.0034276 secs]
12577.638: [GC (Allocation Failure)  343346K->10002K(1089024K), 0.0034952 secs]
12578.055: [GC (Allocation Failure)  410386K->10002K(1077248K), 0.0037548 secs]
12578.461: [GC (Allocation Failure)  398610K->9970K(1065984K), 0.0027619 secs]
12578.847: [GC (Allocation Failure)  387314K->10002K(1055232K), 0.0031978 secs]
12579.218: [GC (Allocation Failure)  376594K->10002K(1044480K), 0.0027505 secs]
12579.586: [GC (Allocation Failure)  365842K->10002K(1034240K), 0.0029433 secs]
12579.932: [GC (Allocation Failure)  355602K->10034K(1024512K), 0.0027801 secs]
12580.266: [GC (Allocation Failure)  345906K->9970K(1015296K), 0.0036985 secs]
12580.599: [GC (Allocation Failure)  336626K->10002K(1006592K), 0.0031515 secs]
12580.928: [GC (Allocation Failure)  327954K->9970K(1070592K), 0.0044518 secs]
12581.311: [GC (Allocation Failure)  391922K->10034K(1059328K), 0.0028780 secs]
12581.682: [GC (Allocation Failure)  380722K->10002K(1048576K), 0.0039239 secs]
12582.042: [GC (Allocation Failure)  369938K->9938K(1038336K), 0.0036462 secs]
12582.435: [GC (Allocation Failure)  359634K->10002K(1028608K), 0.0039140 secs]
12582.780: [GC (Allocation Failure)  349970K->10002K(1019392K), 0.0036645 secs]
12583.113: [GC (Allocation Failure)  340754K->9938K(1010176K), 0.0034781 secs]
12583.433: [GC (Allocation Failure)  331474K->9970K(1001472K), 0.0029232 secs]
12583.747: [GC (Allocation Failure)  322802K->9970K(993280K), 0.0026539 secs]
12584.062: [GC (Allocation Failure)  314610K->10002K(985088K), 0.0030168 secs]
12584.367: [GC (Allocation Failure)  306450K->9938K(977408K), 0.0034639 secs]
12584.658: [GC (Allocation Failure)  298706K->10002K(1035264K), 0.0035899 secs]
12585.000: [GC (Allocation Failure)  356626K->10002K(1025536K), 0.0027597 secs]
12585.349: [GC (Allocation Failure)  346898K->10002K(1016320K), 0.0037007 secs]
12585.682: [GC (Allocation Failure)  337682K->10002K(1007616K), 0.0034832 secs]
12585.998: [GC (Allocation Failure)  328978K->10002K(998912K), 0.0030448 secs]
12586.319: [GC (Allocation Failure)  320274K->10002K(990720K), 0.0032060 secs]
12586.621: [GC (Allocation Failure)  312082K->9938K(983040K), 0.0031440 secs]
12586.918: [GC (Allocation Failure)  304338K->10002K(1041920K), 0.0036560 secs]
12587.269: [GC (Allocation Failure)  363282K->9938K(1032192K), 0.0031009 secs]
12587.634: [GC (Allocation Failure)  353490K->9970K(1022464K), 0.0034085 secs]
12587.981: [GC (Allocation Failure)  343794K->10034K(1013248K), 0.0033297 secs]
12588.317: [GC (Allocation Failure)  334642K->10002K(1004544K), 0.0031002 secs]
12588.643: [GC (Allocation Failure)  325906K->10002K(996352K), 0.0031114 secs]
12588.957: [GC (Allocation Failure)  317714K->10002K(988160K), 0.0034434 secs]
12589.268: [GC (Allocation Failure)  309522K->10002K(980480K), 0.0033704 secs]
12589.570: [GC (Allocation Failure)  301842K->10002K(1038848K), 0.0033283 secs]
12589.928: [GC (Allocation Failure)  360210K->10002K(1108992K), 0.0045048 secs]
12590.363: [GC (Allocation Failure)  430354K->9938K(1096192K), 0.0029501 secs]
12590.763: [GC (Allocation Failure)  417490K->9970K(1083904K), 0.0037142 secs]
12591.157: [GC (Allocation Failure)  405234K->10002K(1072128K), 0.0033731 secs]
12591.543: [GC (Allocation Failure)  393490K->9970K(1060864K), 0.0033106 secs]
12591.931: [GC (Allocation Failure)  382194K->10002K(1050112K), 0.0034762 secs]
12592.311: [GC (Allocation Failure)  371474K->10034K(1039872K), 0.0032435 secs]
12592.686: [GC (Allocation Failure)  361266K->9970K(1030144K), 0.0037266 secs]
12593.025: [GC (Allocation Failure)  351474K->10002K(1020928K), 0.0029505 secs]
12593.369: [GC (Allocation Failure)  342290K->10002K(1011712K), 0.0037819 secs]
12593.704: [GC (Allocation Failure)  333074K->9970K(1003008K), 0.0036010 secs]
12594.021: [GC (Allocation Failure)  324338K->9970K(994816K), 0.0030125 secs]
12594.318: [GC (Allocation Failure)  316146K->10034K(986624K), 0.0028040 secs]
12594.613: [GC (Allocation Failure)  308018K->10002K(978944K), 0.0030197 secs]
12594.910: [GC (Allocation Failure)  300306K->10002K(971264K), 0.0031840 secs]
12595.201: [GC (Allocation Failure)  292626K->10034K(964096K), 0.0032063 secs]
12595.482: [GC (Allocation Failure)  285490K->10002K(1019392K), 0.0032141 secs]
12595.812: [GC (Allocation Failure)  340754K->9970K(1010176K), 0.0027179 secs]
12596.126: [GC (Allocation Failure)  331506K->9970K(1001472K), 0.0032625 secs]
12596.444: [GC (Allocation Failure)  322802K->9938K(993280K), 0.0028638 secs]
12596.758: [GC (Allocation Failure)  314578K->9938K(985088K), 0.0035433 secs]
12597.053: [GC (Allocation Failure)  306386K->10034K(977408K), 0.0029071 secs]
12597.348: [GC (Allocation Failure)  298802K->9970K(1035264K), 0.0053325 secs]
12597.746: [GC (Allocation Failure)  356594K->10002K(1104896K), 0.0033332 secs]
12598.179: [GC (Allocation Failure)  426258K->10002K(1092096K), 0.0026689 secs]
12598.594: [GC (Allocation Failure)  413458K->10002K(1079808K), 0.0031145 secs]
12599.001: [GC (Allocation Failure)  401170K->9938K(1068032K), 0.0038216 secs]
12599.389: [GC (Allocation Failure)  389330K->9938K(1056768K), 0.0030340 secs]
12599.761: [GC (Allocation Failure)  378066K->10002K(1046016K), 0.0030080 secs]
12600.109: [GC (Allocation Failure)  367378K->10002K(1035776K), 0.0034057 secs]
12600.456: [GC (Allocation Failure)  357138K->9970K(1026048K), 0.0032240 secs]
12600.807: [GC (Allocation Failure)  347378K->9970K(1016832K), 0.0033137 secs]
12601.147: [GC (Allocation Failure)  338162K->9970K(1008128K), 0.0040996 secs]
12601.475: [GC (Allocation Failure)  329458K->10002K(999424K), 0.0031506 secs]
12601.795: [GC (Allocation Failure)  320786K->10002K(1061888K), 0.0038900 secs]
12602.184: [GC (Allocation Failure)  383250K->10002K(1051136K), 0.0027656 secs]
12602.560: [GC (Allocation Failure)  372498K->9938K(1040896K), 0.0031312 secs]
12602.946: [GC (Allocation Failure)  362194K->9938K(1031168K), 0.0035779 secs]
12603.298: [GC (Allocation Failure)  352466K->9906K(1021440K), 0.0031590 secs]
12603.633: [GC (Allocation Failure)  342706K->9938K(1012224K), 0.0034226 secs]
12603.948: [GC (Allocation Failure)  333522K->9970K(1003520K), 0.0036861 secs]
12604.255: [GC (Allocation Failure)  324850K->9970K(1066496K), 0.0036123 secs]
12604.631: [GC (Allocation Failure)  387826K->9938K(1055744K), 0.0032957 secs]
12605.002: [GC (Allocation Failure)  377042K->9970K(1044992K), 0.0037688 secs]
12605.358: [GC (Allocation Failure)  366322K->10002K(1034752K), 0.0031310 secs]
12605.701: [GC (Allocation Failure)  356114K->9970K(1025024K), 0.0034597 secs]
12606.036: [GC (Allocation Failure)  346354K->9970K(1015808K), 0.0034595 secs]
12606.366: [GC (Allocation Failure)  337138K->10002K(1007104K), 0.0031869 secs]
12606.680: [GC (Allocation Failure)  328466K->9970K(998400K), 0.0025160 secs]
12606.983: [GC (Allocation Failure)  319730K->9970K(990208K), 0.0033835 secs]
12607.290: [GC (Allocation Failure)  311538K->9938K(1050624K), 0.0036961 secs]
12607.667: [GC (Allocation Failure)  371922K->10034K(1040384K), 0.0031741 secs]
12608.025: [GC (Allocation Failure)  361778K->9938K(1030656K), 0.0030325 secs]
12608.359: [GC (Allocation Failure)  351954K->10002K(1020928K), 0.0026463 secs]
12608.699: [GC (Allocation Failure)  342290K->9970K(1011712K), 0.0032622 secs]
12609.033: [GC (Allocation Failure)  333042K->9970K(1003008K), 0.0032411 secs]
12609.360: [GC (Allocation Failure)  324338K->9970K(994816K), 0.0032725 secs]
12609.667: [GC (Allocation Failure)  316146K->10034K(986624K), 0.0025311 secs]
12609.961: [GC (Allocation Failure)  308018K->9970K(978944K), 0.0032891 secs]
12610.247: [GC (Allocation Failure)  300274K->9970K(971264K), 0.0034173 secs]
12610.532: [GC (Allocation Failure)  292594K->10034K(1028096K), 0.0042529 secs]
12610.864: [GC (Allocation Failure)  349490K->9970K(1096192K), 0.0040669 secs]
12611.274: [GC (Allocation Failure)  417522K->9970K(1178112K), 0.0042322 secs]
12611.786: [GC (Allocation Failure)  499442K->10002K(1276416K), 0.0039998 secs]
12612.391: [GC (Allocation Failure)  597778K->10002K(1256448K), 0.0029190 secs]
12612.983: [GC (Allocation Failure)  577810K->9906K(1236992K), 0.0044642 secs]
12613.549: [GC (Allocation Failure)  558258K->9938K(1218560K), 0.0039321 secs]
12614.108: [GC (Allocation Failure)  539858K->9970K(1201152K), 0.0038463 secs]
12614.632: [GC (Allocation Failure)  522482K->10002K(1184256K), 0.0038564 secs]
12615.150: [GC (Allocation Failure)  505618K->9970K(1168384K), 0.0037409 secs]
12615.652: [GC (Allocation Failure)  489714K->10002K(1153024K), 0.0054987 secs]
12616.133: [GC (Allocation Failure)  474386K->10002K(1138176K), 0.0032884 secs]
12616.595: [GC (Allocation Failure)  459538K->9938K(1124352K), 0.0036523 secs]
12617.030: [GC (Allocation Failure)  445650K->9970K(1111040K), 0.0027061 secs]
12617.447: [GC (Allocation Failure)  432370K->10002K(1098240K), 0.0034777 secs]
12617.862: [GC (Allocation Failure)  419602K->10034K(1085952K), 0.0049816 secs]
12618.275: [GC (Allocation Failure)  407346K->9938K(1074176K), 0.0047136 secs]
12618.704: [GC (Allocation Failure)  395474K->10002K(1062912K), 0.0043324 secs]
12619.088: [GC (Allocation Failure)  384274K->9970K(1052160K), 0.0028398 secs]
12619.446: [GC (Allocation Failure)  373490K->10002K(1041920K), 0.0030752 secs]
12619.790: [GC (Allocation Failure)  363282K->10034K(1032192K), 0.0027229 secs]
12620.137: [GC (Allocation Failure)  353586K->9938K(1022464K), 0.0030896 secs]
12620.480: [GC (Allocation Failure)  343762K->10002K(1013248K), 0.0027848 secs]
12620.807: [GC (Allocation Failure)  334610K->10002K(1004544K), 0.0032703 secs]
12621.127: [GC (Allocation Failure)  325906K->10002K(996352K), 0.0037489 secs]
12621.432: [GC (Allocation Failure)  317714K->10034K(988160K), 0.0034807 secs]
12621.722: [GC (Allocation Failure)  309554K->9938K(1048064K), 0.0031745 secs]
12622.076: [GC (Allocation Failure)  369362K->10034K(1037824K), 0.0032011 secs]
12622.422: [GC (Allocation Failure)  359218K->10034K(1028096K), 0.0027237 secs]
12622.755: [GC (Allocation Failure)  349490K->9938K(1018880K), 0.0032146 secs]
12623.090: [GC (Allocation Failure)  340178K->10034K(1009664K), 0.0030664 secs]
12623.403: [GC (Allocation Failure)  331058K->10002K(1000960K), 0.0167035 secs]
12623.731: [GC (Allocation Failure)  322322K->9970K(992768K), 0.0032880 secs]
12624.032: [GC (Allocation Failure)  314098K->9970K(984576K), 0.0034839 secs]
12624.323: [GC (Allocation Failure)  305906K->9938K(1043968K), 0.0031798 secs]
12624.679: [GC (Allocation Failure)  365266K->10002K(1033728K), 0.0032726 secs]
12625.022: [GC (Allocation Failure)  355090K->10002K(1102848K), 0.0041238 secs]
12625.437: [GC (Allocation Failure)  424210K->10002K(1090560K), 0.0033752 secs]
12625.839: [GC (Allocation Failure)  411922K->10002K(1078784K), 0.0037062 secs]
12626.229: [GC (Allocation Failure)  400146K->10002K(1067520K), 0.0030137 secs]
12626.619: [GC (Allocation Failure)  388882K->10002K(1056256K), 0.0032630 secs]
12626.998: [GC (Allocation Failure)  377618K->9938K(1045504K), 0.0032734 secs]
12627.364: [GC (Allocation Failure)  366802K->9938K(1035264K), 0.0040576 secs]
12627.717: [GC (Allocation Failure)  356562K->9938K(1025536K), 0.0037023 secs]
12628.049: [GC (Allocation Failure)  346834K->10002K(1093120K), 0.0039829 secs]
12628.448: [GC (Allocation Failure)  414482K->10002K(1080832K), 0.0038534 secs]
12628.877: [GC (Allocation Failure)  402194K->10002K(1069056K), 0.0033458 secs]
12629.271: [GC (Allocation Failure)  390418K->10002K(1057792K), 0.0036086 secs]
12629.645: [GC (Allocation Failure)  379154K->10034K(1047040K), 0.0029819 secs]
12630.008: [GC (Allocation Failure)  368434K->9938K(1036800K), 0.0031743 secs]
12630.367: [GC (Allocation Failure)  358098K->10002K(1027072K), 0.0034296 secs]
12630.716: [GC (Allocation Failure)  348434K->10034K(1017856K), 0.0033911 secs]
12631.042: [GC (Allocation Failure)  339250K->9970K(1008640K), 0.0029423 secs]
12631.366: [GC (Allocation Failure)  329970K->9970K(999936K), 0.0032423 secs]
12631.682: [GC (Allocation Failure)  321266K->9938K(991744K), 0.0035415 secs]
12631.991: [GC (Allocation Failure)  313042K->9970K(984064K), 0.0029601 secs]
12632.289: [GC (Allocation Failure)  305394K->9970K(1043456K), 0.0037419 secs]
12632.652: [GC (Allocation Failure)  364786K->10002K(1114624K), 0.0047537 secs]
12633.101: [GC (Allocation Failure)  435986K->9938K(1200128K), 0.0041953 secs]
12633.633: [GC (Allocation Failure)  521426K->10002K(1183232K), 0.0039305 secs]
12634.161: [GC (Allocation Failure)  504594K->9970K(1167360K), 0.0042424 secs]
12634.650: [GC (Allocation Failure)  488690K->10034K(1152000K), 0.0036278 secs]
12635.127: [GC (Allocation Failure)  473394K->10002K(1137152K), 0.0035024 secs]
12635.589: [GC (Allocation Failure)  458514K->9970K(1123328K), 0.0037369 secs]
