Java HotSpot(TM) 64-Bit Server VM (25.91-b14) for linux-amd64 JRE (1.8.0_91-b14), built on Apr  1 2016 00:57:21 by "java_re" with gcc 4.3.0 20080428 (Red Hat 4.3.0-8)
Memory: 4k page, physical 10239976k(3858872k free), swap 4192252k(4192252k free)
CommandLine flags: -XX:InitialHeapSize=163839616 -XX:MaxHeapSize=2621433856 -XX:+PrintGC -XX:+PrintGCTimeStamps -XX:+UseCompressedClassPointers -XX:+UseCompressedOops 
0.729: [GC (Allocation Failure)  43136K->7128K(156416K), 0.0118985 secs]
0.982: [GC (Allocation Failure)  50264K->13624K(156416K), 0.0264811 secs]
1.182: [GC (Allocation Failure)  56760K->19700K(156416K), 0.0186720 secs]
1.389: [GC (Allocation Failure)  62836K->26306K(156416K), 0.0289136 secs]
1.613: [GC (Allocation Failure)  69442K->32888K(156416K), 0.0480193 secs]
1.850: [GC (Allocation Failure)  76024K->38671K(156416K), 0.0276064 secs]
2.115: [GC (Allocation Failure)  81807K->44413K(156416K), 0.0176409 secs]
2.315: [GC (Allocation Failure)  87549K->50382K(156416K), 0.0172938 secs]
2.499: [GC (Allocation Failure)  93518K->57080K(156416K), 0.0191082 secs]
2.688: [GC (Allocation Failure)  100216K->63372K(156416K), 0.0312800 secs]
2.945: [GC (Allocation Failure)  106508K->69259K(156416K), 0.0264298 secs]
3.136: [GC (Allocation Failure)  112395K->74632K(156416K), 0.0275919 secs]
3.392: [GC (Allocation Failure)  117768K->79370K(156416K), 0.0282882 secs]
3.570: [GC (Allocation Failure)  122506K->84921K(156416K), 0.0277656 secs]
3.748: [GC (Allocation Failure)  128057K->91261K(156416K), 0.0211218 secs]
3.879: [GC (Allocation Failure)  134397K->96669K(156416K), 0.0325385 secs]
4.031: [GC (Allocation Failure)  139805K->102621K(156416K), 0.0423979 secs]
4.158: [GC (Allocation Failure)  145757K->107804K(156416K), 0.0183037 secs]
4.268: [GC (Allocation Failure)  150940K->113825K(156992K), 0.0201118 secs]
4.288: [Full GC (Allocation Failure)  113825K->111395K(156992K), 0.2382442 secs]
4.684: [GC (Allocation Failure)  180863K->119396K(262208K), 0.0360499 secs]
5.388: [GC (Allocation Failure)  191780K->136645K(262208K), 0.0683582 secs]
6.029: [GC (Allocation Failure)  209029K->148065K(262208K), 0.0696234 secs]
6.611: [GC (Allocation Failure)  220449K->160121K(262208K), 0.0695820 secs]
7.145: [GC (Allocation Failure)  232505K->172066K(262208K), 0.0375758 secs]
7.694: [GC (Allocation Failure)  244450K->181800K(262208K), 0.0655293 secs]
8.265: [GC (Allocation Failure)  254184K->191602K(264128K), 0.0367388 secs]
8.302: [Full GC (Allocation Failure)  191602K->156476K(264128K), 0.2979103 secs]
9.146: [GC (Allocation Failure)  260924K->172509K(378236K), 0.0386301 secs]
9.706: [GC (Allocation Failure)  276957K->188716K(378236K), 0.0516193 secs]
10.156: [Full GC (System.gc())  249560K->174495K(378236K), 0.4620200 secs]
10.623: [Full GC (System.gc())  174495K->164350K(421772K), 0.3709745 secs]
10.999: [Full GC (System.gc())  164350K->164350K(421772K), 0.3892721 secs]
11.394: [Full GC (System.gc())  164350K->164350K(421772K), 0.3799325 secs]
11.779: [Full GC (System.gc())  164350K->164350K(421772K), 0.3081531 secs]
13.159: [Full GC (System.gc())  196824K->157902K(421772K), 0.3759669 secs]
13.545: [Full GC (System.gc())  157902K->157902K(421772K), 0.3866203 secs]
13.931: [Full GC (System.gc())  157902K->157902K(421772K), 0.3849515 secs]
14.317: [Full GC (System.gc())  157902K->157902K(421772K), 0.3205767 secs]
14.637: [Full GC (System.gc())  157902K->157902K(421772K), 0.3788444 secs]
15.080: [Full GC (System.gc())  160286K->158595K(421772K), 0.3898213 secs]
15.474: [Full GC (System.gc())  158595K->158595K(421772K), 0.3197223 secs]
15.798: [Full GC (System.gc())  158595K->158595K(421772K), 0.3880435 secs]
16.187: [Full GC (System.gc())  158595K->147193K(421772K), 0.4161047 secs]
16.604: [Full GC (System.gc())  147193K->147193K(421772K), 0.3155062 secs]
16.925: [Full GC (System.gc())  149489K->147197K(421772K), 0.3509776 secs]
17.282: [Full GC (System.gc())  147197K->147197K(421772K), 0.6801852 secs]
17.962: [Full GC (System.gc())  147197K->147181K(421772K), 0.3867794 secs]
18.349: [Full GC (System.gc())  147181K->147181K(421772K), 0.5000925 secs]
18.849: [Full GC (System.gc())  147181K->147181K(421772K), 0.4900487 secs]
23.964: [GC (Allocation Failure)  263597K->153562K(421772K), 0.0240757 secs]
25.562: [GC (Allocation Failure)  269978K->158760K(421772K), 0.0255568 secs]
27.059: [GC (Allocation Failure)  275176K->165007K(421772K), 0.0480406 secs]
28.895: [GC (Allocation Failure)  281423K->170568K(421772K), 0.0387675 secs]
30.225: [GC (Allocation Failure)  286984K->177837K(421772K), 0.0465983 secs]
31.629: [GC (Allocation Failure)  294253K->183988K(421772K), 0.0521032 secs]
32.873: [GC (Allocation Failure)  300404K->190150K(421772K), 0.0635787 secs]
34.279: [GC (Allocation Failure)  306566K->197964K(421772K), 0.1240543 secs]
36.099: [GC (Allocation Failure)  314380K->204141K(421772K), 0.0752642 secs]
37.499: [GC (Allocation Failure)  320557K->211329K(421772K), 0.0578346 secs]
38.929: [GC (Allocation Failure)  327745K->218063K(421772K), 0.0633532 secs]
40.099: [GC (Allocation Failure)  334479K->223657K(421772K), 0.0675988 secs]
41.244: [GC (Allocation Failure)  340073K->228552K(421772K), 0.0818277 secs]
42.515: [GC (Allocation Failure)  344968K->235099K(421772K), 0.1003005 secs]
43.489: [GC (Allocation Failure)  351515K->241168K(421772K), 0.0467821 secs]
45.499: [GC (Allocation Failure)  357584K->250146K(421772K), 0.1848335 secs]
46.649: [GC (Allocation Failure)  366562K->258221K(421772K), 0.0510016 secs]
47.526: [GC (Allocation Failure)  374637K->265439K(421772K), 0.1134788 secs]
48.843: [GC (Allocation Failure)  381855K->269825K(421772K), 0.0570218 secs]
50.271: [GC (Allocation Failure)  386241K->273853K(421772K), 0.0683956 secs]
52.044: [GC (Allocation Failure)  390269K->280346K(421772K), 0.0910728 secs]
53.046: [GC (Allocation Failure)  396762K->285188K(421772K), 0.0668738 secs]
54.444: [GC (Allocation Failure)  401604K->292548K(421772K), 0.0439389 secs]
55.819: [GC (Allocation Failure)  408964K->296907K(423500K), 0.0685091 secs]
55.888: [Full GC (Allocation Failure)  296907K->277394K(423500K), 0.8081806 secs]
59.252: [GC (Allocation Failure)  462418K->288841K(670456K), 0.0839746 secs]
61.580: [GC (Allocation Failure)  473865K->297293K(670456K), 0.1030965 secs]
64.039: [GC (Allocation Failure)  482317K->305572K(670456K), 0.1243860 secs]
66.325: [GC (Allocation Failure)  490596K->312384K(670456K), 0.0851922 secs]
68.899: [GC (Allocation Failure)  497408K->323192K(670456K), 0.0987094 secs]
71.013: [GC (Allocation Failure)  508216K->334634K(670456K), 0.0654075 secs]
73.087: [GC (Allocation Failure)  519658K->346333K(670456K), 0.0770190 secs]
74.798: [GC (Allocation Failure)  531357K->349194K(670456K), 0.0526794 secs]
76.854: [GC (Allocation Failure)  534218K->365567K(670456K), 0.1251555 secs]
79.601: [GC (Allocation Failure)  550591K->386795K(670456K), 0.0861787 secs]
81.172: [GC (Allocation Failure)  571819K->385025K(670456K), 0.0405926 secs]
83.388: [GC (Allocation Failure)  570049K->402387K(670456K), 0.0924216 secs]
85.861: [GC (Allocation Failure)  587411K->415611K(670456K), 0.0783919 secs]
90.354: [GC (Allocation Failure)  600635K->438705K(670456K), 0.1195001 secs]
92.077: [GC (Allocation Failure)  623729K->455328K(670456K), 0.0667525 secs]
93.778: [GC (Allocation Failure)  640352K->491699K(676792K), 0.1447134 secs]
93.923: [Full GC (Allocation Failure)  491699K->388936K(676792K), 1.0684402 secs]
97.058: [GC (Allocation Failure)  648328K->405112K(940004K), 0.1092400 secs]
98.512: [GC (Allocation Failure)  664504K->466699K(940004K), 0.0933419 secs]
100.536: [GC (Allocation Failure)  726091K->485070K(940004K), 0.0833379 secs]
102.221: [GC (Allocation Failure)  744462K->513113K(940004K), 0.1522267 secs]
104.247: [GC (Allocation Failure)  772505K->528728K(940004K), 0.1393725 secs]
106.073: [GC (Allocation Failure)  788120K->543967K(940004K), 0.0751090 secs]
109.010: [GC (Allocation Failure)  803359K->559525K(940004K), 0.3968082 secs]
110.943: [GC (Allocation Failure)  818917K->585861K(940004K), 0.1094535 secs]
112.475: [GC (Allocation Failure)  845253K->611995K(940004K), 0.0973119 secs]
113.860: [GC (Allocation Failure)  871387K->638107K(940004K), 0.1021163 secs]
114.675: [GC (Allocation Failure)  897499K->715914K(975332K), 0.1100299 secs]
114.785: [Full GC (Allocation Failure)  715914K->563700K(975332K), 1.3204126 secs]
117.468: [GC (Allocation Failure)  939508K->707142K(1362288K), 0.2612224 secs]
119.669: [GC (Allocation Failure)  1082950K->727729K(1362288K), 0.0864213 secs]
121.830: [GC (Allocation Failure)  1103537K->756026K(1362288K), 0.0834201 secs]
123.530: [GC (Allocation Failure)  1131834K->819924K(1362288K), 0.2113291 secs]
125.094: [GC (Allocation Failure)  1195732K->934226K(1362288K), 0.1705410 secs]
127.722: [GC (Allocation Failure)  1310034K->968200K(1362288K), 0.1334813 secs]
129.814: [GC (Allocation Failure)  1344008K->997576K(1390772K), 0.1573183 secs]
129.972: [Full GC (Allocation Failure)  997576K->690568K(1390772K), 1.5695764 secs]
134.188: [GC (Allocation Failure)  1150984K->712689K(1668904K), 0.0729299 secs]
136.364: [GC (Allocation Failure)  1173105K->728821K(1668904K), 0.0891154 secs]
139.098: [GC (Allocation Failure)  1189237K->750071K(1668904K), 0.1381128 secs]
141.172: [GC (Allocation Failure)  1210487K->785536K(1668904K), 0.1205056 secs]
146.304: [GC (Allocation Failure)  1245952K->810541K(1668904K), 0.1602980 secs]
148.857: [GC (Allocation Failure)  1270957K->835952K(1668904K), 0.1159855 secs]
149.995: [GC (Allocation Failure)  1296368K->1003057K(1668904K), 0.2202931 secs]
152.180: [GC (Allocation Failure)  1463473K->1062697K(1668904K), 0.1256269 secs]
154.909: [GC (Allocation Failure)  1523113K->1087009K(1668904K), 0.3194173 secs]
157.605: [GC (Allocation Failure)  1547425K->1101866K(1668904K), 0.0887854 secs]
159.733: [GC (Allocation Failure)  1562282K->1124574K(1668904K), 0.1509820 secs]
162.383: [GC (Allocation Failure)  1584990K->1154297K(1668904K), 0.1240224 secs]
164.744: [GC (Allocation Failure)  1614713K->1181427K(1670632K), 0.1342210 secs]
164.878: [Full GC (Allocation Failure)  1181427K->935954K(1670632K), 1.9919857 secs]
168.359: [GC (Allocation Failure)  1560082K->1228138K(2262008K), 0.1940191 secs]
171.102: [GC (Allocation Failure)  1852266K->1267032K(2262008K), 0.1750060 secs]
173.261: [GC (Allocation Failure)  1891160K->1414499K(2262008K), 0.1570197 secs]
175.045: [GC (Allocation Failure)  2038627K->1650847K(2275064K), 0.1874022 secs]
175.233: [Full GC (Allocation Failure)  1650847K->971965K(2275064K), 2.2524867 secs]
179.045: [GC (Allocation Failure)  1620029K->1284021K(2348968K), 0.2661426 secs]
180.178: [Full GC (System.gc())  1452548K->1117833K(2348968K), 2.0219209 secs]
182.200: [Full GC (System.gc())  1117833K->1117833K(2474688K), 1.9044446 secs]
184.105: [Full GC (System.gc())  1117833K->1117833K(2474688K), 1.8704327 secs]
185.975: [Full GC (System.gc())  1117833K->1036842K(2474688K), 2.1911060 secs]
188.167: [Full GC (System.gc())  1036842K->1036842K(2474688K), 1.8103310 secs]
192.393: [GC (Allocation Failure)  1719530K->1054186K(2474688K), 0.1276530 secs]
