Java HotSpot(TM) 64-Bit Server VM (25.91-b14) for linux-amd64 JRE (1.8.0_91-b14), built on Apr  1 2016 00:57:21 by "java_re" with gcc 4.3.0 20080428 (Red Hat 4.3.0-8)
Memory: 4k page, physical 10239976k(3858872k free), swap 4192252k(4192252k free)
CommandLine flags: -XX:InitialHeapSize=163839616 -XX:MaxHeapSize=2621433856 -XX:+PrintGC -XX:+PrintGCTimeStamps -XX:+UseCompressedClassPointers -XX:+UseCompressedOops 
0.893: [GC (Allocation Failure)  43136K->10312K(156416K), 0.0202947 secs]
1.328: [GC (Allocation Failure)  53448K->20326K(156416K), 0.0578463 secs]
1.429: [Full GC (System.gc())  24249K->20909K(156416K), 0.0298374 secs]
1.469: [Full GC (System.gc())  20909K->20909K(156544K), 0.0266507 secs]
1.501: [Full GC (System.gc())  20909K->20909K(156544K), 0.0221203 secs]
1.528: [Full GC (System.gc())  20909K->20882K(156544K), 0.0282733 secs]
1.562: [Full GC (System.gc())  20882K->20882K(156544K), 0.0243003 secs]
2.732: [Full GC (System.gc())  41736K->25263K(156544K), 0.0303616 secs]
2.765: [Full GC (System.gc())  25263K->25263K(156544K), 0.0253012 secs]
2.790: [Full GC (System.gc())  25263K->20884K(156544K), 0.0335270 secs]
2.824: [Full GC (System.gc())  20884K->20884K(156544K), 0.0265071 secs]
2.850: [Full GC (System.gc())  20884K->20884K(156544K), 0.0245222 secs]
2.889: [Full GC (System.gc())  21740K->20937K(156544K), 0.0273517 secs]
2.924: [Full GC (System.gc())  20937K->20937K(156544K), 0.0261490 secs]
2.958: [Full GC (System.gc())  20937K->20937K(156544K), 0.0283551 secs]
2.988: [Full GC (System.gc())  20937K->20937K(156544K), 0.0263821 secs]
3.014: [Full GC (System.gc())  20937K->20937K(156544K), 0.0242226 secs]
3.040: [Full GC (System.gc())  21794K->20934K(156544K), 0.0263580 secs]
3.067: [Full GC (System.gc())  20934K->20934K(156544K), 0.0252595 secs]
3.092: [Full GC (System.gc())  20934K->20934K(156544K), 0.0249718 secs]
3.117: [Full GC (System.gc())  20934K->20934K(156544K), 0.0296136 secs]
3.151: [Full GC (System.gc())  20934K->20934K(156544K), 0.0485671 secs]
4.223: [GC (Allocation Failure)  64198K->23593K(156544K), 0.0081227 secs]
6.088: [GC (Allocation Failure)  66857K->25743K(156544K), 0.0213054 secs]
7.097: [GC (Allocation Failure)  69007K->28572K(156544K), 0.0440799 secs]
7.793: [GC (Allocation Failure)  71836K->31213K(156544K), 0.0185488 secs]
8.281: [GC (Allocation Failure)  74477K->34604K(156544K), 0.0420585 secs]
8.646: [GC (Allocation Failure)  77868K->36914K(156544K), 0.0197672 secs]
8.936: [GC (Allocation Failure)  80178K->39299K(156544K), 0.0207131 secs]
9.341: [GC (Allocation Failure)  82563K->41964K(156544K), 0.0628393 secs]
9.728: [GC (Allocation Failure)  85228K->45353K(156544K), 0.0333964 secs]
10.159: [GC (Allocation Failure)  88617K->49122K(156544K), 0.0188773 secs]
10.478: [GC (Allocation Failure)  92386K->53434K(156544K), 0.0328844 secs]
10.942: [GC (Allocation Failure)  96698K->58694K(156544K), 0.1962120 secs]
11.460: [Full GC (System.gc())  93494K->51222K(156544K), 0.1316958 secs]
11.598: [Full GC (System.gc())  51222K->51222K(156544K), 0.2068421 secs]
11.815: [Full GC (System.gc())  51222K->51222K(156544K), 0.1860025 secs]
12.005: [Full GC (System.gc())  51222K->45827K(156544K), 0.2109175 secs]
12.228: [Full GC (System.gc())  45827K->45827K(156544K), 0.1964319 secs]
12.530: [GC (Allocation Failure)  89091K->46672K(156544K), 0.0035611 secs]
12.965: [GC (Allocation Failure)  89936K->50159K(156544K), 0.0083956 secs]
