Java HotSpot(TM) 64-Bit Server VM (25.91-b14) for linux-amd64 JRE (1.8.0_91-b14), built on Apr  1 2016 00:57:21 by "java_re" with gcc 4.3.0 20080428 (Red Hat 4.3.0-8)
Memory: 4k page, physical 10239976k(3858732k free), swap 4192252k(4192252k free)
CommandLine flags: -XX:InitialHeapSize=163839616 -XX:MaxHeapSize=2621433856 -XX:+PrintGC -XX:+PrintGCTimeStamps -XX:+UseCompressedClassPointers -XX:+UseCompressedOops 
1.697: [GC (Allocation Failure)  43136K->8409K(156416K), 0.0160581 secs]
1.930: [GC (Allocation Failure)  51545K->18822K(156416K), 0.0268380 secs]
2.428: [GC (Allocation Failure)  61958K->29256K(156416K), 0.0277292 secs]
2.819: [GC (Allocation Failure)  72392K->29662K(156416K), 0.0170837 secs]
4.903: [GC (Allocation Failure)  72798K->39300K(156416K), 0.0615991 secs]
6.932: [GC (Allocation Failure)  82436K->46665K(156416K), 0.0648730 secs]
8.309: [GC (Allocation Failure)  89801K->54457K(156416K), 0.0781193 secs]
10.010: [GC (Allocation Failure)  97593K->61045K(156416K), 0.0829846 secs]
11.299: [GC (Allocation Failure)  104181K->67513K(156416K), 0.0422861 secs]
11.940: [GC (Allocation Failure)  110649K->74268K(156416K), 0.0681752 secs]
12.570: [GC (Allocation Failure)  117404K->80634K(156416K), 0.0930011 secs]
13.203: [GC (Allocation Failure)  123770K->84118K(156416K), 0.0662198 secs]
14.244: [GC (Allocation Failure)  127254K->85496K(156416K), 0.0236721 secs]
15.193: [GC (Allocation Failure)  128632K->88842K(156416K), 0.0290561 secs]
16.314: [GC (Allocation Failure)  131978K->88980K(156416K), 0.0109188 secs]
17.053: [GC (Allocation Failure)  132116K->89633K(156416K), 0.0048756 secs]
17.648: [GC (Allocation Failure)  132769K->94926K(156416K), 0.0292063 secs]
18.317: [GC (Allocation Failure)  138062K->95079K(156416K), 0.0169753 secs]
19.025: [GC (Allocation Failure)  138215K->95437K(156416K), 0.0051965 secs]
19.684: [GC (Allocation Failure)  138573K->95541K(156416K), 0.0042625 secs]
20.060: [GC (Allocation Failure)  138677K->95606K(156416K), 0.0044025 secs]
20.338: [GC (Allocation Failure)  138742K->95614K(156416K), 0.0045657 secs]
20.638: [GC (Allocation Failure)  138750K->95631K(156416K), 0.0049827 secs]
20.918: [GC (Allocation Failure)  138767K->95735K(156416K), 0.0051193 secs]
21.204: [GC (Allocation Failure)  138871K->95710K(156416K), 0.0045792 secs]
21.531: [GC (Allocation Failure)  138846K->96013K(156416K), 0.0047938 secs]
21.791: [GC (Allocation Failure)  139149K->96002K(156416K), 0.0047535 secs]
22.099: [GC (Allocation Failure)  139138K->96151K(156416K), 0.0054335 secs]
22.544: [GC (Allocation Failure)  139287K->96737K(156416K), 0.0068419 secs]
22.927: [GC (Allocation Failure)  139873K->100922K(156416K), 0.0127216 secs]
23.028: [GC (Allocation Failure)  144058K->99587K(156416K), 0.0109195 secs]
23.171: [GC (Allocation Failure)  142723K->99881K(156416K), 0.0034454 secs]
