Java HotSpot(TM) 64-Bit Server VM (25.74-b02) for linux-amd64 JRE (1.8.0_74-b02), built on Jan 29 2016 19:20:56 by "java_re" with gcc 4.3.0 20080428 (Red Hat 4.3.0-8)
Memory: 4k page, physical 65960280k(315644k free), swap 32767996k(32767944k free)
CommandLine flags: -XX:InitialHeapSize=1055364480 -XX:MaxHeapSize=16885831680 -XX:+PrintGC -XX:+PrintGCTimeStamps -XX:+UseCompressedClassPointers -XX:+UseCompressedOops -XX:+UseParallelGC 
1.967: [GC (Allocation Failure)  258048K->14621K(989184K), 0.0320916 secs]
3.224: [GC (Allocation Failure)  272669K->11214K(1247232K), 0.0234900 secs]
4.609: [GC (Allocation Failure)  527310K->10940K(1247232K), 0.0153746 secs]
5.796: [GC (Allocation Failure)  527036K->8840K(1763328K), 0.0141730 secs]
28218.217: [GC (Allocation Failure)  1041032K->9204K(1763328K), 0.0130737 secs]
28219.217: [GC (Allocation Failure)  1041396K->8842K(1688576K), 0.0097464 secs]
28220.182: [GC (Allocation Failure)  1000074K->8958K(2671616K), 0.0156846 secs]
28222.798: [GC (Allocation Failure)  1991422K->8974K(2584064K), 0.0083131 secs]
28224.635: [GC (Allocation Failure)  1903886K->9318K(2501120K), 0.0043959 secs]
28226.438: [GC (Allocation Failure)  1821286K->9062K(2421760K), 0.0053766 secs]
28228.058: [GC (Allocation Failure)  1742182K->9078K(2364416K), 0.0047645 secs]
28229.650: [GC (Allocation Failure)  1666934K->9046K(2274816K), 0.0040800 secs]
28231.134: [GC (Allocation Failure)  1595222K->8998K(2224128K), 0.0038076 secs]
28232.562: [GC (Allocation Failure)  1527078K->9094K(2142208K), 0.0035987 secs]
28233.961: [GC (Allocation Failure)  1462662K->9030K(2097664K), 0.0029094 secs]
28235.312: [GC (Allocation Failure)  1401158K->9126K(2022400K), 0.0039271 secs]
28236.586: [GC (Allocation Failure)  1342886K->9110K(1982464K), 0.0040671 secs]
28237.767: [GC (Allocation Failure)  1287062K->9134K(1913856K), 0.0045178 secs]
28238.947: [GC (Allocation Failure)  1234350K->9150K(1878016K), 0.0038833 secs]
28240.051: [GC (Allocation Failure)  1184190K->9326K(1815552K), 0.0064313 secs]
28241.121: [GC (Allocation Failure)  1136238K->9286K(1782784K), 0.0053859 secs]
28242.161: [GC (Allocation Failure)  1090630K->9310K(1726464K), 0.0072417 secs]
28243.159: [GC (Allocation Failure)  1047134K->9254K(1696768K), 0.0036993 secs]
28244.111: [GC (Allocation Failure)  1005606K->9318K(1645568K), 0.0059841 secs]
28245.044: [GC (Allocation Failure)  966246K->9254K(1618432K), 0.0037758 secs]
28245.937: [GC (Allocation Failure)  928806K->9262K(1572352K), 0.0059414 secs]
28246.803: [GC (Allocation Failure)  892974K->9302K(1547776K), 0.0035987 secs]
28247.631: [GC (Allocation Failure)  859222K->9254K(1506304K), 0.0077863 secs]
28248.396: [GC (Allocation Failure)  826918K->9286K(1483264K), 0.0041953 secs]
28249.133: [GC (Allocation Failure)  796230K->9334K(1446400K), 0.0066375 secs]
28249.837: [GC (Allocation Failure)  767094K->9310K(1424896K), 0.0037820 secs]
28250.505: [GC (Allocation Failure)  738910K->9318K(1391616K), 0.0051170 secs]
28251.174: [GC (Allocation Failure)  712294K->9326K(1372160K), 0.0039901 secs]
28251.825: [GC (Allocation Failure)  686702K->9302K(1341952K), 0.0297808 secs]
28252.495: [GC (Allocation Failure)  662614K->9334K(1324032K), 0.0039285 secs]
28253.098: [GC (Allocation Failure)  639606K->9382K(1296896K), 0.0050136 secs]
28253.670: [GC (Allocation Failure)  617638K->9358K(1280000K), 0.0059969 secs]
28254.222: [GC (Allocation Failure)  596622K->9334K(1255936K), 0.0043404 secs]
28254.768: [GC (Allocation Failure)  576630K->9430K(1240064K), 0.0030016 secs]
28255.288: [GC (Allocation Failure)  557270K->9366K(1218048K), 0.0043974 secs]
28255.792: [GC (Allocation Failure)  538774K->9366K(1203712K), 0.0040638 secs]
28256.286: [GC (Allocation Failure)  521366K->9374K(1183744K), 0.0044207 secs]
28256.753: [GC (Allocation Failure)  504478K->9374K(1170432K), 0.0037596 secs]
28257.223: [GC (Allocation Failure)  488606K->9398K(1152512K), 0.0042543 secs]
28257.698: [GC (Allocation Failure)  473270K->9374K(1139712K), 0.0037744 secs]
28258.130: [GC (Allocation Failure)  458398K->9598K(1123840K), 0.0050607 secs]
28258.561: [GC (Allocation Failure)  444798K->9782K(1112576K), 0.0036100 secs]
28258.974: [GC (Allocation Failure)  431670K->9558K(1097728K), 0.0050729 secs]
28259.375: [GC (Allocation Failure)  418646K->9622K(1086976K), 0.0041286 secs]
28259.764: [GC (Allocation Failure)  406422K->9622K(1073664K), 0.0044237 secs]
28260.144: [GC (Allocation Failure)  394646K->9590K(1156096K), 0.0047043 secs]
28260.604: [GC (Allocation Failure)  475510K->9622K(1252864K), 0.0053657 secs]
28261.158: [GC (Allocation Failure)  573846K->9590K(1234944K), 0.0041541 secs]
28261.689: [GC (Allocation Failure)  554870K->9622K(1215488K), 0.0056548 secs]
28262.209: [GC (Allocation Failure)  536470K->9622K(1199104K), 0.0035813 secs]
28262.708: [GC (Allocation Failure)  519062K->9622K(1181184K), 0.0045013 secs]
28263.199: [GC (Allocation Failure)  502166K->9622K(1165824K), 0.0035698 secs]
28263.672: [GC (Allocation Failure)  486294K->9622K(1149952K), 0.0045263 secs]
28264.139: [GC (Allocation Failure)  470934K->9590K(1136128K), 0.0043440 secs]
28264.582: [GC (Allocation Failure)  456566K->9654K(1121792K), 0.0062077 secs]
28265.017: [GC (Allocation Failure)  442806K->9622K(1108992K), 0.0034833 secs]
28265.424: [GC (Allocation Failure)  429462K->9622K(1095680K), 0.0034791 secs]
28265.817: [GC (Allocation Failure)  416662K->9622K(1177600K), 0.0067352 secs]
28266.297: [GC (Allocation Failure)  498070K->9622K(1274880K), 0.0041219 secs]
28266.885: [GC (Allocation Failure)  595862K->9622K(1255424K), 0.0038940 secs]
28267.451: [GC (Allocation Failure)  575894K->9622K(1235968K), 0.0039239 secs]
28268.000: [GC (Allocation Failure)  556950K->9638K(1217536K), 0.0047070 secs]
28268.544: [GC (Allocation Failure)  538534K->9726K(1200128K), 0.0061384 secs]
28269.058: [GC (Allocation Failure)  521214K->9678K(1183232K), 0.0042587 secs]
28269.535: [GC (Allocation Failure)  504270K->9662K(1167360K), 0.0049343 secs]
28270.005: [GC (Allocation Failure)  488382K->9694K(1152000K), 0.0038696 secs]
28270.463: [GC (Allocation Failure)  473054K->9694K(1137152K), 0.0044347 secs]
28270.902: [GC (Allocation Failure)  458206K->9662K(1227264K), 0.0059260 secs]
28271.438: [GC (Allocation Failure)  548286K->9662K(1209344K), 0.0039375 secs]
28271.982: [GC (Allocation Failure)  530366K->9694K(1191936K), 0.0048669 secs]
28272.484: [GC (Allocation Failure)  512990K->9694K(1175552K), 0.0043945 secs]
28272.965: [GC (Allocation Failure)  496606K->9694K(1159680K), 0.0059956 secs]
28273.430: [GC (Allocation Failure)  480734K->9710K(1144832K), 0.0040857 secs]
28273.879: [GC (Allocation Failure)  465902K->9686K(1130496K), 0.0035252 secs]
28274.304: [GC (Allocation Failure)  451542K->9718K(1219072K), 0.0063592 secs]
28274.878: [GC (Allocation Failure)  540150K->9750K(1201664K), 0.0041801 secs]
28275.381: [GC (Allocation Failure)  522774K->9750K(1184768K), 0.0036137 secs]
28275.886: [GC (Allocation Failure)  505878K->9742K(1168896K), 0.0047730 secs]
28276.360: [GC (Allocation Failure)  489998K->9790K(1153536K), 0.0043387 secs]
28276.804: [GC (Allocation Failure)  474686K->9758K(1138688K), 0.0030580 secs]
28277.234: [GC (Allocation Failure)  459806K->9790K(1124864K), 0.0034586 secs]
28277.651: [GC (Allocation Failure)  446014K->9790K(1111552K), 0.0038251 secs]
28278.057: [GC (Allocation Failure)  432702K->9758K(1098752K), 0.0048591 secs]
28278.451: [GC (Allocation Failure)  419870K->9790K(1086464K), 0.0034677 secs]
28278.857: [GC (Allocation Failure)  407614K->9758K(1074688K), 0.0033318 secs]
28279.228: [GC (Allocation Failure)  395806K->9758K(1063424K), 0.0036050 secs]
28279.585: [GC (Allocation Failure)  384542K->9726K(1052672K), 0.0033775 secs]
28279.934: [GC (Allocation Failure)  373758K->9758K(1125888K), 0.0050828 secs]
28280.364: [GC (Allocation Failure)  447006K->9726K(1112576K), 0.0033107 secs]
28280.782: [GC (Allocation Failure)  433662K->9758K(1099776K), 0.0034798 secs]
28281.178: [GC (Allocation Failure)  420894K->9726K(1087488K), 0.0041691 secs]
28281.566: [GC (Allocation Failure)  408574K->9758K(1075712K), 0.0036445 secs]
28281.936: [GC (Allocation Failure)  396830K->9726K(1153536K), 0.0313888 secs]
28282.439: [GC (Allocation Failure)  474622K->9758K(1138688K), 0.0032210 secs]
28282.894: [GC (Allocation Failure)  459806K->9726K(1124864K), 0.0033749 secs]
28283.333: [GC (Allocation Failure)  445950K->9790K(1111552K), 0.0034074 secs]
28283.748: [GC (Allocation Failure)  432702K->9822K(1098752K), 0.0032564 secs]
28284.152: [GC (Allocation Failure)  419934K->9758K(1086464K), 0.0033030 secs]
28284.539: [GC (Allocation Failure)  407582K->9758K(1074688K), 0.0031869 secs]
28284.918: [GC (Allocation Failure)  395806K->9726K(1063424K), 0.0033377 secs]
28285.286: [GC (Allocation Failure)  384510K->9694K(1052672K), 0.0034484 secs]
28285.646: [GC (Allocation Failure)  373726K->9726K(1042432K), 0.0036087 secs]
28285.994: [GC (Allocation Failure)  363518K->9758K(1032704K), 0.0035737 secs]
28286.332: [GC (Allocation Failure)  353822K->9758K(1022976K), 0.0038679 secs]
28286.659: [GC (Allocation Failure)  344094K->9758K(1013760K), 0.0032756 secs]
28286.968: [GC (Allocation Failure)  334878K->9758K(1078784K), 0.0039630 secs]
28287.335: [GC (Allocation Failure)  399902K->9758K(1067520K), 0.0031759 secs]
28287.706: [GC (Allocation Failure)  388638K->9726K(1056256K), 0.0033452 secs]
28288.070: [GC (Allocation Failure)  377342K->9790K(1045504K), 0.0035183 secs]
28288.419: [GC (Allocation Failure)  366654K->9758K(1035264K), 0.0030584 secs]
28288.764: [GC (Allocation Failure)  356382K->9782K(1025536K), 0.0031276 secs]
28289.117: [GC (Allocation Failure)  346678K->9790K(1016320K), 0.0033863 secs]
28289.443: [GC (Allocation Failure)  337470K->9830K(1007616K), 0.0036468 secs]
28289.776: [GC (Allocation Failure)  328806K->9806K(998912K), 0.0034334 secs]
28290.078: [GC (Allocation Failure)  320078K->9814K(1061376K), 0.0036465 secs]
28290.441: [GC (Allocation Failure)  382550K->9822K(1050624K), 0.0032536 secs]
28290.789: [GC (Allocation Failure)  371806K->9790K(1040384K), 0.0032429 secs]
28291.121: [GC (Allocation Failure)  361534K->9822K(1030656K), 0.0029232 secs]
28291.451: [GC (Allocation Failure)  351838K->9822K(1099264K), 0.0040445 secs]
28291.839: [GC (Allocation Failure)  420446K->9822K(1181696K), 0.0049382 secs]
28292.309: [GC (Allocation Failure)  502878K->9822K(1165824K), 0.0031849 secs]
28292.762: [GC (Allocation Failure)  487006K->9790K(1150464K), 0.0033501 secs]
28293.224: [GC (Allocation Failure)  471614K->9822K(1136128K), 0.0031726 secs]
28293.642: [GC (Allocation Failure)  457310K->9822K(1122304K), 0.0029489 secs]
28294.052: [GC (Allocation Failure)  443486K->9822K(1108992K), 0.0037248 secs]
28294.524: [GC (Allocation Failure)  430174K->9822K(1096192K), 0.0032629 secs]
28294.911: [GC (Allocation Failure)  417374K->9854K(1083904K), 0.0034227 secs]
28295.285: [GC (Allocation Failure)  405118K->9822K(1072128K), 0.0032857 secs]
28295.650: [GC (Allocation Failure)  393310K->9822K(1060864K), 0.0034158 secs]
28296.003: [GC (Allocation Failure)  382046K->9822K(1050112K), 0.0033038 secs]
28296.351: [GC (Allocation Failure)  371294K->9822K(1039872K), 0.0037952 secs]
28296.684: [GC (Allocation Failure)  361054K->9822K(1030144K), 0.0041804 secs]
28297.016: [GC (Allocation Failure)  351326K->9822K(1020928K), 0.0027938 secs]
28297.329: [GC (Allocation Failure)  342110K->9854K(1011712K), 0.0032513 secs]
28297.637: [GC (Allocation Failure)  332926K->9790K(1003008K), 0.0031724 secs]
28297.941: [GC (Allocation Failure)  324158K->9822K(1065984K), 0.0038395 secs]
28298.295: [GC (Allocation Failure)  387166K->9830K(1141760K), 0.0046764 secs]
28298.727: [GC (Allocation Failure)  462950K->9798K(1232384K), 0.0037027 secs]
28299.240: [GC (Allocation Failure)  553542K->9830K(1213952K), 0.0036360 secs]
28299.749: [GC (Allocation Failure)  535142K->9830K(1196544K), 0.0032251 secs]
28300.227: [GC (Allocation Failure)  517734K->9798K(1180160K), 0.0026816 secs]
28300.684: [GC (Allocation Failure)  501318K->9798K(1164288K), 0.0029898 secs]
28301.133: [GC (Allocation Failure)  485446K->9830K(1148928K), 0.0035364 secs]
28301.564: [GC (Allocation Failure)  470118K->9830K(1134592K), 0.0037074 secs]
28301.984: [GC (Allocation Failure)  455782K->9830K(1120768K), 0.0032275 secs]
28302.387: [GC (Allocation Failure)  441958K->9862K(1107456K), 0.0030079 secs]
28302.783: [GC (Allocation Failure)  428678K->9766K(1094656K), 0.0042594 secs]
28303.168: [GC (Allocation Failure)  415782K->9862K(1082368K), 0.0033802 secs]
28303.551: [GC (Allocation Failure)  403590K->9830K(1070592K), 0.0034869 secs]
28303.923: [GC (Allocation Failure)  391782K->9830K(1059328K), 0.0033251 secs]
28304.284: [GC (Allocation Failure)  380518K->9798K(1048576K), 0.0027740 secs]
28304.665: [GC (Allocation Failure)  369734K->9862K(1038336K), 0.0041217 secs]
28305.013: [GC (Allocation Failure)  359558K->9830K(1028608K), 0.0031510 secs]
28305.354: [GC (Allocation Failure)  349798K->9830K(1019392K), 0.0031344 secs]
28305.686: [GC (Allocation Failure)  340582K->9862K(1010176K), 0.0033057 secs]
28306.004: [GC (Allocation Failure)  331398K->9830K(1001472K), 0.0035011 secs]
28306.311: [GC (Allocation Failure)  322662K->9838K(993280K), 0.0033068 secs]
28306.605: [GC (Allocation Failure)  314478K->9814K(1054208K), 0.0041063 secs]
28306.966: [GC (Allocation Failure)  375382K->9846K(1127424K), 0.0033369 secs]
28307.393: [GC (Allocation Failure)  448630K->9822K(1114112K), 0.0031072 secs]
28307.806: [GC (Allocation Failure)  435294K->9910K(1101312K), 0.0031793 secs]
28308.206: [GC (Allocation Failure)  422582K->9934K(1089024K), 0.0035872 secs]
28308.594: [GC (Allocation Failure)  410318K->9910K(1077248K), 0.0044721 secs]
28308.961: [GC (Allocation Failure)  398518K->9910K(1065984K), 0.0030625 secs]
28309.314: [GC (Allocation Failure)  387254K->9910K(1055232K), 0.0034221 secs]
28309.760: [GC (Allocation Failure)  376502K->9910K(1044480K), 0.0034560 secs]
28310.099: [GC (Allocation Failure)  365750K->9910K(1034240K), 0.0042198 secs]
28310.437: [GC (Allocation Failure)  355510K->9878K(1103360K), 0.0038158 secs]
28310.830: [GC (Allocation Failure)  424598K->9910K(1186304K), 0.0044629 secs]
28311.306: [GC (Allocation Failure)  507574K->9878K(1169920K), 0.0028238 secs]
28311.755: [GC (Allocation Failure)  491158K->9878K(1154560K), 0.0034321 secs]
28312.190: [GC (Allocation Failure)  475798K->9910K(1139712K), 0.0037718 secs]
28312.614: [GC (Allocation Failure)  460982K->9878K(1125376K), 0.0032615 secs]
28313.025: [GC (Allocation Failure)  446614K->9910K(1112064K), 0.0035533 secs]
28313.424: [GC (Allocation Failure)  433334K->9878K(1099264K), 0.0029813 secs]
28313.814: [GC (Allocation Failure)  420502K->9878K(1086976K), 0.0033557 secs]
28314.193: [GC (Allocation Failure)  408214K->9910K(1075200K), 0.0040133 secs]
28314.560: [GC (Allocation Failure)  396470K->9910K(1152512K), 0.0053508 secs]
28315.021: [GC (Allocation Failure)  473782K->9878K(1137664K), 0.0031918 secs]
28315.448: [GC (Allocation Failure)  458902K->9910K(1123840K), 0.0037071 secs]
28315.860: [GC (Allocation Failure)  445110K->9910K(1110528K), 0.0030720 secs]
28316.257: [GC (Allocation Failure)  431798K->9910K(1097728K), 0.0031214 secs]
28316.652: [GC (Allocation Failure)  418998K->9942K(1085440K), 0.0030006 secs]
28317.047: [GC (Allocation Failure)  406742K->10102K(1073664K), 0.0042512 secs]
28317.429: [GC (Allocation Failure)  395126K->9966K(1062400K), 0.0031299 secs]
28317.816: [GC (Allocation Failure)  383726K->10062K(1051648K), 0.0030943 secs]
28318.165: [GC (Allocation Failure)  373070K->10030K(1041408K), 0.0037734 secs]
28318.508: [GC (Allocation Failure)  362798K->10038K(1031680K), 0.0038939 secs]
28318.843: [GC (Allocation Failure)  353078K->10038K(1021952K), 0.0037831 secs]
28319.171: [GC (Allocation Failure)  343350K->10070K(1089024K), 0.0035902 secs]
28319.562: [GC (Allocation Failure)  410454K->9974K(1077248K), 0.0029695 secs]
28319.939: [GC (Allocation Failure)  398582K->10038K(1065984K), 0.0039057 secs]
28320.385: [GC (Allocation Failure)  387382K->10038K(1055232K), 0.0042556 secs]
28320.741: [GC (Allocation Failure)  376630K->10038K(1044480K), 0.0032707 secs]
28321.090: [GC (Allocation Failure)  365878K->10038K(1034240K), 0.0038439 secs]
28321.437: [GC (Allocation Failure)  355638K->10038K(1024512K), 0.0034155 secs]
28321.771: [GC (Allocation Failure)  345910K->10038K(1015296K), 0.0032137 secs]
28322.099: [GC (Allocation Failure)  336694K->10070K(1006592K), 0.0035811 secs]
28322.420: [GC (Allocation Failure)  328022K->10038K(1070592K), 0.0042688 secs]
28322.800: [GC (Allocation Failure)  391990K->10070K(1147392K), 0.0035360 secs]
28323.258: [GC (Allocation Failure)  468822K->10006K(1133056K), 0.0027601 secs]
28323.689: [GC (Allocation Failure)  454422K->10006K(1119232K), 0.0031259 secs]
28324.115: [GC (Allocation Failure)  440598K->10070K(1105920K), 0.0031092 secs]
28324.527: [GC (Allocation Failure)  427350K->10038K(1093120K), 0.0038560 secs]
28324.935: [GC (Allocation Failure)  414518K->10006K(1080832K), 0.0031878 secs]
28325.319: [GC (Allocation Failure)  402198K->10038K(1069056K), 0.0031192 secs]
28325.690: [GC (Allocation Failure)  390454K->10038K(1057792K), 0.0038089 secs]
28326.048: [GC (Allocation Failure)  379190K->10038K(1047040K), 0.0036398 secs]
28326.395: [GC (Allocation Failure)  368438K->10094K(1036800K), 0.0033601 secs]
28326.742: [GC (Allocation Failure)  358254K->10038K(1027072K), 0.0035570 secs]
28327.078: [GC (Allocation Failure)  348470K->10070K(1017856K), 0.0037263 secs]
28327.406: [GC (Allocation Failure)  339286K->10102K(1008640K), 0.0034616 secs]
28327.719: [GC (Allocation Failure)  330102K->10078K(999936K), 0.0029559 secs]
28328.023: [GC (Allocation Failure)  321374K->10118K(1062400K), 0.0039294 secs]
28328.386: [GC (Allocation Failure)  383878K->10086K(1137152K), 0.0034485 secs]
28328.822: [GC (Allocation Failure)  458598K->10086K(1123328K), 0.0030459 secs]
28329.245: [GC (Allocation Failure)  444774K->10054K(1110016K), 0.0030863 secs]
28329.650: [GC (Allocation Failure)  431430K->10118K(1097216K), 0.0033461 secs]
28330.049: [GC (Allocation Failure)  418694K->10086K(1084928K), 0.0035101 secs]
28330.449: [GC (Allocation Failure)  406374K->10054K(1073152K), 0.0031789 secs]
28330.860: [GC (Allocation Failure)  394566K->10086K(1061888K), 0.0034046 secs]
28331.246: [GC (Allocation Failure)  383334K->10054K(1051136K), 0.0048908 secs]
28331.611: [GC (Allocation Failure)  372550K->10118K(1040896K), 0.0037165 secs]
28331.957: [GC (Allocation Failure)  362374K->10070K(1111552K), 0.0042476 secs]
28332.370: [GC (Allocation Failure)  432982K->10102K(1098752K), 0.0032581 secs]
28332.767: [GC (Allocation Failure)  420214K->10150K(1086464K), 0.0034361 secs]
28333.155: [GC (Allocation Failure)  407974K->10166K(1074688K), 0.0035743 secs]
28333.531: [GC (Allocation Failure)  396214K->10102K(1063424K), 0.0038942 secs]
28333.900: [GC (Allocation Failure)  384886K->10198K(1052672K), 0.0037905 secs]
28334.256: [GC (Allocation Failure)  374230K->10270K(1042432K), 0.0039223 secs]
28334.602: [GC (Allocation Failure)  364062K->10222K(1032704K), 0.0032179 secs]
28334.930: [GC (Allocation Failure)  354286K->10166K(1022976K), 0.0036308 secs]
28335.252: [GC (Allocation Failure)  344502K->10166K(1090048K), 0.0039113 secs]
28335.640: [GC (Allocation Failure)  411574K->10198K(1078272K), 0.0032364 secs]
28336.069: [GC (Allocation Failure)  399830K->10198K(1067008K), 0.0042417 secs]
28336.439: [GC (Allocation Failure)  388566K->10198K(1142784K), 0.0043752 secs]
28336.888: [GC (Allocation Failure)  464342K->10166K(1233920K), 0.0051505 secs]
28337.415: [GC (Allocation Failure)  555446K->10198K(1215488K), 0.0038296 secs]
28337.923: [GC (Allocation Failure)  537046K->10198K(1198080K), 0.0038911 secs]
28338.412: [GC (Allocation Failure)  519638K->10166K(1181184K), 0.0034313 secs]
28338.886: [GC (Allocation Failure)  502710K->10198K(1165312K), 0.0040117 secs]
28339.346: [GC (Allocation Failure)  486870K->10198K(1149952K), 0.0035674 secs]
28339.797: [GC (Allocation Failure)  471510K->10198K(1135616K), 0.0033728 secs]
28340.226: [GC (Allocation Failure)  457174K->10166K(1121792K), 0.0032184 secs]
28340.641: [GC (Allocation Failure)  443318K->10166K(1108480K), 0.0034407 secs]
28341.117: [GC (Allocation Failure)  430006K->10230K(1095680K), 0.0032529 secs]
28341.508: [GC (Allocation Failure)  417270K->10198K(1083392K), 0.0033778 secs]
28341.917: [GC (Allocation Failure)  404950K->10198K(1071616K), 0.0042154 secs]
28342.295: [GC (Allocation Failure)  393174K->10166K(1060352K), 0.0043098 secs]
28342.663: [GC (Allocation Failure)  381878K->10198K(1049600K), 0.0039905 secs]
28343.019: [GC (Allocation Failure)  371158K->10262K(1039360K), 0.0036887 secs]
28343.364: [GC (Allocation Failure)  360982K->10198K(1029632K), 0.0030233 secs]
28343.699: [GC (Allocation Failure)  351190K->10198K(1020416K), 0.0032657 secs]
28344.030: [GC (Allocation Failure)  341974K->10198K(1011200K), 0.0035608 secs]
28344.348: [GC (Allocation Failure)  332758K->10198K(1002496K), 0.0036976 secs]
28344.660: [GC (Allocation Failure)  324054K->10230K(1065472K), 0.0035107 secs]
28345.028: [GC (Allocation Failure)  387062K->10198K(1141248K), 0.0036716 secs]
28345.456: [GC (Allocation Failure)  462806K->10230K(1126912K), 0.0037899 secs]
28345.872: [GC (Allocation Failure)  448502K->10198K(1113600K), 0.0035244 secs]
28346.291: [GC (Allocation Failure)  435158K->10230K(1100800K), 0.0036152 secs]
28346.701: [GC (Allocation Failure)  422390K->10166K(1088512K), 0.0030437 secs]
28347.092: [GC (Allocation Failure)  410038K->10198K(1076736K), 0.0603415 secs]
28347.564: [GC (Allocation Failure)  398294K->10206K(1065472K), 0.0033703 secs]
28347.934: [GC (Allocation Failure)  387038K->10182K(1054720K), 0.0036374 secs]
28348.295: [GC (Allocation Failure)  376262K->10270K(1044480K), 0.0028879 secs]
28348.641: [GC (Allocation Failure)  366110K->10302K(1034240K), 0.0028198 secs]
28348.977: [GC (Allocation Failure)  355902K->10238K(1024512K), 0.0035818 secs]
28349.293: [GC (Allocation Failure)  346110K->10206K(1015296K), 0.0042048 secs]
28349.613: [GC (Allocation Failure)  336862K->10270K(1080832K), 0.0035472 secs]
28349.994: [GC (Allocation Failure)  402462K->10238K(1159680K), 0.0039079 secs]
28350.438: [GC (Allocation Failure)  481278K->10206K(1144832K), 0.0043885 secs]
28350.871: [GC (Allocation Failure)  466398K->10238K(1130496K), 0.0032282 secs]
28351.313: [GC (Allocation Failure)  452094K->10238K(1116672K), 0.0044124 secs]
28351.719: [GC (Allocation Failure)  438270K->10238K(1103360K), 0.0033348 secs]
28352.110: [GC (Allocation Failure)  424958K->10238K(1091072K), 0.0035120 secs]
28352.489: [GC (Allocation Failure)  412670K->10238K(1079296K), 0.0039665 secs]
28352.869: [GC (Allocation Failure)  400894K->10206K(1068032K), 0.0038618 secs]
28353.230: [GC (Allocation Failure)  389598K->10270K(1056768K), 0.0039601 secs]
28353.581: [GC (Allocation Failure)  378398K->10206K(1046016K), 0.0032053 secs]
28353.922: [GC (Allocation Failure)  367582K->10238K(1035776K), 0.0036981 secs]
28354.253: [GC (Allocation Failure)  357374K->10238K(1026048K), 0.0035421 secs]
28354.582: [GC (Allocation Failure)  347646K->10238K(1016832K), 0.0032687 secs]
28354.894: [GC (Allocation Failure)  338430K->10270K(1082880K), 0.0033772 secs]
28355.265: [GC (Allocation Failure)  404510K->10238K(1071104K), 0.0037478 secs]
28355.627: [GC (Allocation Failure)  392702K->10238K(1059840K), 0.0031765 secs]
28355.983: [GC (Allocation Failure)  381438K->10238K(1049088K), 0.0038288 secs]
28356.353: [GC (Allocation Failure)  370686K->10206K(1121280K), 0.0041924 secs]
28356.765: [GC (Allocation Failure)  442846K->10206K(1107968K), 0.0035135 secs]
28357.167: [GC (Allocation Failure)  429534K->10238K(1095168K), 0.0034632 secs]
28357.548: [GC (Allocation Failure)  416766K->10238K(1082880K), 0.0034395 secs]
28357.925: [GC (Allocation Failure)  404478K->10270K(1071104K), 0.0032684 secs]
28358.286: [GC (Allocation Failure)  392734K->10238K(1059840K), 0.0036154 secs]
28358.638: [GC (Allocation Failure)  381438K->10206K(1049088K), 0.0036730 secs]
28358.977: [GC (Allocation Failure)  370654K->10270K(1038848K), 0.0031583 secs]
28359.314: [GC (Allocation Failure)  360478K->10238K(1029120K), 0.0034001 secs]
28359.636: [GC (Allocation Failure)  350718K->10206K(1019904K), 0.0036482 secs]
28359.949: [GC (Allocation Failure)  341470K->10238K(1010688K), 0.0033020 secs]
28360.255: [GC (Allocation Failure)  332286K->10238K(1075200K), 0.0039128 secs]
28360.618: [GC (Allocation Failure)  396798K->10238K(1152512K), 0.0042015 secs]
28361.063: [GC (Allocation Failure)  474110K->10302K(1245696K), 0.0038795 secs]
28361.585: [GC (Allocation Failure)  567358K->10238K(1226752K), 0.0033657 secs]
28362.112: [GC (Allocation Failure)  548350K->10238K(1208832K), 0.0035460 secs]
28362.620: [GC (Allocation Failure)  530430K->10270K(1191936K), 0.0044438 secs]
28363.111: [GC (Allocation Failure)  513566K->10270K(1175552K), 0.0033036 secs]
28363.595: [GC (Allocation Failure)  497182K->10238K(1159680K), 0.0035434 secs]
28364.065: [GC (Allocation Failure)  481278K->10206K(1144832K), 0.0041086 secs]
28364.518: [GC (Allocation Failure)  466398K->10238K(1130496K), 0.0040420 secs]
28364.942: [GC (Allocation Failure)  452094K->10222K(1116672K), 0.0033772 secs]
28365.381: [GC (Allocation Failure)  438254K->10254K(1103360K), 0.0047877 secs]
28365.802: [GC (Allocation Failure)  424974K->10254K(1091072K), 0.0035869 secs]
28366.195: [GC (Allocation Failure)  412686K->10286K(1079296K), 0.0038814 secs]
28366.607: [GC (Allocation Failure)  400942K->10286K(1068032K), 0.0032712 secs]
28366.970: [GC (Allocation Failure)  389678K->10262K(1056768K), 0.0037368 secs]
28367.324: [GC (Allocation Failure)  378390K->10262K(1046016K), 0.0029347 secs]
28367.674: [GC (Allocation Failure)  367638K->10294K(1035776K), 0.0029443 secs]
28368.013: [GC (Allocation Failure)  357430K->10262K(1026048K), 0.0029109 secs]
28368.343: [GC (Allocation Failure)  347670K->10230K(1016832K), 0.0035446 secs]
28368.673: [GC (Allocation Failure)  338422K->10262K(1008128K), 0.0042811 secs]
28369.002: [GC (Allocation Failure)  329750K->10294K(999424K), 0.0033858 secs]
28369.308: [GC (Allocation Failure)  321078K->10262K(1061888K), 0.0033025 secs]
28369.671: [GC (Allocation Failure)  383510K->10230K(1051136K), 0.0034426 secs]
28370.021: [GC (Allocation Failure)  372726K->10230K(1040896K), 0.0035391 secs]
28370.371: [GC (Allocation Failure)  362486K->10230K(1031168K), 0.0033654 secs]
28370.712: [GC (Allocation Failure)  352758K->10294K(1099776K), 0.0038401 secs]
28371.120: [GC (Allocation Failure)  421430K->10262K(1087488K), 0.0039982 secs]
28371.516: [GC (Allocation Failure)  409110K->10262K(1167360K), 0.0043188 secs]
28372.011: [GC (Allocation Failure)  488982K->10262K(1152000K), 0.0037012 secs]
28372.463: [GC (Allocation Failure)  473622K->10302K(1137152K), 0.0038135 secs]
28372.902: [GC (Allocation Failure)  458814K->10262K(1123328K), 0.0036856 secs]
28373.318: [GC (Allocation Failure)  444950K->10262K(1110016K), 0.0037098 secs]
28373.723: [GC (Allocation Failure)  431638K->10262K(1097216K), 0.0036533 secs]
28374.118: [GC (Allocation Failure)  418838K->10326K(1084928K), 0.0032502 secs]
28374.505: [GC (Allocation Failure)  406614K->10294K(1073152K), 0.0041408 secs]
28374.882: [GC (Allocation Failure)  394806K->10294K(1061888K), 0.0030110 secs]
28375.251: [GC (Allocation Failure)  383542K->10294K(1051136K), 0.0042778 secs]
28375.609: [GC (Allocation Failure)  372790K->10262K(1123840K), 0.0047765 secs]
28376.032: [GC (Allocation Failure)  445462K->10294K(1110528K), 0.0037519 secs]
28376.439: [GC (Allocation Failure)  432182K->10294K(1097728K), 0.0038227 secs]
28376.841: [GC (Allocation Failure)  419382K->10326K(1085440K), 0.0032016 secs]
28377.256: [GC (Allocation Failure)  407126K->10294K(1073664K), 0.0040384 secs]
28377.633: [GC (Allocation Failure)  395318K->10262K(1150976K), 0.0068988 secs]
28378.086: [GC (Allocation Failure)  472598K->10294K(1243648K), 0.0053069 secs]
28378.622: [GC (Allocation Failure)  565302K->10262K(1354752K), 0.0037903 secs]
28379.258: [GC (Allocation Failure)  676374K->10294K(1331200K), 0.0039969 secs]
28379.881: [GC (Allocation Failure)  652854K->10326K(1308672K), 0.0034939 secs]
28380.478: [GC (Allocation Failure)  630358K->10294K(1287168K), 0.0034957 secs]
28381.061: [GC (Allocation Failure)  608822K->10262K(1266688K), 0.0024458 secs]
28381.625: [GC (Allocation Failure)  588310K->10326K(1246720K), 0.0032544 secs]
28382.174: [GC (Allocation Failure)  568406K->10262K(1227776K), 0.0052413 secs]
28382.731: [GC (Allocation Failure)  549398K->10294K(1209856K), 0.0033805 secs]
28383.258: [GC (Allocation Failure)  531510K->10294K(1192448K), 0.0037658 secs]
28383.752: [GC (Allocation Failure)  514102K->10326K(1176064K), 0.0039190 secs]
28384.229: [GC (Allocation Failure)  497750K->10310K(1160192K), 0.0037828 secs]
28384.690: [GC (Allocation Failure)  481862K->10286K(1145344K), 0.0040082 secs]
28385.133: [GC (Allocation Failure)  466990K->10326K(1131008K), 0.0037436 secs]
28385.560: [GC (Allocation Failure)  452694K->10334K(1117184K), 0.0041862 secs]
28385.987: [GC (Allocation Failure)  438878K->10334K(1103872K), 0.0040078 secs]
28386.395: [GC (Allocation Failure)  425566K->10334K(1091072K), 0.0043694 secs]
28386.788: [GC (Allocation Failure)  412766K->10334K(1079296K), 0.0036630 secs]
28387.169: [GC (Allocation Failure)  400990K->10270K(1068032K), 0.0038425 secs]
28387.568: [GC (Allocation Failure)  389662K->10334K(1056768K), 0.0039759 secs]
28387.943: [GC (Allocation Failure)  378462K->10334K(1046016K), 0.0037102 secs]
28388.285: [GC (Allocation Failure)  367710K->10334K(1035776K), 0.0034229 secs]
28388.642: [GC (Allocation Failure)  357470K->10334K(1026048K), 0.0040677 secs]
28388.973: [GC (Allocation Failure)  347742K->10342K(1093632K), 0.0039408 secs]
28389.362: [GC (Allocation Failure)  415334K->10342K(1175040K), 0.0038580 secs]
28389.829: [GC (Allocation Failure)  496742K->10342K(1159168K), 0.0031369 secs]
28390.279: [GC (Allocation Failure)  480870K->10310K(1144320K), 0.0039621 secs]
28390.718: [GC (Allocation Failure)  465990K->10342K(1129984K), 0.0041018 secs]
28391.143: [GC (Allocation Failure)  451686K->10310K(1116160K), 0.0044051 secs]
28391.559: [GC (Allocation Failure)  437830K->10310K(1102848K), 0.0033594 secs]
28391.964: [GC (Allocation Failure)  424518K->10310K(1090560K), 0.0034519 secs]
28392.354: [GC (Allocation Failure)  412230K->10374K(1078784K), 0.0042475 secs]
28392.772: [GC (Allocation Failure)  400518K->10310K(1067520K), 0.0033304 secs]
28393.140: [GC (Allocation Failure)  389190K->10342K(1056256K), 0.0041877 secs]
28393.507: [GC (Allocation Failure)  377958K->10342K(1045504K), 0.0039548 secs]
28393.855: [GC (Allocation Failure)  367206K->10310K(1035264K), 0.0035459 secs]
28394.193: [GC (Allocation Failure)  356934K->10342K(1104896K), 0.0040495 secs]
28394.601: [GC (Allocation Failure)  426598K->10374K(1188352K), 0.0039996 secs]
28395.088: [GC (Allocation Failure)  510086K->10430K(1171968K), 0.0044726 secs]
28395.555: [GC (Allocation Failure)  493758K->10366K(1156608K), 0.0042399 secs]
28396.038: [GC (Allocation Failure)  478334K->10366K(1141760K), 0.0046938 secs]
28396.502: [GC (Allocation Failure)  463486K->10398K(1127424K), 0.0039654 secs]
28396.934: [GC (Allocation Failure)  449182K->10366K(1114112K), 0.0038296 secs]
28397.347: [GC (Allocation Failure)  435838K->10366K(1101312K), 0.0039033 secs]
28397.736: [GC (Allocation Failure)  423038K->10366K(1089024K), 0.0035079 secs]
28398.133: [GC (Allocation Failure)  410750K->10334K(1077248K), 0.0034322 secs]
28398.508: [GC (Allocation Failure)  398942K->10334K(1065984K), 0.0036683 secs]
28398.863: [GC (Allocation Failure)  387678K->10366K(1055232K), 0.0029070 secs]
28399.213: [GC (Allocation Failure)  376958K->10366K(1044480K), 0.0040262 secs]
28399.554: [GC (Allocation Failure)  366206K->10334K(1034240K), 0.0036888 secs]
28399.882: [GC (Allocation Failure)  355934K->10366K(1103360K), 0.0061574 secs]
28400.280: [GC (Allocation Failure)  425086K->10398K(1186304K), 0.0046887 secs]
28400.753: [GC (Allocation Failure)  508062K->10334K(1286144K), 0.0031743 secs]
28401.334: [GC (Allocation Failure)  607838K->10366K(1265664K), 0.0040385 secs]
28401.874: [GC (Allocation Failure)  587390K->10366K(1246208K), 0.0033196 secs]
28402.407: [GC (Allocation Failure)  567934K->10366K(1227264K), 0.0044913 secs]
28402.920: [GC (Allocation Failure)  548990K->10366K(1209344K), 0.0155530 secs]
28403.421: [GC (Allocation Failure)  531070K->10334K(1191936K), 0.0031754 secs]
28403.892: [GC (Allocation Failure)  513630K->10366K(1175552K), 0.0032052 secs]
28404.352: [GC (Allocation Failure)  497278K->10334K(1159680K), 0.0043381 secs]
28404.800: [GC (Allocation Failure)  481374K->10366K(1144832K), 0.0036634 secs]
28405.235: [GC (Allocation Failure)  466558K->10366K(1130496K), 0.0042735 secs]
28405.663: [GC (Allocation Failure)  452222K->10334K(1116672K), 0.0042819 secs]
28406.076: [GC (Allocation Failure)  438366K->10366K(1103360K), 0.0057533 secs]
28406.484: [GC (Allocation Failure)  425086K->10430K(1091072K), 0.0035313 secs]
28406.877: [GC (Allocation Failure)  412862K->10366K(1079296K), 0.0031976 secs]
28407.263: [GC (Allocation Failure)  401022K->10366K(1068032K), 0.0034307 secs]
28407.650: [GC (Allocation Failure)  389758K->10374K(1056768K), 0.0041856 secs]
28408.023: [GC (Allocation Failure)  378502K->10382K(1046016K), 0.0039836 secs]
28408.385: [GC (Allocation Failure)  367758K->10382K(1035776K), 0.0037306 secs]
28408.720: [GC (Allocation Failure)  357518K->10382K(1026048K), 0.0036029 secs]
28409.042: [GC (Allocation Failure)  347790K->10382K(1093632K), 0.0038429 secs]
28409.429: [GC (Allocation Failure)  415374K->10382K(1081344K), 0.0033938 secs]
28409.818: [GC (Allocation Failure)  403086K->10350K(1069568K), 0.0038345 secs]
28410.171: [GC (Allocation Failure)  391278K->10382K(1058304K), 0.0032004 secs]
28410.516: [GC (Allocation Failure)  380046K->10382K(1047552K), 0.0027522 secs]
28410.861: [GC (Allocation Failure)  369294K->10382K(1037312K), 0.0039333 secs]
28411.296: [GC (Allocation Failure)  359054K->10414K(1027584K), 0.0033665 secs]
28411.628: [GC (Allocation Failure)  349358K->10382K(1018368K), 0.0034272 secs]
28411.953: [GC (Allocation Failure)  340110K->10382K(1009152K), 0.0034008 secs]
28412.267: [GC (Allocation Failure)  330894K->10382K(1000448K), 0.0033942 secs]
28412.570: [GC (Allocation Failure)  322190K->10350K(1062912K), 0.0035420 secs]
28412.944: [GC (Allocation Failure)  384622K->10350K(1052160K), 0.0028939 secs]
28413.293: [GC (Allocation Failure)  373870K->10382K(1041920K), 0.0032447 secs]
28413.691: [GC (Allocation Failure)  363662K->10414K(1032192K), 0.0035559 secs]
28414.034: [GC (Allocation Failure)  353966K->10382K(1022464K), 0.0035702 secs]
28414.373: [GC (Allocation Failure)  344206K->10382K(1013248K), 0.0037100 secs]
28414.698: [GC (Allocation Failure)  334990K->10446K(1004544K), 0.0032082 secs]
28415.036: [GC (Allocation Failure)  326350K->10350K(996352K), 0.0036668 secs]
28415.346: [GC (Allocation Failure)  318062K->10414K(1058304K), 0.0036575 secs]
28415.711: [GC (Allocation Failure)  380078K->10382K(1132544K), 0.0040071 secs]
28416.143: [GC (Allocation Failure)  454286K->10350K(1118720K), 0.0031086 secs]
28416.554: [GC (Allocation Failure)  440430K->10350K(1105408K), 0.0036971 secs]
28416.948: [GC (Allocation Failure)  427118K->10382K(1092608K), 0.0039685 secs]
28417.328: [GC (Allocation Failure)  414350K->10350K(1080320K), 0.0041554 secs]
28417.702: [GC (Allocation Failure)  402030K->10382K(1068544K), 0.0036771 secs]
28418.074: [GC (Allocation Failure)  390286K->10382K(1144832K), 0.0055859 secs]
28418.526: [GC (Allocation Failure)  466574K->10414K(1236480K), 0.0034901 secs]
28419.144: [GC (Allocation Failure)  558254K->10382K(1218048K), 0.0036165 secs]
28419.676: [GC (Allocation Failure)  539790K->10350K(1200640K), 0.0039693 secs]
28420.159: [GC (Allocation Failure)  522350K->10382K(1183744K), 0.0033466 secs]
28420.614: [GC (Allocation Failure)  505486K->10382K(1167872K), 0.0039435 secs]
28421.111: [GC (Allocation Failure)  489614K->10382K(1152512K), 0.0057584 secs]
28421.587: [GC (Allocation Failure)  474254K->10350K(1137664K), 0.0036278 secs]
28422.000: [GC (Allocation Failure)  459374K->10382K(1123840K), 0.0036328 secs]
28422.417: [GC (Allocation Failure)  445582K->10350K(1110528K), 0.0040978 secs]
28422.831: [GC (Allocation Failure)  432238K->10382K(1097728K), 0.0033072 secs]
28423.231: [GC (Allocation Failure)  419470K->10382K(1085440K), 0.0032117 secs]
28423.621: [GC (Allocation Failure)  407182K->10382K(1073664K), 0.0033669 secs]
28424.016: [GC (Allocation Failure)  395406K->10350K(1062400K), 0.0046678 secs]
28424.388: [GC (Allocation Failure)  384110K->10382K(1051648K), 0.0036168 secs]
28424.749: [GC (Allocation Failure)  373390K->10382K(1041408K), 0.0029445 secs]
28425.100: [GC (Allocation Failure)  363150K->10382K(1031680K), 0.0042510 secs]
28425.441: [GC (Allocation Failure)  353422K->10414K(1100288K), 0.0045771 secs]
28425.847: [GC (Allocation Failure)  422062K->10350K(1182720K), 0.0040129 secs]
28426.318: [GC (Allocation Failure)  504430K->10350K(1166848K), 0.0036920 secs]
28426.760: [GC (Allocation Failure)  488558K->10350K(1151488K), 0.0032711 secs]
28427.190: [GC (Allocation Failure)  473198K->10382K(1136640K), 0.0031149 secs]
28427.609: [GC (Allocation Failure)  458382K->10382K(1122816K), 0.0040446 secs]
28428.026: [GC (Allocation Failure)  444558K->10382K(1109504K), 0.0035495 secs]
28428.437: [GC (Allocation Failure)  431246K->10382K(1096704K), 0.0037240 secs]
28428.831: [GC (Allocation Failure)  418446K->10382K(1084416K), 0.0033861 secs]
28429.201: [GC (Allocation Failure)  406158K->10382K(1072640K), 0.0042004 secs]
28429.570: [GC (Allocation Failure)  394382K->10350K(1061376K), 0.0029045 secs]
28429.930: [GC (Allocation Failure)  383086K->10382K(1050624K), 0.0032132 secs]
28430.274: [GC (Allocation Failure)  372366K->10350K(1040384K), 0.0038720 secs]
28430.614: [GC (Allocation Failure)  362094K->10382K(1030656K), 0.0027428 secs]
28430.942: [GC (Allocation Failure)  352398K->10382K(1020928K), 0.0033491 secs]
28431.264: [GC (Allocation Failure)  342670K->10382K(1011712K), 0.0029269 secs]
28431.575: [GC (Allocation Failure)  333454K->10350K(1003008K), 0.0038552 secs]
28431.879: [GC (Allocation Failure)  324718K->10382K(994816K), 0.0032171 secs]
28432.175: [GC (Allocation Failure)  316558K->10382K(1056256K), 0.0047689 secs]
28432.536: [GC (Allocation Failure)  377998K->10414K(1129984K), 0.0030170 secs]
28432.963: [GC (Allocation Failure)  451758K->10382K(1116160K), 0.0033667 secs]
28433.378: [GC (Allocation Failure)  437902K->10382K(1102848K), 0.0038087 secs]
28433.778: [GC (Allocation Failure)  424590K->10382K(1090560K), 0.0032715 secs]
28434.163: [GC (Allocation Failure)  412302K->10350K(1078784K), 0.0037924 secs]
28434.542: [GC (Allocation Failure)  400494K->10382K(1067520K), 0.0036580 secs]
28434.915: [GC (Allocation Failure)  389262K->10382K(1056256K), 0.0034489 secs]
28435.279: [GC (Allocation Failure)  377998K->10350K(1045504K), 0.0038837 secs]
28435.627: [GC (Allocation Failure)  367214K->10382K(1117184K), 0.0040466 secs]
28436.046: [GC (Allocation Failure)  438926K->10382K(1103872K), 0.0030045 secs]
28436.456: [GC (Allocation Failure)  425614K->10382K(1091072K), 0.0033657 secs]
28436.853: [GC (Allocation Failure)  412814K->10382K(1079296K), 0.0033858 secs]
28437.258: [GC (Allocation Failure)  401038K->10414K(1068032K), 0.0048221 secs]
28437.621: [GC (Allocation Failure)  389806K->10382K(1056768K), 0.0027760 secs]
28437.966: [GC (Allocation Failure)  378510K->10382K(1046016K), 0.0031820 secs]
28438.303: [GC (Allocation Failure)  367758K->10382K(1035776K), 0.0033556 secs]
28438.629: [GC (Allocation Failure)  357518K->10382K(1026048K), 0.0036570 secs]
28438.950: [GC (Allocation Failure)  347790K->10414K(1016832K), 0.0032460 secs]
28439.257: [GC (Allocation Failure)  338606K->10446K(1008128K), 0.0030113 secs]
28439.580: [GC (Allocation Failure)  329934K->10382K(999424K), 0.0035534 secs]
28439.872: [GC (Allocation Failure)  321166K->10382K(1061888K), 0.0032285 secs]
28440.219: [GC (Allocation Failure)  383630K->10382K(1136640K), 0.0035480 secs]
28440.647: [GC (Allocation Failure)  458382K->10350K(1122816K), 0.0040323 secs]
28441.061: [GC (Allocation Failure)  444526K->10414K(1109504K), 0.0030655 secs]
28441.470: [GC (Allocation Failure)  431278K->10414K(1096704K), 0.0039901 secs]
28441.867: [GC (Allocation Failure)  418478K->10350K(1084416K), 0.0032121 secs]
28442.263: [GC (Allocation Failure)  406126K->10414K(1072640K), 0.0031614 secs]
28442.650: [GC (Allocation Failure)  394414K->10414K(1061376K), 0.0028141 secs]
28443.006: [GC (Allocation Failure)  383150K->10382K(1050624K), 0.0046778 secs]
28443.350: [GC (Allocation Failure)  372366K->10414K(1040384K), 0.0031430 secs]
28443.684: [GC (Allocation Failure)  362158K->10382K(1030656K), 0.0034969 secs]
28444.005: [GC (Allocation Failure)  352398K->10350K(1020928K), 0.0034805 secs]
28444.326: [GC (Allocation Failure)  342638K->10382K(1011712K), 0.0033837 secs]
28444.675: [GC (Allocation Failure)  333454K->10350K(1076736K), 0.0038907 secs]
28445.047: [GC (Allocation Failure)  398446K->10382K(1154560K), 0.0037570 secs]
28445.497: [GC (Allocation Failure)  476302K->10382K(1139712K), 0.0044346 secs]
28445.926: [GC (Allocation Failure)  461454K->10414K(1125376K), 0.0032195 secs]
28446.346: [GC (Allocation Failure)  447150K->10350K(1112064K), 0.0044618 secs]
28446.749: [GC (Allocation Failure)  433774K->10382K(1099264K), 0.0035156 secs]
28447.148: [GC (Allocation Failure)  421006K->10350K(1086976K), 0.0034182 secs]
28447.533: [GC (Allocation Failure)  408686K->10446K(1075200K), 0.0032905 secs]
28447.896: [GC (Allocation Failure)  397006K->10414K(1063936K), 0.0032103 secs]
28448.264: [GC (Allocation Failure)  385710K->10414K(1053184K), 0.0034122 secs]
28448.620: [GC (Allocation Failure)  374958K->10350K(1042944K), 0.0038536 secs]
28448.991: [GC (Allocation Failure)  364654K->10382K(1032704K), 0.0037837 secs]
28449.329: [GC (Allocation Failure)  354446K->10382K(1022976K), 0.0037016 secs]
28449.656: [GC (Allocation Failure)  344718K->10350K(1090048K), 0.0040005 secs]
28450.056: [GC (Allocation Failure)  411758K->10350K(1170432K), 0.0045924 secs]
28450.528: [GC (Allocation Failure)  492142K->10350K(1267200K), 0.0042014 secs]
28451.093: [GC (Allocation Failure)  588910K->10414K(1247232K), 0.0032035 secs]
28451.661: [GC (Allocation Failure)  569006K->10350K(1228288K), 0.0031168 secs]
28452.176: [GC (Allocation Failure)  549998K->10382K(1210368K), 0.0045386 secs]
28452.685: [GC (Allocation Failure)  532110K->10350K(1192960K), 0.0061482 secs]
28453.197: [GC (Allocation Failure)  514670K->10414K(1176576K), 0.0039078 secs]
28453.688: [GC (Allocation Failure)  498350K->10382K(1160704K), 0.0035301 secs]
28454.156: [GC (Allocation Failure)  482446K->10414K(1145856K), 0.0039481 secs]
28454.624: [GC (Allocation Failure)  467630K->10382K(1131520K), 0.0038059 secs]
28455.056: [GC (Allocation Failure)  453262K->10414K(1117696K), 0.0039100 secs]
28455.475: [GC (Allocation Failure)  439470K->10350K(1104384K), 0.0035926 secs]
28455.901: [GC (Allocation Failure)  426094K->10382K(1091584K), 0.0035503 secs]
28456.297: [GC (Allocation Failure)  413326K->10382K(1079808K), 0.0041455 secs]
28456.682: [GC (Allocation Failure)  401550K->10350K(1068032K), 0.0041442 secs]
28457.057: [GC (Allocation Failure)  389742K->10382K(1056768K), 0.0038320 secs]
28457.414: [GC (Allocation Failure)  378510K->10350K(1046016K), 0.0039536 secs]
28457.760: [GC (Allocation Failure)  367726K->10350K(1035776K), 0.0033987 secs]
28458.102: [GC (Allocation Failure)  357486K->10382K(1105408K), 0.0048161 secs]
28458.563: [GC (Allocation Failure)  427150K->10382K(1092608K), 0.0037671 secs]
28459.015: [GC (Allocation Failure)  414350K->10382K(1080320K), 0.0042671 secs]
28459.392: [GC (Allocation Failure)  402062K->10382K(1158656K), 0.0045245 secs]
28459.854: [GC (Allocation Failure)  480398K->10382K(1143808K), 0.0039139 secs]
28460.297: [GC (Allocation Failure)  465550K->10350K(1129472K), 0.0037128 secs]
28460.802: [GC (Allocation Failure)  451182K->10382K(1115648K), 0.0036960 secs]
28461.216: [GC (Allocation Failure)  437390K->10414K(1102848K), 0.0031516 secs]
28461.624: [GC (Allocation Failure)  424622K->10350K(1090560K), 0.0039179 secs]
28462.028: [GC (Allocation Failure)  412270K->10382K(1078784K), 0.0032996 secs]
28462.415: [GC (Allocation Failure)  400526K->10382K(1067520K), 0.0032102 secs]
28462.789: [GC (Allocation Failure)  389262K->10382K(1056256K), 0.0033072 secs]
28463.152: [GC (Allocation Failure)  377998K->10382K(1045504K), 0.0035756 secs]
28463.500: [GC (Allocation Failure)  367246K->10350K(1035264K), 0.0043020 secs]
28463.840: [GC (Allocation Failure)  356974K->10382K(1025536K), 0.0030292 secs]
28464.167: [GC (Allocation Failure)  347278K->10382K(1093120K), 0.0042174 secs]
28464.559: [GC (Allocation Failure)  414862K->10350K(1080832K), 0.0032816 secs]
28464.944: [GC (Allocation Failure)  402542K->10350K(1069056K), 0.0040139 secs]
28465.313: [GC (Allocation Failure)  390766K->10382K(1057792K), 0.0038733 secs]
28465.671: [GC (Allocation Failure)  379534K->10350K(1047040K), 0.0033880 secs]
28466.035: [GC (Allocation Failure)  368750K->10350K(1036800K), 0.0036384 secs]
28466.364: [GC (Allocation Failure)  358510K->10446K(1027072K), 0.0028448 secs]
28466.685: [GC (Allocation Failure)  348878K->10414K(1017856K), 0.0034312 secs]
28466.999: [GC (Allocation Failure)  339630K->10382K(1083904K), 0.0036831 secs]
28467.378: [GC (Allocation Failure)  405646K->10318K(1163264K), 0.0049839 secs]
28467.834: [GC (Allocation Failure)  484942K->10350K(1258496K), 0.0045724 secs]
28468.381: [GC (Allocation Failure)  580206K->10382K(1239040K), 0.0030829 secs]
28468.907: [GC (Allocation Failure)  560782K->10382K(1220608K), 0.0040887 secs]
28469.422: [GC (Allocation Failure)  542350K->10382K(1203200K), 0.0036373 secs]
28469.914: [GC (Allocation Failure)  524942K->10382K(1186304K), 0.0039744 secs]
28470.392: [GC (Allocation Failure)  508046K->10414K(1169920K), 0.0030192 secs]
28470.906: [GC (Allocation Failure)  491694K->10350K(1154560K), 0.0032704 secs]
28471.353: [GC (Allocation Failure)  476270K->10382K(1139712K), 0.0039220 secs]
28471.787: [GC (Allocation Failure)  461454K->10382K(1125376K), 0.0037142 secs]
28472.272: [GC (Allocation Failure)  447118K->10382K(1112064K), 0.0167947 secs]
28472.697: [GC (Allocation Failure)  433806K->10382K(1099264K), 0.0040084 secs]
28473.099: [GC (Allocation Failure)  421006K->10382K(1086976K), 0.0041573 secs]
28473.494: [GC (Allocation Failure)  408718K->10414K(1075200K), 0.0036912 secs]
28473.873: [GC (Allocation Failure)  396974K->10382K(1063936K), 0.0031637 secs]
28474.239: [GC (Allocation Failure)  385678K->10350K(1053184K), 0.0040951 secs]
28474.597: [GC (Allocation Failure)  374894K->10382K(1042944K), 0.0034824 secs]
28474.944: [GC (Allocation Failure)  364686K->10318K(1032704K), 0.0042972 secs]
28475.288: [GC (Allocation Failure)  354382K->10382K(1101824K), 0.0046810 secs]
28475.694: [GC (Allocation Failure)  423566K->10382K(1184768K), 0.0037110 secs]
28476.206: [GC (Allocation Failure)  506510K->10382K(1168896K), 0.0044267 secs]
28476.678: [GC (Allocation Failure)  490638K->10350K(1153536K), 0.0040922 secs]
28477.119: [GC (Allocation Failure)  475246K->10414K(1138688K), 0.0031488 secs]
28477.544: [GC (Allocation Failure)  460462K->10382K(1124864K), 0.0034677 secs]
28477.977: [GC (Allocation Failure)  446606K->10382K(1111552K), 0.0040965 secs]
28478.391: [GC (Allocation Failure)  433294K->10382K(1098752K), 0.0038853 secs]
28478.791: [GC (Allocation Failure)  420494K->10382K(1086464K), 0.0037898 secs]
28479.182: [GC (Allocation Failure)  408206K->10382K(1074688K), 0.0051094 secs]
28479.564: [GC (Allocation Failure)  396430K->10414K(1152000K), 0.0048095 secs]
28480.022: [GC (Allocation Failure)  473774K->10382K(1137152K), 0.0030375 secs]
28480.457: [GC (Allocation Failure)  458894K->10382K(1123328K), 0.0031237 secs]
28480.868: [GC (Allocation Failure)  445070K->10382K(1110016K), 0.0038942 secs]
28481.268: [GC (Allocation Failure)  431758K->10382K(1097216K), 0.0034274 secs]
28481.657: [GC (Allocation Failure)  418958K->10382K(1084928K), 0.0030953 secs]
28482.031: [GC (Allocation Failure)  406670K->10382K(1073152K), 0.0050226 secs]
28482.394: [GC (Allocation Failure)  394894K->10350K(1150464K), 0.0091657 secs]
28482.841: [GC (Allocation Failure)  472174K->10382K(1243136K), 0.0035250 secs]
28483.370: [GC (Allocation Failure)  564878K->10318K(1354240K), 0.0049372 secs]
28484.010: [GC (Allocation Failure)  675918K->10414K(1330688K), 0.0034384 secs]
28484.612: [GC (Allocation Failure)  652462K->10382K(1308160K), 0.0057355 secs]
28485.196: [GC (Allocation Failure)  629902K->10350K(1286656K), 0.0039277 secs]
28485.763: [GC (Allocation Failure)  608366K->10382K(1266176K), 0.0050327 secs]
28486.309: [GC (Allocation Failure)  587918K->10382K(1246720K), 0.0061027 secs]
28486.859: [GC (Allocation Failure)  568462K->10350K(1227776K), 0.0042222 secs]
28487.369: [GC (Allocation Failure)  549486K->10350K(1209856K), 0.0043417 secs]
28487.865: [GC (Allocation Failure)  531566K->10382K(1192448K), 0.0038271 secs]
28488.337: [GC (Allocation Failure)  514190K->10350K(1176064K), 0.0040282 secs]
28488.797: [GC (Allocation Failure)  497774K->10414K(1160192K), 0.0031730 secs]
28489.240: [GC (Allocation Failure)  481966K->10382K(1145344K), 0.0039962 secs]
28489.675: [GC (Allocation Failure)  467086K->10350K(1131008K), 0.0031820 secs]
28490.091: [GC (Allocation Failure)  452718K->10350K(1117184K), 0.0037733 secs]
28490.494: [GC (Allocation Failure)  438894K->10382K(1103872K), 0.0052498 secs]
28490.895: [GC (Allocation Failure)  425614K->10382K(1091072K), 0.0033016 secs]
28491.273: [GC (Allocation Failure)  412814K->10382K(1079296K), 0.0035002 secs]
28491.641: [GC (Allocation Failure)  401038K->10446K(1068032K), 0.0033371 secs]
28492.006: [GC (Allocation Failure)  389838K->10382K(1056768K), 0.0039678 secs]
28492.360: [GC (Allocation Failure)  378510K->10350K(1046016K), 0.0035050 secs]
28492.707: [GC (Allocation Failure)  367726K->10382K(1035776K), 0.0032795 secs]
28493.034: [GC (Allocation Failure)  357518K->10382K(1105408K), 0.0055816 secs]
28493.438: [GC (Allocation Failure)  427150K->10414K(1188864K), 0.0030216 secs]
28493.924: [GC (Allocation Failure)  510638K->10414K(1172480K), 0.0036804 secs]
28494.393: [GC (Allocation Failure)  494254K->10382K(1157120K), 0.0032465 secs]
28494.852: [GC (Allocation Failure)  478862K->10382K(1142272K), 0.0034780 secs]
28495.315: [GC (Allocation Failure)  464014K->10318K(1127936K), 0.0028711 secs]
28495.754: [GC (Allocation Failure)  449614K->10382K(1114112K), 0.0035436 secs]
28496.184: [GC (Allocation Failure)  435854K->10414K(1101312K), 0.0030054 secs]
28496.594: [GC (Allocation Failure)  423086K->10382K(1089024K), 0.0034786 secs]
28496.989: [GC (Allocation Failure)  410766K->10414K(1077248K), 0.0037978 secs]
28497.389: [GC (Allocation Failure)  399022K->10414K(1065984K), 0.0034744 secs]
28497.758: [GC (Allocation Failure)  387758K->10382K(1055232K), 0.0036392 secs]
28498.119: [GC (Allocation Failure)  376974K->10478K(1044480K), 0.0044546 secs]
28498.471: [GC (Allocation Failure)  366318K->10350K(1115648K), 0.0053010 secs]
28498.881: [GC (Allocation Failure)  437358K->10350K(1201152K), 0.0053166 secs]
28499.369: [GC (Allocation Failure)  522862K->10414K(1304064K), 0.0043493 secs]
28499.955: [GC (Allocation Failure)  625838K->10382K(1282560K), 0.0039120 secs]
28500.523: [GC (Allocation Failure)  604302K->10350K(1262080K), 0.0037527 secs]
28501.068: [GC (Allocation Failure)  583790K->10446K(1242624K), 0.0032255 secs]
28501.590: [GC (Allocation Failure)  564430K->10382K(1224192K), 0.0040823 secs]
28502.105: [GC (Allocation Failure)  545934K->10382K(1206272K), 0.0043123 secs]
28502.591: [GC (Allocation Failure)  528014K->10382K(1189376K), 0.0042632 secs]
28503.071: [GC (Allocation Failure)  511118K->10350K(1172992K), 0.0052627 secs]
28503.535: [GC (Allocation Failure)  494702K->10382K(1157632K), 0.0040183 secs]
28503.978: [GC (Allocation Failure)  479374K->10350K(1142784K), 0.0037062 secs]
28504.409: [GC (Allocation Failure)  464494K->10382K(1128448K), 0.0055443 secs]
28504.824: [GC (Allocation Failure)  450190K->10350K(1114624K), 0.0033470 secs]
28505.227: [GC (Allocation Failure)  436334K->10446K(1101824K), 0.0038031 secs]
28505.616: [GC (Allocation Failure)  423630K->10350K(1089536K), 0.0035565 secs]
28505.996: [GC (Allocation Failure)  411246K->10382K(1077760K), 0.0038035 secs]
28506.372: [GC (Allocation Failure)  399502K->10414K(1066496K), 0.0041778 secs]
28506.748: [GC (Allocation Failure)  388270K->10414K(1055744K), 0.0039126 secs]
28507.109: [GC (Allocation Failure)  377518K->10446K(1044992K), 0.0031684 secs]
28507.494: [GC (Allocation Failure)  366798K->10382K(1116672K), 0.0048733 secs]
28507.915: [GC (Allocation Failure)  438414K->10382K(1103360K), 0.0035748 secs]
28508.312: [GC (Allocation Failure)  425102K->10382K(1091072K), 0.0038424 secs]
28508.703: [GC (Allocation Failure)  412814K->10382K(1079296K), 0.0035179 secs]
28509.085: [GC (Allocation Failure)  401038K->10414K(1157632K), 0.0050195 secs]
28509.548: [GC (Allocation Failure)  479406K->10382K(1142784K), 0.0036811 secs]
28509.987: [GC (Allocation Failure)  464526K->10350K(1128448K), 0.0035890 secs]
28510.407: [GC (Allocation Failure)  450158K->10350K(1114624K), 0.0032931 secs]
28510.816: [GC (Allocation Failure)  436334K->10414K(1101824K), 0.0033395 secs]
28511.224: [GC (Allocation Failure)  423598K->10382K(1089536K), 0.0036959 secs]
28511.623: [GC (Allocation Failure)  411278K->10382K(1077760K), 0.0039014 secs]
28512.012: [GC (Allocation Failure)  399502K->10446K(1066496K), 0.0034241 secs]
28512.394: [GC (Allocation Failure)  388302K->10350K(1055744K), 0.0043274 secs]
28512.781: [GC (Allocation Failure)  377454K->10382K(1044992K), 0.0035619 secs]
28513.129: [GC (Allocation Failure)  366734K->10414K(1034752K), 0.0032899 secs]
28513.468: [GC (Allocation Failure)  356526K->10350K(1104384K), 0.0046859 secs]
28513.884: [GC (Allocation Failure)  426094K->10350K(1091584K), 0.0033388 secs]
28514.275: [GC (Allocation Failure)  413294K->10318K(1079808K), 0.0033656 secs]
28514.661: [GC (Allocation Failure)  401486K->10382K(1068032K), 0.0034541 secs]
28515.032: [GC (Allocation Failure)  389774K->10350K(1056768K), 0.0035731 secs]
28515.390: [GC (Allocation Failure)  378478K->10350K(1046016K), 0.0039899 secs]
28515.735: [GC (Allocation Failure)  367726K->10382K(1035776K), 0.0034688 secs]
28516.069: [GC (Allocation Failure)  357518K->10350K(1105408K), 0.0053528 secs]
28516.483: [GC (Allocation Failure)  427118K->10382K(1188864K), 0.0038302 secs]
28516.975: [GC (Allocation Failure)  510606K->10350K(1172480K), 0.0036894 secs]
28517.446: [GC (Allocation Failure)  494190K->10382K(1157120K), 0.0034156 secs]
28517.912: [GC (Allocation Failure)  478862K->10382K(1142272K), 0.0033360 secs]
28518.354: [GC (Allocation Failure)  464014K->10382K(1127936K), 0.0034914 secs]
28518.783: [GC (Allocation Failure)  449678K->10382K(1114112K), 0.0033345 secs]
28519.196: [GC (Allocation Failure)  435854K->10382K(1101312K), 0.0034013 secs]
28519.610: [GC (Allocation Failure)  423054K->10318K(1089024K), 0.0051519 secs]
28520.014: [GC (Allocation Failure)  410702K->10382K(1077248K), 0.0031185 secs]
28520.408: [GC (Allocation Failure)  398990K->10382K(1065984K), 0.0035566 secs]
28520.782: [GC (Allocation Failure)  387726K->10382K(1055232K), 0.0037781 secs]
28521.144: [GC (Allocation Failure)  376974K->10318K(1044480K), 0.0035410 secs]
28521.495: [GC (Allocation Failure)  366158K->10318K(1034240K), 0.0034401 secs]
28521.836: [GC (Allocation Failure)  355918K->10350K(1024512K), 0.0031145 secs]
28522.167: [GC (Allocation Failure)  346222K->10382K(1015296K), 0.0030639 secs]
28522.492: [GC (Allocation Failure)  337038K->10414K(1006592K), 0.0035112 secs]
28522.830: [GC (Allocation Failure)  328366K->10414K(997888K), 0.0034247 secs]
28523.135: [GC (Allocation Failure)  319662K->10382K(1059840K), 0.0037713 secs]
28523.499: [GC (Allocation Failure)  381582K->10446K(1134080K), 0.0037403 secs]
28523.933: [GC (Allocation Failure)  455886K->10446K(1120256K), 0.0041562 secs]
28524.360: [GC (Allocation Failure)  442062K->10382K(1106944K), 0.0044135 secs]
28524.767: [GC (Allocation Failure)  428686K->10350K(1094144K), 0.0041445 secs]
28525.161: [GC (Allocation Failure)  415854K->10382K(1175552K), 0.0041123 secs]
28525.633: [GC (Allocation Failure)  497294K->10414K(1159680K), 0.0035385 secs]
28526.084: [GC (Allocation Failure)  481454K->10414K(1144832K), 0.0040354 secs]
28526.527: [GC (Allocation Failure)  466606K->10382K(1130496K), 0.0050810 secs]
28526.954: [GC (Allocation Failure)  452238K->10382K(1116672K), 0.0040492 secs]
28527.375: [GC (Allocation Failure)  438414K->10382K(1103360K), 0.0042373 secs]
28527.783: [GC (Allocation Failure)  425102K->10318K(1091072K), 0.0037308 secs]
28528.201: [GC (Allocation Failure)  412750K->10350K(1079296K), 0.0039256 secs]
28528.591: [GC (Allocation Failure)  401006K->10382K(1157632K), 0.0059015 secs]
28529.042: [GC (Allocation Failure)  479374K->10382K(1251840K), 0.0040932 secs]
28529.583: [GC (Allocation Failure)  573582K->10414K(1232896K), 0.0035345 secs]
28530.108: [GC (Allocation Failure)  554670K->10382K(1214464K), 0.0040017 secs]
28530.619: [GC (Allocation Failure)  536206K->10382K(1197056K), 0.0044579 secs]
28531.114: [GC (Allocation Failure)  518798K->10350K(1180672K), 0.0036379 secs]
28531.593: [GC (Allocation Failure)  502382K->10382K(1164800K), 0.0042808 secs]
28532.059: [GC (Allocation Failure)  486542K->10382K(1149440K), 0.0048270 secs]
28532.510: [GC (Allocation Failure)  471182K->10382K(1135104K), 0.0046278 secs]
28532.953: [GC (Allocation Failure)  456846K->10414K(1121280K), 0.0046232 secs]
28533.386: [GC (Allocation Failure)  443054K->10382K(1107968K), 0.0043861 secs]
28533.812: [GC (Allocation Failure)  429710K->10446K(1095168K), 0.0030374 secs]
28534.211: [GC (Allocation Failure)  416974K->10382K(1082880K), 0.0038679 secs]
28534.596: [GC (Allocation Failure)  404622K->10478K(1071104K), 0.0037326 secs]
28534.965: [GC (Allocation Failure)  392942K->10446K(1059840K), 0.0037513 secs]
28535.314: [GC (Allocation Failure)  381646K->10382K(1134080K), 0.0045411 secs]
28535.756: [GC (Allocation Failure)  455822K->10350K(1223168K), 0.0045594 secs]
28536.281: [GC (Allocation Failure)  544878K->10318K(1205248K), 0.0042810 secs]
28536.786: [GC (Allocation Failure)  526926K->10414K(1188352K), 0.0040805 secs]
28537.284: [GC (Allocation Failure)  510126K->10414K(1171968K), 0.0045138 secs]
28537.761: [GC (Allocation Failure)  493742K->10382K(1156608K), 0.0051691 secs]
28538.219: [GC (Allocation Failure)  478350K->10382K(1141760K), 0.0039459 secs]
28538.658: [GC (Allocation Failure)  463502K->10382K(1127424K), 0.0041066 secs]
28539.069: [GC (Allocation Failure)  449166K->10382K(1114112K), 0.0035428 secs]
28539.476: [GC (Allocation Failure)  435854K->10382K(1101312K), 0.0053528 secs]
28539.865: [GC (Allocation Failure)  423054K->10414K(1089024K), 0.0038314 secs]
28540.242: [GC (Allocation Failure)  410798K->10350K(1169408K), 0.0051954 secs]
28540.711: [GC (Allocation Failure)  491118K->10350K(1265664K), 0.0043553 secs]
28541.255: [GC (Allocation Failure)  587374K->10382K(1246208K), 0.0034208 secs]
28541.793: [GC (Allocation Failure)  567950K->10382K(1227264K), 0.0043677 secs]
28542.305: [GC (Allocation Failure)  549006K->10382K(1209344K), 0.0038387 secs]
28542.798: [GC (Allocation Failure)  531086K->10350K(1191936K), 0.0042791 secs]
28543.271: [GC (Allocation Failure)  513646K->10382K(1175552K), 0.0053283 secs]
28543.754: [GC (Allocation Failure)  497294K->10382K(1159680K), 0.0039376 secs]
28544.201: [GC (Allocation Failure)  481422K->10414K(1144832K), 0.0032448 secs]
28544.632: [GC (Allocation Failure)  466606K->10350K(1130496K), 0.0045915 secs]
28545.052: [GC (Allocation Failure)  452206K->10382K(1116672K), 0.0042606 secs]
28545.454: [GC (Allocation Failure)  438414K->10382K(1202688K), 0.0088206 secs]
28545.954: [GC (Allocation Failure)  524430K->10382K(1305600K), 0.0033140 secs]
28546.540: [GC (Allocation Failure)  627342K->10350K(1428992K), 0.0047693 secs]
28547.244: [GC (Allocation Failure)  750702K->10350K(1401856K), 0.0034241 secs]
28547.919: [GC (Allocation Failure)  723566K->10382K(1375744K), 0.0033048 secs]
28548.572: [GC (Allocation Failure)  697486K->10382K(1351168K), 0.0039118 secs]
28549.227: [GC (Allocation Failure)  672910K->10350K(1327616K), 0.0034147 secs]
28549.833: [GC (Allocation Failure)  649326K->10350K(1305088K), 0.0035199 secs]
28550.415: [GC (Allocation Failure)  626798K->10350K(1283584K), 0.0035946 secs]
28550.973: [GC (Allocation Failure)  605294K->10382K(1263104K), 0.0037551 secs]
28551.523: [GC (Allocation Failure)  584846K->10382K(1243648K), 0.0039496 secs]
28552.066: [GC (Allocation Failure)  565390K->10414K(1225216K), 0.0044004 secs]
28552.603: [GC (Allocation Failure)  546990K->10414K(1207296K), 0.0039913 secs]
28553.123: [GC (Allocation Failure)  529070K->10382K(1190400K), 0.0040043 secs]
28553.630: [GC (Allocation Failure)  512142K->10350K(1174016K), 0.0044764 secs]
28554.148: [GC (Allocation Failure)  495726K->10350K(1158656K), 0.0044037 secs]
28554.601: [GC (Allocation Failure)  480366K->10382K(1143808K), 0.0049976 secs]
28555.055: [GC (Allocation Failure)  465550K->10478K(1129472K), 0.0030761 secs]
28555.481: [GC (Allocation Failure)  451310K->10446K(1115648K), 0.0042327 secs]
28555.890: [GC (Allocation Failure)  437454K->10382K(1102848K), 0.0040743 secs]
28556.294: [GC (Allocation Failure)  424590K->10382K(1090560K), 0.0050849 secs]
28556.684: [GC (Allocation Failure)  412302K->10350K(1170944K), 0.0047727 secs]
28557.151: [GC (Allocation Failure)  492654K->10382K(1155584K), 0.0043162 secs]
28557.605: [GC (Allocation Failure)  477326K->10382K(1140736K), 0.0033786 secs]
28558.044: [GC (Allocation Failure)  462478K->10382K(1126400K), 0.0044350 secs]
28558.482: [GC (Allocation Failure)  448142K->10350K(1113088K), 0.0047397 secs]
28558.893: [GC (Allocation Failure)  434798K->10382K(1198080K), 0.0061653 secs]
28559.387: [GC (Allocation Failure)  519822K->10414K(1299968K), 0.0039101 secs]
28559.987: [GC (Allocation Failure)  621742K->10382K(1278976K), 0.0031741 secs]
28560.570: [GC (Allocation Failure)  600718K->10382K(1258496K), 0.0043836 secs]
28561.132: [GC (Allocation Failure)  580238K->10382K(1239040K), 0.0056772 secs]
28561.682: [GC (Allocation Failure)  560782K->10350K(1220608K), 0.0045291 secs]
28562.205: [GC (Allocation Failure)  542318K->10382K(1203200K), 0.0043187 secs]
28562.707: [GC (Allocation Failure)  524942K->10414K(1186304K), 0.0041703 secs]
28563.183: [GC (Allocation Failure)  508078K->10382K(1169920K), 0.0039794 secs]
28563.648: [GC (Allocation Failure)  491662K->10414K(1154560K), 0.0036904 secs]
28564.103: [GC (Allocation Failure)  476334K->10382K(1139712K), 0.0055166 secs]
28564.546: [GC (Allocation Failure)  461454K->10350K(1125376K), 0.0042458 secs]
28564.964: [GC (Allocation Failure)  447086K->10382K(1112064K), 0.0042415 secs]
28565.374: [GC (Allocation Failure)  433806K->10382K(1197056K), 0.0061660 secs]
28565.874: [GC (Allocation Failure)  518798K->10382K(1298944K), 0.0040688 secs]
28566.463: [GC (Allocation Failure)  620686K->10414K(1277952K), 0.0039172 secs]
28567.039: [GC (Allocation Failure)  599726K->10414K(1257472K), 0.0040636 secs]
28567.591: [GC (Allocation Failure)  579246K->10382K(1238016K), 0.0041089 secs]
28568.122: [GC (Allocation Failure)  559758K->10350K(1219584K), 0.0042630 secs]
28568.643: [GC (Allocation Failure)  541294K->10382K(1202176K), 0.0040127 secs]
28569.139: [GC (Allocation Failure)  523918K->10350K(1185280K), 0.0047424 secs]
28569.649: [GC (Allocation Failure)  506990K->10446K(1169408K), 0.0040191 secs]
28570.117: [GC (Allocation Failure)  491214K->10350K(1154048K), 0.0047671 secs]
28570.584: [GC (Allocation Failure)  475758K->10414K(1139200K), 0.0039930 secs]
28571.025: [GC (Allocation Failure)  460974K->10382K(1125376K), 0.0041937 secs]
28571.461: [GC (Allocation Failure)  447118K->10414K(1112064K), 0.0033779 secs]
28571.881: [GC (Allocation Failure)  433838K->10350K(1099264K), 0.0034055 secs]
28572.287: [GC (Allocation Failure)  420974K->10414K(1086976K), 0.0058846 secs]
28572.689: [GC (Allocation Failure)  408750K->10350K(1075200K), 0.0039707 secs]
28573.072: [GC (Allocation Failure)  396910K->10446K(1063936K), 0.0040551 secs]
28573.438: [GC (Allocation Failure)  385742K->10350K(1139200K), 0.0042146 secs]
28573.885: [GC (Allocation Failure)  460910K->10382K(1229312K), 0.0043306 secs]
28574.418: [GC (Allocation Failure)  551054K->10350K(1337856K), 0.0060687 secs]
28575.073: [GC (Allocation Failure)  659566K->10382K(1314816K), 0.0040545 secs]
28575.691: [GC (Allocation Failure)  636558K->10350K(1292800K), 0.0039965 secs]
28576.278: [GC (Allocation Failure)  614510K->10382K(1271808K), 0.0040834 secs]
28576.842: [GC (Allocation Failure)  593550K->10382K(1251840K), 0.0050726 secs]
28577.390: [GC (Allocation Failure)  573582K->10382K(1232896K), 0.0043361 secs]
28577.919: [GC (Allocation Failure)  554638K->10382K(1214464K), 0.0039541 secs]
28578.438: [GC (Allocation Failure)  536206K->10414K(1197056K), 0.0053447 secs]
28578.922: [GC (Allocation Failure)  518830K->10414K(1180672K), 0.0036189 secs]
28579.393: [GC (Allocation Failure)  502446K->10382K(1164800K), 0.0033421 secs]
28579.848: [GC (Allocation Failure)  486542K->10382K(1149440K), 0.0038859 secs]
28580.313: [GC (Allocation Failure)  471182K->10382K(1135104K), 0.0046582 secs]
28580.741: [GC (Allocation Failure)  456846K->10382K(1121280K), 0.0047470 secs]
28581.162: [GC (Allocation Failure)  443022K->10382K(1107968K), 0.0043555 secs]
28581.574: [GC (Allocation Failure)  429710K->10350K(1095168K), 0.0032020 secs]
28581.971: [GC (Allocation Failure)  416878K->10414K(1082880K), 0.0031993 secs]
28582.357: [GC (Allocation Failure)  404654K->10350K(1071104K), 0.0032422 secs]
28582.729: [GC (Allocation Failure)  392814K->10382K(1059840K), 0.0031416 secs]
28583.090: [GC (Allocation Failure)  381582K->10382K(1049088K), 0.0030285 secs]
28583.436: [GC (Allocation Failure)  370830K->10382K(1038848K), 0.0030684 secs]
28583.777: [GC (Allocation Failure)  360590K->10382K(1029120K), 0.0032718 secs]
28584.112: [GC (Allocation Failure)  350862K->10414K(1019904K), 0.0038897 secs]
28584.435: [GC (Allocation Failure)  341678K->10382K(1010688K), 0.0035662 secs]
28584.749: [GC (Allocation Failure)  332430K->10350K(1001984K), 0.0032783 secs]
28585.045: [GC (Allocation Failure)  323694K->10382K(993792K), 0.0748073 secs]
28585.416: [GC (Allocation Failure)  315534K->10350K(1055232K), 0.0045824 secs]
28585.778: [GC (Allocation Failure)  376942K->10382K(1128960K), 0.0028896 secs]
28586.203: [GC (Allocation Failure)  450702K->10382K(1217024K), 0.0041966 secs]
28586.720: [GC (Allocation Failure)  538766K->10382K(1199616K), 0.0030690 secs]
28587.207: [GC (Allocation Failure)  521358K->10382K(1182720K), 0.0039489 secs]
28587.674: [GC (Allocation Failure)  504462K->10414K(1166848K), 0.0044047 secs]
28588.137: [GC (Allocation Failure)  488622K->10382K(1151488K), 0.0036504 secs]
28588.578: [GC (Allocation Failure)  473230K->10382K(1136640K), 0.0033194 secs]
28589.003: [GC (Allocation Failure)  458382K->10446K(1122816K), 0.0031887 secs]
28589.413: [GC (Allocation Failure)  444622K->10382K(1109504K), 0.0034682 secs]
28589.808: [GC (Allocation Failure)  431246K->10382K(1096704K), 0.0035390 secs]
28590.193: [GC (Allocation Failure)  418446K->10350K(1084416K), 0.0035754 secs]
28590.589: [GC (Allocation Failure)  406126K->10382K(1072640K), 0.0036136 secs]
28590.950: [GC (Allocation Failure)  394382K->10382K(1061376K), 0.0046807 secs]
28591.305: [GC (Allocation Failure)  383118K->10350K(1050624K), 0.0032518 secs]
28591.646: [GC (Allocation Failure)  372334K->10382K(1040384K), 0.0031224 secs]
28591.978: [GC (Allocation Failure)  362126K->10382K(1030656K), 0.0034619 secs]
28592.302: [GC (Allocation Failure)  352398K->10382K(1020928K), 0.0036862 secs]
28592.617: [GC (Allocation Failure)  342670K->10350K(1087488K), 0.0034870 secs]
28592.991: [GC (Allocation Failure)  409198K->10350K(1075712K), 0.0033673 secs]
28593.355: [GC (Allocation Failure)  397422K->10350K(1064448K), 0.0035841 secs]
28593.709: [GC (Allocation Failure)  386158K->10382K(1053696K), 0.0034678 secs]
28594.052: [GC (Allocation Failure)  375438K->10382K(1043456K), 0.0033295 secs]
28594.386: [GC (Allocation Failure)  365198K->10382K(1033216K), 0.0036204 secs]
28594.710: [GC (Allocation Failure)  354958K->10382K(1023488K), 0.0033061 secs]
28595.031: [GC (Allocation Failure)  345230K->10382K(1014272K), 0.0032738 secs]
28595.343: [GC (Allocation Failure)  336014K->10382K(1005568K), 0.0032526 secs]
28595.685: [GC (Allocation Failure)  327310K->10382K(1069056K), 0.0036291 secs]
28596.053: [GC (Allocation Failure)  390798K->10414K(1145344K), 0.0047704 secs]
28596.500: [GC (Allocation Failure)  467118K->10414K(1131008K), 0.0032374 secs]
28596.934: [GC (Allocation Failure)  452782K->10446K(1117184K), 0.0034720 secs]
