Java HotSpot(TM) 64-Bit Server VM (25.91-b14) for linux-amd64 JRE (1.8.0_91-b14), built on Apr  1 2016 00:57:21 by "java_re" with gcc 4.3.0 20080428 (Red Hat 4.3.0-8)
Memory: 4k page, physical 10239976k(3870188k free), swap 4192252k(4192252k free)
CommandLine flags: -XX:InitialHeapSize=163839616 -XX:MaxHeapSize=2621433856 -XX:+PrintGC -XX:+PrintGCTimeStamps -XX:+UseCompressedClassPointers -XX:+UseCompressedOops 
0.882: [GC (Allocation Failure)  43136K->9748K(156416K), 0.0244909 secs]
1.406: [GC (Allocation Failure)  52884K->20488K(156416K), 0.0574553 secs]
1.855: [Full GC (System.gc())  40971K->23642K(156416K), 0.0427598 secs]
1.902: [Full GC (System.gc())  23642K->23642K(156544K), 0.0400094 secs]
1.948: [Full GC (System.gc())  23642K->23642K(156544K), 0.0354759 secs]
1.988: [Full GC (System.gc())  23642K->23627K(156544K), 0.0606169 secs]
2.052: [Full GC (System.gc())  23627K->23627K(156544K), 0.0407066 secs]
3.321: [Full GC (System.gc())  43141K->27850K(156544K), 0.0618233 secs]
3.388: [Full GC (System.gc())  27850K->27850K(156544K), 0.0359450 secs]
3.429: [Full GC (System.gc())  27850K->23306K(156544K), 0.0358268 secs]
3.468: [Full GC (System.gc())  23306K->23306K(156544K), 0.0282421 secs]
3.501: [Full GC (System.gc())  23306K->23306K(156544K), 0.0356783 secs]
3.576: [Full GC (System.gc())  24448K->23346K(156544K), 0.0596321 secs]
3.653: [Full GC (System.gc())  23346K->17952K(156544K), 0.0437147 secs]
3.703: [Full GC (System.gc())  17952K->17952K(156544K), 0.0302559 secs]
3.742: [Full GC (System.gc())  17952K->17952K(156544K), 0.0281194 secs]
3.776: [Full GC (System.gc())  17952K->17952K(156544K), 0.0257599 secs]
3.807: [Full GC (System.gc())  18813K->17950K(156544K), 0.0288345 secs]
3.840: [Full GC (System.gc())  17950K->17950K(156544K), 0.0279184 secs]
3.871: [Full GC (System.gc())  17950K->17950K(156544K), 0.0278535 secs]
3.899: [Full GC (System.gc())  17950K->17950K(156544K), 0.0300856 secs]
3.929: [Full GC (System.gc())  17950K->17950K(156544K), 0.0588646 secs]
5.728: [GC (Allocation Failure)  61214K->20956K(156544K), 0.0121421 secs]
7.035: [GC (Allocation Failure)  64220K->22814K(156544K), 0.0350175 secs]
8.238: [GC (Allocation Failure)  66078K->25495K(156544K), 0.0232057 secs]
9.440: [GC (Allocation Failure)  68759K->28346K(156544K), 0.0600746 secs]
10.540: [GC (Allocation Failure)  71610K->31037K(156544K), 0.0428723 secs]
11.378: [GC (Allocation Failure)  74301K->34466K(156544K), 0.0456777 secs]
12.308: [GC (Allocation Failure)  77730K->37645K(156544K), 0.0500048 secs]
13.283: [GC (Allocation Failure)  80909K->39752K(156544K), 0.0613687 secs]
14.366: [GC (Allocation Failure)  83016K->43064K(156544K), 0.1152055 secs]
14.968: [GC (Allocation Failure)  86328K->45202K(156544K), 0.0556332 secs]
15.384: [GC (Allocation Failure)  88466K->48508K(156544K), 0.0332557 secs]
15.854: [GC (Allocation Failure)  91765K->51013K(156544K), 0.0261469 secs]
16.270: [GC (Allocation Failure)  94277K->53464K(156544K), 0.0348094 secs]
16.628: [GC (Allocation Failure)  96728K->55369K(156544K), 0.0392350 secs]
16.937: [GC (Allocation Failure)  98633K->58152K(156544K), 0.0459517 secs]
17.270: [GC (Allocation Failure)  101416K->60965K(156544K), 0.0405306 secs]
17.516: [GC (Allocation Failure)  104229K->63807K(156544K), 0.0180957 secs]
17.744: [GC (Allocation Failure)  107071K->66683K(156544K), 0.0157488 secs]
17.953: [GC (Allocation Failure)  109947K->69562K(156544K), 0.0229252 secs]
18.252: [GC (Allocation Failure)  112826K->72340K(156544K), 0.0347948 secs]
18.631: [GC (Allocation Failure)  115604K->78925K(156544K), 0.0568977 secs]
18.948: [GC (Allocation Failure)  122189K->81963K(156544K), 0.0320373 secs]
19.428: [GC (Allocation Failure)  125227K->89918K(156544K), 0.0587579 secs]
19.517: [Full GC (System.gc())  91649K->76189K(156544K), 0.2991911 secs]
19.822: [Full GC (System.gc())  76189K->76189K(184200K), 0.1906767 secs]
20.017: [Full GC (System.gc())  76189K->76189K(184200K), 0.1665713 secs]
20.192: [Full GC (System.gc())  76189K->70794K(184200K), 0.1957162 secs]
20.401: [Full GC (System.gc())  70794K->70794K(184200K), 0.6257151 secs]
21.462: [GC (Allocation Failure)  121674K->75023K(184200K), 0.0067648 secs]
21.799: [GC (Allocation Failure)  125903K->71335K(184200K), 0.0016242 secs]
