Java HotSpot(TM) 64-Bit Server VM (25.91-b14) for linux-amd64 JRE (1.8.0_91-b14), built on Apr  1 2016 00:57:21 by "java_re" with gcc 4.3.0 20080428 (Red Hat 4.3.0-8)
Memory: 4k page, physical 10239976k(3896620k free), swap 4192252k(4192252k free)
CommandLine flags: -XX:InitialHeapSize=163839616 -XX:MaxHeapSize=2621433856 -XX:+PrintGC -XX:+PrintGCTimeStamps -XX:+UseCompressedClassPointers -XX:+UseCompressedOops 
0.590: [GC (Allocation Failure)  43136K->7046K(156416K), 0.0403548 secs]
0.844: [GC (Allocation Failure)  50182K->13590K(156416K), 0.0216031 secs]
1.046: [GC (Allocation Failure)  56726K->19550K(156416K), 0.0301184 secs]
1.307: [GC (Allocation Failure)  62686K->26130K(156416K), 0.0183882 secs]
1.483: [GC (Allocation Failure)  69266K->32842K(156416K), 0.0241277 secs]
1.684: [GC (Allocation Failure)  75978K->38549K(156416K), 0.0249507 secs]
1.921: [GC (Allocation Failure)  81685K->44264K(156416K), 0.0256401 secs]
2.121: [GC (Allocation Failure)  87400K->50224K(156416K), 0.0314272 secs]
2.340: [GC (Allocation Failure)  93360K->56940K(156416K), 0.0263635 secs]
2.602: [GC (Allocation Failure)  100076K->63295K(156416K), 0.0280411 secs]
2.812: [GC (Allocation Failure)  106431K->69091K(156416K), 0.0213300 secs]
3.012: [GC (Allocation Failure)  112227K->74404K(156416K), 0.0446517 secs]
3.242: [GC (Allocation Failure)  117539K->79128K(156416K), 0.0169077 secs]
3.415: [GC (Allocation Failure)  122264K->84633K(156416K), 0.0209399 secs]
3.594: [GC (Allocation Failure)  127765K->90835K(156416K), 0.0664583 secs]
3.820: [GC (Allocation Failure)  133971K->96286K(156416K), 0.0363972 secs]
3.994: [GC (Allocation Failure)  139422K->102209K(156416K), 0.0355412 secs]
4.178: [GC (Allocation Failure)  145345K->107382K(156416K), 0.0345690 secs]
4.411: [GC (Allocation Failure)  150518K->113494K(156800K), 0.0354535 secs]
4.447: [Full GC (Allocation Failure)  113494K->110955K(156800K), 0.1717744 secs]
4.879: [GC (Allocation Failure)  180543K->118998K(261760K), 0.0804065 secs]
5.882: [GC (Allocation Failure)  191254K->136095K(261760K), 0.0514228 secs]
6.578: [GC (Allocation Failure)  208351K->147474K(261760K), 0.0368155 secs]
7.146: [GC (Allocation Failure)  219730K->159533K(261760K), 0.0581083 secs]
7.699: [GC (Allocation Failure)  231789K->171371K(261760K), 0.0652003 secs]
8.339: [GC (Allocation Failure)  243627K->181708K(261760K), 0.0737979 secs]
8.975: [GC (Allocation Failure)  253964K->190283K(262912K), 0.0397166 secs]
9.015: [Full GC (Allocation Failure)  190283K->155168K(262912K), 0.3420940 secs]
9.919: [GC (Allocation Failure)  258656K->171614K(375032K), 0.0633604 secs]
10.511: [GC (Allocation Failure)  275102K->188190K(375032K), 0.0667254 secs]
11.079: [Full GC (System.gc())  263797K->176312K(375032K), 0.3832148 secs]
11.467: [Full GC (System.gc())  176312K->166282K(426144K), 0.3840522 secs]
11.860: [Full GC (System.gc())  166282K->166282K(426144K), 0.3484892 secs]
12.214: [Full GC (System.gc())  166282K->166282K(426144K), 0.4915106 secs]
12.709: [Full GC (System.gc())  166282K->166282K(426144K), 0.3166018 secs]
13.853: [Full GC (System.gc())  189920K->159573K(426144K), 0.3823715 secs]
14.242: [Full GC (System.gc())  159573K->159573K(426144K), 0.3254395 secs]
14.575: [Full GC (System.gc())  159573K->159573K(426144K), 0.3253819 secs]
14.903: [Full GC (System.gc())  159573K->159573K(426144K), 0.3285315 secs]
15.232: [Full GC (System.gc())  159573K->159573K(426144K), 0.3314383 secs]
15.632: [Full GC (System.gc())  161957K->160299K(426144K), 0.3344723 secs]
15.967: [Full GC (System.gc())  160299K->160299K(426144K), 0.3234263 secs]
16.291: [Full GC (System.gc())  160299K->160299K(426144K), 0.3161305 secs]
16.607: [Full GC (System.gc())  160299K->148698K(426144K), 0.3390157 secs]
16.946: [Full GC (System.gc())  148698K->148698K(426144K), 0.3133261 secs]
17.269: [Full GC (System.gc())  151024K->148700K(426144K), 0.3113341 secs]
17.581: [Full GC (System.gc())  148700K->148700K(426144K), 0.3220734 secs]
17.903: [Full GC (System.gc())  148700K->148696K(426144K), 0.3151772 secs]
18.219: [Full GC (System.gc())  148696K->148696K(426144K), 0.3185775 secs]
18.537: [Full GC (System.gc())  148696K->148696K(426144K), 0.3123664 secs]
21.548: [GC (Allocation Failure)  266328K->154620K(426144K), 0.0188061 secs]
23.136: [GC (Allocation Failure)  272252K->159838K(426144K), 0.0401615 secs]
24.382: [GC (Allocation Failure)  277470K->165518K(426144K), 0.0636735 secs]
25.707: [GC (Allocation Failure)  283150K->171732K(426144K), 0.0770539 secs]
27.470: [GC (Allocation Failure)  289364K->177155K(426144K), 0.0740948 secs]
28.811: [GC (Allocation Failure)  294787K->185424K(426144K), 0.0479949 secs]
30.080: [GC (Allocation Failure)  303056K->192261K(426144K), 0.0991849 secs]
31.383: [GC (Allocation Failure)  309893K->198644K(426144K), 0.0599396 secs]
32.947: [GC (Allocation Failure)  316276K->204991K(426144K), 0.0584190 secs]
34.478: [GC (Allocation Failure)  322623K->211688K(426144K), 0.0609205 secs]
35.844: [GC (Allocation Failure)  329320K->218946K(426144K), 0.0860481 secs]
37.050: [GC (Allocation Failure)  336578K->225865K(426144K), 0.0916604 secs]
38.295: [GC (Allocation Failure)  343497K->231219K(426144K), 0.0549369 secs]
39.867: [GC (Allocation Failure)  348851K->238136K(426144K), 0.1667342 secs]
42.024: [GC (Allocation Failure)  355768K->244816K(426144K), 0.1137242 secs]
46.320: [GC (Allocation Failure)  362448K->252038K(426144K), 0.1952154 secs]
49.323: [GC (Allocation Failure)  369670K->259064K(426144K), 0.1292278 secs]
52.339: [GC (Allocation Failure)  376696K->264749K(426144K), 0.0725504 secs]
55.464: [GC (Allocation Failure)  382381K->269360K(426144K), 0.2058493 secs]
56.989: [GC (Allocation Failure)  386992K->275005K(426144K), 0.0991640 secs]
59.119: [GC (Allocation Failure)  392637K->281886K(426144K), 0.1868322 secs]
62.269: [GC (Allocation Failure)  399518K->287262K(426144K), 0.1054147 secs]
66.331: [GC (Allocation Failure)  404894K->292723K(426144K), 0.1743726 secs]
69.314: [GC (Allocation Failure)  410355K->298564K(426144K), 0.1093391 secs]
72.789: [GC (Allocation Failure)  416196K->307767K(426144K), 0.2200123 secs]
77.111: [GC (Allocation Failure)  425399K->314254K(439664K), 0.2078038 secs]
77.318: [Full GC (Allocation Failure)  314254K->293594K(439664K), 1.5618455 secs]
84.591: [GC (Allocation Failure)  489370K->302665K(709552K), 0.1657636 secs]
88.996: [GC (Allocation Failure)  498441K->311011K(709552K), 0.2379179 secs]
93.754: [GC (Allocation Failure)  506787K->319233K(709552K), 0.2664395 secs]
98.686: [GC (Allocation Failure)  515009K->332227K(709552K), 0.2076180 secs]
103.758: [GC (Allocation Failure)  528003K->342257K(709552K), 0.2116164 secs]
107.071: [GC (Allocation Failure)  538033K->352608K(709552K), 0.1336241 secs]
110.912: [GC (Allocation Failure)  548384K->359242K(709552K), 0.2212523 secs]
115.824: [GC (Allocation Failure)  555018K->377072K(709552K), 0.3140021 secs]
120.566: [GC (Allocation Failure)  572848K->382467K(709552K), 0.2512657 secs]
125.762: [GC (Allocation Failure)  578243K->398108K(709552K), 0.1290295 secs]
129.510: [GC (Allocation Failure)  593884K->412942K(709552K), 0.2320108 secs]
131.283: [GC (Allocation Failure)  608718K->432576K(709552K), 0.0802017 secs]
133.662: [GC (Allocation Failure)  628352K->446677K(709552K), 0.1358408 secs]
135.969: [GC (Allocation Failure)  642453K->478133K(709552K), 0.1195153 secs]
137.567: [GC (Allocation Failure)  673909K->497255K(709552K), 0.1693021 secs]
139.878: [GC (Allocation Failure)  693031K->509015K(717424K), 0.2845959 secs]
140.163: [Full GC (Allocation Failure)  509015K->405818K(717424K), 1.3023868 secs]
144.632: [GC (Allocation Failure)  676474K->421969K(980816K), 0.1583030 secs]
147.824: [GC (Allocation Failure)  692625K->441284K(980816K), 0.1213594 secs]
150.371: [GC (Allocation Failure)  711940K->456802K(980816K), 0.0925564 secs]
153.591: [GC (Allocation Failure)  727458K->473189K(980816K), 0.1103626 secs]
156.804: [GC (Allocation Failure)  743845K->490263K(980816K), 0.2535786 secs]
159.230: [GC (Allocation Failure)  760919K->507706K(980816K), 0.1031149 secs]
160.497: [GC (Allocation Failure)  778362K->533259K(980816K), 0.1440396 secs]
162.016: [GC (Allocation Failure)  803915K->570952K(980816K), 0.0925610 secs]
162.841: [GC (Allocation Failure)  841608K->624967K(980816K), 0.1488210 secs]
164.054: [GC (Allocation Failure)  895623K->690107K(980816K), 0.2418122 secs]
165.782: [GC (Allocation Failure)  960763K->747833K(1018640K), 0.2519139 secs]
166.034: [Full GC (Allocation Failure)  747833K->582466K(1018640K), 1.4674587 secs]
170.057: [GC (Allocation Failure)  970882K->620518K(1407708K), 0.1526084 secs]
172.955: [GC (Allocation Failure)  1008934K->682678K(1407708K), 0.2998007 secs]
176.469: [GC (Allocation Failure)  1071094K->807536K(1407708K), 0.2839543 secs]
179.054: [GC (Allocation Failure)  1195952K->832517K(1407708K), 0.2064072 secs]
181.820: [GC (Allocation Failure)  1220933K->856872K(1407708K), 0.1732701 secs]
183.618: [GC (Allocation Failure)  1245288K->880090K(1407708K), 0.2259101 secs]
187.201: [GC (Allocation Failure)  1268506K->898612K(1407708K), 0.1478062 secs]
190.357: [GC (Allocation Failure)  1287028K->911625K(1407708K), 0.1391169 secs]
192.895: [GC (Allocation Failure)  1300041K->929322K(1407708K), 0.1572180 secs]
196.304: [GC (Allocation Failure)  1317738K->947438K(1407708K), 0.2432535 secs]
198.321: [GC (Allocation Failure)  1335854K->982243K(1407708K), 0.2393641 secs]
201.855: [GC (Allocation Failure)  1370659K->999321K(1419036K), 0.2145531 secs]
202.070: [Full GC (Allocation Failure)  999321K->786193K(1419036K), 2.3040739 secs]
208.111: [GC (Allocation Failure)  1310417K->813748K(1900020K), 0.1325428 secs]
209.880: [GC (Allocation Failure)  1337972K->938533K(1900020K), 0.2926350 secs]
212.721: [GC (Allocation Failure)  1462757K->1080711K(1900020K), 0.3357704 secs]
216.554: [GC (Allocation Failure)  1604935K->1108572K(1900020K), 0.2666301 secs]
219.633: [GC (Allocation Failure)  1632796K->1126584K(1900020K), 0.1591217 secs]
223.099: [GC (Allocation Failure)  1650808K->1151456K(1900020K), 0.1971101 secs]
225.775: [GC (Allocation Failure)  1675680K->1174200K(1900020K), 0.1668207 secs]
228.808: [GC (Allocation Failure)  1698424K->1209012K(1900020K), 0.1775182 secs]
230.620: [GC (Allocation Failure)  1733236K->1385847K(1910196K), 0.4697756 secs]
231.090: [Full GC (Allocation Failure)  1385847K->1016574K(1910196K), 2.2880168 secs]
236.057: [GC (Allocation Failure)  1694398K->1201006K(2456788K), 0.2353171 secs]
238.875: [GC (Allocation Failure)  1878830K->1316093K(2456788K), 0.3390672 secs]
241.304: [GC (Allocation Failure)  1993917K->1604252K(2456788K), 0.5110072 secs]
243.496: [Full GC (Allocation Failure)  2282076K->1059887K(2456788K), 2.6217649 secs]
247.320: [Full GC (System.gc())  1264729K->1121940K(2474688K), 2.2232190 secs]
249.543: [Full GC (System.gc())  1121940K->1121940K(2474688K), 2.1810503 secs]
251.725: [Full GC (System.gc())  1121940K->1121940K(2474688K), 2.1207637 secs]
253.846: [Full GC (System.gc())  1121940K->1074987K(2474688K), 2.4331952 secs]
256.280: [Full GC (System.gc())  1074987K->1074987K(2474688K), 2.1885575 secs]
260.238: [GC (Allocation Failure)  1757675K->1092130K(2474688K), 0.0834950 secs]
