Java HotSpot(TM) 64-Bit Server VM (25.91-b14) for linux-amd64 JRE (1.8.0_91-b14), built on Apr  1 2016 00:57:21 by "java_re" with gcc 4.3.0 20080428 (Red Hat 4.3.0-8)
Memory: 4k page, physical 10239976k(3870264k free), swap 4192252k(4192252k free)
CommandLine flags: -XX:InitialHeapSize=163839616 -XX:MaxHeapSize=2621433856 -XX:+PrintGC -XX:+PrintGCTimeStamps -XX:+UseCompressedClassPointers -XX:+UseCompressedOops 
1.824: [GC (Allocation Failure)  43136K->8410K(156416K), 0.0279303 secs]
2.140: [GC (Allocation Failure)  51546K->18827K(156416K), 0.0302320 secs]
2.616: [GC (Allocation Failure)  61963K->29207K(156416K), 0.0551124 secs]
2.918: [GC (Allocation Failure)  72343K->29590K(156416K), 0.0152174 secs]
4.455: [GC (Allocation Failure)  72726K->39325K(156416K), 0.0396596 secs]
5.407: [GC (Allocation Failure)  82461K->46958K(156416K), 0.0451599 secs]
6.083: [GC (Allocation Failure)  90094K->54183K(156416K), 0.0352836 secs]
6.612: [GC (Allocation Failure)  97319K->61586K(156416K), 0.0349060 secs]
7.019: [GC (Allocation Failure)  104722K->68827K(156416K), 0.0698149 secs]
7.605: [GC (Allocation Failure)  111963K->74142K(156416K), 0.0398632 secs]
8.075: [GC (Allocation Failure)  117278K->81385K(156416K), 0.0285548 secs]
8.535: [GC (Allocation Failure)  124521K->89258K(156416K), 0.0584624 secs]
9.091: [GC (Allocation Failure)  132394K->94241K(156416K), 0.0262332 secs]
9.425: [GC (Allocation Failure)  137377K->99517K(156416K), 0.0455604 secs]
9.757: [GC (Allocation Failure)  142653K->107356K(156416K), 0.0231629 secs]
10.137: [GC (Allocation Failure)  150492K->114622K(157760K), 0.0285479 secs]
10.165: [Full GC (Allocation Failure)  114622K->57621K(157760K), 0.1287744 secs]
10.588: [GC (Allocation Failure)  100885K->64879K(156544K), 0.0179538 secs]
10.926: [GC (Allocation Failure)  108143K->72159K(156544K), 0.0436059 secs]
11.288: [GC (Allocation Failure)  115423K->79007K(156544K), 0.0204762 secs]
11.555: [GC (Allocation Failure)  122271K->85634K(156544K), 0.0195976 secs]
11.919: [GC (Allocation Failure)  128898K->89883K(156544K), 0.0315104 secs]
12.330: [GC (Allocation Failure)  133147K->98652K(156544K), 0.0712679 secs]
12.903: [GC (Allocation Failure)  141916K->105075K(156544K), 0.0239067 secs]
13.096: [GC (Allocation Failure)  148339K->104386K(156544K), 0.0219606 secs]
13.256: [GC (Allocation Failure)  147650K->104566K(156544K), 0.0028385 secs]
