Java HotSpot(TM) 64-Bit Server VM (25.74-b02) for linux-amd64 JRE (1.8.0_74-b02), built on Jan 29 2016 19:20:56 by "java_re" with gcc 4.3.0 20080428 (Red Hat 4.3.0-8)
Memory: 4k page, physical 65960280k(4513120k free), swap 32767996k(32756512k free)
CommandLine flags: -XX:InitialHeapSize=1055364480 -XX:MaxHeapSize=16885831680 -XX:+PrintGC -XX:+PrintGCTimeStamps -XX:+UseCompressedClassPointers -XX:+UseCompressedOops -XX:+UseParallelGC 
0.839: [GC (Allocation Failure)  258048K->14701K(989184K), 0.0310277 secs]
1002.991: [GC (Allocation Failure)  272749K->9564K(1247232K), 0.0216200 secs]
1003.889: [GC (Allocation Failure)  525660K->8570K(1247232K), 0.0162877 secs]
1004.418: [GC (Allocation Failure)  524666K->8578K(1763328K), 0.0131751 secs]
1005.771: [GC (Allocation Failure)  1040770K->8602K(1763328K), 0.0149460 secs]
1006.750: [GC (Allocation Failure)  1040794K->8642K(2766848K), 0.0121835 secs]
1009.428: [GC (Allocation Failure)  2073026K->8826K(2767360K), 0.0329619 secs]
1011.401: [GC (Allocation Failure)  2073210K->8690K(2661376K), 0.0036355 secs]
1013.294: [GC (Allocation Failure)  1981426K->8630K(2590720K), 0.0037611 secs]
1015.090: [GC (Allocation Failure)  1894326K->8630K(2491904K), 0.0036090 secs]
1016.798: [GC (Allocation Failure)  1811894K->8614K(2429952K), 0.0036416 secs]
1018.446: [GC (Allocation Failure)  1733030K->8550K(2338304K), 0.0038891 secs]
1020.007: [GC (Allocation Failure)  1658214K->8550K(2283520K), 0.0077026 secs]
1021.529: [GC (Allocation Failure)  1587046K->8614K(2199552K), 0.0040387 secs]
1022.977: [GC (Allocation Failure)  1519526K->8582K(2150400K), 0.0040278 secs]
1024.337: [GC (Allocation Failure)  1454982K->8582K(2074112K), 0.0034390 secs]
1025.632: [GC (Allocation Failure)  1394054K->8582K(2030080K), 0.0037147 secs]
1026.906: [GC (Allocation Failure)  1335686K->8614K(1960448K), 0.0049748 secs]
1028.126: [GC (Allocation Failure)  1280422K->8550K(1921024K), 0.0033707 secs]
1029.284: [GC (Allocation Failure)  1227622K->8582K(1857536K), 0.0038174 secs]
1030.379: [GC (Allocation Failure)  1177478K->8582K(1821696K), 0.0034584 secs]
1031.436: [GC (Allocation Failure)  1129862K->8614K(1764352K), 0.0033752 secs]
1032.440: [GC (Allocation Failure)  1084326K->8550K(1732096K), 0.0039703 secs]
1033.403: [GC (Allocation Failure)  1041254K->8614K(1680384K), 0.0040533 secs]
1034.350: [GC (Allocation Failure)  1000358K->8582K(1650688K), 0.0036420 secs]
1035.251: [GC (Allocation Failure)  961414K->8550K(1604096K), 0.0039695 secs]
1036.119: [GC (Allocation Failure)  924006K->8582K(1576960K), 0.0040880 secs]
1036.952: [GC (Allocation Failure)  888710K->8582K(1534976K), 0.0038125 secs]
1037.746: [GC (Allocation Failure)  854918K->8550K(1509888K), 0.0040936 secs]
1038.515: [GC (Allocation Failure)  822630K->8582K(1472000K), 0.0042917 secs]
1039.290: [GC (Allocation Failure)  791942K->8582K(1448960K), 0.0038184 secs]
1040.023: [GC (Allocation Failure)  762758K->8582K(1415168K), 0.0042131 secs]
1040.708: [GC (Allocation Failure)  735110K->8550K(1393664K), 0.0039719 secs]
1041.386: [GC (Allocation Failure)  708454K->8582K(1363456K), 0.0048262 secs]
1042.030: [GC (Allocation Failure)  683398K->8550K(1344000K), 0.0036703 secs]
1042.648: [GC (Allocation Failure)  659302K->8582K(1316352K), 0.0039401 secs]
1043.261: [GC (Allocation Failure)  636294K->8550K(1298432K), 0.0035487 secs]
1043.830: [GC (Allocation Failure)  614246K->8614K(1273344K), 0.0032648 secs]
1044.401: [GC (Allocation Failure)  593318K->8550K(1256448K), 0.0034582 secs]
1044.932: [GC (Allocation Failure)  573286K->8550K(1234432K), 0.0031805 secs]
1045.460: [GC (Allocation Failure)  554342K->8582K(1218560K), 0.0032695 secs]
1045.960: [GC (Allocation Failure)  535942K->8582K(1198592K), 0.0037119 secs]
1046.450: [GC (Allocation Failure)  518534K->8550K(1184256K), 0.0034866 secs]
1046.913: [GC (Allocation Failure)  501606K->8614K(1165824K), 0.0043575 secs]
1047.369: [GC (Allocation Failure)  485798K->8582K(1152512K), 0.0036097 secs]
1047.817: [GC (Allocation Failure)  470406K->8550K(1136128K), 0.0039150 secs]
1048.250: [GC (Allocation Failure)  456038K->8582K(1123840K), 0.0033497 secs]
1048.661: [GC (Allocation Failure)  442246K->8582K(1108992K), 0.0035615 secs]
1049.060: [GC (Allocation Failure)  428934K->8550K(1097728K), 0.0038496 secs]
1049.462: [GC (Allocation Failure)  416102K->8582K(1083904K), 0.0035229 secs]
1049.848: [GC (Allocation Failure)  403846K->8550K(1073152K), 0.0038237 secs]
1050.219: [GC (Allocation Failure)  392038K->8582K(1060864K), 0.0035481 secs]
1050.597: [GC (Allocation Failure)  380806K->8614K(1051136K), 0.0036509 secs]
1050.956: [GC (Allocation Failure)  370086K->8550K(1039872K), 0.0036536 secs]
1051.290: [GC (Allocation Failure)  359782K->8582K(1030656K), 0.0032593 secs]
1051.617: [GC (Allocation Failure)  350086K->8582K(1020928K), 0.0040187 secs]
1051.934: [GC (Allocation Failure)  340870K->8582K(1012224K), 0.0029969 secs]
1052.242: [GC (Allocation Failure)  331654K->8550K(1003008K), 0.0034877 secs]
1052.543: [GC (Allocation Failure)  322918K->8550K(1066496K), 0.0038488 secs]
1052.904: [GC (Allocation Failure)  385894K->8582K(1141760K), 0.0038083 secs]
1053.348: [GC (Allocation Failure)  461702K->8614K(1232896K), 0.0058988 secs]
1053.865: [GC (Allocation Failure)  552358K->8582K(1213952K), 0.0036670 secs]
1054.370: [GC (Allocation Failure)  533894K->8582K(1197056K), 0.0038099 secs]
1054.868: [GC (Allocation Failure)  516486K->8582K(1180160K), 0.0049387 secs]
1055.346: [GC (Allocation Failure)  500102K->8614K(1164288K), 0.0035111 secs]
1055.801: [GC (Allocation Failure)  484262K->8582K(1148928K), 0.0038523 secs]
1056.238: [GC (Allocation Failure)  468870K->8582K(1134592K), 0.0033778 secs]
1056.665: [GC (Allocation Failure)  454534K->8582K(1120768K), 0.0036668 secs]
1057.080: [GC (Allocation Failure)  440710K->8582K(1107456K), 0.0046124 secs]
1057.489: [GC (Allocation Failure)  427398K->8614K(1094656K), 0.0034775 secs]
1057.889: [GC (Allocation Failure)  414630K->8582K(1082368K), 0.0038554 secs]
1058.266: [GC (Allocation Failure)  402310K->8582K(1070592K), 0.0035737 secs]
1058.628: [GC (Allocation Failure)  390534K->8550K(1059328K), 0.0035101 secs]
1058.978: [GC (Allocation Failure)  379238K->8550K(1048576K), 0.0040954 secs]
1059.326: [GC (Allocation Failure)  368486K->8582K(1038336K), 0.0036601 secs]
1059.658: [GC (Allocation Failure)  358278K->8614K(1108480K), 0.0039056 secs]
1060.086: [GC (Allocation Failure)  428454K->8614K(1095680K), 0.0038236 secs]
1060.478: [GC (Allocation Failure)  415654K->8582K(1177088K), 0.0045808 secs]
1060.956: [GC (Allocation Failure)  497030K->8582K(1274880K), 0.0045367 secs]
1061.512: [GC (Allocation Failure)  594822K->8550K(1254912K), 0.0046402 secs]
1062.042: [GC (Allocation Failure)  574822K->8582K(1235968K), 0.0050353 secs]
1062.563: [GC (Allocation Failure)  555910K->8582K(1217536K), 0.0032444 secs]
1063.070: [GC (Allocation Failure)  537478K->8582K(1200128K), 0.0037647 secs]
1063.552: [GC (Allocation Failure)  520070K->8582K(1183232K), 0.0041956 secs]
1064.022: [GC (Allocation Failure)  503174K->8582K(1167360K), 0.0037344 secs]
1064.483: [GC (Allocation Failure)  487302K->8582K(1152000K), 0.0041250 secs]
1064.939: [GC (Allocation Failure)  471942K->8582K(1137152K), 0.0037412 secs]
1065.388: [GC (Allocation Failure)  457094K->8550K(1123328K), 0.0035682 secs]
1065.809: [GC (Allocation Failure)  443238K->8582K(1110016K), 0.0041904 secs]
1066.211: [GC (Allocation Failure)  429958K->8582K(1097216K), 0.0036149 secs]
1066.598: [GC (Allocation Failure)  417158K->8550K(1084928K), 0.0038204 secs]
1066.981: [GC (Allocation Failure)  404838K->8582K(1073152K), 0.0040706 secs]
1067.347: [GC (Allocation Failure)  393094K->8582K(1061888K), 0.0038698 secs]
1067.716: [GC (Allocation Failure)  381830K->8582K(1051136K), 0.0036584 secs]
1068.070: [GC (Allocation Failure)  371078K->8550K(1040896K), 0.0038736 secs]
1068.410: [GC (Allocation Failure)  360806K->8550K(1111552K), 0.0039958 secs]
1068.813: [GC (Allocation Failure)  431462K->8550K(1196544K), 0.0039093 secs]
1069.302: [GC (Allocation Failure)  516454K->8582K(1180160K), 0.0038090 secs]
1069.773: [GC (Allocation Failure)  500102K->8582K(1164288K), 0.0038883 secs]
1070.235: [GC (Allocation Failure)  484230K->8582K(1148928K), 0.0036438 secs]
1070.677: [GC (Allocation Failure)  468870K->8614K(1134592K), 0.0040350 secs]
1071.093: [GC (Allocation Failure)  454566K->8614K(1120768K), 0.0035583 secs]
1071.507: [GC (Allocation Failure)  440742K->8582K(1107456K), 0.0031934 secs]
1071.918: [GC (Allocation Failure)  427398K->8582K(1094656K), 0.0029676 secs]
1072.311: [GC (Allocation Failure)  414598K->8550K(1082368K), 0.0032958 secs]
1072.690: [GC (Allocation Failure)  402278K->8582K(1070592K), 0.0035104 secs]
1073.055: [GC (Allocation Failure)  390534K->8582K(1059328K), 0.0040698 secs]
1073.410: [GC (Allocation Failure)  379270K->8550K(1048576K), 0.0030589 secs]
1073.753: [GC (Allocation Failure)  368486K->8550K(1038336K), 0.0037701 secs]
1074.085: [GC (Allocation Failure)  358246K->8582K(1028608K), 0.0028060 secs]
1074.409: [GC (Allocation Failure)  348550K->8550K(1019392K), 0.0028417 secs]
1074.730: [GC (Allocation Failure)  339302K->8582K(1010176K), 0.0040941 secs]
1075.043: [GC (Allocation Failure)  330118K->8582K(1001472K), 0.0031413 secs]
1075.349: [GC (Allocation Failure)  321414K->8614K(993280K), 0.0030598 secs]
1075.665: [GC (Allocation Failure)  313254K->8582K(1054208K), 0.0037515 secs]
1076.017: [GC (Allocation Failure)  374150K->8614K(1127424K), 0.0046662 secs]
1076.431: [GC (Allocation Failure)  447398K->8550K(1215488K), 0.0036645 secs]
1076.927: [GC (Allocation Failure)  535398K->8582K(1198080K), 0.0028924 secs]
1077.413: [GC (Allocation Failure)  518022K->8550K(1181184K), 0.0030224 secs]
1077.883: [GC (Allocation Failure)  501094K->8550K(1165312K), 0.0036755 secs]
1078.347: [GC (Allocation Failure)  485222K->8582K(1149952K), 0.0032056 secs]
1078.792: [GC (Allocation Failure)  469894K->8614K(1135616K), 0.0030161 secs]
1079.240: [GC (Allocation Failure)  455590K->8582K(1121792K), 0.0037876 secs]
1079.669: [GC (Allocation Failure)  441734K->8582K(1108480K), 0.0040650 secs]
1080.096: [GC (Allocation Failure)  428422K->8550K(1095680K), 0.0045458 secs]
1080.491: [GC (Allocation Failure)  415590K->8582K(1083392K), 0.0033906 secs]
1080.891: [GC (Allocation Failure)  403334K->8582K(1071616K), 0.0034456 secs]
1081.253: [GC (Allocation Failure)  391558K->8582K(1060352K), 0.0039567 secs]
1081.609: [GC (Allocation Failure)  380294K->8550K(1049600K), 0.0044256 secs]
1081.969: [GC (Allocation Failure)  369510K->8550K(1039360K), 0.0035473 secs]
1082.302: [GC (Allocation Failure)  359270K->8614K(1029632K), 0.0033030 secs]
1082.635: [GC (Allocation Failure)  349606K->8582K(1098240K), 0.0037905 secs]
1083.030: [GC (Allocation Failure)  418182K->8582K(1085952K), 0.0037238 secs]
1083.406: [GC (Allocation Failure)  405894K->8646K(1074176K), 0.0027626 secs]
1083.771: [GC (Allocation Failure)  394182K->8550K(1151488K), 0.0049464 secs]
1084.215: [GC (Allocation Failure)  471398K->8550K(1136640K), 0.0041292 secs]
1084.639: [GC (Allocation Failure)  456550K->8582K(1122816K), 0.0039253 secs]
1085.061: [GC (Allocation Failure)  442758K->8550K(1109504K), 0.0034470 secs]
1085.475: [GC (Allocation Failure)  429414K->8550K(1096704K), 0.0041592 secs]
1085.869: [GC (Allocation Failure)  416614K->8550K(1084416K), 0.0037634 secs]
1086.279: [GC (Allocation Failure)  404326K->8550K(1072640K), 0.0042461 secs]
1086.655: [GC (Allocation Failure)  392550K->8550K(1061376K), 0.0035299 secs]
1087.018: [GC (Allocation Failure)  381286K->8518K(1050624K), 0.0038738 secs]
1087.369: [GC (Allocation Failure)  370502K->8582K(1040384K), 0.0033114 secs]
1087.708: [GC (Allocation Failure)  360326K->8550K(1111040K), 0.0040879 secs]
1088.110: [GC (Allocation Failure)  430950K->8582K(1195520K), 0.0039754 secs]
1088.595: [GC (Allocation Failure)  515462K->8582K(1179136K), 0.0044276 secs]
1089.061: [GC (Allocation Failure)  499078K->8582K(1163264K), 0.0043235 secs]
1089.520: [GC (Allocation Failure)  483206K->8582K(1147904K), 0.0032929 secs]
1089.960: [GC (Allocation Failure)  467846K->8550K(1133568K), 0.0032826 secs]
1090.386: [GC (Allocation Failure)  453478K->8614K(1119744K), 0.0038284 secs]
1090.796: [GC (Allocation Failure)  439718K->8582K(1106432K), 0.0034745 secs]
1091.195: [GC (Allocation Failure)  426374K->8582K(1093632K), 0.0030905 secs]
1091.583: [GC (Allocation Failure)  413574K->8582K(1081344K), 0.0048138 secs]
1091.974: [GC (Allocation Failure)  401286K->8614K(1069568K), 0.0041025 secs]
1092.339: [GC (Allocation Failure)  389542K->8582K(1058304K), 0.0041260 secs]
1092.703: [GC (Allocation Failure)  378246K->8646K(1132544K), 0.0043364 secs]
1093.131: [GC (Allocation Failure)  452550K->8582K(1118720K), 0.0031949 secs]
1093.539: [GC (Allocation Failure)  438662K->8582K(1204736K), 0.0047847 secs]
1094.047: [GC (Allocation Failure)  524678K->8550K(1187840K), 0.0043262 secs]
1094.528: [GC (Allocation Failure)  507750K->8582K(1171456K), 0.0044553 secs]
1094.995: [GC (Allocation Failure)  491398K->8582K(1156096K), 0.0049656 secs]
1095.445: [GC (Allocation Failure)  476038K->8582K(1141248K), 0.0037866 secs]
1095.880: [GC (Allocation Failure)  461190K->8614K(1126912K), 0.0038773 secs]
1096.311: [GC (Allocation Failure)  446886K->8550K(1113600K), 0.0032885 secs]
1096.753: [GC (Allocation Failure)  433510K->8582K(1100800K), 0.0044916 secs]
1097.147: [GC (Allocation Failure)  420742K->8582K(1088512K), 0.0033227 secs]
1097.527: [GC (Allocation Failure)  408454K->8614K(1076736K), 0.0041376 secs]
1097.900: [GC (Allocation Failure)  396710K->8582K(1065472K), 0.0028267 secs]
1098.258: [GC (Allocation Failure)  385414K->8550K(1054720K), 0.0037521 secs]
1098.607: [GC (Allocation Failure)  374630K->8614K(1044480K), 0.0041410 secs]
1098.962: [GC (Allocation Failure)  364454K->8582K(1034240K), 0.0029248 secs]
1099.297: [GC (Allocation Failure)  354182K->8582K(1024512K), 0.0035437 secs]
1099.619: [GC (Allocation Failure)  344454K->8582K(1015296K), 0.0032470 secs]
1099.940: [GC (Allocation Failure)  335238K->8582K(1006592K), 0.0033423 secs]
1100.253: [GC (Allocation Failure)  326534K->8582K(1070592K), 0.0038168 secs]
1100.623: [GC (Allocation Failure)  390534K->8582K(1147392K), 0.0044407 secs]
1101.068: [GC (Allocation Failure)  467334K->8550K(1239552K), 0.0037069 secs]
1101.593: [GC (Allocation Failure)  559462K->8582K(1221120K), 0.0028356 secs]
1102.126: [GC (Allocation Failure)  541062K->8614K(1203200K), 0.0034856 secs]
1102.632: [GC (Allocation Failure)  523174K->8550K(1186304K), 0.0045168 secs]
1103.118: [GC (Allocation Failure)  506214K->8582K(1169920K), 0.0034458 secs]
1103.574: [GC (Allocation Failure)  489862K->8550K(1154560K), 0.0036302 secs]
1104.021: [GC (Allocation Failure)  474470K->8582K(1139712K), 0.0029383 secs]
1104.451: [GC (Allocation Failure)  459654K->8550K(1125376K), 0.0036585 secs]
1104.865: [GC (Allocation Failure)  445286K->8582K(1112064K), 0.0035071 secs]
1105.275: [GC (Allocation Failure)  432006K->8582K(1099264K), 0.0044752 secs]
1105.667: [GC (Allocation Failure)  419206K->8582K(1086976K), 0.0034440 secs]
1106.048: [GC (Allocation Failure)  406918K->8582K(1075200K), 0.0034656 secs]
1106.416: [GC (Allocation Failure)  395142K->8550K(1063936K), 0.0034275 secs]
1106.773: [GC (Allocation Failure)  383846K->8614K(1053184K), 0.0030938 secs]
1107.165: [GC (Allocation Failure)  373158K->8550K(1042944K), 0.0039156 secs]
1107.504: [GC (Allocation Failure)  362854K->8550K(1032704K), 0.0035779 secs]
1107.841: [GC (Allocation Failure)  352614K->8550K(1022976K), 0.0036808 secs]
1108.168: [GC (Allocation Failure)  342886K->8550K(1013760K), 0.0036253 secs]
1108.481: [GC (Allocation Failure)  333670K->8582K(1078784K), 0.0038519 secs]
1108.870: [GC (Allocation Failure)  398726K->8550K(1157120K), 0.0038956 secs]
1109.323: [GC (Allocation Failure)  477030K->8582K(1142272K), 0.0035301 secs]
1109.764: [GC (Allocation Failure)  462214K->8550K(1127936K), 0.0037594 secs]
1110.192: [GC (Allocation Failure)  447846K->8550K(1114112K), 0.0040538 secs]
1110.601: [GC (Allocation Failure)  434022K->8582K(1101312K), 0.0038751 secs]
1110.999: [GC (Allocation Failure)  421254K->8550K(1089024K), 0.0036906 secs]
1111.382: [GC (Allocation Failure)  408934K->8550K(1077248K), 0.0034078 secs]
1111.764: [GC (Allocation Failure)  397158K->8550K(1065984K), 0.0037609 secs]
1112.128: [GC (Allocation Failure)  385894K->8550K(1055232K), 0.0038632 secs]
1112.478: [GC (Allocation Failure)  375142K->8582K(1044480K), 0.0038803 secs]
1112.817: [GC (Allocation Failure)  364422K->8582K(1034240K), 0.0033068 secs]
1113.147: [GC (Allocation Failure)  354182K->8582K(1024512K), 0.0037235 secs]
1113.474: [GC (Allocation Failure)  344454K->8582K(1092096K), 0.0034622 secs]
1113.864: [GC (Allocation Failure)  412038K->8582K(1079808K), 0.0038580 secs]
1114.253: [GC (Allocation Failure)  399750K->8582K(1158144K), 0.0046423 secs]
1114.702: [GC (Allocation Failure)  478086K->8550K(1252352K), 0.0049848 secs]
1115.244: [GC (Allocation Failure)  572262K->8582K(1233408K), 0.0045839 secs]
1115.760: [GC (Allocation Failure)  553350K->8582K(1214976K), 0.0036353 secs]
1116.266: [GC (Allocation Failure)  534918K->8582K(1197568K), 0.0041268 secs]
1116.754: [GC (Allocation Failure)  517510K->8550K(1181184K), 0.0044868 secs]
1117.230: [GC (Allocation Failure)  501094K->8582K(1165312K), 0.0040466 secs]
1117.692: [GC (Allocation Failure)  485254K->8582K(1149952K), 0.0034419 secs]
1118.129: [GC (Allocation Failure)  469894K->8582K(1135616K), 0.0038857 secs]
1118.549: [GC (Allocation Failure)  455558K->8550K(1121792K), 0.0041329 secs]
1118.961: [GC (Allocation Failure)  441702K->8550K(1108480K), 0.0043607 secs]
1119.370: [GC (Allocation Failure)  428390K->8550K(1095680K), 0.0043110 secs]
1119.763: [GC (Allocation Failure)  415590K->8550K(1083392K), 0.0044283 secs]
1120.146: [GC (Allocation Failure)  403302K->8550K(1071616K), 0.0039583 secs]
1120.510: [GC (Allocation Failure)  391526K->8550K(1148416K), 0.0043191 secs]
1120.951: [GC (Allocation Failure)  468326K->8550K(1134080K), 0.0034840 secs]
1121.386: [GC (Allocation Failure)  453990K->8550K(1120256K), 0.0048103 secs]
1121.796: [GC (Allocation Failure)  440166K->8550K(1106944K), 0.0039546 secs]
1122.203: [GC (Allocation Failure)  426854K->8582K(1094144K), 0.0036798 secs]
1122.591: [GC (Allocation Failure)  414086K->8582K(1081856K), 0.0036408 secs]
1122.984: [GC (Allocation Failure)  401798K->8550K(1070080K), 0.0038514 secs]
1123.353: [GC (Allocation Failure)  389990K->8550K(1058816K), 0.0040730 secs]
1123.713: [GC (Allocation Failure)  378726K->8582K(1048064K), 0.0036657 secs]
1124.072: [GC (Allocation Failure)  368006K->8582K(1037824K), 0.0037964 secs]
1124.417: [GC (Allocation Failure)  357766K->8582K(1107968K), 0.0040960 secs]
1124.830: [GC (Allocation Failure)  427910K->8582K(1191936K), 0.0040575 secs]
1125.307: [GC (Allocation Failure)  511878K->8550K(1175552K), 0.0033510 secs]
1125.772: [GC (Allocation Failure)  495462K->8582K(1159680K), 0.0034057 secs]
1126.221: [GC (Allocation Failure)  479622K->8582K(1144832K), 0.0036462 secs]
1126.655: [GC (Allocation Failure)  464774K->8582K(1130496K), 0.0041686 secs]
1127.081: [GC (Allocation Failure)  450438K->8550K(1116672K), 0.0036274 secs]
1127.487: [GC (Allocation Failure)  436582K->8614K(1103360K), 0.0035271 secs]
1127.880: [GC (Allocation Failure)  423334K->8582K(1091072K), 0.0038476 secs]
1128.306: [GC (Allocation Failure)  411014K->8582K(1079296K), 0.0038475 secs]
1128.698: [GC (Allocation Failure)  399238K->8582K(1068032K), 0.0044000 secs]
1129.053: [GC (Allocation Failure)  387974K->8614K(1144320K), 0.0061914 secs]
1129.486: [GC (Allocation Failure)  464294K->8582K(1235456K), 0.0035091 secs]
1130.006: [GC (Allocation Failure)  555398K->8614K(1217024K), 0.0036508 secs]
