Java HotSpot(TM) 64-Bit Server VM (25.91-b14) for linux-amd64 JRE (1.8.0_91-b14), built on Apr  1 2016 00:57:21 by "java_re" with gcc 4.3.0 20080428 (Red Hat 4.3.0-8)
Memory: 4k page, physical 10239976k(3859072k free), swap 4192252k(4192252k free)
CommandLine flags: -XX:InitialHeapSize=163839616 -XX:MaxHeapSize=2621433856 -XX:+PrintGC -XX:+PrintGCTimeStamps -XX:+UseCompressedClassPointers -XX:+UseCompressedOops 
0.918: [GC (Allocation Failure)  43136K->11623K(156416K), 0.0249359 secs]
1.253: [Full GC (System.gc())  37231K->17849K(156416K), 0.0585482 secs]
1.312: [Full GC (System.gc())  17849K->17849K(156544K), 0.0203134 secs]
1.339: [Full GC (System.gc())  17849K->17849K(156544K), 0.0218194 secs]
1.364: [Full GC (System.gc())  17849K->17848K(156544K), 0.0236693 secs]
1.393: [Full GC (System.gc())  17848K->17848K(156544K), 0.0200775 secs]
2.331: [Full GC (System.gc())  39534K->22388K(156544K), 0.0365607 secs]
2.368: [Full GC (System.gc())  22388K->22388K(156544K), 0.0247575 secs]
2.393: [Full GC (System.gc())  22388K->18194K(156544K), 0.0310992 secs]
2.425: [Full GC (System.gc())  18194K->18194K(156544K), 0.0235883 secs]
2.448: [Full GC (System.gc())  18194K->18194K(156544K), 0.0229588 secs]
2.483: [Full GC (System.gc())  19030K->18239K(156544K), 0.0233904 secs]
2.511: [Full GC (System.gc())  18239K->13874K(156544K), 0.0253785 secs]
2.544: [Full GC (System.gc())  13874K->13874K(156544K), 0.0213844 secs]
2.566: [Full GC (System.gc())  13874K->13874K(156544K), 0.0206789 secs]
2.587: [Full GC (System.gc())  13874K->13874K(156544K), 0.0210998 secs]
2.610: [Full GC (System.gc())  14710K->13864K(156544K), 0.0233757 secs]
2.633: [Full GC (System.gc())  13864K->13864K(156544K), 0.0221497 secs]
2.656: [Full GC (System.gc())  13864K->13864K(156544K), 0.0235056 secs]
2.680: [Full GC (System.gc())  13864K->13864K(156544K), 0.0203612 secs]
2.700: [Full GC (System.gc())  13864K->13864K(156544K), 0.0246356 secs]
3.658: [GC (Allocation Failure)  57128K->17068K(156544K), 0.0092928 secs]
4.153: [GC (Allocation Failure)  60332K->19048K(156544K), 0.0129265 secs]
4.749: [GC (Allocation Failure)  62312K->26537K(156544K), 0.0227262 secs]
4.942: [GC (Allocation Failure)  69801K->27524K(156544K), 0.0207731 secs]
5.385: [GC (Allocation Failure)  70788K->27525K(156544K), 0.0033952 secs]
6.045: [GC (Allocation Failure)  70789K->27525K(156544K), 0.0028490 secs]
6.664: [GC (Allocation Failure)  70789K->27525K(156544K), 0.0030162 secs]
7.188: [GC (Allocation Failure)  70789K->27525K(156544K), 0.0032076 secs]
7.571: [GC (Allocation Failure)  70789K->27888K(156544K), 0.0049427 secs]
8.061: [GC (Allocation Failure)  71152K->31467K(156544K), 0.0163224 secs]
8.104: [Full GC (System.gc())  33196K->28751K(156544K), 0.0691235 secs]
8.181: [Full GC (System.gc())  28751K->28751K(156544K), 0.1689536 secs]
8.353: [Full GC (System.gc())  28751K->28751K(156544K), 0.0649353 secs]
8.425: [Full GC (System.gc())  28751K->23356K(156544K), 0.0660254 secs]
8.495: [Full GC (System.gc())  23356K->23356K(156544K), 0.0567861 secs]
