Java HotSpot(TM) 64-Bit Server VM (25.91-b14) for linux-amd64 JRE (1.8.0_91-b14), built on Apr  1 2016 00:57:21 by "java_re" with gcc 4.3.0 20080428 (Red Hat 4.3.0-8)
Memory: 4k page, physical 10239976k(3858976k free), swap 4192252k(4192252k free)
CommandLine flags: -XX:InitialHeapSize=163839616 -XX:MaxHeapSize=2621433856 -XX:+PrintGC -XX:+PrintGCTimeStamps -XX:+UseCompressedClassPointers -XX:+UseCompressedOops 
0.642: [GC (Allocation Failure)  43136K->7491K(156416K), 0.0156402 secs]
0.931: [GC (Allocation Failure)  50627K->14085K(156416K), 0.0251458 secs]
1.188: [GC (Allocation Failure)  57221K->20044K(156416K), 0.0451544 secs]
1.423: [GC (Allocation Failure)  63180K->26930K(156416K), 0.0172805 secs]
1.609: [GC (Allocation Failure)  70066K->33173K(156416K), 0.0256538 secs]
1.808: [GC (Allocation Failure)  76309K->38963K(156416K), 0.0181863 secs]
2.073: [GC (Allocation Failure)  82099K->44811K(156416K), 0.0217879 secs]
2.269: [GC (Allocation Failure)  87947K->50718K(156416K), 0.0268551 secs]
2.535: [GC (Allocation Failure)  93854K->57413K(156416K), 0.0360926 secs]
2.734: [GC (Allocation Failure)  100549K->63711K(156416K), 0.0309872 secs]
2.926: [GC (Allocation Failure)  106847K->69431K(156416K), 0.0204838 secs]
3.154: [GC (Allocation Failure)  112567K->74508K(156416K), 0.0617743 secs]
3.405: [GC (Allocation Failure)  117644K->79611K(156416K), 0.0215012 secs]
3.647: [GC (Allocation Failure)  122747K->85349K(156416K), 0.0394214 secs]
3.842: [GC (Allocation Failure)  128484K->91401K(156416K), 0.0292606 secs]
4.008: [GC (Allocation Failure)  134537K->97019K(156416K), 0.0305372 secs]
4.181: [GC (Allocation Failure)  140155K->103083K(156416K), 0.0364090 secs]
4.401: [GC (Allocation Failure)  146219K->107940K(156416K), 0.0606906 secs]
4.622: [GC (Allocation Failure)  151076K->113925K(157184K), 0.0287106 secs]
4.650: [Full GC (Allocation Failure)  113925K->111102K(157184K), 0.2550954 secs]
5.158: [GC (Allocation Failure)  181244K->119365K(262716K), 0.0772513 secs]
6.117: [GC (Allocation Failure)  191941K->136781K(262716K), 0.0534707 secs]
6.676: [GC (Allocation Failure)  209357K->148292K(262716K), 0.0581813 secs]
7.361: [GC (Allocation Failure)  220868K->160573K(262716K), 0.0488195 secs]
7.878: [GC (Allocation Failure)  233149K->172227K(262716K), 0.0404501 secs]
8.485: [GC (Allocation Failure)  244803K->181347K(262716K), 0.0578757 secs]
8.987: [GC (Allocation Failure)  253923K->191684K(264444K), 0.0543689 secs]
9.042: [Full GC (Allocation Failure)  191684K->155682K(264444K), 0.3743939 secs]
9.993: [GC (Allocation Failure)  259618K->171701K(376336K), 0.0521246 secs]
10.544: [GC (Allocation Failure)  275637K->187472K(376336K), 0.0560054 secs]
10.877: [Full GC (System.gc())  230007K->169758K(376336K), 0.3811933 secs]
11.263: [Full GC (System.gc())  169758K->159617K(410292K), 0.4636378 secs]
11.730: [Full GC (System.gc())  159617K->159617K(410292K), 0.4023971 secs]
12.141: [Full GC (System.gc())  159617K->159617K(410292K), 0.3092365 secs]
12.456: [Full GC (System.gc())  159617K->159617K(410292K), 0.3110951 secs]
14.017: [Full GC (System.gc())  194088K->155717K(410292K), 0.4956204 secs]
14.517: [Full GC (System.gc())  155717K->155717K(410292K), 0.3103084 secs]
14.828: [Full GC (System.gc())  155717K->155717K(410292K), 0.3165091 secs]
15.145: [Full GC (System.gc())  155717K->155717K(410292K), 0.3850649 secs]
15.530: [Full GC (System.gc())  155717K->155717K(410292K), 0.3838481 secs]
15.978: [Full GC (System.gc())  158108K->156398K(410292K), 0.3121200 secs]
16.293: [Full GC (System.gc())  156398K->156398K(410292K), 0.3769860 secs]
16.670: [Full GC (System.gc())  156398K->156398K(410292K), 0.3893611 secs]
17.059: [Full GC (System.gc())  156398K->145567K(410292K), 0.3410389 secs]
17.400: [Full GC (System.gc())  145567K->145567K(410292K), 0.5037077 secs]
17.905: [Full GC (System.gc())  147827K->145572K(410292K), 0.3830312 secs]
18.294: [Full GC (System.gc())  145572K->145572K(410292K), 0.3189201 secs]
18.613: [Full GC (System.gc())  145572K->145456K(410292K), 0.3919683 secs]
19.006: [Full GC (System.gc())  145456K->145456K(410292K), 0.3785521 secs]
19.384: [Full GC (System.gc())  145456K->145456K(410292K), 0.3098185 secs]
22.045: [GC (Allocation Failure)  258672K->152261K(410292K), 0.0451002 secs]
23.969: [GC (Allocation Failure)  265477K->157188K(410292K), 0.0303825 secs]
25.631: [GC (Allocation Failure)  270404K->162881K(410292K), 0.0386321 secs]
26.953: [GC (Allocation Failure)  276097K->168388K(410292K), 0.0391211 secs]
28.308: [GC (Allocation Failure)  281604K->174674K(410292K), 0.0866442 secs]
29.837: [GC (Allocation Failure)  287890K->181754K(410292K), 0.0833952 secs]
31.266: [GC (Allocation Failure)  294970K->187141K(410292K), 0.1042831 secs]
32.412: [GC (Allocation Failure)  300357K->193007K(410292K), 0.0418797 secs]
33.884: [GC (Allocation Failure)  306223K->199280K(410292K), 0.0869815 secs]
35.466: [GC (Allocation Failure)  312496K->205172K(410292K), 0.0681574 secs]
36.831: [GC (Allocation Failure)  318388K->211997K(410292K), 0.0849670 secs]
37.790: [GC (Allocation Failure)  325213K->217012K(410292K), 0.0491732 secs]
38.627: [GC (Allocation Failure)  330228K->221084K(410292K), 0.1448478 secs]
40.534: [GC (Allocation Failure)  334300K->231133K(410292K), 0.0536336 secs]
42.056: [GC (Allocation Failure)  344349K->236047K(410292K), 0.0552645 secs]
43.291: [GC (Allocation Failure)  349263K->241318K(410292K), 0.0592214 secs]
44.742: [GC (Allocation Failure)  354534K->247355K(410292K), 0.0681578 secs]
46.002: [GC (Allocation Failure)  360571K->251971K(410292K), 0.0759009 secs]
47.209: [GC (Allocation Failure)  365187K->257409K(410292K), 0.0508470 secs]
48.301: [GC (Allocation Failure)  370625K->261454K(410292K), 0.0718160 secs]
49.897: [GC (Allocation Failure)  374670K->266590K(410292K), 0.0377673 secs]
51.116: [GC (Allocation Failure)  379806K->272125K(410292K), 0.0577949 secs]
52.295: [GC (Allocation Failure)  385341K->278764K(410292K), 0.1095581 secs]
53.740: [GC (Allocation Failure)  391980K->284335K(410292K), 0.0523234 secs]
55.093: [GC (Allocation Failure)  397551K->289780K(410292K), 0.1167369 secs]
56.209: [GC (Allocation Failure)  402996K->298061K(411444K), 0.0719586 secs]
56.281: [Full GC (Allocation Failure)  298061K->279948K(411444K), 0.7977005 secs]
59.077: [GC (Allocation Failure)  466700K->287182K(676632K), 0.0509165 secs]
61.328: [GC (Allocation Failure)  473934K->295962K(676632K), 0.0510230 secs]
62.497: [GC (Allocation Failure)  482714K->304267K(676632K), 0.0649393 secs]
64.303: [GC (Allocation Failure)  491019K->311225K(676632K), 0.0839139 secs]
66.133: [GC (Allocation Failure)  497977K->322572K(676632K), 0.0554862 secs]
67.941: [GC (Allocation Failure)  509324K->331869K(676632K), 0.0616965 secs]
69.822: [GC (Allocation Failure)  518621K->346478K(676632K), 0.1111698 secs]
72.403: [GC (Allocation Failure)  533230K->357534K(676632K), 0.1875411 secs]
74.375: [GC (Allocation Failure)  544286K->383920K(676632K), 0.0776986 secs]
77.928: [GC (Allocation Failure)  570672K->399051K(676632K), 0.1077969 secs]
80.008: [GC (Allocation Failure)  585803K->396475K(676632K), 0.0249182 secs]
81.827: [GC (Allocation Failure)  583227K->419768K(676632K), 0.0490108 secs]
83.744: [GC (Allocation Failure)  606520K->432239K(676632K), 0.0569359 secs]
85.317: [GC (Allocation Failure)  618991K->444617K(676632K), 0.1584027 secs]
87.524: [GC (Allocation Failure)  631369K->455263K(676632K), 0.0659292 secs]
89.725: [GC (Allocation Failure)  642015K->467025K(676632K), 0.0956099 secs]
91.139: [GC (Allocation Failure)  653777K->476629K(676632K), 0.0739962 secs]
92.241: [GC (Allocation Failure)  663381K->490937K(677784K), 0.0536215 secs]
92.294: [Full GC (Allocation Failure)  490937K->396378K(677784K), 1.1523343 secs]
94.548: [GC (Allocation Failure)  660698K->417128K(957976K), 0.0451593 secs]
96.008: [GC (Allocation Failure)  681448K->427355K(957976K), 0.0867280 secs]
97.649: [GC (Allocation Failure)  691675K->449319K(957976K), 0.0743068 secs]
99.046: [GC (Allocation Failure)  713639K->475760K(957976K), 0.1486198 secs]
100.342: [GC (Allocation Failure)  740080K->498291K(957976K), 0.0842468 secs]
101.698: [GC (Allocation Failure)  762611K->546079K(957976K), 0.1494629 secs]
103.119: [GC (Allocation Failure)  810399K->574068K(957976K), 0.0795979 secs]
104.907: [GC (Allocation Failure)  838388K->615071K(957976K), 0.0941195 secs]
106.796: [GC (Allocation Failure)  879391K->629330K(957976K), 0.0849032 secs]
108.883: [GC (Allocation Failure)  893650K->676867K(957976K), 0.1587658 secs]
109.699: [GC (Allocation Failure)  941187K->772633K(1036956K), 0.1321578 secs]
109.832: [Full GC (Allocation Failure)  772633K->583044K(1036956K), 1.3834277 secs]
113.117: [GC (Allocation Failure)  971780K->629444K(1409056K), 0.1418720 secs]
117.446: [GC (Allocation Failure)  1018180K->648974K(1409056K), 0.1334069 secs]
119.860: [GC (Allocation Failure)  1037710K->664515K(1409056K), 0.0767439 secs]
122.194: [GC (Allocation Failure)  1053251K->683116K(1409056K), 0.1219053 secs]
124.619: [GC (Allocation Failure)  1071852K->700771K(1409056K), 0.1005472 secs]
126.674: [GC (Allocation Failure)  1089507K->743458K(1409056K), 0.1818448 secs]
129.792: [GC (Allocation Failure)  1132194K->761669K(1409056K), 0.1188693 secs]
132.241: [GC (Allocation Failure)  1150405K->780185K(1409056K), 0.0763022 secs]
134.154: [GC (Allocation Failure)  1168921K->837598K(1409056K), 0.1117858 secs]
135.481: [GC (Allocation Failure)  1226334K->951994K(1409056K), 0.1342496 secs]
137.540: [GC (Allocation Failure)  1340730K->1017334K(1409056K), 0.3202586 secs]
139.860: [GC (Allocation Failure)  1406070K->1040903K(1454628K), 0.1234898 secs]
139.984: [Full GC (Allocation Failure)  1040903K->766863K(1454628K), 1.7285305 secs]
143.620: [GC (Allocation Failure)  1278223K->789392K(1853340K), 0.1164087 secs]
146.638: [GC (Allocation Failure)  1300752K->810111K(1853340K), 0.1046845 secs]
148.811: [GC (Allocation Failure)  1321471K->886252K(1853340K), 0.1666329 secs]
150.072: [GC (Allocation Failure)  1397612K->1064018K(1853340K), 0.1837625 secs]
152.685: [GC (Allocation Failure)  1575378K->1096062K(1853340K), 0.1176303 secs]
155.227: [GC (Allocation Failure)  1607422K->1111667K(1853340K), 0.0935369 secs]
157.575: [GC (Allocation Failure)  1623027K->1144380K(1853340K), 0.0839681 secs]
159.313: [GC (Allocation Failure)  1655740K->1300236K(1853340K), 0.2434885 secs]
161.082: [GC (Allocation Failure)  1811596K->1463860K(1975260K), 0.1629610 secs]
161.245: [Full GC (Allocation Failure)  1463860K->965334K(1975260K), 2.0575991 secs]
164.884: [GC (Allocation Failure)  1608918K->1246117K(2332924K), 0.1491593 secs]
166.174: [Full GC (System.gc())  1580834K->963123K(2332924K), 2.2150277 secs]
168.389: [Full GC (System.gc())  963123K->963123K(2332924K), 1.8068518 secs]
170.196: [Full GC (System.gc())  963123K->963123K(2332924K), 1.8154230 secs]
172.013: [Full GC (System.gc())  963123K->963123K(2332924K), 1.8542791 secs]
173.867: [Full GC (System.gc())  963123K->963123K(2332924K), 2.0152340 secs]
177.657: [GC (Allocation Failure)  1606707K->979450K(2332924K), 0.0784886 secs]
