Java HotSpot(TM) 64-Bit Server VM (25.74-b02) for linux-amd64 JRE (1.8.0_74-b02), built on Jan 29 2016 19:20:56 by "java_re" with gcc 4.3.0 20080428 (Red Hat 4.3.0-8)
Memory: 4k page, physical 65960280k(2438528k free), swap 32767996k(32756512k free)
CommandLine flags: -XX:InitialHeapSize=1055364480 -XX:MaxHeapSize=16885831680 -XX:+PrintGC -XX:+PrintGCTimeStamps -XX:+UseCompressedClassPointers -XX:+UseCompressedOops -XX:+UseParallelGC 
0.956: [GC (Allocation Failure)  258048K->14635K(989184K), 0.0303137 secs]
5016.421: [GC (Allocation Failure)  272683K->9305K(1247232K), 0.0185400 secs]
5017.123: [GC (Allocation Failure)  525401K->8522K(1247232K), 0.0107234 secs]
5017.638: [GC (Allocation Failure)  524618K->8418K(1763328K), 0.0149169 secs]
5019.044: [GC (Allocation Failure)  1040610K->8570K(1763328K), 0.0163423 secs]
5020.048: [GC (Allocation Failure)  1040762K->8434K(2767360K), 0.0109459 secs]
5022.844: [GC (Allocation Failure)  2072818K->8650K(2767360K), 0.0333106 secs]
5024.880: [GC (Allocation Failure)  2073034K->8378K(4831744K), 0.0121142 secs]
5030.528: [GC (Allocation Failure)  4136122K->8378K(4622336K), 0.0036733 secs]
5034.405: [GC (Allocation Failure)  3942074K->8322K(4438016K), 0.0045699 secs]
5038.080: [GC (Allocation Failure)  3757698K->8354K(4279296K), 0.0049275 secs]
5041.619: [GC (Allocation Failure)  3582626K->8386K(4096512K), 0.0084303 secs]
5044.976: [GC (Allocation Failure)  3416258K->8354K(3954688K), 0.0045718 secs]
5048.151: [GC (Allocation Failure)  3258018K->8386K(3787776K), 0.0094407 secs]
5051.198: [GC (Allocation Failure)  3107522K->8354K(3660288K), 0.0046108 secs]
5054.108: [GC (Allocation Failure)  2964642K->8386K(3509248K), 0.0088287 secs]
5056.996: [GC (Allocation Failure)  2828994K->8354K(3394560K), 0.0045628 secs]
5059.635: [GC (Allocation Failure)  2699938K->8402K(3257856K), 0.0075083 secs]
5062.165: [GC (Allocation Failure)  2577618K->8370K(3154432K), 0.0059343 secs]
5064.622: [GC (Allocation Failure)  2460850K->8378K(3030528K), 0.0077194 secs]
5066.927: [GC (Allocation Failure)  2350266K->8378K(2936832K), 0.0035344 secs]
5069.149: [GC (Allocation Failure)  2244794K->8410K(2825216K), 0.0068352 secs]
5071.255: [GC (Allocation Failure)  2144986K->8346K(2740224K), 0.0034448 secs]
5073.262: [GC (Allocation Failure)  2049690K->8378K(2639872K), 0.0067213 secs]
5075.194: [GC (Allocation Failure)  1959610K->8346K(2563072K), 0.0048140 secs]
5077.035: [GC (Allocation Failure)  1873562K->8378K(2471936K), 0.0061918 secs]
5078.804: [GC (Allocation Failure)  1791674K->8410K(2402304K), 0.0046437 secs]
5080.492: [GC (Allocation Failure)  1713882K->8346K(2320384K), 0.0218614 secs]
5082.133: [GC (Allocation Failure)  1640090K->8346K(2257408K), 0.0037131 secs]
5083.670: [GC (Allocation Failure)  1569946K->8346K(2183680K), 0.0071352 secs]
5085.155: [GC (Allocation Failure)  1503386K->8378K(2126336K), 0.0039013 secs]
5086.580: [GC (Allocation Failure)  1439930K->8410K(2059776K), 0.0059384 secs]
5087.945: [GC (Allocation Failure)  1379546K->8378K(2007552K), 0.0038371 secs]
5089.250: [GC (Allocation Failure)  1322170K->8346K(1947648K), 0.0045411 secs]
5090.504: [GC (Allocation Failure)  1267354K->8378K(1900032K), 0.0036761 secs]
5091.703: [GC (Allocation Failure)  1215162K->8410K(1845760K), 0.0050346 secs]
5092.884: [GC (Allocation Failure)  1165530K->8378K(1802240K), 0.0047803 secs]
5093.999: [GC (Allocation Failure)  1118394K->8378K(1754112K), 0.0049775 secs]
5095.067: [GC (Allocation Failure)  1073850K->8442K(1714688K), 0.0039820 secs]
5096.089: [GC (Allocation Failure)  1031418K->8410K(1671168K), 0.0074027 secs]
5097.074: [GC (Allocation Failure)  990938K->8410K(1635328K), 0.0035432 secs]
5098.037: [GC (Allocation Failure)  952538K->8410K(1595904K), 0.0045766 secs]
5098.947: [GC (Allocation Failure)  915674K->8410K(1563136K), 0.0035243 secs]
5099.816: [GC (Allocation Failure)  880858K->8346K(1527808K), 0.0038442 secs]
5100.651: [GC (Allocation Failure)  847514K->8410K(1498112K), 0.0038907 secs]
5101.457: [GC (Allocation Failure)  815834K->8378K(1465856K), 0.0042201 secs]
5102.235: [GC (Allocation Failure)  785594K->8442K(1438720K), 0.0044565 secs]
5103.004: [GC (Allocation Failure)  756986K->8346K(1409536K), 0.0042400 secs]
5103.724: [GC (Allocation Failure)  729242K->8378K(1384960K), 0.0036334 secs]
5104.414: [GC (Allocation Failure)  703162K->8378K(1358336K), 0.0044582 secs]
5105.078: [GC (Allocation Failure)  678074K->8378K(1335296K), 0.0035788 secs]
5105.725: [GC (Allocation Failure)  654010K->8378K(1311232K), 0.0043238 secs]
5106.346: [GC (Allocation Failure)  630970K->8346K(1290752K), 0.0036026 secs]
5106.946: [GC (Allocation Failure)  609434K->8378K(1268736K), 0.0042225 secs]
5107.527: [GC (Allocation Failure)  588474K->8346K(1249280K), 0.0038063 secs]
5108.087: [GC (Allocation Failure)  568474K->8346K(1229824K), 0.0033620 secs]
5108.630: [GC (Allocation Failure)  549530K->8346K(1212416K), 0.0033468 secs]
5109.154: [GC (Allocation Failure)  531610K->8410K(1194496K), 0.0043463 secs]
5109.660: [GC (Allocation Failure)  514266K->8378K(1178624K), 0.0049853 secs]
5110.153: [GC (Allocation Failure)  497850K->8314K(1162240K), 0.0040780 secs]
5110.628: [GC (Allocation Failure)  481914K->8346K(1147904K), 0.0036532 secs]
5111.087: [GC (Allocation Failure)  467098K->8314K(1133056K), 0.0041682 secs]
5111.540: [GC (Allocation Failure)  452730K->8346K(1119744K), 0.0044727 secs]
5111.977: [GC (Allocation Failure)  438938K->8346K(1105920K), 0.0040750 secs]
5112.394: [GC (Allocation Failure)  425626K->8442K(1093120K), 0.0040668 secs]
5112.798: [GC (Allocation Failure)  412922K->8378K(1080832K), 0.0045221 secs]
5113.224: [GC (Allocation Failure)  400570K->8346K(1069056K), 0.0042930 secs]
5113.604: [GC (Allocation Failure)  388762K->8378K(1057792K), 0.0029549 secs]
5113.984: [GC (Allocation Failure)  377530K->8378K(1047040K), 0.0042533 secs]
5114.346: [GC (Allocation Failure)  366778K->8346K(1036800K), 0.0041713 secs]
5114.701: [GC (Allocation Failure)  356506K->8378K(1106432K), 0.0040671 secs]
5115.125: [GC (Allocation Failure)  426170K->8378K(1190400K), 0.0040641 secs]
5115.627: [GC (Allocation Failure)  510138K->8378K(1174016K), 0.0039897 secs]
5116.115: [GC (Allocation Failure)  493754K->8378K(1158656K), 0.0037165 secs]
5116.584: [GC (Allocation Failure)  478394K->8346K(1143808K), 0.0033399 secs]
5117.039: [GC (Allocation Failure)  463514K->8346K(1129472K), 0.0036815 secs]
5117.482: [GC (Allocation Failure)  449178K->8346K(1115648K), 0.0046337 secs]
5117.910: [GC (Allocation Failure)  435354K->8346K(1102848K), 0.0034728 secs]
5118.350: [GC (Allocation Failure)  422554K->8346K(1090560K), 0.0044613 secs]
5118.753: [GC (Allocation Failure)  410266K->8346K(1078784K), 0.0035876 secs]
5119.142: [GC (Allocation Failure)  398490K->8346K(1067520K), 0.0041386 secs]
5119.530: [GC (Allocation Failure)  387226K->8346K(1056256K), 0.0035275 secs]
5119.903: [GC (Allocation Failure)  375962K->8346K(1045504K), 0.0031805 secs]
5120.259: [GC (Allocation Failure)  365210K->8410K(1035264K), 0.0041236 secs]
5120.614: [GC (Allocation Failure)  355034K->8378K(1104896K), 0.0042260 secs]
5121.035: [GC (Allocation Failure)  424634K->8314K(1092096K), 0.0039752 secs]
5121.448: [GC (Allocation Failure)  411770K->8346K(1079808K), 0.0031646 secs]
5121.856: [GC (Allocation Failure)  399514K->8410K(1068032K), 0.0042077 secs]
5122.248: [GC (Allocation Failure)  387802K->8410K(1056768K), 0.0035474 secs]
5122.623: [GC (Allocation Failure)  376538K->8378K(1046016K), 0.0036467 secs]
5122.981: [GC (Allocation Failure)  365754K->8410K(1035776K), 0.0043651 secs]
5123.357: [GC (Allocation Failure)  355546K->8346K(1105408K), 0.0041851 secs]
5123.785: [GC (Allocation Failure)  425114K->8346K(1092608K), 0.0040384 secs]
5124.188: [GC (Allocation Failure)  412314K->8410K(1080320K), 0.0031799 secs]
5124.577: [GC (Allocation Failure)  400090K->8410K(1068544K), 0.0037636 secs]
5124.966: [GC (Allocation Failure)  388314K->8410K(1057280K), 0.0033924 secs]
5125.334: [GC (Allocation Failure)  377050K->8410K(1046528K), 0.0039535 secs]
5125.691: [GC (Allocation Failure)  366298K->8378K(1036288K), 0.0026403 secs]
5126.037: [GC (Allocation Failure)  356026K->8378K(1026560K), 0.0033973 secs]
5126.373: [GC (Allocation Failure)  346298K->8378K(1017344K), 0.0038551 secs]
5126.704: [GC (Allocation Failure)  337082K->8346K(1083392K), 0.0043463 secs]
5127.104: [GC (Allocation Failure)  403098K->8378K(1071616K), 0.0032361 secs]
5127.485: [GC (Allocation Failure)  391354K->8346K(1060352K), 0.0038096 secs]
5127.856: [GC (Allocation Failure)  380058K->8346K(1135104K), 0.0042499 secs]
5128.302: [GC (Allocation Failure)  454810K->8346K(1121280K), 0.0039839 secs]
5128.735: [GC (Allocation Failure)  440986K->8346K(1107968K), 0.0037774 secs]
5129.166: [GC (Allocation Failure)  427674K->8410K(1095168K), 0.0040355 secs]
5129.579: [GC (Allocation Failure)  414938K->8410K(1082880K), 0.0038392 secs]
5129.978: [GC (Allocation Failure)  402650K->8410K(1071104K), 0.0036195 secs]
5130.357: [GC (Allocation Failure)  390874K->8410K(1059840K), 0.0034173 secs]
5130.728: [GC (Allocation Failure)  379610K->8410K(1049088K), 0.0031901 secs]
5131.089: [GC (Allocation Failure)  368858K->8378K(1038848K), 0.0037310 secs]
5131.438: [GC (Allocation Failure)  358586K->8378K(1029120K), 0.0035793 secs]
5131.776: [GC (Allocation Failure)  348858K->8410K(1019904K), 0.0035775 secs]
5132.106: [GC (Allocation Failure)  339674K->8378K(1086464K), 0.0039859 secs]
5132.513: [GC (Allocation Failure)  406202K->8410K(1074688K), 0.0039332 secs]
5132.898: [GC (Allocation Failure)  394458K->8378K(1063424K), 0.0038864 secs]
5133.272: [GC (Allocation Failure)  383162K->8442K(1052672K), 0.0033461 secs]
5133.639: [GC (Allocation Failure)  372474K->8346K(1042432K), 0.0033054 secs]
5133.992: [GC (Allocation Failure)  362138K->8378K(1032704K), 0.0030615 secs]
5134.337: [GC (Allocation Failure)  352442K->8346K(1022976K), 0.0036016 secs]
5134.672: [GC (Allocation Failure)  342682K->8410K(1013760K), 0.0030945 secs]
5134.995: [GC (Allocation Failure)  333530K->8410K(1005056K), 0.0030498 secs]
5135.310: [GC (Allocation Failure)  324826K->8378K(996352K), 0.0035047 secs]
5135.617: [GC (Allocation Failure)  316090K->8410K(1058304K), 0.0037481 secs]
5135.985: [GC (Allocation Failure)  378074K->8378K(1132544K), 0.0042777 secs]
5136.431: [GC (Allocation Failure)  452282K->8346K(1221632K), 0.0047953 secs]
5136.964: [GC (Allocation Failure)  541338K->8410K(1203712K), 0.0035094 secs]
5137.477: [GC (Allocation Failure)  523482K->8378K(1186816K), 0.0039624 secs]
5137.975: [GC (Allocation Failure)  506554K->8378K(1170432K), 0.0032627 secs]
5138.461: [GC (Allocation Failure)  490170K->8346K(1155072K), 0.0040884 secs]
5138.928: [GC (Allocation Failure)  474778K->8346K(1140224K), 0.0037414 secs]
5139.410: [GC (Allocation Failure)  459930K->8378K(1125888K), 0.0038986 secs]
5139.848: [GC (Allocation Failure)  445626K->8346K(1112576K), 0.0026747 secs]
5140.270: [GC (Allocation Failure)  432282K->8378K(1099776K), 0.0031292 secs]
5140.687: [GC (Allocation Failure)  419514K->8378K(1087488K), 0.0039108 secs]
5141.085: [GC (Allocation Failure)  407226K->8442K(1075712K), 0.0035604 secs]
5141.471: [GC (Allocation Failure)  395514K->8410K(1064448K), 0.0032911 secs]
5141.847: [GC (Allocation Failure)  384218K->8410K(1053696K), 0.0029070 secs]
5142.210: [GC (Allocation Failure)  373466K->8410K(1043456K), 0.0029537 secs]
5142.563: [GC (Allocation Failure)  363226K->8378K(1033216K), 0.0033799 secs]
5142.907: [GC (Allocation Failure)  352954K->8410K(1023488K), 0.0033027 secs]
5143.240: [GC (Allocation Failure)  343258K->8410K(1014272K), 0.0026951 secs]
5143.565: [GC (Allocation Failure)  334042K->8378K(1005568K), 0.0034123 secs]
5143.880: [GC (Allocation Failure)  325306K->8410K(996864K), 0.0037865 secs]
5144.188: [GC (Allocation Failure)  316634K->8378K(988672K), 0.0035555 secs]
5144.500: [GC (Allocation Failure)  308410K->8378K(1049088K), 0.0035395 secs]
5144.859: [GC (Allocation Failure)  368826K->8442K(1121280K), 0.0043978 secs]
5145.295: [GC (Allocation Failure)  441082K->8410K(1107968K), 0.0026802 secs]
5145.712: [GC (Allocation Failure)  427738K->8442K(1095168K), 0.0031694 secs]
5146.117: [GC (Allocation Failure)  414970K->8378K(1082880K), 0.0027983 secs]
5146.509: [GC (Allocation Failure)  402618K->8410K(1071104K), 0.0030059 secs]
5146.889: [GC (Allocation Failure)  390874K->8410K(1059840K), 0.0041528 secs]
5147.264: [GC (Allocation Failure)  379610K->8346K(1049088K), 0.0036799 secs]
5147.623: [GC (Allocation Failure)  368794K->8410K(1038848K), 0.0035808 secs]
5147.973: [GC (Allocation Failure)  358618K->8378K(1029120K), 0.0028925 secs]
5148.314: [GC (Allocation Failure)  348858K->8378K(1019904K), 0.0037764 secs]
5148.657: [GC (Allocation Failure)  339642K->8346K(1086464K), 0.0042664 secs]
5149.057: [GC (Allocation Failure)  406170K->8378K(1074688K), 0.0034641 secs]
5149.442: [GC (Allocation Failure)  394426K->8378K(1063424K), 0.0025644 secs]
5149.817: [GC (Allocation Failure)  383162K->8442K(1052672K), 0.0035205 secs]
5150.179: [GC (Allocation Failure)  372474K->8378K(1042432K), 0.0034775 secs]
5150.533: [GC (Allocation Failure)  362170K->8410K(1032704K), 0.0032071 secs]
5150.874: [GC (Allocation Failure)  352474K->8346K(1022976K), 0.0030921 secs]
5151.207: [GC (Allocation Failure)  342682K->8378K(1090048K), 0.0112695 secs]
5151.619: [GC (Allocation Failure)  409786K->8378K(1170432K), 0.0039373 secs]
5152.100: [GC (Allocation Failure)  490170K->8378K(1267200K), 0.0028138 secs]
5152.685: [GC (Allocation Failure)  586938K->8346K(1382912K), 0.0037328 secs]
5153.379: [GC (Allocation Failure)  702618K->8346K(1357824K), 0.0034873 secs]
5154.045: [GC (Allocation Failure)  677530K->8410K(1333760K), 0.0216217 secs]
5154.708: [GC (Allocation Failure)  653530K->8378K(1311232K), 0.0036661 secs]
5155.365: [GC (Allocation Failure)  630970K->8346K(1289728K), 0.0031464 secs]
5155.961: [GC (Allocation Failure)  609434K->8378K(1268736K), 0.0029941 secs]
5156.537: [GC (Allocation Failure)  588474K->8378K(1248768K), 0.0044174 secs]
5157.101: [GC (Allocation Failure)  568506K->8346K(1229824K), 0.0033069 secs]
5157.639: [GC (Allocation Failure)  549530K->8378K(1211904K), 0.0029031 secs]
5158.165: [GC (Allocation Failure)  531642K->8346K(1194496K), 0.0035717 secs]
5158.670: [GC (Allocation Failure)  514202K->8410K(1178112K), 0.0035147 secs]
5159.158: [GC (Allocation Failure)  497882K->8346K(1162240K), 0.0036706 secs]
5159.633: [GC (Allocation Failure)  481946K->8378K(1147392K), 0.0030980 secs]
5160.092: [GC (Allocation Failure)  467130K->8442K(1133056K), 0.0031234 secs]
5160.589: [GC (Allocation Failure)  452858K->8346K(1119232K), 0.0034557 secs]
5161.024: [GC (Allocation Failure)  438938K->8378K(1105920K), 0.0038673 secs]
5161.447: [GC (Allocation Failure)  425658K->8378K(1189376K), 0.0103838 secs]
5161.954: [GC (Allocation Failure)  509114K->8346K(1172992K), 0.0024577 secs]
5162.438: [GC (Allocation Failure)  492698K->8410K(1157632K), 0.0030964 secs]
5162.908: [GC (Allocation Failure)  477402K->8378K(1142784K), 0.0026175 secs]
5163.361: [GC (Allocation Failure)  462522K->8410K(1128448K), 0.0038006 secs]
5163.799: [GC (Allocation Failure)  448218K->8346K(1114624K), 0.0039070 secs]
5164.224: [GC (Allocation Failure)  434330K->8346K(1101824K), 0.0042033 secs]
5164.647: [GC (Allocation Failure)  421530K->8346K(1089536K), 0.0039897 secs]
5165.047: [GC (Allocation Failure)  409242K->8378K(1077760K), 0.0040785 secs]
5165.436: [GC (Allocation Failure)  397498K->8346K(1066496K), 0.0032629 secs]
5165.813: [GC (Allocation Failure)  386202K->8378K(1055744K), 0.0027325 secs]
5166.179: [GC (Allocation Failure)  375482K->8410K(1044992K), 0.0032075 secs]
5166.544: [GC (Allocation Failure)  364762K->8346K(1034752K), 0.0050637 secs]
5166.907: [GC (Allocation Failure)  354458K->8346K(1025024K), 0.0035025 secs]
5167.245: [GC (Allocation Failure)  344730K->8346K(1092608K), 0.0042064 secs]
5167.655: [GC (Allocation Failure)  412314K->8346K(1173504K), 0.0040990 secs]
5168.146: [GC (Allocation Failure)  493210K->8346K(1158144K), 0.0040611 secs]
5168.618: [GC (Allocation Failure)  477850K->8410K(1143296K), 0.0034049 secs]
5169.069: [GC (Allocation Failure)  463066K->8410K(1128960K), 0.0043083 secs]
5169.511: [GC (Allocation Failure)  448730K->8378K(1115136K), 0.0033738 secs]
5169.935: [GC (Allocation Failure)  434874K->8346K(1102336K), 0.0033039 secs]
5170.350: [GC (Allocation Failure)  422042K->8410K(1090048K), 0.0035249 secs]
5170.761: [GC (Allocation Failure)  409818K->8378K(1078272K), 0.0029712 secs]
5171.169: [GC (Allocation Failure)  398010K->8378K(1067008K), 0.0029084 secs]
5171.545: [GC (Allocation Failure)  386746K->8346K(1142784K), 0.0065852 secs]
5172.001: [GC (Allocation Failure)  462490K->8346K(1128448K), 0.0030591 secs]
5172.437: [GC (Allocation Failure)  448154K->8378K(1114624K), 0.0025852 secs]
5172.860: [GC (Allocation Failure)  434362K->8346K(1101824K), 0.0030315 secs]
5173.271: [GC (Allocation Failure)  421530K->8346K(1089536K), 0.0031906 secs]
5173.669: [GC (Allocation Failure)  409242K->8346K(1077760K), 0.0028292 secs]
5174.056: [GC (Allocation Failure)  397466K->8378K(1066496K), 0.0040953 secs]
5174.433: [GC (Allocation Failure)  386234K->8346K(1055744K), 0.0037122 secs]
5174.798: [GC (Allocation Failure)  375450K->8346K(1044992K), 0.0028462 secs]
5175.151: [GC (Allocation Failure)  364698K->8410K(1034752K), 0.0033913 secs]
5175.496: [GC (Allocation Failure)  354522K->8346K(1025024K), 0.0031222 secs]
5175.829: [GC (Allocation Failure)  344730K->8410K(1015808K), 0.0033706 secs]
5176.177: [GC (Allocation Failure)  335578K->8378K(1007104K), 0.0032008 secs]
5176.491: [GC (Allocation Failure)  326842K->8346K(998400K), 0.0036415 secs]
5176.799: [GC (Allocation Failure)  318106K->8410K(990208K), 0.0034997 secs]
5177.100: [GC (Allocation Failure)  309978K->8378K(1050624K), 0.0034265 secs]
5177.459: [GC (Allocation Failure)  370362K->8346K(1040384K), 0.0030978 secs]
5177.808: [GC (Allocation Failure)  360090K->8346K(1030656K), 0.0034121 secs]
5178.153: [GC (Allocation Failure)  350362K->8346K(1020928K), 0.0030864 secs]
5178.482: [GC (Allocation Failure)  340634K->8410K(1011712K), 0.0030136 secs]
5178.804: [GC (Allocation Failure)  331482K->8346K(1076736K), 0.0043798 secs]
5179.192: [GC (Allocation Failure)  396442K->8410K(1154560K), 0.0037659 secs]
5179.658: [GC (Allocation Failure)  474330K->8346K(1139712K), 0.0034405 secs]
5180.109: [GC (Allocation Failure)  459418K->8410K(1125376K), 0.0036196 secs]
5180.553: [GC (Allocation Failure)  445146K->8378K(1112064K), 0.0034710 secs]
5180.975: [GC (Allocation Failure)  431802K->8346K(1099264K), 0.0038576 secs]
5181.414: [GC (Allocation Failure)  418970K->8346K(1086976K), 0.0037995 secs]
5181.813: [GC (Allocation Failure)  406682K->8410K(1075200K), 0.0042973 secs]
5182.204: [GC (Allocation Failure)  394970K->8346K(1063936K), 0.0037076 secs]
5182.581: [GC (Allocation Failure)  383642K->8346K(1053184K), 0.0047667 secs]
5182.953: [GC (Allocation Failure)  372890K->8410K(1042944K), 0.0034034 secs]
5183.307: [GC (Allocation Failure)  362714K->8346K(1032704K), 0.0039285 secs]
5183.658: [GC (Allocation Failure)  352410K->8378K(1022976K), 0.0035002 secs]
5183.993: [GC (Allocation Failure)  342714K->8410K(1013760K), 0.0031377 secs]
5184.322: [GC (Allocation Failure)  333530K->8410K(1005056K), 0.0028259 secs]
5184.652: [GC (Allocation Failure)  324826K->8378K(996352K), 0.0039855 secs]
5184.966: [GC (Allocation Failure)  316090K->8314K(1058304K), 0.0032952 secs]
5185.334: [GC (Allocation Failure)  377978K->8378K(1047552K), 0.0034167 secs]
5185.692: [GC (Allocation Failure)  367290K->8378K(1119744K), 0.0040336 secs]
5186.123: [GC (Allocation Failure)  439482K->8378K(1106432K), 0.0036547 secs]
5186.562: [GC (Allocation Failure)  426170K->8378K(1093632K), 0.0036621 secs]
5186.968: [GC (Allocation Failure)  413370K->8378K(1081344K), 0.0039632 secs]
5187.362: [GC (Allocation Failure)  401082K->8378K(1069568K), 0.0039179 secs]
5187.743: [GC (Allocation Failure)  389306K->8346K(1058304K), 0.0029465 secs]
5188.113: [GC (Allocation Failure)  378010K->8346K(1047552K), 0.0035450 secs]
5188.471: [GC (Allocation Failure)  367258K->8410K(1037312K), 0.0028285 secs]
5188.817: [GC (Allocation Failure)  357082K->8410K(1027584K), 0.0032211 secs]
5189.156: [GC (Allocation Failure)  347354K->8346K(1018368K), 0.0030514 secs]
5189.485: [GC (Allocation Failure)  338074K->8410K(1009152K), 0.0034060 secs]
5189.806: [GC (Allocation Failure)  328922K->8378K(1000448K), 0.0035304 secs]
5190.118: [GC (Allocation Failure)  320186K->8378K(992256K), 0.0034969 secs]
5190.423: [GC (Allocation Failure)  311994K->8346K(1053184K), 0.0033364 secs]
5190.787: [GC (Allocation Failure)  372890K->8346K(1042944K), 0.0035287 secs]
5191.140: [GC (Allocation Failure)  362650K->8346K(1032704K), 0.0028480 secs]
5191.483: [GC (Allocation Failure)  352410K->8346K(1022976K), 0.0028928 secs]
5191.817: [GC (Allocation Failure)  342682K->8442K(1013760K), 0.0028298 secs]
5192.141: [GC (Allocation Failure)  333562K->8378K(1005056K), 0.0029166 secs]
5192.458: [GC (Allocation Failure)  324794K->8346K(996352K), 0.0034394 secs]
5192.764: [GC (Allocation Failure)  316058K->8378K(1058304K), 0.0038536 secs]
5193.134: [GC (Allocation Failure)  378042K->8378K(1047552K), 0.0029040 secs]
5193.492: [GC (Allocation Failure)  367290K->8378K(1037312K), 0.0029793 secs]
5193.851: [GC (Allocation Failure)  357050K->8442K(1027584K), 0.0032330 secs]
5194.191: [GC (Allocation Failure)  347386K->8378K(1018368K), 0.0031362 secs]
5194.520: [GC (Allocation Failure)  338106K->8346K(1009152K), 0.0031259 secs]
5194.840: [GC (Allocation Failure)  328858K->8378K(1000448K), 0.0028657 secs]
5195.155: [GC (Allocation Failure)  320186K->8378K(992256K), 0.0034679 secs]
5195.458: [GC (Allocation Failure)  311994K->8346K(984064K), 0.0031556 secs]
5195.753: [GC (Allocation Failure)  303770K->8378K(976384K), 0.0029868 secs]
5196.041: [GC (Allocation Failure)  296122K->8346K(969216K), 0.0030307 secs]
5196.320: [GC (Allocation Failure)  288922K->8346K(1025536K), 0.0074301 secs]
5196.674: [GC (Allocation Failure)  345242K->8378K(1093120K), 0.0027206 secs]
5197.076: [GC (Allocation Failure)  412858K->8346K(1174016K), 0.0074051 secs]
5197.575: [GC (Allocation Failure)  493722K->8378K(1271296K), 0.0030368 secs]
5198.155: [GC (Allocation Failure)  591034K->8378K(1251328K), 0.0024210 secs]
5198.727: [GC (Allocation Failure)  571066K->8346K(1232384K), 0.0030420 secs]
5199.270: [GC (Allocation Failure)  552090K->8378K(1213952K), 0.0030453 secs]
5199.794: [GC (Allocation Failure)  533690K->8410K(1196544K), 0.0023172 secs]
5200.309: [GC (Allocation Failure)  516314K->8378K(1180160K), 0.0035404 secs]
5200.806: [GC (Allocation Failure)  499898K->8410K(1164288K), 0.0031830 secs]
5201.279: [GC (Allocation Failure)  484058K->8378K(1148928K), 0.0033547 secs]
5201.739: [GC (Allocation Failure)  468666K->8346K(1134592K), 0.0035690 secs]
5202.183: [GC (Allocation Failure)  454298K->8346K(1120768K), 0.0037821 secs]
5202.614: [GC (Allocation Failure)  440474K->8410K(1107456K), 0.0029765 secs]
5203.029: [GC (Allocation Failure)  427226K->8410K(1094656K), 0.0041042 secs]
5203.434: [GC (Allocation Failure)  414426K->8410K(1082368K), 0.0032784 secs]
5203.827: [GC (Allocation Failure)  402138K->8346K(1161216K), 0.0096421 secs]
5204.310: [GC (Allocation Failure)  480922K->8378K(1255936K), 0.0037974 secs]
5204.876: [GC (Allocation Failure)  575674K->8378K(1236480K), 0.0037165 secs]
5205.420: [GC (Allocation Failure)  556218K->8378K(1218048K), 0.0041015 secs]
5205.954: [GC (Allocation Failure)  537786K->8346K(1200640K), 0.0037070 secs]
5206.465: [GC (Allocation Failure)  520346K->8410K(1183744K), 0.0049494 secs]
5206.958: [GC (Allocation Failure)  503514K->8378K(1167872K), 0.0047091 secs]
5207.462: [GC (Allocation Failure)  487610K->8378K(1152512K), 0.0040273 secs]
5207.924: [GC (Allocation Failure)  472250K->8410K(1137664K), 0.0048330 secs]
5208.378: [GC (Allocation Failure)  457434K->8410K(1123840K), 0.0033177 secs]
5208.811: [GC (Allocation Failure)  443610K->8410K(1110528K), 0.0035883 secs]
5209.231: [GC (Allocation Failure)  430298K->8346K(1097728K), 0.0038116 secs]
5209.642: [GC (Allocation Failure)  417434K->8410K(1179648K), 0.0061310 secs]
5210.135: [GC (Allocation Failure)  499418K->8346K(1163776K), 0.0037638 secs]
5210.610: [GC (Allocation Failure)  483482K->8378K(1148416K), 0.0032917 secs]
5211.074: [GC (Allocation Failure)  468154K->8378K(1134080K), 0.0044033 secs]
5211.522: [GC (Allocation Failure)  453818K->8378K(1120256K), 0.0047943 secs]
5211.955: [GC (Allocation Failure)  439994K->8346K(1106944K), 0.0037515 secs]
5212.373: [GC (Allocation Failure)  426650K->8410K(1190912K), 0.0065149 secs]
5212.922: [GC (Allocation Failure)  510682K->8410K(1174528K), 0.0034786 secs]
5213.407: [GC (Allocation Failure)  494298K->8442K(1159168K), 0.0053699 secs]
5213.884: [GC (Allocation Failure)  478970K->8378K(1144320K), 0.0037181 secs]
5214.340: [GC (Allocation Failure)  464058K->8378K(1129984K), 0.0033023 secs]
5214.782: [GC (Allocation Failure)  449722K->8346K(1116160K), 0.0041246 secs]
5215.209: [GC (Allocation Failure)  435866K->8378K(1102848K), 0.0036711 secs]
5215.648: [GC (Allocation Failure)  422586K->8410K(1090560K), 0.0037886 secs]
5216.050: [GC (Allocation Failure)  410330K->8442K(1078784K), 0.0032595 secs]
5216.446: [GC (Allocation Failure)  398586K->8378K(1067520K), 0.0038936 secs]
5216.825: [GC (Allocation Failure)  387258K->8378K(1056256K), 0.0036846 secs]
5217.194: [GC (Allocation Failure)  375994K->8378K(1045504K), 0.0040699 secs]
5217.550: [GC (Allocation Failure)  365242K->8410K(1035264K), 0.0041078 secs]
5217.897: [GC (Allocation Failure)  355034K->8378K(1025536K), 0.0031227 secs]
5218.233: [GC (Allocation Failure)  345274K->8410K(1016320K), 0.0033893 secs]
5218.561: [GC (Allocation Failure)  336090K->8314K(1007616K), 0.0031130 secs]
5218.879: [GC (Allocation Failure)  327290K->8346K(998912K), 0.0034468 secs]
5219.190: [GC (Allocation Failure)  318618K->8378K(1061376K), 0.0163665 secs]
5219.579: [GC (Allocation Failure)  381114K->8346K(1050624K), 0.0034242 secs]
5219.941: [GC (Allocation Failure)  370330K->8346K(1040384K), 0.0031418 secs]
5220.292: [GC (Allocation Failure)  360090K->8410K(1030656K), 0.0035012 secs]
5220.633: [GC (Allocation Failure)  350426K->8378K(1099264K), 0.0041212 secs]
5221.047: [GC (Allocation Failure)  419002K->8410K(1181696K), 0.0042353 secs]
5221.544: [GC (Allocation Failure)  501466K->8410K(1165824K), 0.0034095 secs]
5222.028: [GC (Allocation Failure)  485594K->8346K(1150464K), 0.0036514 secs]
5222.490: [GC (Allocation Failure)  470170K->8346K(1136128K), 0.0042698 secs]
5222.942: [GC (Allocation Failure)  455834K->8346K(1122304K), 0.0029095 secs]
5223.401: [GC (Allocation Failure)  442010K->8346K(1108992K), 0.0051246 secs]
5223.824: [GC (Allocation Failure)  428698K->8378K(1096192K), 0.0040076 secs]
5224.232: [GC (Allocation Failure)  415930K->8378K(1083904K), 0.0037455 secs]
5224.628: [GC (Allocation Failure)  403642K->8378K(1072128K), 0.0040058 secs]
5225.010: [GC (Allocation Failure)  391866K->8410K(1060864K), 0.0043430 secs]
5225.384: [GC (Allocation Failure)  380634K->8346K(1050112K), 0.0039277 secs]
5225.744: [GC (Allocation Failure)  369818K->8346K(1122816K), 0.0038466 secs]
5226.176: [GC (Allocation Failure)  442522K->8346K(1109504K), 0.0032139 secs]
5226.593: [GC (Allocation Failure)  429210K->8378K(1096704K), 0.0042173 secs]
5227.003: [GC (Allocation Failure)  416442K->8346K(1084416K), 0.0030798 secs]
5227.400: [GC (Allocation Failure)  404122K->8378K(1072640K), 0.0036176 secs]
5227.786: [GC (Allocation Failure)  392378K->8378K(1061376K), 0.0033290 secs]
5228.156: [GC (Allocation Failure)  381114K->8378K(1050624K), 0.0048853 secs]
5228.540: [GC (Allocation Failure)  370362K->8346K(1040384K), 0.0032590 secs]
5228.889: [GC (Allocation Failure)  360090K->8314K(1030656K), 0.0037852 secs]
5229.229: [GC (Allocation Failure)  350330K->8378K(1099264K), 0.0043440 secs]
5229.639: [GC (Allocation Failure)  419002K->8346K(1181696K), 0.0047431 secs]
5230.135: [GC (Allocation Failure)  501402K->8378K(1280512K), 0.0047469 secs]
5230.725: [GC (Allocation Failure)  600250K->8410K(1260032K), 0.0037529 secs]
5231.289: [GC (Allocation Failure)  579802K->8346K(1240576K), 0.0047437 secs]
5231.841: [GC (Allocation Failure)  560282K->8378K(1222144K), 0.0030261 secs]
5232.376: [GC (Allocation Failure)  541882K->8410K(1204224K), 0.0053854 secs]
5232.900: [GC (Allocation Failure)  523994K->8378K(1187328K), 0.0051270 secs]
5233.396: [GC (Allocation Failure)  507066K->8346K(1170944K), 0.0041207 secs]
5233.899: [GC (Allocation Failure)  490650K->8378K(1155584K), 0.0038704 secs]
5234.367: [GC (Allocation Failure)  475322K->8346K(1140736K), 0.0042237 secs]
5234.820: [GC (Allocation Failure)  460442K->8378K(1126400K), 0.0042265 secs]
5235.257: [GC (Allocation Failure)  446138K->8378K(1113088K), 0.0040783 secs]
5235.686: [GC (Allocation Failure)  432826K->8378K(1100288K), 0.0059601 secs]
5236.100: [GC (Allocation Failure)  420026K->8378K(1088000K), 0.0035675 secs]
5236.498: [GC (Allocation Failure)  407738K->8314K(1076224K), 0.0036011 secs]
5236.886: [GC (Allocation Failure)  395898K->8378K(1064960K), 0.0036159 secs]
5237.261: [GC (Allocation Failure)  384698K->8378K(1140224K), 0.0047438 secs]
5237.724: [GC (Allocation Failure)  459962K->8378K(1125888K), 0.0040623 secs]
5238.164: [GC (Allocation Failure)  445626K->8346K(1112576K), 0.0038181 secs]
5238.588: [GC (Allocation Failure)  432282K->8378K(1099776K), 0.0038185 secs]
5238.998: [GC (Allocation Failure)  419514K->8410K(1087488K), 0.0044036 secs]
5239.398: [GC (Allocation Failure)  407258K->8346K(1075712K), 0.0046693 secs]
5239.789: [GC (Allocation Failure)  395418K->8410K(1064448K), 0.0035596 secs]
5240.166: [GC (Allocation Failure)  384218K->8346K(1139712K), 0.0043917 secs]
5240.621: [GC (Allocation Failure)  459418K->8346K(1125376K), 0.0044383 secs]
5241.058: [GC (Allocation Failure)  445082K->8378K(1112064K), 0.0045856 secs]
5241.488: [GC (Allocation Failure)  431802K->8378K(1197056K), 0.0049851 secs]
5242.003: [GC (Allocation Failure)  516794K->8378K(1180672K), 0.0043223 secs]
5242.495: [GC (Allocation Failure)  500410K->8346K(1164800K), 0.0037454 secs]
5242.972: [GC (Allocation Failure)  484506K->8378K(1149440K), 0.0041920 secs]
5243.440: [GC (Allocation Failure)  469178K->8378K(1135104K), 0.0038968 secs]
5243.887: [GC (Allocation Failure)  454842K->8378K(1121280K), 0.0036881 secs]
5244.352: [GC (Allocation Failure)  441018K->8378K(1107968K), 0.0034894 secs]
5244.770: [GC (Allocation Failure)  427706K->8410K(1191936K), 0.0069362 secs]
5245.278: [GC (Allocation Failure)  511706K->8346K(1175552K), 0.0045132 secs]
5245.772: [GC (Allocation Failure)  495258K->8378K(1159680K), 0.0038719 secs]
5246.248: [GC (Allocation Failure)  479418K->8346K(1144832K), 0.0040079 secs]
5246.706: [GC (Allocation Failure)  464538K->8378K(1130496K), 0.0042049 secs]
5247.148: [GC (Allocation Failure)  450234K->8378K(1116672K), 0.0041252 secs]
5247.576: [GC (Allocation Failure)  436410K->8378K(1103360K), 0.0035521 secs]
5247.991: [GC (Allocation Failure)  423098K->8410K(1091072K), 0.0041592 secs]
5248.397: [GC (Allocation Failure)  410842K->8378K(1079296K), 0.0051132 secs]
5248.795: [GC (Allocation Failure)  399034K->8378K(1157632K), 0.0103361 secs]
5249.271: [GC (Allocation Failure)  477370K->8346K(1251840K), 0.0033101 secs]
5249.856: [GC (Allocation Failure)  571546K->8346K(1364480K), 0.0033582 secs]
5250.532: [GC (Allocation Failure)  684186K->8378K(1340416K), 0.0031814 secs]
5251.178: [GC (Allocation Failure)  660154K->8378K(1317376K), 0.0042692 secs]
5251.803: [GC (Allocation Failure)  637114K->8378K(1295360K), 0.0032130 secs]
5252.409: [GC (Allocation Failure)  615098K->8378K(1274368K), 0.0067344 secs]
5252.994: [GC (Allocation Failure)  594106K->8378K(1254400K), 0.0042886 secs]
5253.558: [GC (Allocation Failure)  574138K->8346K(1235456K), 0.0032653 secs]
5254.104: [GC (Allocation Failure)  555162K->8410K(1217024K), 0.0032221 secs]
5254.632: [GC (Allocation Failure)  536794K->8346K(1199616K), 0.0029844 secs]
5255.143: [GC (Allocation Failure)  519322K->8346K(1182720K), 0.0032631 secs]
5255.640: [GC (Allocation Failure)  502426K->8346K(1166848K), 0.0035222 secs]
5256.119: [GC (Allocation Failure)  486554K->8410K(1151488K), 0.0036394 secs]
5256.582: [GC (Allocation Failure)  471258K->8410K(1136640K), 0.0036059 secs]
5257.030: [GC (Allocation Failure)  456410K->8346K(1122816K), 0.0040531 secs]
5257.465: [GC (Allocation Failure)  442522K->8378K(1109504K), 0.0039008 secs]
5257.886: [GC (Allocation Failure)  429242K->8378K(1096704K), 0.0034120 secs]
5258.293: [GC (Allocation Failure)  416442K->8346K(1084416K), 0.0046138 secs]
5258.689: [GC (Allocation Failure)  404122K->8378K(1072640K), 0.0041401 secs]
5259.076: [GC (Allocation Failure)  392378K->8346K(1061376K), 0.0044977 secs]
5259.454: [GC (Allocation Failure)  381082K->8378K(1050624K), 0.0043078 secs]
5259.821: [GC (Allocation Failure)  370362K->8378K(1123328K), 0.0044457 secs]
5260.260: [GC (Allocation Failure)  443066K->8346K(1110016K), 0.0034281 secs]
5260.685: [GC (Allocation Failure)  429722K->8346K(1097216K), 0.0035035 secs]
5261.099: [GC (Allocation Failure)  416922K->8410K(1084928K), 0.0040986 secs]
5261.495: [GC (Allocation Failure)  404698K->8346K(1073152K), 0.0048832 secs]
5261.885: [GC (Allocation Failure)  392858K->8378K(1061888K), 0.0038473 secs]
5262.258: [GC (Allocation Failure)  381626K->8378K(1136640K), 0.0049279 secs]
5262.712: [GC (Allocation Failure)  456378K->8346K(1226240K), 0.0043147 secs]
5263.254: [GC (Allocation Failure)  545946K->8378K(1208320K), 0.0038534 secs]
5263.777: [GC (Allocation Failure)  528058K->8410K(1191424K), 0.0041428 secs]
5264.280: [GC (Allocation Failure)  511194K->8378K(1175040K), 0.0042149 secs]
5264.769: [GC (Allocation Failure)  494778K->8346K(1159168K), 0.0044715 secs]
5265.247: [GC (Allocation Failure)  478874K->8346K(1144320K), 0.0041769 secs]
5265.786: [GC (Allocation Failure)  464026K->8346K(1129984K), 0.0041698 secs]
5266.234: [GC (Allocation Failure)  449690K->8410K(1116160K), 0.0043801 secs]
5266.662: [GC (Allocation Failure)  435930K->8346K(1102848K), 0.0042048 secs]
5267.081: [GC (Allocation Failure)  422554K->8378K(1090560K), 0.0053485 secs]
5267.489: [GC (Allocation Failure)  410298K->8346K(1078784K), 0.0044885 secs]
5267.884: [GC (Allocation Failure)  398490K->8378K(1157120K), 0.0044479 secs]
5268.358: [GC (Allocation Failure)  476858K->8346K(1142272K), 0.0044046 secs]
5268.812: [GC (Allocation Failure)  461978K->8346K(1127936K), 0.0042215 secs]
5269.259: [GC (Allocation Failure)  447642K->8346K(1114112K), 0.0044303 secs]
5269.685: [GC (Allocation Failure)  433818K->8410K(1101312K), 0.0038458 secs]
5270.097: [GC (Allocation Failure)  421082K->8442K(1089024K), 0.0038463 secs]
5270.497: [GC (Allocation Failure)  408826K->8378K(1077248K), 0.0043449 secs]
5270.884: [GC (Allocation Failure)  396986K->8346K(1065984K), 0.0036892 secs]
5271.261: [GC (Allocation Failure)  385690K->8346K(1055232K), 0.0041382 secs]
5271.634: [GC (Allocation Failure)  374938K->8378K(1044480K), 0.0039701 secs]
5271.989: [GC (Allocation Failure)  364218K->8346K(1034240K), 0.0033943 secs]
5272.331: [GC (Allocation Failure)  353946K->8346K(1103360K), 0.0043871 secs]
5272.743: [GC (Allocation Failure)  423066K->8378K(1091072K), 0.0036884 secs]
5273.142: [GC (Allocation Failure)  410810K->8378K(1079296K), 0.0037705 secs]
5273.529: [GC (Allocation Failure)  399034K->8378K(1068032K), 0.0041760 secs]
5273.909: [GC (Allocation Failure)  387770K->8346K(1144320K), 0.0040264 secs]
5274.362: [GC (Allocation Failure)  464026K->8378K(1129984K), 0.0040527 secs]
5274.807: [GC (Allocation Failure)  449722K->8378K(1116160K), 0.0037347 secs]
5275.235: [GC (Allocation Failure)  435898K->8346K(1102848K), 0.0039220 secs]
5275.646: [GC (Allocation Failure)  422554K->8346K(1090560K), 0.0042729 secs]
5276.093: [GC (Allocation Failure)  410266K->8346K(1078784K), 0.0045904 secs]
5276.492: [GC (Allocation Failure)  398490K->8378K(1067520K), 0.0045476 secs]
5276.868: [GC (Allocation Failure)  387258K->8378K(1143296K), 0.0040351 secs]
5277.319: [GC (Allocation Failure)  463034K->8346K(1128960K), 0.0044789 secs]
5277.760: [GC (Allocation Failure)  448666K->8378K(1217024K), 0.0055540 secs]
5278.291: [GC (Allocation Failure)  536762K->8346K(1199616K), 0.0039852 secs]
5278.801: [GC (Allocation Failure)  519322K->8378K(1182720K), 0.0048564 secs]
5279.293: [GC (Allocation Failure)  502458K->8410K(1166848K), 0.0033752 secs]
5279.767: [GC (Allocation Failure)  486618K->8346K(1151488K), 0.0038903 secs]
5280.229: [GC (Allocation Failure)  471194K->8410K(1136640K), 0.0044089 secs]
5280.674: [GC (Allocation Failure)  456410K->8378K(1122816K), 0.0037324 secs]
5281.187: [GC (Allocation Failure)  442554K->8346K(1109504K), 0.0038364 secs]
5281.615: [GC (Allocation Failure)  429210K->8378K(1096704K), 0.0053746 secs]
5282.032: [GC (Allocation Failure)  416442K->8346K(1084416K), 0.0048647 secs]
5282.429: [GC (Allocation Failure)  404122K->8378K(1163776K), 0.0051107 secs]
5282.902: [GC (Allocation Failure)  483514K->8378K(1259008K), 0.0054247 secs]
5283.467: [GC (Allocation Failure)  578746K->8346K(1373184K), 0.0054023 secs]
5284.144: [GC (Allocation Failure)  692890K->8346K(1348608K), 0.0047569 secs]
5284.802: [GC (Allocation Failure)  668314K->8410K(1325056K), 0.0040742 secs]
5285.428: [GC (Allocation Failure)  644826K->8410K(1302528K), 0.0044877 secs]
5286.036: [GC (Allocation Failure)  622298K->8378K(1281024K), 0.0038018 secs]
5286.627: [GC (Allocation Failure)  600762K->8346K(1260544K), 0.0036811 secs]
5287.196: [GC (Allocation Failure)  580250K->8346K(1241088K), 0.0041184 secs]
5287.750: [GC (Allocation Failure)  560794K->8346K(1222656K), 0.0038441 secs]
5288.280: [GC (Allocation Failure)  542362K->8378K(1204736K), 0.0035465 secs]
5288.798: [GC (Allocation Failure)  524474K->8378K(1187840K), 0.0047919 secs]
5289.294: [GC (Allocation Failure)  507578K->8378K(1171456K), 0.0045811 secs]
5289.778: [GC (Allocation Failure)  491194K->8378K(1156096K), 0.0041915 secs]
5290.242: [GC (Allocation Failure)  475834K->8346K(1141248K), 0.0035954 secs]
5290.692: [GC (Allocation Failure)  460954K->8378K(1126912K), 0.0043521 secs]
5291.143: [GC (Allocation Failure)  446650K->8378K(1113600K), 0.0041119 secs]
5291.589: [GC (Allocation Failure)  433338K->8378K(1100800K), 0.0040900 secs]
5291.999: [GC (Allocation Failure)  420538K->8410K(1088512K), 0.0040375 secs]
5292.397: [GC (Allocation Failure)  408282K->8346K(1076736K), 0.0049671 secs]
5292.784: [GC (Allocation Failure)  396442K->8378K(1065472K), 0.0034742 secs]
5293.159: [GC (Allocation Failure)  385210K->8410K(1054720K), 0.0032274 secs]
5293.524: [GC (Allocation Failure)  374490K->8378K(1044480K), 0.0038187 secs]
5293.879: [GC (Allocation Failure)  364218K->8378K(1034240K), 0.0035929 secs]
5294.227: [GC (Allocation Failure)  353978K->8346K(1103360K), 0.0050366 secs]
5294.657: [GC (Allocation Failure)  423066K->8378K(1186304K), 0.0042279 secs]
5295.161: [GC (Allocation Failure)  506042K->8346K(1169920K), 0.0034623 secs]
5295.642: [GC (Allocation Failure)  489626K->8378K(1154560K), 0.0035983 secs]
5296.109: [GC (Allocation Failure)  474298K->8378K(1139712K), 0.0035549 secs]
5296.566: [GC (Allocation Failure)  459450K->8378K(1125376K), 0.0039919 secs]
5297.001: [GC (Allocation Failure)  445114K->8378K(1112064K), 0.0039046 secs]
5297.434: [GC (Allocation Failure)  431802K->8314K(1099264K), 0.0040512 secs]
5297.842: [GC (Allocation Failure)  418938K->8378K(1086976K), 0.0040126 secs]
5298.238: [GC (Allocation Failure)  406714K->8410K(1075200K), 0.0041302 secs]
5298.621: [GC (Allocation Failure)  394970K->8410K(1152512K), 0.0050913 secs]
5299.083: [GC (Allocation Failure)  472282K->8346K(1137664K), 0.0040076 secs]
5299.535: [GC (Allocation Failure)  457370K->8346K(1123840K), 0.0039987 secs]
5299.970: [GC (Allocation Failure)  443546K->8410K(1110528K), 0.0029019 secs]
5300.389: [GC (Allocation Failure)  430298K->8378K(1097728K), 0.0037028 secs]
5300.795: [GC (Allocation Failure)  417466K->8378K(1085440K), 0.0042275 secs]
5301.191: [GC (Allocation Failure)  405178K->8378K(1073664K), 0.0037042 secs]
5301.571: [GC (Allocation Failure)  393402K->8346K(1062400K), 0.0033161 secs]
5301.977: [GC (Allocation Failure)  382106K->8378K(1051648K), 0.0038336 secs]
5302.340: [GC (Allocation Failure)  371386K->8346K(1041408K), 0.0041744 secs]
5302.704: [GC (Allocation Failure)  361114K->8346K(1031680K), 0.0039924 secs]
5303.047: [GC (Allocation Failure)  351386K->8378K(1021952K), 0.0035092 secs]
5303.379: [GC (Allocation Failure)  341690K->8378K(1089024K), 0.0040392 secs]
5303.778: [GC (Allocation Failure)  408762K->8378K(1169408K), 0.0044053 secs]
5304.270: [GC (Allocation Failure)  489146K->8346K(1154048K), 0.0042054 secs]
5304.737: [GC (Allocation Failure)  473754K->8346K(1139200K), 0.0036571 secs]
5305.186: [GC (Allocation Failure)  458906K->8314K(1125376K), 0.0038988 secs]
5305.624: [GC (Allocation Failure)  445050K->8378K(1112064K), 0.0040876 secs]
5306.052: [GC (Allocation Failure)  431802K->8378K(1099264K), 0.0038212 secs]
5306.464: [GC (Allocation Failure)  419002K->8378K(1086976K), 0.0042611 secs]
5306.874: [GC (Allocation Failure)  406714K->8378K(1075200K), 0.0040108 secs]
5307.288: [GC (Allocation Failure)  394938K->8346K(1063936K), 0.0034583 secs]
5307.667: [GC (Allocation Failure)  383642K->8378K(1053184K), 0.0034422 secs]
5308.038: [GC (Allocation Failure)  372922K->8346K(1042944K), 0.0033213 secs]
5308.400: [GC (Allocation Failure)  362650K->8410K(1032704K), 0.0041843 secs]
5308.743: [GC (Allocation Failure)  352474K->8378K(1101824K), 0.0085506 secs]
5309.162: [GC (Allocation Failure)  421562K->8346K(1184768K), 0.0075270 secs]
5309.663: [GC (Allocation Failure)  504474K->8378K(1284096K), 0.0040486 secs]
5310.256: [GC (Allocation Failure)  603834K->8378K(1403392K), 0.0047673 secs]
5310.978: [GC (Allocation Failure)  723130K->8346K(1546752K), 0.0048757 secs]
5311.841: [GC (Allocation Failure)  866458K->8378K(1513984K), 0.0040530 secs]
5312.675: [GC (Allocation Failure)  833722K->8410K(1482752K), 0.0035861 secs]
5313.463: [GC (Allocation Failure)  802522K->8410K(1453056K), 0.0045274 secs]
5314.220: [GC (Allocation Failure)  772826K->8346K(1424896K), 0.0045006 secs]
5314.954: [GC (Allocation Failure)  744602K->8378K(1397760K), 0.0035188 secs]
5315.658: [GC (Allocation Failure)  717498K->8378K(1372160K), 0.0051961 secs]
5316.346: [GC (Allocation Failure)  691898K->8346K(1347584K), 0.0031596 secs]
5317.000: [GC (Allocation Failure)  667290K->8378K(1324032K), 0.0042701 secs]
5317.636: [GC (Allocation Failure)  643770K->8346K(1301504K), 0.0038308 secs]
5318.244: [GC (Allocation Failure)  621210K->8346K(1280000K), 0.0033721 secs]
5318.884: [GC (Allocation Failure)  599706K->8346K(1259520K), 0.0036364 secs]
5319.453: [GC (Allocation Failure)  579226K->8378K(1240064K), 0.0094909 secs]
5320.011: [GC (Allocation Failure)  559802K->8410K(1221632K), 0.0027949 secs]
5320.547: [GC (Allocation Failure)  541402K->8346K(1203712K), 0.0030787 secs]
5321.069: [GC (Allocation Failure)  523418K->8410K(1186816K), 0.0033377 secs]
5321.566: [GC (Allocation Failure)  506586K->8410K(1170432K), 0.0031081 secs]
5322.048: [GC (Allocation Failure)  490202K->8346K(1155072K), 0.0080388 secs]
5322.520: [GC (Allocation Failure)  474778K->8410K(1140224K), 0.0032327 secs]
5322.971: [GC (Allocation Failure)  459994K->8346K(1125888K), 0.0034559 secs]
5323.409: [GC (Allocation Failure)  445594K->8346K(1112576K), 0.0033361 secs]
5323.833: [GC (Allocation Failure)  432282K->8346K(1099776K), 0.0038817 secs]
5324.245: [GC (Allocation Failure)  419482K->8346K(1087488K), 0.0029675 secs]
5324.643: [GC (Allocation Failure)  407194K->8378K(1075712K), 0.0035926 secs]
5325.030: [GC (Allocation Failure)  395450K->8410K(1064448K), 0.0033072 secs]
5325.404: [GC (Allocation Failure)  384218K->8346K(1053696K), 0.0035098 secs]
5325.768: [GC (Allocation Failure)  373402K->8346K(1043456K), 0.0033548 secs]
5326.123: [GC (Allocation Failure)  363162K->8346K(1033216K), 0.0035475 secs]
5326.468: [GC (Allocation Failure)  352922K->8346K(1023488K), 0.0035160 secs]
5326.805: [GC (Allocation Failure)  343194K->8346K(1014272K), 0.0033337 secs]
5327.130: [GC (Allocation Failure)  333978K->8346K(1005568K), 0.0035952 secs]
5327.446: [GC (Allocation Failure)  325274K->8378K(996864K), 0.0032809 secs]
5327.753: [GC (Allocation Failure)  316602K->8346K(1058816K), 0.0041189 secs]
5328.129: [GC (Allocation Failure)  378522K->8346K(1133056K), 0.0050206 secs]
5328.575: [GC (Allocation Failure)  452762K->8378K(1222144K), 0.0038753 secs]
5329.159: [GC (Allocation Failure)  541882K->8346K(1204224K), 0.0043131 secs]
5329.680: [GC (Allocation Failure)  523930K->8346K(1187328K), 0.0046470 secs]
5330.180: [GC (Allocation Failure)  507034K->8346K(1170944K), 0.0035538 secs]
5330.662: [GC (Allocation Failure)  490650K->8410K(1155584K), 0.0033925 secs]
5331.130: [GC (Allocation Failure)  475354K->8410K(1140736K), 0.0035798 secs]
5331.583: [GC (Allocation Failure)  460506K->8378K(1126400K), 0.0034280 secs]
5332.022: [GC (Allocation Failure)  446138K->8378K(1113088K), 0.0028407 secs]
5332.448: [GC (Allocation Failure)  432826K->8378K(1100288K), 0.0031969 secs]
5332.860: [GC (Allocation Failure)  420026K->8378K(1088000K), 0.0034946 secs]
5333.259: [GC (Allocation Failure)  407738K->8378K(1076224K), 0.0032116 secs]
5333.647: [GC (Allocation Failure)  395962K->8346K(1064960K), 0.0029089 secs]
5334.022: [GC (Allocation Failure)  384666K->8378K(1054208K), 0.0032484 secs]
5334.388: [GC (Allocation Failure)  373946K->8410K(1043968K), 0.0032106 secs]
5334.743: [GC (Allocation Failure)  363738K->8378K(1033728K), 0.0033921 secs]
5335.088: [GC (Allocation Failure)  353466K->8346K(1024000K), 0.0034929 secs]
5335.423: [GC (Allocation Failure)  343706K->8346K(1014784K), 0.0036388 secs]
5335.749: [GC (Allocation Failure)  334490K->8378K(1006080K), 0.0033976 secs]
5336.066: [GC (Allocation Failure)  325818K->8378K(997376K), 0.0032786 secs]
5336.374: [GC (Allocation Failure)  317114K->8410K(989184K), 0.0035103 secs]
5336.674: [GC (Allocation Failure)  308954K->8378K(1049600K), 0.0032420 secs]
5337.035: [GC (Allocation Failure)  369338K->8346K(1039360K), 0.0033699 secs]
5337.388: [GC (Allocation Failure)  359066K->8378K(1029632K), 0.0029875 secs]
5337.728: [GC (Allocation Failure)  349370K->8378K(1020416K), 0.0031858 secs]
5338.060: [GC (Allocation Failure)  340154K->8410K(1011200K), 0.0029437 secs]
5338.382: [GC (Allocation Failure)  330970K->8378K(1002496K), 0.0034217 secs]
5338.695: [GC (Allocation Failure)  322234K->8410K(994304K), 0.0031275 secs]
5339.038: [GC (Allocation Failure)  314074K->8346K(986112K), 0.0031619 secs]
5339.335: [GC (Allocation Failure)  305818K->8378K(978432K), 0.0031295 secs]
5339.624: [GC (Allocation Failure)  298170K->8378K(971264K), 0.0031514 secs]
5339.907: [GC (Allocation Failure)  291002K->8410K(1028096K), 0.0032464 secs]
5340.246: [GC (Allocation Failure)  347866K->8378K(1018880K), 0.0031547 secs]
5340.576: [GC (Allocation Failure)  338618K->8346K(1009664K), 0.0029617 secs]
5340.894: [GC (Allocation Failure)  329370K->8378K(1000960K), 0.0030506 secs]
5341.206: [GC (Allocation Failure)  320698K->8346K(992768K), 0.0033021 secs]
5341.509: [GC (Allocation Failure)  312474K->8410K(984576K), 0.0029942 secs]
5341.804: [GC (Allocation Failure)  304346K->8378K(1043968K), 0.0034180 secs]
5342.158: [GC (Allocation Failure)  363706K->8346K(1115136K), 0.0037028 secs]
5342.583: [GC (Allocation Failure)  434842K->8410K(1102336K), 0.0036903 secs]
5342.996: [GC (Allocation Failure)  422106K->8346K(1090048K), 0.0034738 secs]
5343.395: [GC (Allocation Failure)  409754K->8410K(1078272K), 0.0029897 secs]
5343.782: [GC (Allocation Failure)  398042K->8346K(1067008K), 0.0039495 secs]
5344.197: [GC (Allocation Failure)  386714K->8346K(1056256K), 0.0033877 secs]
5344.562: [GC (Allocation Failure)  375962K->8346K(1045504K), 0.0027011 secs]
5344.917: [GC (Allocation Failure)  365210K->8378K(1035264K), 0.0029446 secs]
5345.264: [GC (Allocation Failure)  355002K->8346K(1025536K), 0.0036778 secs]
5345.599: [GC (Allocation Failure)  345242K->8346K(1016320K), 0.0030189 secs]
5345.925: [GC (Allocation Failure)  336026K->8346K(1007616K), 0.0032524 secs]
5346.242: [GC (Allocation Failure)  327322K->8442K(998912K), 0.0029355 secs]
5346.549: [GC (Allocation Failure)  318714K->8346K(990720K), 0.0035002 secs]
5346.849: [GC (Allocation Failure)  310426K->8346K(983040K), 0.0027684 secs]
5347.141: [GC (Allocation Failure)  302746K->8410K(1041920K), 0.0038242 secs]
5347.492: [GC (Allocation Failure)  361690K->8410K(1112576K), 0.0041717 secs]
5347.918: [GC (Allocation Failure)  432346K->8378K(1099776K), 0.0029495 secs]
5348.330: [GC (Allocation Failure)  419514K->8346K(1087488K), 0.0030439 secs]
5348.725: [GC (Allocation Failure)  407194K->8346K(1075712K), 0.0035317 secs]
5349.109: [GC (Allocation Failure)  395418K->8378K(1064448K), 0.0039178 secs]
5349.509: [GC (Allocation Failure)  384186K->8378K(1053696K), 0.0045371 secs]
5349.877: [GC (Allocation Failure)  373434K->8378K(1043456K), 0.0033650 secs]
5350.230: [GC (Allocation Failure)  363194K->8346K(1033216K), 0.0029037 secs]
5350.573: [GC (Allocation Failure)  352922K->8378K(1023488K), 0.0033281 secs]
5350.907: [GC (Allocation Failure)  343226K->8378K(1014272K), 0.0036029 secs]
5351.231: [GC (Allocation Failure)  334010K->8378K(1005568K), 0.0028852 secs]
5351.545: [GC (Allocation Failure)  325306K->8346K(996864K), 0.0032488 secs]
5351.851: [GC (Allocation Failure)  316570K->8346K(988672K), 0.0030141 secs]
5352.150: [GC (Allocation Failure)  308378K->8410K(980992K), 0.0034441 secs]
5352.441: [GC (Allocation Failure)  300762K->8378K(973312K), 0.0025645 secs]
5352.722: [GC (Allocation Failure)  293050K->8346K(966144K), 0.0029970 secs]
5352.997: [GC (Allocation Failure)  285850K->8410K(958976K), 0.0029832 secs]
5353.265: [GC (Allocation Failure)  278746K->8346K(1013248K), 0.0028250 secs]
5353.588: [GC (Allocation Failure)  332954K->8346K(1004544K), 0.0026940 secs]
5353.902: [GC (Allocation Failure)  324250K->8378K(996352K), 0.0027925 secs]
5354.210: [GC (Allocation Failure)  316090K->8410K(988160K), 0.0028865 secs]
5354.507: [GC (Allocation Failure)  307930K->8378K(980480K), 0.0028933 secs]
5354.797: [GC (Allocation Failure)  300218K->8346K(972800K), 0.0029965 secs]
5355.080: [GC (Allocation Failure)  292506K->8378K(965632K), 0.0033633 secs]
5355.356: [GC (Allocation Failure)  285370K->8346K(1021440K), 0.0035448 secs]
5355.686: [GC (Allocation Failure)  341146K->8410K(1088000K), 0.0029525 secs]
5356.083: [GC (Allocation Failure)  407770K->8346K(1076224K), 0.0036588 secs]
5356.468: [GC (Allocation Failure)  395930K->8410K(1064960K), 0.0033079 secs]
5356.842: [GC (Allocation Failure)  384730K->8410K(1054208K), 0.0030901 secs]
5357.205: [GC (Allocation Failure)  373978K->8410K(1043968K), 0.0031123 secs]
5357.558: [GC (Allocation Failure)  363738K->8410K(1033728K), 0.0033614 secs]
5357.901: [GC (Allocation Failure)  353498K->8410K(1024000K), 0.0028875 secs]
5358.234: [GC (Allocation Failure)  343770K->8346K(1014784K), 0.0032527 secs]
5358.558: [GC (Allocation Failure)  334490K->8378K(1006080K), 0.0032004 secs]
5358.877: [GC (Allocation Failure)  325818K->8346K(997376K), 0.0035252 secs]
5359.184: [GC (Allocation Failure)  317082K->8346K(989184K), 0.0034317 secs]
5359.484: [GC (Allocation Failure)  308890K->8378K(981504K), 0.0031696 secs]
5359.775: [GC (Allocation Failure)  301242K->8378K(1040384K), 0.0032706 secs]
5360.125: [GC (Allocation Failure)  360122K->8410K(1030656K), 0.0029471 secs]
5360.466: [GC (Allocation Failure)  350426K->8378K(1020928K), 0.0031617 secs]
5360.796: [GC (Allocation Failure)  340666K->8346K(1011712K), 0.0030115 secs]
5361.116: [GC (Allocation Failure)  331418K->8346K(1076736K), 0.0046450 secs]
5361.509: [GC (Allocation Failure)  396442K->8378K(1065472K), 0.0028577 secs]
5361.883: [GC (Allocation Failure)  385210K->8378K(1054720K), 0.0026506 secs]
5362.247: [GC (Allocation Failure)  374458K->8410K(1044480K), 0.0033314 secs]
5362.600: [GC (Allocation Failure)  364250K->8378K(1034240K), 0.0034468 secs]
5362.945: [GC (Allocation Failure)  353978K->8410K(1103360K), 0.0048200 secs]
5363.358: [GC (Allocation Failure)  423130K->8346K(1186304K), 0.0040057 secs]
5363.856: [GC (Allocation Failure)  506010K->8378K(1169920K), 0.0033451 secs]
5364.334: [GC (Allocation Failure)  489658K->8378K(1154560K), 0.0033226 secs]
5364.799: [GC (Allocation Failure)  474298K->8410K(1139712K), 0.0036068 secs]
5365.273: [GC (Allocation Failure)  459482K->8410K(1125376K), 0.0036411 secs]
5365.709: [GC (Allocation Failure)  445146K->8410K(1112064K), 0.0034211 secs]
5366.129: [GC (Allocation Failure)  431834K->8378K(1099264K), 0.0034803 secs]
5366.540: [GC (Allocation Failure)  419002K->8346K(1086976K), 0.0035486 secs]
5366.936: [GC (Allocation Failure)  406682K->8378K(1075200K), 0.0036983 secs]
5367.321: [GC (Allocation Failure)  394938K->8378K(1063936K), 0.0034781 secs]
5367.696: [GC (Allocation Failure)  383674K->8410K(1053184K), 0.0031566 secs]
5368.059: [GC (Allocation Failure)  372954K->8410K(1042944K), 0.0030023 secs]
5368.411: [GC (Allocation Failure)  362714K->8378K(1032704K), 0.0034305 secs]
5368.753: [GC (Allocation Failure)  352442K->8378K(1022976K), 0.0035874 secs]
5369.086: [GC (Allocation Failure)  342714K->8378K(1013760K), 0.0029968 secs]
5369.409: [GC (Allocation Failure)  333498K->8410K(1005056K), 0.0038237 secs]
5369.726: [GC (Allocation Failure)  324826K->8346K(996352K), 0.0036065 secs]
5370.033: [GC (Allocation Failure)  316058K->8378K(1058304K), 0.0034731 secs]
5370.428: [GC (Allocation Failure)  378042K->8410K(1047552K), 0.0034007 secs]
5370.785: [GC (Allocation Failure)  367322K->8378K(1037312K), 0.0036959 secs]
5371.132: [GC (Allocation Failure)  357050K->8378K(1027584K), 0.0033537 secs]
5371.471: [GC (Allocation Failure)  347322K->8346K(1018368K), 0.0031893 secs]
5371.799: [GC (Allocation Failure)  338074K->8346K(1009152K), 0.0035475 secs]
5372.120: [GC (Allocation Failure)  328858K->8410K(1000448K), 0.0031459 secs]
5372.434: [GC (Allocation Failure)  320218K->8378K(992256K), 0.0031378 secs]
5372.736: [GC (Allocation Failure)  311994K->8410K(984064K), 0.0031812 secs]
5373.031: [GC (Allocation Failure)  303834K->8378K(1043456K), 0.0032091 secs]
5373.385: [GC (Allocation Failure)  363194K->8378K(1033216K), 0.0029239 secs]
5373.727: [GC (Allocation Failure)  352954K->8378K(1023488K), 0.0033697 secs]
5374.063: [GC (Allocation Failure)  343226K->8346K(1014272K), 0.0028664 secs]
5374.388: [GC (Allocation Failure)  333978K->8346K(1005568K), 0.0033745 secs]
5374.704: [GC (Allocation Failure)  325274K->8410K(996864K), 0.0037312 secs]
5375.009: [GC (Allocation Failure)  316634K->8378K(1058816K), 0.0032255 secs]
5375.385: [GC (Allocation Failure)  378554K->8378K(1048064K), 0.0034044 secs]
5375.745: [GC (Allocation Failure)  367802K->8346K(1120256K), 0.0046744 secs]
5376.182: [GC (Allocation Failure)  439962K->8346K(1106944K), 0.0031658 secs]
5376.600: [GC (Allocation Failure)  426650K->8378K(1094144K), 0.0034053 secs]
5377.006: [GC (Allocation Failure)  413882K->8410K(1081856K), 0.0041010 secs]
5377.399: [GC (Allocation Failure)  401626K->8346K(1160704K), 0.0049880 secs]
5377.878: [GC (Allocation Failure)  480410K->8346K(1145856K), 0.0034132 secs]
5378.336: [GC (Allocation Failure)  465562K->8410K(1131520K), 0.0035839 secs]
5378.785: [GC (Allocation Failure)  451290K->8378K(1117696K), 0.0034967 secs]
5379.212: [GC (Allocation Failure)  437434K->8378K(1104384K), 0.0034385 secs]
5379.626: [GC (Allocation Failure)  424122K->8378K(1091584K), 0.0039978 secs]
5380.029: [GC (Allocation Failure)  411322K->8378K(1079808K), 0.0034020 secs]
5380.420: [GC (Allocation Failure)  399546K->8378K(1068032K), 0.0033753 secs]
5380.823: [GC (Allocation Failure)  387770K->8346K(1056768K), 0.0041209 secs]
5381.191: [GC (Allocation Failure)  376474K->8346K(1046016K), 0.0035300 secs]
5381.547: [GC (Allocation Failure)  365722K->8410K(1035776K), 0.0047118 secs]
5381.897: [GC (Allocation Failure)  355546K->8346K(1026048K), 0.0035613 secs]
5382.235: [GC (Allocation Failure)  345754K->8378K(1093632K), 0.0040449 secs]
5382.639: [GC (Allocation Failure)  413370K->8378K(1081344K), 0.0034061 secs]
5383.033: [GC (Allocation Failure)  401082K->8410K(1069568K), 0.0037960 secs]
5383.414: [GC (Allocation Failure)  389338K->8410K(1058304K), 0.0034526 secs]
5383.783: [GC (Allocation Failure)  378074K->8410K(1047552K), 0.0031570 secs]
5384.142: [GC (Allocation Failure)  367322K->8378K(1037312K), 0.0040197 secs]
5384.491: [GC (Allocation Failure)  357050K->8346K(1027584K), 0.0033466 secs]
5384.829: [GC (Allocation Failure)  347290K->8378K(1095680K), 0.0043524 secs]
5385.242: [GC (Allocation Failure)  415418K->8378K(1083392K), 0.0032193 secs]
5385.633: [GC (Allocation Failure)  403130K->8378K(1071616K), 0.0031613 secs]
5386.035: [GC (Allocation Failure)  391354K->8378K(1060352K), 0.0038071 secs]
5386.404: [GC (Allocation Failure)  380090K->8442K(1049600K), 0.0034550 secs]
5386.761: [GC (Allocation Failure)  369402K->8410K(1039360K), 0.0032654 secs]
5387.112: [GC (Allocation Failure)  359130K->8378K(1029632K), 0.0037528 secs]
5387.450: [GC (Allocation Failure)  349370K->8346K(1098240K), 0.0043341 secs]
5387.857: [GC (Allocation Failure)  417946K->8346K(1180160K), 0.0042775 secs]
5388.345: [GC (Allocation Failure)  499866K->8378K(1164288K), 0.0040454 secs]
5388.818: [GC (Allocation Failure)  484026K->8378K(1148928K), 0.0050686 secs]
5389.275: [GC (Allocation Failure)  468666K->8346K(1134592K), 0.0037351 secs]
5389.718: [GC (Allocation Failure)  454298K->8410K(1120768K), 0.0037005 secs]
5390.148: [GC (Allocation Failure)  440538K->8378K(1107456K), 0.0031622 secs]
5390.564: [GC (Allocation Failure)  427194K->8378K(1094656K), 0.0039791 secs]
5390.972: [GC (Allocation Failure)  414394K->8346K(1082368K), 0.0033883 secs]
5391.382: [GC (Allocation Failure)  402074K->8378K(1070592K), 0.0031383 secs]
5391.761: [GC (Allocation Failure)  390330K->8378K(1059328K), 0.0029418 secs]
5392.130: [GC (Allocation Failure)  379066K->8410K(1048576K), 0.0030129 secs]
5392.488: [GC (Allocation Failure)  368346K->8378K(1120768K), 0.0084928 secs]
5392.923: [GC (Allocation Failure)  440506K->8346K(1207296K), 0.0031951 secs]
5393.437: [GC (Allocation Failure)  527002K->8378K(1190400K), 0.0030279 secs]
5393.933: [GC (Allocation Failure)  510138K->8346K(1174016K), 0.0029848 secs]
5394.414: [GC (Allocation Failure)  493722K->8346K(1158656K), 0.0037920 secs]
5394.881: [GC (Allocation Failure)  478362K->8346K(1143808K), 0.0032915 secs]
5395.334: [GC (Allocation Failure)  463514K->8378K(1129472K), 0.0036304 secs]
5395.774: [GC (Allocation Failure)  449210K->8346K(1115648K), 0.0037416 secs]
5396.199: [GC (Allocation Failure)  435354K->8410K(1102848K), 0.0035365 secs]
5396.649: [GC (Allocation Failure)  422618K->8346K(1090560K), 0.0033666 secs]
5397.050: [GC (Allocation Failure)  410266K->8346K(1078784K), 0.0035034 secs]
5397.439: [GC (Allocation Failure)  398490K->8346K(1067520K), 0.0036355 secs]
5397.817: [GC (Allocation Failure)  387226K->8410K(1056256K), 0.0033152 secs]
5398.184: [GC (Allocation Failure)  376026K->8346K(1045504K), 0.0039928 secs]
5398.544: [GC (Allocation Failure)  365210K->8410K(1035264K), 0.0033364 secs]
5398.890: [GC (Allocation Failure)  355034K->8410K(1025536K), 0.0036456 secs]
5399.227: [GC (Allocation Failure)  345306K->8378K(1016320K), 0.0032868 secs]
5399.554: [GC (Allocation Failure)  336058K->8378K(1007616K), 0.0032787 secs]
5399.872: [GC (Allocation Failure)  327354K->8378K(998912K), 0.0032576 secs]
5400.182: [GC (Allocation Failure)  318650K->8378K(1061376K), 0.0052236 secs]
5400.576: [GC (Allocation Failure)  381114K->8346K(1136128K), 0.0037095 secs]
5401.031: [GC (Allocation Failure)  455834K->8410K(1122304K), 0.0033031 secs]
5401.471: [GC (Allocation Failure)  442074K->8378K(1108992K), 0.0042422 secs]
5401.898: [GC (Allocation Failure)  428730K->8346K(1193472K), 0.0058451 secs]
5402.413: [GC (Allocation Failure)  513178K->8378K(1177088K), 0.0034420 secs]
5402.904: [GC (Allocation Failure)  496826K->8378K(1161216K), 0.0034869 secs]
5403.377: [GC (Allocation Failure)  480954K->8378K(1146368K), 0.0041768 secs]
5403.842: [GC (Allocation Failure)  466106K->8410K(1132032K), 0.0035339 secs]
5404.286: [GC (Allocation Failure)  451802K->8378K(1118208K), 0.0036590 secs]
5404.715: [GC (Allocation Failure)  437946K->8346K(1104896K), 0.0031062 secs]
5405.131: [GC (Allocation Failure)  424602K->8346K(1092096K), 0.0037938 secs]
5405.535: [GC (Allocation Failure)  411802K->8346K(1079808K), 0.0038040 secs]
5405.927: [GC (Allocation Failure)  399514K->8410K(1068032K), 0.0044474 secs]
5406.306: [GC (Allocation Failure)  387802K->8442K(1056768K), 0.0033114 secs]
5406.672: [GC (Allocation Failure)  376570K->8410K(1046016K), 0.0028521 secs]
5407.056: [GC (Allocation Failure)  365786K->8346K(1035776K), 0.0030000 secs]
5407.402: [GC (Allocation Failure)  355482K->8378K(1026048K), 0.0030004 secs]
5407.744: [GC (Allocation Failure)  345786K->8378K(1016832K), 0.0030252 secs]
5408.075: [GC (Allocation Failure)  336570K->8346K(1082880K), 0.0050599 secs]
5408.470: [GC (Allocation Failure)  402586K->8378K(1071104K), 0.0034183 secs]
5408.860: [GC (Allocation Failure)  390842K->8378K(1059840K), 0.0041977 secs]
5409.237: [GC (Allocation Failure)  379578K->8378K(1049088K), 0.0036706 secs]
5409.598: [GC (Allocation Failure)  368826K->8346K(1121280K), 0.0040390 secs]
5410.034: [GC (Allocation Failure)  440986K->8346K(1107968K), 0.0038964 secs]
5410.454: [GC (Allocation Failure)  427674K->8378K(1095168K), 0.0043564 secs]
5410.862: [GC (Allocation Failure)  414906K->8346K(1176576K), 0.0059431 secs]
5411.352: [GC (Allocation Failure)  496282K->8378K(1274368K), 0.0040074 secs]
5411.935: [GC (Allocation Failure)  594106K->8378K(1254400K), 0.0052040 secs]
5412.534: [GC (Allocation Failure)  574138K->8378K(1235456K), 0.0036125 secs]
5413.079: [GC (Allocation Failure)  555194K->8346K(1217024K), 0.0041023 secs]
5413.609: [GC (Allocation Failure)  536730K->8346K(1199616K), 0.0044948 secs]
5414.122: [GC (Allocation Failure)  519322K->8346K(1182720K), 0.0041766 secs]
5414.620: [GC (Allocation Failure)  502426K->8346K(1166848K), 0.0040827 secs]
5415.096: [GC (Allocation Failure)  486554K->8378K(1151488K), 0.0029738 secs]
5415.557: [GC (Allocation Failure)  471226K->8346K(1136640K), 0.0034619 secs]
5416.003: [GC (Allocation Failure)  456346K->8378K(1122816K), 0.0038305 secs]
5416.436: [GC (Allocation Failure)  442554K->8378K(1109504K), 0.0030474 secs]
5416.856: [GC (Allocation Failure)  429242K->8378K(1096704K), 0.0034634 secs]
5417.263: [GC (Allocation Failure)  416442K->8410K(1084416K), 0.0034657 secs]
5417.657: [GC (Allocation Failure)  404186K->8378K(1072640K), 0.0032843 secs]
5418.038: [GC (Allocation Failure)  392378K->8346K(1061376K), 0.0037959 secs]
5418.408: [GC (Allocation Failure)  381082K->8346K(1050624K), 0.0039607 secs]
5418.768: [GC (Allocation Failure)  370330K->8314K(1040384K), 0.0047438 secs]
5419.119: [GC (Allocation Failure)  360058K->8442K(1111040K), 0.0042373 secs]
5419.544: [GC (Allocation Failure)  430842K->8346K(1195520K), 0.0044171 secs]
5420.053: [GC (Allocation Failure)  515226K->8410K(1179136K), 0.0037225 secs]
5420.541: [GC (Allocation Failure)  498906K->8346K(1163264K), 0.0041045 secs]
5421.021: [GC (Allocation Failure)  482970K->8346K(1147904K), 0.0035533 secs]
5421.486: [GC (Allocation Failure)  467610K->8346K(1133568K), 0.0032385 secs]
5421.935: [GC (Allocation Failure)  453274K->8346K(1119744K), 0.0033008 secs]
5422.364: [GC (Allocation Failure)  439450K->8410K(1106432K), 0.0032692 secs]
5422.813: [GC (Allocation Failure)  426202K->8410K(1093632K), 0.0040152 secs]
5423.221: [GC (Allocation Failure)  413402K->8410K(1081344K), 0.0029051 secs]
5423.612: [GC (Allocation Failure)  401114K->8410K(1069568K), 0.0037369 secs]
5423.991: [GC (Allocation Failure)  389338K->8346K(1058304K), 0.0034721 secs]
5424.358: [GC (Allocation Failure)  378010K->8378K(1047552K), 0.0028915 secs]
5424.714: [GC (Allocation Failure)  367290K->8378K(1037312K), 0.0048689 secs]
5425.067: [GC (Allocation Failure)  357050K->8378K(1027584K), 0.0032445 secs]
5425.404: [GC (Allocation Failure)  347322K->8378K(1095680K), 0.0049521 secs]
5425.810: [GC (Allocation Failure)  415418K->8410K(1177088K), 0.0037169 secs]
5426.296: [GC (Allocation Failure)  496858K->8346K(1161216K), 0.0037007 secs]
5426.767: [GC (Allocation Failure)  480922K->8378K(1146368K), 0.0033652 secs]
5427.225: [GC (Allocation Failure)  466106K->8378K(1132032K), 0.0029287 secs]
5427.667: [GC (Allocation Failure)  451770K->8410K(1118208K), 0.0035607 secs]
5428.119: [GC (Allocation Failure)  437978K->8346K(1104896K), 0.0030998 secs]
5428.534: [GC (Allocation Failure)  424602K->8378K(1092096K), 0.0038654 secs]
5428.936: [GC (Allocation Failure)  411834K->8442K(1079808K), 0.0034590 secs]
5429.327: [GC (Allocation Failure)  399610K->8346K(1068032K), 0.0039259 secs]
5429.707: [GC (Allocation Failure)  387738K->8314K(1056768K), 0.0033494 secs]
5430.074: [GC (Allocation Failure)  376442K->8410K(1046016K), 0.0038473 secs]
5430.433: [GC (Allocation Failure)  365786K->8346K(1035776K), 0.0042805 secs]
5430.783: [GC (Allocation Failure)  355482K->8378K(1026048K), 0.0034217 secs]
5431.120: [GC (Allocation Failure)  345786K->8346K(1016832K), 0.0035411 secs]
5431.448: [GC (Allocation Failure)  336538K->8378K(1008128K), 0.0033276 secs]
5431.767: [GC (Allocation Failure)  327866K->8378K(999424K), 0.0027446 secs]
5432.076: [GC (Allocation Failure)  319162K->8410K(1061888K), 0.0040704 secs]
5432.450: [GC (Allocation Failure)  381658K->8378K(1051136K), 0.0034551 secs]
5432.813: [GC (Allocation Failure)  370874K->8346K(1123840K), 0.0040549 secs]
5433.260: [GC (Allocation Failure)  443546K->8378K(1110528K), 0.0034224 secs]
5433.683: [GC (Allocation Failure)  430266K->8346K(1097728K), 0.0030835 secs]
5434.091: [GC (Allocation Failure)  417434K->8346K(1085440K), 0.0040885 secs]
5434.487: [GC (Allocation Failure)  405146K->8410K(1073664K), 0.0032324 secs]
5434.873: [GC (Allocation Failure)  393434K->8378K(1062400K), 0.0032800 secs]
5435.246: [GC (Allocation Failure)  382138K->8378K(1051648K), 0.0033342 secs]
5435.609: [GC (Allocation Failure)  371386K->8410K(1041408K), 0.0037898 secs]
5435.961: [GC (Allocation Failure)  361178K->8410K(1031680K), 0.0035924 secs]
5436.303: [GC (Allocation Failure)  351450K->8378K(1021952K), 0.0034515 secs]
5436.635: [GC (Allocation Failure)  341690K->8378K(1012736K), 0.0034835 secs]
5436.959: [GC (Allocation Failure)  332474K->8346K(1004032K), 0.0036587 secs]
5437.282: [GC (Allocation Failure)  323738K->8378K(1067520K), 0.0037395 secs]
5437.679: [GC (Allocation Failure)  387258K->8378K(1056256K), 0.0033433 secs]
5438.045: [GC (Allocation Failure)  375994K->8378K(1045504K), 0.0037113 secs]
5438.427: [GC (Allocation Failure)  365242K->8378K(1035264K), 0.0038320 secs]
5438.773: [GC (Allocation Failure)  355002K->8378K(1104896K), 0.0040820 secs]
5439.192: [GC (Allocation Failure)  424634K->8378K(1092096K), 0.0033536 secs]
5439.607: [GC (Allocation Failure)  411834K->8378K(1172992K), 0.0049686 secs]
5440.098: [GC (Allocation Failure)  492730K->8346K(1157632K), 0.0038245 secs]
5440.568: [GC (Allocation Failure)  477338K->8346K(1142784K), 0.0040549 secs]
5441.028: [GC (Allocation Failure)  462490K->8378K(1128448K), 0.0035104 secs]
5441.467: [GC (Allocation Failure)  448186K->8346K(1114624K), 0.0050798 secs]
5441.893: [GC (Allocation Failure)  434330K->8346K(1101824K), 0.0039407 secs]
5442.304: [GC (Allocation Failure)  421530K->8378K(1089536K), 0.0047615 secs]
5442.707: [GC (Allocation Failure)  409274K->8410K(1077760K), 0.0036411 secs]
5443.092: [GC (Allocation Failure)  397530K->8410K(1066496K), 0.0039269 secs]
5443.498: [GC (Allocation Failure)  386266K->8346K(1055744K), 0.0042420 secs]
5443.863: [GC (Allocation Failure)  375450K->8410K(1044992K), 0.0031460 secs]
5444.216: [GC (Allocation Failure)  364762K->8346K(1034752K), 0.0043207 secs]
5444.565: [GC (Allocation Failure)  354458K->8410K(1104384K), 0.0038587 secs]
5444.979: [GC (Allocation Failure)  424154K->8346K(1091584K), 0.0032846 secs]
5445.379: [GC (Allocation Failure)  411290K->8378K(1079808K), 0.0027319 secs]
5445.768: [GC (Allocation Failure)  399546K->8410K(1068032K), 0.0032687 secs]
5446.143: [GC (Allocation Failure)  387802K->8346K(1056768K), 0.0037679 secs]
5446.508: [GC (Allocation Failure)  376474K->8346K(1046016K), 0.0034027 secs]
5446.863: [GC (Allocation Failure)  365722K->8410K(1035776K), 0.0034304 secs]
5447.208: [GC (Allocation Failure)  355546K->8410K(1026048K), 0.0031072 secs]
5447.543: [GC (Allocation Failure)  345818K->8346K(1016832K), 0.0030082 secs]
5447.867: [GC (Allocation Failure)  336538K->8410K(1008128K), 0.0031896 secs]
5448.184: [GC (Allocation Failure)  327898K->8346K(999424K), 0.0038694 secs]
5448.519: [GC (Allocation Failure)  319130K->8346K(1061888K), 0.0037652 secs]
5448.888: [GC (Allocation Failure)  381594K->8378K(1051136K), 0.0031987 secs]
5449.247: [GC (Allocation Failure)  370874K->8378K(1040896K), 0.0039285 secs]
5449.596: [GC (Allocation Failure)  360634K->8346K(1111552K), 0.0239124 secs]
5450.042: [GC (Allocation Failure)  431258K->8378K(1196544K), 0.0040098 secs]
5450.548: [GC (Allocation Failure)  516282K->8442K(1180160K), 0.0029878 secs]
5451.035: [GC (Allocation Failure)  499962K->8346K(1164288K), 0.0035165 secs]
5451.510: [GC (Allocation Failure)  483994K->8346K(1148928K), 0.0032360 secs]
5451.967: [GC (Allocation Failure)  468634K->8410K(1134592K), 0.0032367 secs]
5452.410: [GC (Allocation Failure)  454362K->8378K(1120768K), 0.0035023 secs]
5452.842: [GC (Allocation Failure)  440506K->8378K(1107456K), 0.0031907 secs]
5453.262: [GC (Allocation Failure)  427194K->8410K(1094656K), 0.0035988 secs]
5453.669: [GC (Allocation Failure)  414426K->8410K(1082368K), 0.0027962 secs]
5454.063: [GC (Allocation Failure)  402138K->8346K(1070592K), 0.0033893 secs]
5454.444: [GC (Allocation Failure)  390298K->8346K(1059328K), 0.0038557 secs]
5454.816: [GC (Allocation Failure)  379034K->8410K(1048576K), 0.0029190 secs]
5455.176: [GC (Allocation Failure)  368346K->8410K(1038336K), 0.0034975 secs]
5455.525: [GC (Allocation Failure)  358106K->8378K(1028608K), 0.0049549 secs]
5455.867: [GC (Allocation Failure)  348346K->8346K(1096704K), 0.0037212 secs]
5456.275: [GC (Allocation Failure)  416410K->8410K(1084416K), 0.0034753 secs]
5456.670: [GC (Allocation Failure)  404186K->8346K(1163776K), 0.0045272 secs]
5457.151: [GC (Allocation Failure)  483482K->8378K(1148416K), 0.0040562 secs]
5457.612: [GC (Allocation Failure)  468154K->8378K(1134080K), 0.0037780 secs]
5458.059: [GC (Allocation Failure)  453818K->8346K(1120256K), 0.0030613 secs]
5458.491: [GC (Allocation Failure)  439962K->8410K(1106944K), 0.0037905 secs]
5458.910: [GC (Allocation Failure)  426714K->8346K(1094144K), 0.0036481 secs]
5459.316: [GC (Allocation Failure)  413850K->8410K(1081856K), 0.0035198 secs]
5459.709: [GC (Allocation Failure)  401626K->8378K(1070080K), 0.0038990 secs]
5460.092: [GC (Allocation Failure)  389818K->8378K(1058816K), 0.0031048 secs]
5460.461: [GC (Allocation Failure)  378554K->8378K(1048064K), 0.0039539 secs]
5460.820: [GC (Allocation Failure)  367802K->8378K(1037824K), 0.0026695 secs]
5461.168: [GC (Allocation Failure)  357562K->8346K(1028096K), 0.0032558 secs]
5461.507: [GC (Allocation Failure)  347802K->8410K(1018880K), 0.0040115 secs]
5461.838: [GC (Allocation Failure)  338650K->8378K(1009664K), 0.0030538 secs]
5462.159: [GC (Allocation Failure)  329402K->8378K(1000960K), 0.0032703 secs]
5462.471: [GC (Allocation Failure)  320698K->8410K(992768K), 0.0034094 secs]
5462.776: [GC (Allocation Failure)  312538K->8378K(1053696K), 0.0038528 secs]
5463.141: [GC (Allocation Failure)  373434K->8410K(1126912K), 0.0035167 secs]
5463.579: [GC (Allocation Failure)  446682K->8378K(1113600K), 0.0038444 secs]
5464.072: [GC (Allocation Failure)  433338K->8346K(1100800K), 0.0036320 secs]
5464.484: [GC (Allocation Failure)  420506K->8378K(1088512K), 0.0035348 secs]
5464.883: [GC (Allocation Failure)  408250K->8346K(1076736K), 0.0031226 secs]
5465.270: [GC (Allocation Failure)  396442K->8378K(1065472K), 0.0034362 secs]
5465.651: [GC (Allocation Failure)  385210K->8346K(1054720K), 0.0032928 secs]
5466.017: [GC (Allocation Failure)  374426K->8346K(1044480K), 0.0035973 secs]
5466.372: [GC (Allocation Failure)  364186K->8410K(1034240K), 0.0037471 secs]
5466.718: [GC (Allocation Failure)  354010K->8346K(1024512K), 0.0032380 secs]
5467.052: [GC (Allocation Failure)  344218K->8346K(1015296K), 0.0038469 secs]
5467.377: [GC (Allocation Failure)  335002K->8410K(1006592K), 0.0033054 secs]
5467.695: [GC (Allocation Failure)  326362K->8410K(997888K), 0.0032206 secs]
5468.003: [GC (Allocation Failure)  317658K->8378K(1059840K), 0.0037066 secs]
5468.373: [GC (Allocation Failure)  379578K->8314K(1049088K), 0.0033357 secs]
5468.732: [GC (Allocation Failure)  368762K->8378K(1038848K), 0.0033676 secs]
5469.114: [GC (Allocation Failure)  358586K->8378K(1029120K), 0.0030975 secs]
5469.455: [GC (Allocation Failure)  348858K->8346K(1019904K), 0.0036814 secs]
5469.790: [GC (Allocation Failure)  339610K->8378K(1010688K), 0.0034634 secs]
5470.112: [GC (Allocation Failure)  330426K->8378K(1001984K), 0.0035948 secs]
5470.427: [GC (Allocation Failure)  321722K->8346K(1064960K), 0.0038629 secs]
5470.805: [GC (Allocation Failure)  384666K->8378K(1140224K), 0.0036510 secs]
5471.256: [GC (Allocation Failure)  459962K->8378K(1230848K), 0.0049738 secs]
5471.801: [GC (Allocation Failure)  550586K->8378K(1212928K), 0.0031972 secs]
5472.323: [GC (Allocation Failure)  532666K->8378K(1195520K), 0.0035530 secs]
5472.829: [GC (Allocation Failure)  515258K->8410K(1179136K), 0.0040712 secs]
5473.320: [GC (Allocation Failure)  498906K->8378K(1163264K), 0.0036900 secs]
5473.798: [GC (Allocation Failure)  483002K->8410K(1147904K), 0.0033973 secs]
5474.298: [GC (Allocation Failure)  467674K->8378K(1133568K), 0.0036673 secs]
5474.745: [GC (Allocation Failure)  453306K->8346K(1119744K), 0.0038198 secs]
5475.178: [GC (Allocation Failure)  439450K->8346K(1106432K), 0.0032507 secs]
5475.597: [GC (Allocation Failure)  426138K->8346K(1093632K), 0.0038589 secs]
5476.002: [GC (Allocation Failure)  413338K->8410K(1081344K), 0.0031012 secs]
5476.394: [GC (Allocation Failure)  401114K->8378K(1069568K), 0.0036052 secs]
5476.775: [GC (Allocation Failure)  389306K->8346K(1058304K), 0.0040993 secs]
5477.145: [GC (Allocation Failure)  378010K->8346K(1047552K), 0.0034106 secs]
5477.505: [GC (Allocation Failure)  367258K->8378K(1037312K), 0.0031064 secs]
5477.853: [GC (Allocation Failure)  357050K->8346K(1027584K), 0.0034633 secs]
5478.191: [GC (Allocation Failure)  347290K->8378K(1018368K), 0.0028867 secs]
5478.519: [GC (Allocation Failure)  338106K->8314K(1009152K), 0.0034806 secs]
5478.838: [GC (Allocation Failure)  328826K->8346K(1000448K), 0.0032956 secs]
5479.170: [GC (Allocation Failure)  320154K->8378K(992256K), 0.0031592 secs]
5479.475: [GC (Allocation Failure)  311994K->8378K(984064K), 0.0038699 secs]
5479.771: [GC (Allocation Failure)  303802K->8378K(1043456K), 0.0052200 secs]
5480.131: [GC (Allocation Failure)  363194K->8410K(1114624K), 0.0044323 secs]
5480.563: [GC (Allocation Failure)  434394K->8378K(1200128K), 0.0033010 secs]
5481.074: [GC (Allocation Failure)  519866K->8378K(1302528K), 0.0048806 secs]
5481.686: [GC (Allocation Failure)  622266K->8346K(1281024K), 0.0033946 secs]
5482.277: [GC (Allocation Failure)  600730K->8346K(1260544K), 0.0029225 secs]
5482.848: [GC (Allocation Failure)  580250K->8410K(1241088K), 0.0039377 secs]
5483.402: [GC (Allocation Failure)  560858K->8378K(1222656K), 0.0037971 secs]
5483.936: [GC (Allocation Failure)  542394K->8346K(1204736K), 0.0038574 secs]
5484.481: [GC (Allocation Failure)  524442K->8410K(1187840K), 0.0044981 secs]
5484.981: [GC (Allocation Failure)  507610K->8346K(1171456K), 0.0034418 secs]
5485.467: [GC (Allocation Failure)  491162K->8346K(1156096K), 0.0048819 secs]
5485.939: [GC (Allocation Failure)  475802K->8346K(1141248K), 0.0034723 secs]
5486.392: [GC (Allocation Failure)  460954K->8442K(1126912K), 0.0035139 secs]
5486.830: [GC (Allocation Failure)  446714K->8410K(1113600K), 0.0032554 secs]
5487.254: [GC (Allocation Failure)  433370K->8378K(1100800K), 0.0034662 secs]
5487.664: [GC (Allocation Failure)  420538K->8410K(1088512K), 0.0036964 secs]
5488.064: [GC (Allocation Failure)  408282K->8378K(1076736K), 0.0036204 secs]
5488.451: [GC (Allocation Failure)  396474K->8378K(1065472K), 0.0036594 secs]
5488.826: [GC (Allocation Failure)  385210K->8378K(1054720K), 0.0027429 secs]
5489.192: [GC (Allocation Failure)  374458K->8346K(1044480K), 0.0040435 secs]
5489.578: [GC (Allocation Failure)  364186K->8378K(1034240K), 0.0031951 secs]
5489.922: [GC (Allocation Failure)  353978K->8378K(1024512K), 0.0041982 secs]
5490.260: [GC (Allocation Failure)  344250K->8410K(1015296K), 0.0030103 secs]
5490.582: [GC (Allocation Failure)  335066K->8378K(1006592K), 0.0033034 secs]
5490.898: [GC (Allocation Failure)  326330K->8346K(997888K), 0.0032296 secs]
5491.205: [GC (Allocation Failure)  317594K->8346K(1059840K), 0.0036012 secs]
5491.573: [GC (Allocation Failure)  379546K->8378K(1049088K), 0.0035890 secs]
5491.930: [GC (Allocation Failure)  368826K->8378K(1038848K), 0.0033958 secs]
5492.276: [GC (Allocation Failure)  358586K->8410K(1029120K), 0.0036974 secs]
5492.613: [GC (Allocation Failure)  348890K->8378K(1019904K), 0.0032928 secs]
5492.943: [GC (Allocation Failure)  339642K->8346K(1010688K), 0.0034343 secs]
5493.262: [GC (Allocation Failure)  330394K->8346K(1075200K), 0.0035383 secs]
5493.645: [GC (Allocation Failure)  394906K->8410K(1063936K), 0.0028187 secs]
5494.018: [GC (Allocation Failure)  383706K->8378K(1053184K), 0.0035540 secs]
5494.378: [GC (Allocation Failure)  372922K->8378K(1042944K), 0.0042424 secs]
5494.730: [GC (Allocation Failure)  362682K->8410K(1032704K), 0.0037033 secs]
5495.072: [GC (Allocation Failure)  352474K->8410K(1022976K), 0.0030110 secs]
5495.402: [GC (Allocation Failure)  342746K->8346K(1013760K), 0.0036954 secs]
5495.724: [GC (Allocation Failure)  333466K->8410K(1078784K), 0.0039443 secs]
5496.113: [GC (Allocation Failure)  398554K->8378K(1067520K), 0.0029250 secs]
5496.487: [GC (Allocation Failure)  387258K->8410K(1056256K), 0.0029814 secs]
5496.851: [GC (Allocation Failure)  376026K->8378K(1045504K), 0.0034234 secs]
5497.208: [GC (Allocation Failure)  365242K->8378K(1035264K), 0.0031496 secs]
5497.560: [GC (Allocation Failure)  355002K->8378K(1025536K), 0.0028598 secs]
5497.896: [GC (Allocation Failure)  345274K->8346K(1016320K), 0.0037606 secs]
5498.221: [GC (Allocation Failure)  336026K->8378K(1081856K), 0.0044747 secs]
5498.612: [GC (Allocation Failure)  401594K->8346K(1070080K), 0.0030194 secs]
5498.997: [GC (Allocation Failure)  389786K->8410K(1058816K), 0.0041523 secs]
5499.368: [GC (Allocation Failure)  378586K->8378K(1048064K), 0.0031654 secs]
5499.723: [GC (Allocation Failure)  367802K->8410K(1037824K), 0.0031913 secs]
5500.086: [GC (Allocation Failure)  357594K->8378K(1028096K), 0.0036033 secs]
5500.422: [GC (Allocation Failure)  347834K->8378K(1018880K), 0.0032398 secs]
5500.749: [GC (Allocation Failure)  338618K->8378K(1009664K), 0.0029956 secs]
5501.067: [GC (Allocation Failure)  329402K->8346K(1000960K), 0.0035634 secs]
5501.377: [GC (Allocation Failure)  320666K->8346K(992768K), 0.0034199 secs]
5501.681: [GC (Allocation Failure)  312474K->8378K(1053696K), 0.0035428 secs]
5502.042: [GC (Allocation Failure)  373434K->8346K(1043456K), 0.0032777 secs]
5502.392: [GC (Allocation Failure)  363162K->8378K(1033216K), 0.0032675 secs]
5502.735: [GC (Allocation Failure)  352954K->8346K(1023488K), 0.0033534 secs]
5503.068: [GC (Allocation Failure)  343194K->8378K(1090560K), 0.0039529 secs]
5503.467: [GC (Allocation Failure)  410298K->8410K(1078784K), 0.0029667 secs]
5503.854: [GC (Allocation Failure)  398554K->8346K(1067520K), 0.0031407 secs]
5504.229: [GC (Allocation Failure)  387226K->8410K(1056256K), 0.0029174 secs]
5504.592: [GC (Allocation Failure)  376026K->8378K(1045504K), 0.0027944 secs]
5504.946: [GC (Allocation Failure)  365242K->8410K(1035264K), 0.0032355 secs]
5505.302: [GC (Allocation Failure)  355034K->8410K(1025536K), 0.0030322 secs]
5505.635: [GC (Allocation Failure)  345306K->8410K(1016320K), 0.0033969 secs]
5505.960: [GC (Allocation Failure)  336090K->8410K(1007616K), 0.0029861 secs]
5506.275: [GC (Allocation Failure)  327386K->8378K(998912K), 0.0030514 secs]
5506.582: [GC (Allocation Failure)  318650K->8346K(990720K), 0.0033454 secs]
5506.882: [GC (Allocation Failure)  310426K->8378K(983040K), 0.0033069 secs]
5507.176: [GC (Allocation Failure)  302778K->8410K(975360K), 0.0030768 secs]
5507.460: [GC (Allocation Failure)  295130K->8346K(1032704K), 0.0039278 secs]
5507.800: [GC (Allocation Failure)  352410K->8378K(1101824K), 0.0034475 secs]
5508.211: [GC (Allocation Failure)  421562K->8410K(1184768K), 0.0040947 secs]
5508.711: [GC (Allocation Failure)  504538K->8346K(1284096K), 0.0053223 secs]
5509.309: [GC (Allocation Failure)  603802K->8378K(1263616K), 0.0037263 secs]
5509.883: [GC (Allocation Failure)  583354K->8346K(1244160K), 0.0032389 secs]
5510.434: [GC (Allocation Failure)  563866K->8378K(1225216K), 0.0034890 secs]
5510.967: [GC (Allocation Failure)  544954K->8378K(1207296K), 0.0030446 secs]
5511.485: [GC (Allocation Failure)  527034K->8346K(1190400K), 0.0033124 secs]
5511.992: [GC (Allocation Failure)  510106K->8410K(1174016K), 0.0030267 secs]
5512.485: [GC (Allocation Failure)  493786K->8314K(1158656K), 0.0030980 secs]
5512.957: [GC (Allocation Failure)  478330K->8378K(1143808K), 0.0037928 secs]
5513.412: [GC (Allocation Failure)  463546K->8346K(1129472K), 0.0032530 secs]
5513.852: [GC (Allocation Failure)  449178K->8346K(1115648K), 0.0033095 secs]
5514.277: [GC (Allocation Failure)  435354K->8378K(1102848K), 0.0036392 secs]
5514.690: [GC (Allocation Failure)  422586K->8346K(1090560K), 0.0239455 secs]
5515.113: [GC (Allocation Failure)  410266K->8378K(1078784K), 0.0032392 secs]
5515.499: [GC (Allocation Failure)  398522K->8346K(1067520K), 0.0034342 secs]
5515.903: [GC (Allocation Failure)  387226K->8346K(1056256K), 0.0036641 secs]
5516.268: [GC (Allocation Failure)  375962K->8410K(1045504K), 0.0028754 secs]
5516.623: [GC (Allocation Failure)  365274K->8378K(1035264K), 0.0034906 secs]
5516.968: [GC (Allocation Failure)  355002K->8410K(1025536K), 0.0040027 secs]
5517.310: [GC (Allocation Failure)  345306K->8378K(1016320K), 0.0037032 secs]
5517.637: [GC (Allocation Failure)  336058K->8410K(1007616K), 0.0031026 secs]
5517.952: [GC (Allocation Failure)  327386K->8378K(998912K), 0.0031528 secs]
5518.260: [GC (Allocation Failure)  318650K->8346K(1061376K), 0.0036873 secs]
5518.629: [GC (Allocation Failure)  381082K->8410K(1050624K), 0.0028627 secs]
5518.987: [GC (Allocation Failure)  370394K->8378K(1040384K), 0.0033372 secs]
5519.337: [GC (Allocation Failure)  360122K->8378K(1030656K), 0.0032529 secs]
5519.677: [GC (Allocation Failure)  350394K->8378K(1020928K), 0.0035144 secs]
5520.008: [GC (Allocation Failure)  340666K->8346K(1011712K), 0.0037809 secs]
5520.329: [GC (Allocation Failure)  331418K->8410K(1076736K), 0.0041870 secs]
5520.717: [GC (Allocation Failure)  396506K->8378K(1154560K), 0.0033282 secs]
5521.209: [GC (Allocation Failure)  474298K->8410K(1139712K), 0.0035754 secs]
5521.657: [GC (Allocation Failure)  459482K->8346K(1125376K), 0.0034323 secs]
5522.105: [GC (Allocation Failure)  445082K->8346K(1112064K), 0.0031839 secs]
5522.527: [GC (Allocation Failure)  431770K->8346K(1099264K), 0.0034244 secs]
5522.938: [GC (Allocation Failure)  418970K->8410K(1086976K), 0.0030326 secs]
5523.336: [GC (Allocation Failure)  406746K->8378K(1075200K), 0.0033078 secs]
5523.723: [GC (Allocation Failure)  394938K->8378K(1063936K), 0.0030479 secs]
5524.098: [GC (Allocation Failure)  383674K->8410K(1053184K), 0.0032910 secs]
5524.462: [GC (Allocation Failure)  372954K->8378K(1042944K), 0.0033270 secs]
5524.816: [GC (Allocation Failure)  362682K->8346K(1032704K), 0.0038414 secs]
5525.159: [GC (Allocation Failure)  352410K->8346K(1022976K), 0.0030986 secs]
5525.493: [GC (Allocation Failure)  342682K->8378K(1013760K), 0.0031013 secs]
5525.817: [GC (Allocation Failure)  333498K->8378K(1005056K), 0.0036273 secs]
5526.168: [GC (Allocation Failure)  324794K->8378K(1068544K), 0.0043025 secs]
5526.552: [GC (Allocation Failure)  388282K->8378K(1057280K), 0.0032919 secs]
5526.920: [GC (Allocation Failure)  377018K->8378K(1046528K), 0.0035323 secs]
5527.277: [GC (Allocation Failure)  366266K->8378K(1036288K), 0.0033434 secs]
5527.632: [GC (Allocation Failure)  356026K->8410K(1026560K), 0.0032326 secs]
5527.970: [GC (Allocation Failure)  346330K->8346K(1017344K), 0.0031013 secs]
5528.298: [GC (Allocation Failure)  337050K->8378K(1008640K), 0.0032283 secs]
5528.623: [GC (Allocation Failure)  328378K->8346K(999936K), 0.0034603 secs]
5528.934: [GC (Allocation Failure)  319642K->8410K(991744K), 0.0030756 secs]
5529.238: [GC (Allocation Failure)  311514K->8378K(984064K), 0.0031382 secs]
5529.535: [GC (Allocation Failure)  303802K->8346K(1043456K), 0.0039726 secs]
5529.891: [GC (Allocation Failure)  363162K->8346K(1114624K), 0.0038539 secs]
5530.317: [GC (Allocation Failure)  434330K->8378K(1101824K), 0.0029125 secs]
5530.729: [GC (Allocation Failure)  421562K->8378K(1089536K), 0.0033840 secs]
5531.130: [GC (Allocation Failure)  409274K->8346K(1077760K), 0.0029709 secs]
5531.554: [GC (Allocation Failure)  397466K->8346K(1066496K), 0.0038482 secs]
5531.932: [GC (Allocation Failure)  386202K->8346K(1055744K), 0.0033941 secs]
5532.297: [GC (Allocation Failure)  375450K->8410K(1044992K), 0.0033956 secs]
5532.653: [GC (Allocation Failure)  364762K->8346K(1034752K), 0.0033099 secs]
5532.998: [GC (Allocation Failure)  354458K->8378K(1025024K), 0.0040409 secs]
5533.335: [GC (Allocation Failure)  344762K->8346K(1015808K), 0.0031371 secs]
5533.664: [GC (Allocation Failure)  335514K->8346K(1007104K), 0.0037318 secs]
5533.986: [GC (Allocation Failure)  326810K->8378K(998400K), 0.0029860 secs]
5534.307: [GC (Allocation Failure)  318138K->8410K(1060352K), 0.0039801 secs]
5534.683: [GC (Allocation Failure)  380122K->8410K(1135104K), 0.0043247 secs]
5535.135: [GC (Allocation Failure)  454874K->8378K(1121280K), 0.0035835 secs]
5535.570: [GC (Allocation Failure)  441018K->8378K(1107968K), 0.0037339 secs]
5535.989: [GC (Allocation Failure)  427706K->8346K(1095168K), 0.0035419 secs]
5536.396: [GC (Allocation Failure)  414874K->8346K(1082880K), 0.0047724 secs]
5536.796: [GC (Allocation Failure)  402586K->8378K(1071104K), 0.0039923 secs]
5537.179: [GC (Allocation Failure)  390842K->8378K(1059840K), 0.0036286 secs]
5537.551: [GC (Allocation Failure)  379578K->8378K(1134080K), 0.0048980 secs]
5538.005: [GC (Allocation Failure)  453818K->8346K(1223168K), 0.0042129 secs]
5538.545: [GC (Allocation Failure)  542874K->8346K(1205248K), 0.0042481 secs]
5539.069: [GC (Allocation Failure)  524954K->8346K(1188352K), 0.0044391 secs]
5539.570: [GC (Allocation Failure)  508058K->8378K(1171968K), 0.0039775 secs]
5540.055: [GC (Allocation Failure)  491706K->8378K(1156608K), 0.0040215 secs]
5540.527: [GC (Allocation Failure)  476346K->8378K(1141760K), 0.0038705 secs]
5540.982: [GC (Allocation Failure)  461498K->8378K(1127424K), 0.0034605 secs]
5541.432: [GC (Allocation Failure)  447162K->8346K(1114112K), 0.0289694 secs]
5541.888: [GC (Allocation Failure)  433818K->8314K(1101312K), 0.0032297 secs]
5542.300: [GC (Allocation Failure)  420986K->8378K(1089024K), 0.0037943 secs]
5542.700: [GC (Allocation Failure)  408762K->8378K(1077248K), 0.0036556 secs]
5543.088: [GC (Allocation Failure)  396986K->8346K(1065984K), 0.0039097 secs]
5543.465: [GC (Allocation Failure)  385690K->8378K(1055232K), 0.0036026 secs]
5543.839: [GC (Allocation Failure)  374970K->8378K(1044480K), 0.0033794 secs]
5544.194: [GC (Allocation Failure)  364218K->8378K(1034240K), 0.0035013 secs]
5544.540: [GC (Allocation Failure)  353978K->8378K(1024512K), 0.0039702 secs]
5544.875: [GC (Allocation Failure)  344250K->8346K(1092096K), 0.0044556 secs]
5545.279: [GC (Allocation Failure)  411802K->8346K(1172992K), 0.0042608 secs]
5545.769: [GC (Allocation Failure)  492698K->8378K(1157632K), 0.0033518 secs]
5546.238: [GC (Allocation Failure)  477370K->8346K(1142784K), 0.0045313 secs]
5546.693: [GC (Allocation Failure)  462490K->8346K(1128448K), 0.0043912 secs]
5547.171: [GC (Allocation Failure)  448154K->8346K(1114624K), 0.0032868 secs]
5547.600: [GC (Allocation Failure)  434330K->8410K(1101824K), 0.0039038 secs]
5548.020: [GC (Allocation Failure)  421594K->8378K(1089536K), 0.0033329 secs]
5548.422: [GC (Allocation Failure)  409274K->8378K(1077760K), 0.0035911 secs]
5548.811: [GC (Allocation Failure)  397498K->8378K(1066496K), 0.0032841 secs]
5549.191: [GC (Allocation Failure)  386234K->8346K(1055744K), 0.0031279 secs]
5549.562: [GC (Allocation Failure)  375450K->8378K(1044992K), 0.0030349 secs]
5549.926: [GC (Allocation Failure)  364730K->8346K(1034752K), 0.0035798 secs]
5550.272: [GC (Allocation Failure)  354458K->8378K(1025024K), 0.0033283 secs]
5550.608: [GC (Allocation Failure)  344762K->8378K(1015808K), 0.0030994 secs]
5550.934: [GC (Allocation Failure)  335546K->8442K(1007104K), 0.0031942 secs]
5551.253: [GC (Allocation Failure)  326906K->8378K(998400K), 0.0032500 secs]
5551.562: [GC (Allocation Failure)  318138K->8346K(990208K), 0.0032662 secs]
5551.863: [GC (Allocation Failure)  309914K->8346K(982528K), 0.0025580 secs]
5552.194: [GC (Allocation Failure)  302234K->8378K(974848K), 0.0034975 secs]
5552.480: [GC (Allocation Failure)  294586K->8346K(1032192K), 0.0037911 secs]
5552.825: [GC (Allocation Failure)  351898K->8346K(1101312K), 0.0036620 secs]
5553.237: [GC (Allocation Failure)  421018K->8378K(1089024K), 0.0031311 secs]
5553.637: [GC (Allocation Failure)  408762K->8378K(1077248K), 0.0031870 secs]
5554.038: [GC (Allocation Failure)  396986K->8346K(1065984K), 0.0032749 secs]
5554.416: [GC (Allocation Failure)  385690K->8346K(1055232K), 0.0033434 secs]
5554.784: [GC (Allocation Failure)  374938K->8378K(1044480K), 0.0029771 secs]
5555.138: [GC (Allocation Failure)  364218K->8378K(1034240K), 0.0033162 secs]
5555.483: [GC (Allocation Failure)  353978K->8378K(1024512K), 0.0038271 secs]
5555.818: [GC (Allocation Failure)  344250K->8442K(1015296K), 0.0031923 secs]
5556.144: [GC (Allocation Failure)  335098K->8378K(1006592K), 0.0038302 secs]
5556.462: [GC (Allocation Failure)  326330K->8410K(1070592K), 0.0039251 secs]
5556.844: [GC (Allocation Failure)  390362K->8346K(1059328K), 0.0034194 secs]
5557.219: [GC (Allocation Failure)  379034K->8346K(1048576K), 0.0028220 secs]
5557.586: [GC (Allocation Failure)  368282K->8346K(1038336K), 0.0028928 secs]
5557.934: [GC (Allocation Failure)  358042K->8410K(1028608K), 0.0038544 secs]
5558.272: [GC (Allocation Failure)  348378K->8346K(1019392K), 0.0041235 secs]
5558.606: [GC (Allocation Failure)  339098K->8378K(1085952K), 0.0040684 secs]
5559.003: [GC (Allocation Failure)  405690K->8410K(1074176K), 0.0032371 secs]
5559.387: [GC (Allocation Failure)  393946K->8410K(1062912K), 0.0035841 secs]
5559.768: [GC (Allocation Failure)  382682K->8378K(1052160K), 0.0035815 secs]
5560.131: [GC (Allocation Failure)  371898K->8410K(1041920K), 0.0030318 secs]
5560.482: [GC (Allocation Failure)  361690K->8346K(1032192K), 0.0039759 secs]
5560.831: [GC (Allocation Failure)  351898K->8378K(1022464K), 0.0034603 secs]
5561.169: [GC (Allocation Failure)  342202K->8346K(1089536K), 0.0097294 secs]
5561.580: [GC (Allocation Failure)  409242K->8346K(1169920K), 0.0033688 secs]
5562.060: [GC (Allocation Failure)  489626K->8378K(1266176K), 0.0036813 secs]
5562.633: [GC (Allocation Failure)  585914K->8378K(1246720K), 0.0035990 secs]
5563.188: [GC (Allocation Failure)  566458K->8314K(1227776K), 0.0034444 secs]
5563.730: [GC (Allocation Failure)  547450K->8410K(1209856K), 0.0034623 secs]
5564.256: [GC (Allocation Failure)  529626K->8346K(1192448K), 0.0036708 secs]
5564.768: [GC (Allocation Failure)  512154K->8378K(1176064K), 0.0035309 secs]
5565.256: [GC (Allocation Failure)  495802K->8346K(1160192K), 0.0034275 secs]
5565.726: [GC (Allocation Failure)  479898K->8378K(1145344K), 0.0038122 secs]
5566.180: [GC (Allocation Failure)  465082K->8410K(1131008K), 0.0042531 secs]
5566.624: [GC (Allocation Failure)  450778K->8378K(1117184K), 0.0047854 secs]
5567.055: [GC (Allocation Failure)  436922K->8378K(1103872K), 0.0035399 secs]
5567.470: [GC (Allocation Failure)  423610K->8378K(1091072K), 0.0031351 secs]
5567.870: [GC (Allocation Failure)  410810K->8410K(1079296K), 0.0037609 secs]
5568.288: [GC (Allocation Failure)  399066K->8378K(1068032K), 0.0036930 secs]
5568.667: [GC (Allocation Failure)  387770K->8346K(1056768K), 0.0038843 secs]
5569.033: [GC (Allocation Failure)  376474K->8346K(1046016K), 0.0038333 secs]
5569.392: [GC (Allocation Failure)  365722K->8378K(1117696K), 0.0054799 secs]
5569.822: [GC (Allocation Failure)  437434K->8378K(1203712K), 0.0037963 secs]
5570.344: [GC (Allocation Failure)  523450K->8378K(1186816K), 0.0039917 secs]
5570.847: [GC (Allocation Failure)  506554K->8378K(1170432K), 0.0039275 secs]
5571.341: [GC (Allocation Failure)  490170K->8346K(1267200K), 0.0072064 secs]
5571.925: [GC (Allocation Failure)  586906K->8378K(1247232K), 0.0031519 secs]
5572.481: [GC (Allocation Failure)  566970K->8346K(1228288K), 0.0036212 secs]
5573.017: [GC (Allocation Failure)  547994K->8378K(1210368K), 0.0038660 secs]
5573.564: [GC (Allocation Failure)  530106K->8410K(1192960K), 0.0044053 secs]
5574.069: [GC (Allocation Failure)  512730K->8410K(1176576K), 0.0034982 secs]
5574.555: [GC (Allocation Failure)  496346K->8410K(1160704K), 0.0027530 secs]
5575.024: [GC (Allocation Failure)  480474K->8346K(1145856K), 0.0041353 secs]
5575.485: [GC (Allocation Failure)  465562K->8346K(1131520K), 0.0035643 secs]
5575.926: [GC (Allocation Failure)  451226K->8378K(1117696K), 0.0032812 secs]
5576.352: [GC (Allocation Failure)  437434K->8378K(1104384K), 0.0030243 secs]
5576.772: [GC (Allocation Failure)  424122K->8346K(1091584K), 0.0049640 secs]
5577.176: [GC (Allocation Failure)  411290K->8378K(1079808K), 0.0035353 secs]
5577.565: [GC (Allocation Failure)  399546K->8378K(1158144K), 0.0069989 secs]
5578.037: [GC (Allocation Failure)  477882K->8346K(1143296K), 0.0034754 secs]
5578.519: [GC (Allocation Failure)  463002K->8346K(1128960K), 0.0031748 secs]
5578.960: [GC (Allocation Failure)  448666K->8346K(1115136K), 0.0038558 secs]
5579.384: [GC (Allocation Failure)  434842K->8346K(1200640K), 0.0079460 secs]
5579.909: [GC (Allocation Failure)  520346K->8378K(1303040K), 0.0039341 secs]
5580.518: [GC (Allocation Failure)  622778K->8346K(1281536K), 0.0034063 secs]
5581.106: [GC (Allocation Failure)  601242K->8410K(1261056K), 0.0044125 secs]
5581.687: [GC (Allocation Failure)  580826K->8378K(1241600K), 0.0035173 secs]
5582.237: [GC (Allocation Failure)  561338K->8346K(1223168K), 0.0041757 secs]
5582.775: [GC (Allocation Failure)  542874K->8378K(1205248K), 0.0038507 secs]
5583.291: [GC (Allocation Failure)  524986K->8378K(1188352K), 0.0034662 secs]
5583.819: [GC (Allocation Failure)  508090K->8346K(1171968K), 0.0038908 secs]
5584.300: [GC (Allocation Failure)  491674K->8378K(1156608K), 0.0035972 secs]
5584.768: [GC (Allocation Failure)  476346K->8378K(1141760K), 0.0030343 secs]
5585.229: [GC (Allocation Failure)  461498K->8346K(1127424K), 0.0042042 secs]
5585.671: [GC (Allocation Failure)  447130K->8346K(1114112K), 0.0043913 secs]
5586.101: [GC (Allocation Failure)  433818K->8410K(1101312K), 0.0041528 secs]
5586.522: [GC (Allocation Failure)  421082K->8346K(1089024K), 0.0035569 secs]
5586.924: [GC (Allocation Failure)  408730K->8314K(1077248K), 0.0037085 secs]
5587.312: [GC (Allocation Failure)  396922K->8378K(1065984K), 0.0044893 secs]
5587.692: [GC (Allocation Failure)  385722K->8410K(1055232K), 0.0033162 secs]
5588.058: [GC (Allocation Failure)  375002K->8346K(1044480K), 0.0032395 secs]
5588.416: [GC (Allocation Failure)  364186K->8378K(1034240K), 0.0036427 secs]
5588.763: [GC (Allocation Failure)  353978K->8410K(1024512K), 0.0032787 secs]
5589.098: [GC (Allocation Failure)  344282K->8378K(1015296K), 0.0039809 secs]
5589.425: [GC (Allocation Failure)  335034K->8378K(1080832K), 0.0040450 secs]
5589.834: [GC (Allocation Failure)  400570K->8378K(1159680K), 0.0042505 secs]
5590.318: [GC (Allocation Failure)  479418K->8346K(1144832K), 0.0037267 secs]
5590.780: [GC (Allocation Failure)  464538K->8378K(1130496K), 0.0047255 secs]
5591.230: [GC (Allocation Failure)  450234K->8378K(1116672K), 0.0033501 secs]
5591.659: [GC (Allocation Failure)  436410K->8378K(1103360K), 0.0033233 secs]
5592.082: [GC (Allocation Failure)  423098K->8378K(1091072K), 0.0033258 secs]
5592.483: [GC (Allocation Failure)  410810K->8378K(1079296K), 0.0036579 secs]
5592.872: [GC (Allocation Failure)  399034K->8378K(1068032K), 0.0043071 secs]
5593.255: [GC (Allocation Failure)  387770K->8410K(1056768K), 0.0045592 secs]
5593.627: [GC (Allocation Failure)  376538K->8378K(1046016K), 0.0039630 secs]
5594.014: [GC (Allocation Failure)  365754K->8378K(1035776K), 0.0039936 secs]
5594.360: [GC (Allocation Failure)  355514K->8378K(1105408K), 0.0042322 secs]
5594.780: [GC (Allocation Failure)  425146K->8410K(1188864K), 0.0040806 secs]
5595.283: [GC (Allocation Failure)  508634K->8378K(1172480K), 0.0035160 secs]
5595.766: [GC (Allocation Failure)  492218K->8410K(1157120K), 0.0035447 secs]
5596.236: [GC (Allocation Failure)  476890K->8378K(1142272K), 0.0044466 secs]
5596.692: [GC (Allocation Failure)  462010K->8378K(1127936K), 0.0038210 secs]
5597.130: [GC (Allocation Failure)  447674K->8378K(1114112K), 0.0037899 secs]
5597.555: [GC (Allocation Failure)  433850K->8346K(1101312K), 0.0032812 secs]
5597.967: [GC (Allocation Failure)  421018K->8410K(1089024K), 0.0037994 secs]
5598.368: [GC (Allocation Failure)  408794K->8346K(1077248K), 0.0046347 secs]
5598.761: [GC (Allocation Failure)  396954K->8346K(1065984K), 0.0038610 secs]
5599.160: [GC (Allocation Failure)  385690K->8346K(1055232K), 0.0028916 secs]
5599.525: [GC (Allocation Failure)  374938K->8410K(1044480K), 0.0036827 secs]
5599.881: [GC (Allocation Failure)  364250K->8346K(1034240K), 0.0036255 secs]
5600.233: [GC (Allocation Failure)  353946K->8378K(1024512K), 0.0039050 secs]
5600.567: [GC (Allocation Failure)  344250K->8410K(1015296K), 0.0034520 secs]
5600.895: [GC (Allocation Failure)  335066K->8378K(1006592K), 0.0035631 secs]
5601.219: [GC (Allocation Failure)  326330K->8378K(1070592K), 0.0036966 secs]
5601.602: [GC (Allocation Failure)  390330K->8410K(1147392K), 0.0036815 secs]
5602.061: [GC (Allocation Failure)  467162K->8410K(1133056K), 0.0032248 secs]
5602.505: [GC (Allocation Failure)  452826K->8410K(1119232K), 0.0035938 secs]
5602.935: [GC (Allocation Failure)  439002K->8378K(1105920K), 0.0026014 secs]
5603.349: [GC (Allocation Failure)  425658K->8378K(1093120K), 0.0027476 secs]
5603.751: [GC (Allocation Failure)  412858K->8378K(1080832K), 0.0031246 secs]
5604.141: [GC (Allocation Failure)  400570K->8378K(1069056K), 0.0060002 secs]
5604.525: [GC (Allocation Failure)  388794K->8378K(1057792K), 0.0037472 secs]
5604.892: [GC (Allocation Failure)  377530K->8378K(1047040K), 0.0028915 secs]
5605.256: [GC (Allocation Failure)  366778K->8378K(1036800K), 0.0032870 secs]
5605.602: [GC (Allocation Failure)  356538K->8346K(1027072K), 0.0031300 secs]
5605.941: [GC (Allocation Failure)  346778K->8346K(1017856K), 0.0036875 secs]
5606.267: [GC (Allocation Failure)  337562K->8410K(1008640K), 0.0035892 secs]
5606.586: [GC (Allocation Failure)  328410K->8314K(1072640K), 0.0040229 secs]
5606.974: [GC (Allocation Failure)  392314K->8346K(1061376K), 0.0027897 secs]
5607.344: [GC (Allocation Failure)  381082K->8410K(1136128K), 0.0044359 secs]
5607.795: [GC (Allocation Failure)  455898K->8346K(1122304K), 0.0036969 secs]
5608.229: [GC (Allocation Failure)  442010K->8378K(1108992K), 0.0038887 secs]
5608.655: [GC (Allocation Failure)  428730K->8378K(1096192K), 0.0034898 secs]
5609.060: [GC (Allocation Failure)  415930K->8378K(1083904K), 0.0041791 secs]
5609.460: [GC (Allocation Failure)  403642K->8378K(1072128K), 0.0035227 secs]
5609.842: [GC (Allocation Failure)  391866K->8346K(1060864K), 0.0040917 secs]
5610.212: [GC (Allocation Failure)  380570K->8378K(1050112K), 0.0044110 secs]
5610.577: [GC (Allocation Failure)  369850K->8410K(1039872K), 0.0036389 secs]
5610.926: [GC (Allocation Failure)  359642K->8378K(1030144K), 0.0033324 secs]
5611.264: [GC (Allocation Failure)  349882K->8346K(1020928K), 0.0034780 secs]
5611.593: [GC (Allocation Failure)  340634K->8410K(1087488K), 0.0035844 secs]
5611.992: [GC (Allocation Failure)  407258K->8378K(1075712K), 0.0031244 secs]
5612.376: [GC (Allocation Failure)  395450K->8378K(1064448K), 0.0035611 secs]
5612.750: [GC (Allocation Failure)  384186K->8378K(1053696K), 0.0040114 secs]
5613.115: [GC (Allocation Failure)  373434K->8378K(1043456K), 0.0031462 secs]
5613.467: [GC (Allocation Failure)  363194K->8378K(1033216K), 0.0030898 secs]
5613.811: [GC (Allocation Failure)  352954K->8378K(1023488K), 0.0029560 secs]
5614.144: [GC (Allocation Failure)  343226K->8410K(1014272K), 0.0027029 secs]
5614.469: [GC (Allocation Failure)  334042K->8378K(1005568K), 0.0030125 secs]
5614.821: [GC (Allocation Failure)  325306K->8378K(996864K), 0.0034246 secs]
5615.128: [GC (Allocation Failure)  316602K->8378K(988672K), 0.0040750 secs]
5615.428: [GC (Allocation Failure)  308410K->8378K(1049088K), 0.0034475 secs]
5615.788: [GC (Allocation Failure)  368826K->8378K(1121280K), 0.0038747 secs]
5616.221: [GC (Allocation Failure)  441018K->8378K(1107968K), 0.0034591 secs]
5616.644: [GC (Allocation Failure)  427706K->8346K(1095168K), 0.0042902 secs]
5617.057: [GC (Allocation Failure)  414874K->8378K(1082880K), 0.0032927 secs]
5617.454: [GC (Allocation Failure)  402618K->8410K(1071104K), 0.0028164 secs]
5617.852: [GC (Allocation Failure)  390874K->8378K(1059840K), 0.0034809 secs]
5618.241: [GC (Allocation Failure)  379578K->8410K(1134080K), 0.0090625 secs]
5618.694: [GC (Allocation Failure)  453850K->8410K(1223168K), 0.0033509 secs]
5619.237: [GC (Allocation Failure)  542938K->8410K(1205248K), 0.0037353 secs]
5619.756: [GC (Allocation Failure)  525018K->8346K(1308672K), 0.0071292 secs]
5620.380: [GC (Allocation Failure)  628378K->8378K(1287168K), 0.0036068 secs]
5620.975: [GC (Allocation Failure)  606906K->8410K(1266688K), 0.0039957 secs]
5621.556: [GC (Allocation Failure)  586458K->8346K(1246720K), 0.0032404 secs]
5622.112: [GC (Allocation Failure)  566426K->8410K(1227776K), 0.0035457 secs]
5622.665: [GC (Allocation Failure)  547546K->8346K(1209856K), 0.0039655 secs]
5623.187: [GC (Allocation Failure)  529562K->8346K(1192448K), 0.0044068 secs]
5623.694: [GC (Allocation Failure)  512154K->8346K(1176064K), 0.0040855 secs]
5624.183: [GC (Allocation Failure)  495770K->8346K(1160192K), 0.0031553 secs]
5624.656: [GC (Allocation Failure)  479898K->8378K(1145344K), 0.0030981 secs]
5625.114: [GC (Allocation Failure)  465082K->8378K(1131008K), 0.0038735 secs]
5625.577: [GC (Allocation Failure)  450746K->8378K(1117184K), 0.0046327 secs]
5626.008: [GC (Allocation Failure)  436922K->8346K(1103872K), 0.0037441 secs]
5626.423: [GC (Allocation Failure)  423578K->8346K(1091072K), 0.0041727 secs]
5626.826: [GC (Allocation Failure)  410778K->8346K(1079296K), 0.0041179 secs]
5627.219: [GC (Allocation Failure)  399002K->8378K(1068032K), 0.0039143 secs]
5627.598: [GC (Allocation Failure)  387770K->8346K(1056768K), 0.0050651 secs]
5627.973: [GC (Allocation Failure)  376474K->8346K(1130496K), 0.0040892 secs]
5628.415: [GC (Allocation Failure)  450202K->8346K(1116672K), 0.0042889 secs]
5628.849: [GC (Allocation Failure)  436378K->8410K(1103360K), 0.0044870 secs]
5629.268: [GC (Allocation Failure)  423130K->8378K(1091072K), 0.0041674 secs]
5629.674: [GC (Allocation Failure)  410810K->8378K(1171968K), 0.0096796 secs]
5630.164: [GC (Allocation Failure)  491706K->8346K(1268736K), 0.0026402 secs]
5630.752: [GC (Allocation Failure)  588442K->8346K(1248768K), 0.0028445 secs]
5631.317: [GC (Allocation Failure)  568474K->8346K(1229824K), 0.0031496 secs]
5631.864: [GC (Allocation Failure)  549530K->8378K(1211904K), 0.0044446 secs]
5632.385: [GC (Allocation Failure)  531642K->8346K(1194496K), 0.0039701 secs]
5632.889: [GC (Allocation Failure)  514202K->8378K(1178112K), 0.0043192 secs]
5633.381: [GC (Allocation Failure)  497850K->8378K(1162240K), 0.0040841 secs]
5633.852: [GC (Allocation Failure)  481978K->8410K(1147392K), 0.0041913 secs]
5634.315: [GC (Allocation Failure)  467162K->8378K(1133056K), 0.0041020 secs]
5634.764: [GC (Allocation Failure)  452794K->8346K(1119232K), 0.0041711 secs]
5635.197: [GC (Allocation Failure)  438938K->8378K(1105920K), 0.0031044 secs]
5635.629: [GC (Allocation Failure)  425658K->8378K(1093120K), 0.0039150 secs]
5636.033: [GC (Allocation Failure)  412858K->8378K(1080832K), 0.0049032 secs]
5636.430: [GC (Allocation Failure)  400570K->8378K(1069056K), 0.0038997 secs]
5636.809: [GC (Allocation Failure)  388794K->8378K(1057792K), 0.0044082 secs]
5637.187: [GC (Allocation Failure)  377530K->8410K(1132032K), 0.0053850 secs]
5637.637: [GC (Allocation Failure)  451802K->8346K(1221120K), 0.0039573 secs]
5638.170: [GC (Allocation Failure)  540826K->8346K(1203200K), 0.0044065 secs]
5638.687: [GC (Allocation Failure)  522906K->8410K(1186304K), 0.0039880 secs]
5639.189: [GC (Allocation Failure)  506074K->8346K(1169920K), 0.0039128 secs]
5639.668: [GC (Allocation Failure)  489626K->8346K(1154560K), 0.0044560 secs]
5640.140: [GC (Allocation Failure)  474266K->8410K(1139712K), 0.0037786 secs]
5640.589: [GC (Allocation Failure)  459482K->8378K(1125376K), 0.0037950 secs]
5641.024: [GC (Allocation Failure)  445114K->8378K(1112064K), 0.0033152 secs]
5641.446: [GC (Allocation Failure)  431802K->8346K(1099264K), 0.0037965 secs]
5641.855: [GC (Allocation Failure)  418970K->8410K(1086976K), 0.0054258 secs]
5642.262: [GC (Allocation Failure)  406746K->8346K(1075200K), 0.0045780 secs]
5642.650: [GC (Allocation Failure)  394906K->8378K(1152512K), 0.0050044 secs]
5643.119: [GC (Allocation Failure)  472250K->8378K(1245696K), 0.0045482 secs]
5643.674: [GC (Allocation Failure)  565434K->8378K(1226752K), 0.0031411 secs]
5644.210: [GC (Allocation Failure)  546490K->8346K(1208832K), 0.0038622 secs]
5644.730: [GC (Allocation Failure)  528538K->8378K(1191936K), 0.0039202 secs]
5645.234: [GC (Allocation Failure)  511674K->8378K(1175552K), 0.0048811 secs]
5645.722: [GC (Allocation Failure)  495290K->8346K(1159680K), 0.0028160 secs]
5646.284: [GC (Allocation Failure)  479386K->8346K(1144832K), 0.0040293 secs]
5646.746: [GC (Allocation Failure)  464538K->8410K(1130496K), 0.0036182 secs]
5647.186: [GC (Allocation Failure)  450266K->8378K(1116672K), 0.0039436 secs]
5647.616: [GC (Allocation Failure)  436410K->8378K(1103360K), 0.0039864 secs]
5648.031: [GC (Allocation Failure)  423098K->8410K(1186304K), 0.0110637 secs]
5648.549: [GC (Allocation Failure)  506074K->8346K(1286144K), 0.0039443 secs]
5649.146: [GC (Allocation Failure)  605850K->8378K(1405952K), 0.0054054 secs]
5649.873: [GC (Allocation Failure)  725690K->8346K(1379840K), 0.0041903 secs]
5650.570: [GC (Allocation Failure)  699546K->8378K(1354752K), 0.0035567 secs]
5651.232: [GC (Allocation Failure)  674490K->8346K(1331200K), 0.0037003 secs]
5651.935: [GC (Allocation Failure)  650906K->8346K(1308672K), 0.0037081 secs]
5652.551: [GC (Allocation Failure)  628378K->8378K(1287168K), 0.0040424 secs]
5653.147: [GC (Allocation Failure)  606906K->8378K(1266688K), 0.0037503 secs]
5653.801: [GC (Allocation Failure)  586426K->8410K(1246720K), 0.0045215 secs]
5654.371: [GC (Allocation Failure)  566490K->8410K(1227776K), 0.0045738 secs]
5654.913: [GC (Allocation Failure)  547546K->8378K(1209856K), 0.0046869 secs]
5655.442: [GC (Allocation Failure)  529594K->8378K(1192448K), 0.0086738 secs]
5655.960: [GC (Allocation Failure)  512186K->8346K(1176064K), 0.0041180 secs]
5656.461: [GC (Allocation Failure)  495770K->8346K(1160192K), 0.0041381 secs]
5656.938: [GC (Allocation Failure)  479898K->8346K(1145344K), 0.0047110 secs]
5657.400: [GC (Allocation Failure)  465050K->8346K(1131008K), 0.0041982 secs]
5657.842: [GC (Allocation Failure)  450714K->8346K(1117184K), 0.0037066 secs]
5658.270: [GC (Allocation Failure)  436890K->8346K(1103872K), 0.0044546 secs]
5658.688: [GC (Allocation Failure)  423578K->8346K(1091072K), 0.0037855 secs]
5659.089: [GC (Allocation Failure)  410778K->8346K(1079296K), 0.0039128 secs]
5659.477: [GC (Allocation Failure)  399002K->8378K(1068032K), 0.0037974 secs]
5659.854: [GC (Allocation Failure)  387770K->8346K(1056768K), 0.0037371 secs]
5660.220: [GC (Allocation Failure)  376474K->8346K(1046016K), 0.0042516 secs]
5660.601: [GC (Allocation Failure)  365722K->8346K(1117696K), 0.0045027 secs]
5661.034: [GC (Allocation Failure)  437402K->8346K(1203712K), 0.0043228 secs]
5661.547: [GC (Allocation Failure)  523418K->8410K(1186816K), 0.0031192 secs]
5662.121: [GC (Allocation Failure)  506586K->8378K(1170432K), 0.0036423 secs]
5662.600: [GC (Allocation Failure)  490170K->8378K(1155072K), 0.0039064 secs]
5663.065: [GC (Allocation Failure)  474810K->8378K(1248768K), 0.0078842 secs]
5663.632: [GC (Allocation Failure)  568506K->8346K(1229824K), 0.0039756 secs]
5664.179: [GC (Allocation Failure)  549530K->8346K(1211904K), 0.0033833 secs]
5664.707: [GC (Allocation Failure)  531610K->8410K(1194496K), 0.0039922 secs]
5665.219: [GC (Allocation Failure)  514266K->8378K(1178112K), 0.0038982 secs]
5665.711: [GC (Allocation Failure)  497850K->8346K(1162240K), 0.0040298 secs]
5666.182: [GC (Allocation Failure)  481946K->8346K(1147392K), 0.0043572 secs]
5666.644: [GC (Allocation Failure)  467098K->8378K(1133056K), 0.0038163 secs]
5667.112: [GC (Allocation Failure)  452794K->8378K(1119232K), 0.0038565 secs]
5667.541: [GC (Allocation Failure)  438970K->8410K(1105920K), 0.0031377 secs]
5667.955: [GC (Allocation Failure)  425690K->8346K(1093120K), 0.0042629 secs]
5668.360: [GC (Allocation Failure)  412826K->8410K(1080832K), 0.0035052 secs]
5668.753: [GC (Allocation Failure)  400602K->8378K(1069056K), 0.0044314 secs]
5669.137: [GC (Allocation Failure)  388794K->8378K(1057792K), 0.0033768 secs]
5669.510: [GC (Allocation Failure)  377530K->8410K(1047040K), 0.0033164 secs]
5669.866: [GC (Allocation Failure)  366810K->8410K(1036800K), 0.0028866 secs]
5670.215: [GC (Allocation Failure)  356570K->8378K(1027072K), 0.0036111 secs]
5670.551: [GC (Allocation Failure)  346810K->8410K(1017856K), 0.0030078 secs]
5670.884: [GC (Allocation Failure)  337626K->8346K(1008640K), 0.0041267 secs]
5671.205: [GC (Allocation Failure)  328346K->8346K(1072640K), 0.0053691 secs]
5671.591: [GC (Allocation Failure)  392346K->8410K(1149440K), 0.0031996 secs]
5672.054: [GC (Allocation Failure)  469210K->8410K(1135104K), 0.0031680 secs]
5672.500: [GC (Allocation Failure)  454874K->8346K(1121280K), 0.0030845 secs]
5672.933: [GC (Allocation Failure)  440986K->8410K(1107968K), 0.0031603 secs]
5673.352: [GC (Allocation Failure)  427738K->8346K(1095168K), 0.0031693 secs]
5673.759: [GC (Allocation Failure)  414874K->8346K(1082880K), 0.0035179 secs]
5674.154: [GC (Allocation Failure)  402586K->8346K(1071104K), 0.0035249 secs]
5674.546: [GC (Allocation Failure)  390810K->8378K(1059840K), 0.0035593 secs]
5674.917: [GC (Allocation Failure)  379578K->8346K(1049088K), 0.0039522 secs]
5675.277: [GC (Allocation Failure)  368794K->8378K(1038848K), 0.0036149 secs]
5675.632: [GC (Allocation Failure)  358586K->8346K(1029120K), 0.0033648 secs]
5675.980: [GC (Allocation Failure)  348826K->8378K(1019904K), 0.0039084 secs]
5676.315: [GC (Allocation Failure)  339642K->8378K(1010688K), 0.0035294 secs]
5676.636: [GC (Allocation Failure)  330426K->8378K(1001984K), 0.0035266 secs]
5676.949: [GC (Allocation Failure)  321722K->8410K(993792K), 0.0030025 secs]
5677.253: [GC (Allocation Failure)  313562K->8378K(1055232K), 0.0037521 secs]
5677.643: [GC (Allocation Failure)  374970K->8378K(1128960K), 0.0040803 secs]
5678.083: [GC (Allocation Failure)  448698K->8378K(1115136K), 0.0031940 secs]
5678.510: [GC (Allocation Failure)  434874K->8346K(1102336K), 0.0028623 secs]
5678.924: [GC (Allocation Failure)  422042K->8346K(1090048K), 0.0027092 secs]
5679.324: [GC (Allocation Failure)  409754K->8410K(1078272K), 0.0028925 secs]
5679.712: [GC (Allocation Failure)  398042K->8410K(1156608K), 0.0088946 secs]
5680.195: [GC (Allocation Failure)  476378K->8346K(1250304K), 0.0033908 secs]
5680.773: [GC (Allocation Failure)  570010K->8410K(1231360K), 0.0030066 secs]
5681.342: [GC (Allocation Failure)  551130K->8378K(1213440K), 0.0035275 secs]
5681.868: [GC (Allocation Failure)  533178K->8410K(1196032K), 0.0028121 secs]
5682.376: [GC (Allocation Failure)  515802K->8378K(1179648K), 0.0028422 secs]
5682.963: [GC (Allocation Failure)  499386K->8378K(1163776K), 0.0031098 secs]
5683.440: [GC (Allocation Failure)  483514K->8346K(1148416K), 0.0031711 secs]
5683.903: [GC (Allocation Failure)  468122K->8346K(1134080K), 0.0029361 secs]
5684.352: [GC (Allocation Failure)  453786K->8378K(1120256K), 0.0032565 secs]
5684.781: [GC (Allocation Failure)  439994K->8410K(1106944K), 0.0029150 secs]
5685.198: [GC (Allocation Failure)  426714K->8378K(1094144K), 0.0046026 secs]
5685.613: [GC (Allocation Failure)  413882K->8378K(1081856K), 0.0037735 secs]
5686.013: [GC (Allocation Failure)  401594K->8346K(1070080K), 0.0037198 secs]
5686.394: [GC (Allocation Failure)  389786K->8410K(1058816K), 0.0034840 secs]
5686.763: [GC (Allocation Failure)  378586K->8346K(1048064K), 0.0039131 secs]
5687.123: [GC (Allocation Failure)  367770K->8378K(1037824K), 0.0038406 secs]
5687.473: [GC (Allocation Failure)  357562K->8378K(1028096K), 0.0029794 secs]
5687.811: [GC (Allocation Failure)  347834K->8410K(1018880K), 0.0030643 secs]
5688.141: [GC (Allocation Failure)  338650K->8378K(1009664K), 0.0030375 secs]
5688.463: [GC (Allocation Failure)  329402K->8378K(1000960K), 0.0037928 secs]
5688.774: [GC (Allocation Failure)  320698K->8378K(992768K), 0.0035083 secs]
5689.084: [GC (Allocation Failure)  312506K->8346K(1053696K), 0.0034557 secs]
5689.449: [GC (Allocation Failure)  373402K->8378K(1126912K), 0.0038349 secs]
5689.891: [GC (Allocation Failure)  446650K->8378K(1113600K), 0.0035603 secs]
5690.329: [GC (Allocation Failure)  433338K->8378K(1100800K), 0.0042635 secs]
5690.740: [GC (Allocation Failure)  420538K->8378K(1088512K), 0.0031455 secs]
5691.143: [GC (Allocation Failure)  408250K->8346K(1076736K), 0.0038031 secs]
5691.536: [GC (Allocation Failure)  396442K->8378K(1065472K), 0.0039611 secs]
5691.915: [GC (Allocation Failure)  385210K->8346K(1054720K), 0.0037590 secs]
5692.282: [GC (Allocation Failure)  374426K->8378K(1044480K), 0.0042756 secs]
5692.640: [GC (Allocation Failure)  364218K->8346K(1034240K), 0.0034956 secs]
5692.986: [GC (Allocation Failure)  353946K->8346K(1024512K), 0.0038390 secs]
5693.322: [GC (Allocation Failure)  344218K->8346K(1015296K), 0.0034723 secs]
5693.649: [GC (Allocation Failure)  335002K->8410K(1006592K), 0.0033793 secs]
5693.967: [GC (Allocation Failure)  326362K->8346K(1070592K), 0.0037593 secs]
5694.350: [GC (Allocation Failure)  390298K->8410K(1059328K), 0.0033064 secs]
5694.720: [GC (Allocation Failure)  379098K->8346K(1048576K), 0.0033662 secs]
5695.079: [GC (Allocation Failure)  368282K->8378K(1038336K), 0.0039844 secs]
5695.429: [GC (Allocation Failure)  358074K->8346K(1108480K), 0.0042437 secs]
5695.849: [GC (Allocation Failure)  428186K->8378K(1095680K), 0.0035724 secs]
5696.256: [GC (Allocation Failure)  415418K->8346K(1083392K), 0.0039994 secs]
5696.651: [GC (Allocation Failure)  403098K->8378K(1071616K), 0.0034430 secs]
5697.034: [GC (Allocation Failure)  391354K->8410K(1060352K), 0.0038902 secs]
5697.406: [GC (Allocation Failure)  380122K->8378K(1049600K), 0.0037418 secs]
5697.771: [GC (Allocation Failure)  369338K->8346K(1039360K), 0.0034404 secs]
5698.145: [GC (Allocation Failure)  359066K->8378K(1029632K), 0.0035270 secs]
5698.485: [GC (Allocation Failure)  349370K->8378K(1020416K), 0.0038052 secs]
5698.817: [GC (Allocation Failure)  340154K->8378K(1086976K), 0.0042066 secs]
5699.219: [GC (Allocation Failure)  406714K->8378K(1166848K), 0.0039628 secs]
5699.697: [GC (Allocation Failure)  486586K->8346K(1151488K), 0.0041104 secs]
5700.165: [GC (Allocation Failure)  471194K->8346K(1136640K), 0.0047665 secs]
5700.624: [GC (Allocation Failure)  456346K->8410K(1122816K), 0.0033058 secs]
5701.058: [GC (Allocation Failure)  442586K->8378K(1109504K), 0.0040949 secs]
5701.480: [GC (Allocation Failure)  429242K->8378K(1096704K), 0.0039071 secs]
5701.889: [GC (Allocation Failure)  416442K->8346K(1084416K), 0.0039117 secs]
5702.285: [GC (Allocation Failure)  404122K->8378K(1072640K), 0.0033516 secs]
5702.671: [GC (Allocation Failure)  392378K->8346K(1061376K), 0.0041110 secs]
5703.048: [GC (Allocation Failure)  381082K->8410K(1050624K), 0.0038843 secs]
5703.449: [GC (Allocation Failure)  370394K->8346K(1040384K), 0.0035341 secs]
5703.801: [GC (Allocation Failure)  360090K->8346K(1030656K), 0.0045039 secs]
5704.147: [GC (Allocation Failure)  350362K->8346K(1099264K), 0.0039498 secs]
5704.558: [GC (Allocation Failure)  418970K->8410K(1086976K), 0.0033106 secs]
5704.956: [GC (Allocation Failure)  406746K->8346K(1075200K), 0.0037247 secs]
5705.343: [GC (Allocation Failure)  394906K->8346K(1063936K), 0.0038513 secs]
5705.719: [GC (Allocation Failure)  383642K->8378K(1053184K), 0.0037393 secs]
5706.089: [GC (Allocation Failure)  372922K->8346K(1042944K), 0.0036436 secs]
5706.444: [GC (Allocation Failure)  362650K->8346K(1114112K), 0.0042472 secs]
5706.870: [GC (Allocation Failure)  433818K->8410K(1101312K), 0.0033124 secs]
5707.283: [GC (Allocation Failure)  421082K->8378K(1089024K), 0.0049983 secs]
5707.685: [GC (Allocation Failure)  408762K->8378K(1077248K), 0.0040246 secs]
5708.075: [GC (Allocation Failure)  396986K->8346K(1065984K), 0.0040909 secs]
5708.481: [GC (Allocation Failure)  385690K->8378K(1141760K), 0.0047540 secs]
5708.930: [GC (Allocation Failure)  461498K->8378K(1127424K), 0.0040323 secs]
5709.366: [GC (Allocation Failure)  447162K->8378K(1114112K), 0.0039848 secs]
5709.793: [GC (Allocation Failure)  433850K->8378K(1199616K), 0.0064752 secs]
5710.303: [GC (Allocation Failure)  519354K->8346K(1302016K), 0.0046694 secs]
5710.914: [GC (Allocation Failure)  621722K->8378K(1280512K), 0.0035199 secs]
5711.501: [GC (Allocation Failure)  600250K->8378K(1260032K), 0.0041783 secs]
5712.072: [GC (Allocation Failure)  579770K->8378K(1240576K), 0.0035117 secs]
5712.618: [GC (Allocation Failure)  560314K->8346K(1222144K), 0.0055719 secs]
5713.154: [GC (Allocation Failure)  541850K->8346K(1204224K), 0.0043675 secs]
5713.692: [GC (Allocation Failure)  523930K->8378K(1187328K), 0.0039295 secs]
5714.195: [GC (Allocation Failure)  507066K->8378K(1170944K), 0.0054188 secs]
5714.695: [GC (Allocation Failure)  490682K->8346K(1155584K), 0.0045167 secs]
5715.166: [GC (Allocation Failure)  475290K->8378K(1140736K), 0.0181000 secs]
5715.636: [GC (Allocation Failure)  460474K->8346K(1126400K), 0.0036333 secs]
5716.078: [GC (Allocation Failure)  446106K->8378K(1213952K), 0.0071276 secs]
5716.628: [GC (Allocation Failure)  533690K->8346K(1196544K), 0.0043747 secs]
5717.156: [GC (Allocation Failure)  516250K->8410K(1180160K), 0.0039318 secs]
5717.650: [GC (Allocation Failure)  499930K->8378K(1164288K), 0.0032460 secs]
5718.123: [GC (Allocation Failure)  484026K->8346K(1148928K), 0.0042250 secs]
5718.587: [GC (Allocation Failure)  468634K->8378K(1134592K), 0.0041478 secs]
5719.030: [GC (Allocation Failure)  454330K->8378K(1120768K), 0.0037778 secs]
5719.459: [GC (Allocation Failure)  440506K->8410K(1107456K), 0.0045522 secs]
5719.880: [GC (Allocation Failure)  427226K->8378K(1094656K), 0.0037288 secs]
5720.283: [GC (Allocation Failure)  414394K->8378K(1082368K), 0.0036447 secs]
5720.678: [GC (Allocation Failure)  402106K->8378K(1070592K), 0.0035335 secs]
5721.066: [GC (Allocation Failure)  390330K->8346K(1059328K), 0.0031812 secs]
5721.445: [GC (Allocation Failure)  379034K->8346K(1048576K), 0.0035270 secs]
5721.805: [GC (Allocation Failure)  368282K->8346K(1038336K), 0.0038689 secs]
5722.153: [GC (Allocation Failure)  358042K->8378K(1028608K), 0.0034192 secs]
5722.490: [GC (Allocation Failure)  348346K->8378K(1019392K), 0.0041254 secs]
5722.819: [GC (Allocation Failure)  339130K->8378K(1010176K), 0.0029578 secs]
5723.137: [GC (Allocation Failure)  329914K->8346K(1001472K), 0.0029838 secs]
5723.447: [GC (Allocation Failure)  321178K->8410K(1064448K), 0.0048468 secs]
5723.821: [GC (Allocation Failure)  384218K->8346K(1139712K), 0.0032299 secs]
5724.295: [GC (Allocation Failure)  459418K->8378K(1125376K), 0.0033500 secs]
5724.729: [GC (Allocation Failure)  445114K->8346K(1112064K), 0.0033270 secs]
5725.160: [GC (Allocation Failure)  431770K->8346K(1099264K), 0.0033739 secs]
5725.571: [GC (Allocation Failure)  418970K->8346K(1086976K), 0.0034794 secs]
5725.966: [GC (Allocation Failure)  406682K->8378K(1075200K), 0.0052365 secs]
5726.355: [GC (Allocation Failure)  394938K->8410K(1063936K), 0.0035482 secs]
5726.734: [GC (Allocation Failure)  383706K->8378K(1053184K), 0.0040861 secs]
5727.097: [GC (Allocation Failure)  372922K->8410K(1042944K), 0.0041806 secs]
5727.456: [GC (Allocation Failure)  362714K->8378K(1114112K), 0.0046839 secs]
5727.880: [GC (Allocation Failure)  433850K->8346K(1199616K), 0.0040306 secs]
5728.400: [GC (Allocation Failure)  519322K->8346K(1182720K), 0.0041196 secs]
5728.900: [GC (Allocation Failure)  502426K->8378K(1166848K), 0.0031639 secs]
5729.461: [GC (Allocation Failure)  486586K->8346K(1151488K), 0.0039633 secs]
5729.922: [GC (Allocation Failure)  471194K->8378K(1136640K), 0.0037714 secs]
5730.367: [GC (Allocation Failure)  456378K->8378K(1122816K), 0.0037280 secs]
5730.799: [GC (Allocation Failure)  442554K->8378K(1109504K), 0.0033258 secs]
5731.216: [GC (Allocation Failure)  429242K->8410K(1096704K), 0.0032203 secs]
5731.621: [GC (Allocation Failure)  416474K->8410K(1084416K), 0.0029502 secs]
5732.013: [GC (Allocation Failure)  404186K->8378K(1072640K), 0.0053730 secs]
5732.396: [GC (Allocation Failure)  392378K->8410K(1061376K), 0.0037466 secs]
5732.766: [GC (Allocation Failure)  381146K->8410K(1050624K), 0.0029214 secs]
5733.123: [GC (Allocation Failure)  370394K->8442K(1040384K), 0.0028230 secs]
5733.471: [GC (Allocation Failure)  360186K->8378K(1030656K), 0.0036681 secs]
5733.810: [GC (Allocation Failure)  350394K->8378K(1020928K), 0.0035407 secs]
5734.139: [GC (Allocation Failure)  340666K->8378K(1011712K), 0.0039645 secs]
5734.489: [GC (Allocation Failure)  331450K->8378K(1003008K), 0.0034309 secs]
5734.801: [GC (Allocation Failure)  322746K->8378K(1065984K), 0.0034471 secs]
5735.176: [GC (Allocation Failure)  385722K->8378K(1055232K), 0.0030419 secs]
5735.539: [GC (Allocation Failure)  374970K->8346K(1044480K), 0.0029553 secs]
5735.891: [GC (Allocation Failure)  364186K->8378K(1034240K), 0.0034333 secs]
5736.234: [GC (Allocation Failure)  353978K->8346K(1024512K), 0.0031615 secs]
5736.567: [GC (Allocation Failure)  344218K->8346K(1015296K), 0.0033465 secs]
5736.891: [GC (Allocation Failure)  335002K->8378K(1006592K), 0.0032369 secs]
5737.206: [GC (Allocation Failure)  326330K->8410K(997888K), 0.0032541 secs]
5737.513: [GC (Allocation Failure)  317658K->8378K(989696K), 0.0035458 secs]
5737.812: [GC (Allocation Failure)  309434K->8378K(1050112K), 0.0032276 secs]
5738.177: [GC (Allocation Failure)  369850K->8378K(1039872K), 0.0034152 secs]
5738.525: [GC (Allocation Failure)  359610K->8378K(1030144K), 0.0027755 secs]
5738.864: [GC (Allocation Failure)  349882K->8346K(1020928K), 0.0030573 secs]
5739.194: [GC (Allocation Failure)  340634K->8378K(1011712K), 0.0037082 secs]
5739.515: [GC (Allocation Failure)  331450K->8378K(1003008K), 0.0031207 secs]
5739.828: [GC (Allocation Failure)  322746K->8346K(994816K), 0.0035487 secs]
5740.131: [GC (Allocation Failure)  314522K->8378K(1056256K), 0.0033774 secs]
5740.496: [GC (Allocation Failure)  375994K->8378K(1045504K), 0.0033339 secs]
5740.849: [GC (Allocation Failure)  365242K->8346K(1035264K), 0.0032828 secs]
5741.195: [GC (Allocation Failure)  354970K->8378K(1025536K), 0.0039038 secs]
5741.531: [GC (Allocation Failure)  345274K->8410K(1093120K), 0.0036407 secs]
5741.935: [GC (Allocation Failure)  412890K->8346K(1174016K), 0.0041817 secs]
5742.421: [GC (Allocation Failure)  493722K->8346K(1158656K), 0.0033647 secs]
5742.890: [GC (Allocation Failure)  478362K->8346K(1143808K), 0.0031288 secs]
5743.345: [GC (Allocation Failure)  463514K->8410K(1129472K), 0.0041766 secs]
5743.785: [GC (Allocation Failure)  449242K->8346K(1115648K), 0.0038836 secs]
5744.212: [GC (Allocation Failure)  435354K->8346K(1102848K), 0.0036948 secs]
5744.659: [GC (Allocation Failure)  422554K->8378K(1090560K), 0.0040413 secs]
5745.060: [GC (Allocation Failure)  410298K->8410K(1078784K), 0.0034613 secs]
5745.449: [GC (Allocation Failure)  398554K->8378K(1067520K), 0.0042591 secs]
5745.834: [GC (Allocation Failure)  387258K->8378K(1056256K), 0.0038500 secs]
5746.200: [GC (Allocation Failure)  375994K->8410K(1045504K), 0.0032962 secs]
5746.556: [GC (Allocation Failure)  365274K->8378K(1035264K), 0.0037029 secs]
5746.905: [GC (Allocation Failure)  355002K->8346K(1025536K), 0.0034171 secs]
5747.248: [GC (Allocation Failure)  345242K->8410K(1016320K), 0.0036040 secs]
5747.581: [GC (Allocation Failure)  336090K->8410K(1007616K), 0.0036203 secs]
5747.905: [GC (Allocation Failure)  327386K->8378K(998912K), 0.0031485 secs]
5748.215: [GC (Allocation Failure)  318650K->8314K(1061376K), 0.0037076 secs]
5748.587: [GC (Allocation Failure)  381050K->8346K(1136128K), 0.0042808 secs]
5749.041: [GC (Allocation Failure)  455834K->8346K(1122304K), 0.0037183 secs]
5749.475: [GC (Allocation Failure)  442010K->8346K(1108992K), 0.0166635 secs]
5749.912: [GC (Allocation Failure)  428698K->8346K(1096192K), 0.0031374 secs]
5750.319: [GC (Allocation Failure)  415898K->8378K(1083904K), 0.0029302 secs]
5750.714: [GC (Allocation Failure)  403642K->8378K(1072128K), 0.0040763 secs]
5751.098: [GC (Allocation Failure)  391866K->8378K(1060864K), 0.0030553 secs]
5751.469: [GC (Allocation Failure)  380602K->8378K(1050112K), 0.0032025 secs]
5751.830: [GC (Allocation Failure)  369850K->8378K(1039872K), 0.0039146 secs]
5752.182: [GC (Allocation Failure)  359610K->8378K(1030144K), 0.0028904 secs]
5752.522: [GC (Allocation Failure)  349882K->8410K(1020928K), 0.0037744 secs]
5752.854: [GC (Allocation Failure)  340698K->8410K(1011712K), 0.0033988 secs]
5753.176: [GC (Allocation Failure)  331482K->8378K(1003008K), 0.0034720 secs]
5753.490: [GC (Allocation Failure)  322746K->8378K(994816K), 0.0034203 secs]
5753.797: [GC (Allocation Failure)  314554K->8410K(986624K), 0.0031991 secs]
5754.094: [GC (Allocation Failure)  306394K->8378K(978944K), 0.0030930 secs]
5754.390: [GC (Allocation Failure)  298682K->8378K(971264K), 0.0030330 secs]
5754.673: [GC (Allocation Failure)  291002K->8410K(1028096K), 0.0034847 secs]
5755.013: [GC (Allocation Failure)  347866K->8378K(1096192K), 0.0037531 secs]
5755.421: [GC (Allocation Failure)  415930K->8410K(1083904K), 0.0034198 secs]
5755.817: [GC (Allocation Failure)  403674K->8378K(1072128K), 0.0036475 secs]
5756.208: [GC (Allocation Failure)  391866K->8346K(1060864K), 0.0026424 secs]
5756.579: [GC (Allocation Failure)  380570K->8378K(1050112K), 0.0032256 secs]
5756.940: [GC (Allocation Failure)  369850K->8346K(1039872K), 0.0025020 secs]
5757.290: [GC (Allocation Failure)  359578K->8378K(1030144K), 0.0030357 secs]
5757.633: [GC (Allocation Failure)  349882K->8410K(1020928K), 0.0027302 secs]
5757.965: [GC (Allocation Failure)  340698K->8346K(1011712K), 0.0037824 secs]
5758.288: [GC (Allocation Failure)  331418K->8410K(1003008K), 0.0033318 secs]
5758.601: [GC (Allocation Failure)  322778K->8378K(994816K), 0.0028035 secs]
5758.906: [GC (Allocation Failure)  314554K->8346K(1056256K), 0.0099258 secs]
5759.282: [GC (Allocation Failure)  375962K->8410K(1129984K), 0.0030961 secs]
5759.725: [GC (Allocation Failure)  449754K->8346K(1218560K), 0.0044400 secs]
5760.282: [GC (Allocation Failure)  538266K->8378K(1324544K), 0.0042376 secs]
5760.927: [GC (Allocation Failure)  644282K->8378K(1302016K), 0.0033650 secs]
5761.569: [GC (Allocation Failure)  621754K->8378K(1280512K), 0.0041741 secs]
5762.177: [GC (Allocation Failure)  600250K->8378K(1260032K), 0.0034898 secs]
5762.745: [GC (Allocation Failure)  579770K->8378K(1240576K), 0.0035768 secs]
5763.297: [GC (Allocation Failure)  560314K->8410K(1222144K), 0.0032031 secs]
5763.831: [GC (Allocation Failure)  541914K->8378K(1204224K), 0.0026280 secs]
5764.347: [GC (Allocation Failure)  523962K->8378K(1187328K), 0.0034370 secs]
5764.852: [GC (Allocation Failure)  507066K->8378K(1170944K), 0.0032957 secs]
5765.365: [GC (Allocation Failure)  490682K->8346K(1155584K), 0.0035645 secs]
5765.833: [GC (Allocation Failure)  475290K->8378K(1140736K), 0.0036226 secs]
5766.284: [GC (Allocation Failure)  460474K->8378K(1126400K), 0.0027988 secs]
5766.722: [GC (Allocation Failure)  446138K->8410K(1113088K), 0.0029038 secs]
5767.145: [GC (Allocation Failure)  432858K->8346K(1100288K), 0.0032129 secs]
5767.556: [GC (Allocation Failure)  419994K->8378K(1088000K), 0.0039943 secs]
5767.959: [GC (Allocation Failure)  407738K->8410K(1076224K), 0.0028653 secs]
5768.349: [GC (Allocation Failure)  395994K->8378K(1064960K), 0.0029971 secs]
5768.725: [GC (Allocation Failure)  384698K->8346K(1054208K), 0.0035721 secs]
5769.090: [GC (Allocation Failure)  373914K->8378K(1043968K), 0.0033269 secs]
5769.445: [GC (Allocation Failure)  363706K->8378K(1033728K), 0.0027869 secs]
5769.789: [GC (Allocation Failure)  353466K->8410K(1024000K), 0.0035803 secs]
5770.129: [GC (Allocation Failure)  343770K->8410K(1014784K), 0.0027588 secs]
5770.471: [GC (Allocation Failure)  334554K->8410K(1006080K), 0.0034198 secs]
5770.787: [GC (Allocation Failure)  325850K->8346K(997376K), 0.0037980 secs]
5771.095: [GC (Allocation Failure)  317082K->8378K(989184K), 0.0032630 secs]
5771.394: [GC (Allocation Failure)  308922K->8346K(981504K), 0.0032283 secs]
5771.687: [GC (Allocation Failure)  301210K->8346K(973824K), 0.0026129 secs]
5771.971: [GC (Allocation Failure)  293530K->8410K(966656K), 0.0031680 secs]
5772.249: [GC (Allocation Failure)  286426K->8346K(1022464K), 0.0033191 secs]
5772.584: [GC (Allocation Failure)  342170K->8378K(1013248K), 0.0029701 secs]
5772.908: [GC (Allocation Failure)  332986K->8378K(1078272K), 0.0034568 secs]
5773.297: [GC (Allocation Failure)  398010K->8378K(1067008K), 0.0030585 secs]
5773.675: [GC (Allocation Failure)  386746K->8378K(1056256K), 0.0044929 secs]
5774.049: [GC (Allocation Failure)  375994K->8378K(1045504K), 0.0032295 secs]
5774.406: [GC (Allocation Failure)  365242K->8410K(1035264K), 0.0031408 secs]
5774.757: [GC (Allocation Failure)  355034K->8378K(1025536K), 0.0035586 secs]
5775.098: [GC (Allocation Failure)  345274K->8346K(1016320K), 0.0030929 secs]
5775.431: [GC (Allocation Failure)  336026K->8378K(1007616K), 0.0038642 secs]
5775.762: [GC (Allocation Failure)  327354K->8410K(998912K), 0.0030910 secs]
5776.079: [GC (Allocation Failure)  318682K->8346K(990720K), 0.0033950 secs]
5776.388: [GC (Allocation Failure)  310426K->8410K(983040K), 0.0029815 secs]
5776.683: [GC (Allocation Failure)  302810K->8346K(975360K), 0.0027852 secs]
5776.978: [GC (Allocation Failure)  295066K->8410K(1032704K), 0.0039900 secs]
5777.326: [GC (Allocation Failure)  352474K->8346K(1101824K), 0.0038376 secs]
5777.737: [GC (Allocation Failure)  421530K->8378K(1089536K), 0.0028999 secs]
5778.136: [GC (Allocation Failure)  409274K->8410K(1077760K), 0.0029239 secs]
5778.523: [GC (Allocation Failure)  397530K->8378K(1066496K), 0.0034916 secs]
5778.899: [GC (Allocation Failure)  386234K->8346K(1055744K), 0.0030317 secs]
5779.263: [GC (Allocation Failure)  375450K->8378K(1044992K), 0.0039268 secs]
5779.617: [GC (Allocation Failure)  364730K->8378K(1034752K), 0.0036533 secs]
5779.960: [GC (Allocation Failure)  354490K->8378K(1025024K), 0.0029042 secs]
5780.296: [GC (Allocation Failure)  344762K->8346K(1015808K), 0.0040459 secs]
5780.627: [GC (Allocation Failure)  335514K->8346K(1081344K), 0.0036906 secs]
5781.034: [GC (Allocation Failure)  401050K->8346K(1069568K), 0.0035531 secs]
5781.415: [GC (Allocation Failure)  389274K->8378K(1058304K), 0.0040436 secs]
5781.784: [GC (Allocation Failure)  378042K->8314K(1132544K), 0.0046353 secs]
5782.230: [GC (Allocation Failure)  452218K->8378K(1118720K), 0.0030080 secs]
5782.660: [GC (Allocation Failure)  438458K->8410K(1105408K), 0.0033203 secs]
5783.074: [GC (Allocation Failure)  425178K->8346K(1092608K), 0.0032129 secs]
5783.476: [GC (Allocation Failure)  412314K->8410K(1080320K), 0.0033994 secs]
5783.865: [GC (Allocation Failure)  400090K->8378K(1068544K), 0.0034338 secs]
5784.241: [GC (Allocation Failure)  388282K->8346K(1057280K), 0.0029160 secs]
5784.608: [GC (Allocation Failure)  376986K->8378K(1046528K), 0.0028379 secs]
5784.963: [GC (Allocation Failure)  366266K->8410K(1036288K), 0.0032634 secs]
5785.308: [GC (Allocation Failure)  356058K->8378K(1026560K), 0.0033269 secs]
5785.644: [GC (Allocation Failure)  346298K->8410K(1017344K), 0.0030829 secs]
5786.001: [GC (Allocation Failure)  337114K->8346K(1008640K), 0.0031146 secs]
5786.318: [GC (Allocation Failure)  328346K->8410K(999936K), 0.0033654 secs]
5786.628: [GC (Allocation Failure)  319706K->8378K(991744K), 0.0036533 secs]
5786.935: [GC (Allocation Failure)  311482K->8378K(984064K), 0.0027067 secs]
5787.233: [GC (Allocation Failure)  303802K->8346K(976384K), 0.0030519 secs]
5787.518: [GC (Allocation Failure)  296090K->8410K(969216K), 0.0026065 secs]
5787.797: [GC (Allocation Failure)  288986K->8346K(962048K), 0.0033155 secs]
5788.068: [GC (Allocation Failure)  281754K->8346K(1016832K), 0.0030331 secs]
5788.394: [GC (Allocation Failure)  336538K->8378K(1008128K), 0.0030521 secs]
5788.710: [GC (Allocation Failure)  327866K->8346K(999424K), 0.0033180 secs]
5789.020: [GC (Allocation Failure)  319130K->8346K(991232K), 0.0031939 secs]
5789.322: [GC (Allocation Failure)  310938K->8346K(1052160K), 0.0047744 secs]
5789.690: [GC (Allocation Failure)  371866K->8378K(1124864K), 0.0040117 secs]
5790.125: [GC (Allocation Failure)  444602K->8346K(1212416K), 0.0042008 secs]
5790.650: [GC (Allocation Failure)  532122K->8410K(1195008K), 0.0034815 secs]
5791.187: [GC (Allocation Failure)  514778K->8346K(1178624K), 0.0030498 secs]
5791.674: [GC (Allocation Failure)  498330K->8378K(1162752K), 0.0036822 secs]
5792.147: [GC (Allocation Failure)  482490K->8378K(1147904K), 0.0035412 secs]
5792.609: [GC (Allocation Failure)  467642K->8410K(1133568K), 0.0033667 secs]
5793.054: [GC (Allocation Failure)  453338K->8410K(1119744K), 0.0025739 secs]
5793.482: [GC (Allocation Failure)  439514K->8410K(1106432K), 0.0039259 secs]
5793.901: [GC (Allocation Failure)  426202K->8410K(1093632K), 0.0041654 secs]
5794.307: [GC (Allocation Failure)  413402K->8410K(1081344K), 0.0035495 secs]
5794.701: [GC (Allocation Failure)  401114K->8378K(1069568K), 0.0029745 secs]
5795.081: [GC (Allocation Failure)  389306K->8378K(1058304K), 0.0030841 secs]
5795.450: [GC (Allocation Failure)  378042K->8378K(1047552K), 0.0034894 secs]
5795.809: [GC (Allocation Failure)  367290K->8346K(1037312K), 0.0036115 secs]
5796.158: [GC (Allocation Failure)  357018K->8410K(1027584K), 0.0032243 secs]
5796.496: [GC (Allocation Failure)  347354K->8346K(1018368K), 0.0041165 secs]
5796.830: [GC (Allocation Failure)  338074K->8378K(1009152K), 0.0033031 secs]
5797.149: [GC (Allocation Failure)  328890K->8410K(1000448K), 0.0033558 secs]
5797.460: [GC (Allocation Failure)  320218K->8346K(992256K), 0.0031615 secs]
5797.764: [GC (Allocation Failure)  311962K->8410K(984064K), 0.0032408 secs]
5798.058: [GC (Allocation Failure)  303834K->8378K(1043456K), 0.0032121 secs]
5798.422: [GC (Allocation Failure)  363194K->8378K(1114624K), 0.0038133 secs]
5798.851: [GC (Allocation Failure)  434362K->8442K(1200128K), 0.0042638 secs]
5799.363: [GC (Allocation Failure)  519930K->8410K(1183232K), 0.0025561 secs]
5799.858: [GC (Allocation Failure)  503002K->8346K(1167360K), 0.0036175 secs]
5800.335: [GC (Allocation Failure)  487066K->8378K(1152000K), 0.0028782 secs]
5800.806: [GC (Allocation Failure)  471738K->8442K(1137152K), 0.0043036 secs]
5801.258: [GC (Allocation Failure)  456954K->8378K(1123328K), 0.0030838 secs]
5801.690: [GC (Allocation Failure)  443066K->8346K(1110016K), 0.0053110 secs]
5802.113: [GC (Allocation Failure)  429722K->8410K(1097216K), 0.0043682 secs]
5802.528: [GC (Allocation Failure)  416986K->8378K(1084928K), 0.0041733 secs]
5802.923: [GC (Allocation Failure)  404666K->8378K(1073152K), 0.0032548 secs]
5803.306: [GC (Allocation Failure)  392890K->8346K(1061888K), 0.0032390 secs]
5803.679: [GC (Allocation Failure)  381594K->8378K(1051136K), 0.0039460 secs]
5804.041: [GC (Allocation Failure)  370874K->8410K(1040896K), 0.0035294 secs]
5804.397: [GC (Allocation Failure)  360666K->8346K(1031168K), 0.0037283 secs]
5804.748: [GC (Allocation Failure)  350874K->8378K(1021440K), 0.0037202 secs]
5805.079: [GC (Allocation Failure)  341178K->8346K(1088000K), 0.0039230 secs]
5805.476: [GC (Allocation Failure)  407706K->8346K(1076224K), 0.0032527 secs]
5805.862: [GC (Allocation Failure)  395930K->8346K(1064960K), 0.0033919 secs]
5806.236: [GC (Allocation Failure)  384666K->8378K(1054208K), 0.0028133 secs]
5806.602: [GC (Allocation Failure)  373946K->8346K(1043968K), 0.0039445 secs]
5807.001: [GC (Allocation Failure)  363674K->8378K(1033728K), 0.0032127 secs]
5807.356: [GC (Allocation Failure)  353466K->8410K(1024000K), 0.0029687 secs]
5807.693: [GC (Allocation Failure)  343770K->8378K(1014784K), 0.0032928 secs]
5808.018: [GC (Allocation Failure)  334522K->8378K(1006080K), 0.0033418 secs]
5808.337: [GC (Allocation Failure)  325818K->8442K(997376K), 0.0031159 secs]
5808.645: [GC (Allocation Failure)  317178K->8378K(989184K), 0.0034834 secs]
5808.945: [GC (Allocation Failure)  308922K->8346K(1049600K), 0.0035599 secs]
5809.306: [GC (Allocation Failure)  369306K->8378K(1039360K), 0.0028302 secs]
5809.655: [GC (Allocation Failure)  359098K->8378K(1029632K), 0.0037565 secs]
5809.997: [GC (Allocation Failure)  349370K->8410K(1020416K), 0.0030939 secs]
5810.334: [GC (Allocation Failure)  340186K->8410K(1011200K), 0.0034352 secs]
5810.656: [GC (Allocation Failure)  330970K->8378K(1002496K), 0.0027027 secs]
5810.969: [GC (Allocation Failure)  322234K->8378K(994304K), 0.0030760 secs]
5811.274: [GC (Allocation Failure)  314042K->8410K(986112K), 0.0033048 secs]
5811.575: [GC (Allocation Failure)  305882K->8378K(978432K), 0.0032283 secs]
5811.867: [GC (Allocation Failure)  298170K->8410K(1036800K), 0.0032607 secs]
5812.246: [GC (Allocation Failure)  356570K->8378K(1027072K), 0.0034525 secs]
5812.593: [GC (Allocation Failure)  346810K->8346K(1017856K), 0.0029545 secs]
5812.923: [GC (Allocation Failure)  337562K->8378K(1008640K), 0.0033658 secs]
5813.242: [GC (Allocation Failure)  328378K->8410K(999936K), 0.0031512 secs]
5813.552: [GC (Allocation Failure)  319706K->8442K(991744K), 0.0028048 secs]
5813.854: [GC (Allocation Failure)  311546K->8410K(984064K), 0.0031347 secs]
5814.151: [GC (Allocation Failure)  303834K->8410K(1043456K), 0.0037648 secs]
5814.505: [GC (Allocation Failure)  363226K->8378K(1033216K), 0.0030959 secs]
5814.848: [GC (Allocation Failure)  352954K->8346K(1023488K), 0.0034646 secs]
5815.182: [GC (Allocation Failure)  343194K->8410K(1014272K), 0.0035326 secs]
5815.508: [GC (Allocation Failure)  334042K->8378K(1005568K), 0.0028439 secs]
5815.824: [GC (Allocation Failure)  325306K->8378K(996864K), 0.0033855 secs]
5816.137: [GC (Allocation Failure)  316602K->8346K(1058816K), 0.0034878 secs]
5816.517: [GC (Allocation Failure)  378522K->8378K(1048064K), 0.0035307 secs]
5816.884: [GC (Allocation Failure)  367802K->8346K(1037824K), 0.0026738 secs]
5817.260: [GC (Allocation Failure)  357530K->8378K(1028096K), 0.0032737 secs]
5817.599: [GC (Allocation Failure)  347834K->8314K(1018880K), 0.0032186 secs]
5817.928: [GC (Allocation Failure)  338554K->8378K(1009664K), 0.0033927 secs]
5818.248: [GC (Allocation Failure)  329402K->8346K(1074176K), 0.0082696 secs]
5818.638: [GC (Allocation Failure)  393882K->8346K(1151488K), 0.0031212 secs]
5819.101: [GC (Allocation Failure)  471194K->8346K(1244160K), 0.0031435 secs]
5819.658: [GC (Allocation Failure)  563866K->8378K(1225216K), 0.0027035 secs]
5820.192: [GC (Allocation Failure)  544954K->8378K(1207296K), 0.0035891 secs]
5820.713: [GC (Allocation Failure)  527034K->8378K(1190400K), 0.0032800 secs]
5821.214: [GC (Allocation Failure)  510138K->8410K(1174016K), 0.0074320 secs]
5821.701: [GC (Allocation Failure)  493786K->8410K(1158656K), 0.0031988 secs]
5822.167: [GC (Allocation Failure)  478426K->8378K(1143808K), 0.0034637 secs]
5822.676: [GC (Allocation Failure)  463546K->8346K(1129472K), 0.0034174 secs]
5823.112: [GC (Allocation Failure)  449178K->8378K(1115648K), 0.0043390 secs]
5823.542: [GC (Allocation Failure)  435386K->8378K(1102848K), 0.0035902 secs]
5823.953: [GC (Allocation Failure)  422586K->8346K(1090560K), 0.0036191 secs]
5824.354: [GC (Allocation Failure)  410266K->8346K(1078784K), 0.0032301 secs]
5824.739: [GC (Allocation Failure)  398490K->8346K(1067520K), 0.0033806 secs]
5825.116: [GC (Allocation Failure)  387226K->8378K(1056256K), 0.0039475 secs]
5825.482: [GC (Allocation Failure)  375994K->8346K(1045504K), 0.0039886 secs]
5825.836: [GC (Allocation Failure)  365210K->8378K(1035264K), 0.0043114 secs]
5826.185: [GC (Allocation Failure)  355002K->8378K(1104896K), 0.0038766 secs]
5826.599: [GC (Allocation Failure)  424634K->8346K(1092096K), 0.0040513 secs]
5827.001: [GC (Allocation Failure)  411802K->8378K(1079808K), 0.0042489 secs]
5827.394: [GC (Allocation Failure)  399546K->8346K(1068032K), 0.0034022 secs]
5827.772: [GC (Allocation Failure)  387738K->8378K(1056768K), 0.0032585 secs]
5828.137: [GC (Allocation Failure)  376506K->8378K(1046016K), 0.0031737 secs]
5828.492: [GC (Allocation Failure)  365754K->8346K(1035776K), 0.0032168 secs]
5828.836: [GC (Allocation Failure)  355482K->8346K(1026048K), 0.0031215 secs]
5829.169: [GC (Allocation Failure)  345754K->8378K(1016832K), 0.0031314 secs]
5829.494: [GC (Allocation Failure)  336570K->8378K(1008128K), 0.0034139 secs]
5829.810: [GC (Allocation Failure)  327866K->8410K(999424K), 0.0039034 secs]
5830.119: [GC (Allocation Failure)  319194K->8346K(1061888K), 0.0036955 secs]
5830.489: [GC (Allocation Failure)  381594K->8346K(1051136K), 0.0031830 secs]
5830.848: [GC (Allocation Failure)  370842K->8346K(1040896K), 0.0035299 secs]
5831.198: [GC (Allocation Failure)  360602K->8410K(1111552K), 0.0041330 secs]
5831.620: [GC (Allocation Failure)  431322K->8346K(1098752K), 0.0035632 secs]
5832.028: [GC (Allocation Failure)  418458K->8346K(1181184K), 0.0049014 secs]
5832.534: [GC (Allocation Failure)  500890K->8346K(1165312K), 0.0035590 secs]
5833.056: [GC (Allocation Failure)  485018K->8378K(1149952K), 0.0037727 secs]
5833.518: [GC (Allocation Failure)  469690K->8346K(1135616K), 0.0037941 secs]
5833.964: [GC (Allocation Failure)  455322K->8346K(1121792K), 0.0038717 secs]
5834.404: [GC (Allocation Failure)  441498K->8346K(1108480K), 0.0034094 secs]
5834.823: [GC (Allocation Failure)  428186K->8346K(1095680K), 0.0031802 secs]
5835.229: [GC (Allocation Failure)  415386K->8346K(1083392K), 0.0034071 secs]
5835.624: [GC (Allocation Failure)  403098K->8346K(1071616K), 0.0033283 secs]
5836.006: [GC (Allocation Failure)  391322K->8378K(1060352K), 0.0033635 secs]
5836.376: [GC (Allocation Failure)  380090K->8378K(1049600K), 0.0035112 secs]
5836.736: [GC (Allocation Failure)  369338K->8346K(1039360K), 0.0030820 secs]
5837.085: [GC (Allocation Failure)  359066K->8410K(1029632K), 0.0034672 secs]
5837.429: [GC (Allocation Failure)  349402K->8442K(1020416K), 0.0032319 secs]
5837.760: [GC (Allocation Failure)  340218K->8378K(1011200K), 0.0035790 secs]
5838.083: [GC (Allocation Failure)  330938K->8378K(1002496K), 0.0031512 secs]
5838.396: [GC (Allocation Failure)  322234K->8346K(994304K), 0.0035087 secs]
5838.701: [GC (Allocation Failure)  314010K->8378K(986112K), 0.0033339 secs]
5838.998: [GC (Allocation Failure)  305850K->8378K(1046016K), 0.0034806 secs]
5839.355: [GC (Allocation Failure)  365754K->8378K(1117696K), 0.0047790 secs]
5839.786: [GC (Allocation Failure)  437434K->8378K(1104384K), 0.0031525 secs]
5840.201: [GC (Allocation Failure)  424122K->8346K(1187840K), 0.0046077 secs]
5840.706: [GC (Allocation Failure)  507546K->8346K(1171456K), 0.0031043 secs]
5841.188: [GC (Allocation Failure)  491162K->8410K(1156096K), 0.0052224 secs]
5841.662: [GC (Allocation Failure)  475866K->8378K(1141248K), 0.0028150 secs]
5842.114: [GC (Allocation Failure)  460986K->8378K(1126912K), 0.0041628 secs]
5842.551: [GC (Allocation Failure)  446650K->8346K(1113600K), 0.0032434 secs]
5842.977: [GC (Allocation Failure)  433306K->8378K(1100800K), 0.0031162 secs]
5843.415: [GC (Allocation Failure)  420538K->8346K(1088512K), 0.0037389 secs]
5843.815: [GC (Allocation Failure)  408218K->8378K(1076736K), 0.0032266 secs]
5844.204: [GC (Allocation Failure)  396474K->8378K(1065472K), 0.0031291 secs]
5844.584: [GC (Allocation Failure)  385210K->8378K(1054720K), 0.0030430 secs]
5844.950: [GC (Allocation Failure)  374458K->8346K(1044480K), 0.0031486 secs]
5845.305: [GC (Allocation Failure)  364186K->8410K(1034240K), 0.0039624 secs]
5845.651: [GC (Allocation Failure)  354010K->8346K(1024512K), 0.0034288 secs]
5845.994: [GC (Allocation Failure)  344218K->8410K(1015296K), 0.0032591 secs]
5846.319: [GC (Allocation Failure)  335066K->8378K(1006592K), 0.0031002 secs]
5846.636: [GC (Allocation Failure)  326330K->8410K(997888K), 0.0036234 secs]
5846.946: [GC (Allocation Failure)  317658K->8346K(1059840K), 0.0066167 secs]
5847.326: [GC (Allocation Failure)  379546K->8346K(1134080K), 0.0035816 secs]
5847.773: [GC (Allocation Failure)  453786K->8346K(1223168K), 0.0030953 secs]
5848.307: [GC (Allocation Failure)  542874K->8346K(1205248K), 0.0037797 secs]
5848.854: [GC (Allocation Failure)  524954K->8410K(1188352K), 0.0032153 secs]
5849.351: [GC (Allocation Failure)  508122K->8378K(1171968K), 0.0034290 secs]
5849.832: [GC (Allocation Failure)  491706K->8378K(1156608K), 0.0041309 secs]
5850.298: [GC (Allocation Failure)  476346K->8378K(1141760K), 0.0033442 secs]
5850.748: [GC (Allocation Failure)  461498K->8346K(1127424K), 0.0036971 secs]
5851.185: [GC (Allocation Failure)  447130K->8346K(1114112K), 0.0036502 secs]
5851.608: [GC (Allocation Failure)  433818K->8410K(1101312K), 0.0033918 secs]
5852.018: [GC (Allocation Failure)  421082K->8346K(1089024K), 0.0033417 secs]
5852.417: [GC (Allocation Failure)  408730K->8346K(1077248K), 0.0033221 secs]
5852.804: [GC (Allocation Failure)  396954K->8378K(1065984K), 0.0036589 secs]
5853.179: [GC (Allocation Failure)  385722K->8346K(1055232K), 0.0039012 secs]
5853.544: [GC (Allocation Failure)  374938K->8346K(1044480K), 0.0033612 secs]
5853.940: [GC (Allocation Failure)  364186K->8410K(1034240K), 0.0036389 secs]
5854.285: [GC (Allocation Failure)  354010K->8346K(1024512K), 0.0031754 secs]
5854.625: [GC (Allocation Failure)  344218K->8378K(1015296K), 0.0033229 secs]
5854.949: [GC (Allocation Failure)  335034K->8378K(1006592K), 0.0033277 secs]
5855.265: [GC (Allocation Failure)  326330K->8378K(997888K), 0.0039592 secs]
5855.574: [GC (Allocation Failure)  317626K->8346K(989696K), 0.0027761 secs]
5855.872: [GC (Allocation Failure)  309402K->8378K(1050112K), 0.0037661 secs]
5856.230: [GC (Allocation Failure)  369850K->8410K(1039872K), 0.0032758 secs]
5856.579: [GC (Allocation Failure)  359642K->8346K(1110528K), 0.0039174 secs]
5857.000: [GC (Allocation Failure)  430234K->8378K(1097728K), 0.0038079 secs]
5857.407: [GC (Allocation Failure)  417466K->8346K(1085440K), 0.0037557 secs]
5857.802: [GC (Allocation Failure)  405146K->8378K(1073664K), 0.0038466 secs]
5858.184: [GC (Allocation Failure)  393402K->8378K(1062400K), 0.0034257 secs]
5858.556: [GC (Allocation Failure)  382138K->8346K(1051648K), 0.0028590 secs]
5858.917: [GC (Allocation Failure)  371354K->8346K(1041408K), 0.0034235 secs]
5859.267: [GC (Allocation Failure)  361114K->8346K(1031680K), 0.0031849 secs]
5859.608: [GC (Allocation Failure)  351386K->8378K(1021952K), 0.0033115 secs]
5859.939: [GC (Allocation Failure)  341690K->8346K(1012736K), 0.0038834 secs]
5860.262: [GC (Allocation Failure)  332442K->8346K(1004032K), 0.0033536 secs]
5860.576: [GC (Allocation Failure)  323738K->8346K(995840K), 0.0032900 secs]
5860.881: [GC (Allocation Failure)  315546K->8346K(1057280K), 0.0039385 secs]
5861.249: [GC (Allocation Failure)  376986K->8410K(1131008K), 0.0035444 secs]
5861.688: [GC (Allocation Failure)  450778K->8378K(1117184K), 0.0036063 secs]
5862.114: [GC (Allocation Failure)  436922K->8346K(1103872K), 0.0035195 secs]
5862.527: [GC (Allocation Failure)  423578K->8346K(1091072K), 0.0037735 secs]
5862.928: [GC (Allocation Failure)  410778K->8346K(1079296K), 0.0031398 secs]
5863.318: [GC (Allocation Failure)  399002K->8346K(1068032K), 0.0036977 secs]
5863.696: [GC (Allocation Failure)  387738K->8346K(1056768K), 0.0030855 secs]
5864.089: [GC (Allocation Failure)  376474K->8346K(1046016K), 0.0035323 secs]
5864.451: [GC (Allocation Failure)  365722K->8346K(1035776K), 0.0035124 secs]
5864.802: [GC (Allocation Failure)  355482K->8378K(1026048K), 0.0030272 secs]
5865.138: [GC (Allocation Failure)  345786K->8378K(1016832K), 0.0034956 secs]
5865.467: [GC (Allocation Failure)  336570K->8378K(1008128K), 0.0037005 secs]
5865.786: [GC (Allocation Failure)  327866K->8378K(999424K), 0.0032605 secs]
5866.096: [GC (Allocation Failure)  319162K->8346K(991232K), 0.0032159 secs]
5866.398: [GC (Allocation Failure)  310938K->8346K(983552K), 0.0031080 secs]
5866.692: [GC (Allocation Failure)  303258K->8346K(1042944K), 0.0039366 secs]
5867.045: [GC (Allocation Failure)  362650K->8346K(1114112K), 0.0037606 secs]
5867.471: [GC (Allocation Failure)  433818K->8378K(1101312K), 0.0034050 secs]
5867.883: [GC (Allocation Failure)  421050K->8378K(1089024K), 0.0033121 secs]
5868.283: [GC (Allocation Failure)  408762K->8378K(1077248K), 0.0034276 secs]
5868.670: [GC (Allocation Failure)  396986K->8378K(1065984K), 0.0036537 secs]
5869.047: [GC (Allocation Failure)  385722K->8378K(1055232K), 0.0036456 secs]
5869.438: [GC (Allocation Failure)  374970K->8346K(1044480K), 0.0042785 secs]
5869.794: [GC (Allocation Failure)  364186K->8378K(1034240K), 0.0036078 secs]
5870.139: [GC (Allocation Failure)  353978K->8346K(1024512K), 0.0038367 secs]
5870.476: [GC (Allocation Failure)  344218K->8378K(1092096K), 0.0038612 secs]
5870.879: [GC (Allocation Failure)  411834K->8346K(1079808K), 0.0033951 secs]
5871.270: [GC (Allocation Failure)  399514K->8346K(1068032K), 0.0038216 secs]
5871.650: [GC (Allocation Failure)  387738K->8346K(1056768K), 0.0036755 secs]
5872.026: [GC (Allocation Failure)  376474K->8378K(1046016K), 0.0035185 secs]
5872.383: [GC (Allocation Failure)  365754K->8378K(1117696K), 0.0049540 secs]
5872.817: [GC (Allocation Failure)  437434K->8378K(1104384K), 0.0034309 secs]
5873.234: [GC (Allocation Failure)  424122K->8346K(1091584K), 0.0041532 secs]
5873.637: [GC (Allocation Failure)  411290K->8378K(1079808K), 0.0038838 secs]
5874.034: [GC (Allocation Failure)  399546K->8346K(1158144K), 0.0051507 secs]
5874.519: [GC (Allocation Failure)  477850K->8378K(1252352K), 0.0051218 secs]
5875.094: [GC (Allocation Failure)  572090K->8346K(1233408K), 0.0035771 secs]
5875.645: [GC (Allocation Failure)  553114K->8378K(1214976K), 0.0055086 secs]
5876.174: [GC (Allocation Failure)  534714K->8346K(1197568K), 0.0046078 secs]
5876.681: [GC (Allocation Failure)  517274K->8346K(1181184K), 0.0044699 secs]
5877.175: [GC (Allocation Failure)  500890K->8378K(1165312K), 0.0041207 secs]
5877.653: [GC (Allocation Failure)  485050K->8378K(1149952K), 0.0040480 secs]
5878.116: [GC (Allocation Failure)  469690K->8378K(1135616K), 0.0049676 secs]
5878.561: [GC (Allocation Failure)  455354K->8378K(1121792K), 0.0053176 secs]
5878.992: [GC (Allocation Failure)  441530K->8410K(1208832K), 0.0054101 secs]
5879.510: [GC (Allocation Failure)  528602K->8378K(1191936K), 0.0040441 secs]
5880.010: [GC (Allocation Failure)  511674K->8378K(1175552K), 0.0035894 secs]
5880.531: [GC (Allocation Failure)  495290K->8378K(1159680K), 0.0040708 secs]
5881.023: [GC (Allocation Failure)  479418K->8378K(1144832K), 0.0039132 secs]
5881.490: [GC (Allocation Failure)  464570K->8378K(1130496K), 0.0035833 secs]
5881.932: [GC (Allocation Failure)  450234K->8378K(1116672K), 0.0036729 secs]
5882.374: [GC (Allocation Failure)  436410K->8346K(1103360K), 0.0043886 secs]
5882.794: [GC (Allocation Failure)  423066K->8346K(1091072K), 0.0050093 secs]
5883.195: [GC (Allocation Failure)  410778K->8378K(1079296K), 0.0039217 secs]
5883.582: [GC (Allocation Failure)  399034K->8378K(1068032K), 0.0039861 secs]
5883.960: [GC (Allocation Failure)  387770K->8410K(1056768K), 0.0041388 secs]
5884.331: [GC (Allocation Failure)  376538K->8378K(1046016K), 0.0040037 secs]
5884.685: [GC (Allocation Failure)  365754K->8378K(1117696K), 0.0037442 secs]
5885.109: [GC (Allocation Failure)  437434K->8378K(1104384K), 0.0036923 secs]
5885.567: [GC (Allocation Failure)  424122K->8378K(1091584K), 0.0041872 secs]
5885.966: [GC (Allocation Failure)  411322K->8346K(1172480K), 0.0049781 secs]
5886.448: [GC (Allocation Failure)  492186K->8410K(1157120K), 0.0039712 secs]
5886.912: [GC (Allocation Failure)  476890K->8346K(1142272K), 0.0031365 secs]
5887.363: [GC (Allocation Failure)  461978K->8346K(1127936K), 0.0050762 secs]
5887.813: [GC (Allocation Failure)  447642K->8378K(1114112K), 0.0043736 secs]
5888.236: [GC (Allocation Failure)  433850K->8378K(1101312K), 0.0036853 secs]
5888.656: [GC (Allocation Failure)  421050K->8378K(1089024K), 0.0037088 secs]
5889.057: [GC (Allocation Failure)  408762K->8378K(1169408K), 0.0074320 secs]
5889.541: [GC (Allocation Failure)  489146K->8346K(1265664K), 0.0048394 secs]
5890.116: [GC (Allocation Failure)  585370K->8378K(1246208K), 0.0037081 secs]
5890.695: [GC (Allocation Failure)  565946K->8346K(1227264K), 0.0035769 secs]
5891.240: [GC (Allocation Failure)  546970K->8346K(1209344K), 0.0046889 secs]
5891.777: [GC (Allocation Failure)  529050K->8378K(1191936K), 0.0044381 secs]
5892.293: [GC (Allocation Failure)  511674K->8378K(1175552K), 0.0033660 secs]
5892.779: [GC (Allocation Failure)  495290K->8378K(1159680K), 0.0038753 secs]
5893.251: [GC (Allocation Failure)  479418K->8346K(1144832K), 0.0035053 secs]
5893.706: [GC (Allocation Failure)  464538K->8346K(1130496K), 0.0040659 secs]
5894.147: [GC (Allocation Failure)  450202K->8378K(1116672K), 0.0041481 secs]
5894.578: [GC (Allocation Failure)  436410K->8378K(1103360K), 0.0027883 secs]
5894.996: [GC (Allocation Failure)  423098K->8378K(1091072K), 0.0034219 secs]
5895.397: [GC (Allocation Failure)  410810K->8378K(1079296K), 0.0033616 secs]
5895.786: [GC (Allocation Failure)  399034K->8378K(1068032K), 0.0033903 secs]
5896.165: [GC (Allocation Failure)  387770K->8378K(1056768K), 0.0044501 secs]
5896.541: [GC (Allocation Failure)  376506K->8378K(1046016K), 0.0033758 secs]
5896.897: [GC (Allocation Failure)  365754K->8378K(1035776K), 0.0044325 secs]
5897.246: [GC (Allocation Failure)  355514K->8346K(1026048K), 0.0034117 secs]
5897.582: [GC (Allocation Failure)  345754K->8346K(1016832K), 0.0036031 secs]
5897.910: [GC (Allocation Failure)  336538K->8378K(1082880K), 0.0045552 secs]
5898.319: [GC (Allocation Failure)  402618K->8410K(1161728K), 0.0045579 secs]
5898.798: [GC (Allocation Failure)  481498K->8346K(1146880K), 0.0035540 secs]
5899.258: [GC (Allocation Failure)  466586K->8378K(1238528K), 0.0061389 secs]
5899.813: [GC (Allocation Failure)  558266K->8346K(1220096K), 0.0040209 secs]
5900.347: [GC (Allocation Failure)  539802K->8346K(1202688K), 0.0055178 secs]
5900.873: [GC (Allocation Failure)  522394K->8378K(1185792K), 0.0036908 secs]
5901.376: [GC (Allocation Failure)  505530K->8378K(1169920K), 0.0049124 secs]
5901.863: [GC (Allocation Failure)  489658K->8410K(1154560K), 0.0036568 secs]
5902.329: [GC (Allocation Failure)  474330K->8346K(1139712K), 0.0039614 secs]
5902.786: [GC (Allocation Failure)  459418K->8346K(1125376K), 0.0036977 secs]
5903.224: [GC (Allocation Failure)  445082K->8346K(1112064K), 0.0044862 secs]
5903.653: [GC (Allocation Failure)  431770K->8346K(1099264K), 0.0042586 secs]
5904.064: [GC (Allocation Failure)  418970K->8346K(1086976K), 0.0039778 secs]
5904.467: [GC (Allocation Failure)  406682K->8346K(1075200K), 0.0046289 secs]
5904.866: [GC (Allocation Failure)  394906K->8346K(1063936K), 0.0034818 secs]
5905.240: [GC (Allocation Failure)  383642K->8346K(1053184K), 0.0044060 secs]
5905.609: [GC (Allocation Failure)  372890K->8378K(1042944K), 0.0037015 secs]
5905.965: [GC (Allocation Failure)  362682K->8378K(1032704K), 0.0038236 secs]
5906.332: [GC (Allocation Failure)  352442K->8346K(1101824K), 0.0039718 secs]
5906.751: [GC (Allocation Failure)  421530K->8346K(1184768K), 0.0056911 secs]
5907.264: [GC (Allocation Failure)  504474K->8378K(1284096K), 0.0044835 secs]
5907.867: [GC (Allocation Failure)  603834K->8378K(1263616K), 0.0035443 secs]
5908.444: [GC (Allocation Failure)  583354K->8346K(1244160K), 0.0032152 secs]
5909.003: [GC (Allocation Failure)  563866K->8346K(1225216K), 0.0037079 secs]
5909.539: [GC (Allocation Failure)  544922K->8378K(1207296K), 0.0032794 secs]
5910.059: [GC (Allocation Failure)  527034K->8346K(1190400K), 0.0051540 secs]
5910.563: [GC (Allocation Failure)  510106K->8346K(1174016K), 0.0033679 secs]
5911.050: [GC (Allocation Failure)  493722K->8346K(1158656K), 0.0037880 secs]
5911.554: [GC (Allocation Failure)  478362K->8378K(1143808K), 0.0036783 secs]
5912.009: [GC (Allocation Failure)  463546K->8346K(1129472K), 0.0045904 secs]
5912.468: [GC (Allocation Failure)  449178K->8378K(1115648K), 0.0041330 secs]
5912.901: [GC (Allocation Failure)  435386K->8378K(1102848K), 0.0043772 secs]
5913.347: [GC (Allocation Failure)  422586K->8378K(1090560K), 0.0046287 secs]
5913.756: [GC (Allocation Failure)  410298K->8378K(1078784K), 0.0035066 secs]
5914.146: [GC (Allocation Failure)  398522K->8378K(1067520K), 0.0048700 secs]
5914.531: [GC (Allocation Failure)  387258K->8378K(1056256K), 0.0033937 secs]
5914.897: [GC (Allocation Failure)  375994K->8346K(1045504K), 0.0032401 secs]
5915.252: [GC (Allocation Failure)  365210K->8378K(1035264K), 0.0037721 secs]
5915.599: [GC (Allocation Failure)  355002K->8410K(1025536K), 0.0037104 secs]
5915.936: [GC (Allocation Failure)  345306K->8378K(1016320K), 0.0036747 secs]
5916.263: [GC (Allocation Failure)  336058K->8410K(1081856K), 0.0046147 secs]
5916.699: [GC (Allocation Failure)  401626K->8378K(1160704K), 0.0043368 secs]
5917.175: [GC (Allocation Failure)  480442K->8346K(1145856K), 0.0035831 secs]
5917.631: [GC (Allocation Failure)  465562K->8346K(1237504K), 0.0054687 secs]
5918.181: [GC (Allocation Failure)  557210K->8346K(1219072K), 0.0038638 secs]
5918.711: [GC (Allocation Failure)  538778K->8410K(1201664K), 0.0034525 secs]
5919.225: [GC (Allocation Failure)  521434K->8378K(1184768K), 0.0054769 secs]
5919.726: [GC (Allocation Failure)  504506K->8346K(1168896K), 0.0044874 secs]
5920.218: [GC (Allocation Failure)  488602K->8410K(1153536K), 0.0053894 secs]
5920.692: [GC (Allocation Failure)  473306K->8346K(1138688K), 0.0036924 secs]
5921.144: [GC (Allocation Failure)  458394K->8378K(1124864K), 0.0036407 secs]
5921.581: [GC (Allocation Failure)  444602K->8378K(1111552K), 0.0036745 secs]
5922.003: [GC (Allocation Failure)  431290K->8346K(1098752K), 0.0036777 secs]
5922.414: [GC (Allocation Failure)  418458K->8378K(1086464K), 0.0041261 secs]
5922.817: [GC (Allocation Failure)  406202K->8346K(1074688K), 0.0052206 secs]
5923.205: [GC (Allocation Failure)  394394K->8378K(1063424K), 0.0040735 secs]
5923.585: [GC (Allocation Failure)  383162K->8346K(1138688K), 0.0051910 secs]
5924.037: [GC (Allocation Failure)  458394K->8378K(1124864K), 0.0036006 secs]
5924.473: [GC (Allocation Failure)  444602K->8378K(1212416K), 0.0046629 secs]
5924.998: [GC (Allocation Failure)  532154K->8346K(1195008K), 0.0037065 secs]
5925.504: [GC (Allocation Failure)  514714K->8346K(1178624K), 0.0055264 secs]
5925.994: [GC (Allocation Failure)  498330K->8378K(1162752K), 0.0047139 secs]
5926.473: [GC (Allocation Failure)  482490K->8378K(1147904K), 0.0043726 secs]
5926.935: [GC (Allocation Failure)  467642K->8378K(1133568K), 0.0045665 secs]
5927.397: [GC (Allocation Failure)  453306K->8346K(1119744K), 0.0034082 secs]
5927.826: [GC (Allocation Failure)  439450K->8410K(1106432K), 0.0039026 secs]
5928.257: [GC (Allocation Failure)  426202K->8346K(1093632K), 0.0044337 secs]
5928.673: [GC (Allocation Failure)  413338K->8346K(1081344K), 0.0040920 secs]
5929.064: [GC (Allocation Failure)  401050K->8346K(1069568K), 0.0036514 secs]
5929.441: [GC (Allocation Failure)  389274K->8378K(1058304K), 0.0031775 secs]
5929.807: [GC (Allocation Failure)  378042K->8378K(1132544K), 0.0052645 secs]
5930.254: [GC (Allocation Failure)  452282K->8378K(1118720K), 0.0035643 secs]
5930.679: [GC (Allocation Failure)  438458K->8378K(1105408K), 0.0038094 secs]
5931.096: [GC (Allocation Failure)  425146K->8378K(1092608K), 0.0039885 secs]
5931.515: [GC (Allocation Failure)  412346K->8410K(1080320K), 0.0051740 secs]
5931.910: [GC (Allocation Failure)  400090K->8410K(1068544K), 0.0038708 secs]
5932.304: [GC (Allocation Failure)  388314K->8314K(1057280K), 0.0044550 secs]
5932.675: [GC (Allocation Failure)  376954K->8346K(1046528K), 0.0035262 secs]
5933.031: [GC (Allocation Failure)  366234K->8410K(1118208K), 0.0056987 secs]
5933.465: [GC (Allocation Failure)  437978K->8410K(1204224K), 0.0060296 secs]
5933.993: [GC (Allocation Failure)  523994K->8410K(1307648K), 0.0037017 secs]
5934.604: [GC (Allocation Failure)  627418K->8346K(1286144K), 0.0041006 secs]
5935.198: [GC (Allocation Failure)  605850K->8378K(1265664K), 0.0039859 secs]
5935.768: [GC (Allocation Failure)  585402K->8378K(1246208K), 0.0040083 secs]
5936.323: [GC (Allocation Failure)  565946K->8378K(1227264K), 0.0050653 secs]
5936.864: [GC (Allocation Failure)  547002K->8410K(1209344K), 0.0032078 secs]
5937.379: [GC (Allocation Failure)  529114K->8346K(1191936K), 0.0032137 secs]
5937.901: [GC (Allocation Failure)  511642K->8378K(1175552K), 0.0039084 secs]
5938.393: [GC (Allocation Failure)  495290K->8378K(1159680K), 0.0042066 secs]
5938.865: [GC (Allocation Failure)  479418K->8346K(1144832K), 0.0037278 secs]
5939.316: [GC (Allocation Failure)  464538K->8346K(1130496K), 0.0047201 secs]
5939.755: [GC (Allocation Failure)  450202K->8346K(1116672K), 0.0034973 secs]
5940.179: [GC (Allocation Failure)  436378K->8346K(1103360K), 0.0044919 secs]
5940.591: [GC (Allocation Failure)  423066K->8346K(1091072K), 0.0041904 secs]
5941.002: [GC (Allocation Failure)  410778K->8346K(1079296K), 0.0038733 secs]
5941.390: [GC (Allocation Failure)  399002K->8346K(1068032K), 0.0035468 secs]
5941.768: [GC (Allocation Failure)  387738K->8378K(1056768K), 0.0047186 secs]
5942.139: [GC (Allocation Failure)  376506K->8378K(1130496K), 0.0049802 secs]
5942.585: [GC (Allocation Failure)  450234K->8378K(1219072K), 0.0044840 secs]
5943.164: [GC (Allocation Failure)  538810K->8378K(1201664K), 0.0038579 secs]
5943.673: [GC (Allocation Failure)  521402K->8346K(1184768K), 0.0043564 secs]
5944.166: [GC (Allocation Failure)  504474K->8410K(1168896K), 0.0043196 secs]
5944.654: [GC (Allocation Failure)  488666K->8378K(1153536K), 0.0037655 secs]
5945.117: [GC (Allocation Failure)  473274K->8346K(1138688K), 0.0043002 secs]
5945.567: [GC (Allocation Failure)  458394K->8378K(1124864K), 0.0041858 secs]
5946.003: [GC (Allocation Failure)  444602K->8378K(1111552K), 0.0052838 secs]
5946.430: [GC (Allocation Failure)  431290K->8378K(1098752K), 0.0036932 secs]
5946.838: [GC (Allocation Failure)  418490K->8378K(1086464K), 0.0037178 secs]
5947.233: [GC (Allocation Failure)  406202K->8378K(1074688K), 0.0038530 secs]
5947.617: [GC (Allocation Failure)  394426K->8346K(1063424K), 0.0043098 secs]
5948.030: [GC (Allocation Failure)  383130K->8346K(1052672K), 0.0037630 secs]
5948.393: [GC (Allocation Failure)  372378K->8378K(1042432K), 0.0035992 secs]
5948.744: [GC (Allocation Failure)  362170K->8378K(1032704K), 0.0042265 secs]
5949.090: [GC (Allocation Failure)  352442K->8378K(1101824K), 0.0036495 secs]
5949.500: [GC (Allocation Failure)  421562K->8346K(1089536K), 0.0039973 secs]
5949.902: [GC (Allocation Failure)  409242K->8378K(1077760K), 0.0042628 secs]
5950.289: [GC (Allocation Failure)  397498K->8378K(1066496K), 0.0036180 secs]
5950.665: [GC (Allocation Failure)  386234K->8378K(1055744K), 0.0038445 secs]
5951.029: [GC (Allocation Failure)  375482K->8346K(1129472K), 0.0043059 secs]
5951.467: [GC (Allocation Failure)  449178K->8410K(1115648K), 0.0030067 secs]
5951.889: [GC (Allocation Failure)  435418K->8346K(1102848K), 0.0039960 secs]
5952.301: [GC (Allocation Failure)  422554K->8346K(1090560K), 0.0048081 secs]
5952.702: [GC (Allocation Failure)  410266K->8346K(1078784K), 0.0041748 secs]
5953.126: [GC (Allocation Failure)  398490K->8378K(1067520K), 0.0044228 secs]
5953.505: [GC (Allocation Failure)  387258K->8378K(1056256K), 0.0035985 secs]
5953.871: [GC (Allocation Failure)  375994K->8378K(1045504K), 0.0040993 secs]
5954.225: [GC (Allocation Failure)  365242K->8378K(1035264K), 0.0035858 secs]
5954.569: [GC (Allocation Failure)  355002K->8346K(1104896K), 0.0039945 secs]
5954.982: [GC (Allocation Failure)  424602K->8346K(1188352K), 0.0042557 secs]
5955.487: [GC (Allocation Failure)  508058K->8346K(1288704K), 0.0054169 secs]
5956.090: [GC (Allocation Failure)  608410K->8410K(1268224K), 0.0039978 secs]
5956.668: [GC (Allocation Failure)  587994K->8378K(1248256K), 0.0035408 secs]
5957.222: [GC (Allocation Failure)  567994K->8346K(1229312K), 0.0041551 secs]
5957.761: [GC (Allocation Failure)  549018K->8378K(1211392K), 0.0035936 secs]
5958.313: [GC (Allocation Failure)  531130K->8346K(1193984K), 0.0041271 secs]
5958.817: [GC (Allocation Failure)  513690K->8378K(1177600K), 0.0042171 secs]
5959.313: [GC (Allocation Failure)  497338K->8410K(1161728K), 0.0053981 secs]
5959.790: [GC (Allocation Failure)  481498K->8346K(1146880K), 0.0034694 secs]
5960.259: [GC (Allocation Failure)  466586K->8346K(1132544K), 0.0044241 secs]
5960.767: [GC (Allocation Failure)  452250K->8378K(1118720K), 0.0043103 secs]
5961.202: [GC (Allocation Failure)  438458K->8378K(1105408K), 0.0040059 secs]
5961.620: [GC (Allocation Failure)  425146K->8378K(1092608K), 0.0042603 secs]
5962.028: [GC (Allocation Failure)  412346K->8346K(1080320K), 0.0037525 secs]
5962.419: [GC (Allocation Failure)  400026K->8346K(1068544K), 0.0036147 secs]
5962.799: [GC (Allocation Failure)  388250K->8410K(1057280K), 0.0036115 secs]
5963.207: [GC (Allocation Failure)  377050K->8346K(1131008K), 0.0062526 secs]
5963.654: [GC (Allocation Failure)  450714K->8378K(1219584K), 0.0043209 secs]
5964.185: [GC (Allocation Failure)  539322K->8346K(1202176K), 0.0044999 secs]
5964.704: [GC (Allocation Failure)  521882K->8346K(1185280K), 0.0049307 secs]
5965.206: [GC (Allocation Failure)  504986K->8378K(1169408K), 0.0044805 secs]
5965.692: [GC (Allocation Failure)  489146K->8346K(1154048K), 0.0044822 secs]
5966.159: [GC (Allocation Failure)  473754K->8346K(1139200K), 0.0044776 secs]
5966.613: [GC (Allocation Failure)  458906K->8346K(1125376K), 0.0034141 secs]
5967.052: [GC (Allocation Failure)  445082K->8378K(1112064K), 0.0043859 secs]
5967.491: [GC (Allocation Failure)  431802K->8378K(1099264K), 0.0043097 secs]
5967.903: [GC (Allocation Failure)  419002K->8378K(1086976K), 0.0035170 secs]
5968.342: [GC (Allocation Failure)  406714K->8346K(1075200K), 0.0037595 secs]
5968.728: [GC (Allocation Failure)  394906K->8378K(1063936K), 0.0045089 secs]
5969.104: [GC (Allocation Failure)  383674K->8346K(1053184K), 0.0043351 secs]
5969.478: [GC (Allocation Failure)  372890K->8378K(1126400K), 0.0040862 secs]
5969.927: [GC (Allocation Failure)  446138K->8346K(1113088K), 0.0034751 secs]
5970.361: [GC (Allocation Failure)  432794K->8378K(1100288K), 0.0031466 secs]
5970.784: [GC (Allocation Failure)  420026K->8378K(1088000K), 0.0033163 secs]
5971.215: [GC (Allocation Failure)  407738K->8378K(1076224K), 0.0044662 secs]
5971.608: [GC (Allocation Failure)  395962K->8378K(1064960K), 0.0038918 secs]
5971.993: [GC (Allocation Failure)  384698K->8378K(1054208K), 0.0035947 secs]
5972.358: [GC (Allocation Failure)  373946K->8346K(1043968K), 0.0037930 secs]
5972.714: [GC (Allocation Failure)  363674K->8346K(1033728K), 0.0037195 secs]
5973.059: [GC (Allocation Failure)  353434K->8410K(1024000K), 0.0039042 secs]
5973.394: [GC (Allocation Failure)  343770K->8410K(1091072K), 0.0041190 secs]
5973.797: [GC (Allocation Failure)  410842K->8378K(1171968K), 0.0046839 secs]
5974.293: [GC (Allocation Failure)  491706K->8378K(1156608K), 0.0034966 secs]
5974.762: [GC (Allocation Failure)  476346K->8346K(1141760K), 0.0043872 secs]
5975.221: [GC (Allocation Failure)  461466K->8378K(1127424K), 0.0051356 secs]
5975.664: [GC (Allocation Failure)  447162K->8378K(1114112K), 0.0042016 secs]
5976.092: [GC (Allocation Failure)  433850K->8346K(1101312K), 0.0036037 secs]
5976.505: [GC (Allocation Failure)  421018K->8378K(1089024K), 0.0041027 secs]
5976.921: [GC (Allocation Failure)  408762K->8378K(1077248K), 0.0048908 secs]
5977.311: [GC (Allocation Failure)  396986K->8378K(1155072K), 0.0049305 secs]
5977.783: [GC (Allocation Failure)  474810K->8378K(1140224K), 0.0039093 secs]
5978.236: [GC (Allocation Failure)  459962K->8346K(1125888K), 0.0037527 secs]
5978.709: [GC (Allocation Failure)  445594K->8378K(1112576K), 0.0045386 secs]
5979.133: [GC (Allocation Failure)  432314K->8378K(1099776K), 0.0050625 secs]
5979.545: [GC (Allocation Failure)  419514K->8410K(1087488K), 0.0038040 secs]
5979.944: [GC (Allocation Failure)  407258K->8378K(1075712K), 0.0042066 secs]
5980.332: [GC (Allocation Failure)  395450K->8378K(1064448K), 0.0028886 secs]
5980.719: [GC (Allocation Failure)  384186K->8410K(1053696K), 0.0033453 secs]
5981.084: [GC (Allocation Failure)  373466K->8346K(1043456K), 0.0035662 secs]
5981.446: [GC (Allocation Failure)  363162K->8378K(1033216K), 0.0038964 secs]
5981.791: [GC (Allocation Failure)  352954K->8378K(1023488K), 0.0038286 secs]
5982.125: [GC (Allocation Failure)  343226K->8410K(1090560K), 0.0038935 secs]
5982.528: [GC (Allocation Failure)  410330K->8346K(1170944K), 0.0047076 secs]
5983.011: [GC (Allocation Failure)  490650K->8378K(1267712K), 0.0045163 secs]
5983.593: [GC (Allocation Failure)  587450K->8346K(1247744K), 0.0041795 secs]
5984.151: [GC (Allocation Failure)  567450K->8346K(1228800K), 0.0033109 secs]
5984.690: [GC (Allocation Failure)  548506K->8378K(1210880K), 0.0036916 secs]
5985.212: [GC (Allocation Failure)  530618K->8346K(1193472K), 0.0035913 secs]
5985.717: [GC (Allocation Failure)  513178K->8346K(1177088K), 0.0044814 secs]
5986.210: [GC (Allocation Failure)  496794K->8378K(1161216K), 0.0043176 secs]
5986.684: [GC (Allocation Failure)  480954K->8378K(1146368K), 0.0032867 secs]
5987.144: [GC (Allocation Failure)  466106K->8346K(1132032K), 0.0031482 secs]
5987.586: [GC (Allocation Failure)  451738K->8378K(1118208K), 0.0033557 secs]
5988.015: [GC (Allocation Failure)  437946K->8346K(1104896K), 0.0048907 secs]
5988.438: [GC (Allocation Failure)  424602K->8410K(1092096K), 0.0036624 secs]
5988.841: [GC (Allocation Failure)  411866K->8346K(1079808K), 0.0029686 secs]
5989.261: [GC (Allocation Failure)  399514K->8378K(1068032K), 0.0035844 secs]
5989.641: [GC (Allocation Failure)  387770K->8346K(1056768K), 0.0040616 secs]
5990.014: [GC (Allocation Failure)  376474K->8346K(1046016K), 0.0035206 secs]
5990.372: [GC (Allocation Failure)  365722K->8378K(1035776K), 0.0039390 secs]
5990.724: [GC (Allocation Failure)  355514K->8346K(1026048K), 0.0035163 secs]
5991.072: [GC (Allocation Failure)  345754K->8346K(1016832K), 0.0032775 secs]
5991.400: [GC (Allocation Failure)  336538K->8410K(1082880K), 0.0077690 secs]
5991.804: [GC (Allocation Failure)  402650K->8378K(1161728K), 0.0040346 secs]
5992.277: [GC (Allocation Failure)  481466K->8346K(1256448K), 0.0036489 secs]
5992.842: [GC (Allocation Failure)  576154K->8378K(1370112K), 0.0044059 secs]
5993.524: [GC (Allocation Failure)  689850K->8378K(1345536K), 0.0036828 secs]
5994.178: [GC (Allocation Failure)  665274K->8346K(1321984K), 0.0031160 secs]
5994.834: [GC (Allocation Failure)  641690K->8378K(1299968K), 0.0037706 secs]
5995.438: [GC (Allocation Failure)  619706K->8346K(1278976K), 0.0031123 secs]
5996.022: [GC (Allocation Failure)  598682K->8410K(1258496K), 0.0036324 secs]
5996.590: [GC (Allocation Failure)  578266K->8378K(1239040K), 0.0047306 secs]
5997.143: [GC (Allocation Failure)  558778K->8378K(1220608K), 0.0034667 secs]
5997.672: [GC (Allocation Failure)  540346K->8378K(1203200K), 0.0032209 secs]
5998.183: [GC (Allocation Failure)  522938K->8378K(1186304K), 0.0040274 secs]
5998.679: [GC (Allocation Failure)  506042K->8378K(1169920K), 0.0039568 secs]
5999.171: [GC (Allocation Failure)  489658K->8378K(1154560K), 0.0034836 secs]
5999.636: [GC (Allocation Failure)  474298K->8410K(1139712K), 0.0032936 secs]
6000.084: [GC (Allocation Failure)  459482K->8378K(1125376K), 0.0034874 secs]
6000.526: [GC (Allocation Failure)  445114K->8346K(1112064K), 0.0033567 secs]
6000.966: [GC (Allocation Failure)  431770K->8378K(1099264K), 0.0035504 secs]
6001.380: [GC (Allocation Failure)  419002K->8346K(1086976K), 0.0030396 secs]
6001.795: [GC (Allocation Failure)  406682K->8442K(1075200K), 0.0038508 secs]
6002.179: [GC (Allocation Failure)  395002K->8378K(1063936K), 0.0044013 secs]
6002.558: [GC (Allocation Failure)  383674K->8442K(1053184K), 0.0038282 secs]
6002.920: [GC (Allocation Failure)  372986K->8346K(1042944K), 0.0034076 secs]
6003.271: [GC (Allocation Failure)  362650K->8378K(1032704K), 0.0029952 secs]
6003.612: [GC (Allocation Failure)  352442K->8378K(1022976K), 0.0036603 secs]
6003.946: [GC (Allocation Failure)  342714K->8346K(1013760K), 0.0033352 secs]
6004.270: [GC (Allocation Failure)  333466K->8346K(1078784K), 0.0040275 secs]
6004.665: [GC (Allocation Failure)  398490K->8346K(1067520K), 0.0031894 secs]
6005.079: [GC (Allocation Failure)  387226K->8378K(1056256K), 0.0036458 secs]
6005.448: [GC (Allocation Failure)  375994K->8346K(1045504K), 0.0039974 secs]
6005.807: [GC (Allocation Failure)  365210K->8346K(1035264K), 0.0032656 secs]
6006.153: [GC (Allocation Failure)  354970K->8378K(1025536K), 0.0035404 secs]
6006.489: [GC (Allocation Failure)  345274K->8378K(1016320K), 0.0037448 secs]
6006.818: [GC (Allocation Failure)  336058K->8410K(1007616K), 0.0027129 secs]
6007.135: [GC (Allocation Failure)  327386K->8378K(998912K), 0.0035294 secs]
6007.445: [GC (Allocation Failure)  318650K->8378K(1061376K), 0.0036947 secs]
6007.827: [GC (Allocation Failure)  381114K->8378K(1050624K), 0.0035753 secs]
6008.189: [GC (Allocation Failure)  370362K->8378K(1123328K), 0.0040727 secs]
6008.645: [GC (Allocation Failure)  443066K->8378K(1110016K), 0.0036716 secs]
6009.082: [GC (Allocation Failure)  429754K->8346K(1097216K), 0.0035816 secs]
6009.491: [GC (Allocation Failure)  416922K->8378K(1084928K), 0.0032870 secs]
6009.890: [GC (Allocation Failure)  404666K->8378K(1073152K), 0.0033636 secs]
6010.321: [GC (Allocation Failure)  392890K->8378K(1061888K), 0.0039918 secs]
6010.692: [GC (Allocation Failure)  381626K->8346K(1051136K), 0.0037976 secs]
6011.053: [GC (Allocation Failure)  370842K->8346K(1040896K), 0.0031708 secs]
6011.404: [GC (Allocation Failure)  360602K->8378K(1031168K), 0.0038009 secs]
6011.746: [GC (Allocation Failure)  350906K->8442K(1021440K), 0.0033568 secs]
6012.076: [GC (Allocation Failure)  341242K->8378K(1012224K), 0.0033815 secs]
6012.398: [GC (Allocation Failure)  331962K->8378K(1003520K), 0.0032316 secs]
6012.710: [GC (Allocation Failure)  323258K->8346K(1066496K), 0.0039779 secs]
6013.085: [GC (Allocation Failure)  386202K->8378K(1055744K), 0.0033971 secs]
6013.450: [GC (Allocation Failure)  375482K->8378K(1044992K), 0.0031136 secs]
6013.811: [GC (Allocation Failure)  364730K->8346K(1034752K), 0.0039101 secs]
6014.172: [GC (Allocation Failure)  354458K->8378K(1025024K), 0.0037146 secs]
6014.507: [GC (Allocation Failure)  344762K->8378K(1015808K), 0.0030499 secs]
6014.832: [GC (Allocation Failure)  335546K->8378K(1081344K), 0.0038764 secs]
6015.222: [GC (Allocation Failure)  401082K->8346K(1160192K), 0.0048881 secs]
6015.699: [GC (Allocation Failure)  479898K->8378K(1145344K), 0.0034469 secs]
6016.153: [GC (Allocation Failure)  465082K->8378K(1131008K), 0.0034942 secs]
6016.600: [GC (Allocation Failure)  450746K->8410K(1117184K), 0.0034278 secs]
6017.025: [GC (Allocation Failure)  436954K->8442K(1103872K), 0.0030350 secs]
6017.437: [GC (Allocation Failure)  423674K->8410K(1091072K), 0.0035262 secs]
6017.837: [GC (Allocation Failure)  410842K->8346K(1079296K), 0.0042837 secs]
6018.230: [GC (Allocation Failure)  399002K->8378K(1068032K), 0.0040254 secs]
6018.615: [GC (Allocation Failure)  387770K->8346K(1056768K), 0.0035035 secs]
6018.982: [GC (Allocation Failure)  376474K->8378K(1046016K), 0.0037353 secs]
6019.338: [GC (Allocation Failure)  365754K->8346K(1035776K), 0.0037343 secs]
6019.684: [GC (Allocation Failure)  355482K->8378K(1026048K), 0.0037889 secs]
6020.021: [GC (Allocation Failure)  345786K->8378K(1016832K), 0.0035641 secs]
6020.347: [GC (Allocation Failure)  336570K->8410K(1008128K), 0.0027345 secs]
6020.709: [GC (Allocation Failure)  327898K->8378K(999424K), 0.0031817 secs]
6021.022: [GC (Allocation Failure)  319162K->8346K(991232K), 0.0031680 secs]
6021.323: [GC (Allocation Failure)  310938K->8378K(983552K), 0.0032739 secs]
6021.617: [GC (Allocation Failure)  303290K->8314K(1042944K), 0.0036537 secs]
6021.969: [GC (Allocation Failure)  362618K->8378K(1114112K), 0.0032996 secs]
6022.393: [GC (Allocation Failure)  433850K->8378K(1101312K), 0.0034884 secs]
6022.804: [GC (Allocation Failure)  421050K->8346K(1089024K), 0.0033585 secs]
6023.205: [GC (Allocation Failure)  408730K->8410K(1077248K), 0.0029198 secs]
6023.589: [GC (Allocation Failure)  397018K->8378K(1065984K), 0.0034770 secs]
6023.964: [GC (Allocation Failure)  385722K->8410K(1055232K), 0.0027539 secs]
6024.327: [GC (Allocation Failure)  375002K->8410K(1044480K), 0.0043601 secs]
6024.685: [GC (Allocation Failure)  364250K->8346K(1034240K), 0.0031836 secs]
6025.028: [GC (Allocation Failure)  353946K->8410K(1024512K), 0.0029892 secs]
6025.361: [GC (Allocation Failure)  344282K->8378K(1015296K), 0.0035852 secs]
6025.711: [GC (Allocation Failure)  335034K->8346K(1006592K), 0.0033186 secs]
6026.029: [GC (Allocation Failure)  326298K->8378K(997888K), 0.0029861 secs]
6026.337: [GC (Allocation Failure)  317626K->8346K(989696K), 0.0033742 secs]
6026.637: [GC (Allocation Failure)  309402K->8410K(982016K), 0.0031783 secs]
6026.930: [GC (Allocation Failure)  301786K->8346K(1040896K), 0.0040204 secs]
6027.282: [GC (Allocation Failure)  360602K->8378K(1111552K), 0.0040129 secs]
6027.730: [GC (Allocation Failure)  431290K->8378K(1196544K), 0.0035285 secs]
6028.237: [GC (Allocation Failure)  516282K->8410K(1180160K), 0.0029259 secs]
6028.727: [GC (Allocation Failure)  499930K->8378K(1164288K), 0.0036671 secs]
6029.200: [GC (Allocation Failure)  484026K->8378K(1148928K), 0.0029748 secs]
6029.659: [GC (Allocation Failure)  468666K->8378K(1134592K), 0.0032435 secs]
6030.103: [GC (Allocation Failure)  454330K->8378K(1120768K), 0.0037578 secs]
6030.535: [GC (Allocation Failure)  440506K->8346K(1107456K), 0.0032917 secs]
6030.954: [GC (Allocation Failure)  427162K->8378K(1094656K), 0.0033797 secs]
6031.359: [GC (Allocation Failure)  414394K->8410K(1082368K), 0.0034461 secs]
6031.752: [GC (Allocation Failure)  402138K->8346K(1070592K), 0.0041571 secs]
6032.134: [GC (Allocation Failure)  390298K->8346K(1059328K), 0.0035720 secs]
6032.504: [GC (Allocation Failure)  379034K->8346K(1048576K), 0.0040091 secs]
6032.866: [GC (Allocation Failure)  368282K->8346K(1038336K), 0.0041587 secs]
6033.220: [GC (Allocation Failure)  358042K->8378K(1028608K), 0.0036127 secs]
6033.569: [GC (Allocation Failure)  348346K->8378K(1019392K), 0.0033818 secs]
6033.899: [GC (Allocation Failure)  339130K->8378K(1010176K), 0.0029716 secs]
6034.220: [GC (Allocation Failure)  329914K->8378K(1001472K), 0.0029022 secs]
6034.532: [GC (Allocation Failure)  321210K->8378K(993280K), 0.0028917 secs]
6034.836: [GC (Allocation Failure)  313018K->8378K(985088K), 0.0038581 secs]
6035.134: [GC (Allocation Failure)  304826K->8378K(1044480K), 0.0038901 secs]
6035.490: [GC (Allocation Failure)  364218K->8410K(1115648K), 0.0037132 secs]
6035.916: [GC (Allocation Failure)  435418K->8378K(1102848K), 0.0036128 secs]
6036.345: [GC (Allocation Failure)  422586K->8378K(1090560K), 0.0031778 secs]
6036.745: [GC (Allocation Failure)  410298K->8378K(1078784K), 0.0032388 secs]
6037.133: [GC (Allocation Failure)  398522K->8410K(1067520K), 0.0037061 secs]
6037.512: [GC (Allocation Failure)  387290K->8314K(1056256K), 0.0034917 secs]
6037.879: [GC (Allocation Failure)  375930K->8346K(1045504K), 0.0035502 secs]
6038.242: [GC (Allocation Failure)  365210K->8378K(1035264K), 0.0035185 secs]
6038.600: [GC (Allocation Failure)  355002K->8346K(1025536K), 0.0034489 secs]
6038.937: [GC (Allocation Failure)  345242K->8378K(1016320K), 0.0033516 secs]
6039.265: [GC (Allocation Failure)  336058K->8410K(1007616K), 0.0030836 secs]
6039.581: [GC (Allocation Failure)  327386K->8346K(998912K), 0.0034695 secs]
6039.899: [GC (Allocation Failure)  318618K->8378K(990720K), 0.0033802 secs]
6040.199: [GC (Allocation Failure)  310458K->8346K(1051136K), 0.0040101 secs]
6040.559: [GC (Allocation Failure)  370842K->8346K(1040896K), 0.0029713 secs]
6040.913: [GC (Allocation Failure)  360602K->8346K(1031168K), 0.0032736 secs]
6041.257: [GC (Allocation Failure)  350874K->8410K(1099776K), 0.0044730 secs]
6041.691: [GC (Allocation Failure)  419546K->8378K(1087488K), 0.0031178 secs]
6042.087: [GC (Allocation Failure)  407226K->8410K(1075712K), 0.0034700 secs]
6042.472: [GC (Allocation Failure)  395482K->8410K(1064448K), 0.0028692 secs]
6042.843: [GC (Allocation Failure)  384218K->8378K(1053696K), 0.0030344 secs]
6043.207: [GC (Allocation Failure)  373434K->8378K(1043456K), 0.0033517 secs]
6043.560: [GC (Allocation Failure)  363194K->8378K(1033216K), 0.0030743 secs]
6043.903: [GC (Allocation Failure)  352954K->8378K(1023488K), 0.0028694 secs]
6044.235: [GC (Allocation Failure)  343226K->8442K(1014272K), 0.0027909 secs]
6044.559: [GC (Allocation Failure)  334074K->8378K(1005568K), 0.0029871 secs]
6044.876: [GC (Allocation Failure)  325306K->8410K(996864K), 0.0029740 secs]
6045.182: [GC (Allocation Failure)  316634K->8346K(988672K), 0.0032484 secs]
6045.480: [GC (Allocation Failure)  308378K->8346K(980992K), 0.0031477 secs]
6045.770: [GC (Allocation Failure)  300698K->8442K(973312K), 0.0032301 secs]
6046.059: [GC (Allocation Failure)  293114K->8346K(1030656K), 0.0034565 secs]
6046.407: [GC (Allocation Failure)  350362K->8378K(1020928K), 0.0032274 secs]
6046.766: [GC (Allocation Failure)  340666K->8378K(1087488K), 0.0046461 secs]
6047.162: [GC (Allocation Failure)  407226K->8378K(1167360K), 0.0035416 secs]
6047.637: [GC (Allocation Failure)  487098K->8410K(1152000K), 0.0032329 secs]
6048.096: [GC (Allocation Failure)  471770K->8378K(1137152K), 0.0029931 secs]
6048.540: [GC (Allocation Failure)  456890K->8410K(1123328K), 0.0038250 secs]
6048.972: [GC (Allocation Failure)  443098K->8410K(1110016K), 0.0039405 secs]
6049.391: [GC (Allocation Failure)  429786K->8378K(1097216K), 0.0042969 secs]
6049.797: [GC (Allocation Failure)  416954K->8410K(1084928K), 0.0034266 secs]
6050.192: [GC (Allocation Failure)  404698K->8346K(1073152K), 0.0028806 secs]
6050.577: [GC (Allocation Failure)  392858K->8346K(1061888K), 0.0033834 secs]
6050.953: [GC (Allocation Failure)  381594K->8410K(1051136K), 0.0034916 secs]
6051.325: [GC (Allocation Failure)  370906K->8346K(1040896K), 0.0052891 secs]
6051.679: [GC (Allocation Failure)  360602K->8378K(1031168K), 0.0033108 secs]
6052.051: [GC (Allocation Failure)  350906K->8378K(1021440K), 0.0035675 secs]
6052.384: [GC (Allocation Failure)  341178K->8410K(1012224K), 0.0031976 secs]
6052.709: [GC (Allocation Failure)  331994K->8378K(1003520K), 0.0036629 secs]
6053.026: [GC (Allocation Failure)  323258K->8346K(1066496K), 0.0042894 secs]
6053.406: [GC (Allocation Failure)  386202K->8442K(1142272K), 0.0032569 secs]
6053.862: [GC (Allocation Failure)  462074K->8378K(1127936K), 0.0032125 secs]
6054.308: [GC (Allocation Failure)  447674K->8378K(1114112K), 0.0028554 secs]
6054.747: [GC (Allocation Failure)  433850K->8378K(1101312K), 0.0039933 secs]
6055.164: [GC (Allocation Failure)  421050K->8410K(1089024K), 0.0036754 secs]
6055.565: [GC (Allocation Failure)  408794K->8378K(1077248K), 0.0030016 secs]
6055.953: [GC (Allocation Failure)  396986K->8378K(1065984K), 0.0030304 secs]
6056.330: [GC (Allocation Failure)  385722K->8378K(1055232K), 0.0030847 secs]
6056.696: [GC (Allocation Failure)  374970K->8378K(1044480K), 0.0031887 secs]
6057.079: [GC (Allocation Failure)  364218K->8378K(1034240K), 0.0034934 secs]
6057.425: [GC (Allocation Failure)  353978K->8346K(1024512K), 0.0032432 secs]
6057.762: [GC (Allocation Failure)  344218K->8346K(1015296K), 0.0030045 secs]
6058.088: [GC (Allocation Failure)  335002K->8378K(1006592K), 0.0031879 secs]
6058.406: [GC (Allocation Failure)  326330K->8378K(997888K), 0.0030465 secs]
6058.714: [GC (Allocation Failure)  317626K->8378K(989696K), 0.0036378 secs]
6059.014: [GC (Allocation Failure)  309434K->8410K(1050112K), 0.0038568 secs]
6059.375: [GC (Allocation Failure)  369882K->8378K(1039872K), 0.0031265 secs]
6059.726: [GC (Allocation Failure)  359610K->8410K(1030144K), 0.0037185 secs]
6060.072: [GC (Allocation Failure)  349914K->8346K(1020928K), 0.0031990 secs]
6060.408: [GC (Allocation Failure)  340634K->8410K(1087488K), 0.0037469 secs]
6060.809: [GC (Allocation Failure)  407258K->8378K(1167360K), 0.0050986 secs]
6061.295: [GC (Allocation Failure)  487098K->8410K(1152000K), 0.0031453 secs]
6061.757: [GC (Allocation Failure)  471770K->8378K(1137152K), 0.0039487 secs]
6062.239: [GC (Allocation Failure)  456890K->8346K(1123328K), 0.0036125 secs]
6062.678: [GC (Allocation Failure)  443034K->8378K(1110016K), 0.0034314 secs]
6063.100: [GC (Allocation Failure)  429754K->8346K(1097216K), 0.0025780 secs]
6063.507: [GC (Allocation Failure)  416922K->8378K(1084928K), 0.0030912 secs]
6063.904: [GC (Allocation Failure)  404666K->8410K(1073152K), 0.0037121 secs]
6064.289: [GC (Allocation Failure)  392922K->8410K(1061888K), 0.0044457 secs]
6064.673: [GC (Allocation Failure)  381658K->8410K(1051136K), 0.0030581 secs]
6065.045: [GC (Allocation Failure)  370906K->8346K(1040896K), 0.0040315 secs]
6065.398: [GC (Allocation Failure)  360602K->8378K(1031168K), 0.0029900 secs]
6065.740: [GC (Allocation Failure)  350906K->8346K(1021440K), 0.0030598 secs]
6066.072: [GC (Allocation Failure)  341146K->8410K(1012224K), 0.0038060 secs]
6066.396: [GC (Allocation Failure)  331994K->8346K(1003520K), 0.0035383 secs]
6066.709: [GC (Allocation Failure)  323226K->8378K(995328K), 0.0033975 secs]
6067.015: [GC (Allocation Failure)  315066K->8410K(1056768K), 0.0034712 secs]
6067.435: [GC (Allocation Failure)  376538K->8346K(1046016K), 0.0034824 secs]
6067.791: [GC (Allocation Failure)  365722K->8410K(1035776K), 0.0034165 secs]
6068.137: [GC (Allocation Failure)  355546K->8346K(1026048K), 0.0031836 secs]
6068.472: [GC (Allocation Failure)  345754K->8346K(1016832K), 0.0036322 secs]
6068.799: [GC (Allocation Failure)  336538K->8378K(1008128K), 0.0030877 secs]
6069.125: [GC (Allocation Failure)  327866K->8346K(999424K), 0.0035168 secs]
6069.445: [GC (Allocation Failure)  319130K->8378K(991232K), 0.0032031 secs]
6069.745: [GC (Allocation Failure)  310970K->8346K(983552K), 0.0029513 secs]
6070.039: [GC (Allocation Failure)  303258K->8410K(975872K), 0.0031699 secs]
6070.325: [GC (Allocation Failure)  295642K->8378K(1033728K), 0.0033015 secs]
6070.668: [GC (Allocation Failure)  353466K->8378K(1102848K), 0.0035197 secs]
6071.081: [GC (Allocation Failure)  422586K->8378K(1090560K), 0.0028841 secs]
6071.480: [GC (Allocation Failure)  410298K->8378K(1078784K), 0.0035265 secs]
6071.868: [GC (Allocation Failure)  398522K->8378K(1067520K), 0.0035877 secs]
6072.246: [GC (Allocation Failure)  387258K->8378K(1143296K), 0.0055199 secs]
6072.707: [GC (Allocation Failure)  463034K->8378K(1128960K), 0.0033726 secs]
6073.152: [GC (Allocation Failure)  448698K->8378K(1115136K), 0.0037976 secs]
6073.577: [GC (Allocation Failure)  434874K->8378K(1102336K), 0.0034122 secs]
6073.991: [GC (Allocation Failure)  422074K->8346K(1090048K), 0.0033813 secs]
6074.391: [GC (Allocation Failure)  409754K->8346K(1078272K), 0.0034523 secs]
6074.778: [GC (Allocation Failure)  397978K->8378K(1067008K), 0.0044695 secs]
6075.159: [GC (Allocation Failure)  386746K->8410K(1056256K), 0.0029146 secs]
6075.525: [GC (Allocation Failure)  376026K->8410K(1045504K), 0.0033918 secs]
6075.881: [GC (Allocation Failure)  365274K->8346K(1035264K), 0.0034223 secs]
6076.227: [GC (Allocation Failure)  354970K->8346K(1025536K), 0.0038995 secs]
6076.566: [GC (Allocation Failure)  345242K->8410K(1016320K), 0.0034323 secs]
6076.892: [GC (Allocation Failure)  336090K->8346K(1007616K), 0.0035758 secs]
6077.209: [GC (Allocation Failure)  327322K->8410K(998912K), 0.0033789 secs]
6077.518: [GC (Allocation Failure)  318682K->8346K(1061376K), 0.0139663 secs]
6077.906: [GC (Allocation Failure)  381082K->8346K(1050624K), 0.0036090 secs]
6078.266: [GC (Allocation Failure)  370330K->8378K(1123328K), 0.0038196 secs]
6078.705: [GC (Allocation Failure)  443066K->8378K(1110016K), 0.0036043 secs]
6079.129: [GC (Allocation Failure)  429754K->8410K(1097216K), 0.0031547 secs]
6079.536: [GC (Allocation Failure)  416986K->8410K(1084928K), 0.0032230 secs]
6079.933: [GC (Allocation Failure)  404698K->8346K(1073152K), 0.0031579 secs]
6080.316: [GC (Allocation Failure)  392858K->8410K(1061888K), 0.0036829 secs]
6080.687: [GC (Allocation Failure)  381658K->8346K(1051136K), 0.0032992 secs]
6081.049: [GC (Allocation Failure)  370842K->8346K(1040896K), 0.0036064 secs]
6081.403: [GC (Allocation Failure)  360602K->8378K(1031168K), 0.0029678 secs]
6081.745: [GC (Allocation Failure)  350906K->8378K(1021440K), 0.0029043 secs]
6082.077: [GC (Allocation Failure)  341178K->8410K(1012224K), 0.0031301 secs]
6082.400: [GC (Allocation Failure)  331994K->8346K(1003520K), 0.0038558 secs]
6082.715: [GC (Allocation Failure)  323226K->8378K(995328K), 0.0035376 secs]
6083.047: [GC (Allocation Failure)  315066K->8346K(1056768K), 0.0036544 secs]
6083.416: [GC (Allocation Failure)  376474K->8410K(1130496K), 0.0048589 secs]
6083.863: [GC (Allocation Failure)  450266K->8378K(1116672K), 0.0033010 secs]
6084.291: [GC (Allocation Failure)  436410K->8378K(1103360K), 0.0035566 secs]
6084.705: [GC (Allocation Failure)  423098K->8442K(1091072K), 0.0031427 secs]
6085.105: [GC (Allocation Failure)  410874K->8346K(1079296K), 0.0031118 secs]
6085.496: [GC (Allocation Failure)  399002K->8410K(1068032K), 0.0038447 secs]
6085.878: [GC (Allocation Failure)  387802K->8346K(1056768K), 0.0039155 secs]
6086.247: [GC (Allocation Failure)  376474K->8346K(1046016K), 0.0031433 secs]
6086.604: [GC (Allocation Failure)  365722K->8378K(1035776K), 0.0031283 secs]
6086.950: [GC (Allocation Failure)  355514K->8378K(1026048K), 0.0028931 secs]
6087.286: [GC (Allocation Failure)  345786K->8346K(1016832K), 0.0036674 secs]
6087.614: [GC (Allocation Failure)  336538K->8346K(1008128K), 0.0041924 secs]
6087.934: [GC (Allocation Failure)  327834K->8378K(999424K), 0.0032346 secs]
6088.300: [GC (Allocation Failure)  319162K->8346K(991232K), 0.0036806 secs]
6088.616: [GC (Allocation Failure)  310938K->8346K(983552K), 0.0033762 secs]
6088.913: [GC (Allocation Failure)  303258K->8378K(1042944K), 0.0040885 secs]
6089.271: [GC (Allocation Failure)  362682K->8378K(1114112K), 0.0033300 secs]
6089.695: [GC (Allocation Failure)  433850K->8410K(1101312K), 0.0031374 secs]
6090.107: [GC (Allocation Failure)  421082K->8346K(1089024K), 0.0033892 secs]
6090.507: [GC (Allocation Failure)  408730K->8378K(1077248K), 0.0035598 secs]
6090.897: [GC (Allocation Failure)  396986K->8378K(1065984K), 0.0033375 secs]
6091.277: [GC (Allocation Failure)  385722K->8378K(1055232K), 0.0033272 secs]
6091.645: [GC (Allocation Failure)  374970K->8410K(1044480K), 0.0032940 secs]
6092.011: [GC (Allocation Failure)  364250K->8378K(1034240K), 0.0035360 secs]
6092.366: [GC (Allocation Failure)  353978K->8378K(1024512K), 0.0038398 secs]
6092.705: [GC (Allocation Failure)  344250K->8346K(1015296K), 0.0036493 secs]
6093.031: [GC (Allocation Failure)  335002K->8346K(1006592K), 0.0035039 secs]
6093.350: [GC (Allocation Failure)  326298K->8346K(1070592K), 0.0037079 secs]
6093.732: [GC (Allocation Failure)  390298K->8378K(1059328K), 0.0027762 secs]
6094.103: [GC (Allocation Failure)  379066K->8378K(1048576K), 0.0038108 secs]
6094.466: [GC (Allocation Failure)  368314K->8410K(1038336K), 0.0031679 secs]
6094.814: [GC (Allocation Failure)  358106K->8346K(1028608K), 0.0031962 secs]
6095.152: [GC (Allocation Failure)  348314K->8346K(1019392K), 0.0033103 secs]
6095.480: [GC (Allocation Failure)  339098K->8378K(1010176K), 0.0037990 secs]
6095.801: [GC (Allocation Failure)  329914K->8346K(1074688K), 0.0036595 secs]
6096.192: [GC (Allocation Failure)  394394K->8378K(1063424K), 0.0032449 secs]
6096.565: [GC (Allocation Failure)  383162K->8378K(1052672K), 0.0033475 secs]
6096.927: [GC (Allocation Failure)  372410K->8346K(1042432K), 0.0032737 secs]
6097.279: [GC (Allocation Failure)  362138K->8378K(1032704K), 0.0035219 secs]
6097.626: [GC (Allocation Failure)  352442K->8410K(1022976K), 0.0028648 secs]
6097.957: [GC (Allocation Failure)  342746K->8442K(1013760K), 0.0026441 secs]
6098.281: [GC (Allocation Failure)  333562K->8346K(1005056K), 0.0031379 secs]
6098.649: [GC (Allocation Failure)  324762K->8378K(996352K), 0.0031670 secs]
6098.955: [GC (Allocation Failure)  316090K->8410K(988160K), 0.0027461 secs]
6099.253: [GC (Allocation Failure)  307930K->8410K(980480K), 0.0034244 secs]
6099.543: [GC (Allocation Failure)  300250K->8346K(972800K), 0.0035517 secs]
6099.827: [GC (Allocation Failure)  292506K->8346K(1029632K), 0.0035523 secs]
6100.164: [GC (Allocation Failure)  349338K->8346K(1020416K), 0.0029087 secs]
6100.496: [GC (Allocation Failure)  340122K->8346K(1011200K), 0.0029002 secs]
6100.817: [GC (Allocation Failure)  330906K->8410K(1002496K), 0.0035322 secs]
6101.129: [GC (Allocation Failure)  322266K->8378K(1065472K), 0.0034331 secs]
6101.514: [GC (Allocation Failure)  385210K->8378K(1054720K), 0.0033915 secs]
6101.877: [GC (Allocation Failure)  374458K->8378K(1044480K), 0.0039726 secs]
6102.230: [GC (Allocation Failure)  364218K->8378K(1034240K), 0.0031883 secs]
6102.571: [GC (Allocation Failure)  353978K->8410K(1024512K), 0.0024211 secs]
6102.902: [GC (Allocation Failure)  344282K->8378K(1015296K), 0.0032496 secs]
6103.225: [GC (Allocation Failure)  335034K->8378K(1006592K), 0.0030430 secs]
6103.539: [GC (Allocation Failure)  326330K->8410K(997888K), 0.0032551 secs]
6103.845: [GC (Allocation Failure)  317658K->8378K(989696K), 0.0033124 secs]
6104.144: [GC (Allocation Failure)  309434K->8378K(982016K), 0.0026552 secs]
6104.434: [GC (Allocation Failure)  301754K->8410K(974336K), 0.0032143 secs]
6104.717: [GC (Allocation Failure)  294106K->8410K(967168K), 0.0026767 secs]
6104.992: [GC (Allocation Failure)  286938K->8378K(960000K), 0.0031044 secs]
6105.261: [GC (Allocation Failure)  279738K->8378K(1014272K), 0.0041639 secs]
6105.585: [GC (Allocation Failure)  334010K->8346K(1079808K), 0.0033396 secs]
6105.973: [GC (Allocation Failure)  399514K->8346K(1158144K), 0.0030084 secs]
6106.438: [GC (Allocation Failure)  477850K->8378K(1143296K), 0.0030973 secs]
