Java HotSpot(TM) 64-Bit Server VM (25.91-b14) for linux-amd64 JRE (1.8.0_91-b14), built on Apr  1 2016 00:57:21 by "java_re" with gcc 4.3.0 20080428 (Red Hat 4.3.0-8)
Memory: 4k page, physical 10239976k(3859964k free), swap 4192252k(4192252k free)
CommandLine flags: -XX:InitialHeapSize=163839616 -XX:MaxHeapSize=2621433856 -XX:+PrintGC -XX:+PrintGCTimeStamps -XX:+UseCompressedClassPointers -XX:+UseCompressedOops 
0.664: [GC (Allocation Failure)  43136K->7440K(156416K), 0.0159198 secs]
0.862: [GC (Allocation Failure)  50576K->13989K(156416K), 0.0268930 secs]
1.067: [GC (Allocation Failure)  57125K->20069K(156416K), 0.0336864 secs]
1.351: [GC (Allocation Failure)  63205K->27013K(156416K), 0.0246031 secs]
1.534: [GC (Allocation Failure)  70149K->33243K(156416K), 0.0216080 secs]
1.792: [GC (Allocation Failure)  76379K->38917K(156416K), 0.0265713 secs]
1.989: [GC (Allocation Failure)  82053K->44721K(156416K), 0.0178163 secs]
2.190: [GC (Allocation Failure)  87857K->50624K(156416K), 0.0194947 secs]
2.375: [GC (Allocation Failure)  93760K->57343K(156416K), 0.0387809 secs]
2.629: [GC (Allocation Failure)  100479K->63626K(156416K), 0.0293358 secs]
2.844: [GC (Allocation Failure)  106762K->69500K(156416K), 0.0424522 secs]
3.064: [GC (Allocation Failure)  112636K->74615K(156416K), 0.0280624 secs]
3.257: [GC (Allocation Failure)  117751K->79757K(156416K), 0.0165011 secs]
3.423: [GC (Allocation Failure)  122893K->85562K(156416K), 0.0196432 secs]
3.546: [GC (Allocation Failure)  128698K->91540K(156416K), 0.0187617 secs]
3.665: [GC (Allocation Failure)  134676K->97274K(156416K), 0.0337596 secs]
3.788: [GC (Allocation Failure)  140410K->103372K(156416K), 0.0210415 secs]
3.881: [GC (Allocation Failure)  146508K->108193K(156416K), 0.0166336 secs]
3.977: [GC (Allocation Failure)  151329K->114192K(157376K), 0.0171461 secs]
3.994: [Full GC (Allocation Failure)  114192K->111042K(157376K), 0.2043539 secs]
4.480: [GC (Allocation Failure)  181565K->119734K(263168K), 0.0380502 secs]
5.090: [GC (Allocation Failure)  192438K->136945K(263168K), 0.0502850 secs]
5.705: [GC (Allocation Failure)  209649K->148642K(263168K), 0.0590464 secs]
6.277: [GC (Allocation Failure)  221346K->160799K(263168K), 0.0405775 secs]
6.887: [GC (Allocation Failure)  233503K->172673K(263168K), 0.0545803 secs]
7.499: [GC (Allocation Failure)  245377K->181708K(263168K), 0.0593455 secs]
8.061: [GC (Allocation Failure)  254412K->192078K(264896K), 0.0340378 secs]
8.096: [Full GC (Allocation Failure)  192078K->156359K(264896K), 0.2992653 secs]
9.061: [GC (Allocation Failure)  260743K->172294K(377976K), 0.0608695 secs]
9.624: [GC (Allocation Failure)  276678K->188283K(377976K), 0.1462280 secs]
9.943: [Full GC (System.gc())  221654K->170629K(377976K), 0.4630347 secs]
10.410: [Full GC (System.gc())  170629K->160489K(412384K), 0.3783170 secs]
10.795: [Full GC (System.gc())  160489K->160489K(412384K), 0.3837123 secs]
11.188: [Full GC (System.gc())  160489K->160489K(412384K), 0.3797249 secs]
11.569: [Full GC (System.gc())  160489K->160489K(412384K), 0.3112391 secs]
12.762: [Full GC (System.gc())  186010K->154358K(412384K), 0.3775068 secs]
13.143: [Full GC (System.gc())  154358K->154358K(412384K), 0.3776562 secs]
13.521: [Full GC (System.gc())  154358K->154358K(412384K), 0.3810234 secs]
13.902: [Full GC (System.gc())  154358K->154358K(412384K), 0.3146158 secs]
14.217: [Full GC (System.gc())  154358K->154358K(412384K), 0.3777433 secs]
14.648: [Full GC (System.gc())  156758K->155057K(412384K), 0.3780877 secs]
15.030: [Full GC (System.gc())  155057K->155057K(412384K), 0.3165187 secs]
15.350: [Full GC (System.gc())  155057K->155057K(412384K), 0.3399272 secs]
15.705: [Full GC (System.gc())  155057K->144636K(412384K), 0.3996420 secs]
16.116: [Full GC (System.gc())  144636K->144636K(412384K), 0.3538929 secs]
16.476: [Full GC (System.gc())  146904K->144638K(412384K), 0.3044721 secs]
16.791: [Full GC (System.gc())  144638K->144638K(412384K), 0.3815931 secs]
17.181: [Full GC (System.gc())  144638K->144631K(412384K), 0.3899690 secs]
17.574: [Full GC (System.gc())  144631K->144631K(412384K), 0.3167897 secs]
17.891: [Full GC (System.gc())  144631K->144631K(412384K), 0.3852009 secs]
20.867: [GC (Allocation Failure)  258423K->150938K(412384K), 0.0288347 secs]
22.710: [GC (Allocation Failure)  264730K->155555K(412384K), 0.0461878 secs]
24.101: [GC (Allocation Failure)  269347K->161293K(412384K), 0.1384786 secs]
26.621: [GC (Allocation Failure)  275085K->167051K(412384K), 0.0843636 secs]
28.467: [GC (Allocation Failure)  280843K->172343K(412384K), 0.0840330 secs]
30.311: [GC (Allocation Failure)  286135K->179982K(412384K), 0.0717633 secs]
32.048: [GC (Allocation Failure)  293774K->187482K(412384K), 0.0490397 secs]
33.489: [GC (Allocation Failure)  301274K->193289K(412384K), 0.0745947 secs]
35.770: [GC (Allocation Failure)  307081K->200234K(412384K), 0.0449726 secs]
37.630: [GC (Allocation Failure)  314026K->206801K(412384K), 0.1156197 secs]
39.595: [GC (Allocation Failure)  320593K->214002K(412384K), 0.1358141 secs]
41.590: [GC (Allocation Failure)  327794K->219598K(412384K), 0.0483598 secs]
43.523: [GC (Allocation Failure)  333390K->224972K(412384K), 0.0417543 secs]
44.937: [GC (Allocation Failure)  338764K->230405K(412384K), 0.1541781 secs]
47.355: [GC (Allocation Failure)  344197K->237133K(412384K), 0.1067511 secs]
50.338: [GC (Allocation Failure)  350925K->243820K(412384K), 0.1593984 secs]
53.379: [GC (Allocation Failure)  357612K->252652K(412384K), 0.1571242 secs]
55.419: [GC (Allocation Failure)  366444K->260005K(412384K), 0.2298422 secs]
58.149: [GC (Allocation Failure)  373797K->264228K(412384K), 0.0641571 secs]
59.994: [GC (Allocation Failure)  378020K->269737K(412384K), 0.0656412 secs]
60.982: [GC (Allocation Failure)  383529K->276695K(412384K), 0.0504800 secs]
62.261: [GC (Allocation Failure)  390487K->281269K(412384K), 0.0847603 secs]
63.831: [GC (Allocation Failure)  395061K->287219K(412384K), 0.0459408 secs]
65.394: [GC (Allocation Failure)  401011K->291659K(412384K), 0.0532022 secs]
67.021: [GC (Allocation Failure)  405451K->295811K(414880K), 0.0535717 secs]
67.075: [Full GC (Allocation Failure)  295811K->276292K(414880K), 0.7651723 secs]
70.912: [GC (Allocation Failure)  460612K->288481K(667788K), 0.0935330 secs]
73.726: [GC (Allocation Failure)  472801K->296748K(667788K), 0.0886414 secs]
76.214: [GC (Allocation Failure)  481068K->305401K(667788K), 0.1007459 secs]
78.381: [GC (Allocation Failure)  489721K->311658K(667788K), 0.0649137 secs]
81.437: [GC (Allocation Failure)  495978K->323535K(667788K), 0.1277468 secs]
84.286: [GC (Allocation Failure)  507855K->334367K(667788K), 0.0813449 secs]
86.399: [GC (Allocation Failure)  518687K->345802K(667788K), 0.0720884 secs]
88.245: [GC (Allocation Failure)  530122K->350302K(667788K), 0.0839105 secs]
90.610: [GC (Allocation Failure)  534613K->362776K(667788K), 0.1018782 secs]
93.055: [GC (Allocation Failure)  547096K->370459K(667788K), 0.1028679 secs]
95.462: [GC (Allocation Failure)  554779K->377527K(667788K), 0.1102636 secs]
98.377: [GC (Allocation Failure)  561847K->389667K(667788K), 0.1107887 secs]
101.437: [GC (Allocation Failure)  573987K->407774K(667788K), 0.1558660 secs]
104.638: [GC (Allocation Failure)  592094K->424229K(667788K), 0.0697243 secs]
109.725: [GC (Allocation Failure)  608549K->450043K(667788K), 0.2128320 secs]
113.070: [GC (Allocation Failure)  634363K->462827K(667788K), 0.1127929 secs]
115.290: [GC (Allocation Failure)  647147K->471422K(669900K), 0.0979464 secs]
115.388: [Full GC (Allocation Failure)  471422K->388193K(669900K), 1.3424256 secs]
120.295: [GC (Allocation Failure)  647073K->412894K(938192K), 0.1192852 secs]
123.018: [GC (Allocation Failure)  671774K->425588K(938192K), 0.0736496 secs]
125.855: [GC (Allocation Failure)  684468K->444965K(938192K), 0.1529646 secs]
129.475: [GC (Allocation Failure)  703845K->457672K(938192K), 0.0978318 secs]
132.514: [GC (Allocation Failure)  716552K->474823K(938192K), 0.0782207 secs]
134.269: [GC (Allocation Failure)  733703K->499722K(938192K), 0.0943569 secs]
136.396: [GC (Allocation Failure)  758602K->527813K(938192K), 0.1818584 secs]
137.668: [GC (Allocation Failure)  786693K->593255K(938192K), 0.1666665 secs]
138.678: [GC (Allocation Failure)  852135K->641727K(938192K), 0.0787305 secs]
139.804: [GC (Allocation Failure)  900607K->706701K(965648K), 0.1382731 secs]
139.943: [Full GC (Allocation Failure)  706701K->545714K(965648K), 1.3675186 secs]
143.788: [GC (Allocation Failure)  909618K->588857K(1318868K), 0.1521112 secs]
145.897: [GC (Allocation Failure)  952761K->649136K(1318868K), 0.1202438 secs]
148.319: [GC (Allocation Failure)  1013040K->739202K(1318868K), 0.1378765 secs]
151.502: [GC (Allocation Failure)  1103106K->764213K(1318868K), 0.1385507 secs]
154.212: [GC (Allocation Failure)  1128117K->786713K(1318868K), 0.1159905 secs]
156.348: [GC (Allocation Failure)  1150617K->799174K(1318868K), 0.0825076 secs]
158.779: [GC (Allocation Failure)  1163078K->812992K(1318868K), 0.1224622 secs]
162.859: [GC (Allocation Failure)  1176896K->829210K(1318868K), 0.1538790 secs]
165.286: [GC (Allocation Failure)  1193114K->851490K(1318868K), 0.1487748 secs]
168.302: [GC (Allocation Failure)  1215394K->866194K(1318868K), 0.1316561 secs]
171.932: [GC (Allocation Failure)  1230098K->883629K(1318868K), 0.1703327 secs]
175.183: [GC (Allocation Failure)  1247533K->935896K(1318868K), 0.1380610 secs]
176.169: [GC (Allocation Failure)  1299800K->1072512K(1436504K), 0.2706729 secs]
176.439: [Full GC (Allocation Failure)  1072512K->783604K(1436504K), 2.3476265 secs]
181.282: [GC (Allocation Failure)  1306100K->851990K(1893784K), 0.3963371 secs]
187.545: [GC (Allocation Failure)  1374486K->877906K(1893784K), 0.3268581 secs]
190.554: [GC (Allocation Failure)  1400402K->900218K(1893784K), 0.0993894 secs]
193.138: [GC (Allocation Failure)  1422714K->933167K(1893784K), 0.1615005 secs]
196.006: [GC (Allocation Failure)  1455663K->951781K(1893784K), 0.1734154 secs]
198.256: [GC (Allocation Failure)  1474277K->1111119K(1893784K), 0.1795415 secs]
200.189: [GC (Allocation Failure)  1633615K->1245725K(1893784K), 0.1619820 secs]
202.421: [GC (Allocation Failure)  1768221K->1274107K(1893784K), 0.0941120 secs]
203.854: [GC (Allocation Failure)  1796603K->1480961K(2003608K), 0.1815108 secs]
204.036: [Full GC (Allocation Failure)  1480961K->983930K(2003608K), 2.3659539 secs]
208.479: [GC (Allocation Failure)  1639930K->1277774K(2377868K), 0.1813440 secs]
210.661: [Full GC (System.gc())  1815743K->952755K(2377868K), 2.3107036 secs]
212.972: [Full GC (System.gc())  952755K->952755K(2377868K), 1.8438459 secs]
214.817: [Full GC (System.gc())  952755K->952755K(2377868K), 1.8010946 secs]
216.618: [Full GC (System.gc())  952755K->952755K(2377868K), 1.8708907 secs]
218.489: [Full GC (System.gc())  952755K->952755K(2377868K), 2.0706085 secs]
222.537: [GC (Allocation Failure)  1608755K->968846K(2377868K), 0.0667845 secs]
