Java HotSpot(TM) 64-Bit Server VM (25.74-b02) for linux-amd64 JRE (1.8.0_74-b02), built on Jan 29 2016 19:20:56 by "java_re" with gcc 4.3.0 20080428 (Red Hat 4.3.0-8)
Memory: 4k page, physical 65960280k(4353028k free), swap 32767996k(32756512k free)
CommandLine flags: -XX:InitialHeapSize=1055364480 -XX:MaxHeapSize=16885831680 -XX:+PrintGC -XX:+PrintGCTimeStamps -XX:+UseCompressedClassPointers -XX:+UseCompressedOops -XX:+UseParallelGC 
0.874: [GC (Allocation Failure)  258048K->14509K(989184K), 0.0312889 secs]
866.665: [GC (Allocation Failure)  272557K->9449K(1247232K), 0.0226877 secs]
867.382: [GC (Allocation Failure)  525545K->8506K(1247232K), 0.0118518 secs]
867.854: [GC (Allocation Failure)  524602K->8306K(1763328K), 0.0332804 secs]
869.172: [GC (Allocation Failure)  1040498K->8402K(1763328K), 0.0167709 secs]
870.121: [GC (Allocation Failure)  1040594K->8442K(2766336K), 0.0159831 secs]
872.731: [GC (Allocation Failure)  2072826K->8558K(2766848K), 0.0229882 secs]
874.694: [GC (Allocation Failure)  2072942K->8358K(4831744K), 0.0063110 secs]
880.071: [GC (Allocation Failure)  4136102K->8414K(4622336K), 0.0095186 secs]
883.713: [GC (Allocation Failure)  3942110K->8350K(4438016K), 0.0035845 secs]
887.198: [GC (Allocation Failure)  3757726K->8334K(4279296K), 0.0041041 secs]
890.507: [GC (Allocation Failure)  3582606K->8398K(4096512K), 0.0072665 secs]
893.694: [GC (Allocation Failure)  3416270K->8366K(3954688K), 0.0044726 secs]
896.710: [GC (Allocation Failure)  3258030K->8342K(3787776K), 0.0076008 secs]
899.576: [GC (Allocation Failure)  3107478K->8374K(3660288K), 0.0035664 secs]
902.275: [GC (Allocation Failure)  2964662K->8374K(3509248K), 0.0075404 secs]
904.869: [GC (Allocation Failure)  2828982K->8374K(3394560K), 0.0041935 secs]
907.385: [GC (Allocation Failure)  2699958K->8374K(3257856K), 0.0087032 secs]
909.767: [GC (Allocation Failure)  2577590K->8342K(3153920K), 0.0040310 secs]
912.017: [GC (Allocation Failure)  2460822K->8342K(3030528K), 0.0066977 secs]
914.163: [GC (Allocation Failure)  2350230K->8342K(2936832K), 0.0043294 secs]
916.203: [GC (Allocation Failure)  2244758K->8374K(2825216K), 0.0069194 secs]
918.149: [GC (Allocation Failure)  2144950K->8374K(2740224K), 0.0043037 secs]
920.025: [GC (Allocation Failure)  2049718K->8342K(2639872K), 0.0064782 secs]
921.810: [GC (Allocation Failure)  1959574K->8374K(2563072K), 0.0034073 secs]
923.522: [GC (Allocation Failure)  1873590K->8374K(2471936K), 0.0054322 secs]
925.185: [GC (Allocation Failure)  1791670K->8374K(2402304K), 0.0032721 secs]
926.773: [GC (Allocation Failure)  1713846K->8374K(2320384K), 0.0060019 secs]
928.268: [GC (Allocation Failure)  1640118K->8374K(2257408K), 0.0050098 secs]
929.726: [GC (Allocation Failure)  1569974K->8374K(2183680K), 0.0054030 secs]
931.107: [GC (Allocation Failure)  1503414K->8342K(2126336K), 0.0038721 secs]
932.416: [GC (Allocation Failure)  1439894K->8374K(2059776K), 0.0047373 secs]
933.674: [GC (Allocation Failure)  1379510K->8374K(2007552K), 0.0043974 secs]
934.866: [GC (Allocation Failure)  1322166K->8342K(1947648K), 0.0272786 secs]
936.028: [GC (Allocation Failure)  1267350K->8342K(1900032K), 0.0030225 secs]
937.120: [GC (Allocation Failure)  1215126K->8374K(1845760K), 0.0046285 secs]
938.174: [GC (Allocation Failure)  1165494K->8342K(1802240K), 0.0034050 secs]
939.168: [GC (Allocation Failure)  1118358K->8374K(1754112K), 0.0042325 secs]
940.139: [GC (Allocation Failure)  1073846K->8374K(1714688K), 0.0034241 secs]
941.102: [GC (Allocation Failure)  1031350K->8374K(1671168K), 0.0045644 secs]
942.013: [GC (Allocation Failure)  990902K->8406K(1635328K), 0.0035300 secs]
942.871: [GC (Allocation Failure)  952534K->8374K(1595904K), 0.0045034 secs]
943.695: [GC (Allocation Failure)  915638K->8374K(1563136K), 0.0037151 secs]
944.482: [GC (Allocation Failure)  880822K->8374K(1527808K), 0.0037799 secs]
945.243: [GC (Allocation Failure)  847542K->8374K(1498112K), 0.0030053 secs]
946.011: [GC (Allocation Failure)  815798K->8342K(1465856K), 0.0036046 secs]
946.715: [GC (Allocation Failure)  785558K->8342K(1438720K), 0.0032594 secs]
947.389: [GC (Allocation Failure)  756886K->8374K(1409536K), 0.0035958 secs]
948.041: [GC (Allocation Failure)  729270K->8374K(1384960K), 0.0034121 secs]
948.668: [GC (Allocation Failure)  703158K->8374K(1358336K), 0.0047731 secs]
949.277: [GC (Allocation Failure)  678070K->8342K(1335296K), 0.0036675 secs]
949.859: [GC (Allocation Failure)  653974K->8342K(1311232K), 0.0040206 secs]
950.425: [GC (Allocation Failure)  630934K->8406K(1290752K), 0.0030156 secs]
950.968: [GC (Allocation Failure)  609494K->8342K(1268736K), 0.0040173 secs]
951.495: [GC (Allocation Failure)  588438K->8374K(1249280K), 0.0037160 secs]
952.004: [GC (Allocation Failure)  568502K->8374K(1229824K), 0.0034364 secs]
952.493: [GC (Allocation Failure)  549558K->8374K(1212416K), 0.0031065 secs]
952.965: [GC (Allocation Failure)  531638K->8342K(1194496K), 0.0037595 secs]
953.422: [GC (Allocation Failure)  514198K->8342K(1178624K), 0.0034307 secs]
953.866: [GC (Allocation Failure)  497814K->8374K(1162240K), 0.0040641 secs]
954.296: [GC (Allocation Failure)  481974K->8342K(1147904K), 0.0035732 secs]
954.713: [GC (Allocation Failure)  467094K->8406K(1133056K), 0.0037819 secs]
955.118: [GC (Allocation Failure)  452822K->8374K(1119232K), 0.0034649 secs]
955.513: [GC (Allocation Failure)  438966K->8342K(1105920K), 0.0029601 secs]
955.920: [GC (Allocation Failure)  425622K->8374K(1093120K), 0.0030948 secs]
956.292: [GC (Allocation Failure)  412854K->8374K(1080832K), 0.0040001 secs]
956.652: [GC (Allocation Failure)  400566K->8374K(1069056K), 0.0030332 secs]
957.004: [GC (Allocation Failure)  388790K->8342K(1057792K), 0.0029120 secs]
957.345: [GC (Allocation Failure)  377494K->8342K(1047040K), 0.0033216 secs]
957.676: [GC (Allocation Failure)  366742K->8342K(1036800K), 0.0035404 secs]
957.998: [GC (Allocation Failure)  356502K->8342K(1027072K), 0.0034201 secs]
958.310: [GC (Allocation Failure)  346774K->8374K(1017856K), 0.0032457 secs]
958.614: [GC (Allocation Failure)  337590K->8350K(1083904K), 0.0041362 secs]
958.986: [GC (Allocation Failure)  403614K->8414K(1163264K), 0.0039241 secs]
959.433: [GC (Allocation Failure)  483038K->8414K(1147904K), 0.0036828 secs]
959.861: [GC (Allocation Failure)  467678K->8414K(1133568K), 0.0029219 secs]
960.272: [GC (Allocation Failure)  453342K->8382K(1119744K), 0.0032428 secs]
960.669: [GC (Allocation Failure)  439486K->8382K(1106432K), 0.0028828 secs]
961.130: [GC (Allocation Failure)  426174K->8350K(1093632K), 0.0034144 secs]
961.506: [GC (Allocation Failure)  413342K->8382K(1081344K), 0.0034832 secs]
961.867: [GC (Allocation Failure)  401086K->8414K(1069568K), 0.0032711 secs]
962.218: [GC (Allocation Failure)  389342K->8382K(1058304K), 0.0030852 secs]
962.558: [GC (Allocation Failure)  378046K->8350K(1047552K), 0.0032833 secs]
962.888: [GC (Allocation Failure)  367262K->8414K(1037312K), 0.0032079 secs]
963.212: [GC (Allocation Failure)  357086K->8382K(1027584K), 0.0040042 secs]
963.527: [GC (Allocation Failure)  347326K->8350K(1018368K), 0.0034746 secs]
963.835: [GC (Allocation Failure)  338078K->8350K(1084416K), 0.0043151 secs]
964.207: [GC (Allocation Failure)  404126K->8382K(1163776K), 0.0031839 secs]
964.643: [GC (Allocation Failure)  483518K->8382K(1148416K), 0.0028956 secs]
965.065: [GC (Allocation Failure)  468158K->8382K(1134080K), 0.0034240 secs]
965.472: [GC (Allocation Failure)  453822K->8382K(1120256K), 0.0036402 secs]
965.876: [GC (Allocation Failure)  439998K->8382K(1106944K), 0.0043409 secs]
966.266: [GC (Allocation Failure)  426686K->8350K(1094144K), 0.0035664 secs]
966.635: [GC (Allocation Failure)  413854K->8382K(1081856K), 0.0033778 secs]
966.995: [GC (Allocation Failure)  401598K->8382K(1070080K), 0.0035498 secs]
967.345: [GC (Allocation Failure)  389822K->8414K(1058816K), 0.0030943 secs]
967.682: [GC (Allocation Failure)  378590K->8350K(1048064K), 0.0034991 secs]
968.011: [GC (Allocation Failure)  367774K->8414K(1037824K), 0.0035453 secs]
968.332: [GC (Allocation Failure)  357598K->8382K(1028096K), 0.0033167 secs]
968.649: [GC (Allocation Failure)  347838K->8414K(1096192K), 0.0044843 secs]
969.030: [GC (Allocation Failure)  415966K->8350K(1178112K), 0.0033083 secs]
969.473: [GC (Allocation Failure)  497822K->8382K(1162240K), 0.0036234 secs]
969.902: [GC (Allocation Failure)  481982K->8382K(1147392K), 0.0034003 secs]
970.316: [GC (Allocation Failure)  467134K->8382K(1133056K), 0.0033086 secs]
970.722: [GC (Allocation Failure)  452798K->8350K(1119232K), 0.0027401 secs]
971.113: [GC (Allocation Failure)  438942K->8382K(1105920K), 0.0048089 secs]
971.516: [GC (Allocation Failure)  425662K->8382K(1093120K), 0.0033716 secs]
971.886: [GC (Allocation Failure)  412862K->8350K(1080832K), 0.0031894 secs]
972.244: [GC (Allocation Failure)  400542K->8382K(1069056K), 0.0027853 secs]
972.591: [GC (Allocation Failure)  388798K->8350K(1057792K), 0.0036126 secs]
972.938: [GC (Allocation Failure)  377502K->8382K(1047040K), 0.0036786 secs]
973.268: [GC (Allocation Failure)  366782K->8350K(1036800K), 0.0032534 secs]
973.587: [GC (Allocation Failure)  356510K->8350K(1027072K), 0.0037638 secs]
973.900: [GC (Allocation Failure)  346782K->8382K(1017856K), 0.0031370 secs]
974.203: [GC (Allocation Failure)  337598K->8350K(1083904K), 0.0036786 secs]
974.572: [GC (Allocation Failure)  403614K->8382K(1163264K), 0.0043118 secs]
975.016: [GC (Allocation Failure)  483006K->8382K(1147904K), 0.0035127 secs]
975.437: [GC (Allocation Failure)  467646K->8382K(1133568K), 0.0030821 secs]
975.848: [GC (Allocation Failure)  453310K->8350K(1119744K), 0.0034964 secs]
976.247: [GC (Allocation Failure)  439454K->8382K(1106432K), 0.0038002 secs]
976.656: [GC (Allocation Failure)  426174K->8350K(1093632K), 0.0040878 secs]
977.035: [GC (Allocation Failure)  413342K->8350K(1081344K), 0.0037269 secs]
977.402: [GC (Allocation Failure)  401054K->8382K(1069568K), 0.0032551 secs]
977.753: [GC (Allocation Failure)  389310K->8350K(1058304K), 0.0029077 secs]
978.093: [GC (Allocation Failure)  378014K->8382K(1047552K), 0.0028244 secs]
978.424: [GC (Allocation Failure)  367294K->8382K(1037312K), 0.0035268 secs]
978.749: [GC (Allocation Failure)  357054K->8382K(1027584K), 0.0025687 secs]
979.062: [GC (Allocation Failure)  347326K->8350K(1018368K), 0.0035039 secs]
979.371: [GC (Allocation Failure)  338078K->8350K(1009152K), 0.0036469 secs]
979.669: [GC (Allocation Failure)  328862K->8382K(1073664K), 0.0033322 secs]
980.025: [GC (Allocation Failure)  393406K->8350K(1150976K), 0.0045929 secs]
980.456: [GC (Allocation Failure)  470686K->8382K(1243648K), 0.0040329 secs]
980.964: [GC (Allocation Failure)  563390K->8382K(1225216K), 0.0029494 secs]
981.452: [GC (Allocation Failure)  544958K->8350K(1207296K), 0.0049939 secs]
981.955: [GC (Allocation Failure)  527006K->8350K(1190400K), 0.0035328 secs]
982.415: [GC (Allocation Failure)  510110K->8350K(1174016K), 0.0035138 secs]
982.862: [GC (Allocation Failure)  493726K->8350K(1158656K), 0.0034006 secs]
983.293: [GC (Allocation Failure)  478366K->8382K(1143808K), 0.0031032 secs]
983.711: [GC (Allocation Failure)  463550K->8382K(1129472K), 0.0032844 secs]
984.116: [GC (Allocation Failure)  449214K->8382K(1115648K), 0.0035783 secs]
984.514: [GC (Allocation Failure)  435390K->8350K(1102848K), 0.0039578 secs]
984.895: [GC (Allocation Failure)  422558K->8350K(1090560K), 0.0027741 secs]
985.264: [GC (Allocation Failure)  410270K->8382K(1078784K), 0.0032578 secs]
985.624: [GC (Allocation Failure)  398526K->8382K(1067520K), 0.0034629 secs]
985.974: [GC (Allocation Failure)  387262K->8350K(1056256K), 0.0027787 secs]
986.317: [GC (Allocation Failure)  375966K->8350K(1045504K), 0.0039022 secs]
986.647: [GC (Allocation Failure)  365214K->8382K(1035264K), 0.0034598 secs]
986.996: [GC (Allocation Failure)  355006K->8382K(1025536K), 0.0031339 secs]
987.307: [GC (Allocation Failure)  345278K->8382K(1016320K), 0.0030037 secs]
987.609: [GC (Allocation Failure)  336062K->8382K(1007616K), 0.0034675 secs]
987.902: [GC (Allocation Failure)  327358K->8382K(998912K), 0.0030080 secs]
988.188: [GC (Allocation Failure)  318654K->8382K(1061376K), 0.0037430 secs]
988.531: [GC (Allocation Failure)  381118K->8414K(1050624K), 0.0029331 secs]
988.862: [GC (Allocation Failure)  370398K->8382K(1040384K), 0.0027840 secs]
989.188: [GC (Allocation Failure)  360126K->8382K(1030656K), 0.0030915 secs]
989.503: [GC (Allocation Failure)  350398K->8382K(1020928K), 0.0031210 secs]
989.808: [GC (Allocation Failure)  340670K->8382K(1011712K), 0.0032212 secs]
990.103: [GC (Allocation Failure)  331454K->8350K(1003008K), 0.0027039 secs]
990.392: [GC (Allocation Failure)  322718K->8350K(1065984K), 0.0035897 secs]
990.736: [GC (Allocation Failure)  385694K->8414K(1141760K), 0.0036706 secs]
991.148: [GC (Allocation Failure)  461534K->8350K(1127424K), 0.0037437 secs]
991.546: [GC (Allocation Failure)  447134K->8414K(1114112K), 0.0030392 secs]
991.931: [GC (Allocation Failure)  433886K->8414K(1101312K), 0.0031519 secs]
992.305: [GC (Allocation Failure)  421086K->8350K(1089024K), 0.0029669 secs]
992.668: [GC (Allocation Failure)  408734K->8382K(1077248K), 0.0028303 secs]
993.021: [GC (Allocation Failure)  396990K->8350K(1065984K), 0.0032673 secs]
993.365: [GC (Allocation Failure)  385694K->8382K(1055232K), 0.0031068 secs]
993.700: [GC (Allocation Failure)  374974K->8382K(1044480K), 0.0031519 secs]
994.025: [GC (Allocation Failure)  364222K->8350K(1034240K), 0.0028996 secs]
994.341: [GC (Allocation Failure)  353950K->8382K(1024512K), 0.0033026 secs]
994.649: [GC (Allocation Failure)  344254K->8350K(1015296K), 0.0028023 secs]
994.947: [GC (Allocation Failure)  335006K->8382K(1080832K), 0.0041070 secs]
995.305: [GC (Allocation Failure)  400574K->8414K(1069056K), 0.0030251 secs]
995.651: [GC (Allocation Failure)  388830K->8382K(1057792K), 0.0034443 secs]
995.991: [GC (Allocation Failure)  377534K->8350K(1047040K), 0.0031555 secs]
996.322: [GC (Allocation Failure)  366750K->8414K(1036800K), 0.0039014 secs]
996.644: [GC (Allocation Failure)  356574K->8382K(1027072K), 0.0029548 secs]
996.959: [GC (Allocation Failure)  346814K->8382K(1017856K), 0.0031650 secs]
997.294: [GC (Allocation Failure)  337598K->8350K(1008640K), 0.0034375 secs]
997.598: [GC (Allocation Failure)  328350K->8350K(1072640K), 0.0047021 secs]
997.958: [GC (Allocation Failure)  392350K->8382K(1149440K), 0.0030881 secs]
998.379: [GC (Allocation Failure)  469182K->8414K(1241600K), 0.0042425 secs]
998.887: [GC (Allocation Failure)  561374K->8350K(1223168K), 0.0031811 secs]
999.379: [GC (Allocation Failure)  542878K->8382K(1205248K), 0.0034022 secs]
999.855: [GC (Allocation Failure)  524990K->8382K(1188352K), 0.0039480 secs]
1000.317: [GC (Allocation Failure)  508094K->8318K(1171968K), 0.0038933 secs]
1000.760: [GC (Allocation Failure)  491646K->8382K(1156608K), 0.0034310 secs]
1001.193: [GC (Allocation Failure)  476350K->8382K(1141760K), 0.0036081 secs]
1001.609: [GC (Allocation Failure)  461502K->8382K(1127424K), 0.0030846 secs]
1002.015: [GC (Allocation Failure)  447166K->8414K(1114112K), 0.0029604 secs]
1002.438: [GC (Allocation Failure)  433886K->8350K(1101312K), 0.0049099 secs]
1002.818: [GC (Allocation Failure)  421022K->8382K(1089024K), 0.0040986 secs]
1003.192: [GC (Allocation Failure)  408766K->8382K(1077248K), 0.0035510 secs]
1003.550: [GC (Allocation Failure)  396990K->8350K(1065984K), 0.0033930 secs]
1003.906: [GC (Allocation Failure)  385694K->8414K(1055232K), 0.0032914 secs]
1004.243: [GC (Allocation Failure)  375006K->8350K(1044480K), 0.0034632 secs]
1004.570: [GC (Allocation Failure)  364190K->8414K(1034240K), 0.0026761 secs]
1004.885: [GC (Allocation Failure)  354014K->8414K(1024512K), 0.0037695 secs]
1005.192: [GC (Allocation Failure)  344286K->8382K(1092096K), 0.0035131 secs]
1005.557: [GC (Allocation Failure)  411838K->8350K(1079808K), 0.0034190 secs]
1005.915: [GC (Allocation Failure)  399518K->8382K(1068032K), 0.0035253 secs]
1006.261: [GC (Allocation Failure)  387774K->8350K(1056768K), 0.0036158 secs]
1006.596: [GC (Allocation Failure)  376478K->8414K(1130496K), 0.0041351 secs]
1007.001: [GC (Allocation Failure)  450270K->8382K(1116672K), 0.0034957 secs]
1007.389: [GC (Allocation Failure)  436414K->8382K(1103360K), 0.0031698 secs]
1007.801: [GC (Allocation Failure)  423102K->8382K(1091072K), 0.0035894 secs]
1008.172: [GC (Allocation Failure)  410814K->8414K(1079296K), 0.0036450 secs]
1008.532: [GC (Allocation Failure)  399070K->8382K(1068032K), 0.0033665 secs]
1008.882: [GC (Allocation Failure)  387774K->8382K(1056768K), 0.0038952 secs]
1009.221: [GC (Allocation Failure)  376510K->8382K(1046016K), 0.0038108 secs]
1009.553: [GC (Allocation Failure)  365758K->8382K(1117696K), 0.0037019 secs]
1009.948: [GC (Allocation Failure)  437438K->8382K(1203712K), 0.0038743 secs]
1010.417: [GC (Allocation Failure)  523454K->8350K(1186816K), 0.0040717 secs]
1010.877: [GC (Allocation Failure)  506526K->8350K(1170432K), 0.0029991 secs]
1011.320: [GC (Allocation Failure)  490142K->8350K(1155072K), 0.0039540 secs]
1011.747: [GC (Allocation Failure)  474782K->8414K(1140224K), 0.0035568 secs]
1012.165: [GC (Allocation Failure)  459998K->8382K(1125888K), 0.0037926 secs]
1012.565: [GC (Allocation Failure)  445630K->8382K(1112576K), 0.0031254 secs]
1012.975: [GC (Allocation Failure)  432318K->8382K(1099776K), 0.0036145 secs]
1013.366: [GC (Allocation Failure)  419518K->8382K(1087488K), 0.0033775 secs]
1013.745: [GC (Allocation Failure)  407230K->8350K(1075712K), 0.0036654 secs]
1014.111: [GC (Allocation Failure)  395422K->8382K(1064448K), 0.0038850 secs]
1014.470: [GC (Allocation Failure)  384190K->8382K(1053696K), 0.0039356 secs]
1014.824: [GC (Allocation Failure)  373438K->8382K(1043456K), 0.0036126 secs]
1015.158: [GC (Allocation Failure)  363198K->8350K(1033216K), 0.0036925 secs]
1015.496: [GC (Allocation Failure)  352926K->8414K(1023488K), 0.0034184 secs]
1015.813: [GC (Allocation Failure)  343262K->8398K(1090560K), 0.0037146 secs]
1016.191: [GC (Allocation Failure)  410318K->8366K(1170944K), 0.0041462 secs]
1016.642: [GC (Allocation Failure)  490670K->8366K(1267712K), 0.0049996 secs]
1017.188: [GC (Allocation Failure)  587438K->8398K(1383936K), 0.0049044 secs]
1017.838: [GC (Allocation Failure)  703694K->8398K(1358848K), 0.0035554 secs]
1018.466: [GC (Allocation Failure)  678606K->8366K(1334784K), 0.0039778 secs]
1019.071: [GC (Allocation Failure)  654510K->8398K(1311744K), 0.0033097 secs]
1019.652: [GC (Allocation Failure)  631502K->8398K(1289728K), 0.0031347 secs]
1020.213: [GC (Allocation Failure)  609486K->8430K(1268736K), 0.0033225 secs]
1020.759: [GC (Allocation Failure)  588526K->8366K(1248768K), 0.0033007 secs]
1021.284: [GC (Allocation Failure)  568494K->8366K(1229824K), 0.0032752 secs]
1021.792: [GC (Allocation Failure)  549550K->8366K(1211904K), 0.0059201 secs]
1022.287: [GC (Allocation Failure)  531630K->8398K(1194496K), 0.0028560 secs]
1022.761: [GC (Allocation Failure)  514254K->8398K(1178112K), 0.0038516 secs]
1023.219: [GC (Allocation Failure)  497870K->8366K(1162240K), 0.0032463 secs]
1023.692: [GC (Allocation Failure)  481966K->8398K(1147392K), 0.0039008 secs]
1024.124: [GC (Allocation Failure)  467150K->8398K(1133056K), 0.0029917 secs]
1024.541: [GC (Allocation Failure)  452814K->8430K(1119232K), 0.0031815 secs]
1024.948: [GC (Allocation Failure)  439022K->8398K(1105920K), 0.0032930 secs]
1025.340: [GC (Allocation Failure)  425678K->8462K(1093120K), 0.0065956 secs]
1025.730: [GC (Allocation Failure)  412942K->8430K(1080832K), 0.0032142 secs]
1026.099: [GC (Allocation Failure)  400622K->8398K(1069056K), 0.0033930 secs]
1026.457: [GC (Allocation Failure)  388814K->8398K(1057792K), 0.0033716 secs]
1026.806: [GC (Allocation Failure)  377550K->8430K(1047040K), 0.0041272 secs]
1027.150: [GC (Allocation Failure)  366830K->8398K(1118720K), 0.0049905 secs]
1027.560: [GC (Allocation Failure)  438478K->8398K(1105408K), 0.0028634 secs]
1027.950: [GC (Allocation Failure)  425166K->8430K(1092608K), 0.0027726 secs]
1028.328: [GC (Allocation Failure)  412398K->8366K(1080320K), 0.0041900 secs]
1028.733: [GC (Allocation Failure)  400046K->8398K(1068544K), 0.0037395 secs]
1029.091: [GC (Allocation Failure)  388302K->8398K(1057280K), 0.0036417 secs]
1029.437: [GC (Allocation Failure)  377038K->8398K(1046528K), 0.0037629 secs]
1029.775: [GC (Allocation Failure)  366286K->8398K(1036288K), 0.0033110 secs]
1030.102: [GC (Allocation Failure)  356046K->8398K(1026560K), 0.0035569 secs]
1030.420: [GC (Allocation Failure)  346318K->8366K(1094144K), 0.0039368 secs]
1030.802: [GC (Allocation Failure)  413870K->8430K(1175552K), 0.0034170 secs]
1031.258: [GC (Allocation Failure)  495342K->8430K(1159680K), 0.0030883 secs]
1031.700: [GC (Allocation Failure)  479470K->8430K(1144832K), 0.0034993 secs]
1032.127: [GC (Allocation Failure)  464622K->8398K(1130496K), 0.0027635 secs]
1032.540: [GC (Allocation Failure)  450254K->8366K(1116672K), 0.0034683 secs]
1032.941: [GC (Allocation Failure)  436398K->8430K(1103360K), 0.0032756 secs]
1033.329: [GC (Allocation Failure)  423150K->8366K(1091072K), 0.0026538 secs]
1033.707: [GC (Allocation Failure)  410798K->8366K(1079296K), 0.0035059 secs]
1034.102: [GC (Allocation Failure)  399022K->8430K(1068032K), 0.0039242 secs]
1034.460: [GC (Allocation Failure)  387822K->8398K(1056768K), 0.0034760 secs]
1034.806: [GC (Allocation Failure)  376526K->8430K(1046016K), 0.0036287 secs]
1035.143: [GC (Allocation Failure)  365806K->8366K(1035776K), 0.0035628 secs]
1035.471: [GC (Allocation Failure)  355502K->8398K(1026048K), 0.0028697 secs]
1035.789: [GC (Allocation Failure)  345806K->8366K(1016832K), 0.0030350 secs]
1036.099: [GC (Allocation Failure)  336558K->8398K(1008128K), 0.0032149 secs]
1036.400: [GC (Allocation Failure)  327886K->8398K(999424K), 0.0029891 secs]
1036.698: [GC (Allocation Failure)  319182K->8430K(991232K), 0.0025993 secs]
1036.983: [GC (Allocation Failure)  311022K->8366K(983552K), 0.0036025 secs]
1037.261: [GC (Allocation Failure)  303278K->8398K(1042944K), 0.0085073 secs]
1037.601: [GC (Allocation Failure)  362702K->8398K(1114112K), 0.0032126 secs]
1038.001: [GC (Allocation Failure)  433870K->8366K(1199616K), 0.0026747 secs]
1038.479: [GC (Allocation Failure)  519342K->8398K(1302016K), 0.0030811 secs]
1039.051: [GC (Allocation Failure)  621774K->8398K(1280512K), 0.0035903 secs]
1039.604: [GC (Allocation Failure)  600270K->8430K(1260032K), 0.0029647 secs]
1040.137: [GC (Allocation Failure)  579822K->8398K(1240576K), 0.0032977 secs]
1040.654: [GC (Allocation Failure)  560334K->8366K(1222144K), 0.0039610 secs]
1041.155: [GC (Allocation Failure)  541870K->8366K(1204224K), 0.0031505 secs]
1041.639: [GC (Allocation Failure)  523950K->8398K(1187328K), 0.0033123 secs]
1042.105: [GC (Allocation Failure)  507086K->8398K(1170944K), 0.0033073 secs]
1042.556: [GC (Allocation Failure)  490702K->8430K(1155584K), 0.0031180 secs]
1042.996: [GC (Allocation Failure)  475374K->8398K(1140736K), 0.0029543 secs]
1043.423: [GC (Allocation Failure)  460494K->8366K(1126400K), 0.0032054 secs]
1043.834: [GC (Allocation Failure)  446126K->8398K(1113088K), 0.0031787 secs]
1044.232: [GC (Allocation Failure)  432846K->8398K(1100288K), 0.0031510 secs]
1044.648: [GC (Allocation Failure)  420046K->8366K(1088000K), 0.0037687 secs]
1045.025: [GC (Allocation Failure)  407726K->8430K(1076224K), 0.0030352 secs]
1045.390: [GC (Allocation Failure)  396014K->8430K(1064960K), 0.0030842 secs]
1045.746: [GC (Allocation Failure)  384750K->8430K(1054208K), 0.0038117 secs]
1046.093: [GC (Allocation Failure)  373998K->8398K(1043968K), 0.0033437 secs]
1046.432: [GC (Allocation Failure)  363726K->8430K(1033728K), 0.0029771 secs]
1046.757: [GC (Allocation Failure)  353518K->8398K(1024000K), 0.0031559 secs]
1047.073: [GC (Allocation Failure)  343758K->8398K(1014784K), 0.0031545 secs]
1047.380: [GC (Allocation Failure)  334542K->8430K(1006080K), 0.0030007 secs]
1047.681: [GC (Allocation Failure)  325870K->8366K(997376K), 0.0033185 secs]
1047.973: [GC (Allocation Failure)  317102K->8398K(989184K), 0.0029549 secs]
1048.256: [GC (Allocation Failure)  308942K->8398K(1049600K), 0.0032927 secs]
1048.598: [GC (Allocation Failure)  369358K->8430K(1039360K), 0.0031003 secs]
1048.928: [GC (Allocation Failure)  359150K->8398K(1029632K), 0.0030252 secs]
1049.252: [GC (Allocation Failure)  349390K->8366K(1020416K), 0.0034286 secs]
1049.594: [GC (Allocation Failure)  340142K->8366K(1011200K), 0.0037000 secs]
1049.899: [GC (Allocation Failure)  330926K->8366K(1075712K), 0.0039560 secs]
1050.263: [GC (Allocation Failure)  395438K->8366K(1064448K), 0.0030234 secs]
1050.617: [GC (Allocation Failure)  384174K->8398K(1053696K), 0.0032239 secs]
1050.962: [GC (Allocation Failure)  373454K->8366K(1043456K), 0.0036653 secs]
1051.297: [GC (Allocation Failure)  363182K->8398K(1033216K), 0.0033598 secs]
1051.622: [GC (Allocation Failure)  352974K->8430K(1023488K), 0.0029012 secs]
1051.940: [GC (Allocation Failure)  343278K->8398K(1014272K), 0.0034985 secs]
1052.249: [GC (Allocation Failure)  334030K->8366K(1005568K), 0.0029471 secs]
1052.550: [GC (Allocation Failure)  325294K->8398K(996864K), 0.0031734 secs]
1052.845: [GC (Allocation Failure)  316622K->8398K(1058816K), 0.0039509 secs]
1053.195: [GC (Allocation Failure)  378574K->8430K(1133056K), 0.0038779 secs]
1053.614: [GC (Allocation Failure)  452846K->8398K(1222144K), 0.0039933 secs]
1054.119: [GC (Allocation Failure)  541902K->8398K(1204224K), 0.0036311 secs]
1054.603: [GC (Allocation Failure)  523982K->8398K(1187328K), 0.0032490 secs]
1055.087: [GC (Allocation Failure)  507086K->8398K(1170944K), 0.0031100 secs]
1055.539: [GC (Allocation Failure)  490702K->8398K(1155584K), 0.0036636 secs]
1055.978: [GC (Allocation Failure)  475342K->8398K(1140736K), 0.0034863 secs]
1056.402: [GC (Allocation Failure)  460494K->8398K(1126400K), 0.0029636 secs]
1056.811: [GC (Allocation Failure)  446158K->8398K(1113088K), 0.0046207 secs]
1057.210: [GC (Allocation Failure)  432846K->8398K(1100288K), 0.0037601 secs]
1057.598: [GC (Allocation Failure)  420046K->8398K(1088000K), 0.0038497 secs]
1057.978: [GC (Allocation Failure)  407758K->8398K(1076224K), 0.0047264 secs]
1058.349: [GC (Allocation Failure)  395982K->8398K(1064960K), 0.0038114 secs]
1058.705: [GC (Allocation Failure)  384718K->8398K(1054208K), 0.0033287 secs]
1059.051: [GC (Allocation Failure)  373966K->8366K(1043968K), 0.0032577 secs]
1059.388: [GC (Allocation Failure)  363694K->8398K(1033728K), 0.0033747 secs]
1059.714: [GC (Allocation Failure)  353486K->8430K(1024000K), 0.0028534 secs]
1060.070: [GC (Allocation Failure)  343790K->8366K(1014784K), 0.0029089 secs]
1060.378: [GC (Allocation Failure)  334510K->8334K(1006080K), 0.0034328 secs]
1060.677: [GC (Allocation Failure)  325774K->8398K(997376K), 0.0030071 secs]
1060.968: [GC (Allocation Failure)  317134K->8398K(989184K), 0.0029636 secs]
1061.252: [GC (Allocation Failure)  308942K->8366K(1049600K), 0.0033413 secs]
1061.594: [GC (Allocation Failure)  369326K->8398K(1039360K), 0.0027973 secs]
1061.924: [GC (Allocation Failure)  359118K->8398K(1029632K), 0.0031036 secs]
1062.244: [GC (Allocation Failure)  349390K->8334K(1020416K), 0.0032515 secs]
1062.559: [GC (Allocation Failure)  340110K->8398K(1011200K), 0.0030232 secs]
1062.864: [GC (Allocation Failure)  330958K->8430K(1075712K), 0.0037671 secs]
1063.228: [GC (Allocation Failure)  395502K->8366K(1064448K), 0.0031556 secs]
1063.583: [GC (Allocation Failure)  384174K->8366K(1053696K), 0.0034944 secs]
1063.931: [GC (Allocation Failure)  373422K->8398K(1043456K), 0.0031446 secs]
1064.266: [GC (Allocation Failure)  363214K->8334K(1033216K), 0.0035825 secs]
1064.591: [GC (Allocation Failure)  352910K->8430K(1023488K), 0.0032585 secs]
1064.907: [GC (Allocation Failure)  343278K->8430K(1014272K), 0.0026534 secs]
1065.214: [GC (Allocation Failure)  334062K->8430K(1005568K), 0.0029131 secs]
1065.514: [GC (Allocation Failure)  325358K->8430K(996864K), 0.0033155 secs]
1065.807: [GC (Allocation Failure)  316654K->8398K(988672K), 0.0032299 secs]
1066.091: [GC (Allocation Failure)  308430K->8366K(1049088K), 0.0034046 secs]
1066.432: [GC (Allocation Failure)  368814K->8430K(1038848K), 0.0030084 secs]
1066.762: [GC (Allocation Failure)  358638K->8430K(1029120K), 0.0032265 secs]
1067.085: [GC (Allocation Failure)  348910K->8398K(1097216K), 0.0044951 secs]
1067.476: [GC (Allocation Failure)  416974K->8366K(1084928K), 0.0027395 secs]
1067.848: [GC (Allocation Failure)  404654K->8398K(1073152K), 0.0030689 secs]
1068.209: [GC (Allocation Failure)  392910K->8398K(1061888K), 0.0030925 secs]
1068.560: [GC (Allocation Failure)  381646K->8398K(1051136K), 0.0026945 secs]
1068.901: [GC (Allocation Failure)  370894K->8366K(1040896K), 0.0032254 secs]
1069.236: [GC (Allocation Failure)  360622K->8366K(1031168K), 0.0031365 secs]
1069.560: [GC (Allocation Failure)  350894K->8398K(1021440K), 0.0032385 secs]
1069.875: [GC (Allocation Failure)  341198K->8398K(1012224K), 0.0032131 secs]
1070.182: [GC (Allocation Failure)  331982K->8430K(1003520K), 0.0031434 secs]
1070.508: [GC (Allocation Failure)  323310K->8398K(1066496K), 0.0044193 secs]
1070.869: [GC (Allocation Failure)  386254K->8398K(1055744K), 0.0032027 secs]
1071.215: [GC (Allocation Failure)  375502K->8366K(1044992K), 0.0032441 secs]
1071.553: [GC (Allocation Failure)  364718K->8366K(1034752K), 0.0029156 secs]
1071.881: [GC (Allocation Failure)  354478K->8366K(1025024K), 0.0033246 secs]
1072.199: [GC (Allocation Failure)  344750K->8366K(1015808K), 0.0032298 secs]
1072.510: [GC (Allocation Failure)  335534K->8398K(1007104K), 0.0029398 secs]
1072.811: [GC (Allocation Failure)  326862K->8366K(998400K), 0.0035327 secs]
1073.105: [GC (Allocation Failure)  318126K->8398K(990208K), 0.0028617 secs]
1073.391: [GC (Allocation Failure)  309966K->8398K(1050624K), 0.0032071 secs]
1073.733: [GC (Allocation Failure)  370382K->8430K(1040384K), 0.0029888 secs]
1074.064: [GC (Allocation Failure)  360174K->8430K(1030656K), 0.0031204 secs]
1074.386: [GC (Allocation Failure)  350446K->8398K(1099264K), 0.0038854 secs]
1074.772: [GC (Allocation Failure)  419022K->8398K(1086976K), 0.0028923 secs]
1075.146: [GC (Allocation Failure)  406734K->8398K(1075200K), 0.0031888 secs]
1075.509: [GC (Allocation Failure)  394958K->8398K(1063936K), 0.0027872 secs]
1075.900: [GC (Allocation Failure)  383694K->8366K(1053184K), 0.0034293 secs]
1076.244: [GC (Allocation Failure)  372910K->8366K(1042944K), 0.0033728 secs]
1076.581: [GC (Allocation Failure)  362670K->8398K(1032704K), 0.0026574 secs]
1076.905: [GC (Allocation Failure)  352462K->8430K(1022976K), 0.0029107 secs]
1077.220: [GC (Allocation Failure)  342766K->8398K(1013760K), 0.0033363 secs]
1077.529: [GC (Allocation Failure)  333518K->8398K(1005056K), 0.0030888 secs]
1077.828: [GC (Allocation Failure)  324814K->8398K(996352K), 0.0028987 secs]
1078.121: [GC (Allocation Failure)  316110K->8366K(988160K), 0.0035304 secs]
1078.404: [GC (Allocation Failure)  307886K->8430K(1048064K), 0.0032482 secs]
1078.744: [GC (Allocation Failure)  367854K->8430K(1037824K), 0.0032145 secs]
1079.074: [GC (Allocation Failure)  357614K->8398K(1028096K), 0.0030296 secs]
1079.394: [GC (Allocation Failure)  347854K->8398K(1096192K), 0.0036806 secs]
1079.778: [GC (Allocation Failure)  415950K->8366K(1083904K), 0.0033651 secs]
1080.150: [GC (Allocation Failure)  403630K->8366K(1072128K), 0.0035463 secs]
1080.511: [GC (Allocation Failure)  391854K->8398K(1060864K), 0.0030167 secs]
1080.898: [GC (Allocation Failure)  380622K->8398K(1050112K), 0.0030669 secs]
1081.238: [GC (Allocation Failure)  369870K->8398K(1039872K), 0.0034496 secs]
1081.568: [GC (Allocation Failure)  359630K->8430K(1030144K), 0.0032101 secs]
1081.890: [GC (Allocation Failure)  349934K->8398K(1020928K), 0.0030817 secs]
1082.203: [GC (Allocation Failure)  340686K->8430K(1011712K), 0.0034613 secs]
1082.508: [GC (Allocation Failure)  331502K->8398K(1076736K), 0.0036877 secs]
1082.873: [GC (Allocation Failure)  396494K->8430K(1065472K), 0.0030024 secs]
1083.228: [GC (Allocation Failure)  385262K->8398K(1054720K), 0.0031605 secs]
1083.573: [GC (Allocation Failure)  374478K->8366K(1044480K), 0.0029782 secs]
1083.907: [GC (Allocation Failure)  364206K->8366K(1034240K), 0.0036812 secs]
1084.233: [GC (Allocation Failure)  353966K->8366K(1024512K), 0.0035629 secs]
1084.551: [GC (Allocation Failure)  344238K->8366K(1092096K), 0.0040677 secs]
1084.935: [GC (Allocation Failure)  411822K->8366K(1079808K), 0.0031875 secs]
1085.302: [GC (Allocation Failure)  399534K->8366K(1068032K), 0.0035280 secs]
1085.661: [GC (Allocation Failure)  387758K->8366K(1056768K), 0.0030711 secs]
1086.046: [GC (Allocation Failure)  376494K->8366K(1046016K), 0.0037752 secs]
1086.381: [GC (Allocation Failure)  365742K->8366K(1035776K), 0.0036352 secs]
1086.708: [GC (Allocation Failure)  355502K->8430K(1026048K), 0.0035407 secs]
1087.026: [GC (Allocation Failure)  345838K->8430K(1093632K), 0.0040126 secs]
1087.407: [GC (Allocation Failure)  413422K->8366K(1175040K), 0.0043823 secs]
1087.867: [GC (Allocation Failure)  494766K->8398K(1159168K), 0.0027050 secs]
1088.307: [GC (Allocation Failure)  478926K->8366K(1144320K), 0.0024512 secs]
1088.731: [GC (Allocation Failure)  464046K->8366K(1129984K), 0.0037780 secs]
1089.147: [GC (Allocation Failure)  449710K->8366K(1116160K), 0.0029603 secs]
1089.547: [GC (Allocation Failure)  435886K->8366K(1102848K), 0.0032474 secs]
1089.935: [GC (Allocation Failure)  422574K->8398K(1090560K), 0.0025625 secs]
1090.311: [GC (Allocation Failure)  410318K->8398K(1078784K), 0.0028268 secs]
1090.679: [GC (Allocation Failure)  398542K->8398K(1067520K), 0.0033143 secs]
1091.062: [GC (Allocation Failure)  387278K->8398K(1056256K), 0.0031850 secs]
1091.407: [GC (Allocation Failure)  376014K->8398K(1045504K), 0.0032810 secs]
1091.745: [GC (Allocation Failure)  365262K->8398K(1035264K), 0.0032389 secs]
1092.072: [GC (Allocation Failure)  355022K->8398K(1025536K), 0.0033338 secs]
1092.389: [GC (Allocation Failure)  345294K->8398K(1016320K), 0.0033273 secs]
1092.700: [GC (Allocation Failure)  336078K->8366K(1007616K), 0.0031123 secs]
1093.000: [GC (Allocation Failure)  327342K->8398K(1071616K), 0.0040103 secs]
1093.364: [GC (Allocation Failure)  391374K->8398K(1060352K), 0.0031345 secs]
1093.717: [GC (Allocation Failure)  380110K->8430K(1049600K), 0.0026915 secs]
1094.057: [GC (Allocation Failure)  369390K->8398K(1039360K), 0.0033023 secs]
1094.387: [GC (Allocation Failure)  359118K->8430K(1029632K), 0.0033673 secs]
1094.710: [GC (Allocation Failure)  349422K->8366K(1098240K), 0.0041345 secs]
1095.101: [GC (Allocation Failure)  417966K->8366K(1085952K), 0.0033244 secs]
1095.477: [GC (Allocation Failure)  405678K->8398K(1074176K), 0.0030438 secs]
1095.840: [GC (Allocation Failure)  393934K->8430K(1062912K), 0.0028534 secs]
1096.253: [GC (Allocation Failure)  382702K->8366K(1052160K), 0.0036336 secs]
1096.597: [GC (Allocation Failure)  371886K->8398K(1041920K), 0.0033895 secs]
1096.932: [GC (Allocation Failure)  361678K->8398K(1032192K), 0.0037083 secs]
1097.257: [GC (Allocation Failure)  351950K->8366K(1022464K), 0.0032657 secs]
1097.574: [GC (Allocation Failure)  342190K->8430K(1013248K), 0.0029666 secs]
1097.880: [GC (Allocation Failure)  333038K->8430K(1004544K), 0.0028850 secs]
1098.178: [GC (Allocation Failure)  324334K->8366K(996352K), 0.0034040 secs]
1098.469: [GC (Allocation Failure)  316078K->8398K(1058304K), 0.0031868 secs]
1098.817: [GC (Allocation Failure)  378062K->8398K(1047552K), 0.0032855 secs]
1099.158: [GC (Allocation Failure)  367310K->8430K(1037312K), 0.0026503 secs]
1099.488: [GC (Allocation Failure)  357102K->8398K(1027584K), 0.0038157 secs]
1099.808: [GC (Allocation Failure)  347342K->8430K(1095680K), 0.0037687 secs]
1100.192: [GC (Allocation Failure)  415470K->8398K(1177088K), 0.0038570 secs]
1100.651: [GC (Allocation Failure)  496846K->8430K(1161216K), 0.0030221 secs]
1101.099: [GC (Allocation Failure)  481006K->8398K(1146368K), 0.0032063 secs]
1101.550: [GC (Allocation Failure)  466126K->8398K(1132032K), 0.0032810 secs]
1101.967: [GC (Allocation Failure)  451790K->8366K(1118208K), 0.0032681 secs]
1102.371: [GC (Allocation Failure)  437934K->8366K(1104896K), 0.0028313 secs]
1102.765: [GC (Allocation Failure)  424622K->8430K(1092096K), 0.0027121 secs]
1103.145: [GC (Allocation Failure)  411886K->8430K(1079808K), 0.0027442 secs]
1103.513: [GC (Allocation Failure)  399598K->8430K(1068032K), 0.0032517 secs]
1103.873: [GC (Allocation Failure)  387822K->8398K(1056768K), 0.0039561 secs]
1104.220: [GC (Allocation Failure)  376526K->8398K(1046016K), 0.0033502 secs]
1104.557: [GC (Allocation Failure)  365774K->8366K(1035776K), 0.0034606 secs]
1104.886: [GC (Allocation Failure)  355502K->8366K(1026048K), 0.0030834 secs]
1105.205: [GC (Allocation Failure)  345774K->8398K(1016832K), 0.0034077 secs]
1105.517: [GC (Allocation Failure)  336590K->8398K(1008128K), 0.0035184 secs]
1105.820: [GC (Allocation Failure)  327886K->8398K(1072128K), 0.0036381 secs]
1106.183: [GC (Allocation Failure)  391886K->8398K(1148928K), 0.0042237 secs]
1106.640: [GC (Allocation Failure)  468686K->8334K(1134592K), 0.0034576 secs]
1107.058: [GC (Allocation Failure)  454286K->8366K(1120768K), 0.0042140 secs]
1107.468: [GC (Allocation Failure)  440494K->8430K(1107456K), 0.0034917 secs]
1107.862: [GC (Allocation Failure)  427246K->8430K(1094656K), 0.0030430 secs]
1108.243: [GC (Allocation Failure)  414446K->8398K(1082368K), 0.0033898 secs]
1108.612: [GC (Allocation Failure)  402126K->8430K(1070592K), 0.0028849 secs]
1108.970: [GC (Allocation Failure)  390382K->8366K(1059328K), 0.0032471 secs]
1109.319: [GC (Allocation Failure)  379054K->8398K(1048576K), 0.0031945 secs]
1109.659: [GC (Allocation Failure)  368334K->8366K(1038336K), 0.0033122 secs]
1109.990: [GC (Allocation Failure)  358062K->8366K(1028608K), 0.0036265 secs]
1110.311: [GC (Allocation Failure)  348334K->8430K(1019392K), 0.0029832 secs]
1110.623: [GC (Allocation Failure)  339182K->8334K(1085952K), 0.0040472 secs]
1111.001: [GC (Allocation Failure)  405646K->8398K(1074176K), 0.0032767 secs]
1111.364: [GC (Allocation Failure)  393934K->8366K(1062912K), 0.0030730 secs]
1111.749: [GC (Allocation Failure)  382638K->8398K(1052160K), 0.0034166 secs]
1112.093: [GC (Allocation Failure)  371918K->8398K(1041920K), 0.0028656 secs]
1112.425: [GC (Allocation Failure)  361678K->8398K(1032192K), 0.0036651 secs]
1112.750: [GC (Allocation Failure)  351950K->8430K(1022464K), 0.0029967 secs]
1113.064: [GC (Allocation Failure)  342254K->8366K(1013248K), 0.0030695 secs]
1113.371: [GC (Allocation Failure)  332974K->8398K(1004544K), 0.0030183 secs]
1113.671: [GC (Allocation Failure)  324302K->8430K(1068032K), 0.0039579 secs]
1114.034: [GC (Allocation Failure)  387822K->8366K(1144320K), 0.0035894 secs]
1114.463: [GC (Allocation Failure)  464046K->8430K(1129984K), 0.0036631 secs]
1114.876: [GC (Allocation Failure)  449774K->8430K(1116160K), 0.0034363 secs]
1115.277: [GC (Allocation Failure)  435950K->8398K(1102848K), 0.0031034 secs]
1115.668: [GC (Allocation Failure)  422606K->8430K(1090560K), 0.0032912 secs]
1116.045: [GC (Allocation Failure)  410350K->8398K(1078784K), 0.0031513 secs]
1116.413: [GC (Allocation Failure)  398542K->8430K(1067520K), 0.0033850 secs]
1116.810: [GC (Allocation Failure)  387310K->8366K(1056256K), 0.0037053 secs]
1117.156: [GC (Allocation Failure)  375982K->8366K(1045504K), 0.0035615 secs]
1117.493: [GC (Allocation Failure)  365230K->8398K(1035264K), 0.0038019 secs]
1117.820: [GC (Allocation Failure)  355022K->8398K(1025536K), 0.0035195 secs]
1118.138: [GC (Allocation Failure)  345294K->8398K(1016320K), 0.0033618 secs]
1118.448: [GC (Allocation Failure)  336078K->8366K(1007616K), 0.0030599 secs]
1118.748: [GC (Allocation Failure)  327342K->8398K(1071616K), 0.0036537 secs]
1119.110: [GC (Allocation Failure)  391374K->8398K(1148416K), 0.0038233 secs]
1119.541: [GC (Allocation Failure)  468174K->8398K(1134080K), 0.0028460 secs]
1119.960: [GC (Allocation Failure)  453838K->8366K(1120256K), 0.0030557 secs]
1120.366: [GC (Allocation Failure)  439982K->8366K(1106944K), 0.0034872 secs]
1120.758: [GC (Allocation Failure)  426670K->8398K(1094144K), 0.0034269 secs]
1121.141: [GC (Allocation Failure)  413902K->8398K(1081856K), 0.0033323 secs]
1121.511: [GC (Allocation Failure)  401614K->8366K(1070080K), 0.0039107 secs]
1121.892: [GC (Allocation Failure)  389806K->8366K(1058816K), 0.0032685 secs]
1122.239: [GC (Allocation Failure)  378542K->8398K(1048064K), 0.0032458 secs]
1122.578: [GC (Allocation Failure)  367822K->8398K(1037824K), 0.0043858 secs]
1122.911: [GC (Allocation Failure)  357582K->8430K(1107968K), 0.0036064 secs]
1123.305: [GC (Allocation Failure)  427758K->8398K(1095168K), 0.0034771 secs]
1123.688: [GC (Allocation Failure)  414926K->8398K(1082880K), 0.0036764 secs]
1124.060: [GC (Allocation Failure)  402638K->8366K(1071104K), 0.0036591 secs]
1124.421: [GC (Allocation Failure)  390830K->8366K(1059840K), 0.0033986 secs]
1124.770: [GC (Allocation Failure)  379566K->8430K(1049088K), 0.0031833 secs]
1125.110: [GC (Allocation Failure)  368878K->8398K(1038848K), 0.0035908 secs]
1125.440: [GC (Allocation Failure)  358606K->8366K(1029120K), 0.0033254 secs]
1125.764: [GC (Allocation Failure)  348846K->8366K(1097216K), 0.0043811 secs]
1126.149: [GC (Allocation Failure)  416942K->8366K(1179136K), 0.0035296 secs]
1126.609: [GC (Allocation Failure)  498862K->8430K(1163264K), 0.0030777 secs]
1127.055: [GC (Allocation Failure)  483054K->8398K(1147904K), 0.0034823 secs]
1127.485: [GC (Allocation Failure)  467662K->8398K(1133568K), 0.0034655 secs]
1127.903: [GC (Allocation Failure)  453326K->8366K(1119744K), 0.0033065 secs]
1128.309: [GC (Allocation Failure)  439470K->8398K(1106432K), 0.0034812 secs]
1128.703: [GC (Allocation Failure)  426190K->8398K(1093632K), 0.0033737 secs]
1129.083: [GC (Allocation Failure)  413390K->8430K(1081344K), 0.0032100 secs]
1129.453: [GC (Allocation Failure)  401134K->8398K(1069568K), 0.0034346 secs]
1129.811: [GC (Allocation Failure)  389326K->8398K(1058304K), 0.0035937 secs]
1130.159: [GC (Allocation Failure)  378062K->8430K(1047552K), 0.0032398 secs]
1130.498: [GC (Allocation Failure)  367342K->8398K(1037312K), 0.0031013 secs]
1130.828: [GC (Allocation Failure)  357070K->8398K(1027584K), 0.0029933 secs]
1131.149: [GC (Allocation Failure)  347342K->8430K(1018368K), 0.0028085 secs]
1131.461: [GC (Allocation Failure)  338158K->8366K(1009152K), 0.0042118 secs]
1131.764: [GC (Allocation Failure)  328878K->8366K(1073664K), 0.0040236 secs]
1132.180: [GC (Allocation Failure)  393390K->8398K(1150976K), 0.0038666 secs]
1132.615: [GC (Allocation Failure)  470734K->8334K(1136640K), 0.0033747 secs]
1133.037: [GC (Allocation Failure)  456334K->8398K(1122816K), 0.0033029 secs]
1133.452: [GC (Allocation Failure)  442574K->8398K(1109504K), 0.0034752 secs]
1133.853: [GC (Allocation Failure)  429262K->8398K(1096704K), 0.0038173 secs]
1134.237: [GC (Allocation Failure)  416462K->8366K(1084416K), 0.0035127 secs]
1134.611: [GC (Allocation Failure)  404142K->8366K(1163776K), 0.0051512 secs]
1135.064: [GC (Allocation Failure)  483502K->8398K(1148416K), 0.0034006 secs]
1135.494: [GC (Allocation Failure)  468174K->8398K(1134080K), 0.0033573 secs]
1135.912: [GC (Allocation Failure)  453838K->8366K(1120256K), 0.0032513 secs]
1136.319: [GC (Allocation Failure)  439982K->8398K(1106944K), 0.0027822 secs]
1136.712: [GC (Allocation Failure)  426702K->8366K(1094144K), 0.0035492 secs]
1137.093: [GC (Allocation Failure)  413870K->8366K(1081856K), 0.0039224 secs]
1137.468: [GC (Allocation Failure)  401582K->8366K(1070080K), 0.0036473 secs]
1137.829: [GC (Allocation Failure)  389806K->8398K(1058816K), 0.0036103 secs]
1138.177: [GC (Allocation Failure)  378574K->8398K(1048064K), 0.0034076 secs]
1138.515: [GC (Allocation Failure)  367822K->8398K(1037824K), 0.0032137 secs]
1138.846: [GC (Allocation Failure)  357582K->8366K(1028096K), 0.0034594 secs]
1139.166: [GC (Allocation Failure)  347822K->8366K(1018880K), 0.0036980 secs]
1139.478: [GC (Allocation Failure)  338606K->8398K(1009664K), 0.0029984 secs]
1139.787: [GC (Allocation Failure)  329422K->8430K(1000960K), 0.0028518 secs]
1140.082: [GC (Allocation Failure)  320750K->8366K(992768K), 0.0030091 secs]
1140.371: [GC (Allocation Failure)  312494K->8398K(984576K), 0.0032653 secs]
1140.653: [GC (Allocation Failure)  304334K->8430K(976896K), 0.0028308 secs]
1140.932: [GC (Allocation Failure)  296686K->8398K(1034752K), 0.0034935 secs]
1141.252: [GC (Allocation Failure)  354510K->8398K(1104384K), 0.0048417 secs]
1141.635: [GC (Allocation Failure)  424142K->8398K(1187840K), 0.0038267 secs]
1142.090: [GC (Allocation Failure)  507598K->8398K(1287680K), 0.0036029 secs]
1142.639: [GC (Allocation Failure)  607438K->8430K(1267200K), 0.0036491 secs]
1143.167: [GC (Allocation Failure)  586990K->8430K(1247232K), 0.0026526 secs]
1143.683: [GC (Allocation Failure)  567022K->8398K(1228288K), 0.0033161 secs]
1144.173: [GC (Allocation Failure)  548046K->8398K(1210368K), 0.0035563 secs]
1144.648: [GC (Allocation Failure)  530126K->8430K(1192960K), 0.0036302 secs]
1145.106: [GC (Allocation Failure)  512750K->8366K(1176576K), 0.0037565 secs]
1145.554: [GC (Allocation Failure)  496302K->8398K(1160704K), 0.0035824 secs]
1145.987: [GC (Allocation Failure)  480462K->8398K(1145856K), 0.0288808 secs]
1146.449: [GC (Allocation Failure)  465614K->8398K(1131520K), 0.0034567 secs]
1146.856: [GC (Allocation Failure)  451278K->8366K(1117696K), 0.0030518 secs]
1147.255: [GC (Allocation Failure)  437422K->8366K(1104384K), 0.0046591 secs]
1147.637: [GC (Allocation Failure)  424110K->8398K(1091584K), 0.0035520 secs]
1148.044: [GC (Allocation Failure)  411342K->8366K(1079808K), 0.0033817 secs]
1148.406: [GC (Allocation Failure)  399534K->8366K(1068032K), 0.0033822 secs]
1148.755: [GC (Allocation Failure)  387758K->8366K(1056768K), 0.0033246 secs]
1149.098: [GC (Allocation Failure)  376494K->8366K(1046016K), 0.0035414 secs]
1149.437: [GC (Allocation Failure)  365742K->8366K(1035776K), 0.0044915 secs]
1149.759: [GC (Allocation Failure)  355502K->8398K(1026048K), 0.0031391 secs]
1150.068: [GC (Allocation Failure)  345806K->8398K(1016832K), 0.0033687 secs]
1150.371: [GC (Allocation Failure)  336590K->8398K(1082880K), 0.0032969 secs]
1150.734: [GC (Allocation Failure)  402638K->8398K(1161728K), 0.0040690 secs]
1151.170: [GC (Allocation Failure)  481486K->8366K(1146880K), 0.0035312 secs]
1151.588: [GC (Allocation Failure)  466606K->8398K(1238528K), 0.0055510 secs]
1152.091: [GC (Allocation Failure)  558286K->8398K(1220096K), 0.0037655 secs]
1152.573: [GC (Allocation Failure)  539854K->8398K(1202688K), 0.0033156 secs]
1153.041: [GC (Allocation Failure)  522446K->8398K(1185792K), 0.0034523 secs]
1153.497: [GC (Allocation Failure)  505550K->8398K(1169920K), 0.0035419 secs]
1153.938: [GC (Allocation Failure)  489678K->8398K(1154560K), 0.0033182 secs]
1154.361: [GC (Allocation Failure)  474318K->8398K(1139712K), 0.0045428 secs]
1154.779: [GC (Allocation Failure)  459470K->8398K(1125376K), 0.0038018 secs]
1155.180: [GC (Allocation Failure)  445134K->8398K(1112064K), 0.0038580 secs]
1155.568: [GC (Allocation Failure)  431822K->8398K(1099264K), 0.0036349 secs]
1155.955: [GC (Allocation Failure)  419022K->8398K(1086976K), 0.0037381 secs]
1156.320: [GC (Allocation Failure)  406734K->8398K(1075200K), 0.0034642 secs]
1156.675: [GC (Allocation Failure)  394958K->8398K(1063936K), 0.0035852 secs]
1157.028: [GC (Allocation Failure)  383694K->8366K(1053184K), 0.0035540 secs]
1157.365: [GC (Allocation Failure)  372910K->8366K(1042944K), 0.0038386 secs]
1157.703: [GC (Allocation Failure)  362670K->8430K(1032704K), 0.0034674 secs]
1158.027: [GC (Allocation Failure)  352494K->8430K(1022976K), 0.0031797 secs]
1158.338: [GC (Allocation Failure)  342766K->8366K(1090048K), 0.0036878 secs]
1158.735: [GC (Allocation Failure)  409774K->8398K(1078272K), 0.0033063 secs]
1159.094: [GC (Allocation Failure)  398030K->8398K(1067008K), 0.0031870 secs]
1159.440: [GC (Allocation Failure)  386766K->8366K(1056256K), 0.0031182 secs]
1159.778: [GC (Allocation Failure)  375982K->8366K(1045504K), 0.0030310 secs]
1160.105: [GC (Allocation Failure)  365230K->8398K(1035264K), 0.0029870 secs]
1160.423: [GC (Allocation Failure)  355022K->8398K(1025536K), 0.0028709 secs]
1160.739: [GC (Allocation Failure)  345294K->8398K(1016320K), 0.0036042 secs]
1161.046: [GC (Allocation Failure)  336078K->8398K(1007616K), 0.0032205 secs]
1161.345: [GC (Allocation Failure)  327374K->8398K(1071616K), 0.0034465 secs]
1161.697: [GC (Allocation Failure)  391374K->8398K(1060352K), 0.0034356 secs]
1162.039: [GC (Allocation Failure)  380110K->8398K(1049600K), 0.0032338 secs]
1162.374: [GC (Allocation Failure)  369358K->8398K(1121792K), 0.0050246 secs]
1162.780: [GC (Allocation Failure)  441550K->8366K(1208832K), 0.0030007 secs]
1163.251: [GC (Allocation Failure)  528558K->8398K(1191936K), 0.0028301 secs]
1163.716: [GC (Allocation Failure)  511694K->8398K(1175552K), 0.0032401 secs]
1164.186: [GC (Allocation Failure)  495310K->8366K(1159680K), 0.0034168 secs]
1164.619: [GC (Allocation Failure)  479406K->8398K(1144832K), 0.0031407 secs]
1165.034: [GC (Allocation Failure)  464590K->8366K(1130496K), 0.0033516 secs]
1165.445: [GC (Allocation Failure)  450222K->8398K(1116672K), 0.0031450 secs]
1165.837: [GC (Allocation Failure)  436430K->8398K(1103360K), 0.0030940 secs]
1166.218: [GC (Allocation Failure)  423118K->8398K(1091072K), 0.0032688 secs]
1166.595: [GC (Allocation Failure)  410830K->8398K(1079296K), 0.0032187 secs]
1166.956: [GC (Allocation Failure)  399054K->8366K(1068032K), 0.0030383 secs]
1167.305: [GC (Allocation Failure)  387758K->8398K(1056768K), 0.0029618 secs]
1167.644: [GC (Allocation Failure)  376526K->8366K(1046016K), 0.0033849 secs]
1167.972: [GC (Allocation Failure)  365742K->8398K(1035776K), 0.0031004 secs]
1168.293: [GC (Allocation Failure)  355534K->8366K(1026048K), 0.0029809 secs]
1168.604: [GC (Allocation Failure)  345774K->8398K(1016832K), 0.0031201 secs]
1168.907: [GC (Allocation Failure)  336590K->8430K(1008128K), 0.0033443 secs]
1169.208: [GC (Allocation Failure)  327918K->8366K(1072128K), 0.0036141 secs]
1169.567: [GC (Allocation Failure)  391854K->8366K(1060864K), 0.0032027 secs]
1169.910: [GC (Allocation Failure)  380590K->8366K(1050112K), 0.0030237 secs]
1170.249: [GC (Allocation Failure)  369838K->8398K(1039872K), 0.0033105 secs]
1170.574: [GC (Allocation Failure)  359630K->8398K(1030144K), 0.0031880 secs]
1170.890: [GC (Allocation Failure)  349902K->8398K(1020928K), 0.0034837 secs]
1171.197: [GC (Allocation Failure)  340686K->8430K(1011712K), 0.0030067 secs]
1171.504: [GC (Allocation Failure)  331502K->8398K(1003008K), 0.0029471 secs]
1171.796: [GC (Allocation Failure)  322766K->8366K(994816K), 0.0030843 secs]
1172.081: [GC (Allocation Failure)  314542K->8398K(1056256K), 0.0035384 secs]
1172.419: [GC (Allocation Failure)  376014K->8366K(1129984K), 0.0035152 secs]
1172.827: [GC (Allocation Failure)  449710K->8430K(1116160K), 0.0035259 secs]
1173.218: [GC (Allocation Failure)  435950K->8430K(1102848K), 0.0032410 secs]
1173.599: [GC (Allocation Failure)  422638K->8398K(1090560K), 0.0034647 secs]
1173.970: [GC (Allocation Failure)  410318K->8398K(1078784K), 0.0034698 secs]
1174.367: [GC (Allocation Failure)  398542K->8398K(1067520K), 0.0034864 secs]
1174.724: [GC (Allocation Failure)  387278K->8398K(1056256K), 0.0032381 secs]
1175.066: [GC (Allocation Failure)  376014K->8398K(1045504K), 0.0032319 secs]
1175.394: [GC (Allocation Failure)  365262K->8366K(1035264K), 0.0033697 secs]
1175.713: [GC (Allocation Failure)  354990K->8398K(1025536K), 0.0033026 secs]
1176.026: [GC (Allocation Failure)  345294K->8366K(1016320K), 0.0319675 secs]
1176.362: [GC (Allocation Failure)  336046K->8398K(1007616K), 0.0029502 secs]
1176.656: [GC (Allocation Failure)  327374K->8398K(998912K), 0.0030389 secs]
1176.946: [GC (Allocation Failure)  318670K->8398K(990720K), 0.0032456 secs]
1177.232: [GC (Allocation Failure)  310478K->8366K(983040K), 0.0028952 secs]
1177.504: [GC (Allocation Failure)  302766K->8398K(975360K), 0.0025744 secs]
1177.771: [GC (Allocation Failure)  295118K->8398K(1032704K), 0.0031195 secs]
1178.088: [GC (Allocation Failure)  352462K->8366K(1022976K), 0.0029037 secs]
1178.396: [GC (Allocation Failure)  342702K->8366K(1013760K), 0.0030188 secs]
1178.696: [GC (Allocation Failure)  333486K->8366K(1005056K), 0.0029368 secs]
1178.991: [GC (Allocation Failure)  324782K->8366K(996352K), 0.0030362 secs]
1179.309: [GC (Allocation Failure)  316078K->8398K(1058304K), 0.0036048 secs]
1179.647: [GC (Allocation Failure)  378062K->8334K(1047552K), 0.0026683 secs]
1179.976: [GC (Allocation Failure)  367246K->8398K(1037312K), 0.0030516 secs]
1180.297: [GC (Allocation Failure)  357070K->8366K(1027584K), 0.0036829 secs]
1180.610: [GC (Allocation Failure)  347310K->8366K(1018368K), 0.0033543 secs]
1180.914: [GC (Allocation Failure)  338094K->8398K(1084416K), 0.0034315 secs]
1181.279: [GC (Allocation Failure)  404174K->8398K(1072640K), 0.0032376 secs]
1181.631: [GC (Allocation Failure)  392398K->8398K(1061376K), 0.0028357 secs]
1181.974: [GC (Allocation Failure)  381134K->8398K(1050624K), 0.0030766 secs]
1182.306: [GC (Allocation Failure)  370382K->8430K(1040384K), 0.0029055 secs]
1182.628: [GC (Allocation Failure)  360174K->8398K(1030656K), 0.0033876 secs]
1182.943: [GC (Allocation Failure)  350414K->8398K(1020928K), 0.0030444 secs]
1183.249: [GC (Allocation Failure)  340686K->8430K(1011712K), 0.0028334 secs]
1183.548: [GC (Allocation Failure)  331502K->8398K(1003008K), 0.0030797 secs]
1183.839: [GC (Allocation Failure)  322766K->8398K(994816K), 0.0031698 secs]
1184.123: [GC (Allocation Failure)  314574K->8398K(986624K), 0.0030839 secs]
1184.424: [GC (Allocation Failure)  306382K->8366K(978944K), 0.0030151 secs]
1184.693: [GC (Allocation Failure)  298670K->8398K(1037312K), 0.0033382 secs]
1185.015: [GC (Allocation Failure)  357070K->8398K(1107456K), 0.0033719 secs]
1185.405: [GC (Allocation Failure)  427214K->8430K(1094656K), 0.0031187 secs]
1185.777: [GC (Allocation Failure)  414446K->8398K(1082368K), 0.0031249 secs]
1186.140: [GC (Allocation Failure)  402126K->8366K(1070592K), 0.0029740 secs]
1186.497: [GC (Allocation Failure)  390318K->8398K(1059328K), 0.0032513 secs]
1186.838: [GC (Allocation Failure)  379086K->8430K(1048576K), 0.0026778 secs]
1187.169: [GC (Allocation Failure)  368366K->8430K(1038336K), 0.0031084 secs]
1187.492: [GC (Allocation Failure)  358126K->8398K(1028608K), 0.0025508 secs]
1187.804: [GC (Allocation Failure)  348366K->8430K(1019392K), 0.0028216 secs]
1188.109: [GC (Allocation Failure)  339182K->8366K(1010176K), 0.0038355 secs]
1188.412: [GC (Allocation Failure)  329902K->8430K(1001472K), 0.0027628 secs]
1188.703: [GC (Allocation Failure)  321262K->8398K(993280K), 0.0032432 secs]
1188.990: [GC (Allocation Failure)  313038K->8398K(1054208K), 0.0035708 secs]
1189.326: [GC (Allocation Failure)  373966K->8398K(1127424K), 0.0031985 secs]
1189.760: [GC (Allocation Failure)  447182K->8366K(1114112K), 0.0028592 secs]
1190.150: [GC (Allocation Failure)  433838K->8398K(1101312K), 0.0030356 secs]
1190.526: [GC (Allocation Failure)  421070K->8398K(1089024K), 0.0028734 secs]
1190.891: [GC (Allocation Failure)  408782K->8430K(1077248K), 0.0027478 secs]
1191.246: [GC (Allocation Failure)  397038K->8398K(1065984K), 0.0029875 secs]
1191.592: [GC (Allocation Failure)  385742K->8430K(1055232K), 0.0031242 secs]
1191.929: [GC (Allocation Failure)  375022K->8398K(1044480K), 0.0030426 secs]
1192.256: [GC (Allocation Failure)  364238K->8398K(1034240K), 0.0028938 secs]
1192.574: [GC (Allocation Failure)  353998K->8398K(1024512K), 0.0035109 secs]
1192.883: [GC (Allocation Failure)  344270K->8366K(1015296K), 0.0030020 secs]
1193.185: [GC (Allocation Failure)  335022K->8398K(1006592K), 0.0037214 secs]
1193.480: [GC (Allocation Failure)  326350K->8430K(997888K), 0.0026475 secs]
1193.769: [GC (Allocation Failure)  317678K->8430K(989696K), 0.0029229 secs]
1194.049: [GC (Allocation Failure)  309486K->8366K(982016K), 0.0031985 secs]
1194.320: [GC (Allocation Failure)  301742K->8366K(1040896K), 0.0028670 secs]
1194.644: [GC (Allocation Failure)  360622K->8398K(1031168K), 0.0030664 secs]
1194.960: [GC (Allocation Failure)  350926K->8398K(1021440K), 0.0031338 secs]
1195.267: [GC (Allocation Failure)  341198K->8398K(1012224K), 0.0029885 secs]
1195.572: [GC (Allocation Failure)  331982K->8398K(1003520K), 0.0028390 secs]
1195.863: [GC (Allocation Failure)  323278K->8366K(995328K), 0.0030816 secs]
1196.147: [GC (Allocation Failure)  315054K->8398K(1056768K), 0.0033591 secs]
1196.486: [GC (Allocation Failure)  376526K->8430K(1046016K), 0.0029812 secs]
1196.820: [GC (Allocation Failure)  365806K->8398K(1035776K), 0.0030913 secs]
1197.140: [GC (Allocation Failure)  355534K->8366K(1026048K), 0.0033594 secs]
1197.451: [GC (Allocation Failure)  345774K->8398K(1016832K), 0.0026805 secs]
1197.753: [GC (Allocation Failure)  336590K->8398K(1008128K), 0.0028638 secs]
1198.048: [GC (Allocation Failure)  327886K->8398K(999424K), 0.0030761 secs]
1198.335: [GC (Allocation Failure)  319182K->8398K(991232K), 0.0029020 secs]
1198.615: [GC (Allocation Failure)  310990K->8366K(983552K), 0.0031748 secs]
1198.892: [GC (Allocation Failure)  303278K->8398K(1042944K), 0.0039118 secs]
1199.217: [GC (Allocation Failure)  362702K->8430K(1114112K), 0.0030801 secs]
1199.608: [GC (Allocation Failure)  433902K->8430K(1101312K), 0.0029308 secs]
1199.985: [GC (Allocation Failure)  421102K->8366K(1089024K), 0.0028870 secs]
1200.391: [GC (Allocation Failure)  408750K->8398K(1077248K), 0.0031711 secs]
1200.748: [GC (Allocation Failure)  397006K->8398K(1065984K), 0.0031404 secs]
1201.097: [GC (Allocation Failure)  385742K->8366K(1055232K), 0.0033833 secs]
1201.439: [GC (Allocation Failure)  374958K->8398K(1044480K), 0.0032451 secs]
1201.775: [GC (Allocation Failure)  364238K->8366K(1034240K), 0.0030042 secs]
1202.108: [GC (Allocation Failure)  353966K->8406K(1024512K), 0.0032695 secs]
1202.419: [GC (Allocation Failure)  344278K->8406K(1015296K), 0.0028099 secs]
1202.721: [GC (Allocation Failure)  335062K->8406K(1006592K), 0.0032284 secs]
1203.019: [GC (Allocation Failure)  326358K->8406K(997888K), 0.0030411 secs]
1203.306: [GC (Allocation Failure)  317654K->8374K(989696K), 0.0031912 secs]
1203.587: [GC (Allocation Failure)  309430K->8374K(982016K), 0.0028698 secs]
1203.860: [GC (Allocation Failure)  301750K->8374K(1040896K), 0.0032631 secs]
1204.185: [GC (Allocation Failure)  360630K->8406K(1111552K), 0.0031589 secs]
1204.588: [GC (Allocation Failure)  431318K->8406K(1098752K), 0.0029081 secs]
1204.965: [GC (Allocation Failure)  418518K->8406K(1086464K), 0.0026541 secs]
1205.330: [GC (Allocation Failure)  406230K->8374K(1074688K), 0.0029729 secs]
1205.685: [GC (Allocation Failure)  394422K->8406K(1063424K), 0.0035553 secs]
1206.044: [GC (Allocation Failure)  383190K->8406K(1052672K), 0.0029117 secs]
1206.380: [GC (Allocation Failure)  372438K->8406K(1042432K), 0.0036419 secs]
1206.709: [GC (Allocation Failure)  362198K->8374K(1032704K), 0.0033708 secs]
1207.030: [GC (Allocation Failure)  352438K->8374K(1022976K), 0.0033192 secs]
1207.346: [GC (Allocation Failure)  342710K->8438K(1013760K), 0.0034160 secs]
1207.660: [GC (Allocation Failure)  333558K->8374K(1005056K), 0.0033542 secs]
1207.959: [GC (Allocation Failure)  324790K->8406K(1068544K), 0.0042915 secs]
1208.318: [GC (Allocation Failure)  388310K->8406K(1144832K), 0.0039208 secs]
1208.742: [GC (Allocation Failure)  464598K->8374K(1236480K), 0.0033254 secs]
1209.241: [GC (Allocation Failure)  556214K->8438K(1218048K), 0.0027490 secs]
1209.724: [GC (Allocation Failure)  537846K->8406K(1200640K), 0.0033024 secs]
1210.196: [GC (Allocation Failure)  520406K->8406K(1183744K), 0.0040918 secs]
1210.650: [GC (Allocation Failure)  503510K->8406K(1167872K), 0.0032271 secs]
1211.088: [GC (Allocation Failure)  487638K->8406K(1152512K), 0.0038980 secs]
1211.517: [GC (Allocation Failure)  472278K->8406K(1137664K), 0.0034447 secs]
1211.928: [GC (Allocation Failure)  457430K->8406K(1123840K), 0.0031068 secs]
1212.327: [GC (Allocation Failure)  443606K->8406K(1110528K), 0.0045248 secs]
1212.719: [GC (Allocation Failure)  430294K->8438K(1097728K), 0.0037113 secs]
1213.097: [GC (Allocation Failure)  417526K->8374K(1085440K), 0.0038491 secs]
1213.463: [GC (Allocation Failure)  405174K->8406K(1073664K), 0.0029778 secs]
1213.820: [GC (Allocation Failure)  393430K->8406K(1062400K), 0.0032823 secs]
1214.164: [GC (Allocation Failure)  382166K->8374K(1051648K), 0.0039509 secs]
1214.499: [GC (Allocation Failure)  371382K->8374K(1041408K), 0.0038749 secs]
1214.825: [GC (Allocation Failure)  361142K->8374K(1031680K), 0.0030587 secs]
1215.144: [GC (Allocation Failure)  351414K->8406K(1021952K), 0.0027767 secs]
1215.450: [GC (Allocation Failure)  341718K->8406K(1012736K), 0.0034033 secs]
1215.750: [GC (Allocation Failure)  332502K->8374K(1077760K), 0.0033425 secs]
1216.136: [GC (Allocation Failure)  397494K->8406K(1155584K), 0.0041282 secs]
1216.566: [GC (Allocation Failure)  475350K->8406K(1140736K), 0.0036998 secs]
1216.985: [GC (Allocation Failure)  460502K->8406K(1126400K), 0.0028181 secs]
1217.391: [GC (Allocation Failure)  446166K->8406K(1113088K), 0.0029350 secs]
1217.779: [GC (Allocation Failure)  432854K->8406K(1100288K), 0.0035698 secs]
1218.153: [GC (Allocation Failure)  420054K->8374K(1088000K), 0.0030923 secs]
1218.522: [GC (Allocation Failure)  407734K->8374K(1076224K), 0.0037988 secs]
1218.890: [GC (Allocation Failure)  395958K->8374K(1064960K), 0.0039372 secs]
1219.254: [GC (Allocation Failure)  384694K->8406K(1054208K), 0.0031470 secs]
1219.594: [GC (Allocation Failure)  373974K->8406K(1043968K), 0.0032930 secs]
1219.924: [GC (Allocation Failure)  363734K->8374K(1033728K), 0.0036478 secs]
1220.242: [GC (Allocation Failure)  353462K->8438K(1024000K), 0.0032835 secs]
1220.550: [GC (Allocation Failure)  343798K->8438K(1091072K), 0.0036155 secs]
1220.919: [GC (Allocation Failure)  410870K->8406K(1079296K), 0.0033673 secs]
1221.279: [GC (Allocation Failure)  399062K->8438K(1068032K), 0.0029623 secs]
1221.633: [GC (Allocation Failure)  387830K->8374K(1056768K), 0.0035219 secs]
1221.972: [GC (Allocation Failure)  376502K->8374K(1046016K), 0.0033045 secs]
1222.299: [GC (Allocation Failure)  365750K->8374K(1035776K), 0.0030582 secs]
1222.618: [GC (Allocation Failure)  355510K->8406K(1026048K), 0.0028796 secs]
1222.927: [GC (Allocation Failure)  345814K->8406K(1016832K), 0.0032943 secs]
