Java HotSpot(TM) 64-Bit Server VM (25.91-b14) for linux-amd64 JRE (1.8.0_91-b14), built on Apr  1 2016 00:57:21 by "java_re" with gcc 4.3.0 20080428 (Red Hat 4.3.0-8)
Memory: 4k page, physical 10239976k(3859920k free), swap 4192252k(4192252k free)
CommandLine flags: -XX:InitialHeapSize=163839616 -XX:MaxHeapSize=2621433856 -XX:+PrintGC -XX:+PrintGCTimeStamps -XX:+UseCompressedClassPointers -XX:+UseCompressedOops 
0.785: [GC (Allocation Failure)  43136K->7440K(156416K), 0.0216805 secs]
1.008: [GC (Allocation Failure)  50576K->14013K(156416K), 0.0272091 secs]
1.203: [GC (Allocation Failure)  57149K->20016K(156416K), 0.0291910 secs]
1.457: [GC (Allocation Failure)  63152K->27011K(156416K), 0.0407201 secs]
1.660: [GC (Allocation Failure)  70147K->33162K(156416K), 0.0249162 secs]
1.918: [GC (Allocation Failure)  76298K->38878K(156416K), 0.0262566 secs]
2.127: [GC (Allocation Failure)  82014K->44674K(156416K), 0.0155074 secs]
2.315: [GC (Allocation Failure)  87810K->50592K(156416K), 0.0297560 secs]
2.527: [GC (Allocation Failure)  93728K->57325K(156416K), 0.0292533 secs]
2.792: [GC (Allocation Failure)  100461K->63575K(156416K), 0.0453960 secs]
3.150: [GC (Allocation Failure)  106711K->69472K(156416K), 0.0359645 secs]
3.349: [GC (Allocation Failure)  112608K->74608K(156416K), 0.0280564 secs]
3.543: [GC (Allocation Failure)  117744K->79755K(156416K), 0.0277343 secs]
3.739: [GC (Allocation Failure)  122891K->85543K(156416K), 0.0194107 secs]
3.955: [GC (Allocation Failure)  128679K->91534K(156416K), 0.0196802 secs]
4.147: [GC (Allocation Failure)  134670K->97280K(156416K), 0.0304646 secs]
4.309: [GC (Allocation Failure)  140416K->103369K(156416K), 0.0229513 secs]
4.401: [GC (Allocation Failure)  146505K->108212K(156416K), 0.0166553 secs]
4.493: [GC (Allocation Failure)  151348K->114180K(157376K), 0.0208522 secs]
4.514: [Full GC (Allocation Failure)  114180K->110995K(157376K), 0.1593960 secs]
4.974: [GC (Allocation Failure)  181564K->119696K(263164K), 0.0673856 secs]
5.654: [GC (Allocation Failure)  192400K->136923K(263164K), 0.0510802 secs]
6.230: [GC (Allocation Failure)  209627K->148310K(263164K), 0.1070957 secs]
6.855: [GC (Allocation Failure)  221014K->160747K(263164K), 0.0396648 secs]
7.364: [GC (Allocation Failure)  233451K->172629K(263164K), 0.0499754 secs]
8.033: [GC (Allocation Failure)  245333K->181694K(263164K), 0.0613698 secs]
8.567: [GC (Allocation Failure)  254398K->192172K(264892K), 0.1023149 secs]
8.670: [Full GC (Allocation Failure)  192172K->156439K(264892K), 0.3958152 secs]
9.684: [GC (Allocation Failure)  260887K->172422K(378176K), 0.0401446 secs]
10.383: [GC (Allocation Failure)  276870K->188501K(378176K), 0.0966239 secs]
10.679: [Full GC (System.gc())  219861K->170566K(378176K), 0.5525793 secs]
11.237: [Full GC (System.gc())  170566K->160399K(412280K), 0.4332776 secs]
11.684: [Full GC (System.gc())  160399K->160399K(412280K), 0.3127346 secs]
12.001: [Full GC (System.gc())  160399K->160399K(412280K), 0.3891467 secs]
12.394: [Full GC (System.gc())  160399K->160399K(412280K), 0.3908761 secs]
13.683: [Full GC (System.gc())  185776K->154285K(412280K), 0.4374509 secs]
14.123: [Full GC (System.gc())  154285K->154285K(412280K), 0.3055002 secs]
14.429: [Full GC (System.gc())  154285K->154285K(412280K), 0.3808501 secs]
14.810: [Full GC (System.gc())  154285K->154285K(412280K), 0.3765660 secs]
15.187: [Full GC (System.gc())  154285K->154285K(412280K), 0.3058588 secs]
15.564: [Full GC (System.gc())  156691K->154983K(412280K), 0.3626712 secs]
15.944: [Full GC (System.gc())  154983K->154983K(412280K), 0.3876430 secs]
16.347: [Full GC (System.gc())  154983K->154983K(412280K), 0.3163089 secs]
16.674: [Full GC (System.gc())  154983K->144597K(412280K), 0.3388410 secs]
17.021: [Full GC (System.gc())  144597K->144597K(412280K), 0.3824003 secs]
17.409: [Full GC (System.gc())  146872K->144599K(412280K), 0.4080077 secs]
17.821: [Full GC (System.gc())  144599K->144599K(412280K), 0.3269547 secs]
18.152: [Full GC (System.gc())  144599K->144592K(412280K), 0.3846833 secs]
18.542: [Full GC (System.gc())  144592K->144592K(412280K), 0.4024834 secs]
18.952: [Full GC (System.gc())  144592K->144592K(412280K), 0.3206574 secs]
23.001: [GC (Allocation Failure)  258384K->150582K(412280K), 0.0345416 secs]
24.582: [GC (Allocation Failure)  264374K->155769K(412280K), 0.0365350 secs]
26.206: [GC (Allocation Failure)  269561K->161482K(412280K), 0.0688485 secs]
28.314: [GC (Allocation Failure)  275274K->167377K(412280K), 0.0846042 secs]
29.678: [GC (Allocation Failure)  281169K->173902K(412280K), 0.0715802 secs]
31.136: [GC (Allocation Failure)  287694K->180533K(412280K), 0.0487978 secs]
32.508: [GC (Allocation Failure)  294325K->186744K(412280K), 0.0959434 secs]
33.754: [GC (Allocation Failure)  300536K->192800K(412280K), 0.1134889 secs]
35.631: [GC (Allocation Failure)  306592K->200327K(412280K), 0.0929676 secs]
37.156: [GC (Allocation Failure)  314119K->206936K(412280K), 0.0565821 secs]
38.494: [GC (Allocation Failure)  320728K->213956K(412280K), 0.0413565 secs]
39.710: [GC (Allocation Failure)  327748K->219568K(412280K), 0.0940512 secs]
40.903: [GC (Allocation Failure)  333360K->224813K(412280K), 0.0888339 secs]
41.998: [GC (Allocation Failure)  338605K->230544K(412280K), 0.0745349 secs]
43.220: [GC (Allocation Failure)  344336K->237471K(412280K), 0.0906470 secs]
45.331: [GC (Allocation Failure)  351263K->244875K(412280K), 0.0881074 secs]
46.662: [GC (Allocation Failure)  358667K->254023K(412280K), 0.0565770 secs]
47.811: [GC (Allocation Failure)  367815K->261233K(412280K), 0.0565837 secs]
49.244: [GC (Allocation Failure)  375025K->263817K(412280K), 0.0282751 secs]
50.552: [GC (Allocation Failure)  377609K->269661K(412280K), 0.0335018 secs]
51.486: [GC (Allocation Failure)  383453K->276443K(412280K), 0.0717609 secs]
52.737: [GC (Allocation Failure)  390235K->281431K(412280K), 0.0740482 secs]
54.707: [GC (Allocation Failure)  395223K->288042K(412280K), 0.0476091 secs]
56.437: [GC (Allocation Failure)  401834K->292069K(415928K), 0.0623887 secs]
56.499: [Full GC (Allocation Failure)  292069K->273163K(415928K), 0.7954970 secs]
59.404: [GC (Allocation Failure)  455371K->283952K(660204K), 0.0601568 secs]
62.699: [GC (Allocation Failure)  466160K->292734K(660204K), 0.0927394 secs]
65.162: [GC (Allocation Failure)  474942K->300683K(660204K), 0.0981072 secs]
67.443: [GC (Allocation Failure)  482891K->309053K(660204K), 0.1238723 secs]
69.873: [GC (Allocation Failure)  491261K->318040K(660204K), 0.0785735 secs]
72.244: [GC (Allocation Failure)  500248K->329177K(660204K), 0.0646989 secs]
74.574: [GC (Allocation Failure)  511385K->346919K(660204K), 0.1060020 secs]
76.215: [GC (Allocation Failure)  529127K->349224K(660204K), 0.1275892 secs]
78.404: [GC (Allocation Failure)  531432K->364635K(660204K), 0.0518000 secs]
83.480: [GC (Allocation Failure)  546843K->380547K(660204K), 0.0913828 secs]
85.841: [GC (Allocation Failure)  562755K->386928K(660204K), 0.0936924 secs]
88.005: [GC (Allocation Failure)  569136K->397846K(660204K), 0.0877794 secs]
90.847: [GC (Allocation Failure)  580054K->415472K(660204K), 0.2492622 secs]
93.244: [GC (Allocation Failure)  597680K->429681K(660204K), 0.2084012 secs]
97.462: [GC (Allocation Failure)  611889K->457247K(660204K), 0.0938054 secs]
99.782: [GC (Allocation Failure)  639455K->476010K(660204K), 0.1555223 secs]
101.898: [GC (Allocation Failure)  658218K->485318K(680556K), 0.0709070 secs]
101.969: [Full GC (Allocation Failure)  485318K->387335K(680556K), 1.2570932 secs]
107.349: [GC (Allocation Failure)  645639K->407979K(936120K), 0.0600013 secs]
109.321: [GC (Allocation Failure)  666283K->424082K(936120K), 0.0762117 secs]
111.812: [GC (Allocation Failure)  682386K->442665K(936120K), 0.0690528 secs]
114.555: [GC (Allocation Failure)  700969K->455852K(936120K), 0.1159941 secs]
117.112: [GC (Allocation Failure)  714156K->474751K(936120K), 0.0898929 secs]
118.413: [GC (Allocation Failure)  733055K->499249K(936120K), 0.1231292 secs]
119.947: [GC (Allocation Failure)  757553K->539417K(936120K), 0.0935468 secs]
121.341: [GC (Allocation Failure)  797721K->593879K(936120K), 0.1159704 secs]
122.326: [GC (Allocation Failure)  852183K->649483K(936120K), 0.1125376 secs]
124.518: [GC (Allocation Failure)  907787K->708374K(966840K), 0.1131563 secs]
124.631: [Full GC (Allocation Failure)  708374K->546013K(966840K), 1.3131676 secs]
127.606: [GC (Allocation Failure)  910045K->595655K(1319560K), 0.0717810 secs]
129.026: [GC (Allocation Failure)  959687K->662878K(1319560K), 0.1807226 secs]
130.713: [GC (Allocation Failure)  1026910K->740375K(1319560K), 0.1356165 secs]
132.972: [GC (Allocation Failure)  1104407K->769804K(1319560K), 0.1202685 secs]
135.953: [GC (Allocation Failure)  1133836K->785697K(1319560K), 0.1199688 secs]
137.808: [GC (Allocation Failure)  1149729K->799292K(1319560K), 0.0778840 secs]
139.855: [GC (Allocation Failure)  1163324K->813557K(1319560K), 0.1642493 secs]
142.166: [GC (Allocation Failure)  1177589K->829115K(1319560K), 0.1018625 secs]
143.851: [GC (Allocation Failure)  1193147K->851767K(1319560K), 0.1096003 secs]
146.701: [GC (Allocation Failure)  1215799K->869157K(1319560K), 0.2221487 secs]
150.153: [GC (Allocation Failure)  1233189K->886896K(1319560K), 0.1443395 secs]
152.117: [GC (Allocation Failure)  1250928K->914383K(1319560K), 0.0906484 secs]
152.952: [GC (Allocation Failure)  1278415K->1055742K(1419784K), 0.1483102 secs]
153.101: [Full GC (Allocation Failure)  1055742K->772591K(1419784K), 1.7879181 secs]
157.039: [GC (Allocation Failure)  1287663K->880124K(1867112K), 0.1148516 secs]
160.022: [GC (Allocation Failure)  1395196K->906459K(1867112K), 0.1981500 secs]
162.571: [GC (Allocation Failure)  1421531K->922812K(1867112K), 0.0897124 secs]
165.458: [GC (Allocation Failure)  1437884K->960118K(1867112K), 0.1546047 secs]
167.957: [GC (Allocation Failure)  1475190K->980765K(1867112K), 0.1288938 secs]
169.463: [GC (Allocation Failure)  1495837K->1170667K(1867112K), 0.1599038 secs]
171.657: [GC (Allocation Failure)  1685739K->1256887K(1867112K), 0.1439176 secs]
173.797: [GC (Allocation Failure)  1771959K->1288844K(1867112K), 0.1100464 secs]
175.091: [GC (Allocation Failure)  1803916K->1522964K(2038064K), 0.1936366 secs]
175.285: [Full GC (Allocation Failure)  1522964K->988180K(2038064K), 2.1742874 secs]
179.155: [GC (Allocation Failure)  1647124K->1288628K(2388216K), 0.1842539 secs]
181.196: [Full GC (System.gc())  1776280K->951512K(2388216K), 2.3233836 secs]
183.520: [Full GC (System.gc())  951512K->951512K(2388216K), 2.0592691 secs]
185.579: [Full GC (System.gc())  951512K->951512K(2388216K), 1.8418440 secs]
187.421: [Full GC (System.gc())  951512K->951512K(2388216K), 1.8128012 secs]
189.234: [Full GC (System.gc())  951512K->951512K(2388216K), 1.9520809 secs]
193.139: [GC (Allocation Failure)  1610456K->967623K(2388216K), 0.0721440 secs]
