Java HotSpot(TM) 64-Bit Server VM (25.74-b02) for linux-amd64 JRE (1.8.0_74-b02), built on Jan 29 2016 19:20:56 by "java_re" with gcc 4.3.0 20080428 (Red Hat 4.3.0-8)
Memory: 4k page, physical 65960280k(2532812k free), swap 32767996k(32756512k free)
CommandLine flags: -XX:InitialHeapSize=1055364480 -XX:MaxHeapSize=16885831680 -XX:+PrintGC -XX:+PrintGCTimeStamps -XX:+UseCompressedClassPointers -XX:+UseCompressedOops -XX:+UseParallelGC 
0.886: [GC (Allocation Failure)  258048K->14557K(989184K), 0.0276395 secs]
33554.687: [GC (Allocation Failure)  272605K->9641K(1247232K), 0.0199928 secs]
33555.464: [GC (Allocation Failure)  525737K->8426K(1247232K), 0.0151714 secs]
33556.005: [GC (Allocation Failure)  524522K->8322K(1763328K), 0.0142377 secs]
33557.418: [GC (Allocation Failure)  1040514K->8402K(1763328K), 0.0194955 secs]
33558.481: [GC (Allocation Failure)  1040594K->8570K(2766848K), 0.0127104 secs]
33561.268: [GC (Allocation Failure)  2072954K->8706K(2767360K), 0.0211248 secs]
33563.336: [GC (Allocation Failure)  2073090K->8378K(2661376K), 0.0030943 secs]
33565.293: [GC (Allocation Failure)  1981114K->8458K(2590720K), 0.0033178 secs]
33567.218: [GC (Allocation Failure)  1894154K->8442K(2491904K), 0.0032660 secs]
33569.062: [GC (Allocation Failure)  1811706K->8442K(2429440K), 0.0031978 secs]
33570.772: [GC (Allocation Failure)  1732858K->8378K(2338304K), 0.0033696 secs]
33572.432: [GC (Allocation Failure)  1658042K->8474K(2283520K), 0.0034767 secs]
33574.125: [GC (Allocation Failure)  1586970K->8410K(2199552K), 0.0064392 secs]
33575.666: [GC (Allocation Failure)  1519322K->8442K(2150400K), 0.0036902 secs]
33577.114: [GC (Allocation Failure)  1454842K->8442K(2074112K), 0.0038790 secs]
33578.533: [GC (Allocation Failure)  1393914K->8410K(2030080K), 0.0034938 secs]
33579.867: [GC (Allocation Failure)  1335514K->8442K(1960448K), 0.0041906 secs]
33581.170: [GC (Allocation Failure)  1280250K->8426K(1921024K), 0.0056575 secs]
33582.404: [GC (Allocation Failure)  1227498K->8490K(1857536K), 0.0046039 secs]
33583.593: [GC (Allocation Failure)  1177386K->8426K(1821696K), 0.0038749 secs]
33584.767: [GC (Allocation Failure)  1129706K->8458K(1764352K), 0.0040072 secs]
33585.849: [GC (Allocation Failure)  1084170K->8442K(1732096K), 0.0038209 secs]
33586.892: [GC (Allocation Failure)  1041146K->8442K(1680384K), 0.0033214 secs]
33587.897: [GC (Allocation Failure)  1000186K->8506K(1650688K), 0.0040718 secs]
33588.871: [GC (Allocation Failure)  961338K->8474K(1604096K), 0.0036333 secs]
33589.858: [GC (Allocation Failure)  923930K->8442K(1576960K), 0.0039133 secs]
33590.750: [GC (Allocation Failure)  888570K->8474K(1534976K), 0.0038984 secs]
33591.613: [GC (Allocation Failure)  854810K->8442K(1509888K), 0.0034789 secs]
33592.465: [GC (Allocation Failure)  822522K->8506K(1472000K), 0.0032309 secs]
33593.283: [GC (Allocation Failure)  791866K->8506K(1448960K), 0.0038375 secs]
33594.050: [GC (Allocation Failure)  762682K->8506K(1415168K), 0.0035116 secs]
33594.895: [GC (Allocation Failure)  735034K->8474K(1393664K), 0.0034536 secs]
33595.626: [GC (Allocation Failure)  708378K->8474K(1363456K), 0.0038780 secs]
33596.310: [GC (Allocation Failure)  683290K->8474K(1344000K), 0.0040645 secs]
33596.972: [GC (Allocation Failure)  659226K->8442K(1316352K), 0.0037734 secs]
33597.632: [GC (Allocation Failure)  636154K->8570K(1298432K), 0.0032675 secs]
33598.269: [GC (Allocation Failure)  614266K->8478K(1273344K), 0.0039243 secs]
33598.865: [GC (Allocation Failure)  593182K->8478K(1256448K), 0.0033532 secs]
33599.444: [GC (Allocation Failure)  573214K->8478K(1234432K), 0.0034698 secs]
33600.000: [GC (Allocation Failure)  554270K->8510K(1218560K), 0.0032448 secs]
33600.549: [GC (Allocation Failure)  535870K->8542K(1198592K), 0.0041155 secs]
33601.072: [GC (Allocation Failure)  518494K->8478K(1184256K), 0.0030617 secs]
33601.592: [GC (Allocation Failure)  501534K->8510K(1165824K), 0.0035139 secs]
33602.083: [GC (Allocation Failure)  485694K->8486K(1152512K), 0.0030429 secs]
33602.554: [GC (Allocation Failure)  470310K->8518K(1136128K), 0.0031831 secs]
33603.008: [GC (Allocation Failure)  456006K->8518K(1123840K), 0.0039234 secs]
33603.450: [GC (Allocation Failure)  442182K->8518K(1108992K), 0.0036593 secs]
33603.879: [GC (Allocation Failure)  428870K->8550K(1097728K), 0.0037891 secs]
33604.293: [GC (Allocation Failure)  416102K->8550K(1083904K), 0.0029901 secs]
33604.698: [GC (Allocation Failure)  403814K->8518K(1073152K), 0.0039552 secs]
33605.126: [GC (Allocation Failure)  392006K->8486K(1060864K), 0.0040069 secs]
33605.505: [GC (Allocation Failure)  380710K->8486K(1051136K), 0.0030732 secs]
33605.872: [GC (Allocation Failure)  369958K->8550K(1039872K), 0.0033835 secs]
33606.230: [GC (Allocation Failure)  359782K->8518K(1030656K), 0.0033252 secs]
33606.580: [GC (Allocation Failure)  350022K->8550K(1020928K), 0.0043204 secs]
33606.924: [GC (Allocation Failure)  340838K->8510K(1012224K), 0.0034567 secs]
33607.254: [GC (Allocation Failure)  331582K->8542K(1003008K), 0.0037913 secs]
33607.578: [GC (Allocation Failure)  322910K->8510K(995328K), 0.0035652 secs]
33607.893: [GC (Allocation Failure)  314686K->8542K(1056256K), 0.0040506 secs]
33608.288: [GC (Allocation Failure)  376158K->8574K(1130496K), 0.0036042 secs]
33608.737: [GC (Allocation Failure)  449918K->8510K(1116160K), 0.0030684 secs]
33609.172: [GC (Allocation Failure)  436030K->8542K(1103360K), 0.0033869 secs]
33609.597: [GC (Allocation Failure)  422750K->8510K(1090560K), 0.0038501 secs]
33610.007: [GC (Allocation Failure)  410430K->8510K(1078784K), 0.0028852 secs]
33610.430: [GC (Allocation Failure)  398654K->8542K(1067520K), 0.0039466 secs]
33610.816: [GC (Allocation Failure)  387422K->8574K(1056256K), 0.0033670 secs]
33611.191: [GC (Allocation Failure)  376190K->8510K(1045504K), 0.0034987 secs]
33611.575: [GC (Allocation Failure)  365374K->8542K(1035264K), 0.0035439 secs]
33611.928: [GC (Allocation Failure)  355166K->8542K(1025536K), 0.0034122 secs]
33612.272: [GC (Allocation Failure)  345438K->8574K(1016320K), 0.0031930 secs]
33612.607: [GC (Allocation Failure)  336254K->8478K(1007616K), 0.0036775 secs]
33612.934: [GC (Allocation Failure)  327454K->8542K(998912K), 0.0035369 secs]
33613.254: [GC (Allocation Failure)  318814K->8510K(1061376K), 0.0042275 secs]
33613.638: [GC (Allocation Failure)  381246K->8574K(1136128K), 0.0035886 secs]
33614.111: [GC (Allocation Failure)  456062K->8542K(1122304K), 0.0039218 secs]
33614.552: [GC (Allocation Failure)  442206K->8542K(1108992K), 0.0036584 secs]
33614.985: [GC (Allocation Failure)  428894K->8542K(1096192K), 0.0042291 secs]
33615.399: [GC (Allocation Failure)  416094K->8542K(1083904K), 0.0034053 secs]
33615.819: [GC (Allocation Failure)  403806K->8542K(1072128K), 0.0031938 secs]
33616.214: [GC (Allocation Failure)  392030K->8510K(1060864K), 0.0040996 secs]
33616.597: [GC (Allocation Failure)  380734K->8510K(1050112K), 0.0036285 secs]
33616.965: [GC (Allocation Failure)  369982K->8510K(1039872K), 0.0041479 secs]
33617.339: [GC (Allocation Failure)  359742K->8542K(1030144K), 0.0037117 secs]
33617.686: [GC (Allocation Failure)  350046K->8510K(1020928K), 0.0038943 secs]
33618.026: [GC (Allocation Failure)  340798K->8542K(1011712K), 0.0032900 secs]
33618.356: [GC (Allocation Failure)  331614K->8510K(1003008K), 0.0032822 secs]
33618.678: [GC (Allocation Failure)  322878K->8510K(994816K), 0.0028626 secs]
33618.992: [GC (Allocation Failure)  314686K->8510K(1056256K), 0.0042515 secs]
33619.366: [GC (Allocation Failure)  376126K->8542K(1129984K), 0.0040489 secs]
33619.816: [GC (Allocation Failure)  449886K->8542K(1116160K), 0.0036353 secs]
33620.266: [GC (Allocation Failure)  436062K->8542K(1102848K), 0.0035696 secs]
33620.688: [GC (Allocation Failure)  422750K->8542K(1090560K), 0.0035620 secs]
33621.124: [GC (Allocation Failure)  410462K->8510K(1078784K), 0.0043096 secs]
33621.527: [GC (Allocation Failure)  398654K->8542K(1067520K), 0.0035649 secs]
33621.912: [GC (Allocation Failure)  387422K->8510K(1056256K), 0.0037791 secs]
33622.286: [GC (Allocation Failure)  376126K->8606K(1045504K), 0.0028304 secs]
33622.648: [GC (Allocation Failure)  365470K->8510K(1035264K), 0.0036787 secs]
33623.002: [GC (Allocation Failure)  355134K->8542K(1025536K), 0.0030962 secs]
33623.345: [GC (Allocation Failure)  345438K->8574K(1016320K), 0.0036273 secs]
33623.680: [GC (Allocation Failure)  336254K->8574K(1007616K), 0.0026689 secs]
33624.007: [GC (Allocation Failure)  327550K->8542K(998912K), 0.0038564 secs]
33624.342: [GC (Allocation Failure)  318814K->8574K(990720K), 0.0033776 secs]
33624.652: [GC (Allocation Failure)  310654K->8542K(1051136K), 0.0039050 secs]
33625.021: [GC (Allocation Failure)  371038K->8542K(1123840K), 0.0039536 secs]
33625.479: [GC (Allocation Failure)  443742K->8510K(1110528K), 0.0033757 secs]
33625.906: [GC (Allocation Failure)  430398K->8574K(1097728K), 0.0035304 secs]
33626.341: [GC (Allocation Failure)  417662K->8574K(1085440K), 0.0038861 secs]
33626.756: [GC (Allocation Failure)  405374K->8510K(1073664K), 0.0041069 secs]
33627.155: [GC (Allocation Failure)  393534K->8542K(1062400K), 0.0033058 secs]
33627.541: [GC (Allocation Failure)  382302K->8542K(1051648K), 0.0032119 secs]
33627.915: [GC (Allocation Failure)  371550K->8542K(1041408K), 0.0032266 secs]
33628.276: [GC (Allocation Failure)  361310K->8574K(1031680K), 0.0043263 secs]
33628.631: [GC (Allocation Failure)  351614K->8542K(1021952K), 0.0035306 secs]
33628.971: [GC (Allocation Failure)  341854K->8574K(1012736K), 0.0031947 secs]
33629.302: [GC (Allocation Failure)  332670K->8542K(1004032K), 0.0028938 secs]
33629.639: [GC (Allocation Failure)  323934K->8542K(995840K), 0.0036813 secs]
33629.955: [GC (Allocation Failure)  315742K->8510K(987648K), 0.0033948 secs]
33630.263: [GC (Allocation Failure)  307518K->8510K(1047552K), 0.0045162 secs]
33630.628: [GC (Allocation Failure)  367422K->8542K(1119744K), 0.0034772 secs]
33631.078: [GC (Allocation Failure)  439646K->8510K(1106432K), 0.0034603 secs]
33631.550: [GC (Allocation Failure)  426302K->8510K(1093632K), 0.0042103 secs]
33631.967: [GC (Allocation Failure)  413502K->8542K(1081344K), 0.0034856 secs]
33632.366: [GC (Allocation Failure)  401246K->8542K(1069568K), 0.0044308 secs]
33632.778: [GC (Allocation Failure)  389470K->8510K(1058304K), 0.0041083 secs]
33633.158: [GC (Allocation Failure)  378174K->8542K(1047552K), 0.0034782 secs]
33633.540: [GC (Allocation Failure)  367454K->8542K(1037312K), 0.0030299 secs]
33633.893: [GC (Allocation Failure)  357214K->8574K(1027584K), 0.0031701 secs]
33634.239: [GC (Allocation Failure)  347518K->8510K(1018368K), 0.0036256 secs]
33634.575: [GC (Allocation Failure)  338238K->8574K(1084416K), 0.0054416 secs]
33634.985: [GC (Allocation Failure)  404350K->8510K(1163776K), 0.0037498 secs]
33635.494: [GC (Allocation Failure)  483646K->8542K(1148416K), 0.0034788 secs]
33635.971: [GC (Allocation Failure)  468318K->8510K(1134080K), 0.0027556 secs]
33636.423: [GC (Allocation Failure)  453950K->8574K(1120256K), 0.0032609 secs]
33636.862: [GC (Allocation Failure)  440190K->8542K(1106944K), 0.0039271 secs]
33637.287: [GC (Allocation Failure)  426846K->8510K(1094144K), 0.0045422 secs]
33637.705: [GC (Allocation Failure)  414014K->8542K(1081856K), 0.0040341 secs]
33638.112: [GC (Allocation Failure)  401758K->8510K(1070080K), 0.0032824 secs]
33638.531: [GC (Allocation Failure)  389950K->8574K(1058816K), 0.0033489 secs]
33638.907: [GC (Allocation Failure)  378750K->8542K(1048064K), 0.0031074 secs]
33639.273: [GC (Allocation Failure)  367966K->8510K(1037824K), 0.0036565 secs]
33639.629: [GC (Allocation Failure)  357694K->8510K(1028096K), 0.0037974 secs]
33639.975: [GC (Allocation Failure)  347966K->8542K(1018880K), 0.0033243 secs]
33640.328: [GC (Allocation Failure)  338782K->8542K(1009664K), 0.0034145 secs]
33640.666: [GC (Allocation Failure)  329566K->8542K(1000960K), 0.0037032 secs]
33641.003: [GC (Allocation Failure)  320862K->8542K(1063424K), 0.0042904 secs]
33641.384: [GC (Allocation Failure)  383326K->8510K(1052672K), 0.0030222 secs]
33641.754: [GC (Allocation Failure)  372542K->8510K(1042432K), 0.0032739 secs]
33642.146: [GC (Allocation Failure)  362302K->8542K(1032704K), 0.0035010 secs]
33642.496: [GC (Allocation Failure)  352606K->8510K(1022976K), 0.0032459 secs]
33642.839: [GC (Allocation Failure)  342846K->8510K(1013760K), 0.0040502 secs]
33643.172: [GC (Allocation Failure)  333630K->8542K(1078784K), 0.0048602 secs]
33643.571: [GC (Allocation Failure)  398686K->8510K(1157120K), 0.0035422 secs]
33644.050: [GC (Allocation Failure)  476990K->8510K(1142272K), 0.0042051 secs]
33644.533: [GC (Allocation Failure)  462142K->8510K(1127936K), 0.0041174 secs]
33644.985: [GC (Allocation Failure)  447806K->8542K(1114112K), 0.0037284 secs]
33645.419: [GC (Allocation Failure)  434014K->8542K(1101312K), 0.0038010 secs]
33645.839: [GC (Allocation Failure)  421214K->8510K(1089024K), 0.0045868 secs]
33646.264: [GC (Allocation Failure)  408894K->8542K(1077248K), 0.0040517 secs]
33646.662: [GC (Allocation Failure)  397150K->8478K(1065984K), 0.0033554 secs]
33647.071: [GC (Allocation Failure)  385822K->8542K(1055232K), 0.0032119 secs]
33647.472: [GC (Allocation Failure)  375134K->8510K(1044480K), 0.0048021 secs]
33647.855: [GC (Allocation Failure)  364350K->8510K(1034240K), 0.0037216 secs]
33648.207: [GC (Allocation Failure)  354110K->8542K(1103360K), 0.0051368 secs]
33648.644: [GC (Allocation Failure)  423262K->8510K(1091072K), 0.0027197 secs]
33649.052: [GC (Allocation Failure)  410942K->8542K(1079296K), 0.0033525 secs]
33649.449: [GC (Allocation Failure)  399198K->8542K(1068032K), 0.0037869 secs]
33649.841: [GC (Allocation Failure)  387934K->8542K(1056768K), 0.0034111 secs]
33650.221: [GC (Allocation Failure)  376670K->8510K(1046016K), 0.0037799 secs]
33650.585: [GC (Allocation Failure)  365886K->8574K(1035776K), 0.0035154 secs]
33650.939: [GC (Allocation Failure)  355710K->8542K(1026048K), 0.0041049 secs]
33651.288: [GC (Allocation Failure)  345950K->8542K(1016832K), 0.0031185 secs]
33651.625: [GC (Allocation Failure)  336734K->8542K(1008128K), 0.0036288 secs]
33651.952: [GC (Allocation Failure)  328030K->8510K(999424K), 0.0033516 secs]
33652.317: [GC (Allocation Failure)  319294K->8542K(991232K), 0.0071637 secs]
33652.632: [GC (Allocation Failure)  311134K->8510K(1052160K), 0.0042667 secs]
33653.007: [GC (Allocation Failure)  372030K->8510K(1041920K), 0.0030956 secs]
33653.366: [GC (Allocation Failure)  361790K->8510K(1032192K), 0.0035345 secs]
33653.717: [GC (Allocation Failure)  352062K->8574K(1022464K), 0.0034186 secs]
33654.059: [GC (Allocation Failure)  342398K->8510K(1089536K), 0.0039903 secs]
33654.466: [GC (Allocation Failure)  409406K->8542K(1077760K), 0.0033815 secs]
33654.862: [GC (Allocation Failure)  397662K->8510K(1066496K), 0.0041366 secs]
33655.250: [GC (Allocation Failure)  386366K->8510K(1055744K), 0.0032536 secs]
33655.622: [GC (Allocation Failure)  375614K->8510K(1044992K), 0.0030420 secs]
33655.983: [GC (Allocation Failure)  364862K->8510K(1034752K), 0.0035569 secs]
33656.335: [GC (Allocation Failure)  354622K->8542K(1025024K), 0.0033070 secs]
33656.678: [GC (Allocation Failure)  344926K->8542K(1015808K), 0.0033213 secs]
33657.011: [GC (Allocation Failure)  335710K->8542K(1007104K), 0.0031789 secs]
33657.337: [GC (Allocation Failure)  327006K->8574K(998400K), 0.0031031 secs]
33657.706: [GC (Allocation Failure)  318334K->8510K(990208K), 0.0038500 secs]
33658.017: [GC (Allocation Failure)  310078K->8510K(1050624K), 0.0042339 secs]
33658.412: [GC (Allocation Failure)  370494K->8510K(1123328K), 0.0037343 secs]
33658.857: [GC (Allocation Failure)  443198K->8542K(1110016K), 0.0032598 secs]
33659.289: [GC (Allocation Failure)  429918K->8542K(1097216K), 0.0037078 secs]
33659.704: [GC (Allocation Failure)  417118K->8574K(1084928K), 0.0032251 secs]
33660.105: [GC (Allocation Failure)  404862K->8542K(1073152K), 0.0032936 secs]
33660.505: [GC (Allocation Failure)  393054K->8510K(1061888K), 0.0034676 secs]
33660.885: [GC (Allocation Failure)  381758K->8510K(1051136K), 0.0048547 secs]
33661.255: [GC (Allocation Failure)  371006K->8542K(1040896K), 0.0031915 secs]
33661.613: [GC (Allocation Failure)  360798K->8574K(1031168K), 0.0036772 secs]
33661.961: [GC (Allocation Failure)  351102K->8542K(1021440K), 0.0031948 secs]
33662.302: [GC (Allocation Failure)  341342K->8510K(1012224K), 0.0035169 secs]
33662.635: [GC (Allocation Failure)  332094K->8542K(1003520K), 0.0033744 secs]
33662.961: [GC (Allocation Failure)  323422K->8510K(1066496K), 0.0041361 secs]
33663.344: [GC (Allocation Failure)  386366K->8542K(1142272K), 0.0042529 secs]
33663.839: [GC (Allocation Failure)  462174K->8574K(1127936K), 0.0028711 secs]
33664.314: [GC (Allocation Failure)  447870K->8510K(1114112K), 0.0036357 secs]
33664.745: [GC (Allocation Failure)  433982K->8510K(1101312K), 0.0045244 secs]
33665.176: [GC (Allocation Failure)  421182K->8542K(1089024K), 0.0038736 secs]
33665.585: [GC (Allocation Failure)  408926K->8574K(1077248K), 0.0038457 secs]
33666.000: [GC (Allocation Failure)  397182K->8542K(1065984K), 0.0042302 secs]
33666.388: [GC (Allocation Failure)  385886K->8542K(1055232K), 0.0038859 secs]
33666.761: [GC (Allocation Failure)  375134K->8574K(1044480K), 0.0034849 secs]
33667.125: [GC (Allocation Failure)  364414K->8542K(1115648K), 0.0051774 secs]
33667.561: [GC (Allocation Failure)  435550K->8542K(1102848K), 0.0031670 secs]
33667.982: [GC (Allocation Failure)  422750K->8574K(1090560K), 0.0033076 secs]
33668.403: [GC (Allocation Failure)  410494K->8510K(1078784K), 0.0030726 secs]
33668.799: [GC (Allocation Failure)  398654K->8542K(1067520K), 0.0041537 secs]
33669.190: [GC (Allocation Failure)  387422K->8542K(1056256K), 0.0045400 secs]
33669.568: [GC (Allocation Failure)  376158K->8542K(1045504K), 0.0034855 secs]
33669.932: [GC (Allocation Failure)  365406K->8574K(1035264K), 0.0035680 secs]
33670.286: [GC (Allocation Failure)  355198K->8542K(1025536K), 0.0037182 secs]
33670.631: [GC (Allocation Failure)  345438K->8542K(1016320K), 0.0029600 secs]
33670.985: [GC (Allocation Failure)  336222K->8542K(1007616K), 0.0031185 secs]
33671.311: [GC (Allocation Failure)  327518K->8542K(998912K), 0.0031184 secs]
33671.644: [GC (Allocation Failure)  318814K->8510K(990720K), 0.0030560 secs]
33671.956: [GC (Allocation Failure)  310590K->8510K(983040K), 0.0036598 secs]
33672.259: [GC (Allocation Failure)  302910K->8510K(1041920K), 0.0050383 secs]
33672.621: [GC (Allocation Failure)  361790K->8510K(1112576K), 0.0032925 secs]
33673.052: [GC (Allocation Failure)  432446K->8574K(1099776K), 0.0031777 secs]
33673.506: [GC (Allocation Failure)  419710K->8510K(1087488K), 0.0029539 secs]
33673.912: [GC (Allocation Failure)  407358K->8542K(1075712K), 0.0029368 secs]
33674.305: [GC (Allocation Failure)  395614K->8574K(1064448K), 0.0036990 secs]
33674.688: [GC (Allocation Failure)  384382K->8574K(1053696K), 0.0031858 secs]
33675.062: [GC (Allocation Failure)  373630K->8510K(1043456K), 0.0039168 secs]
33675.422: [GC (Allocation Failure)  363326K->8542K(1114624K), 0.0060538 secs]
33675.872: [GC (Allocation Failure)  434526K->8510K(1200128K), 0.0057965 secs]
33676.396: [GC (Allocation Failure)  519998K->8542K(1302528K), 0.0055509 secs]
33677.088: [GC (Allocation Failure)  622430K->8574K(1281024K), 0.0045398 secs]
33677.720: [GC (Allocation Failure)  600958K->8542K(1260544K), 0.0054386 secs]
33678.312: [GC (Allocation Failure)  580446K->8510K(1241088K), 0.0217589 secs]
33678.930: [GC (Allocation Failure)  560958K->8542K(1222656K), 0.0043006 secs]
33679.475: [GC (Allocation Failure)  542558K->8510K(1204736K), 0.0043414 secs]
33680.000: [GC (Allocation Failure)  524606K->8542K(1187840K), 0.0038815 secs]
33680.507: [GC (Allocation Failure)  507742K->8542K(1171456K), 0.0032760 secs]
33681.013: [GC (Allocation Failure)  491358K->8510K(1156096K), 0.0042530 secs]
33681.500: [GC (Allocation Failure)  475966K->8510K(1141248K), 0.0049619 secs]
33681.961: [GC (Allocation Failure)  461118K->8510K(1126912K), 0.0039434 secs]
33682.429: [GC (Allocation Failure)  446782K->8542K(1113600K), 0.0036497 secs]
33682.860: [GC (Allocation Failure)  433502K->8510K(1100800K), 0.0049469 secs]
33683.286: [GC (Allocation Failure)  420670K->8542K(1088512K), 0.0034861 secs]
33683.700: [GC (Allocation Failure)  408414K->8542K(1076736K), 0.0042303 secs]
33684.116: [GC (Allocation Failure)  396638K->8510K(1065472K), 0.0045053 secs]
33684.500: [GC (Allocation Failure)  385342K->8542K(1054720K), 0.0042810 secs]
33684.903: [GC (Allocation Failure)  374622K->8574K(1044480K), 0.0041476 secs]
33685.285: [GC (Allocation Failure)  364414K->8510K(1115648K), 0.0046025 secs]
33685.732: [GC (Allocation Failure)  435518K->8510K(1201152K), 0.0049292 secs]
33686.258: [GC (Allocation Failure)  521022K->8510K(1184256K), 0.0040950 secs]
33686.771: [GC (Allocation Failure)  504126K->8510K(1168384K), 0.0040517 secs]
33687.327: [GC (Allocation Failure)  488254K->8542K(1153024K), 0.0040180 secs]
33687.803: [GC (Allocation Failure)  472926K->8542K(1138176K), 0.0043420 secs]
33688.259: [GC (Allocation Failure)  458078K->8510K(1124352K), 0.0031802 secs]
33688.704: [GC (Allocation Failure)  444222K->8542K(1111040K), 0.0035064 secs]
33689.160: [GC (Allocation Failure)  430942K->8542K(1098240K), 0.0043440 secs]
33689.602: [GC (Allocation Failure)  418142K->8542K(1085952K), 0.0038290 secs]
33690.007: [GC (Allocation Failure)  405854K->8542K(1074176K), 0.0034567 secs]
33690.399: [GC (Allocation Failure)  394078K->8510K(1062912K), 0.0036312 secs]
33690.781: [GC (Allocation Failure)  382782K->8542K(1052160K), 0.0042332 secs]
33691.155: [GC (Allocation Failure)  372062K->8510K(1041920K), 0.0037706 secs]
33691.514: [GC (Allocation Failure)  361790K->8542K(1032192K), 0.0043772 secs]
33691.877: [GC (Allocation Failure)  352094K->8542K(1101312K), 0.0041619 secs]
33692.306: [GC (Allocation Failure)  421214K->8542K(1089024K), 0.0038678 secs]
33692.731: [GC (Allocation Failure)  408926K->8542K(1077248K), 0.0052733 secs]
33693.142: [GC (Allocation Failure)  397150K->8542K(1155072K), 0.0054044 secs]
33693.640: [GC (Allocation Failure)  474974K->8510K(1140224K), 0.0038133 secs]
33694.108: [GC (Allocation Failure)  460094K->8542K(1125888K), 0.0044195 secs]
33694.590: [GC (Allocation Failure)  445790K->8510K(1112576K), 0.0038328 secs]
33695.025: [GC (Allocation Failure)  432446K->8510K(1099776K), 0.0038390 secs]
33695.446: [GC (Allocation Failure)  419646K->8510K(1087488K), 0.0034067 secs]
33695.850: [GC (Allocation Failure)  407358K->8542K(1075712K), 0.0038164 secs]
33696.243: [GC (Allocation Failure)  395614K->8542K(1064448K), 0.0040387 secs]
33696.631: [GC (Allocation Failure)  384350K->8510K(1053696K), 0.0034039 secs]
33697.002: [GC (Allocation Failure)  373566K->8510K(1043456K), 0.0034216 secs]
33697.390: [GC (Allocation Failure)  363326K->8510K(1033216K), 0.0037926 secs]
33697.741: [GC (Allocation Failure)  353086K->8542K(1023488K), 0.0036456 secs]
33698.086: [GC (Allocation Failure)  343390K->8542K(1014272K), 0.0036587 secs]
33698.456: [GC (Allocation Failure)  334174K->8542K(1005568K), 0.0035334 secs]
33698.780: [GC (Allocation Failure)  325470K->8574K(996864K), 0.0036003 secs]
33699.117: [GC (Allocation Failure)  316798K->8542K(1058816K), 0.0036904 secs]
33699.555: [GC (Allocation Failure)  378718K->8542K(1048064K), 0.0037218 secs]
33699.927: [GC (Allocation Failure)  367966K->8542K(1037824K), 0.0041962 secs]
33700.287: [GC (Allocation Failure)  357726K->8510K(1107968K), 0.0043458 secs]
33700.765: [GC (Allocation Failure)  427838K->8510K(1191936K), 0.0047956 secs]
33701.282: [GC (Allocation Failure)  511806K->8542K(1175552K), 0.0042517 secs]
33701.795: [GC (Allocation Failure)  495454K->8542K(1159680K), 0.0038793 secs]
33702.274: [GC (Allocation Failure)  479582K->8510K(1144832K), 0.0053177 secs]
33702.741: [GC (Allocation Failure)  464702K->8510K(1130496K), 0.0042165 secs]
33703.191: [GC (Allocation Failure)  450366K->8542K(1116672K), 0.0050026 secs]
33703.634: [GC (Allocation Failure)  436574K->8510K(1103360K), 0.0040632 secs]
33704.061: [GC (Allocation Failure)  423230K->8510K(1091072K), 0.0039815 secs]
33704.471: [GC (Allocation Failure)  410942K->8542K(1079296K), 0.0035916 secs]
33704.868: [GC (Allocation Failure)  399198K->8542K(1068032K), 0.0041127 secs]
33705.276: [GC (Allocation Failure)  387934K->8510K(1056768K), 0.0038212 secs]
33705.675: [GC (Allocation Failure)  376638K->8542K(1046016K), 0.0036395 secs]
33706.041: [GC (Allocation Failure)  365918K->8542K(1035776K), 0.0040316 secs]
33706.395: [GC (Allocation Failure)  355678K->8510K(1026048K), 0.0033820 secs]
33706.751: [GC (Allocation Failure)  345918K->8510K(1093632K), 0.0042445 secs]
33707.164: [GC (Allocation Failure)  413502K->8510K(1175040K), 0.0047799 secs]
33707.666: [GC (Allocation Failure)  494910K->8510K(1159168K), 0.0041560 secs]
33708.201: [GC (Allocation Failure)  479038K->8510K(1144320K), 0.0038969 secs]
33708.665: [GC (Allocation Failure)  464190K->8510K(1129984K), 0.0029720 secs]
33709.115: [GC (Allocation Failure)  449854K->8542K(1116160K), 0.0042541 secs]
33709.573: [GC (Allocation Failure)  436062K->8542K(1102848K), 0.0037836 secs]
33709.993: [GC (Allocation Failure)  422750K->8510K(1090560K), 0.0038949 secs]
33710.402: [GC (Allocation Failure)  410430K->8574K(1078784K), 0.0036132 secs]
33710.801: [GC (Allocation Failure)  398718K->8510K(1067520K), 0.0040761 secs]
33711.205: [GC (Allocation Failure)  387390K->8542K(1056256K), 0.0045242 secs]
33711.596: [GC (Allocation Failure)  376158K->8542K(1045504K), 0.0042380 secs]
33711.995: [GC (Allocation Failure)  365406K->8542K(1035264K), 0.0032794 secs]
33712.349: [GC (Allocation Failure)  355166K->8542K(1025536K), 0.0032314 secs]
33712.693: [GC (Allocation Failure)  345438K->8542K(1016320K), 0.0043185 secs]
33713.033: [GC (Allocation Failure)  336222K->8510K(1081856K), 0.0036097 secs]
33713.432: [GC (Allocation Failure)  401726K->8542K(1070080K), 0.0038934 secs]
33713.820: [GC (Allocation Failure)  389982K->8510K(1058816K), 0.0038068 secs]
33714.196: [GC (Allocation Failure)  378686K->8542K(1133056K), 0.0048610 secs]
33714.656: [GC (Allocation Failure)  452958K->8510K(1119232K), 0.0038802 secs]
33715.122: [GC (Allocation Failure)  439102K->8574K(1105920K), 0.0040518 secs]
33715.552: [GC (Allocation Failure)  425854K->8542K(1093120K), 0.0037548 secs]
33715.963: [GC (Allocation Failure)  413022K->8510K(1080832K), 0.0040431 secs]
33716.362: [GC (Allocation Failure)  400702K->8510K(1069056K), 0.0035507 secs]
33716.751: [GC (Allocation Failure)  388926K->8542K(1057792K), 0.0035986 secs]
33717.128: [GC (Allocation Failure)  377694K->8542K(1047040K), 0.0037010 secs]
33717.492: [GC (Allocation Failure)  366942K->8574K(1036800K), 0.0031609 secs]
33717.846: [GC (Allocation Failure)  356734K->8478K(1027072K), 0.0041539 secs]
33718.195: [GC (Allocation Failure)  346910K->8510K(1095168K), 0.0046488 secs]
33718.622: [GC (Allocation Failure)  415038K->8542K(1176576K), 0.0037655 secs]
33719.161: [GC (Allocation Failure)  496478K->8542K(1160704K), 0.0046542 secs]
33719.649: [GC (Allocation Failure)  480606K->8510K(1145856K), 0.0036666 secs]
33720.135: [GC (Allocation Failure)  465726K->8510K(1131520K), 0.0038385 secs]
33720.599: [GC (Allocation Failure)  451390K->8574K(1117696K), 0.0038040 secs]
33721.078: [GC (Allocation Failure)  437630K->8542K(1104384K), 0.0035943 secs]
33721.543: [GC (Allocation Failure)  424286K->8542K(1091584K), 0.0045398 secs]
33721.978: [GC (Allocation Failure)  411486K->8510K(1079808K), 0.0038273 secs]
33722.374: [GC (Allocation Failure)  399678K->8510K(1068032K), 0.0033687 secs]
33722.765: [GC (Allocation Failure)  387902K->8542K(1056768K), 0.0038048 secs]
33723.140: [GC (Allocation Failure)  376670K->8574K(1130496K), 0.0052694 secs]
33723.590: [GC (Allocation Failure)  450430K->8542K(1116672K), 0.0042951 secs]
33724.029: [GC (Allocation Failure)  436574K->8574K(1202688K), 0.0053257 secs]
33724.551: [GC (Allocation Failure)  522622K->8542K(1185792K), 0.0038039 secs]
33725.056: [GC (Allocation Failure)  505694K->8510K(1169920K), 0.0031097 secs]
33725.543: [GC (Allocation Failure)  489790K->8510K(1154560K), 0.0044192 secs]
33726.017: [GC (Allocation Failure)  474430K->8542K(1139712K), 0.0042311 secs]
33726.498: [GC (Allocation Failure)  459614K->8542K(1125376K), 0.0048677 secs]
33726.955: [GC (Allocation Failure)  445278K->8542K(1112064K), 0.0048545 secs]
33727.416: [GC (Allocation Failure)  431966K->8510K(1099264K), 0.0041188 secs]
33727.858: [GC (Allocation Failure)  419134K->8510K(1086976K), 0.0036131 secs]
33728.263: [GC (Allocation Failure)  406846K->8542K(1075200K), 0.0047394 secs]
33728.665: [GC (Allocation Failure)  395102K->8542K(1063936K), 0.0032175 secs]
33729.046: [GC (Allocation Failure)  383838K->8542K(1139200K), 0.0051526 secs]
33729.506: [GC (Allocation Failure)  459102K->8574K(1125376K), 0.0046270 secs]
33729.955: [GC (Allocation Failure)  445310K->8574K(1112064K), 0.0033482 secs]
33730.389: [GC (Allocation Failure)  431998K->8574K(1099264K), 0.0042265 secs]
33730.812: [GC (Allocation Failure)  419198K->8542K(1086976K), 0.0047261 secs]
33731.223: [GC (Allocation Failure)  406878K->8510K(1075200K), 0.0044433 secs]
33731.617: [GC (Allocation Failure)  395070K->8510K(1152512K), 0.0045926 secs]
33732.107: [GC (Allocation Failure)  472382K->8510K(1137664K), 0.0035481 secs]
33732.568: [GC (Allocation Failure)  457534K->8542K(1123840K), 0.0035081 secs]
33733.025: [GC (Allocation Failure)  443742K->8510K(1110528K), 0.0039692 secs]
33733.453: [GC (Allocation Failure)  430398K->8542K(1097728K), 0.0051006 secs]
33733.876: [GC (Allocation Failure)  417630K->8542K(1085440K), 0.0040735 secs]
33734.285: [GC (Allocation Failure)  405342K->8542K(1073664K), 0.0039992 secs]
33734.681: [GC (Allocation Failure)  393566K->8510K(1062400K), 0.0043779 secs]
33735.068: [GC (Allocation Failure)  382270K->8542K(1051648K), 0.0040240 secs]
33735.440: [GC (Allocation Failure)  371550K->8510K(1041408K), 0.0034627 secs]
33735.799: [GC (Allocation Failure)  361278K->8478K(1031680K), 0.0040044 secs]
33736.147: [GC (Allocation Failure)  351518K->8542K(1021952K), 0.0033810 secs]
33736.516: [GC (Allocation Failure)  341854K->8542K(1089024K), 0.0041375 secs]
33736.926: [GC (Allocation Failure)  408926K->8510K(1077248K), 0.0039162 secs]
33737.360: [GC (Allocation Failure)  397118K->8542K(1065984K), 0.0044633 secs]
33737.744: [GC (Allocation Failure)  385886K->8542K(1055232K), 0.0040296 secs]
33738.121: [GC (Allocation Failure)  375134K->8510K(1044480K), 0.0038666 secs]
33738.482: [GC (Allocation Failure)  364350K->8510K(1115648K), 0.0038111 secs]
33738.926: [GC (Allocation Failure)  435518K->8510K(1201152K), 0.0046062 secs]
33739.452: [GC (Allocation Failure)  521022K->8510K(1184256K), 0.0037850 secs]
33739.956: [GC (Allocation Failure)  504126K->8510K(1168384K), 0.0036838 secs]
33740.444: [GC (Allocation Failure)  488254K->8510K(1153024K), 0.0045841 secs]
33740.920: [GC (Allocation Failure)  472894K->8510K(1138176K), 0.0043561 secs]
33741.382: [GC (Allocation Failure)  458046K->8510K(1124352K), 0.0037507 secs]
33741.830: [GC (Allocation Failure)  444222K->8510K(1111040K), 0.0039297 secs]
33742.261: [GC (Allocation Failure)  430910K->8542K(1098240K), 0.0043002 secs]
33742.683: [GC (Allocation Failure)  418142K->8510K(1085952K), 0.0048124 secs]
33743.093: [GC (Allocation Failure)  405822K->8510K(1074176K), 0.0040831 secs]
33743.499: [GC (Allocation Failure)  394046K->8542K(1062912K), 0.0040669 secs]
33743.932: [GC (Allocation Failure)  382814K->8542K(1052160K), 0.0035655 secs]
33744.305: [GC (Allocation Failure)  372062K->8510K(1041920K), 0.0033582 secs]
33744.663: [GC (Allocation Failure)  361790K->8574K(1032192K), 0.0036332 secs]
33745.013: [GC (Allocation Failure)  352126K->8574K(1022464K), 0.0036034 secs]
33745.353: [GC (Allocation Failure)  342398K->8542K(1013248K), 0.0038965 secs]
33745.683: [GC (Allocation Failure)  333150K->8542K(1078272K), 0.0039877 secs]
33746.107: [GC (Allocation Failure)  398174K->8542K(1156608K), 0.0040135 secs]
33746.584: [GC (Allocation Failure)  476510K->8542K(1141760K), 0.0029604 secs]
33747.079: [GC (Allocation Failure)  461662K->8542K(1127424K), 0.0031768 secs]
33747.537: [GC (Allocation Failure)  447326K->8542K(1114112K), 0.0034875 secs]
33747.978: [GC (Allocation Failure)  434014K->8542K(1101312K), 0.0040999 secs]
33748.410: [GC (Allocation Failure)  421214K->8510K(1089024K), 0.0036710 secs]
33748.816: [GC (Allocation Failure)  408894K->8542K(1077248K), 0.0031817 secs]
33749.215: [GC (Allocation Failure)  397150K->8574K(1065984K), 0.0033237 secs]
33749.599: [GC (Allocation Failure)  385918K->8542K(1055232K), 0.0036616 secs]
33749.972: [GC (Allocation Failure)  375134K->8542K(1044480K), 0.0035212 secs]
33750.334: [GC (Allocation Failure)  364382K->8510K(1034240K), 0.0033467 secs]
33750.684: [GC (Allocation Failure)  354110K->8510K(1024512K), 0.0029656 secs]
33751.024: [GC (Allocation Failure)  344382K->8510K(1015296K), 0.0030678 secs]
33751.356: [GC (Allocation Failure)  335166K->8542K(1006592K), 0.0035669 secs]
33751.679: [GC (Allocation Failure)  326494K->8542K(997888K), 0.0035163 secs]
33752.049: [GC (Allocation Failure)  317790K->8542K(989696K), 0.0038034 secs]
33752.356: [GC (Allocation Failure)  309598K->8510K(982016K), 0.0031791 secs]
33752.655: [GC (Allocation Failure)  301886K->8510K(974336K), 0.0034072 secs]
33752.954: [GC (Allocation Failure)  294206K->8542K(1031680K), 0.0035469 secs]
33753.301: [GC (Allocation Failure)  351582K->8574K(1100288K), 0.0081133 secs]
33753.734: [GC (Allocation Failure)  420222K->8510K(1182720K), 0.0034075 secs]
33754.239: [GC (Allocation Failure)  502590K->8542K(1281536K), 0.0040021 secs]
33754.845: [GC (Allocation Failure)  601438K->8510K(1261056K), 0.0034219 secs]
33755.425: [GC (Allocation Failure)  580926K->8510K(1241600K), 0.0035204 secs]
33756.020: [GC (Allocation Failure)  561470K->8542K(1352192K), 0.0091528 secs]
33756.748: [GC (Allocation Failure)  672094K->8574K(1328640K), 0.0036163 secs]
33757.467: [GC (Allocation Failure)  648574K->8510K(1306112K), 0.0036261 secs]
33758.114: [GC (Allocation Failure)  625982K->8542K(1284608K), 0.0040019 secs]
33758.736: [GC (Allocation Failure)  604510K->8542K(1264128K), 0.0092648 secs]
33759.423: [GC (Allocation Failure)  584030K->8574K(1244672K), 0.0035579 secs]
33760.053: [GC (Allocation Failure)  564606K->8542K(1225728K), 0.0036818 secs]
33760.639: [GC (Allocation Failure)  545630K->8510K(1207808K), 0.0041889 secs]
33761.171: [GC (Allocation Failure)  527678K->8510K(1190912K), 0.0037842 secs]
33761.780: [GC (Allocation Failure)  510782K->8542K(1174528K), 0.0036509 secs]
33762.308: [GC (Allocation Failure)  494430K->8542K(1159168K), 0.0035589 secs]
33762.826: [GC (Allocation Failure)  479070K->8542K(1144320K), 0.0041206 secs]
33763.301: [GC (Allocation Failure)  464222K->8574K(1129984K), 0.0034537 secs]
33763.750: [GC (Allocation Failure)  449918K->8510K(1116160K), 0.0036042 secs]
33764.187: [GC (Allocation Failure)  436030K->8542K(1102848K), 0.0030025 secs]
33764.608: [GC (Allocation Failure)  422750K->8510K(1090560K), 0.0038384 secs]
33765.017: [GC (Allocation Failure)  410430K->8510K(1078784K), 0.0036475 secs]
33765.413: [GC (Allocation Failure)  398654K->8542K(1157120K), 0.0072162 secs]
33765.908: [GC (Allocation Failure)  477022K->8574K(1142272K), 0.0041503 secs]
33766.375: [GC (Allocation Failure)  462206K->8542K(1127936K), 0.0031303 secs]
33766.823: [GC (Allocation Failure)  447838K->8542K(1114112K), 0.0033964 secs]
33767.291: [GC (Allocation Failure)  434014K->8542K(1101312K), 0.0037371 secs]
33767.711: [GC (Allocation Failure)  421214K->8542K(1089024K), 0.0030830 secs]
33768.131: [GC (Allocation Failure)  408926K->8542K(1077248K), 0.0037350 secs]
33768.534: [GC (Allocation Failure)  397150K->8574K(1065984K), 0.0042213 secs]
33768.933: [GC (Allocation Failure)  385918K->8542K(1055232K), 0.0045492 secs]
33769.306: [GC (Allocation Failure)  375134K->8542K(1044480K), 0.0043890 secs]
33769.669: [GC (Allocation Failure)  364382K->8542K(1034240K), 0.0037128 secs]
33770.034: [GC (Allocation Failure)  354142K->8510K(1024512K), 0.0032400 secs]
33770.382: [GC (Allocation Failure)  344382K->8510K(1015296K), 0.0035804 secs]
33770.717: [GC (Allocation Failure)  335166K->8510K(1006592K), 0.0035254 secs]
33771.043: [GC (Allocation Failure)  326462K->8542K(997888K), 0.0033921 secs]
33771.405: [GC (Allocation Failure)  317790K->8542K(989696K), 0.0027712 secs]
33771.732: [GC (Allocation Failure)  309598K->8510K(1050112K), 0.0055902 secs]
33772.102: [GC (Allocation Failure)  369982K->8542K(1122816K), 0.0039837 secs]
33772.588: [GC (Allocation Failure)  442718K->8542K(1109504K), 0.0034565 secs]
33773.016: [GC (Allocation Failure)  429406K->8574K(1193984K), 0.0050257 secs]
33773.558: [GC (Allocation Failure)  513918K->8542K(1177600K), 0.0039706 secs]
33774.083: [GC (Allocation Failure)  497502K->8510K(1161728K), 0.0040839 secs]
33774.589: [GC (Allocation Failure)  481598K->8510K(1146880K), 0.0040848 secs]
33775.060: [GC (Allocation Failure)  466750K->8542K(1132544K), 0.0054320 secs]
33775.519: [GC (Allocation Failure)  452446K->8542K(1118720K), 0.0051655 secs]
33775.966: [GC (Allocation Failure)  438622K->8510K(1105408K), 0.0036962 secs]
33776.390: [GC (Allocation Failure)  425278K->8510K(1092608K), 0.0046009 secs]
33776.805: [GC (Allocation Failure)  412478K->8510K(1080320K), 0.0039415 secs]
33777.203: [GC (Allocation Failure)  400190K->8542K(1068544K), 0.0041950 secs]
33777.642: [GC (Allocation Failure)  388446K->8542K(1057280K), 0.0037477 secs]
33778.035: [GC (Allocation Failure)  377182K->8510K(1046528K), 0.0041861 secs]
33778.410: [GC (Allocation Failure)  366398K->8542K(1036288K), 0.0039387 secs]
33778.764: [GC (Allocation Failure)  356190K->8542K(1105920K), 0.0040985 secs]
33779.202: [GC (Allocation Failure)  425822K->8574K(1093120K), 0.0033241 secs]
33779.612: [GC (Allocation Failure)  413054K->8510K(1080832K), 0.0048214 secs]
33780.011: [GC (Allocation Failure)  400702K->8510K(1069056K), 0.0034371 secs]
33780.420: [GC (Allocation Failure)  388926K->8542K(1057792K), 0.0030714 secs]
33780.799: [GC (Allocation Failure)  377694K->8574K(1047040K), 0.0033404 secs]
33781.179: [GC (Allocation Failure)  366974K->8574K(1036800K), 0.0046658 secs]
33781.538: [GC (Allocation Failure)  356734K->8542K(1027072K), 0.0035359 secs]
33781.882: [GC (Allocation Failure)  346974K->8574K(1017856K), 0.0032668 secs]
33782.216: [GC (Allocation Failure)  337790K->8542K(1008640K), 0.0035219 secs]
33782.575: [GC (Allocation Failure)  328542K->8510K(999936K), 0.0035227 secs]
33782.892: [GC (Allocation Failure)  319806K->8510K(991744K), 0.0036458 secs]
33783.203: [GC (Allocation Failure)  311614K->8510K(1052672K), 0.0037179 secs]
33783.572: [GC (Allocation Failure)  372542K->8574K(1042432K), 0.0029704 secs]
33783.931: [GC (Allocation Failure)  362366K->8542K(1032704K), 0.0033354 secs]
33784.280: [GC (Allocation Failure)  352606K->8542K(1022976K), 0.0034582 secs]
33784.620: [GC (Allocation Failure)  342878K->8542K(1013760K), 0.0035367 secs]
33784.963: [GC (Allocation Failure)  333662K->8574K(1005056K), 0.0034659 secs]
33785.291: [GC (Allocation Failure)  324990K->8510K(1068544K), 0.0039252 secs]
33785.676: [GC (Allocation Failure)  388414K->8510K(1144832K), 0.0039014 secs]
33786.140: [GC (Allocation Failure)  464702K->8542K(1130496K), 0.0030879 secs]
33786.606: [GC (Allocation Failure)  450398K->8542K(1116672K), 0.0034982 secs]
33787.097: [GC (Allocation Failure)  436574K->8574K(1103360K), 0.0039268 secs]
33787.533: [GC (Allocation Failure)  423294K->8542K(1091072K), 0.0032905 secs]
33787.948: [GC (Allocation Failure)  410974K->8542K(1079296K), 0.0034389 secs]
33788.355: [GC (Allocation Failure)  399198K->8574K(1068032K), 0.0034499 secs]
33788.741: [GC (Allocation Failure)  387966K->8510K(1056768K), 0.0038229 secs]
33789.122: [GC (Allocation Failure)  376638K->8510K(1046016K), 0.0035358 secs]
33789.490: [GC (Allocation Failure)  365886K->8542K(1035776K), 0.0034144 secs]
33789.842: [GC (Allocation Failure)  355678K->8542K(1026048K), 0.0035542 secs]
33790.186: [GC (Allocation Failure)  345950K->8574K(1016832K), 0.0034132 secs]
33790.526: [GC (Allocation Failure)  336766K->8510K(1008128K), 0.0038019 secs]
33790.850: [GC (Allocation Failure)  327998K->8510K(1072128K), 0.0041877 secs]
33791.250: [GC (Allocation Failure)  391998K->8510K(1060864K), 0.0033468 secs]
33791.651: [GC (Allocation Failure)  380734K->8574K(1050112K), 0.0028523 secs]
33792.019: [GC (Allocation Failure)  370046K->8478K(1039872K), 0.0037795 secs]
33792.376: [GC (Allocation Failure)  359710K->8510K(1030144K), 0.0032952 secs]
33792.722: [GC (Allocation Failure)  350014K->8542K(1020928K), 0.0032771 secs]
33793.137: [GC (Allocation Failure)  340830K->8542K(1011712K), 0.0033424 secs]
33793.466: [GC (Allocation Failure)  331614K->8542K(1003008K), 0.0039343 secs]
33793.788: [GC (Allocation Failure)  322910K->8510K(1065984K), 0.0042439 secs]
33794.221: [GC (Allocation Failure)  385854K->8542K(1055232K), 0.0031396 secs]
33794.603: [GC (Allocation Failure)  375134K->8574K(1044480K), 0.0043191 secs]
33794.965: [GC (Allocation Failure)  364414K->8542K(1115648K), 0.0040199 secs]
33795.406: [GC (Allocation Failure)  435550K->8542K(1102848K), 0.0035044 secs]
33795.826: [GC (Allocation Failure)  422750K->8542K(1090560K), 0.0036264 secs]
33796.235: [GC (Allocation Failure)  410462K->8510K(1078784K), 0.0031405 secs]
33796.644: [GC (Allocation Failure)  398654K->8574K(1067520K), 0.0031593 secs]
33797.052: [GC (Allocation Failure)  387454K->8542K(1056256K), 0.0035084 secs]
33797.435: [GC (Allocation Failure)  376158K->8574K(1045504K), 0.0031933 secs]
33797.797: [GC (Allocation Failure)  365438K->8542K(1035264K), 0.0032336 secs]
33798.168: [GC (Allocation Failure)  355166K->8574K(1025536K), 0.0030304 secs]
33798.510: [GC (Allocation Failure)  345470K->8542K(1016320K), 0.0029489 secs]
33798.847: [GC (Allocation Failure)  336222K->8574K(1007616K), 0.0035962 secs]
33799.174: [GC (Allocation Failure)  327550K->8574K(998912K), 0.0029409 secs]
33799.488: [GC (Allocation Failure)  318846K->8574K(990720K), 0.0030229 secs]
33799.794: [GC (Allocation Failure)  310654K->8510K(1051136K), 0.0046784 secs]
33800.164: [GC (Allocation Failure)  371006K->8510K(1123840K), 0.0035957 secs]
33800.606: [GC (Allocation Failure)  443710K->8542K(1110528K), 0.0037755 secs]
33801.055: [GC (Allocation Failure)  430430K->8574K(1097728K), 0.0033381 secs]
33801.482: [GC (Allocation Failure)  417662K->8542K(1085440K), 0.0048021 secs]
33801.903: [GC (Allocation Failure)  405342K->8510K(1073664K), 0.0041749 secs]
33802.311: [GC (Allocation Failure)  393534K->8542K(1062400K), 0.0045577 secs]
33802.712: [GC (Allocation Failure)  382302K->8510K(1137152K), 0.0050853 secs]
33803.174: [GC (Allocation Failure)  457022K->8542K(1123328K), 0.0037295 secs]
33803.676: [GC (Allocation Failure)  443230K->8542K(1110016K), 0.0035482 secs]
33804.107: [GC (Allocation Failure)  429918K->8510K(1097216K), 0.0041058 secs]
33804.554: [GC (Allocation Failure)  417086K->8542K(1084928K), 0.0032815 secs]
33804.957: [GC (Allocation Failure)  404830K->8574K(1073152K), 0.0031714 secs]
33805.350: [GC (Allocation Failure)  393086K->8542K(1061888K), 0.0036244 secs]
33805.746: [GC (Allocation Failure)  381790K->8510K(1051136K), 0.0038836 secs]
33806.120: [GC (Allocation Failure)  371006K->8542K(1040896K), 0.0035460 secs]
33806.477: [GC (Allocation Failure)  360798K->8542K(1031168K), 0.0025708 secs]
33806.824: [GC (Allocation Failure)  351070K->8574K(1021440K), 0.0035949 secs]
33807.163: [GC (Allocation Failure)  341374K->8510K(1012224K), 0.0032910 secs]
33807.513: [GC (Allocation Failure)  332094K->8510K(1003520K), 0.0035281 secs]
33807.833: [GC (Allocation Failure)  323390K->8542K(995328K), 0.0034381 secs]
33808.149: [GC (Allocation Failure)  315230K->8510K(1056768K), 0.0043013 secs]
33808.550: [GC (Allocation Failure)  376638K->8510K(1130496K), 0.0039688 secs]
33809.044: [GC (Allocation Failure)  450366K->8510K(1219072K), 0.0049441 secs]
33809.599: [GC (Allocation Failure)  538942K->8510K(1201664K), 0.0037202 secs]
33810.131: [GC (Allocation Failure)  521534K->8542K(1184768K), 0.0032350 secs]
33810.634: [GC (Allocation Failure)  504670K->8542K(1168896K), 0.0038925 secs]
33811.169: [GC (Allocation Failure)  488798K->8510K(1153536K), 0.0038083 secs]
33811.684: [GC (Allocation Failure)  473406K->8510K(1138688K), 0.0031238 secs]
33812.186: [GC (Allocation Failure)  458558K->8574K(1124864K), 0.0031603 secs]
33812.643: [GC (Allocation Failure)  444798K->8542K(1111552K), 0.0036059 secs]
33813.076: [GC (Allocation Failure)  431454K->8574K(1098752K), 0.0040494 secs]
33813.494: [GC (Allocation Failure)  418686K->8574K(1086464K), 0.0028920 secs]
33813.899: [GC (Allocation Failure)  406398K->8510K(1074688K), 0.0042263 secs]
33814.322: [GC (Allocation Failure)  394558K->8542K(1063424K), 0.0033467 secs]
33814.702: [GC (Allocation Failure)  383326K->8542K(1052672K), 0.0033397 secs]
33815.072: [GC (Allocation Failure)  372574K->8510K(1042432K), 0.0036736 secs]
33815.464: [GC (Allocation Failure)  362302K->8542K(1032704K), 0.0031357 secs]
33815.812: [GC (Allocation Failure)  352606K->8542K(1022976K), 0.0031172 secs]
33816.152: [GC (Allocation Failure)  342878K->8542K(1013760K), 0.0035262 secs]
33816.482: [GC (Allocation Failure)  333662K->8542K(1005056K), 0.0033532 secs]
33816.803: [GC (Allocation Failure)  324958K->8542K(996352K), 0.0039787 secs]
33817.116: [GC (Allocation Failure)  316254K->8510K(1058304K), 0.0038198 secs]
33817.505: [GC (Allocation Failure)  378174K->8510K(1132544K), 0.0036657 secs]
33817.956: [GC (Allocation Failure)  452414K->8510K(1118720K), 0.0034096 secs]
33818.397: [GC (Allocation Failure)  438590K->8510K(1105408K), 0.0041223 secs]
33818.874: [GC (Allocation Failure)  425278K->8542K(1092608K), 0.0032511 secs]
33819.311: [GC (Allocation Failure)  412510K->8510K(1080320K), 0.0035864 secs]
33819.736: [GC (Allocation Failure)  400190K->8510K(1068544K), 0.0032091 secs]
33820.144: [GC (Allocation Failure)  388414K->8542K(1057280K), 0.0044369 secs]
33820.558: [GC (Allocation Failure)  377182K->8510K(1046528K), 0.0031864 secs]
33820.935: [GC (Allocation Failure)  366398K->8574K(1036288K), 0.0033644 secs]
33821.289: [GC (Allocation Failure)  356222K->8542K(1026560K), 0.0028976 secs]
33821.639: [GC (Allocation Failure)  346462K->8510K(1017344K), 0.0041727 secs]
33821.973: [GC (Allocation Failure)  337214K->8510K(1008640K), 0.0034423 secs]
33822.335: [GC (Allocation Failure)  328510K->8510K(999936K), 0.0033513 secs]
33822.651: [GC (Allocation Failure)  319806K->8574K(991744K), 0.0027633 secs]
33822.958: [GC (Allocation Failure)  311678K->8510K(984064K), 0.0034862 secs]
33823.260: [GC (Allocation Failure)  303934K->8542K(976384K), 0.0033568 secs]
33823.561: [GC (Allocation Failure)  296286K->8542K(1034240K), 0.0037752 secs]
33823.916: [GC (Allocation Failure)  354142K->8510K(1103360K), 0.0032518 secs]
33824.433: [GC (Allocation Failure)  423230K->8574K(1091072K), 0.0031939 secs]
33824.919: [GC (Allocation Failure)  411006K->8542K(1079296K), 0.0030465 secs]
33825.317: [GC (Allocation Failure)  399198K->8542K(1068032K), 0.0034727 secs]
33825.736: [GC (Allocation Failure)  387934K->8510K(1056768K), 0.0027571 secs]
33826.119: [GC (Allocation Failure)  376638K->8510K(1046016K), 0.0030372 secs]
33826.483: [GC (Allocation Failure)  365886K->8542K(1035776K), 0.0032024 secs]
33826.835: [GC (Allocation Failure)  355678K->8574K(1026048K), 0.0031240 secs]
33827.192: [GC (Allocation Failure)  345982K->8574K(1016832K), 0.0027632 secs]
33827.523: [GC (Allocation Failure)  336766K->8542K(1008128K), 0.0032175 secs]
33827.848: [GC (Allocation Failure)  328030K->8510K(999424K), 0.0036039 secs]
33828.170: [GC (Allocation Failure)  319294K->8542K(991232K), 0.0033929 secs]
33828.479: [GC (Allocation Failure)  311134K->8542K(983552K), 0.0027675 secs]
33828.778: [GC (Allocation Failure)  303454K->8510K(1042944K), 0.0042667 secs]
33829.138: [GC (Allocation Failure)  362814K->8574K(1114112K), 0.0037076 secs]
33829.571: [GC (Allocation Failure)  434046K->8542K(1101312K), 0.0038310 secs]
33830.058: [GC (Allocation Failure)  421214K->8542K(1089024K), 0.0034928 secs]
33830.471: [GC (Allocation Failure)  408926K->8510K(1077248K), 0.0034790 secs]
33830.867: [GC (Allocation Failure)  397118K->8478K(1065984K), 0.0036456 secs]
33831.252: [GC (Allocation Failure)  385822K->8510K(1055232K), 0.0050826 secs]
33831.629: [GC (Allocation Failure)  375102K->8510K(1044480K), 0.0037117 secs]
33831.990: [GC (Allocation Failure)  364350K->8542K(1034240K), 0.0035922 secs]
33832.342: [GC (Allocation Failure)  354142K->8510K(1024512K), 0.0034911 secs]
33832.683: [GC (Allocation Failure)  344382K->8510K(1015296K), 0.0033231 secs]
33833.016: [GC (Allocation Failure)  335166K->8542K(1080832K), 0.0039197 secs]
33833.427: [GC (Allocation Failure)  400734K->8542K(1069056K), 0.0032835 secs]
33833.821: [GC (Allocation Failure)  388958K->8510K(1057792K), 0.0042167 secs]
33834.223: [GC (Allocation Failure)  377662K->8542K(1047040K), 0.0033899 secs]
33834.586: [GC (Allocation Failure)  366942K->8510K(1036800K), 0.0030386 secs]
33835.005: [GC (Allocation Failure)  356670K->8542K(1027072K), 0.0032163 secs]
33835.356: [GC (Allocation Failure)  346974K->8510K(1017856K), 0.0033830 secs]
33835.703: [GC (Allocation Failure)  337726K->8510K(1008640K), 0.0037908 secs]
33836.053: [GC (Allocation Failure)  328510K->8542K(1072640K), 0.0044967 secs]
33836.456: [GC (Allocation Failure)  392542K->8510K(1149440K), 0.0048105 secs]
33836.932: [GC (Allocation Failure)  469310K->8510K(1135104K), 0.0030783 secs]
33837.391: [GC (Allocation Failure)  454974K->8510K(1121280K), 0.0035541 secs]
33837.881: [GC (Allocation Failure)  441150K->8542K(1107968K), 0.0040197 secs]
33838.397: [GC (Allocation Failure)  427870K->8574K(1095168K), 0.0033384 secs]
33838.810: [GC (Allocation Failure)  415102K->8542K(1082880K), 0.0033163 secs]
33839.257: [GC (Allocation Failure)  402782K->8542K(1071104K), 0.0034857 secs]
33839.644: [GC (Allocation Failure)  391006K->8542K(1059840K), 0.0033048 secs]
33840.022: [GC (Allocation Failure)  379742K->8542K(1049088K), 0.0045001 secs]
33840.388: [GC (Allocation Failure)  368990K->8542K(1038848K), 0.0031505 secs]
33840.795: [GC (Allocation Failure)  358750K->8510K(1029120K), 0.0037449 secs]
33841.141: [GC (Allocation Failure)  348990K->8510K(1097216K), 0.0050221 secs]
33841.562: [GC (Allocation Failure)  417086K->8574K(1084928K), 0.0036618 secs]
33841.964: [GC (Allocation Failure)  404862K->8510K(1073152K), 0.0045038 secs]
33842.357: [GC (Allocation Failure)  393022K->8542K(1061888K), 0.0039539 secs]
33842.741: [GC (Allocation Failure)  381790K->8510K(1136640K), 0.0045680 secs]
33843.225: [GC (Allocation Failure)  456510K->8510K(1122816K), 0.0034558 secs]
33843.670: [GC (Allocation Failure)  442686K->8542K(1109504K), 0.0043829 secs]
33844.115: [GC (Allocation Failure)  429406K->8510K(1096704K), 0.0031990 secs]
33844.538: [GC (Allocation Failure)  416574K->8510K(1084416K), 0.0032794 secs]
33844.946: [GC (Allocation Failure)  404286K->8542K(1072640K), 0.0041774 secs]
33845.381: [GC (Allocation Failure)  392542K->8542K(1061376K), 0.0048118 secs]
33845.794: [GC (Allocation Failure)  381278K->8510K(1050624K), 0.0037706 secs]
33846.179: [GC (Allocation Failure)  370494K->8542K(1040384K), 0.0035268 secs]
33846.543: [GC (Allocation Failure)  360286K->8542K(1030656K), 0.0032439 secs]
33846.889: [GC (Allocation Failure)  350558K->8542K(1020928K), 0.0036371 secs]
33847.227: [GC (Allocation Failure)  340830K->8542K(1011712K), 0.0039764 secs]
33847.562: [GC (Allocation Failure)  331614K->8478K(1076736K), 0.0039164 secs]
33847.966: [GC (Allocation Failure)  396574K->8510K(1065472K), 0.0034647 secs]
33848.354: [GC (Allocation Failure)  385342K->8510K(1054720K), 0.0041037 secs]
33848.726: [GC (Allocation Failure)  374590K->8510K(1044480K), 0.0039795 secs]
33849.108: [GC (Allocation Failure)  364350K->8510K(1115648K), 0.0040487 secs]
33849.546: [GC (Allocation Failure)  435518K->8542K(1102848K), 0.0037351 secs]
33850.004: [GC (Allocation Failure)  422750K->8510K(1090560K), 0.0043191 secs]
33850.444: [GC (Allocation Failure)  410430K->8510K(1078784K), 0.0034824 secs]
33850.840: [GC (Allocation Failure)  398654K->8542K(1067520K), 0.0033913 secs]
33851.242: [GC (Allocation Failure)  387422K->8542K(1056256K), 0.0038553 secs]
33851.618: [GC (Allocation Failure)  376158K->8510K(1045504K), 0.0041732 secs]
33852.008: [GC (Allocation Failure)  365374K->8510K(1035264K), 0.0036571 secs]
33852.359: [GC (Allocation Failure)  355134K->8510K(1104896K), 0.0044532 secs]
33852.782: [GC (Allocation Failure)  424766K->8542K(1092096K), 0.0034223 secs]
33853.191: [GC (Allocation Failure)  411998K->8542K(1079808K), 0.0032211 secs]
33853.588: [GC (Allocation Failure)  399710K->8542K(1068032K), 0.0036979 secs]
33853.977: [GC (Allocation Failure)  387934K->8510K(1056768K), 0.0034524 secs]
33854.351: [GC (Allocation Failure)  376638K->8542K(1046016K), 0.0036447 secs]
33854.712: [GC (Allocation Failure)  365918K->8510K(1035776K), 0.0034630 secs]
33855.064: [GC (Allocation Failure)  355646K->8542K(1026048K), 0.0036968 secs]
33855.439: [GC (Allocation Failure)  345950K->8542K(1016832K), 0.0038644 secs]
33855.773: [GC (Allocation Failure)  336734K->8542K(1082880K), 0.0048461 secs]
33856.209: [GC (Allocation Failure)  402782K->8542K(1161728K), 0.0040964 secs]
33856.691: [GC (Allocation Failure)  481630K->8510K(1146880K), 0.0032813 secs]
33857.161: [GC (Allocation Failure)  466750K->8510K(1132544K), 0.0035615 secs]
33857.636: [GC (Allocation Failure)  452414K->8542K(1118720K), 0.0031948 secs]
33858.107: [GC (Allocation Failure)  438622K->8542K(1105408K), 0.0034429 secs]
33858.533: [GC (Allocation Failure)  425310K->8510K(1092608K), 0.0039111 secs]
33858.970: [GC (Allocation Failure)  412478K->8542K(1080320K), 0.0041753 secs]
33859.386: [GC (Allocation Failure)  400222K->8510K(1068544K), 0.0057841 secs]
33859.775: [GC (Allocation Failure)  388414K->8510K(1057280K), 0.0042605 secs]
33860.150: [GC (Allocation Failure)  377150K->8542K(1131008K), 0.0050167 secs]
33860.636: [GC (Allocation Failure)  450910K->8542K(1117184K), 0.0034055 secs]
33861.086: [GC (Allocation Failure)  437086K->8542K(1103872K), 0.0033521 secs]
33861.530: [GC (Allocation Failure)  423774K->8510K(1091072K), 0.0035801 secs]
33861.938: [GC (Allocation Failure)  410942K->8542K(1079296K), 0.0041029 secs]
33862.339: [GC (Allocation Failure)  399198K->8542K(1068032K), 0.0033735 secs]
33862.725: [GC (Allocation Failure)  387934K->8510K(1056768K), 0.0039410 secs]
33863.104: [GC (Allocation Failure)  376638K->8542K(1046016K), 0.0038587 secs]
33863.473: [GC (Allocation Failure)  365918K->8542K(1035776K), 0.0031804 secs]
33863.825: [GC (Allocation Failure)  355678K->8542K(1026048K), 0.0031178 secs]
33864.193: [GC (Allocation Failure)  345950K->8510K(1016832K), 0.0036589 secs]
33864.553: [GC (Allocation Failure)  336702K->8542K(1008128K), 0.0032498 secs]
33864.877: [GC (Allocation Failure)  328030K->8510K(999424K), 0.0033802 secs]
33865.193: [GC (Allocation Failure)  319294K->8510K(991232K), 0.0031475 secs]
33865.537: [GC (Allocation Failure)  311102K->8542K(983552K), 0.0035155 secs]
33865.840: [GC (Allocation Failure)  303454K->8574K(1042944K), 0.0036855 secs]
33866.226: [GC (Allocation Failure)  362878K->8510K(1032704K), 0.0037094 secs]
33866.575: [GC (Allocation Failure)  352574K->8510K(1022976K), 0.0034338 secs]
33866.913: [GC (Allocation Failure)  342846K->8510K(1013760K), 0.0035402 secs]
33867.246: [GC (Allocation Failure)  333630K->8510K(1005056K), 0.0034927 secs]
33867.570: [GC (Allocation Failure)  324926K->8510K(1068544K), 0.0034534 secs]
33867.957: [GC (Allocation Failure)  388414K->8510K(1144832K), 0.0044645 secs]
33868.421: [GC (Allocation Failure)  464702K->8510K(1130496K), 0.0035022 secs]
33868.871: [GC (Allocation Failure)  450366K->8510K(1116672K), 0.0034435 secs]
33869.305: [GC (Allocation Failure)  436542K->8542K(1103360K), 0.0034528 secs]
33869.726: [GC (Allocation Failure)  423262K->8510K(1091072K), 0.0037540 secs]
33870.136: [GC (Allocation Failure)  410942K->8510K(1079296K), 0.0035539 secs]
33870.554: [GC (Allocation Failure)  399166K->8542K(1068032K), 0.0047298 secs]
33870.979: [GC (Allocation Failure)  387934K->8510K(1056768K), 0.0037909 secs]
33871.367: [GC (Allocation Failure)  376638K->8510K(1046016K), 0.0033234 secs]
33871.731: [GC (Allocation Failure)  365886K->8510K(1035776K), 0.0034333 secs]
33872.084: [GC (Allocation Failure)  355646K->8510K(1026048K), 0.0033140 secs]
33872.427: [GC (Allocation Failure)  345918K->8510K(1016832K), 0.0039843 secs]
33872.764: [GC (Allocation Failure)  336702K->8510K(1008128K), 0.0037073 secs]
33873.089: [GC (Allocation Failure)  327998K->8542K(999424K), 0.0032307 secs]
33873.406: [GC (Allocation Failure)  319326K->8542K(1061888K), 0.0037347 secs]
33873.784: [GC (Allocation Failure)  381790K->8574K(1051136K), 0.0037616 secs]
33874.151: [GC (Allocation Failure)  371070K->8542K(1123840K), 0.0039504 secs]
33874.608: [GC (Allocation Failure)  443742K->8542K(1110528K), 0.0032304 secs]
33875.036: [GC (Allocation Failure)  430430K->8542K(1097728K), 0.0037085 secs]
33875.452: [GC (Allocation Failure)  417630K->8542K(1085440K), 0.0033710 secs]
33875.855: [GC (Allocation Failure)  405342K->8542K(1073664K), 0.0032745 secs]
33876.284: [GC (Allocation Failure)  393566K->8510K(1062400K), 0.0035498 secs]
33876.690: [GC (Allocation Failure)  382270K->8542K(1051648K), 0.0041912 secs]
33877.091: [GC (Allocation Failure)  371550K->8542K(1041408K), 0.0039377 secs]
33877.452: [GC (Allocation Failure)  361310K->8510K(1031680K), 0.0047146 secs]
33877.807: [GC (Allocation Failure)  351550K->8510K(1021952K), 0.0037719 secs]
33878.187: [GC (Allocation Failure)  341822K->8510K(1089024K), 0.0051455 secs]
33878.601: [GC (Allocation Failure)  408894K->8542K(1169408K), 0.0041942 secs]
33879.091: [GC (Allocation Failure)  489310K->8542K(1154048K), 0.0037811 secs]
33879.575: [GC (Allocation Failure)  473950K->8542K(1139200K), 0.0040087 secs]
33880.044: [GC (Allocation Failure)  459102K->8510K(1125376K), 0.0033621 secs]
33880.490: [GC (Allocation Failure)  445246K->8542K(1112064K), 0.0054311 secs]
33880.931: [GC (Allocation Failure)  431966K->8542K(1099264K), 0.0045155 secs]
33881.394: [GC (Allocation Failure)  419166K->8542K(1086976K), 0.0049040 secs]
33881.803: [GC (Allocation Failure)  406878K->8574K(1075200K), 0.0035155 secs]
33882.195: [GC (Allocation Failure)  395134K->8542K(1152512K), 0.0048700 secs]
33882.687: [GC (Allocation Failure)  472414K->8542K(1137664K), 0.0046990 secs]
33883.152: [GC (Allocation Failure)  457566K->8542K(1123840K), 0.0039297 secs]
33883.595: [GC (Allocation Failure)  443742K->8542K(1110528K), 0.0035440 secs]
33884.042: [GC (Allocation Failure)  430430K->8542K(1097728K), 0.0038401 secs]
33884.459: [GC (Allocation Failure)  417630K->8510K(1085440K), 0.0035496 secs]
33884.862: [GC (Allocation Failure)  405310K->8510K(1073664K), 0.0046547 secs]
33885.259: [GC (Allocation Failure)  393534K->8542K(1062400K), 0.0034142 secs]
33885.638: [GC (Allocation Failure)  382302K->8542K(1051648K), 0.0035174 secs]
33886.006: [GC (Allocation Failure)  371550K->8542K(1041408K), 0.0035941 secs]
33886.398: [GC (Allocation Failure)  361310K->8542K(1031680K), 0.0036251 secs]
33886.750: [GC (Allocation Failure)  351582K->8574K(1021952K), 0.0037576 secs]
33887.098: [GC (Allocation Failure)  341886K->8542K(1012736K), 0.0035527 secs]
33887.426: [GC (Allocation Failure)  332638K->8510K(1004032K), 0.0036449 secs]
33887.747: [GC (Allocation Failure)  323902K->8510K(1067520K), 0.0042846 secs]
33888.134: [GC (Allocation Failure)  387390K->8510K(1143296K), 0.0043863 secs]
33888.597: [GC (Allocation Failure)  463166K->8542K(1234432K), 0.0039529 secs]
33889.173: [GC (Allocation Failure)  554334K->8510K(1216000K), 0.0036095 secs]
33889.738: [GC (Allocation Failure)  535870K->8510K(1198592K), 0.0035864 secs]
33890.258: [GC (Allocation Failure)  518462K->8542K(1181696K), 0.0035661 secs]
33890.760: [GC (Allocation Failure)  501598K->8574K(1165824K), 0.0036288 secs]
33891.260: [GC (Allocation Failure)  485758K->8542K(1150464K), 0.0039603 secs]
33891.807: [GC (Allocation Failure)  470366K->8542K(1136128K), 0.0035426 secs]
33892.302: [GC (Allocation Failure)  456030K->8510K(1122304K), 0.0037941 secs]
33892.760: [GC (Allocation Failure)  442174K->8542K(1108992K), 0.0034886 secs]
33893.209: [GC (Allocation Failure)  428894K->8542K(1096192K), 0.0038409 secs]
33893.622: [GC (Allocation Failure)  416094K->8510K(1083904K), 0.0048351 secs]
33894.042: [GC (Allocation Failure)  403774K->8510K(1072128K), 0.0043833 secs]
33894.435: [GC (Allocation Failure)  391998K->8542K(1060864K), 0.0039041 secs]
33894.813: [GC (Allocation Failure)  380766K->8542K(1050112K), 0.0038035 secs]
33895.178: [GC (Allocation Failure)  370014K->8542K(1039872K), 0.0039730 secs]
33895.534: [GC (Allocation Failure)  359774K->8510K(1030144K), 0.0034064 secs]
33895.880: [GC (Allocation Failure)  350014K->8510K(1020928K), 0.0038233 secs]
33896.217: [GC (Allocation Failure)  340798K->8510K(1011712K), 0.0030690 secs]
33896.545: [GC (Allocation Failure)  331582K->8510K(1003008K), 0.0036776 secs]
33896.900: [GC (Allocation Failure)  322878K->8542K(1065984K), 0.0040076 secs]
33897.285: [GC (Allocation Failure)  385886K->8542K(1055232K), 0.0034593 secs]
33897.657: [GC (Allocation Failure)  375134K->8510K(1044480K), 0.0035215 secs]
33898.020: [GC (Allocation Failure)  364350K->8542K(1115648K), 0.0044422 secs]
33898.460: [GC (Allocation Failure)  435550K->8542K(1102848K), 0.0037393 secs]
33898.883: [GC (Allocation Failure)  422750K->8510K(1090560K), 0.0038213 secs]
33899.292: [GC (Allocation Failure)  410430K->8510K(1078784K), 0.0035929 secs]
33899.688: [GC (Allocation Failure)  398654K->8574K(1067520K), 0.0036290 secs]
33900.074: [GC (Allocation Failure)  387454K->8542K(1056256K), 0.0036893 secs]
33900.467: [GC (Allocation Failure)  376158K->8542K(1045504K), 0.0036149 secs]
33900.829: [GC (Allocation Failure)  365406K->8542K(1035264K), 0.0042026 secs]
33901.185: [GC (Allocation Failure)  355166K->8542K(1025536K), 0.0035964 secs]
33901.527: [GC (Allocation Failure)  345438K->8542K(1016320K), 0.0038718 secs]
33901.860: [GC (Allocation Failure)  336222K->8542K(1007616K), 0.0033515 secs]
33902.223: [GC (Allocation Failure)  327518K->8510K(1071616K), 0.0039403 secs]
33902.611: [GC (Allocation Failure)  391486K->8542K(1148416K), 0.0049827 secs]
33903.121: [GC (Allocation Failure)  468318K->8542K(1134080K), 0.0032773 secs]
33903.574: [GC (Allocation Failure)  453982K->8542K(1120256K), 0.0035120 secs]
33904.013: [GC (Allocation Failure)  440158K->8542K(1106944K), 0.0033903 secs]
33904.462: [GC (Allocation Failure)  426846K->8542K(1094144K), 0.0038230 secs]
33904.874: [GC (Allocation Failure)  414046K->8542K(1081856K), 0.0031162 secs]
33905.273: [GC (Allocation Failure)  401758K->8510K(1070080K), 0.0038911 secs]
33905.662: [GC (Allocation Failure)  389950K->8542K(1058816K), 0.0034849 secs]
33906.038: [GC (Allocation Failure)  378718K->8542K(1048064K), 0.0037045 secs]
33906.418: [GC (Allocation Failure)  367966K->8542K(1037824K), 0.0035590 secs]
33906.793: [GC (Allocation Failure)  357726K->8542K(1028096K), 0.0031143 secs]
33907.159: [GC (Allocation Failure)  347998K->8542K(1018880K), 0.0032372 secs]
33907.528: [GC (Allocation Failure)  338782K->8510K(1009664K), 0.0043284 secs]
33907.861: [GC (Allocation Failure)  329534K->8510K(1074176K), 0.0044129 secs]
33908.295: [GC (Allocation Failure)  394046K->8510K(1062912K), 0.0037914 secs]
33908.698: [GC (Allocation Failure)  382782K->8542K(1052160K), 0.0035724 secs]
33909.067: [GC (Allocation Failure)  372062K->8510K(1041920K), 0.0042459 secs]
33909.432: [GC (Allocation Failure)  361790K->8542K(1032192K), 0.0032477 secs]
33909.805: [GC (Allocation Failure)  352094K->8542K(1022464K), 0.0042916 secs]
33910.149: [GC (Allocation Failure)  342366K->8542K(1089536K), 0.0039088 secs]
33910.557: [GC (Allocation Failure)  409438K->8542K(1077760K), 0.0035801 secs]
33910.951: [GC (Allocation Failure)  397662K->8542K(1066496K), 0.0038346 secs]
33911.336: [GC (Allocation Failure)  386398K->8510K(1055744K), 0.0040176 secs]
33911.711: [GC (Allocation Failure)  375614K->8542K(1044992K), 0.0035325 secs]
33912.100: [GC (Allocation Failure)  364894K->8542K(1034752K), 0.0034705 secs]
33912.466: [GC (Allocation Failure)  354654K->8510K(1025024K), 0.0044752 secs]
33912.809: [GC (Allocation Failure)  344894K->8510K(1015808K), 0.0033838 secs]
33913.143: [GC (Allocation Failure)  335678K->8574K(1007104K), 0.0035880 secs]
33913.467: [GC (Allocation Failure)  327038K->8542K(1071104K), 0.0038729 secs]
33913.860: [GC (Allocation Failure)  391006K->8542K(1059840K), 0.0035528 secs]
33914.254: [GC (Allocation Failure)  379742K->8510K(1134080K), 0.0044419 secs]
33914.721: [GC (Allocation Failure)  453950K->8542K(1120256K), 0.0034701 secs]
33915.168: [GC (Allocation Failure)  440158K->8510K(1106944K), 0.0036107 secs]
33915.594: [GC (Allocation Failure)  426814K->8510K(1094144K), 0.0033873 secs]
33916.005: [GC (Allocation Failure)  414014K->8542K(1081856K), 0.0032168 secs]
33916.403: [GC (Allocation Failure)  401758K->8510K(1070080K), 0.0037838 secs]
33916.791: [GC (Allocation Failure)  389950K->8510K(1058816K), 0.0034336 secs]
33917.168: [GC (Allocation Failure)  378686K->8542K(1048064K), 0.0029074 secs]
33917.532: [GC (Allocation Failure)  367966K->8542K(1037824K), 0.0034205 secs]
33917.933: [GC (Allocation Failure)  357726K->8510K(1028096K), 0.0033806 secs]
33918.292: [GC (Allocation Failure)  347966K->8574K(1018880K), 0.0037723 secs]
33918.631: [GC (Allocation Failure)  338814K->8478K(1009664K), 0.0035444 secs]
33918.957: [GC (Allocation Failure)  329502K->8574K(1074176K), 0.0047028 secs]
33919.349: [GC (Allocation Failure)  394110K->8542K(1062912K), 0.0034956 secs]
33919.730: [GC (Allocation Failure)  382814K->8542K(1052160K), 0.0035112 secs]
33920.104: [GC (Allocation Failure)  372062K->8542K(1041920K), 0.0032680 secs]
33920.464: [GC (Allocation Failure)  361822K->8510K(1032192K), 0.0039984 secs]
33920.818: [GC (Allocation Failure)  352062K->8542K(1022464K), 0.0034900 secs]
33921.159: [GC (Allocation Failure)  342366K->8510K(1089536K), 0.0044479 secs]
33921.607: [GC (Allocation Failure)  409406K->8510K(1077760K), 0.0039024 secs]
33922.004: [GC (Allocation Failure)  397630K->8510K(1155584K), 0.0042170 secs]
33922.480: [GC (Allocation Failure)  475454K->8510K(1140736K), 0.0035531 secs]
33922.939: [GC (Allocation Failure)  460606K->8542K(1126400K), 0.0039264 secs]
33923.388: [GC (Allocation Failure)  446302K->8542K(1113088K), 0.0034483 secs]
33923.821: [GC (Allocation Failure)  432990K->8542K(1100288K), 0.0031581 secs]
33924.239: [GC (Allocation Failure)  420190K->8510K(1088000K), 0.0042574 secs]
33924.646: [GC (Allocation Failure)  407870K->8574K(1076224K), 0.0030203 secs]
33925.040: [GC (Allocation Failure)  396158K->8542K(1064960K), 0.0034179 secs]
33925.422: [GC (Allocation Failure)  384862K->8542K(1054208K), 0.0039936 secs]
33925.797: [GC (Allocation Failure)  374110K->8510K(1043968K), 0.0044403 secs]
33926.159: [GC (Allocation Failure)  363838K->8574K(1033728K), 0.0043270 secs]
33926.510: [GC (Allocation Failure)  353662K->8542K(1024000K), 0.0036475 secs]
33926.850: [GC (Allocation Failure)  343902K->8542K(1091072K), 0.0039769 secs]
33927.277: [GC (Allocation Failure)  410974K->8510K(1079296K), 0.0041419 secs]
33927.682: [GC (Allocation Failure)  399166K->8542K(1068032K), 0.0034902 secs]
33928.087: [GC (Allocation Failure)  387934K->8542K(1056768K), 0.0035467 secs]
33928.486: [GC (Allocation Failure)  376670K->8542K(1046016K), 0.0034578 secs]
33928.850: [GC (Allocation Failure)  365918K->8542K(1035776K), 0.0029821 secs]
33929.202: [GC (Allocation Failure)  355678K->8510K(1026048K), 0.0042774 secs]
33929.549: [GC (Allocation Failure)  345918K->8542K(1016832K), 0.0036988 secs]
33929.883: [GC (Allocation Failure)  336734K->8542K(1082880K), 0.0039767 secs]
33930.288: [GC (Allocation Failure)  402782K->8510K(1071104K), 0.0035736 secs]
33930.677: [GC (Allocation Failure)  390974K->8542K(1059840K), 0.0031006 secs]
33931.070: [GC (Allocation Failure)  379742K->8542K(1049088K), 0.0033592 secs]
33931.452: [GC (Allocation Failure)  368990K->8574K(1038848K), 0.0032121 secs]
33931.806: [GC (Allocation Failure)  358782K->8574K(1029120K), 0.0031999 secs]
33932.152: [GC (Allocation Failure)  349054K->8510K(1019904K), 0.0034799 secs]
33932.488: [GC (Allocation Failure)  339774K->8542K(1010688K), 0.0033922 secs]
33932.815: [GC (Allocation Failure)  330590K->8542K(1001984K), 0.0029630 secs]
33933.146: [GC (Allocation Failure)  321886K->8542K(993792K), 0.0031459 secs]
33933.499: [GC (Allocation Failure)  313694K->8510K(985600K), 0.0033009 secs]
33933.802: [GC (Allocation Failure)  305470K->8510K(977920K), 0.0031277 secs]
33934.098: [GC (Allocation Failure)  297790K->8542K(970752K), 0.0034068 secs]
33934.386: [GC (Allocation Failure)  290654K->8510K(1027584K), 0.0041297 secs]
33934.735: [GC (Allocation Failure)  347454K->8510K(1095680K), 0.0033925 secs]
33935.147: [GC (Allocation Failure)  415550K->8510K(1083392K), 0.0035126 secs]
33935.552: [GC (Allocation Failure)  403262K->8542K(1071616K), 0.0035645 secs]
33935.940: [GC (Allocation Failure)  391518K->8510K(1060352K), 0.0037384 secs]
33936.319: [GC (Allocation Failure)  380222K->8510K(1049600K), 0.0032290 secs]
33936.685: [GC (Allocation Failure)  369470K->8542K(1039360K), 0.0035471 secs]
33937.042: [GC (Allocation Failure)  359262K->8574K(1029632K), 0.0030518 secs]
33937.388: [GC (Allocation Failure)  349566K->8510K(1020416K), 0.0033253 secs]
33937.726: [GC (Allocation Failure)  340286K->8510K(1011200K), 0.0034291 secs]
33938.059: [GC (Allocation Failure)  331070K->8542K(1002496K), 0.0029909 secs]
33938.402: [GC (Allocation Failure)  322398K->8542K(994304K), 0.0034257 secs]
33938.714: [GC (Allocation Failure)  314206K->8542K(986112K), 0.0035332 secs]
33939.021: [GC (Allocation Failure)  306014K->8510K(1046016K), 0.0041864 secs]
33939.389: [GC (Allocation Failure)  365886K->8542K(1117696K), 0.0038349 secs]
33939.826: [GC (Allocation Failure)  437598K->8542K(1203712K), 0.0044345 secs]
33940.360: [GC (Allocation Failure)  523614K->8510K(1186816K), 0.0044233 secs]
33940.901: [GC (Allocation Failure)  506686K->8510K(1170432K), 0.0035624 secs]
33941.397: [GC (Allocation Failure)  490302K->8542K(1155072K), 0.0037207 secs]
33941.891: [GC (Allocation Failure)  474974K->8510K(1140224K), 0.0042722 secs]
33942.394: [GC (Allocation Failure)  460094K->8510K(1125888K), 0.0042667 secs]
33942.842: [GC (Allocation Failure)  445758K->8510K(1112576K), 0.0043723 secs]
33943.278: [GC (Allocation Failure)  432446K->8542K(1099776K), 0.0045136 secs]
33943.701: [GC (Allocation Failure)  419678K->8542K(1087488K), 0.0049692 secs]
33944.139: [GC (Allocation Failure)  407390K->8510K(1075712K), 0.0033489 secs]
33944.557: [GC (Allocation Failure)  395582K->8510K(1064448K), 0.0033263 secs]
33944.977: [GC (Allocation Failure)  384318K->8542K(1053696K), 0.0034506 secs]
33945.355: [GC (Allocation Failure)  373598K->8510K(1043456K), 0.0037958 secs]
33945.716: [GC (Allocation Failure)  363326K->8542K(1033216K), 0.0033670 secs]
33946.104: [GC (Allocation Failure)  353118K->8510K(1023488K), 0.0038115 secs]
33946.449: [GC (Allocation Failure)  343358K->8510K(1014272K), 0.0036272 secs]
33946.780: [GC (Allocation Failure)  334142K->8574K(1005568K), 0.0025980 secs]
33947.100: [GC (Allocation Failure)  325502K->8574K(996864K), 0.0036124 secs]
33947.416: [GC (Allocation Failure)  316798K->8510K(988672K), 0.0036223 secs]
33947.722: [GC (Allocation Failure)  308542K->8510K(1049088K), 0.0044751 secs]
33948.126: [GC (Allocation Failure)  368958K->8510K(1121280K), 0.0037410 secs]
33948.569: [GC (Allocation Failure)  441150K->8510K(1207808K), 0.0042355 secs]
33949.119: [GC (Allocation Failure)  527678K->8542K(1190912K), 0.0029808 secs]
33949.654: [GC (Allocation Failure)  510814K->8542K(1174528K), 0.0039024 secs]
33950.152: [GC (Allocation Failure)  494430K->8510K(1159168K), 0.0047263 secs]
33950.633: [GC (Allocation Failure)  479038K->8542K(1144320K), 0.0038209 secs]
33951.099: [GC (Allocation Failure)  464222K->8510K(1129984K), 0.0036233 secs]
33951.550: [GC (Allocation Failure)  449854K->8542K(1116160K), 0.0032956 secs]
33951.992: [GC (Allocation Failure)  436062K->8510K(1102848K), 0.0032854 secs]
33952.414: [GC (Allocation Failure)  422718K->8510K(1090560K), 0.0032990 secs]
33952.881: [GC (Allocation Failure)  410430K->8574K(1078784K), 0.0031760 secs]
33953.278: [GC (Allocation Failure)  398718K->8574K(1067520K), 0.0038493 secs]
33953.741: [GC (Allocation Failure)  387454K->8574K(1056256K), 0.0035838 secs]
33954.118: [GC (Allocation Failure)  376190K->8542K(1045504K), 0.0039805 secs]
33954.503: [GC (Allocation Failure)  365406K->8542K(1035264K), 0.0037062 secs]
33954.874: [GC (Allocation Failure)  355166K->8542K(1025536K), 0.0038932 secs]
33955.246: [GC (Allocation Failure)  345438K->8542K(1016320K), 0.0037105 secs]
33955.588: [GC (Allocation Failure)  336222K->8510K(1007616K), 0.0037315 secs]
33955.922: [GC (Allocation Failure)  327486K->8574K(998912K), 0.0034204 secs]
33956.237: [GC (Allocation Failure)  318846K->8542K(990720K), 0.0031071 secs]
33956.550: [GC (Allocation Failure)  310622K->8510K(983040K), 0.0032195 secs]
33956.850: [GC (Allocation Failure)  302910K->8542K(1041920K), 0.0034732 secs]
33957.234: [GC (Allocation Failure)  361822K->8510K(1032192K), 0.0036099 secs]
33957.587: [GC (Allocation Failure)  352062K->8542K(1022464K), 0.0034329 secs]
33957.929: [GC (Allocation Failure)  342366K->8574K(1089536K), 0.0039225 secs]
33958.338: [GC (Allocation Failure)  409470K->8542K(1077760K), 0.0032289 secs]
33958.742: [GC (Allocation Failure)  397662K->8510K(1066496K), 0.0034711 secs]
33959.125: [GC (Allocation Failure)  386366K->8542K(1055744K), 0.0031920 secs]
33959.495: [GC (Allocation Failure)  375646K->8542K(1044992K), 0.0042789 secs]
33959.877: [GC (Allocation Failure)  364894K->8542K(1034752K), 0.0038518 secs]
33960.229: [GC (Allocation Failure)  354654K->8542K(1025024K), 0.0037666 secs]
33960.582: [GC (Allocation Failure)  344926K->8542K(1092608K), 0.0039523 secs]
33960.993: [GC (Allocation Failure)  412510K->8542K(1080320K), 0.0036653 secs]
33961.392: [GC (Allocation Failure)  400222K->8510K(1068544K), 0.0036994 secs]
33961.780: [GC (Allocation Failure)  388414K->8542K(1057280K), 0.0033204 secs]
33962.161: [GC (Allocation Failure)  377182K->8510K(1046528K), 0.0038822 secs]
33962.538: [GC (Allocation Failure)  366398K->8542K(1036288K), 0.0039726 secs]
33962.893: [GC (Allocation Failure)  356190K->8510K(1026560K), 0.0034317 secs]
33963.238: [GC (Allocation Failure)  346430K->8510K(1094144K), 0.0041231 secs]
33963.681: [GC (Allocation Failure)  414014K->8510K(1081856K), 0.0034061 secs]
33964.081: [GC (Allocation Failure)  401726K->8542K(1070080K), 0.0038170 secs]
33964.521: [GC (Allocation Failure)  389982K->8574K(1058816K), 0.0043132 secs]
33964.899: [GC (Allocation Failure)  378750K->8542K(1048064K), 0.0037945 secs]
33965.299: [GC (Allocation Failure)  367966K->8510K(1037824K), 0.0036878 secs]
33965.653: [GC (Allocation Failure)  357694K->8510K(1028096K), 0.0041323 secs]
33966.003: [GC (Allocation Failure)  347966K->8510K(1018880K), 0.0034913 secs]
33966.339: [GC (Allocation Failure)  338750K->8478K(1084928K), 0.0037628 secs]
33966.742: [GC (Allocation Failure)  404766K->8510K(1164288K), 0.0042803 secs]
33967.227: [GC (Allocation Failure)  484158K->8510K(1148928K), 0.0035429 secs]
33967.695: [GC (Allocation Failure)  468798K->8542K(1134592K), 0.0040590 secs]
33968.155: [GC (Allocation Failure)  454494K->8510K(1120768K), 0.0031675 secs]
33968.595: [GC (Allocation Failure)  440638K->8510K(1107456K), 0.0037056 secs]
33969.035: [GC (Allocation Failure)  427326K->8510K(1094656K), 0.0033499 secs]
33969.446: [GC (Allocation Failure)  414526K->8510K(1082368K), 0.0032515 secs]
33969.845: [GC (Allocation Failure)  402238K->8574K(1070592K), 0.0045544 secs]
33970.237: [GC (Allocation Failure)  390526K->8510K(1059328K), 0.0036241 secs]
33970.641: [GC (Allocation Failure)  379198K->8542K(1048576K), 0.0032451 secs]
33971.005: [GC (Allocation Failure)  368478K->8542K(1038336K), 0.0034700 secs]
33971.359: [GC (Allocation Failure)  358238K->8510K(1028608K), 0.0037375 secs]
33971.727: [GC (Allocation Failure)  348478K->8542K(1019392K), 0.0042010 secs]
33972.088: [GC (Allocation Failure)  339294K->8574K(1010176K), 0.0035990 secs]
33972.419: [GC (Allocation Failure)  330110K->8542K(1001472K), 0.0031346 secs]
33972.742: [GC (Allocation Failure)  321374K->8542K(1064448K), 0.0039018 secs]
33973.130: [GC (Allocation Failure)  384350K->8510K(1053696K), 0.0037124 secs]
33973.505: [GC (Allocation Failure)  373566K->8510K(1043456K), 0.0035682 secs]
33973.868: [GC (Allocation Failure)  363326K->8542K(1033216K), 0.0029538 secs]
33974.221: [GC (Allocation Failure)  353118K->8510K(1023488K), 0.0033384 secs]
33974.565: [GC (Allocation Failure)  343358K->8510K(1014272K), 0.0039199 secs]
33974.902: [GC (Allocation Failure)  334142K->8542K(1005568K), 0.0029842 secs]
33975.231: [GC (Allocation Failure)  325470K->8478K(996864K), 0.0034344 secs]
33975.548: [GC (Allocation Failure)  316702K->8510K(1058816K), 0.0039177 secs]
33975.925: [GC (Allocation Failure)  378686K->8510K(1048064K), 0.0036045 secs]
33976.324: [GC (Allocation Failure)  367934K->8542K(1037824K), 0.0037072 secs]
33976.679: [GC (Allocation Failure)  357726K->8542K(1028096K), 0.0031842 secs]
33977.024: [GC (Allocation Failure)  347998K->8510K(1096192K), 0.0047518 secs]
33977.440: [GC (Allocation Failure)  416062K->8542K(1083904K), 0.0032692 secs]
33977.841: [GC (Allocation Failure)  403806K->8510K(1072128K), 0.0034293 secs]
33978.231: [GC (Allocation Failure)  391998K->8510K(1060864K), 0.0038629 secs]
33978.611: [GC (Allocation Failure)  380734K->8510K(1050112K), 0.0037108 secs]
33979.006: [GC (Allocation Failure)  369982K->8542K(1039872K), 0.0034211 secs]
33979.364: [GC (Allocation Failure)  359774K->8542K(1030144K), 0.0031646 secs]
33979.712: [GC (Allocation Failure)  350046K->8542K(1020928K), 0.0034929 secs]
33980.050: [GC (Allocation Failure)  340830K->8574K(1011712K), 0.0029819 secs]
33980.380: [GC (Allocation Failure)  331646K->8510K(1003008K), 0.0034821 secs]
33980.700: [GC (Allocation Failure)  322878K->8542K(994816K), 0.0038754 secs]
33981.043: [GC (Allocation Failure)  314718K->8542K(986624K), 0.0035568 secs]
33981.371: [GC (Allocation Failure)  306526K->8574K(978944K), 0.0033654 secs]
33981.672: [GC (Allocation Failure)  298878K->8510K(1037312K), 0.0035987 secs]
33982.026: [GC (Allocation Failure)  357182K->8510K(1107456K), 0.0037189 secs]
33982.467: [GC (Allocation Failure)  427326K->8542K(1094656K), 0.0032785 secs]
33982.880: [GC (Allocation Failure)  414558K->8542K(1082368K), 0.0033142 secs]
33983.287: [GC (Allocation Failure)  402270K->8510K(1070592K), 0.0036433 secs]
33983.677: [GC (Allocation Failure)  390462K->8542K(1059328K), 0.0034425 secs]
33984.053: [GC (Allocation Failure)  379230K->8574K(1048576K), 0.0032895 secs]
33984.419: [GC (Allocation Failure)  368510K->8510K(1038336K), 0.0038410 secs]
33984.778: [GC (Allocation Failure)  358206K->8542K(1028608K), 0.0033196 secs]
33985.127: [GC (Allocation Failure)  348510K->8510K(1019392K), 0.0040070 secs]
33985.465: [GC (Allocation Failure)  339262K->8542K(1010176K), 0.0031978 secs]
33985.792: [GC (Allocation Failure)  330078K->8542K(1001472K), 0.0037727 secs]
33986.158: [GC (Allocation Failure)  321374K->8510K(993280K), 0.0033441 secs]
33986.468: [GC (Allocation Failure)  313150K->8542K(985088K), 0.0034346 secs]
33986.780: [GC (Allocation Failure)  304990K->8510K(1044480K), 0.0039082 secs]
33987.144: [GC (Allocation Failure)  364350K->8542K(1115648K), 0.0036235 secs]
33987.586: [GC (Allocation Failure)  435550K->8542K(1102848K), 0.0041275 secs]
33988.046: [GC (Allocation Failure)  422750K->8510K(1090560K), 0.0036614 secs]
33988.461: [GC (Allocation Failure)  410430K->8542K(1078784K), 0.0034909 secs]
33988.871: [GC (Allocation Failure)  398686K->8542K(1067520K), 0.0035407 secs]
33989.257: [GC (Allocation Failure)  387422K->8510K(1056256K), 0.0035691 secs]
33989.632: [GC (Allocation Failure)  376126K->8542K(1045504K), 0.0033707 secs]
33989.995: [GC (Allocation Failure)  365406K->8510K(1035264K), 0.0035760 secs]
33990.366: [GC (Allocation Failure)  355134K->8542K(1025536K), 0.0033400 secs]
33990.708: [GC (Allocation Failure)  345438K->8510K(1016320K), 0.0037377 secs]
33991.040: [GC (Allocation Failure)  336190K->8510K(1007616K), 0.0036699 secs]
33991.395: [GC (Allocation Failure)  327486K->8510K(998912K), 0.0038762 secs]
33991.716: [GC (Allocation Failure)  318782K->8542K(1061376K), 0.0036761 secs]
33992.094: [GC (Allocation Failure)  381278K->8510K(1050624K), 0.0033499 secs]
33992.462: [GC (Allocation Failure)  370494K->8510K(1040384K), 0.0039141 secs]
33992.818: [GC (Allocation Failure)  360254K->8542K(1111040K), 0.0040856 secs]
33993.249: [GC (Allocation Failure)  430942K->8510K(1098240K), 0.0040439 secs]
33993.671: [GC (Allocation Failure)  418110K->8510K(1085952K), 0.0037049 secs]
33994.075: [GC (Allocation Failure)  405822K->8542K(1074176K), 0.0037445 secs]
33994.470: [GC (Allocation Failure)  394078K->8542K(1062912K), 0.0030626 secs]
33994.850: [GC (Allocation Failure)  382814K->8542K(1052160K), 0.0039318 secs]
33995.219: [GC (Allocation Failure)  372062K->8510K(1041920K), 0.0042746 secs]
33995.590: [GC (Allocation Failure)  361790K->8542K(1032192K), 0.0033932 secs]
33995.938: [GC (Allocation Failure)  352094K->8542K(1022464K), 0.0031810 secs]
33996.302: [GC (Allocation Failure)  342366K->8542K(1013248K), 0.0874326 secs]
33996.724: [GC (Allocation Failure)  333150K->8542K(1004544K), 0.0036968 secs]
33997.045: [GC (Allocation Failure)  324446K->8542K(996352K), 0.0039442 secs]
33997.410: [GC (Allocation Failure)  316254K->8510K(988160K), 0.0029693 secs]
33997.755: [GC (Allocation Failure)  308030K->8510K(980480K), 0.0034474 secs]
33998.052: [GC (Allocation Failure)  300350K->8510K(1038848K), 0.0040476 secs]
33998.442: [GC (Allocation Failure)  358718K->8542K(1029120K), 0.0032700 secs]
33998.799: [GC (Allocation Failure)  349022K->8510K(1019904K), 0.0030979 secs]
33999.135: [GC (Allocation Failure)  339774K->8542K(1010688K), 0.0030452 secs]
33999.475: [GC (Allocation Failure)  330590K->8574K(1001984K), 0.0033429 secs]
33999.794: [GC (Allocation Failure)  321918K->8510K(993792K), 0.0035286 secs]
34000.105: [GC (Allocation Failure)  313662K->8542K(985600K), 0.0033923 secs]
34000.433: [GC (Allocation Failure)  305502K->8574K(1044992K), 0.0036886 secs]
34000.796: [GC (Allocation Failure)  364926K->8510K(1116672K), 0.0038564 secs]
34001.232: [GC (Allocation Failure)  436542K->8542K(1103360K), 0.0027500 secs]
34001.656: [GC (Allocation Failure)  423262K->8542K(1091072K), 0.0039304 secs]
34002.100: [GC (Allocation Failure)  410974K->8542K(1079296K), 0.0032993 secs]
34002.496: [GC (Allocation Failure)  399198K->8542K(1068032K), 0.0028733 secs]
34002.904: [GC (Allocation Failure)  387934K->8510K(1056768K), 0.0034482 secs]
34003.277: [GC (Allocation Failure)  376638K->8510K(1046016K), 0.0033984 secs]
34003.648: [GC (Allocation Failure)  365886K->8510K(1035776K), 0.0033342 secs]
34004.002: [GC (Allocation Failure)  355646K->8574K(1026048K), 0.0035812 secs]
34004.346: [GC (Allocation Failure)  345982K->8510K(1016832K), 0.0041531 secs]
34004.683: [GC (Allocation Failure)  336702K->8542K(1008128K), 0.0032907 secs]
34005.008: [GC (Allocation Failure)  328030K->8574K(999424K), 0.0035981 secs]
34005.324: [GC (Allocation Failure)  319358K->8542K(1061888K), 0.0037408 secs]
34005.714: [GC (Allocation Failure)  381790K->8542K(1051136K), 0.0035801 secs]
34006.090: [GC (Allocation Failure)  371038K->8542K(1040896K), 0.0030807 secs]
34006.452: [GC (Allocation Failure)  360798K->8510K(1031168K), 0.0035635 secs]
34006.799: [GC (Allocation Failure)  351038K->8542K(1021440K), 0.0035470 secs]
34007.174: [GC (Allocation Failure)  341342K->8542K(1012224K), 0.0032107 secs]
34007.513: [GC (Allocation Failure)  332126K->8478K(1003520K), 0.0035732 secs]
34007.832: [GC (Allocation Failure)  323358K->8510K(1066496K), 0.0042592 secs]
34008.220: [GC (Allocation Failure)  386366K->8542K(1142272K), 0.0038629 secs]
34008.683: [GC (Allocation Failure)  462174K->8510K(1233408K), 0.0048086 secs]
34009.258: [GC (Allocation Failure)  553278K->8510K(1214976K), 0.0035359 secs]
34009.810: [GC (Allocation Failure)  534846K->8510K(1197568K), 0.0042989 secs]
34010.328: [GC (Allocation Failure)  517438K->8542K(1181184K), 0.0038119 secs]
34010.828: [GC (Allocation Failure)  501086K->8542K(1165312K), 0.0037768 secs]
34011.318: [GC (Allocation Failure)  485214K->8542K(1149952K), 0.0037335 secs]
34011.792: [GC (Allocation Failure)  469854K->8510K(1135616K), 0.0028304 secs]
34012.247: [GC (Allocation Failure)  455486K->8510K(1121792K), 0.0038130 secs]
34012.721: [GC (Allocation Failure)  441662K->8542K(1108480K), 0.0035855 secs]
34013.152: [GC (Allocation Failure)  428382K->8542K(1095680K), 0.0037447 secs]
34013.577: [GC (Allocation Failure)  415582K->8510K(1083392K), 0.0031205 secs]
34013.980: [GC (Allocation Failure)  403262K->8510K(1071616K), 0.0041358 secs]
34014.375: [GC (Allocation Failure)  391486K->8510K(1060352K), 0.0034997 secs]
34014.752: [GC (Allocation Failure)  380222K->8510K(1049600K), 0.0034342 secs]
34015.120: [GC (Allocation Failure)  369470K->8542K(1039360K), 0.0030181 secs]
34015.479: [GC (Allocation Failure)  359262K->8542K(1029632K), 0.0032755 secs]
34015.825: [GC (Allocation Failure)  349534K->8542K(1020416K), 0.0032443 secs]
34016.163: [GC (Allocation Failure)  340318K->8510K(1011200K), 0.0033906 secs]
34016.492: [GC (Allocation Failure)  331070K->8510K(1002496K), 0.0031392 secs]
34016.811: [GC (Allocation Failure)  322366K->8574K(994304K), 0.0032682 secs]
34017.122: [GC (Allocation Failure)  314238K->8574K(986112K), 0.0035209 secs]
34017.435: [GC (Allocation Failure)  306046K->8542K(978432K), 0.0032946 secs]
34017.728: [GC (Allocation Failure)  298334K->8510K(1036800K), 0.0035244 secs]
34018.080: [GC (Allocation Failure)  356670K->8542K(1106432K), 0.0037977 secs]
34018.521: [GC (Allocation Failure)  426334K->8510K(1093632K), 0.0037115 secs]
34018.933: [GC (Allocation Failure)  413502K->8542K(1081344K), 0.0042403 secs]
34019.336: [GC (Allocation Failure)  401246K->8542K(1069568K), 0.0038398 secs]
34019.723: [GC (Allocation Failure)  389470K->8510K(1058304K), 0.0032192 secs]
34020.097: [GC (Allocation Failure)  378174K->8542K(1047552K), 0.0042374 secs]
34020.465: [GC (Allocation Failure)  367454K->8542K(1037312K), 0.0030949 secs]
34020.818: [GC (Allocation Failure)  357214K->8510K(1027584K), 0.0042970 secs]
34021.166: [GC (Allocation Failure)  347454K->8542K(1018368K), 0.0035993 secs]
34021.501: [GC (Allocation Failure)  338270K->8542K(1009152K), 0.0033136 secs]
34021.827: [GC (Allocation Failure)  329054K->8542K(1073664K), 0.0036640 secs]
34022.219: [GC (Allocation Failure)  393566K->8510K(1062400K), 0.0036222 secs]
34022.598: [GC (Allocation Failure)  382270K->8542K(1051648K), 0.0033798 secs]
34022.987: [GC (Allocation Failure)  371550K->8542K(1041408K), 0.0035303 secs]
34023.344: [GC (Allocation Failure)  361310K->8510K(1031680K), 0.0036722 secs]
34023.693: [GC (Allocation Failure)  351550K->8510K(1021952K), 0.0039222 secs]
34024.036: [GC (Allocation Failure)  341822K->8574K(1012736K), 0.0033834 secs]
34024.399: [GC (Allocation Failure)  332670K->8510K(1004032K), 0.0033937 secs]
34024.721: [GC (Allocation Failure)  323902K->8542K(1067520K), 0.0041493 secs]
34025.117: [GC (Allocation Failure)  387422K->8542K(1056256K), 0.0037002 secs]
34025.494: [GC (Allocation Failure)  376158K->8542K(1045504K), 0.0033308 secs]
34025.864: [GC (Allocation Failure)  365406K->8510K(1035264K), 0.0036488 secs]
34026.217: [GC (Allocation Failure)  355134K->8542K(1025536K), 0.0036285 secs]
34026.581: [GC (Allocation Failure)  345438K->8574K(1093120K), 0.0047742 secs]
34026.999: [GC (Allocation Failure)  413054K->8542K(1080832K), 0.0034234 secs]
34027.409: [GC (Allocation Failure)  400734K->8510K(1069056K), 0.0035837 secs]
34027.796: [GC (Allocation Failure)  388926K->8510K(1145344K), 0.0047689 secs]
34028.294: [GC (Allocation Failure)  465214K->8510K(1131008K), 0.0039498 secs]
34028.754: [GC (Allocation Failure)  450878K->8510K(1117184K), 0.0039071 secs]
34029.192: [GC (Allocation Failure)  437054K->8542K(1103872K), 0.0046652 secs]
34029.624: [GC (Allocation Failure)  423774K->8542K(1091072K), 0.0040557 secs]
34030.061: [GC (Allocation Failure)  410974K->8510K(1079296K), 0.0031793 secs]
34030.463: [GC (Allocation Failure)  399166K->8542K(1068032K), 0.0036358 secs]
34030.852: [GC (Allocation Failure)  387934K->8542K(1056768K), 0.0036867 secs]
34031.243: [GC (Allocation Failure)  376670K->8510K(1046016K), 0.0039578 secs]
34031.608: [GC (Allocation Failure)  365886K->8542K(1035776K), 0.0036979 secs]
34031.960: [GC (Allocation Failure)  355678K->8542K(1026048K), 0.0033366 secs]
34032.303: [GC (Allocation Failure)  345950K->8542K(1016832K), 0.0031854 secs]
34032.636: [GC (Allocation Failure)  336734K->8510K(1082880K), 0.0044633 secs]
34033.042: [GC (Allocation Failure)  402750K->8542K(1161728K), 0.0043453 secs]
34033.550: [GC (Allocation Failure)  481630K->8542K(1146880K), 0.0045367 secs]
34034.047: [GC (Allocation Failure)  466782K->8510K(1132544K), 0.0049284 secs]
34034.500: [GC (Allocation Failure)  452414K->8510K(1118720K), 0.0033845 secs]
34034.936: [GC (Allocation Failure)  438590K->8510K(1105408K), 0.0037713 secs]
34035.358: [GC (Allocation Failure)  425278K->8510K(1092608K), 0.0031910 secs]
34035.787: [GC (Allocation Failure)  412478K->8574K(1080320K), 0.0033356 secs]
34036.185: [GC (Allocation Failure)  400254K->8542K(1068544K), 0.0046443 secs]
34036.573: [GC (Allocation Failure)  388446K->8542K(1057280K), 0.0040239 secs]
34036.951: [GC (Allocation Failure)  377182K->8542K(1046528K), 0.0035196 secs]
34037.313: [GC (Allocation Failure)  366430K->8542K(1036288K), 0.0032406 secs]
34037.664: [GC (Allocation Failure)  356190K->8574K(1026560K), 0.0032048 secs]
34038.007: [GC (Allocation Failure)  346494K->8510K(1017344K), 0.0034851 secs]
34038.341: [GC (Allocation Failure)  337214K->8542K(1008640K), 0.0468483 secs]
34038.713: [GC (Allocation Failure)  328542K->8510K(999936K), 0.0037604 secs]
34039.030: [GC (Allocation Failure)  319806K->8542K(1062400K), 0.0037048 secs]
34039.409: [GC (Allocation Failure)  382302K->8510K(1051648K), 0.0033924 secs]
34039.776: [GC (Allocation Failure)  371518K->8542K(1041408K), 0.0035572 secs]
34040.133: [GC (Allocation Failure)  361310K->8542K(1031680K), 0.0033970 secs]
34040.481: [GC (Allocation Failure)  351582K->8542K(1021952K), 0.0036207 secs]
34040.818: [GC (Allocation Failure)  341854K->8510K(1012736K), 0.0034892 secs]
34041.147: [GC (Allocation Failure)  332606K->8542K(1004032K), 0.0032674 secs]
34041.469: [GC (Allocation Failure)  323934K->8542K(995840K), 0.0033024 secs]
34041.781: [GC (Allocation Failure)  315742K->8542K(1057280K), 0.0037420 secs]
34042.155: [GC (Allocation Failure)  377182K->8510K(1131008K), 0.0039927 secs]
34042.609: [GC (Allocation Failure)  450878K->8478K(1117184K), 0.0034251 secs]
34043.047: [GC (Allocation Failure)  437022K->8510K(1103872K), 0.0034300 secs]
34043.470: [GC (Allocation Failure)  423742K->8542K(1091072K), 0.0042762 secs]
34043.911: [GC (Allocation Failure)  410974K->8510K(1079296K), 0.0035026 secs]
34044.309: [GC (Allocation Failure)  399166K->8542K(1068032K), 0.0040578 secs]
34044.707: [GC (Allocation Failure)  387934K->8510K(1056768K), 0.0034931 secs]
34045.082: [GC (Allocation Failure)  376638K->8510K(1046016K), 0.0037797 secs]
34045.453: [GC (Allocation Failure)  365886K->8542K(1035776K), 0.0041794 secs]
34045.811: [GC (Allocation Failure)  355678K->8510K(1026048K), 0.0034552 secs]
34046.165: [GC (Allocation Failure)  345918K->8542K(1016832K), 0.0037321 secs]
34046.498: [GC (Allocation Failure)  336734K->8542K(1082880K), 0.0046004 secs]
34046.904: [GC (Allocation Failure)  402782K->8574K(1071104K), 0.0031270 secs]
34047.302: [GC (Allocation Failure)  391038K->8510K(1059840K), 0.0031086 secs]
34047.677: [GC (Allocation Failure)  379710K->8542K(1049088K), 0.0036364 secs]
34048.042: [GC (Allocation Failure)  368990K->8542K(1038848K), 0.0035015 secs]
34048.413: [GC (Allocation Failure)  358750K->8542K(1029120K), 0.0036623 secs]
34048.814: [GC (Allocation Failure)  349022K->8510K(1019904K), 0.0032939 secs]
34049.178: [GC (Allocation Failure)  339774K->8542K(1010688K), 0.0036905 secs]
34049.505: [GC (Allocation Failure)  330590K->8510K(1001984K), 0.0036012 secs]
34049.823: [GC (Allocation Failure)  321854K->8510K(993792K), 0.0032243 secs]
34050.134: [GC (Allocation Failure)  313662K->8542K(1055232K), 0.0036352 secs]
34050.505: [GC (Allocation Failure)  375134K->8542K(1128960K), 0.0041224 secs]
34050.954: [GC (Allocation Failure)  448862K->8542K(1115136K), 0.0031849 secs]
34051.385: [GC (Allocation Failure)  435038K->8542K(1102336K), 0.0035416 secs]
34051.804: [GC (Allocation Failure)  422238K->8542K(1090048K), 0.0041278 secs]
34052.219: [GC (Allocation Failure)  409950K->8542K(1078272K), 0.0030068 secs]
34052.619: [GC (Allocation Failure)  398174K->8542K(1067008K), 0.0034991 secs]
34053.003: [GC (Allocation Failure)  386910K->8510K(1056256K), 0.0035874 secs]
34053.376: [GC (Allocation Failure)  376126K->8542K(1045504K), 0.0029776 secs]
34053.756: [GC (Allocation Failure)  365406K->8542K(1035264K), 0.0037601 secs]
34054.110: [GC (Allocation Failure)  355166K->8542K(1025536K), 0.0036145 secs]
34054.485: [GC (Allocation Failure)  345438K->8542K(1016320K), 0.0036175 secs]
34054.827: [GC (Allocation Failure)  336222K->8510K(1007616K), 0.0038803 secs]
34055.158: [GC (Allocation Failure)  327486K->8574K(1071616K), 0.0050550 secs]
34055.548: [GC (Allocation Failure)  391550K->8510K(1148416K), 0.0039987 secs]
34056.019: [GC (Allocation Failure)  468286K->8574K(1134080K), 0.0038611 secs]
34056.472: [GC (Allocation Failure)  454014K->8510K(1120256K), 0.0037553 secs]
34056.910: [GC (Allocation Failure)  440126K->8542K(1106944K), 0.0035743 secs]
34057.334: [GC (Allocation Failure)  426846K->8574K(1094144K), 0.0033077 secs]
34057.746: [GC (Allocation Failure)  414078K->8542K(1081856K), 0.0057748 secs]
34058.151: [GC (Allocation Failure)  401758K->8542K(1070080K), 0.0032941 secs]
34058.540: [GC (Allocation Failure)  389982K->8542K(1058816K), 0.0034862 secs]
34058.917: [GC (Allocation Failure)  378718K->8510K(1048064K), 0.0041563 secs]
34059.288: [GC (Allocation Failure)  367934K->8510K(1037824K), 0.0031053 secs]
34059.643: [GC (Allocation Failure)  357694K->8510K(1028096K), 0.0035226 secs]
34060.013: [GC (Allocation Failure)  347966K->8510K(1018880K), 0.0039749 secs]
34060.366: [GC (Allocation Failure)  338750K->8542K(1009664K), 0.0032595 secs]
34060.693: [GC (Allocation Failure)  329566K->8510K(1000960K), 0.0038833 secs]
34061.011: [GC (Allocation Failure)  320830K->8542K(1063424K), 0.0040823 secs]
34061.393: [GC (Allocation Failure)  383326K->8542K(1138688K), 0.0038165 secs]
34061.851: [GC (Allocation Failure)  458590K->8510K(1124864K), 0.0041902 secs]
34062.294: [GC (Allocation Failure)  444734K->8542K(1111552K), 0.0039990 secs]
34062.724: [GC (Allocation Failure)  431454K->8510K(1098752K), 0.0035391 secs]
34063.140: [GC (Allocation Failure)  418622K->8542K(1086464K), 0.0036799 secs]
34063.581: [GC (Allocation Failure)  406366K->8542K(1074688K), 0.0039579 secs]
34063.977: [GC (Allocation Failure)  394590K->8510K(1063424K), 0.0043771 secs]
34064.362: [GC (Allocation Failure)  383294K->8542K(1052672K), 0.0033048 secs]
34064.743: [GC (Allocation Failure)  372574K->8574K(1042432K), 0.0036016 secs]
34065.105: [GC (Allocation Failure)  362366K->8510K(1032704K), 0.0034131 secs]
34065.470: [GC (Allocation Failure)  352574K->8542K(1022976K), 0.0036374 secs]
34065.809: [GC (Allocation Failure)  342878K->8510K(1013760K), 0.0037982 secs]
34066.163: [GC (Allocation Failure)  333630K->8510K(1005056K), 0.0035318 secs]
34066.483: [GC (Allocation Failure)  324926K->8542K(1068544K), 0.0037162 secs]
34066.884: [GC (Allocation Failure)  388446K->8510K(1057280K), 0.0036706 secs]
34067.263: [GC (Allocation Failure)  377150K->8542K(1046528K), 0.0036933 secs]
34067.654: [GC (Allocation Failure)  366430K->8542K(1118208K), 0.0045882 secs]
34068.096: [GC (Allocation Failure)  438110K->8542K(1204224K), 0.0049808 secs]
34068.643: [GC (Allocation Failure)  524126K->8542K(1187328K), 0.0029751 secs]
34069.150: [GC (Allocation Failure)  507230K->8542K(1170944K), 0.0030719 secs]
34069.639: [GC (Allocation Failure)  490846K->8510K(1155584K), 0.0035360 secs]
34070.144: [GC (Allocation Failure)  475454K->8542K(1140736K), 0.0041031 secs]
34070.603: [GC (Allocation Failure)  460638K->8542K(1126400K), 0.0053480 secs]
34071.063: [GC (Allocation Failure)  446302K->8542K(1113088K), 0.0034255 secs]
34071.497: [GC (Allocation Failure)  432990K->8510K(1100288K), 0.0043164 secs]
34071.920: [GC (Allocation Failure)  420158K->8542K(1088000K), 0.0036733 secs]
34072.332: [GC (Allocation Failure)  407902K->8510K(1076224K), 0.0042509 secs]
34072.750: [GC (Allocation Failure)  396094K->8510K(1064960K), 0.0042378 secs]
34073.133: [GC (Allocation Failure)  384830K->8542K(1054208K), 0.0039460 secs]
34073.505: [GC (Allocation Failure)  374110K->8542K(1043968K), 0.0037902 secs]
34073.882: [GC (Allocation Failure)  363870K->8542K(1115136K), 0.0044777 secs]
34074.327: [GC (Allocation Failure)  435038K->8542K(1200640K), 0.0052393 secs]
34074.858: [GC (Allocation Failure)  520542K->8542K(1183744K), 0.0031407 secs]
34075.386: [GC (Allocation Failure)  503646K->8542K(1167872K), 0.0037482 secs]
34075.875: [GC (Allocation Failure)  487774K->8510K(1152512K), 0.0035662 secs]
34076.349: [GC (Allocation Failure)  472382K->8510K(1137664K), 0.0034556 secs]
34076.810: [GC (Allocation Failure)  457534K->8510K(1123840K), 0.0045800 secs]
34077.262: [GC (Allocation Failure)  443710K->8542K(1110528K), 0.0031966 secs]
34077.697: [GC (Allocation Failure)  430430K->8510K(1097728K), 0.0034338 secs]
34078.114: [GC (Allocation Failure)  417598K->8510K(1085440K), 0.0040755 secs]
34078.545: [GC (Allocation Failure)  405310K->8510K(1073664K), 0.0033421 secs]
34078.951: [GC (Allocation Failure)  393534K->8542K(1062400K), 0.0037784 secs]
34079.340: [GC (Allocation Failure)  382302K->8542K(1051648K), 0.0038282 secs]
34079.724: [GC (Allocation Failure)  371550K->8542K(1041408K), 0.0034634 secs]
34080.082: [GC (Allocation Failure)  361310K->8542K(1031680K), 0.0032438 secs]
34080.441: [GC (Allocation Failure)  351582K->8510K(1021952K), 0.0041329 secs]
34080.797: [GC (Allocation Failure)  341822K->8542K(1012736K), 0.0030978 secs]
34081.126: [GC (Allocation Failure)  332638K->8542K(1004032K), 0.0035555 secs]
34081.448: [GC (Allocation Failure)  323934K->8510K(995840K), 0.0039308 secs]
34081.763: [GC (Allocation Failure)  315710K->8542K(987648K), 0.0031550 secs]
34082.087: [GC (Allocation Failure)  307550K->8510K(1047552K), 0.0039194 secs]
34082.462: [GC (Allocation Failure)  367422K->8510K(1119744K), 0.0047069 secs]
34082.912: [GC (Allocation Failure)  439614K->8510K(1206272K), 0.0039120 secs]
34083.445: [GC (Allocation Failure)  526142K->8542K(1189376K), 0.0041892 secs]
34083.971: [GC (Allocation Failure)  509278K->8574K(1172992K), 0.0037129 secs]
34084.468: [GC (Allocation Failure)  492926K->8510K(1157632K), 0.0039612 secs]
34084.947: [GC (Allocation Failure)  477502K->8542K(1142784K), 0.0033996 secs]
34085.409: [GC (Allocation Failure)  462686K->8510K(1128448K), 0.0035314 secs]
34085.855: [GC (Allocation Failure)  448318K->8510K(1114624K), 0.0043116 secs]
34086.288: [GC (Allocation Failure)  434494K->8542K(1101824K), 0.0036387 secs]
34086.707: [GC (Allocation Failure)  421726K->8510K(1089536K), 0.0041929 secs]
34087.114: [GC (Allocation Failure)  409406K->8510K(1077760K), 0.0037860 secs]
34087.508: [GC (Allocation Failure)  397630K->8542K(1066496K), 0.0034652 secs]
34087.892: [GC (Allocation Failure)  386398K->8542K(1055744K), 0.0036112 secs]
34088.302: [GC (Allocation Failure)  375646K->8574K(1044992K), 0.0032604 secs]
34088.664: [GC (Allocation Failure)  364926K->8510K(1034752K), 0.0036877 secs]
34089.015: [GC (Allocation Failure)  354622K->8542K(1025024K), 0.0034731 secs]
34089.356: [GC (Allocation Failure)  344926K->8510K(1015808K), 0.0040531 secs]
34089.690: [GC (Allocation Failure)  335678K->8510K(1081344K), 0.0038567 secs]
34090.089: [GC (Allocation Failure)  401214K->8542K(1069568K), 0.0035374 secs]
34090.477: [GC (Allocation Failure)  389470K->8542K(1058304K), 0.0037262 secs]
34090.891: [GC (Allocation Failure)  378206K->8510K(1047552K), 0.0036894 secs]
34091.255: [GC (Allocation Failure)  367422K->8510K(1037312K), 0.0039997 secs]
34091.654: [GC (Allocation Failure)  357182K->8510K(1027584K), 0.0040109 secs]
34092.005: [GC (Allocation Failure)  347454K->8542K(1018368K), 0.0038131 secs]
34092.368: [GC (Allocation Failure)  338270K->8542K(1084416K), 0.0044916 secs]
34092.771: [GC (Allocation Failure)  404318K->8542K(1072640K), 0.0030616 secs]
34093.161: [GC (Allocation Failure)  392542K->8510K(1061376K), 0.0040484 secs]
34093.541: [GC (Allocation Failure)  381246K->8510K(1050624K), 0.0035395 secs]
34093.910: [GC (Allocation Failure)  370494K->8510K(1040384K), 0.0041236 secs]
34094.273: [GC (Allocation Failure)  360254K->8510K(1111040K), 0.0042018 secs]
34094.710: [GC (Allocation Failure)  430910K->8542K(1098240K), 0.0041886 secs]
34095.150: [GC (Allocation Failure)  418142K->8510K(1085952K), 0.0035518 secs]
34095.558: [GC (Allocation Failure)  405822K->8542K(1074176K), 0.0036823 secs]
34096.005: [GC (Allocation Failure)  394078K->8510K(1062912K), 0.0038344 secs]
34096.385: [GC (Allocation Failure)  382782K->8510K(1052160K), 0.0034335 secs]
34096.753: [GC (Allocation Failure)  372030K->8574K(1041920K), 0.0034491 secs]
34097.111: [GC (Allocation Failure)  361854K->8542K(1032192K), 0.0033280 secs]
34097.460: [GC (Allocation Failure)  352094K->8542K(1022464K), 0.0045593 secs]
34097.799: [GC (Allocation Failure)  342366K->8510K(1089536K), 0.0042877 secs]
34098.211: [GC (Allocation Failure)  409406K->8542K(1077760K), 0.0034925 secs]
34098.608: [GC (Allocation Failure)  397662K->8542K(1155584K), 0.0043684 secs]
34099.084: [GC (Allocation Failure)  475486K->8542K(1140736K), 0.0030332 secs]
34099.551: [GC (Allocation Failure)  460638K->8542K(1126400K), 0.0033929 secs]
34099.995: [GC (Allocation Failure)  446302K->8510K(1113088K), 0.0039476 secs]
34100.429: [GC (Allocation Failure)  432958K->8510K(1100288K), 0.0036633 secs]
34100.867: [GC (Allocation Failure)  420158K->8542K(1088000K), 0.0035041 secs]
34101.284: [GC (Allocation Failure)  407902K->8542K(1076224K), 0.0041836 secs]
34101.678: [GC (Allocation Failure)  396126K->8542K(1064960K), 0.0045612 secs]
34102.065: [GC (Allocation Failure)  384862K->8542K(1054208K), 0.0041019 secs]
34102.437: [GC (Allocation Failure)  374110K->8542K(1043968K), 0.0036287 secs]
34102.797: [GC (Allocation Failure)  363870K->8510K(1115136K), 0.0043638 secs]
34103.274: [GC (Allocation Failure)  435006K->8510K(1102336K), 0.0033367 secs]
34103.699: [GC (Allocation Failure)  422206K->8542K(1090048K), 0.0037654 secs]
34104.108: [GC (Allocation Failure)  409950K->8510K(1078272K), 0.0052084 secs]
34104.521: [GC (Allocation Failure)  398142K->8542K(1067008K), 0.0034855 secs]
34104.904: [GC (Allocation Failure)  386910K->8542K(1056256K), 0.0036427 secs]
34105.277: [GC (Allocation Failure)  376158K->8510K(1045504K), 0.0045961 secs]
34105.646: [GC (Allocation Failure)  365374K->8510K(1117184K), 0.0053368 secs]
34106.090: [GC (Allocation Failure)  437054K->8542K(1203200K), 0.0038398 secs]
34106.630: [GC (Allocation Failure)  523102K->8510K(1186304K), 0.0037633 secs]
34107.137: [GC (Allocation Failure)  506174K->8542K(1169920K), 0.0034668 secs]
34107.629: [GC (Allocation Failure)  489822K->8510K(1154560K), 0.0048269 secs]
34108.111: [GC (Allocation Failure)  474430K->8510K(1139712K), 0.0036899 secs]
34108.572: [GC (Allocation Failure)  459582K->8510K(1125376K), 0.0044922 secs]
34109.019: [GC (Allocation Failure)  445246K->8510K(1112064K), 0.0045578 secs]
34109.458: [GC (Allocation Failure)  431934K->8510K(1099264K), 0.0041403 secs]
34109.894: [GC (Allocation Failure)  419134K->8542K(1086976K), 0.0032403 secs]
34110.301: [GC (Allocation Failure)  406878K->8542K(1075200K), 0.0040885 secs]
34110.703: [GC (Allocation Failure)  395102K->8542K(1063936K), 0.0034920 secs]
34111.087: [GC (Allocation Failure)  383838K->8510K(1053184K), 0.0037313 secs]
34111.490: [GC (Allocation Failure)  373054K->8542K(1042944K), 0.0040331 secs]
34111.852: [GC (Allocation Failure)  362846K->8510K(1114112K), 0.0048918 secs]
34112.296: [GC (Allocation Failure)  433982K->8510K(1101312K), 0.0040778 secs]
34112.730: [GC (Allocation Failure)  421182K->8510K(1089024K), 0.0033085 secs]
34113.136: [GC (Allocation Failure)  408894K->8510K(1077248K), 0.0038590 secs]
34113.534: [GC (Allocation Failure)  397118K->8574K(1155072K), 0.0068238 secs]
34114.083: [GC (Allocation Failure)  475006K->8542K(1248768K), 0.0038363 secs]
34114.701: [GC (Allocation Failure)  568670K->8542K(1229824K), 0.0035558 secs]
34115.250: [GC (Allocation Failure)  549726K->8542K(1211904K), 0.0041373 secs]
34115.789: [GC (Allocation Failure)  531806K->8510K(1194496K), 0.0046216 secs]
34116.311: [GC (Allocation Failure)  514366K->8510K(1178112K), 0.0041673 secs]
34116.809: [GC (Allocation Failure)  497982K->8510K(1162240K), 0.0035827 secs]
34117.355: [GC (Allocation Failure)  482110K->8542K(1147392K), 0.0040536 secs]
34117.833: [GC (Allocation Failure)  467294K->8510K(1133056K), 0.0042940 secs]
34118.360: [GC (Allocation Failure)  452926K->8574K(1119232K), 0.0039054 secs]
34118.797: [GC (Allocation Failure)  439166K->8542K(1105920K), 0.0036811 secs]
34119.221: [GC (Allocation Failure)  425822K->8510K(1093120K), 0.0041761 secs]
34119.637: [GC (Allocation Failure)  412990K->8510K(1080832K), 0.0051742 secs]
34120.046: [GC (Allocation Failure)  400702K->8510K(1069056K), 0.0039378 secs]
34120.433: [GC (Allocation Failure)  388926K->8542K(1145344K), 0.0055777 secs]
34120.910: [GC (Allocation Failure)  465246K->8542K(1131008K), 0.0036109 secs]
34121.360: [GC (Allocation Failure)  450910K->8542K(1117184K), 0.0039025 secs]
34121.798: [GC (Allocation Failure)  437086K->8510K(1103872K), 0.0031466 secs]
34122.223: [GC (Allocation Failure)  423742K->8542K(1091072K), 0.0032786 secs]
34122.634: [GC (Allocation Failure)  410974K->8510K(1079296K), 0.0031519 secs]
34123.032: [GC (Allocation Failure)  399166K->8510K(1068032K), 0.0037554 secs]
34123.429: [GC (Allocation Failure)  387902K->8542K(1144320K), 0.0073198 secs]
34123.905: [GC (Allocation Failure)  464222K->8510K(1129984K), 0.0032813 secs]
34124.355: [GC (Allocation Failure)  449854K->8542K(1116160K), 0.0032938 secs]
34124.791: [GC (Allocation Failure)  436062K->8542K(1102848K), 0.0036751 secs]
34125.217: [GC (Allocation Failure)  422750K->8542K(1090560K), 0.0032385 secs]
34125.625: [GC (Allocation Failure)  410462K->8574K(1078784K), 0.0027623 secs]
34126.040: [GC (Allocation Failure)  398718K->8510K(1067520K), 0.0035643 secs]
34126.444: [GC (Allocation Failure)  387390K->8510K(1056256K), 0.0040839 secs]
34126.823: [GC (Allocation Failure)  376126K->8542K(1045504K), 0.0034195 secs]
34127.186: [GC (Allocation Failure)  365406K->8542K(1035264K), 0.0033203 secs]
34127.540: [GC (Allocation Failure)  355166K->8574K(1025536K), 0.0029405 secs]
34127.925: [GC (Allocation Failure)  345470K->8510K(1016320K), 0.0038600 secs]
34128.259: [GC (Allocation Failure)  336190K->8574K(1007616K), 0.0030020 secs]
34128.584: [GC (Allocation Failure)  327550K->8574K(998912K), 0.0030212 secs]
34128.901: [GC (Allocation Failure)  318846K->8510K(990720K), 0.0034148 secs]
34129.220: [GC (Allocation Failure)  310590K->8574K(983040K), 0.0031345 secs]
34129.523: [GC (Allocation Failure)  302974K->8542K(975360K), 0.0036431 secs]
34129.821: [GC (Allocation Failure)  295262K->8510K(1032704K), 0.0049722 secs]
34130.173: [GC (Allocation Failure)  352574K->8542K(1101824K), 0.0037611 secs]
34130.592: [GC (Allocation Failure)  421726K->8542K(1184768K), 0.0043682 secs]
34131.099: [GC (Allocation Failure)  504670K->8574K(1284096K), 0.0038585 secs]
34131.705: [GC (Allocation Failure)  604030K->8510K(1403392K), 0.0059989 secs]
34132.447: [GC (Allocation Failure)  723262K->8510K(1377280K), 0.0047144 secs]
34133.147: [GC (Allocation Failure)  697150K->8542K(1352704K), 0.0035329 secs]
34133.831: [GC (Allocation Failure)  672606K->8542K(1329152K), 0.0033748 secs]
34134.480: [GC (Allocation Failure)  649054K->8510K(1306624K), 0.0040569 secs]
34135.117: [GC (Allocation Failure)  626494K->8510K(1285120K), 0.0037737 secs]
34135.720: [GC (Allocation Failure)  604990K->8606K(1264640K), 0.0037385 secs]
34136.305: [GC (Allocation Failure)  584606K->8542K(1245184K), 0.0033526 secs]
34136.870: [GC (Allocation Failure)  565086K->8542K(1226240K), 0.0043638 secs]
34137.422: [GC (Allocation Failure)  546142K->8510K(1208320K), 0.0040908 secs]
34137.953: [GC (Allocation Failure)  528190K->8542K(1191424K), 0.0043035 secs]
34138.491: [GC (Allocation Failure)  511326K->8542K(1175040K), 0.0036015 secs]
34139.020: [GC (Allocation Failure)  494942K->8510K(1159168K), 0.0039935 secs]
34139.502: [GC (Allocation Failure)  479038K->8542K(1144320K), 0.0035976 secs]
34139.968: [GC (Allocation Failure)  464222K->8510K(1129984K), 0.0033906 secs]
34140.434: [GC (Allocation Failure)  449854K->8510K(1116160K), 0.0034984 secs]
34140.894: [GC (Allocation Failure)  436030K->8574K(1102848K), 0.0039670 secs]
34141.337: [GC (Allocation Failure)  422782K->8574K(1090560K), 0.0038719 secs]
34141.747: [GC (Allocation Failure)  410494K->8542K(1078784K), 0.0045132 secs]
34142.145: [GC (Allocation Failure)  398686K->8510K(1067520K), 0.0047510 secs]
34142.532: [GC (Allocation Failure)  387390K->8542K(1056256K), 0.0040496 secs]
34142.959: [GC (Allocation Failure)  376158K->8574K(1045504K), 0.0039206 secs]
34143.322: [GC (Allocation Failure)  365438K->8542K(1035264K), 0.0035285 secs]
34143.688: [GC (Allocation Failure)  355166K->8542K(1025536K), 0.0043421 secs]
34144.037: [GC (Allocation Failure)  345438K->8542K(1016320K), 0.0033439 secs]
34144.372: [GC (Allocation Failure)  336222K->8574K(1007616K), 0.0029521 secs]
34144.699: [GC (Allocation Failure)  327550K->8574K(1071616K), 0.0044690 secs]
34145.094: [GC (Allocation Failure)  391550K->8542K(1060352K), 0.0032331 secs]
34145.475: [GC (Allocation Failure)  380254K->8542K(1049600K), 0.0037511 secs]
34145.842: [GC (Allocation Failure)  369502K->8510K(1039360K), 0.0033139 secs]
34146.200: [GC (Allocation Failure)  359230K->8574K(1109504K), 0.0079068 secs]
34146.635: [GC (Allocation Failure)  429438K->8542K(1193984K), 0.0035855 secs]
34147.147: [GC (Allocation Failure)  513886K->8542K(1295360K), 0.0034502 secs]
34147.762: [GC (Allocation Failure)  615262K->8574K(1274368K), 0.0033119 secs]
34148.362: [GC (Allocation Failure)  594302K->8510K(1254400K), 0.0048973 secs]
34148.956: [GC (Allocation Failure)  574270K->8574K(1235456K), 0.0032260 secs]
34149.542: [GC (Allocation Failure)  555390K->8542K(1217024K), 0.0041093 secs]
34150.077: [GC (Allocation Failure)  536926K->8510K(1199616K), 0.0032365 secs]
34150.609: [GC (Allocation Failure)  519486K->8574K(1182720K), 0.0026321 secs]
34151.110: [GC (Allocation Failure)  502654K->8574K(1166848K), 0.0030924 secs]
34151.595: [GC (Allocation Failure)  486782K->8478K(1151488K), 0.0036872 secs]
34152.065: [GC (Allocation Failure)  471326K->8478K(1136640K), 0.0033652 secs]
34152.520: [GC (Allocation Failure)  456478K->8542K(1122816K), 0.0039922 secs]
34152.986: [GC (Allocation Failure)  442718K->8542K(1109504K), 0.0038294 secs]
34153.416: [GC (Allocation Failure)  429406K->8574K(1096704K), 0.0076929 secs]
34153.845: [GC (Allocation Failure)  416638K->8510K(1084416K), 0.0032934 secs]
34154.279: [GC (Allocation Failure)  404286K->8574K(1072640K), 0.0045547 secs]
34154.696: [GC (Allocation Failure)  392574K->8542K(1061376K), 0.0033892 secs]
34155.076: [GC (Allocation Failure)  381278K->8542K(1050624K), 0.0032723 secs]
34155.445: [GC (Allocation Failure)  370526K->8574K(1040384K), 0.0025516 secs]
34155.802: [GC (Allocation Failure)  360318K->8510K(1030656K), 0.0034352 secs]
34156.150: [GC (Allocation Failure)  350526K->8542K(1020928K), 0.0030527 secs]
34156.490: [GC (Allocation Failure)  340830K->8510K(1011712K), 0.0037672 secs]
34156.831: [GC (Allocation Failure)  331582K->8542K(1003008K), 0.0029896 secs]
34157.154: [GC (Allocation Failure)  322910K->8510K(994816K), 0.0036225 secs]
34157.469: [GC (Allocation Failure)  314686K->8510K(986624K), 0.0032642 secs]
34157.776: [GC (Allocation Failure)  306494K->8542K(1046528K), 0.0036876 secs]
34158.140: [GC (Allocation Failure)  366430K->8574K(1036288K), 0.0033329 secs]
34158.492: [GC (Allocation Failure)  356222K->8542K(1026560K), 0.0031867 secs]
34158.835: [GC (Allocation Failure)  346462K->8574K(1017344K), 0.0030906 secs]
34159.169: [GC (Allocation Failure)  337278K->8478K(1008640K), 0.0032442 secs]
34159.496: [GC (Allocation Failure)  328478K->8542K(999936K), 0.0029429 secs]
34159.832: [GC (Allocation Failure)  319838K->8510K(991744K), 0.0035443 secs]
34160.142: [GC (Allocation Failure)  311614K->8510K(1052672K), 0.0040454 secs]
34160.519: [GC (Allocation Failure)  372542K->8542K(1125888K), 0.0039234 secs]
34160.963: [GC (Allocation Failure)  445790K->8510K(1112576K), 0.0031570 secs]
34161.391: [GC (Allocation Failure)  432446K->8542K(1099776K), 0.0047855 secs]
34161.808: [GC (Allocation Failure)  419678K->8542K(1087488K), 0.0033867 secs]
34162.212: [GC (Allocation Failure)  407390K->8574K(1075712K), 0.0032579 secs]
34162.605: [GC (Allocation Failure)  395646K->8510K(1064448K), 0.0038844 secs]
34162.986: [GC (Allocation Failure)  384318K->8478K(1053696K), 0.0036489 secs]
34163.357: [GC (Allocation Failure)  373534K->8542K(1043456K), 0.0036675 secs]
34163.719: [GC (Allocation Failure)  363358K->8542K(1033216K), 0.0035692 secs]
34164.070: [GC (Allocation Failure)  353118K->8542K(1023488K), 0.0037274 secs]
34164.411: [GC (Allocation Failure)  343390K->8510K(1090560K), 0.0044912 secs]
34164.823: [GC (Allocation Failure)  410430K->8574K(1170944K), 0.0038658 secs]
34165.343: [GC (Allocation Failure)  490878K->8510K(1155584K), 0.0039187 secs]
34165.816: [GC (Allocation Failure)  475454K->8510K(1140736K), 0.0042611 secs]
34166.274: [GC (Allocation Failure)  460606K->8574K(1126400K), 0.0035352 secs]
34166.718: [GC (Allocation Failure)  446334K->8542K(1113088K), 0.0030261 secs]
34167.149: [GC (Allocation Failure)  432990K->8510K(1100288K), 0.0036913 secs]
34167.568: [GC (Allocation Failure)  420158K->8574K(1088000K), 0.0038442 secs]
34167.973: [GC (Allocation Failure)  407934K->8574K(1076224K), 0.0028424 secs]
34168.365: [GC (Allocation Failure)  396158K->8510K(1064960K), 0.0039117 secs]
34168.830: [GC (Allocation Failure)  384830K->8574K(1054208K), 0.0032741 secs]
34169.221: [GC (Allocation Failure)  374142K->8542K(1127424K), 0.0084954 secs]
34169.677: [GC (Allocation Failure)  447326K->8542K(1215488K), 0.0037088 secs]
34170.213: [GC (Allocation Failure)  535390K->8510K(1198080K), 0.0037068 secs]
34170.731: [GC (Allocation Failure)  517950K->8574K(1181184K), 0.0039074 secs]
34171.233: [GC (Allocation Failure)  501118K->8510K(1165312K), 0.0038071 secs]
34171.739: [GC (Allocation Failure)  485182K->8542K(1149952K), 0.0031644 secs]
34172.209: [GC (Allocation Failure)  469854K->8542K(1135616K), 0.0038501 secs]
34172.669: [GC (Allocation Failure)  455518K->8510K(1121792K), 0.0052867 secs]
34173.120: [GC (Allocation Failure)  441662K->8542K(1108480K), 0.0038807 secs]
34173.549: [GC (Allocation Failure)  428382K->8542K(1095680K), 0.0044866 secs]
34173.963: [GC (Allocation Failure)  415582K->8510K(1083392K), 0.0035669 secs]
34174.364: [GC (Allocation Failure)  403262K->8574K(1071616K), 0.0031604 secs]
34174.775: [GC (Allocation Failure)  391550K->8542K(1060352K), 0.0035256 secs]
34175.155: [GC (Allocation Failure)  380254K->8542K(1049600K), 0.0033460 secs]
34175.522: [GC (Allocation Failure)  369502K->8542K(1121792K), 0.0072501 secs]
34175.995: [GC (Allocation Failure)  441694K->8542K(1208832K), 0.0039379 secs]
34176.521: [GC (Allocation Failure)  528734K->8542K(1191936K), 0.0042901 secs]
34177.078: [GC (Allocation Failure)  511838K->8574K(1175552K), 0.0029930 secs]
34177.584: [GC (Allocation Failure)  495486K->8574K(1159680K), 0.0028222 secs]
34178.080: [GC (Allocation Failure)  479614K->8542K(1144832K), 0.0033471 secs]
34178.550: [GC (Allocation Failure)  464734K->8574K(1130496K), 0.0032986 secs]
34178.998: [GC (Allocation Failure)  450430K->8510K(1116672K), 0.0028503 secs]
34179.444: [GC (Allocation Failure)  436542K->8542K(1103360K), 0.0041686 secs]
34179.870: [GC (Allocation Failure)  423262K->8542K(1091072K), 0.0046761 secs]
34180.285: [GC (Allocation Failure)  410974K->8542K(1079296K), 0.0030612 secs]
34180.682: [GC (Allocation Failure)  399198K->8574K(1068032K), 0.0042316 secs]
34181.104: [GC (Allocation Failure)  387966K->8542K(1056768K), 0.0039953 secs]
34181.487: [GC (Allocation Failure)  376670K->8542K(1046016K), 0.0035941 secs]
34181.852: [GC (Allocation Failure)  365918K->8510K(1117696K), 0.0088310 secs]
34182.346: [GC (Allocation Failure)  437566K->8542K(1203712K), 0.0038812 secs]
34182.868: [GC (Allocation Failure)  523614K->8542K(1307136K), 0.0040237 secs]
34183.500: [GC (Allocation Failure)  627038K->8510K(1285632K), 0.0035749 secs]
34184.106: [GC (Allocation Failure)  605502K->8542K(1265152K), 0.0045708 secs]
34184.724: [GC (Allocation Failure)  585054K->8542K(1245696K), 0.0036204 secs]
34185.296: [GC (Allocation Failure)  565598K->8510K(1226752K), 0.0034141 secs]
34185.844: [GC (Allocation Failure)  546622K->8510K(1208832K), 0.0036300 secs]
34186.424: [GC (Allocation Failure)  528702K->8542K(1191936K), 0.0041333 secs]
34186.953: [GC (Allocation Failure)  511838K->8542K(1175552K), 0.0034833 secs]
34187.455: [GC (Allocation Failure)  495454K->8510K(1159680K), 0.0033183 secs]
34187.946: [GC (Allocation Failure)  479550K->8542K(1144832K), 0.0031523 secs]
34188.409: [GC (Allocation Failure)  464734K->8542K(1130496K), 0.0034401 secs]
34188.858: [GC (Allocation Failure)  450398K->8510K(1116672K), 0.0032895 secs]
34189.292: [GC (Allocation Failure)  436542K->8510K(1103360K), 0.0032354 secs]
34189.713: [GC (Allocation Failure)  423230K->8510K(1091072K), 0.0027751 secs]
34190.120: [GC (Allocation Failure)  410942K->8542K(1079296K), 0.0034758 secs]
34190.517: [GC (Allocation Failure)  399198K->8478K(1068032K), 0.0032104 secs]
34190.906: [GC (Allocation Failure)  387870K->8542K(1056768K), 0.0038269 secs]
34191.303: [GC (Allocation Failure)  376670K->8510K(1046016K), 0.0032121 secs]
34191.667: [GC (Allocation Failure)  365886K->8510K(1035776K), 0.0034454 secs]
34192.028: [GC (Allocation Failure)  355646K->8542K(1026048K), 0.0033190 secs]
34192.371: [GC (Allocation Failure)  345950K->8510K(1016832K), 0.0031779 secs]
34192.707: [GC (Allocation Failure)  336702K->8574K(1008128K), 0.0033935 secs]
34193.034: [GC (Allocation Failure)  328062K->8542K(999424K), 0.0036106 secs]
34193.353: [GC (Allocation Failure)  319326K->8542K(991232K), 0.0036343 secs]
34193.665: [GC (Allocation Failure)  311134K->8574K(1052160K), 0.0050167 secs]
34194.040: [GC (Allocation Failure)  372094K->8510K(1124864K), 0.0034716 secs]
34194.483: [GC (Allocation Failure)  444734K->8542K(1212416K), 0.0040451 secs]
34195.029: [GC (Allocation Failure)  532318K->8542K(1195008K), 0.0031327 secs]
34195.558: [GC (Allocation Failure)  514910K->8510K(1178624K), 0.0036446 secs]
34196.059: [GC (Allocation Failure)  498494K->8510K(1162752K), 0.0034209 secs]
34196.543: [GC (Allocation Failure)  482622K->8542K(1147904K), 0.0030791 secs]
34197.017: [GC (Allocation Failure)  467806K->8542K(1133568K), 0.0033740 secs]
34197.471: [GC (Allocation Failure)  453470K->8510K(1119744K), 0.0037071 secs]
34197.911: [GC (Allocation Failure)  439614K->8478K(1106432K), 0.0046929 secs]
34198.339: [GC (Allocation Failure)  426270K->8542K(1093632K), 0.0038804 secs]
34198.751: [GC (Allocation Failure)  413534K->8606K(1081344K), 0.0034548 secs]
34199.184: [GC (Allocation Failure)  401310K->8542K(1069568K), 0.0036591 secs]
34199.629: [GC (Allocation Failure)  389470K->8510K(1058304K), 0.0032200 secs]
34200.006: [GC (Allocation Failure)  378174K->8510K(1047552K), 0.0029816 secs]
34200.389: [GC (Allocation Failure)  367422K->8478K(1037312K), 0.0039846 secs]
34200.748: [GC (Allocation Failure)  357150K->8510K(1027584K), 0.0036213 secs]
34201.102: [GC (Allocation Failure)  347454K->8478K(1018368K), 0.0033594 secs]
34201.457: [GC (Allocation Failure)  338206K->8542K(1009152K), 0.0034768 secs]
34201.786: [GC (Allocation Failure)  329054K->8542K(1000448K), 0.0030383 secs]
34202.105: [GC (Allocation Failure)  320350K->8542K(992256K), 0.0031941 secs]
34202.418: [GC (Allocation Failure)  312158K->8542K(984064K), 0.0029918 secs]
34202.723: [GC (Allocation Failure)  303966K->8542K(976384K), 0.0036725 secs]
34203.033: [GC (Allocation Failure)  296286K->8574K(969216K), 0.0029775 secs]
34203.324: [GC (Allocation Failure)  289150K->8542K(1025536K), 0.0045231 secs]
34203.674: [GC (Allocation Failure)  345438K->8542K(1093120K), 0.0036500 secs]
34204.085: [GC (Allocation Failure)  413022K->8542K(1174016K), 0.0036831 secs]
34204.577: [GC (Allocation Failure)  493918K->8574K(1158656K), 0.0032407 secs]
34205.053: [GC (Allocation Failure)  478590K->8510K(1143808K), 0.0045720 secs]
34205.519: [GC (Allocation Failure)  463678K->8542K(1129472K), 0.0030783 secs]
34205.966: [GC (Allocation Failure)  449374K->8510K(1115648K), 0.0040520 secs]
34206.398: [GC (Allocation Failure)  435518K->8574K(1102848K), 0.0029199 secs]
34206.835: [GC (Allocation Failure)  422782K->8542K(1090560K), 0.0034204 secs]
34207.261: [GC (Allocation Failure)  410462K->8510K(1078784K), 0.0031325 secs]
34207.657: [GC (Allocation Failure)  398654K->8606K(1067520K), 0.0035019 secs]
34208.042: [GC (Allocation Failure)  387486K->8574K(1056256K), 0.0028399 secs]
34208.415: [GC (Allocation Failure)  376190K->8574K(1045504K), 0.0031611 secs]
34208.793: [GC (Allocation Failure)  365438K->8542K(1035264K), 0.0057618 secs]
34209.148: [GC (Allocation Failure)  355166K->8542K(1025536K), 0.0043058 secs]
34209.491: [GC (Allocation Failure)  345438K->8510K(1016320K), 0.0032369 secs]
34209.825: [GC (Allocation Failure)  336190K->8542K(1007616K), 0.0030539 secs]
34210.162: [GC (Allocation Failure)  327518K->8510K(998912K), 0.0032053 secs]
34210.479: [GC (Allocation Failure)  318782K->8574K(990720K), 0.0027389 secs]
34210.789: [GC (Allocation Failure)  310654K->8574K(983040K), 0.0027093 secs]
34211.091: [GC (Allocation Failure)  302974K->8542K(975360K), 0.0031662 secs]
34211.385: [GC (Allocation Failure)  295262K->8574K(968192K), 0.0029741 secs]
34211.674: [GC (Allocation Failure)  288126K->8542K(1024512K), 0.0038656 secs]
34212.016: [GC (Allocation Failure)  344414K->8574K(1015296K), 0.0023852 secs]
34212.365: [GC (Allocation Failure)  335230K->8510K(1006592K), 0.0042054 secs]
34212.697: [GC (Allocation Failure)  326462K->8510K(997888K), 0.0032464 secs]
34213.015: [GC (Allocation Failure)  317758K->8510K(1059840K), 0.0040126 secs]
34213.404: [GC (Allocation Failure)  379710K->8542K(1049088K), 0.0031266 secs]
34213.770: [GC (Allocation Failure)  368990K->8510K(1038848K), 0.0031388 secs]
34214.127: [GC (Allocation Failure)  358718K->8510K(1108992K), 0.0048457 secs]
34214.584: [GC (Allocation Failure)  428862K->8542K(1096192K), 0.0036377 secs]
34215.038: [GC (Allocation Failure)  416094K->8542K(1083904K), 0.0030367 secs]
34215.439: [GC (Allocation Failure)  403806K->8542K(1072128K), 0.0037161 secs]
34215.829: [GC (Allocation Failure)  392030K->8510K(1060864K), 0.0038799 secs]
34216.218: [GC (Allocation Failure)  380734K->8574K(1050112K), 0.0027560 secs]
34216.584: [GC (Allocation Failure)  370046K->8542K(1039872K), 0.0035247 secs]
34216.945: [GC (Allocation Failure)  359774K->8542K(1030144K), 0.0035861 secs]
34217.331: [GC (Allocation Failure)  350046K->8542K(1020928K), 0.0036098 secs]
34217.670: [GC (Allocation Failure)  340830K->8510K(1087488K), 0.0049047 secs]
34218.082: [GC (Allocation Failure)  407358K->8510K(1075712K), 0.0031374 secs]
34218.488: [GC (Allocation Failure)  395582K->8510K(1153536K), 0.0049322 secs]
34218.961: [GC (Allocation Failure)  473406K->8574K(1138688K), 0.0028953 secs]
34219.421: [GC (Allocation Failure)  458622K->8574K(1228800K), 0.0078813 secs]
34219.978: [GC (Allocation Failure)  548734K->8510K(1210880K), 0.0030815 secs]
34220.506: [GC (Allocation Failure)  530750K->8542K(1193472K), 0.0028983 secs]
34221.052: [GC (Allocation Failure)  513374K->8542K(1177088K), 0.0034093 secs]
34221.637: [GC (Allocation Failure)  496990K->8574K(1161216K), 0.0046152 secs]
34222.116: [GC (Allocation Failure)  481150K->8574K(1146368K), 0.0032720 secs]
34222.579: [GC (Allocation Failure)  466302K->8542K(1132032K), 0.0031678 secs]
34223.029: [GC (Allocation Failure)  451934K->8510K(1118208K), 0.0030040 secs]
34223.481: [GC (Allocation Failure)  438078K->8574K(1104896K), 0.0044689 secs]
34223.926: [GC (Allocation Failure)  424830K->8542K(1092096K), 0.0030918 secs]
34224.335: [GC (Allocation Failure)  411998K->8574K(1079808K), 0.0037390 secs]
34224.731: [GC (Allocation Failure)  399742K->8510K(1068032K), 0.0037085 secs]
34225.116: [GC (Allocation Failure)  387902K->8542K(1056768K), 0.0033978 secs]
34225.489: [GC (Allocation Failure)  376670K->8510K(1046016K), 0.0033282 secs]
34225.851: [GC (Allocation Failure)  365886K->8542K(1035776K), 0.0035276 secs]
34226.203: [GC (Allocation Failure)  355678K->8542K(1026048K), 0.0032079 secs]
34226.546: [GC (Allocation Failure)  345950K->8542K(1016832K), 0.0032064 secs]
34226.880: [GC (Allocation Failure)  336734K->8542K(1008128K), 0.0035248 secs]
34227.206: [GC (Allocation Failure)  328030K->8510K(999424K), 0.0031791 secs]
34227.550: [GC (Allocation Failure)  319294K->8542K(991232K), 0.0037195 secs]
34227.861: [GC (Allocation Failure)  311134K->8542K(1052160K), 0.0050361 secs]
34228.232: [GC (Allocation Failure)  372062K->8510K(1124864K), 0.0032542 secs]
34228.688: [GC (Allocation Failure)  444734K->8574K(1111552K), 0.0034197 secs]
34229.125: [GC (Allocation Failure)  431486K->8510K(1098752K), 0.0032535 secs]
34229.541: [GC (Allocation Failure)  418622K->8542K(1086464K), 0.0036969 secs]
34229.962: [GC (Allocation Failure)  406366K->8510K(1074688K), 0.0034643 secs]
34230.354: [GC (Allocation Failure)  394558K->8542K(1063424K), 0.0033909 secs]
34230.736: [GC (Allocation Failure)  383326K->8542K(1052672K), 0.0037443 secs]
34231.107: [GC (Allocation Failure)  372574K->8510K(1042432K), 0.0028864 secs]
34231.467: [GC (Allocation Failure)  362302K->8510K(1032704K), 0.0034127 secs]
34231.817: [GC (Allocation Failure)  352574K->8574K(1022976K), 0.0033943 secs]
34232.168: [GC (Allocation Failure)  342910K->8542K(1013760K), 0.0038191 secs]
34232.500: [GC (Allocation Failure)  333662K->8542K(1005056K), 0.0037559 secs]
34232.856: [GC (Allocation Failure)  324958K->8542K(996352K), 0.0037196 secs]
34233.173: [GC (Allocation Failure)  316254K->8574K(1058304K), 0.0034751 secs]
34233.548: [GC (Allocation Failure)  378238K->8542K(1047552K), 0.0029744 secs]
34233.912: [GC (Allocation Failure)  367454K->8542K(1037312K), 0.0035535 secs]
34234.267: [GC (Allocation Failure)  357214K->8510K(1027584K), 0.0027094 secs]
34234.622: [GC (Allocation Failure)  347454K->8510K(1018368K), 0.0035106 secs]
34234.959: [GC (Allocation Failure)  338238K->8510K(1009152K), 0.0032831 secs]
34235.286: [GC (Allocation Failure)  329022K->8510K(1000448K), 0.0031827 secs]
34235.606: [GC (Allocation Failure)  320318K->8542K(992256K), 0.0037616 secs]
34235.918: [GC (Allocation Failure)  312158K->8542K(984064K), 0.0032098 secs]
34236.224: [GC (Allocation Failure)  303966K->8510K(1043456K), 0.0039366 secs]
34236.585: [GC (Allocation Failure)  363326K->8574K(1114624K), 0.0033466 secs]
34237.017: [GC (Allocation Failure)  434558K->8574K(1101824K), 0.0031921 secs]
34237.435: [GC (Allocation Failure)  421758K->8510K(1089536K), 0.0035288 secs]
34237.872: [GC (Allocation Failure)  409406K->8542K(1077760K), 0.0036656 secs]
34238.303: [GC (Allocation Failure)  397662K->8510K(1066496K), 0.0031809 secs]
34238.687: [GC (Allocation Failure)  386366K->8542K(1055744K), 0.0028716 secs]
34239.059: [GC (Allocation Failure)  375646K->8542K(1044992K), 0.0040268 secs]
34239.422: [GC (Allocation Failure)  364894K->8542K(1034752K), 0.0033047 secs]
34239.773: [GC (Allocation Failure)  354654K->8542K(1025024K), 0.0027971 secs]
34240.114: [GC (Allocation Failure)  344926K->8542K(1015808K), 0.0031167 secs]
34240.462: [GC (Allocation Failure)  335710K->8510K(1007104K), 0.0037947 secs]
34240.788: [GC (Allocation Failure)  326974K->8510K(998400K), 0.0037864 secs]
34241.106: [GC (Allocation Failure)  318270K->8510K(990208K), 0.0033432 secs]
34241.415: [GC (Allocation Failure)  310078K->8510K(982528K), 0.0031537 secs]
34241.717: [GC (Allocation Failure)  302398K->8510K(1041408K), 0.0037934 secs]
34242.075: [GC (Allocation Failure)  361278K->8510K(1112064K), 0.0036963 secs]
34242.504: [GC (Allocation Failure)  431934K->8510K(1099264K), 0.0034467 secs]
34242.919: [GC (Allocation Failure)  419134K->8542K(1086976K), 0.0032701 secs]
34243.345: [GC (Allocation Failure)  406878K->8542K(1075200K), 0.0027754 secs]
34243.760: [GC (Allocation Failure)  395102K->8574K(1063936K), 0.0034232 secs]
34244.142: [GC (Allocation Failure)  383870K->8510K(1053184K), 0.0031530 secs]
34244.514: [GC (Allocation Failure)  373054K->8542K(1042944K), 0.0037438 secs]
34244.874: [GC (Allocation Failure)  362846K->8510K(1032704K), 0.0030797 secs]
34245.223: [GC (Allocation Failure)  352574K->8574K(1022976K), 0.0030012 secs]
34245.563: [GC (Allocation Failure)  342910K->8574K(1013760K), 0.0032014 secs]
34245.895: [GC (Allocation Failure)  333694K->8510K(1005056K), 0.0035962 secs]
34246.242: [GC (Allocation Failure)  324926K->8510K(996352K), 0.0031580 secs]
34246.559: [GC (Allocation Failure)  316222K->8574K(988160K), 0.0034968 secs]
34246.867: [GC (Allocation Failure)  308094K->8574K(980480K), 0.0030754 secs]
34247.169: [GC (Allocation Failure)  300414K->8510K(972800K), 0.0029633 secs]
34247.463: [GC (Allocation Failure)  292670K->8510K(1029632K), 0.0041621 secs]
34247.816: [GC (Allocation Failure)  349502K->8542K(1098240K), 0.0038422 secs]
34248.315: [GC (Allocation Failure)  418142K->8542K(1180160K), 0.0042269 secs]
34248.820: [GC (Allocation Failure)  500062K->8574K(1164288K), 0.0032346 secs]
34249.324: [GC (Allocation Failure)  484222K->8574K(1148928K), 0.0035190 secs]
34249.793: [GC (Allocation Failure)  468862K->8542K(1134592K), 0.0035186 secs]
34250.247: [GC (Allocation Failure)  454494K->8510K(1120768K), 0.0049699 secs]
34250.692: [GC (Allocation Failure)  440638K->8542K(1107456K), 0.0031007 secs]
34251.118: [GC (Allocation Failure)  427358K->8574K(1094656K), 0.0032362 secs]
34251.531: [GC (Allocation Failure)  414590K->8542K(1082368K), 0.0033793 secs]
34251.937: [GC (Allocation Failure)  402270K->8542K(1070592K), 0.0032394 secs]
34252.324: [GC (Allocation Failure)  390494K->8510K(1059328K), 0.0030812 secs]
34252.700: [GC (Allocation Failure)  379198K->8510K(1048576K), 0.0036574 secs]
34253.080: [GC (Allocation Failure)  368446K->8510K(1038336K), 0.0033164 secs]
34253.436: [GC (Allocation Failure)  358206K->8510K(1028608K), 0.0041576 secs]
34253.779: [GC (Allocation Failure)  348478K->8542K(1019392K), 0.0034969 secs]
34254.104: [GC (Allocation Failure)  339294K->8510K(1010176K), 0.0038296 secs]
34254.418: [GC (Allocation Failure)  330046K->8542K(1074688K), 0.0038009 secs]
34254.822: [GC (Allocation Failure)  394590K->8510K(1063424K), 0.0036871 secs]
34255.193: [GC (Allocation Failure)  383294K->8542K(1052672K), 0.0035403 secs]
34255.551: [GC (Allocation Failure)  372574K->8542K(1042432K), 0.0036706 secs]
34255.899: [GC (Allocation Failure)  362334K->8542K(1032704K), 0.0037826 secs]
34256.237: [GC (Allocation Failure)  352606K->8510K(1022976K), 0.0030896 secs]
34256.564: [GC (Allocation Failure)  342846K->8542K(1090048K), 0.0047221 secs]
34256.967: [GC (Allocation Failure)  409950K->8542K(1170432K), 0.0034367 secs]
34257.442: [GC (Allocation Failure)  490334K->8542K(1155072K), 0.0035293 secs]
34257.903: [GC (Allocation Failure)  474974K->8510K(1140224K), 0.0037563 secs]
34258.350: [GC (Allocation Failure)  460094K->8510K(1125888K), 0.0032658 secs]
34258.787: [GC (Allocation Failure)  445758K->8542K(1112576K), 0.0041856 secs]
34259.232: [GC (Allocation Failure)  432478K->8510K(1099776K), 0.0045112 secs]
34259.642: [GC (Allocation Failure)  419646K->8542K(1087488K), 0.0036951 secs]
34260.033: [GC (Allocation Failure)  407390K->8542K(1075712K), 0.0049326 secs]
34260.415: [GC (Allocation Failure)  395614K->8542K(1064448K), 0.0040643 secs]
34260.783: [GC (Allocation Failure)  384350K->8510K(1053696K), 0.0032701 secs]
34261.140: [GC (Allocation Failure)  373566K->8510K(1126912K), 0.0051760 secs]
34261.577: [GC (Allocation Failure)  446782K->8510K(1113600K), 0.0035198 secs]
34261.994: [GC (Allocation Failure)  433470K->8542K(1100800K), 0.0034284 secs]
34262.398: [GC (Allocation Failure)  420702K->8510K(1088512K), 0.0036112 secs]
34262.790: [GC (Allocation Failure)  408382K->8510K(1076736K), 0.0035116 secs]
34263.181: [GC (Allocation Failure)  396606K->8510K(1065472K), 0.0034050 secs]
34263.569: [GC (Allocation Failure)  385342K->8574K(1054720K), 0.0029817 secs]
34263.928: [GC (Allocation Failure)  374654K->8510K(1044480K), 0.0036002 secs]
34264.307: [GC (Allocation Failure)  364350K->8542K(1034240K), 0.0043899 secs]
34264.662: [GC (Allocation Failure)  354142K->8510K(1024512K), 0.0031417 secs]
34264.990: [GC (Allocation Failure)  344382K->8510K(1015296K), 0.0033831 secs]
34265.309: [GC (Allocation Failure)  335166K->8542K(1006592K), 0.0036041 secs]
34265.624: [GC (Allocation Failure)  326494K->8510K(1070592K), 0.0035555 secs]
34266.022: [GC (Allocation Failure)  390462K->8542K(1059328K), 0.0033296 secs]
34266.409: [GC (Allocation Failure)  379230K->8542K(1048576K), 0.0035896 secs]
34266.760: [GC (Allocation Failure)  368478K->8510K(1038336K), 0.0036163 secs]
34267.103: [GC (Allocation Failure)  358206K->8510K(1028608K), 0.0039584 secs]
34267.436: [GC (Allocation Failure)  348478K->8542K(1019392K), 0.0032555 secs]
34267.759: [GC (Allocation Failure)  339294K->8510K(1085952K), 0.0040583 secs]
34268.153: [GC (Allocation Failure)  405822K->8510K(1165824K), 0.0036745 secs]
34268.624: [GC (Allocation Failure)  485694K->8510K(1261568K), 0.0049207 secs]
34269.189: [GC (Allocation Failure)  581438K->8510K(1242112K), 0.0031862 secs]
34269.733: [GC (Allocation Failure)  561982K->8542K(1223680K), 0.0041494 secs]
34270.302: [GC (Allocation Failure)  543582K->8542K(1205760K), 0.0034379 secs]
34270.809: [GC (Allocation Failure)  525662K->8510K(1188864K), 0.0034955 secs]
34271.300: [GC (Allocation Failure)  508734K->8574K(1172480K), 0.0032482 secs]
34271.776: [GC (Allocation Failure)  492414K->8510K(1157120K), 0.0038937 secs]
34272.236: [GC (Allocation Failure)  476990K->8542K(1142272K), 0.0037596 secs]
34272.685: [GC (Allocation Failure)  462174K->8542K(1127936K), 0.0032130 secs]
34273.116: [GC (Allocation Failure)  447838K->8510K(1114112K), 0.0039087 secs]
34273.536: [GC (Allocation Failure)  433982K->8542K(1101312K), 0.0039869 secs]
34273.950: [GC (Allocation Failure)  421214K->8542K(1089024K), 0.0034855 secs]
34274.343: [GC (Allocation Failure)  408926K->8510K(1077248K), 0.0033105 secs]
34274.751: [GC (Allocation Failure)  397118K->8542K(1065984K), 0.0035296 secs]
34275.121: [GC (Allocation Failure)  385886K->8510K(1055232K), 0.0044503 secs]
34275.484: [GC (Allocation Failure)  375102K->8542K(1044480K), 0.0037984 secs]
34275.833: [GC (Allocation Failure)  364382K->8510K(1034240K), 0.0042662 secs]
34276.176: [GC (Allocation Failure)  354110K->8542K(1103360K), 0.0043194 secs]
34276.587: [GC (Allocation Failure)  423262K->8510K(1091072K), 0.0031055 secs]
34276.996: [GC (Allocation Failure)  410942K->8510K(1079296K), 0.0030397 secs]
34277.390: [GC (Allocation Failure)  399166K->8510K(1068032K), 0.0039477 secs]
34277.764: [GC (Allocation Failure)  387902K->8510K(1056768K), 0.0038142 secs]
34278.125: [GC (Allocation Failure)  376638K->8510K(1046016K), 0.0033954 secs]
34278.490: [GC (Allocation Failure)  365886K->8542K(1035776K), 0.0028683 secs]
34278.828: [GC (Allocation Failure)  355678K->8510K(1026048K), 0.0031239 secs]
34279.174: [GC (Allocation Failure)  345918K->8542K(1016832K), 0.0031686 secs]
34279.495: [GC (Allocation Failure)  336734K->8542K(1008128K), 0.0040585 secs]
34279.826: [GC (Allocation Failure)  328030K->8510K(1072128K), 0.0041990 secs]
34280.208: [GC (Allocation Failure)  391998K->8542K(1148928K), 0.0037926 secs]
34280.670: [GC (Allocation Failure)  468830K->8542K(1134592K), 0.0039893 secs]
34281.110: [GC (Allocation Failure)  454494K->8542K(1120768K), 0.0046150 secs]
34281.541: [GC (Allocation Failure)  440670K->8542K(1107456K), 0.0049779 secs]
34281.962: [GC (Allocation Failure)  427358K->8542K(1094656K), 0.0035293 secs]
34282.363: [GC (Allocation Failure)  414558K->8542K(1082368K), 0.0045609 secs]
34282.769: [GC (Allocation Failure)  402270K->8542K(1070592K), 0.0039767 secs]
34283.169: [GC (Allocation Failure)  390494K->8542K(1059328K), 0.0036182 secs]
34283.553: [GC (Allocation Failure)  379230K->8542K(1048576K), 0.0042560 secs]
34283.907: [GC (Allocation Failure)  368478K->8542K(1038336K), 0.0037857 secs]
34284.275: [GC (Allocation Failure)  358238K->8574K(1108480K), 0.0060457 secs]
34284.702: [GC (Allocation Failure)  428414K->8510K(1192448K), 0.0035610 secs]
34285.239: [GC (Allocation Failure)  512318K->8510K(1293312K), 0.0046089 secs]
34285.836: [GC (Allocation Failure)  613182K->8510K(1272320K), 0.0034589 secs]
34286.407: [GC (Allocation Failure)  592190K->8542K(1252352K), 0.0033604 secs]
34286.957: [GC (Allocation Failure)  572254K->8542K(1233408K), 0.0038272 secs]
34287.498: [GC (Allocation Failure)  553310K->8510K(1214976K), 0.0033680 secs]
34288.017: [GC (Allocation Failure)  534846K->8542K(1197568K), 0.0040532 secs]
34288.521: [GC (Allocation Failure)  517470K->8542K(1181184K), 0.0035297 secs]
34289.009: [GC (Allocation Failure)  501086K->8542K(1165312K), 0.0038496 secs]
34289.479: [GC (Allocation Failure)  485214K->8542K(1149952K), 0.0035609 secs]
34289.939: [GC (Allocation Failure)  469854K->8542K(1135616K), 0.0033703 secs]
34290.436: [GC (Allocation Failure)  455518K->8542K(1121792K), 0.0035875 secs]
34290.863: [GC (Allocation Failure)  441694K->8542K(1108480K), 0.0033883 secs]
34291.276: [GC (Allocation Failure)  428382K->8542K(1095680K), 0.0032405 secs]
34291.676: [GC (Allocation Failure)  415582K->8542K(1083392K), 0.0032312 secs]
34292.088: [GC (Allocation Failure)  403294K->8574K(1071616K), 0.0044906 secs]
34292.467: [GC (Allocation Failure)  391550K->8510K(1060352K), 0.0031466 secs]
34292.832: [GC (Allocation Failure)  380222K->8542K(1049600K), 0.0039012 secs]
34293.185: [GC (Allocation Failure)  369502K->8574K(1039360K), 0.0030649 secs]
34293.547: [GC (Allocation Failure)  359294K->8542K(1029632K), 0.0033712 secs]
34293.881: [GC (Allocation Failure)  349534K->8510K(1020416K), 0.0032841 secs]
34294.205: [GC (Allocation Failure)  340286K->8510K(1011200K), 0.0036782 secs]
34294.520: [GC (Allocation Failure)  331070K->8510K(1002496K), 0.0035252 secs]
34294.825: [GC (Allocation Failure)  322366K->8510K(1065472K), 0.0044144 secs]
34295.201: [GC (Allocation Failure)  385342K->8510K(1141248K), 0.0036749 secs]
34295.648: [GC (Allocation Failure)  461118K->8542K(1126912K), 0.0032269 secs]
34296.077: [GC (Allocation Failure)  446814K->8542K(1113600K), 0.0037342 secs]
34296.493: [GC (Allocation Failure)  433502K->8478K(1100800K), 0.0034338 secs]
34296.897: [GC (Allocation Failure)  420638K->8606K(1088512K), 0.0051004 secs]
34297.293: [GC (Allocation Failure)  408478K->8510K(1076736K), 0.0034992 secs]
34297.676: [GC (Allocation Failure)  396606K->8542K(1065472K), 0.0034269 secs]
34298.045: [GC (Allocation Failure)  385374K->8542K(1141248K), 0.0046687 secs]
34298.541: [GC (Allocation Failure)  461150K->8542K(1126912K), 0.0030866 secs]
34298.991: [GC (Allocation Failure)  446814K->8542K(1113600K), 0.0030813 secs]
34299.410: [GC (Allocation Failure)  433502K->8510K(1100800K), 0.0033212 secs]
34299.838: [GC (Allocation Failure)  420670K->8510K(1088512K), 0.0032921 secs]
34300.231: [GC (Allocation Failure)  408382K->8542K(1076736K), 0.0030808 secs]
34300.634: [GC (Allocation Failure)  396638K->8510K(1065472K), 0.0037558 secs]
34301.005: [GC (Allocation Failure)  385342K->8574K(1054720K), 0.0033695 secs]
34301.365: [GC (Allocation Failure)  374654K->8542K(1044480K), 0.0037135 secs]
34301.714: [GC (Allocation Failure)  364382K->8478K(1034240K), 0.0041770 secs]
34302.057: [GC (Allocation Failure)  354078K->8542K(1024512K), 0.0030905 secs]
34302.386: [GC (Allocation Failure)  344414K->8542K(1015296K), 0.0036644 secs]
34302.706: [GC (Allocation Failure)  335198K->8542K(1006592K), 0.0034995 secs]
34303.017: [GC (Allocation Failure)  326494K->8510K(1070592K), 0.0035456 secs]
34303.392: [GC (Allocation Failure)  390462K->8542K(1147392K), 0.0039181 secs]
34303.845: [GC (Allocation Failure)  467294K->8542K(1133056K), 0.0034960 secs]
34304.285: [GC (Allocation Failure)  452958K->8542K(1119232K), 0.0032403 secs]
34304.732: [GC (Allocation Failure)  439134K->8542K(1105920K), 0.0036163 secs]
34305.164: [GC (Allocation Failure)  425822K->8542K(1093120K), 0.0031492 secs]
34305.567: [GC (Allocation Failure)  413022K->8542K(1080832K), 0.0031830 secs]
34305.992: [GC (Allocation Failure)  400734K->8510K(1069056K), 0.0032604 secs]
34306.368: [GC (Allocation Failure)  388926K->8510K(1057792K), 0.0051752 secs]
34306.739: [GC (Allocation Failure)  377662K->8510K(1047040K), 0.0034779 secs]
34307.092: [GC (Allocation Failure)  366910K->8542K(1036800K), 0.0039487 secs]
34307.475: [GC (Allocation Failure)  356702K->8510K(1027072K), 0.0034972 secs]
34307.810: [GC (Allocation Failure)  346942K->8542K(1017856K), 0.0032877 secs]
34308.132: [GC (Allocation Failure)  337758K->8574K(1008640K), 0.0036193 secs]
34308.462: [GC (Allocation Failure)  328574K->8510K(999936K), 0.0036041 secs]
34308.812: [GC (Allocation Failure)  319806K->8542K(991744K), 0.0035368 secs]
34309.107: [GC (Allocation Failure)  311646K->8542K(1052672K), 0.0032832 secs]
34309.465: [GC (Allocation Failure)  372574K->8542K(1042432K), 0.0031092 secs]
34309.812: [GC (Allocation Failure)  362334K->8542K(1113600K), 0.0039962 secs]
34310.234: [GC (Allocation Failure)  433502K->8510K(1100800K), 0.0038584 secs]
34310.640: [GC (Allocation Failure)  420670K->8510K(1088512K), 0.0031210 secs]
34311.074: [GC (Allocation Failure)  408382K->8542K(1076736K), 0.0035013 secs]
34311.454: [GC (Allocation Failure)  396638K->8510K(1065472K), 0.0035925 secs]
34311.825: [GC (Allocation Failure)  385342K->8510K(1054720K), 0.0038133 secs]
34312.215: [GC (Allocation Failure)  374590K->8542K(1044480K), 0.0031924 secs]
34312.563: [GC (Allocation Failure)  364382K->8542K(1034240K), 0.0037879 secs]
34312.910: [GC (Allocation Failure)  354142K->8542K(1024512K), 0.0027629 secs]
34313.236: [GC (Allocation Failure)  344414K->8510K(1015296K), 0.0031793 secs]
34313.557: [GC (Allocation Failure)  335166K->8542K(1006592K), 0.0036074 secs]
34313.866: [GC (Allocation Failure)  326494K->8542K(997888K), 0.0032556 secs]
34314.168: [GC (Allocation Failure)  317790K->8510K(989696K), 0.0033690 secs]
34314.475: [GC (Allocation Failure)  309566K->8510K(1050112K), 0.0033860 secs]
34314.832: [GC (Allocation Failure)  369982K->8510K(1039872K), 0.0034129 secs]
34315.177: [GC (Allocation Failure)  359742K->8574K(1030144K), 0.0034177 secs]
34315.593: [GC (Allocation Failure)  350078K->8510K(1020928K), 0.0035162 secs]
34315.919: [GC (Allocation Failure)  340798K->8574K(1011712K), 0.0034390 secs]
34316.236: [GC (Allocation Failure)  331646K->8510K(1003008K), 0.0037110 secs]
34316.542: [GC (Allocation Failure)  322878K->8542K(1065984K), 0.0033303 secs]
34316.913: [GC (Allocation Failure)  385886K->8542K(1141760K), 0.0040498 secs]
34317.373: [GC (Allocation Failure)  461662K->8542K(1232384K), 0.0046615 secs]
34317.951: [GC (Allocation Failure)  552286K->8542K(1213952K), 0.0037740 secs]
34318.484: [GC (Allocation Failure)  533854K->8574K(1196544K), 0.0026968 secs]
34318.982: [GC (Allocation Failure)  516478K->8542K(1180160K), 0.0041015 secs]
34319.470: [GC (Allocation Failure)  500062K->8542K(1164288K), 0.0033143 secs]
34319.940: [GC (Allocation Failure)  484190K->8510K(1148928K), 0.0037962 secs]
34320.393: [GC (Allocation Failure)  468798K->8510K(1134592K), 0.0039910 secs]
34320.833: [GC (Allocation Failure)  454462K->8542K(1120768K), 0.0039340 secs]
34321.261: [GC (Allocation Failure)  440670K->8510K(1107456K), 0.0036349 secs]
34321.672: [GC (Allocation Failure)  427326K->8510K(1094656K), 0.0034671 secs]
34322.073: [GC (Allocation Failure)  414526K->8510K(1082368K), 0.0036892 secs]
34322.479: [GC (Allocation Failure)  402238K->8510K(1070592K), 0.0037708 secs]
34322.855: [GC (Allocation Failure)  390462K->8510K(1059328K), 0.0033770 secs]
34323.220: [GC (Allocation Failure)  379198K->8542K(1048576K), 0.0033022 secs]
34323.574: [GC (Allocation Failure)  368478K->8574K(1038336K), 0.0031430 secs]
34323.917: [GC (Allocation Failure)  358270K->8510K(1028608K), 0.0035719 secs]
34324.251: [GC (Allocation Failure)  348478K->8542K(1019392K), 0.0031918 secs]
34324.583: [GC (Allocation Failure)  339294K->8542K(1010176K), 0.0034011 secs]
34324.897: [GC (Allocation Failure)  330078K->8542K(1074688K), 0.0044130 secs]
34325.281: [GC (Allocation Failure)  394590K->8478K(1152000K), 0.0048430 secs]
34325.745: [GC (Allocation Failure)  471838K->8510K(1137152K), 0.0031135 secs]
34326.185: [GC (Allocation Failure)  457022K->8542K(1123328K), 0.0033201 secs]
34326.630: [GC (Allocation Failure)  443230K->8510K(1110016K), 0.0038385 secs]
34327.078: [GC (Allocation Failure)  429886K->8542K(1097216K), 0.0038486 secs]
34327.484: [GC (Allocation Failure)  417118K->8510K(1084928K), 0.0033106 secs]
34327.874: [GC (Allocation Failure)  404798K->8542K(1073152K), 0.0036557 secs]
34328.251: [GC (Allocation Failure)  393054K->8542K(1061888K), 0.0041090 secs]
34328.622: [GC (Allocation Failure)  381790K->8542K(1051136K), 0.0033473 secs]
34328.978: [GC (Allocation Failure)  371038K->8510K(1040896K), 0.0030253 secs]
34329.323: [GC (Allocation Failure)  360766K->8542K(1031168K), 0.0037026 secs]
34329.664: [GC (Allocation Failure)  351070K->8510K(1021440K), 0.0034464 secs]
34329.990: [GC (Allocation Failure)  341310K->8510K(1012224K), 0.0039591 secs]
34330.307: [GC (Allocation Failure)  332094K->8510K(1077248K), 0.0035349 secs]
34330.703: [GC (Allocation Failure)  397118K->8510K(1155072K), 0.0040000 secs]
34331.162: [GC (Allocation Failure)  474942K->8510K(1140224K), 0.0040432 secs]
34331.611: [GC (Allocation Failure)  460094K->8574K(1125888K), 0.0046164 secs]
34332.048: [GC (Allocation Failure)  445822K->8542K(1112576K), 0.0036175 secs]
34332.465: [GC (Allocation Failure)  432478K->8510K(1099776K), 0.0039583 secs]
34332.873: [GC (Allocation Failure)  419646K->8542K(1087488K), 0.0031349 secs]
34333.265: [GC (Allocation Failure)  407390K->8542K(1075712K), 0.0041419 secs]
34333.652: [GC (Allocation Failure)  395614K->8542K(1064448K), 0.0033969 secs]
34334.030: [GC (Allocation Failure)  384350K->8510K(1053696K), 0.0037006 secs]
34334.389: [GC (Allocation Failure)  373566K->8510K(1043456K), 0.0033729 secs]
34334.738: [GC (Allocation Failure)  363326K->8510K(1033216K), 0.0034758 secs]
34335.110: [GC (Allocation Failure)  353086K->8510K(1023488K), 0.0033807 secs]
34335.440: [GC (Allocation Failure)  343358K->8542K(1014272K), 0.0030843 secs]
34335.766: [GC (Allocation Failure)  334174K->8542K(1005568K), 0.0037256 secs]
34336.075: [GC (Allocation Failure)  325470K->8574K(996864K), 0.0035415 secs]
34336.376: [GC (Allocation Failure)  316798K->8542K(988672K), 0.0030836 secs]
34336.667: [GC (Allocation Failure)  308574K->8510K(1049088K), 0.0034402 secs]
34337.021: [GC (Allocation Failure)  368958K->8510K(1121280K), 0.0033971 secs]
34337.448: [GC (Allocation Failure)  441150K->8542K(1107968K), 0.0040962 secs]
34337.964: [GC (Allocation Failure)  427870K->8510K(1095168K), 0.0033457 secs]
34338.364: [GC (Allocation Failure)  415038K->8542K(1082880K), 0.0028494 secs]
34338.766: [GC (Allocation Failure)  402782K->8542K(1071104K), 0.0039538 secs]
34339.142: [GC (Allocation Failure)  391006K->8542K(1059840K), 0.0042032 secs]
34339.512: [GC (Allocation Failure)  379742K->8574K(1049088K), 0.0033554 secs]
34339.867: [GC (Allocation Failure)  369022K->8510K(1038848K), 0.0041395 secs]
34340.212: [GC (Allocation Failure)  358718K->8542K(1029120K), 0.0033296 secs]
34340.545: [GC (Allocation Failure)  349022K->8510K(1097216K), 0.0045393 secs]
34340.953: [GC (Allocation Failure)  417086K->8542K(1084928K), 0.0033992 secs]
34341.344: [GC (Allocation Failure)  404830K->8542K(1073152K), 0.0037712 secs]
34341.738: [GC (Allocation Failure)  393054K->8510K(1061888K), 0.0033756 secs]
34342.119: [GC (Allocation Failure)  381758K->8542K(1051136K), 0.0031900 secs]
34342.474: [GC (Allocation Failure)  371038K->8510K(1040896K), 0.0034012 secs]
34342.857: [GC (Allocation Failure)  360766K->8542K(1031168K), 0.0040130 secs]
34343.192: [GC (Allocation Failure)  351070K->8542K(1021440K), 0.0033984 secs]
34343.518: [GC (Allocation Failure)  341342K->8542K(1012224K), 0.0033392 secs]
34343.841: [GC (Allocation Failure)  332126K->8542K(1077248K), 0.0039069 secs]
34344.228: [GC (Allocation Failure)  397150K->8510K(1065984K), 0.0031051 secs]
34344.614: [GC (Allocation Failure)  385854K->8542K(1055232K), 0.0029816 secs]
34344.986: [GC (Allocation Failure)  375134K->8542K(1128960K), 0.0077692 secs]
34345.436: [GC (Allocation Failure)  448862K->8542K(1217024K), 0.0034808 secs]
34345.963: [GC (Allocation Failure)  536926K->8574K(1199616K), 0.0030642 secs]
34346.525: [GC (Allocation Failure)  519550K->8510K(1182720K), 0.0032265 secs]
34347.017: [GC (Allocation Failure)  502590K->8510K(1166848K), 0.0030911 secs]
34347.513: [GC (Allocation Failure)  486718K->8510K(1151488K), 0.0037414 secs]
34348.015: [GC (Allocation Failure)  471358K->8574K(1136640K), 0.0037681 secs]
34348.462: [GC (Allocation Failure)  456574K->8574K(1122816K), 0.0038487 secs]
34348.902: [GC (Allocation Failure)  442750K->8542K(1109504K), 0.0035593 secs]
34349.325: [GC (Allocation Failure)  429406K->8542K(1096704K), 0.0030550 secs]
34349.734: [GC (Allocation Failure)  416606K->8542K(1084416K), 0.0029687 secs]
34350.132: [GC (Allocation Failure)  404318K->8574K(1072640K), 0.0031387 secs]
34350.519: [GC (Allocation Failure)  392574K->8510K(1061376K), 0.0034541 secs]
34350.897: [GC (Allocation Failure)  381246K->8542K(1050624K), 0.0048875 secs]
34351.265: [GC (Allocation Failure)  370526K->8574K(1040384K), 0.0035099 secs]
34351.623: [GC (Allocation Failure)  360318K->8510K(1030656K), 0.0032817 secs]
34351.970: [GC (Allocation Failure)  350526K->8542K(1020928K), 0.0033857 secs]
34352.307: [GC (Allocation Failure)  340830K->8510K(1011712K), 0.0035632 secs]
34352.636: [GC (Allocation Failure)  331582K->8574K(1003008K), 0.0027040 secs]
34352.999: [GC (Allocation Failure)  322942K->8542K(994816K), 0.0033282 secs]
34353.311: [GC (Allocation Failure)  314718K->8542K(986624K), 0.0033523 secs]
34353.615: [GC (Allocation Failure)  306526K->8510K(978944K), 0.0031041 secs]
34353.910: [GC (Allocation Failure)  298814K->8510K(971264K), 0.0034582 secs]
34354.198: [GC (Allocation Failure)  291134K->8542K(1028096K), 0.0034730 secs]
34354.544: [GC (Allocation Failure)  347998K->8574K(1096192K), 0.0034993 secs]
34354.954: [GC (Allocation Failure)  416126K->8574K(1083904K), 0.0034026 secs]
34355.363: [GC (Allocation Failure)  403838K->8542K(1072128K), 0.0027661 secs]
34355.749: [GC (Allocation Failure)  392030K->8510K(1060864K), 0.0044734 secs]
34356.130: [GC (Allocation Failure)  380734K->8510K(1050112K), 0.0039976 secs]
34356.497: [GC (Allocation Failure)  369982K->8542K(1122816K), 0.0050505 secs]
34356.937: [GC (Allocation Failure)  442718K->8510K(1109504K), 0.0033291 secs]
34357.360: [GC (Allocation Failure)  429374K->8510K(1096704K), 0.0043371 secs]
34357.775: [GC (Allocation Failure)  416574K->8542K(1084416K), 0.0035604 secs]
34358.174: [GC (Allocation Failure)  404318K->8510K(1072640K), 0.0034423 secs]
34358.562: [GC (Allocation Failure)  392510K->8574K(1061376K), 0.0028148 secs]
34358.938: [GC (Allocation Failure)  381310K->8574K(1050624K), 0.0033671 secs]
34359.304: [GC (Allocation Failure)  370558K->8510K(1040384K), 0.0033120 secs]
34359.660: [GC (Allocation Failure)  360254K->8542K(1030656K), 0.0032939 secs]
34360.007: [GC (Allocation Failure)  350558K->8542K(1099264K), 0.0056311 secs]
34360.421: [GC (Allocation Failure)  419166K->8542K(1181696K), 0.0039499 secs]
34360.911: [GC (Allocation Failure)  501598K->8510K(1165824K), 0.0028303 secs]
34361.387: [GC (Allocation Failure)  485694K->8510K(1150464K), 0.0039746 secs]
34361.849: [GC (Allocation Failure)  470334K->8542K(1136128K), 0.0031461 secs]
34362.296: [GC (Allocation Failure)  456030K->8542K(1122304K), 0.0035585 secs]
34362.729: [GC (Allocation Failure)  442206K->8542K(1108992K), 0.0032331 secs]
34363.152: [GC (Allocation Failure)  428894K->8510K(1096192K), 0.0037196 secs]
34363.561: [GC (Allocation Failure)  416062K->8542K(1083904K), 0.0031240 secs]
34363.958: [GC (Allocation Failure)  403806K->8542K(1072128K), 0.0034055 secs]
34364.345: [GC (Allocation Failure)  392030K->8510K(1060864K), 0.0034859 secs]
34364.722: [GC (Allocation Failure)  380734K->8510K(1050112K), 0.0032254 secs]
34365.087: [GC (Allocation Failure)  369982K->8542K(1039872K), 0.0036243 secs]
34365.442: [GC (Allocation Failure)  359774K->8542K(1030144K), 0.0034520 secs]
34365.807: [GC (Allocation Failure)  350046K->8542K(1020928K), 0.0038670 secs]
34366.151: [GC (Allocation Failure)  340830K->8574K(1011712K), 0.0035571 secs]
34366.485: [GC (Allocation Failure)  331646K->8510K(1076736K), 0.0053919 secs]
34366.877: [GC (Allocation Failure)  396606K->8510K(1154560K), 0.0034991 secs]
34367.346: [GC (Allocation Failure)  474430K->8542K(1139712K), 0.0034731 secs]
34367.798: [GC (Allocation Failure)  459614K->8574K(1230336K), 0.0063325 secs]
34368.348: [GC (Allocation Failure)  550270K->8510K(1212416K), 0.0037083 secs]
34368.901: [GC (Allocation Failure)  532286K->8542K(1195008K), 0.0044182 secs]
34369.408: [GC (Allocation Failure)  514910K->8510K(1178624K), 0.0041602 secs]
34369.902: [GC (Allocation Failure)  498494K->8510K(1162752K), 0.0037567 secs]
34370.374: [GC (Allocation Failure)  482622K->8542K(1147904K), 0.0034351 secs]
34370.834: [GC (Allocation Failure)  467806K->8542K(1133568K), 0.0030406 secs]
34371.277: [GC (Allocation Failure)  453470K->8574K(1222656K), 0.0077542 secs]
34371.820: [GC (Allocation Failure)  542590K->8510K(1204736K), 0.0033736 secs]
34372.335: [GC (Allocation Failure)  524606K->8542K(1187840K), 0.0034084 secs]
34372.831: [GC (Allocation Failure)  507742K->8574K(1171456K), 0.0030649 secs]
34373.311: [GC (Allocation Failure)  491390K->8510K(1156096K), 0.0052471 secs]
34373.780: [GC (Allocation Failure)  475966K->8510K(1141248K), 0.0035701 secs]
34374.252: [GC (Allocation Failure)  461118K->8510K(1126912K), 0.0034284 secs]
34374.709: [GC (Allocation Failure)  446782K->8510K(1113600K), 0.0033561 secs]
34375.134: [GC (Allocation Failure)  433470K->8574K(1100800K), 0.0029534 secs]
34375.565: [GC (Allocation Failure)  420734K->8478K(1088512K), 0.0029329 secs]
34375.968: [GC (Allocation Failure)  408350K->8542K(1076736K), 0.0035237 secs]
34376.359: [GC (Allocation Failure)  396638K->8542K(1065472K), 0.0037983 secs]
34376.739: [GC (Allocation Failure)  385374K->8574K(1054720K), 0.0033939 secs]
34377.110: [GC (Allocation Failure)  374654K->8510K(1044480K), 0.0037060 secs]
34377.471: [GC (Allocation Failure)  364350K->8542K(1034240K), 0.0032802 secs]
34377.822: [GC (Allocation Failure)  354142K->8510K(1024512K), 0.0029507 secs]
34378.164: [GC (Allocation Failure)  344382K->8542K(1015296K), 0.0038338 secs]
34378.496: [GC (Allocation Failure)  335198K->8542K(1006592K), 0.0030342 secs]
34378.817: [GC (Allocation Failure)  326494K->8574K(997888K), 0.0029891 secs]
34379.189: [GC (Allocation Failure)  317822K->8542K(989696K), 0.0035619 secs]
34379.494: [GC (Allocation Failure)  309598K->8542K(982016K), 0.0030703 secs]
34379.792: [GC (Allocation Failure)  301918K->8542K(974336K), 0.0029410 secs]
34380.080: [GC (Allocation Failure)  294238K->8574K(967168K), 0.0026226 secs]
34380.362: [GC (Allocation Failure)  287102K->8510K(1022976K), 0.0037106 secs]
34380.700: [GC (Allocation Failure)  342846K->8574K(1013760K), 0.0026682 secs]
34381.028: [GC (Allocation Failure)  333694K->8510K(1005056K), 0.0031086 secs]
34381.347: [GC (Allocation Failure)  324926K->8510K(996352K), 0.0034545 secs]
34381.659: [GC (Allocation Failure)  316222K->8542K(1058304K), 0.0035610 secs]
34382.032: [GC (Allocation Failure)  378206K->8542K(1047552K), 0.0031865 secs]
34382.395: [GC (Allocation Failure)  367454K->8542K(1037312K), 0.0030577 secs]
34382.748: [GC (Allocation Failure)  357214K->8606K(1027584K), 0.0033307 secs]
34383.092: [GC (Allocation Failure)  347550K->8542K(1018368K), 0.0038127 secs]
34383.426: [GC (Allocation Failure)  338270K->8542K(1009152K), 0.0030812 secs]
34383.750: [GC (Allocation Failure)  329054K->8510K(1000448K), 0.0037921 secs]
34384.067: [GC (Allocation Failure)  320318K->8542K(1062912K), 0.0039125 secs]
34384.472: [GC (Allocation Failure)  382814K->8510K(1138176K), 0.0048844 secs]
34384.924: [GC (Allocation Failure)  458046K->8542K(1124352K), 0.0034294 secs]
34385.362: [GC (Allocation Failure)  444254K->8542K(1111040K), 0.0036660 secs]
34385.790: [GC (Allocation Failure)  430942K->8542K(1098240K), 0.0031124 secs]
34386.203: [GC (Allocation Failure)  418142K->8542K(1085952K), 0.0033002 secs]
34386.603: [GC (Allocation Failure)  405854K->8542K(1074176K), 0.0030498 secs]
34386.992: [GC (Allocation Failure)  394078K->8542K(1062912K), 0.0046221 secs]
34387.372: [GC (Allocation Failure)  382814K->8542K(1052160K), 0.0029321 secs]
34387.740: [GC (Allocation Failure)  372062K->8574K(1041920K), 0.0026996 secs]
34388.097: [GC (Allocation Failure)  361854K->8542K(1032192K), 0.0035513 secs]
34388.445: [GC (Allocation Failure)  352094K->8542K(1022464K), 0.0036357 secs]
34388.784: [GC (Allocation Failure)  342366K->8510K(1013248K), 0.0031163 secs]
34389.130: [GC (Allocation Failure)  333118K->8510K(1004544K), 0.0036860 secs]
34389.482: [GC (Allocation Failure)  324414K->8542K(1068032K), 0.0046942 secs]
34389.869: [GC (Allocation Failure)  387934K->8542K(1056768K), 0.0035759 secs]
34390.242: [GC (Allocation Failure)  376670K->8542K(1046016K), 0.0038319 secs]
34390.607: [GC (Allocation Failure)  365918K->8574K(1035776K), 0.0035038 secs]
34390.958: [GC (Allocation Failure)  355710K->8510K(1026048K), 0.0033948 secs]
34391.300: [GC (Allocation Failure)  345918K->8542K(1016832K), 0.0029221 secs]
34391.631: [GC (Allocation Failure)  336734K->8574K(1008128K), 0.0035948 secs]
34391.958: [GC (Allocation Failure)  328062K->8574K(999424K), 0.0031251 secs]
34392.273: [GC (Allocation Failure)  319358K->8542K(1061888K), 0.0038280 secs]
34392.650: [GC (Allocation Failure)  381790K->8542K(1051136K), 0.0036073 secs]
34393.016: [GC (Allocation Failure)  371038K->8542K(1123840K), 0.0054731 secs]
34393.453: [GC (Allocation Failure)  443742K->8606K(1210880K), 0.0041197 secs]
34393.979: [GC (Allocation Failure)  530846K->8542K(1193472K), 0.0037524 secs]
34394.482: [GC (Allocation Failure)  513374K->8510K(1177088K), 0.0032899 secs]
34394.968: [GC (Allocation Failure)  496958K->8574K(1161216K), 0.0034365 secs]
34395.439: [GC (Allocation Failure)  481150K->8574K(1146368K), 0.0035091 secs]
34395.896: [GC (Allocation Failure)  466302K->8510K(1132032K), 0.0033779 secs]
34396.339: [GC (Allocation Failure)  451902K->8542K(1118208K), 0.0031439 secs]
34396.768: [GC (Allocation Failure)  438110K->8574K(1104896K), 0.0033144 secs]
34397.185: [GC (Allocation Failure)  424830K->8542K(1092096K), 0.0033558 secs]
34397.590: [GC (Allocation Failure)  411998K->8542K(1079808K), 0.0027634 secs]
34397.982: [GC (Allocation Failure)  399710K->8510K(1068032K), 0.0036471 secs]
34398.365: [GC (Allocation Failure)  387902K->8542K(1056768K), 0.0038185 secs]
34398.738: [GC (Allocation Failure)  376670K->8574K(1046016K), 0.0029357 secs]
34399.098: [GC (Allocation Failure)  365950K->8542K(1035776K), 0.0029224 secs]
34399.449: [GC (Allocation Failure)  355678K->8510K(1026048K), 0.0032800 secs]
34399.791: [GC (Allocation Failure)  345918K->8542K(1016832K), 0.0044657 secs]
34400.171: [GC (Allocation Failure)  336734K->8510K(1008128K), 0.0032581 secs]
34400.496: [GC (Allocation Failure)  327998K->8542K(999424K), 0.0031343 secs]
34400.813: [GC (Allocation Failure)  319326K->8510K(991232K), 0.0036009 secs]
34401.126: [GC (Allocation Failure)  311102K->8510K(983552K), 0.0032934 secs]
34401.426: [GC (Allocation Failure)  303422K->8510K(975872K), 0.0029834 secs]
34401.718: [GC (Allocation Failure)  295742K->8542K(1033728K), 0.0035220 secs]
34402.068: [GC (Allocation Failure)  353630K->8510K(1102848K), 0.0033139 secs]
34402.486: [GC (Allocation Failure)  422718K->8542K(1090560K), 0.0036140 secs]
34402.891: [GC (Allocation Failure)  410462K->8478K(1078784K), 0.0032750 secs]
34403.285: [GC (Allocation Failure)  398622K->8510K(1067520K), 0.0038080 secs]
34403.669: [GC (Allocation Failure)  387390K->8574K(1056256K), 0.0030225 secs]
34404.042: [GC (Allocation Failure)  376190K->8542K(1045504K), 0.0031861 secs]
34404.404: [GC (Allocation Failure)  365406K->8510K(1035264K), 0.0037815 secs]
34404.757: [GC (Allocation Failure)  355134K->8510K(1025536K), 0.0038787 secs]
34405.100: [GC (Allocation Failure)  345406K->8542K(1016320K), 0.0033827 secs]
34405.433: [GC (Allocation Failure)  336222K->8510K(1007616K), 0.0034798 secs]
34405.757: [GC (Allocation Failure)  327486K->8542K(998912K), 0.0034703 secs]
34406.073: [GC (Allocation Failure)  318814K->8542K(1061376K), 0.0041201 secs]
34406.450: [GC (Allocation Failure)  381278K->8574K(1050624K), 0.0027881 secs]
34406.817: [GC (Allocation Failure)  370558K->8542K(1040384K), 0.0032706 secs]
34407.177: [GC (Allocation Failure)  360286K->8510K(1030656K), 0.0039432 secs]
34407.526: [GC (Allocation Failure)  350526K->8510K(1099264K), 0.0039833 secs]
34407.941: [GC (Allocation Failure)  419134K->8542K(1086976K), 0.0031549 secs]
34408.341: [GC (Allocation Failure)  406878K->8510K(1075200K), 0.0031394 secs]
34408.732: [GC (Allocation Failure)  395070K->8542K(1063936K), 0.0037463 secs]
34409.111: [GC (Allocation Failure)  383838K->8510K(1053184K), 0.0035184 secs]
34409.480: [GC (Allocation Failure)  373054K->8542K(1042944K), 0.0034275 secs]
34409.840: [GC (Allocation Failure)  362846K->8542K(1032704K), 0.0033894 secs]
34410.189: [GC (Allocation Failure)  352606K->8542K(1022976K), 0.0039997 secs]
34410.555: [GC (Allocation Failure)  342878K->8510K(1013760K), 0.0031878 secs]
34410.884: [GC (Allocation Failure)  333630K->8542K(1005056K), 0.0036768 secs]
34411.205: [GC (Allocation Failure)  324958K->8510K(996352K), 0.0026642 secs]
34411.515: [GC (Allocation Failure)  316222K->8542K(988160K), 0.0031877 secs]
34411.818: [GC (Allocation Failure)  308062K->8542K(1048064K), 0.0037007 secs]
34412.183: [GC (Allocation Failure)  367966K->8510K(1037824K), 0.0031183 secs]
34412.536: [GC (Allocation Failure)  357694K->8510K(1028096K), 0.0036813 secs]
34412.879: [GC (Allocation Failure)  347966K->8542K(1018880K), 0.0032855 secs]
34413.213: [GC (Allocation Failure)  338782K->8542K(1009664K), 0.0036477 secs]
34413.539: [GC (Allocation Failure)  329566K->8542K(1074176K), 0.0036306 secs]
34413.949: [GC (Allocation Failure)  394078K->8542K(1062912K), 0.0039546 secs]
34414.355: [GC (Allocation Failure)  382814K->8510K(1052160K), 0.0037449 secs]
34414.725: [GC (Allocation Failure)  372030K->8510K(1041920K), 0.0033285 secs]
34415.116: [GC (Allocation Failure)  361790K->8574K(1032192K), 0.0032803 secs]
34415.463: [GC (Allocation Failure)  352126K->8574K(1022464K), 0.0032247 secs]
34415.827: [GC (Allocation Failure)  342398K->8574K(1013248K), 0.0030950 secs]
34416.157: [GC (Allocation Failure)  333182K->8574K(1004544K), 0.0032219 secs]
34416.494: [GC (Allocation Failure)  324478K->8542K(996352K), 0.0032882 secs]
34416.809: [GC (Allocation Failure)  316254K->8542K(988160K), 0.0034549 secs]
34417.113: [GC (Allocation Failure)  308062K->8574K(1048064K), 0.0040780 secs]
34417.477: [GC (Allocation Failure)  367998K->8542K(1120256K), 0.0035513 secs]
34417.911: [GC (Allocation Failure)  440158K->8542K(1106944K), 0.0033637 secs]
34418.332: [GC (Allocation Failure)  426846K->8510K(1094144K), 0.0024977 secs]
34418.756: [GC (Allocation Failure)  414014K->8542K(1081856K), 0.0031460 secs]
34419.153: [GC (Allocation Failure)  401758K->8542K(1070080K), 0.0031597 secs]
34419.539: [GC (Allocation Failure)  389982K->8510K(1058816K), 0.0029654 secs]
34419.915: [GC (Allocation Failure)  378686K->8574K(1048064K), 0.0032452 secs]
34420.288: [GC (Allocation Failure)  367998K->8542K(1037824K), 0.0031714 secs]
34420.644: [GC (Allocation Failure)  357726K->8574K(1028096K), 0.0032445 secs]
34421.034: [GC (Allocation Failure)  348030K->8510K(1018880K), 0.0034072 secs]
34421.370: [GC (Allocation Failure)  338750K->8542K(1009664K), 0.0034534 secs]
34421.696: [GC (Allocation Failure)  329566K->8574K(1000960K), 0.0036980 secs]
34422.052: [GC (Allocation Failure)  320894K->8510K(992768K), 0.0032036 secs]
34422.362: [GC (Allocation Failure)  312638K->8510K(984576K), 0.0037240 secs]
34422.663: [GC (Allocation Failure)  304446K->8542K(1043968K), 0.0041129 secs]
34423.047: [GC (Allocation Failure)  363870K->8510K(1115136K), 0.0034405 secs]
34423.509: [GC (Allocation Failure)  435006K->8542K(1200640K), 0.0047157 secs]
34424.029: [GC (Allocation Failure)  520542K->8574K(1183744K), 0.0032406 secs]
34424.532: [GC (Allocation Failure)  503678K->8510K(1167872K), 0.0036960 secs]
34425.013: [GC (Allocation Failure)  487742K->8574K(1152512K), 0.0037791 secs]
34425.477: [GC (Allocation Failure)  472446K->8542K(1245696K), 0.0086622 secs]
34426.045: [GC (Allocation Failure)  565598K->8510K(1226752K), 0.0030690 secs]
34426.583: [GC (Allocation Failure)  546622K->8510K(1208832K), 0.0038603 secs]
34427.103: [GC (Allocation Failure)  528702K->8574K(1191936K), 0.0062855 secs]
34427.614: [GC (Allocation Failure)  511870K->8574K(1175552K), 0.0033338 secs]
34428.101: [GC (Allocation Failure)  495486K->8542K(1159680K), 0.0034442 secs]
34428.572: [GC (Allocation Failure)  479582K->8510K(1144832K), 0.0034555 secs]
34429.045: [GC (Allocation Failure)  464702K->8510K(1130496K), 0.0031865 secs]
34429.487: [GC (Allocation Failure)  450366K->8510K(1116672K), 0.0038105 secs]
34429.915: [GC (Allocation Failure)  436542K->8510K(1103360K), 0.0043011 secs]
34430.331: [GC (Allocation Failure)  423230K->8542K(1091072K), 0.0031750 secs]
34430.735: [GC (Allocation Failure)  410974K->8510K(1079296K), 0.0039587 secs]
34431.176: [GC (Allocation Failure)  399166K->8510K(1068032K), 0.0040652 secs]
34431.590: [GC (Allocation Failure)  387902K->8542K(1056768K), 0.0038965 secs]
34431.962: [GC (Allocation Failure)  376670K->8510K(1046016K), 0.0029845 secs]
34432.325: [GC (Allocation Failure)  365886K->8542K(1035776K), 0.0033432 secs]
34432.677: [GC (Allocation Failure)  355678K->8542K(1026048K), 0.0032870 secs]
34433.019: [GC (Allocation Failure)  345950K->8574K(1016832K), 0.0038487 secs]
34433.352: [GC (Allocation Failure)  336766K->8510K(1082880K), 0.0043790 secs]
34433.755: [GC (Allocation Failure)  402750K->8478K(1071104K), 0.0035030 secs]
34434.144: [GC (Allocation Failure)  390942K->8510K(1059840K), 0.0038594 secs]
34434.541: [GC (Allocation Failure)  379710K->8542K(1049088K), 0.0035709 secs]
34434.906: [GC (Allocation Failure)  368990K->8510K(1038848K), 0.0042647 secs]
34435.266: [GC (Allocation Failure)  358718K->8574K(1029120K), 0.0036617 secs]
34435.612: [GC (Allocation Failure)  349054K->8510K(1097216K), 0.0038935 secs]
34436.037: [GC (Allocation Failure)  417086K->8574K(1084928K), 0.0036546 secs]
34436.441: [GC (Allocation Failure)  404862K->8542K(1073152K), 0.0029922 secs]
34436.830: [GC (Allocation Failure)  393054K->8542K(1061888K), 0.0039098 secs]
34437.231: [GC (Allocation Failure)  381790K->8510K(1051136K), 0.0032224 secs]
34437.609: [GC (Allocation Failure)  371006K->8542K(1040896K), 0.0032373 secs]
34437.966: [GC (Allocation Failure)  360798K->8542K(1031168K), 0.0032787 secs]
34438.314: [GC (Allocation Failure)  351070K->8542K(1021440K), 0.0042905 secs]
34438.656: [GC (Allocation Failure)  341342K->8542K(1088000K), 0.0040481 secs]
34439.060: [GC (Allocation Failure)  407902K->8510K(1167872K), 0.0041381 secs]
34439.539: [GC (Allocation Failure)  487742K->8574K(1152512K), 0.0031666 secs]
34440.004: [GC (Allocation Failure)  472446K->8542K(1137664K), 0.0039854 secs]
34440.453: [GC (Allocation Failure)  457566K->8574K(1123840K), 0.0040790 secs]
34440.891: [GC (Allocation Failure)  443774K->8542K(1110528K), 0.0035101 secs]
34441.314: [GC (Allocation Failure)  430430K->8542K(1097728K), 0.0039096 secs]
34441.725: [GC (Allocation Failure)  417630K->8574K(1085440K), 0.0036132 secs]
34442.151: [GC (Allocation Failure)  405374K->8542K(1073664K), 0.0044382 secs]
34442.544: [GC (Allocation Failure)  393566K->8542K(1062400K), 0.0033401 secs]
34442.922: [GC (Allocation Failure)  382302K->8510K(1051648K), 0.0035775 secs]
34443.307: [GC (Allocation Failure)  371518K->8542K(1041408K), 0.0031668 secs]
34443.666: [GC (Allocation Failure)  361310K->8510K(1031680K), 0.0041725 secs]
34444.016: [GC (Allocation Failure)  351550K->8574K(1021952K), 0.0037529 secs]
34444.357: [GC (Allocation Failure)  341886K->8542K(1089024K), 0.0043326 secs]
34444.781: [GC (Allocation Failure)  408926K->8542K(1077248K), 0.0033428 secs]
34445.172: [GC (Allocation Failure)  397150K->8510K(1065984K), 0.0033157 secs]
34445.569: [GC (Allocation Failure)  385854K->8510K(1055232K), 0.0038453 secs]
34445.940: [GC (Allocation Failure)  375102K->8510K(1044480K), 0.0029849 secs]
34446.300: [GC (Allocation Failure)  364350K->8574K(1034240K), 0.0035576 secs]
34446.650: [GC (Allocation Failure)  354174K->8574K(1024512K), 0.0040430 secs]
34446.991: [GC (Allocation Failure)  344446K->8510K(1015296K), 0.0033927 secs]
34447.355: [GC (Allocation Failure)  335166K->8542K(1006592K), 0.0031855 secs]
34447.679: [GC (Allocation Failure)  326494K->8574K(1070592K), 0.0099162 secs]
34448.075: [GC (Allocation Failure)  390526K->8510K(1147392K), 0.0029239 secs]
34448.532: [GC (Allocation Failure)  467262K->8542K(1239552K), 0.0034778 secs]
34449.096: [GC (Allocation Failure)  559454K->8510K(1221120K), 0.0032490 secs]
34449.626: [GC (Allocation Failure)  540990K->8510K(1203200K), 0.0032210 secs]
34450.140: [GC (Allocation Failure)  523070K->8574K(1186304K), 0.0026282 secs]
34450.637: [GC (Allocation Failure)  506238K->8542K(1169920K), 0.0034916 secs]
34451.120: [GC (Allocation Failure)  489822K->8574K(1154560K), 0.0033495 secs]
34451.586: [GC (Allocation Failure)  474494K->8542K(1139712K), 0.0031561 secs]
34452.061: [GC (Allocation Failure)  459614K->8542K(1125376K), 0.0033806 secs]
34452.508: [GC (Allocation Failure)  445278K->8574K(1112064K), 0.0029906 secs]
34452.932: [GC (Allocation Failure)  431998K->8510K(1099264K), 0.0031433 secs]
34453.350: [GC (Allocation Failure)  419134K->8542K(1086976K), 0.0032891 secs]
34453.752: [GC (Allocation Failure)  406878K->8510K(1075200K), 0.0036854 secs]
34454.168: [GC (Allocation Failure)  395070K->8542K(1063936K), 0.0037516 secs]
34454.599: [GC (Allocation Failure)  383838K->8542K(1053184K), 0.0034065 secs]
34454.970: [GC (Allocation Failure)  373086K->8510K(1042944K), 0.0031824 secs]
34455.332: [GC (Allocation Failure)  362814K->8542K(1032704K), 0.0035113 secs]
34455.682: [GC (Allocation Failure)  352606K->8574K(1022976K), 0.0028631 secs]
34456.025: [GC (Allocation Failure)  342910K->8510K(1013760K), 0.0034192 secs]
34456.358: [GC (Allocation Failure)  333630K->8542K(1005056K), 0.0034048 secs]
34456.679: [GC (Allocation Failure)  324958K->8542K(996352K), 0.0027957 secs]
34456.993: [GC (Allocation Failure)  316254K->8542K(988160K), 0.0036176 secs]
34457.298: [GC (Allocation Failure)  308062K->8510K(980480K), 0.0032584 secs]
34457.597: [GC (Allocation Failure)  300350K->8542K(1038848K), 0.0036247 secs]
34457.974: [GC (Allocation Failure)  358750K->8510K(1029120K), 0.0032221 secs]
34458.321: [GC (Allocation Failure)  348990K->8510K(1097216K), 0.0038786 secs]
34458.732: [GC (Allocation Failure)  417086K->8574K(1084928K), 0.0033633 secs]
34459.136: [GC (Allocation Failure)  404862K->8542K(1073152K), 0.0033848 secs]
34459.528: [GC (Allocation Failure)  393054K->8510K(1061888K), 0.0030653 secs]
34459.905: [GC (Allocation Failure)  381758K->8542K(1051136K), 0.0025795 secs]
34460.273: [GC (Allocation Failure)  371038K->8542K(1040896K), 0.0036117 secs]
34460.631: [GC (Allocation Failure)  360798K->8574K(1031168K), 0.0028638 secs]
34461.031: [GC (Allocation Failure)  351102K->8542K(1021440K), 0.0034587 secs]
34461.368: [GC (Allocation Failure)  341342K->8542K(1012224K), 0.0032741 secs]
34461.696: [GC (Allocation Failure)  332126K->8510K(1003520K), 0.0029879 secs]
34462.017: [GC (Allocation Failure)  323390K->8510K(995328K), 0.0033709 secs]
34462.328: [GC (Allocation Failure)  315198K->8510K(987136K), 0.0026572 secs]
34462.663: [GC (Allocation Failure)  307006K->8510K(979456K), 0.0032954 secs]
34462.959: [GC (Allocation Failure)  299326K->8542K(971776K), 0.0034340 secs]
34463.249: [GC (Allocation Failure)  291678K->8510K(1028608K), 0.0034037 secs]
34463.593: [GC (Allocation Failure)  348478K->8574K(1096704K), 0.0046772 secs]
34464.009: [GC (Allocation Failure)  416638K->8542K(1178624K), 0.0039229 secs]
34464.499: [GC (Allocation Failure)  498526K->8542K(1162752K), 0.0033848 secs]
34464.973: [GC (Allocation Failure)  482654K->8574K(1147904K), 0.0037092 secs]
34465.433: [GC (Allocation Failure)  467838K->8542K(1133568K), 0.0034432 secs]
34465.878: [GC (Allocation Failure)  453470K->8574K(1119744K), 0.0032523 secs]
34466.310: [GC (Allocation Failure)  439678K->8542K(1106432K), 0.0032979 secs]
34466.754: [GC (Allocation Failure)  426334K->8542K(1093632K), 0.0032367 secs]
34467.180: [GC (Allocation Failure)  413534K->8542K(1081344K), 0.0035716 secs]
34467.576: [GC (Allocation Failure)  401246K->8510K(1069568K), 0.0024417 secs]
34467.999: [GC (Allocation Failure)  389438K->8542K(1058304K), 0.0036450 secs]
34468.374: [GC (Allocation Failure)  378206K->8542K(1047552K), 0.0026760 secs]
34468.737: [GC (Allocation Failure)  367454K->8478K(1037312K), 0.0030760 secs]
34469.092: [GC (Allocation Failure)  357150K->8510K(1027584K), 0.0048881 secs]
34469.455: [GC (Allocation Failure)  347454K->8510K(1018368K), 0.0032233 secs]
34469.791: [GC (Allocation Failure)  338238K->8542K(1009152K), 0.0027207 secs]
34470.117: [GC (Allocation Failure)  329054K->8542K(1000448K), 0.0037660 secs]
34470.435: [GC (Allocation Failure)  320350K->8542K(992256K), 0.0033188 secs]
34470.745: [GC (Allocation Failure)  312158K->8574K(1053184K), 0.0039497 secs]
34471.135: [GC (Allocation Failure)  373118K->8574K(1042944K), 0.0029557 secs]
34471.521: [GC (Allocation Failure)  362878K->8542K(1032704K), 0.0037299 secs]
34471.873: [GC (Allocation Failure)  352606K->8510K(1022976K), 0.0034718 secs]
34472.213: [GC (Allocation Failure)  342846K->8510K(1013760K), 0.0033021 secs]
34472.545: [GC (Allocation Failure)  333630K->8542K(1005056K), 0.0037630 secs]
34472.867: [GC (Allocation Failure)  324958K->8542K(996352K), 0.0029893 secs]
34473.275: [GC (Allocation Failure)  316254K->8542K(988160K), 0.0034183 secs]
34473.580: [GC (Allocation Failure)  308062K->8542K(980480K), 0.0026974 secs]
34473.876: [GC (Allocation Failure)  300382K->8542K(972800K), 0.0027772 secs]
34474.165: [GC (Allocation Failure)  292702K->8542K(965632K), 0.0033976 secs]
34474.447: [GC (Allocation Failure)  285534K->8542K(1021440K), 0.0032212 secs]
34474.801: [GC (Allocation Failure)  341342K->8510K(1088000K), 0.0041701 secs]
34475.208: [GC (Allocation Failure)  407870K->8542K(1167872K), 0.0042871 secs]
34475.690: [GC (Allocation Failure)  487774K->8542K(1264128K), 0.0045603 secs]
34476.269: [GC (Allocation Failure)  584030K->8542K(1244672K), 0.0025780 secs]
34476.823: [GC (Allocation Failure)  564574K->8510K(1225728K), 0.0031677 secs]
34477.358: [GC (Allocation Failure)  545598K->8542K(1207808K), 0.0035546 secs]
34477.897: [GC (Allocation Failure)  527710K->8510K(1190912K), 0.0030711 secs]
34478.425: [GC (Allocation Failure)  510782K->8574K(1174528K), 0.0035659 secs]
34478.911: [GC (Allocation Failure)  494462K->8542K(1159168K), 0.0036262 secs]
34479.383: [GC (Allocation Failure)  479070K->8510K(1144320K), 0.0027622 secs]
34479.839: [GC (Allocation Failure)  464190K->8510K(1129984K), 0.0046686 secs]
34480.283: [GC (Allocation Failure)  449854K->8542K(1116160K), 0.0034186 secs]
34480.712: [GC (Allocation Failure)  436062K->8510K(1102848K), 0.0035240 secs]
34481.130: [GC (Allocation Failure)  422718K->8574K(1090560K), 0.0032165 secs]
34481.552: [GC (Allocation Failure)  410494K->8510K(1078784K), 0.0029857 secs]
34481.944: [GC (Allocation Failure)  398654K->8542K(1067520K), 0.0032945 secs]
34482.332: [GC (Allocation Failure)  387422K->8478K(1056256K), 0.0027815 secs]
34482.704: [GC (Allocation Failure)  376094K->8542K(1045504K), 0.0045769 secs]
34483.068: [GC (Allocation Failure)  365406K->8574K(1035264K), 0.0025391 secs]
34483.457: [GC (Allocation Failure)  355198K->8574K(1025536K), 0.0040886 secs]
34483.801: [GC (Allocation Failure)  345470K->8510K(1016320K), 0.0031855 secs]
34484.134: [GC (Allocation Failure)  336190K->8542K(1081856K), 0.0064109 secs]
34484.534: [GC (Allocation Failure)  401758K->8510K(1160704K), 0.0032100 secs]
34485.007: [GC (Allocation Failure)  480574K->8574K(1145856K), 0.0033388 secs]
34485.464: [GC (Allocation Failure)  465790K->8510K(1131520K), 0.0037345 secs]
34485.909: [GC (Allocation Failure)  451390K->8510K(1117696K), 0.0037070 secs]
34486.341: [GC (Allocation Failure)  437566K->8510K(1104384K), 0.0043754 secs]
34486.760: [GC (Allocation Failure)  424254K->8542K(1091584K), 0.0032691 secs]
34487.167: [GC (Allocation Failure)  411486K->8542K(1079808K), 0.0029212 secs]
34487.561: [GC (Allocation Failure)  399710K->8574K(1068032K), 0.0038614 secs]
34487.945: [GC (Allocation Failure)  387966K->8542K(1056768K), 0.0046181 secs]
34488.324: [GC (Allocation Failure)  376670K->8542K(1046016K), 0.0031982 secs]
34488.686: [GC (Allocation Failure)  365918K->8510K(1035776K), 0.0034223 secs]
34489.038: [GC (Allocation Failure)  355646K->8542K(1026048K), 0.0043385 secs]
34489.403: [GC (Allocation Failure)  345950K->8542K(1093632K), 0.0049490 secs]
34489.812: [GC (Allocation Failure)  413534K->8542K(1081344K), 0.0031998 secs]
34490.208: [GC (Allocation Failure)  401246K->8574K(1069568K), 0.0034327 secs]
34490.593: [GC (Allocation Failure)  389502K->8574K(1058304K), 0.0030938 secs]
34490.982: [GC (Allocation Failure)  378238K->8574K(1047552K), 0.0033177 secs]
34491.345: [GC (Allocation Failure)  367486K->8510K(1037312K), 0.0039358 secs]
34491.699: [GC (Allocation Failure)  357182K->8574K(1027584K), 0.0032835 secs]
34492.041: [GC (Allocation Failure)  347518K->8510K(1018368K), 0.0036778 secs]
34492.375: [GC (Allocation Failure)  338238K->8510K(1009152K), 0.0033560 secs]
34492.698: [GC (Allocation Failure)  329022K->8510K(1000448K), 0.0033198 secs]
34493.015: [GC (Allocation Failure)  320318K->8542K(1062912K), 0.0053028 secs]
34493.394: [GC (Allocation Failure)  382814K->8542K(1138176K), 0.0027515 secs]
34493.876: [GC (Allocation Failure)  458078K->8542K(1124352K), 0.0032915 secs]
34494.313: [GC (Allocation Failure)  444254K->8510K(1111040K), 0.0034893 secs]
34494.736: [GC (Allocation Failure)  430910K->8510K(1098240K), 0.0030705 secs]
34495.146: [GC (Allocation Failure)  418110K->8510K(1085952K), 0.0036196 secs]
34495.547: [GC (Allocation Failure)  405822K->8574K(1074176K), 0.0030514 secs]
34495.935: [GC (Allocation Failure)  394110K->8542K(1062912K), 0.0036188 secs]
34496.314: [GC (Allocation Failure)  382814K->8510K(1052160K), 0.0039798 secs]
34496.703: [GC (Allocation Failure)  372030K->8510K(1041920K), 0.0033484 secs]
34497.060: [GC (Allocation Failure)  361790K->8510K(1032192K), 0.0032296 secs]
34497.408: [GC (Allocation Failure)  352062K->8542K(1022464K), 0.0034180 secs]
34497.753: [GC (Allocation Failure)  342366K->8510K(1013248K), 0.0033591 secs]
34498.083: [GC (Allocation Failure)  333118K->8542K(1004544K), 0.0037375 secs]
34498.405: [GC (Allocation Failure)  324446K->8510K(1068032K), 0.0038226 secs]
34498.790: [GC (Allocation Failure)  387902K->8542K(1144320K), 0.0038835 secs]
34499.250: [GC (Allocation Failure)  464222K->8542K(1235456K), 0.0053456 secs]
34499.800: [GC (Allocation Failure)  555358K->8510K(1217024K), 0.0037894 secs]
34500.331: [GC (Allocation Failure)  536894K->8478K(1199616K), 0.0032097 secs]
34500.842: [GC (Allocation Failure)  519454K->8542K(1182720K), 0.0033560 secs]
34501.337: [GC (Allocation Failure)  502622K->8510K(1166848K), 0.0031342 secs]
34501.815: [GC (Allocation Failure)  486718K->8542K(1151488K), 0.0028053 secs]
34502.279: [GC (Allocation Failure)  471390K->8542K(1136640K), 0.0031719 secs]
34502.761: [GC (Allocation Failure)  456542K->8542K(1122816K), 0.0036244 secs]
34503.197: [GC (Allocation Failure)  442718K->8574K(1109504K), 0.0034853 secs]
34503.620: [GC (Allocation Failure)  429438K->8542K(1096704K), 0.0032351 secs]
34504.100: [GC (Allocation Failure)  416606K->8542K(1084416K), 0.0037118 secs]
34504.517: [GC (Allocation Failure)  404318K->8510K(1072640K), 0.0051237 secs]
34504.911: [GC (Allocation Failure)  392510K->8478K(1061376K), 0.0035303 secs]
34505.392: [GC (Allocation Failure)  381214K->8542K(1050624K), 0.0039364 secs]
34505.759: [GC (Allocation Failure)  370526K->8542K(1040384K), 0.0033355 secs]
34506.116: [GC (Allocation Failure)  360286K->8542K(1030656K), 0.0033727 secs]
34506.464: [GC (Allocation Failure)  350558K->8542K(1020928K), 0.0034226 secs]
34506.803: [GC (Allocation Failure)  340830K->8542K(1011712K), 0.0033328 secs]
34507.131: [GC (Allocation Failure)  331614K->8574K(1003008K), 0.0030917 secs]
34507.449: [GC (Allocation Failure)  322942K->8510K(994816K), 0.0030705 secs]
34507.760: [GC (Allocation Failure)  314686K->8542K(986624K), 0.0035442 secs]
34508.065: [GC (Allocation Failure)  306526K->8542K(1046528K), 0.0037020 secs]
34508.428: [GC (Allocation Failure)  366430K->8542K(1036288K), 0.0028275 secs]
34508.780: [GC (Allocation Failure)  356190K->8542K(1026560K), 0.0028947 secs]
34509.153: [GC (Allocation Failure)  346462K->8510K(1017344K), 0.0039988 secs]
34509.487: [GC (Allocation Failure)  337214K->8574K(1008640K), 0.0034737 secs]
34509.812: [GC (Allocation Failure)  328574K->8574K(1072640K), 0.0038926 secs]
34510.200: [GC (Allocation Failure)  392574K->8542K(1061376K), 0.0034062 secs]
34510.575: [GC (Allocation Failure)  381278K->8574K(1050624K), 0.0028513 secs]
34510.942: [GC (Allocation Failure)  370558K->8542K(1040384K), 0.0036776 secs]
34511.299: [GC (Allocation Failure)  360286K->8542K(1030656K), 0.0032437 secs]
34511.648: [GC (Allocation Failure)  350558K->8542K(1020928K), 0.0032989 secs]
34511.987: [GC (Allocation Failure)  340830K->8542K(1011712K), 0.0034949 secs]
34512.316: [GC (Allocation Failure)  331614K->8510K(1003008K), 0.0029735 secs]
34512.635: [GC (Allocation Failure)  322878K->8574K(994816K), 0.0035887 secs]
34512.946: [GC (Allocation Failure)  314750K->8574K(986624K), 0.0034449 secs]
34513.249: [GC (Allocation Failure)  306558K->8542K(1046528K), 0.0037912 secs]
34513.614: [GC (Allocation Failure)  366430K->8510K(1118208K), 0.0035431 secs]
34514.046: [GC (Allocation Failure)  438078K->8542K(1104896K), 0.0034821 secs]
34514.497: [GC (Allocation Failure)  424798K->8542K(1092096K), 0.0030698 secs]
34514.903: [GC (Allocation Failure)  411998K->8542K(1079808K), 0.0037689 secs]
34515.299: [GC (Allocation Failure)  399710K->8574K(1068032K), 0.0031303 secs]
34515.683: [GC (Allocation Failure)  387966K->8574K(1056768K), 0.0034636 secs]
34516.057: [GC (Allocation Failure)  376702K->8542K(1046016K), 0.0035015 secs]
34516.421: [GC (Allocation Failure)  365918K->8542K(1035776K), 0.0038542 secs]
34516.776: [GC (Allocation Failure)  355678K->8542K(1026048K), 0.0028261 secs]
34517.121: [GC (Allocation Failure)  345950K->8542K(1016832K), 0.0034673 secs]
34517.472: [GC (Allocation Failure)  336734K->8510K(1008128K), 0.0033322 secs]
34517.797: [GC (Allocation Failure)  327998K->8510K(999424K), 0.0029980 secs]
34518.131: [GC (Allocation Failure)  319294K->8542K(991232K), 0.0035839 secs]
34518.441: [GC (Allocation Failure)  311134K->8574K(983552K), 0.0036901 secs]
34518.741: [GC (Allocation Failure)  303486K->8542K(1042944K), 0.0045924 secs]
34519.102: [GC (Allocation Failure)  362846K->8510K(1114112K), 0.0033947 secs]
34519.609: [GC (Allocation Failure)  433982K->8510K(1101312K), 0.0033008 secs]
34520.023: [GC (Allocation Failure)  421182K->8510K(1089024K), 0.0031446 secs]
34520.426: [GC (Allocation Failure)  408894K->8574K(1077248K), 0.0030162 secs]
34520.822: [GC (Allocation Failure)  397182K->8510K(1065984K), 0.0032988 secs]
34521.203: [GC (Allocation Failure)  385854K->8542K(1055232K), 0.0041127 secs]
34521.575: [GC (Allocation Failure)  375134K->8606K(1044480K), 0.0034821 secs]
34521.935: [GC (Allocation Failure)  364446K->8542K(1115648K), 0.0052191 secs]
34522.365: [GC (Allocation Failure)  435550K->8510K(1201152K), 0.0040424 secs]
34522.876: [GC (Allocation Failure)  521022K->8574K(1184256K), 0.0036232 secs]
34523.389: [GC (Allocation Failure)  504190K->8510K(1168384K), 0.0033960 secs]
34523.867: [GC (Allocation Failure)  488254K->8542K(1153024K), 0.0033575 secs]
34524.332: [GC (Allocation Failure)  472926K->8542K(1138176K), 0.0055097 secs]
34524.785: [GC (Allocation Failure)  458078K->8510K(1124352K), 0.0038104 secs]
34525.221: [GC (Allocation Failure)  444222K->8542K(1111040K), 0.0056616 secs]
34525.648: [GC (Allocation Failure)  430942K->8574K(1098240K), 0.0033000 secs]
34526.060: [GC (Allocation Failure)  418174K->8542K(1085952K), 0.0036623 secs]
34526.460: [GC (Allocation Failure)  405854K->8542K(1074176K), 0.0037362 secs]
34526.848: [GC (Allocation Failure)  394078K->8574K(1062912K), 0.0027434 secs]
34527.227: [GC (Allocation Failure)  382846K->8574K(1052160K), 0.0035779 secs]
34527.596: [GC (Allocation Failure)  372094K->8542K(1041920K), 0.0038721 secs]
34527.955: [GC (Allocation Failure)  361822K->8510K(1032192K), 0.0037870 secs]
34528.305: [GC (Allocation Failure)  352062K->8542K(1022464K), 0.0032723 secs]
34528.645: [GC (Allocation Failure)  342366K->8574K(1013248K), 0.0038374 secs]
34528.979: [GC (Allocation Failure)  333182K->8510K(1078272K), 0.0039159 secs]
34529.377: [GC (Allocation Failure)  398142K->8574K(1156608K), 0.0045004 secs]
34529.872: [GC (Allocation Failure)  476542K->8542K(1141760K), 0.0036420 secs]
34530.334: [GC (Allocation Failure)  461662K->8542K(1127424K), 0.0040078 secs]
34530.775: [GC (Allocation Failure)  447326K->8542K(1114112K), 0.0035470 secs]
34531.203: [GC (Allocation Failure)  434014K->8510K(1101312K), 0.0035365 secs]
34531.619: [GC (Allocation Failure)  421182K->8606K(1089024K), 0.0038634 secs]
34532.024: [GC (Allocation Failure)  408990K->8510K(1077248K), 0.0039226 secs]
34532.417: [GC (Allocation Failure)  397118K->8542K(1065984K), 0.0040325 secs]
34532.804: [GC (Allocation Failure)  385886K->8542K(1055232K), 0.0042734 secs]
34533.176: [GC (Allocation Failure)  375134K->8542K(1044480K), 0.0035697 secs]
34533.544: [GC (Allocation Failure)  364382K->8510K(1034240K), 0.0033250 secs]
34533.895: [GC (Allocation Failure)  354110K->8542K(1024512K), 0.0041094 secs]
34534.237: [GC (Allocation Failure)  344414K->8542K(1092096K), 0.0039279 secs]
34534.643: [GC (Allocation Failure)  411998K->8542K(1079808K), 0.0038076 secs]
34535.066: [GC (Allocation Failure)  399710K->8542K(1158144K), 0.0045609 secs]
34535.539: [GC (Allocation Failure)  478046K->8510K(1143296K), 0.0034329 secs]
34535.993: [GC (Allocation Failure)  463166K->8542K(1128960K), 0.0037244 secs]
34536.433: [GC (Allocation Failure)  448862K->8542K(1115136K), 0.0034104 secs]
34536.860: [GC (Allocation Failure)  435038K->8478K(1102336K), 0.0041377 secs]
34537.276: [GC (Allocation Failure)  422174K->8542K(1090048K), 0.0049634 secs]
34537.688: [GC (Allocation Failure)  409950K->8510K(1078272K), 0.0036195 secs]
34538.080: [GC (Allocation Failure)  398142K->8510K(1067008K), 0.0030376 secs]
34538.463: [GC (Allocation Failure)  386878K->8510K(1056256K), 0.0034484 secs]
34538.835: [GC (Allocation Failure)  376126K->8510K(1045504K), 0.0034944 secs]
34539.197: [GC (Allocation Failure)  365374K->8510K(1035264K), 0.0038206 secs]
34539.548: [GC (Allocation Failure)  355134K->8510K(1025536K), 0.0036993 secs]
34539.890: [GC (Allocation Failure)  345406K->8542K(1016320K), 0.0036310 secs]
34540.223: [GC (Allocation Failure)  336222K->8510K(1007616K), 0.0032972 secs]
34540.547: [GC (Allocation Failure)  327486K->8542K(998912K), 0.0034445 secs]
34540.861: [GC (Allocation Failure)  318814K->8542K(990720K), 0.0028594 secs]
34541.168: [GC (Allocation Failure)  310622K->8510K(1051136K), 0.0044387 secs]
34541.536: [GC (Allocation Failure)  371006K->8542K(1123840K), 0.0037766 secs]
34541.973: [GC (Allocation Failure)  443742K->8510K(1110528K), 0.0032910 secs]
34542.398: [GC (Allocation Failure)  430398K->8510K(1097728K), 0.0039948 secs]
34542.816: [GC (Allocation Failure)  417598K->8510K(1085440K), 0.0036690 secs]
34543.219: [GC (Allocation Failure)  405310K->8510K(1073664K), 0.0036160 secs]
34543.608: [GC (Allocation Failure)  393534K->8510K(1062400K), 0.0037587 secs]
34543.987: [GC (Allocation Failure)  382270K->8542K(1051648K), 0.0036504 secs]
34544.355: [GC (Allocation Failure)  371550K->8542K(1124352K), 0.0047829 secs]
34544.798: [GC (Allocation Failure)  444254K->8510K(1111040K), 0.0037433 secs]
34545.224: [GC (Allocation Failure)  430910K->8510K(1098240K), 0.0035533 secs]
34545.635: [GC (Allocation Failure)  418110K->8510K(1085952K), 0.0044264 secs]
34546.036: [GC (Allocation Failure)  405822K->8542K(1074176K), 0.0039019 secs]
34546.425: [GC (Allocation Failure)  394078K->8542K(1062912K), 0.0039977 secs]
34546.805: [GC (Allocation Failure)  382814K->8510K(1052160K), 0.0043596 secs]
34547.177: [GC (Allocation Failure)  372030K->8510K(1124864K), 0.0048403 secs]
34547.620: [GC (Allocation Failure)  444734K->8510K(1212416K), 0.0037797 secs]
34548.142: [GC (Allocation Failure)  532286K->8542K(1195008K), 0.0036315 secs]
34548.646: [GC (Allocation Failure)  514910K->8542K(1178624K), 0.0037011 secs]
34549.135: [GC (Allocation Failure)  498526K->8510K(1162752K), 0.0035225 secs]
34549.625: [GC (Allocation Failure)  482622K->8542K(1147904K), 0.0036098 secs]
34550.085: [GC (Allocation Failure)  467806K->8542K(1133568K), 0.0041404 secs]
34550.529: [GC (Allocation Failure)  453470K->8510K(1119744K), 0.0042476 secs]
34550.989: [GC (Allocation Failure)  439614K->8542K(1106432K), 0.0035152 secs]
34551.411: [GC (Allocation Failure)  426334K->8542K(1093632K), 0.0039193 secs]
34551.823: [GC (Allocation Failure)  413534K->8574K(1081344K), 0.0046979 secs]
34552.220: [GC (Allocation Failure)  401278K->8510K(1069568K), 0.0034167 secs]
34552.608: [GC (Allocation Failure)  389438K->8510K(1058304K), 0.0036236 secs]
34552.981: [GC (Allocation Failure)  378174K->8510K(1047552K), 0.0038721 secs]
34553.346: [GC (Allocation Failure)  367422K->8574K(1037312K), 0.0037643 secs]
34553.702: [GC (Allocation Failure)  357246K->8542K(1027584K), 0.0030391 secs]
34554.067: [GC (Allocation Failure)  347486K->8542K(1018368K), 0.0037535 secs]
34554.402: [GC (Allocation Failure)  338270K->8510K(1009152K), 0.0037103 secs]
34554.728: [GC (Allocation Failure)  329022K->8542K(1000448K), 0.0037527 secs]
34555.045: [GC (Allocation Failure)  320350K->8510K(1062912K), 0.0034444 secs]
34555.424: [GC (Allocation Failure)  382782K->8510K(1138176K), 0.0041799 secs]
34555.876: [GC (Allocation Failure)  458046K->8542K(1124352K), 0.0037746 secs]
34556.340: [GC (Allocation Failure)  444254K->8510K(1111040K), 0.0036096 secs]
34556.766: [GC (Allocation Failure)  430910K->8542K(1098240K), 0.0035527 secs]
34557.179: [GC (Allocation Failure)  418142K->8542K(1085952K), 0.0035956 secs]
34557.584: [GC (Allocation Failure)  405854K->8542K(1074176K), 0.0036396 secs]
34557.974: [GC (Allocation Failure)  394078K->8510K(1062912K), 0.0040750 secs]
34558.371: [GC (Allocation Failure)  382782K->8510K(1052160K), 0.0033158 secs]
34558.740: [GC (Allocation Failure)  372030K->8510K(1041920K), 0.0042443 secs]
34559.103: [GC (Allocation Failure)  361790K->8542K(1032192K), 0.0032731 secs]
34559.500: [GC (Allocation Failure)  352094K->8510K(1022464K), 0.0037747 secs]
34559.841: [GC (Allocation Failure)  342334K->8542K(1013248K), 0.0034677 secs]
34560.178: [GC (Allocation Failure)  333150K->8510K(1004544K), 0.0035083 secs]
34560.499: [GC (Allocation Failure)  324414K->8510K(996352K), 0.0035128 secs]
34560.813: [GC (Allocation Failure)  316222K->8542K(1058304K), 0.0052920 secs]
34561.190: [GC (Allocation Failure)  378206K->8542K(1132544K), 0.0033749 secs]
34561.635: [GC (Allocation Failure)  452446K->8542K(1221632K), 0.0035011 secs]
34562.176: [GC (Allocation Failure)  541534K->8542K(1203712K), 0.0034376 secs]
34562.690: [GC (Allocation Failure)  523614K->8510K(1186816K), 0.0032211 secs]
34563.187: [GC (Allocation Failure)  506686K->8542K(1170432K), 0.0040521 secs]
34563.667: [GC (Allocation Failure)  490334K->8542K(1155072K), 0.0037340 secs]
34564.132: [GC (Allocation Failure)  474974K->8542K(1140224K), 0.0033002 secs]
34564.582: [GC (Allocation Failure)  460126K->8510K(1125888K), 0.0037726 secs]
34565.019: [GC (Allocation Failure)  445758K->8510K(1112576K), 0.0034177 secs]
34565.444: [GC (Allocation Failure)  432446K->8542K(1099776K), 0.0031655 secs]
34565.857: [GC (Allocation Failure)  419678K->8574K(1087488K), 0.0032379 secs]
34566.258: [GC (Allocation Failure)  407422K->8542K(1075712K), 0.0043313 secs]
34566.719: [GC (Allocation Failure)  395614K->8510K(1064448K), 0.0037962 secs]
34567.101: [GC (Allocation Failure)  384318K->8542K(1053696K), 0.0034407 secs]
34567.472: [GC (Allocation Failure)  373598K->8510K(1043456K), 0.0038693 secs]
34567.853: [GC (Allocation Failure)  363326K->8542K(1033216K), 0.0034716 secs]
34568.204: [GC (Allocation Failure)  353118K->8574K(1023488K), 0.0036481 secs]
34568.548: [GC (Allocation Failure)  343422K->8510K(1014272K), 0.0034336 secs]
34568.888: [GC (Allocation Failure)  334142K->8542K(1005568K), 0.0042142 secs]
34569.224: [GC (Allocation Failure)  325470K->8542K(996864K), 0.0032923 secs]
34569.539: [GC (Allocation Failure)  316766K->8574K(988672K), 0.0033946 secs]
34569.848: [GC (Allocation Failure)  308606K->8510K(1049088K), 0.0034502 secs]
34570.215: [GC (Allocation Failure)  368958K->8574K(1038848K), 0.0030868 secs]
34570.573: [GC (Allocation Failure)  358782K->8510K(1108992K), 0.0080757 secs]
34571.010: [GC (Allocation Failure)  428862K->8510K(1193472K), 0.0058010 secs]
34571.519: [GC (Allocation Failure)  513342K->8542K(1294848K), 0.0035906 secs]
34572.153: [GC (Allocation Failure)  614750K->8542K(1273856K), 0.0034987 secs]
34572.740: [GC (Allocation Failure)  593758K->8542K(1253888K), 0.0036022 secs]
34573.307: [GC (Allocation Failure)  573790K->8542K(1234944K), 0.0039005 secs]
34573.853: [GC (Allocation Failure)  554846K->8510K(1216512K), 0.0035077 secs]
34574.382: [GC (Allocation Failure)  536382K->8542K(1199104K), 0.0035940 secs]
34574.893: [GC (Allocation Failure)  519006K->8542K(1182208K), 0.0057322 secs]
34575.394: [GC (Allocation Failure)  502110K->8574K(1166336K), 0.0041088 secs]
34575.871: [GC (Allocation Failure)  486270K->8542K(1150976K), 0.0040903 secs]
34576.332: [GC (Allocation Failure)  470878K->8574K(1136640K), 0.0035376 secs]
34576.780: [GC (Allocation Failure)  456574K->8542K(1122816K), 0.0040105 secs]
34577.263: [GC (Allocation Failure)  442718K->8542K(1109504K), 0.0037548 secs]
34577.705: [GC (Allocation Failure)  429406K->8510K(1096704K), 0.0036789 secs]
34578.137: [GC (Allocation Failure)  416574K->8510K(1084416K), 0.0033885 secs]
34578.536: [GC (Allocation Failure)  404286K->8574K(1072640K), 0.0037509 secs]
34578.923: [GC (Allocation Failure)  392574K->8542K(1061376K), 0.0038090 secs]
34579.301: [GC (Allocation Failure)  381278K->8542K(1050624K), 0.0042800 secs]
34579.672: [GC (Allocation Failure)  370526K->8510K(1040384K), 0.0033756 secs]
34580.030: [GC (Allocation Failure)  360254K->8542K(1030656K), 0.0033427 secs]
34580.378: [GC (Allocation Failure)  350558K->8542K(1020928K), 0.0036510 secs]
34580.717: [GC (Allocation Failure)  340830K->8574K(1011712K), 0.0033416 secs]
34581.046: [GC (Allocation Failure)  331646K->8542K(1003008K), 0.0031436 secs]
34581.366: [GC (Allocation Failure)  322910K->8574K(994816K), 0.0030986 secs]
34581.677: [GC (Allocation Failure)  314750K->8542K(986624K), 0.0035456 secs]
34581.981: [GC (Allocation Failure)  306526K->8510K(1046528K), 0.0036416 secs]
34582.376: [GC (Allocation Failure)  366398K->8510K(1036288K), 0.0033897 secs]
34582.733: [GC (Allocation Failure)  356158K->8542K(1026560K), 0.0035060 secs]
34583.078: [GC (Allocation Failure)  346462K->8542K(1017344K), 0.0031602 secs]
34583.413: [GC (Allocation Failure)  337246K->8542K(1083392K), 0.0040903 secs]
34583.818: [GC (Allocation Failure)  403294K->8574K(1071616K), 0.0037972 secs]
34584.207: [GC (Allocation Failure)  391550K->8542K(1060352K), 0.0033821 secs]
34584.584: [GC (Allocation Failure)  380254K->8510K(1049600K), 0.0036409 secs]
34584.950: [GC (Allocation Failure)  369470K->8542K(1039360K), 0.0033233 secs]
34585.307: [GC (Allocation Failure)  359262K->8510K(1029632K), 0.0032041 secs]
34585.654: [GC (Allocation Failure)  349502K->8510K(1020416K), 0.0038420 secs]
34585.993: [GC (Allocation Failure)  340286K->8542K(1011200K), 0.0033100 secs]
34586.322: [GC (Allocation Failure)  331102K->8510K(1002496K), 0.0037114 secs]
34586.642: [GC (Allocation Failure)  322366K->8510K(1065472K), 0.0038362 secs]
34587.023: [GC (Allocation Failure)  385342K->8542K(1141248K), 0.0048789 secs]
34587.519: [GC (Allocation Failure)  461150K->8542K(1126912K), 0.0038735 secs]
34587.958: [GC (Allocation Failure)  446814K->8542K(1113600K), 0.0034627 secs]
34588.385: [GC (Allocation Failure)  433502K->8542K(1100800K), 0.0034668 secs]
34588.800: [GC (Allocation Failure)  420702K->8542K(1088512K), 0.0037729 secs]
34589.205: [GC (Allocation Failure)  408414K->8542K(1076736K), 0.0051225 secs]
34589.660: [GC (Allocation Failure)  396638K->8542K(1065472K), 0.0034001 secs]
34590.060: [GC (Allocation Failure)  385374K->8542K(1054720K), 0.0042446 secs]
34590.435: [GC (Allocation Failure)  374622K->8510K(1044480K), 0.0036410 secs]
34590.796: [GC (Allocation Failure)  364350K->8542K(1034240K), 0.0036281 secs]
34591.147: [GC (Allocation Failure)  354142K->8510K(1024512K), 0.0035967 secs]
34591.488: [GC (Allocation Failure)  344382K->8510K(1015296K), 0.0034543 secs]
34591.820: [GC (Allocation Failure)  335166K->8542K(1006592K), 0.0030463 secs]
34592.142: [GC (Allocation Failure)  326494K->8510K(997888K), 0.0036405 secs]
34592.457: [GC (Allocation Failure)  317758K->8542K(989696K), 0.0034328 secs]
34592.762: [GC (Allocation Failure)  309598K->8510K(1050112K), 0.0033492 secs]
34593.127: [GC (Allocation Failure)  369982K->8542K(1039872K), 0.0035992 secs]
34593.484: [GC (Allocation Failure)  359774K->8510K(1030144K), 0.0033175 secs]
34593.831: [GC (Allocation Failure)  350014K->8542K(1020928K), 0.0035180 secs]
34594.187: [GC (Allocation Failure)  340830K->8574K(1011712K), 0.0029792 secs]
34594.519: [GC (Allocation Failure)  331646K->8510K(1003008K), 0.0037857 secs]
34594.839: [GC (Allocation Failure)  322878K->8542K(994816K), 0.0036170 secs]
34595.151: [GC (Allocation Failure)  314718K->8510K(1056256K), 0.0037815 secs]
34595.524: [GC (Allocation Failure)  376126K->8510K(1129984K), 0.0041659 secs]
34595.974: [GC (Allocation Failure)  449854K->8542K(1116160K), 0.0036524 secs]
34596.404: [GC (Allocation Failure)  436062K->8510K(1102848K), 0.0036717 secs]
34596.823: [GC (Allocation Failure)  422718K->8510K(1090560K), 0.0039578 secs]
34597.231: [GC (Allocation Failure)  410430K->8510K(1078784K), 0.0039905 secs]
34597.656: [GC (Allocation Failure)  398654K->8542K(1067520K), 0.0042707 secs]
34598.051: [GC (Allocation Failure)  387422K->8542K(1056256K), 0.0035717 secs]
34598.425: [GC (Allocation Failure)  376158K->8510K(1045504K), 0.0039256 secs]
34598.791: [GC (Allocation Failure)  365374K->8510K(1035264K), 0.0035695 secs]
34599.144: [GC (Allocation Failure)  355134K->8606K(1104896K), 0.0048444 secs]
34599.569: [GC (Allocation Failure)  424862K->8542K(1092096K), 0.0037238 secs]
34599.977: [GC (Allocation Failure)  411998K->8542K(1079808K), 0.0040656 secs]
34600.375: [GC (Allocation Failure)  399710K->8510K(1068032K), 0.0042083 secs]
34600.759: [GC (Allocation Failure)  387902K->8510K(1056768K), 0.0039549 secs]
34601.131: [GC (Allocation Failure)  376638K->8542K(1046016K), 0.0034947 secs]
34601.493: [GC (Allocation Failure)  365918K->8510K(1035776K), 0.0034916 secs]
34601.844: [GC (Allocation Failure)  355646K->8510K(1026048K), 0.0032018 secs]
34602.187: [GC (Allocation Failure)  345918K->8574K(1016832K), 0.0036800 secs]
34602.519: [GC (Allocation Failure)  336766K->8510K(1008128K), 0.0036670 secs]
34602.844: [GC (Allocation Failure)  327998K->8510K(1072128K), 0.0099011 secs]
34603.236: [GC (Allocation Failure)  391998K->8510K(1148928K), 0.0027139 secs]
34603.694: [GC (Allocation Failure)  468798K->8510K(1241088K), 0.0034936 secs]
34604.245: [GC (Allocation Failure)  560958K->8542K(1351680K), 0.0034808 secs]
34604.905: [GC (Allocation Failure)  671582K->8510K(1328128K), 0.0034145 secs]
34605.541: [GC (Allocation Failure)  647998K->8542K(1305600K), 0.0036731 secs]
34606.158: [GC (Allocation Failure)  625502K->8542K(1284096K), 0.0037799 secs]
34606.756: [GC (Allocation Failure)  603998K->8542K(1263616K), 0.0035370 secs]
34607.330: [GC (Allocation Failure)  583518K->8510K(1244160K), 0.0035057 secs]
34607.884: [GC (Allocation Failure)  564030K->8510K(1225216K), 0.0038274 secs]
34608.444: [GC (Allocation Failure)  545086K->8542K(1207296K), 0.0034159 secs]
34608.966: [GC (Allocation Failure)  527198K->8542K(1190400K), 0.0040872 secs]
34609.474: [GC (Allocation Failure)  510302K->8510K(1174016K), 0.0038927 secs]
34609.960: [GC (Allocation Failure)  493886K->8542K(1158656K), 0.0035096 secs]
34610.432: [GC (Allocation Failure)  478558K->8542K(1143808K), 0.0034193 secs]
34610.889: [GC (Allocation Failure)  463710K->8574K(1129472K), 0.0033200 secs]
34611.332: [GC (Allocation Failure)  449406K->8542K(1115648K), 0.0034275 secs]
34611.762: [GC (Allocation Failure)  435550K->8542K(1102848K), 0.0037801 secs]
34612.181: [GC (Allocation Failure)  422750K->8574K(1090560K), 0.0035247 secs]
34612.587: [GC (Allocation Failure)  410494K->8542K(1078784K), 0.0050639 secs]
34612.987: [GC (Allocation Failure)  398686K->8542K(1067520K), 0.0035730 secs]
34613.418: [GC (Allocation Failure)  387422K->8510K(1056256K), 0.0038807 secs]
34613.790: [GC (Allocation Failure)  376126K->8542K(1045504K), 0.0033658 secs]
34614.152: [GC (Allocation Failure)  365406K->8542K(1035264K), 0.0037426 secs]
34614.503: [GC (Allocation Failure)  355166K->8542K(1025536K), 0.0032664 secs]
34614.844: [GC (Allocation Failure)  345438K->8542K(1016320K), 0.0032734 secs]
34615.176: [GC (Allocation Failure)  336222K->8542K(1007616K), 0.0032180 secs]
34615.500: [GC (Allocation Failure)  327518K->8542K(998912K), 0.0033739 secs]
34615.815: [GC (Allocation Failure)  318814K->8542K(990720K), 0.0037317 secs]
34616.122: [GC (Allocation Failure)  310622K->8542K(1051136K), 0.0050964 secs]
34616.490: [GC (Allocation Failure)  371038K->8542K(1123840K), 0.0031232 secs]
34616.925: [GC (Allocation Failure)  443742K->8510K(1110528K), 0.0029962 secs]
34617.359: [GC (Allocation Failure)  430398K->8542K(1097728K), 0.0036221 secs]
34617.770: [GC (Allocation Failure)  417630K->8542K(1085440K), 0.0038621 secs]
34618.169: [GC (Allocation Failure)  405342K->8542K(1073664K), 0.0038076 secs]
34618.558: [GC (Allocation Failure)  393566K->8542K(1062400K), 0.0037486 secs]
34618.936: [GC (Allocation Failure)  382302K->8542K(1051648K), 0.0038059 secs]
34619.324: [GC (Allocation Failure)  371550K->8574K(1041408K), 0.0031310 secs]
34619.681: [GC (Allocation Failure)  361342K->8574K(1031680K), 0.0032297 secs]
34620.029: [GC (Allocation Failure)  351614K->8542K(1021952K), 0.0032932 secs]
34620.368: [GC (Allocation Failure)  341854K->8542K(1012736K), 0.0041036 secs]
34620.699: [GC (Allocation Failure)  332638K->8510K(1077760K), 0.0043414 secs]
34621.096: [GC (Allocation Failure)  397630K->8574K(1155584K), 0.0038200 secs]
34621.564: [GC (Allocation Failure)  475518K->8510K(1140736K), 0.0029937 secs]
34622.019: [GC (Allocation Failure)  460606K->8542K(1231360K), 0.0064503 secs]
34622.572: [GC (Allocation Failure)  551262K->8542K(1213440K), 0.0033315 secs]
34623.097: [GC (Allocation Failure)  533342K->8510K(1196032K), 0.0032845 secs]
34623.605: [GC (Allocation Failure)  515902K->8542K(1179648K), 0.0041673 secs]
34624.120: [GC (Allocation Failure)  499550K->8478K(1277952K), 0.0095297 secs]
34624.715: [GC (Allocation Failure)  597790K->8510K(1257472K), 0.0027102 secs]
34625.282: [GC (Allocation Failure)  577342K->8510K(1238016K), 0.0028991 secs]
34625.831: [GC (Allocation Failure)  557886K->8510K(1219584K), 0.0030054 secs]
34626.363: [GC (Allocation Failure)  539454K->8542K(1202176K), 0.0030353 secs]
34626.894: [GC (Allocation Failure)  522078K->8542K(1185280K), 0.0028825 secs]
34627.388: [GC (Allocation Failure)  505182K->8510K(1169408K), 0.0032726 secs]
34627.867: [GC (Allocation Failure)  489278K->8542K(1154048K), 0.0030755 secs]
34628.344: [GC (Allocation Failure)  473950K->8542K(1139200K), 0.0038512 secs]
34628.795: [GC (Allocation Failure)  459102K->8574K(1125376K), 0.0066482 secs]
34629.270: [GC (Allocation Failure)  445310K->8510K(1112064K), 0.0035047 secs]
34629.696: [GC (Allocation Failure)  431934K->8542K(1099264K), 0.0032081 secs]
34630.108: [GC (Allocation Failure)  419166K->8542K(1086976K), 0.0033134 secs]
34630.510: [GC (Allocation Failure)  406878K->8574K(1075200K), 0.0028500 secs]
34630.915: [GC (Allocation Failure)  395134K->8542K(1063936K), 0.0029801 secs]
34631.293: [GC (Allocation Failure)  383838K->8542K(1053184K), 0.0032426 secs]
34631.661: [GC (Allocation Failure)  373086K->8542K(1042944K), 0.0028179 secs]
34632.020: [GC (Allocation Failure)  362846K->8510K(1032704K), 0.0030283 secs]
34632.370: [GC (Allocation Failure)  352574K->8510K(1022976K), 0.0041715 secs]
34632.711: [GC (Allocation Failure)  342846K->8574K(1013760K), 0.0031532 secs]
34633.042: [GC (Allocation Failure)  333694K->8510K(1005056K), 0.0039192 secs]
34633.366: [GC (Allocation Failure)  324926K->8542K(996352K), 0.0030777 secs]
34633.680: [GC (Allocation Failure)  316254K->8542K(1058304K), 0.0038428 secs]
34634.056: [GC (Allocation Failure)  378206K->8510K(1047552K), 0.0030094 secs]
34634.456: [GC (Allocation Failure)  367422K->8542K(1037312K), 0.0033713 secs]
34634.811: [GC (Allocation Failure)  357214K->8542K(1027584K), 0.0036384 secs]
34635.157: [GC (Allocation Failure)  347486K->8510K(1018368K), 0.0029068 secs]
34635.491: [GC (Allocation Failure)  338238K->8542K(1009152K), 0.0033087 secs]
34635.834: [GC (Allocation Failure)  329054K->8574K(1000448K), 0.0034099 secs]
34636.152: [GC (Allocation Failure)  320382K->8542K(992256K), 0.0034084 secs]
34636.463: [GC (Allocation Failure)  312158K->8542K(1053184K), 0.0045731 secs]
34636.839: [GC (Allocation Failure)  373086K->8574K(1042944K), 0.0029376 secs]
34637.202: [GC (Allocation Failure)  362878K->8510K(1032704K), 0.0035836 secs]
34637.552: [GC (Allocation Failure)  352574K->8542K(1022976K), 0.0035330 secs]
34637.895: [GC (Allocation Failure)  342878K->8542K(1013760K), 0.0028657 secs]
34638.227: [GC (Allocation Failure)  333662K->8542K(1005056K), 0.0034310 secs]
34638.550: [GC (Allocation Failure)  324958K->8574K(996352K), 0.0027972 secs]
34638.863: [GC (Allocation Failure)  316286K->8542K(988160K), 0.0036783 secs]
34639.168: [GC (Allocation Failure)  308062K->8574K(1048064K), 0.0034940 secs]
34639.554: [GC (Allocation Failure)  367998K->8542K(1120256K), 0.0038048 secs]
34639.986: [GC (Allocation Failure)  440158K->8574K(1106944K), 0.0029906 secs]
34640.405: [GC (Allocation Failure)  426878K->8542K(1094144K), 0.0034394 secs]
34640.813: [GC (Allocation Failure)  414046K->8574K(1081856K), 0.0032427 secs]
34641.207: [GC (Allocation Failure)  401790K->8542K(1070080K), 0.0037134 secs]
34641.592: [GC (Allocation Failure)  389982K->8542K(1058816K), 0.0046739 secs]
34641.971: [GC (Allocation Failure)  378718K->8574K(1048064K), 0.0028347 secs]
34642.334: [GC (Allocation Failure)  367998K->8574K(1037824K), 0.0033446 secs]
34642.687: [GC (Allocation Failure)  357758K->8510K(1028096K), 0.0033682 secs]
34643.030: [GC (Allocation Failure)  347966K->8510K(1018880K), 0.0033178 secs]
34643.366: [GC (Allocation Failure)  338750K->8542K(1009664K), 0.0029672 secs]
34643.692: [GC (Allocation Failure)  329566K->8542K(1000960K), 0.0030354 secs]
34644.008: [GC (Allocation Failure)  320862K->8510K(992768K), 0.0030718 secs]
34644.316: [GC (Allocation Failure)  312638K->8510K(984576K), 0.0039872 secs]
34644.617: [GC (Allocation Failure)  304446K->8542K(1043968K), 0.0033931 secs]
34644.979: [GC (Allocation Failure)  363870K->8542K(1115136K), 0.0035200 secs]
34645.407: [GC (Allocation Failure)  435038K->8542K(1102336K), 0.0036898 secs]
34645.823: [GC (Allocation Failure)  422238K->8510K(1090048K), 0.0034723 secs]
34646.228: [GC (Allocation Failure)  409918K->8510K(1078272K), 0.0032340 secs]
34646.622: [GC (Allocation Failure)  398142K->8510K(1067008K), 0.0037655 secs]
34647.006: [GC (Allocation Failure)  386878K->8574K(1056256K), 0.0029025 secs]
34647.380: [GC (Allocation Failure)  376190K->8542K(1045504K), 0.0032942 secs]
34647.744: [GC (Allocation Failure)  365406K->8542K(1035264K), 0.0034111 secs]
34648.097: [GC (Allocation Failure)  355166K->8542K(1025536K), 0.0035314 secs]
34648.440: [GC (Allocation Failure)  345438K->8510K(1016320K), 0.0036533 secs]
34648.773: [GC (Allocation Failure)  336190K->8574K(1007616K), 0.0026550 secs]
34649.097: [GC (Allocation Failure)  327550K->8510K(998912K), 0.0027788 secs]
34649.412: [GC (Allocation Failure)  318782K->8542K(990720K), 0.0030021 secs]
34649.744: [GC (Allocation Failure)  310622K->8542K(983040K), 0.0035461 secs]
34650.044: [GC (Allocation Failure)  302942K->8510K(1041920K), 0.0038948 secs]
34650.403: [GC (Allocation Failure)  361790K->8510K(1032192K), 0.0029608 secs]
34650.751: [GC (Allocation Failure)  352062K->8574K(1022464K), 0.0033088 secs]
34651.090: [GC (Allocation Failure)  342398K->8542K(1013248K), 0.0036430 secs]
34651.419: [GC (Allocation Failure)  333150K->8542K(1078272K), 0.0036629 secs]
34651.812: [GC (Allocation Failure)  398174K->8574K(1067008K), 0.0034703 secs]
34652.193: [GC (Allocation Failure)  386942K->8542K(1056256K), 0.0031596 secs]
34652.563: [GC (Allocation Failure)  376158K->8542K(1045504K), 0.0041941 secs]
34652.924: [GC (Allocation Failure)  365406K->8574K(1117184K), 0.0040277 secs]
34653.371: [GC (Allocation Failure)  437118K->8542K(1103872K), 0.0036761 secs]
34653.790: [GC (Allocation Failure)  423774K->8510K(1091072K), 0.0034783 secs]
34654.209: [GC (Allocation Failure)  410942K->8510K(1079296K), 0.0039547 secs]
34654.604: [GC (Allocation Failure)  399166K->8574K(1068032K), 0.0031818 secs]
34655.003: [GC (Allocation Failure)  387966K->8542K(1056768K), 0.0034389 secs]
34655.374: [GC (Allocation Failure)  376670K->8574K(1046016K), 0.0034812 secs]
34655.736: [GC (Allocation Failure)  365950K->8510K(1035776K), 0.0031502 secs]
34656.088: [GC (Allocation Failure)  355646K->8510K(1026048K), 0.0032473 secs]
34656.430: [GC (Allocation Failure)  345918K->8542K(1016832K), 0.0037028 secs]
34656.762: [GC (Allocation Failure)  336734K->8510K(1008128K), 0.0026070 secs]
34657.118: [GC (Allocation Failure)  327998K->8574K(999424K), 0.0041303 secs]
34657.435: [GC (Allocation Failure)  319358K->8510K(991232K), 0.0035744 secs]
34657.743: [GC (Allocation Failure)  311102K->8510K(983552K), 0.0029528 secs]
34658.043: [GC (Allocation Failure)  303422K->8510K(975872K), 0.0032119 secs]
34658.335: [GC (Allocation Failure)  295742K->8542K(968704K), 0.0031056 secs]
34658.621: [GC (Allocation Failure)  288606K->8542K(1025024K), 0.0034291 secs]
34658.964: [GC (Allocation Failure)  344926K->8574K(1092608K), 0.0031148 secs]
34659.371: [GC (Allocation Failure)  412542K->8510K(1080320K), 0.0035783 secs]
34659.768: [GC (Allocation Failure)  400190K->8510K(1068544K), 0.0035884 secs]
34660.191: [GC (Allocation Failure)  388414K->8510K(1057280K), 0.0038975 secs]
34660.566: [GC (Allocation Failure)  377150K->8574K(1046528K), 0.0027994 secs]
34660.930: [GC (Allocation Failure)  366462K->8510K(1036288K), 0.0031280 secs]
34661.331: [GC (Allocation Failure)  356158K->8542K(1026560K), 0.0030048 secs]
34661.675: [GC (Allocation Failure)  346462K->8542K(1017344K), 0.0034742 secs]
34662.010: [GC (Allocation Failure)  337246K->8510K(1008640K), 0.0035248 secs]
34662.353: [GC (Allocation Failure)  328510K->8510K(999936K), 0.0026159 secs]
34662.670: [GC (Allocation Failure)  319806K->8542K(991744K), 0.0032948 secs]
34662.978: [GC (Allocation Failure)  311646K->8510K(984064K), 0.0028264 secs]
34663.279: [GC (Allocation Failure)  303934K->8542K(976384K), 0.0031649 secs]
34663.604: [GC (Allocation Failure)  296286K->8574K(969216K), 0.0031774 secs]
34663.889: [GC (Allocation Failure)  289150K->8542K(1025536K), 0.0037600 secs]
34664.232: [GC (Allocation Failure)  345438K->8510K(1016320K), 0.0031185 secs]
34664.576: [GC (Allocation Failure)  336190K->8542K(1081856K), 0.0039615 secs]
34664.980: [GC (Allocation Failure)  401758K->8574K(1070080K), 0.0031713 secs]
34665.365: [GC (Allocation Failure)  390014K->8542K(1058816K), 0.0037249 secs]
34665.740: [GC (Allocation Failure)  378718K->8542K(1048064K), 0.0036251 secs]
34666.105: [GC (Allocation Failure)  367966K->8574K(1037824K), 0.0031080 secs]
34666.460: [GC (Allocation Failure)  357758K->8542K(1028096K), 0.0032388 secs]
34666.805: [GC (Allocation Failure)  347998K->8510K(1018880K), 0.0030576 secs]
34667.140: [GC (Allocation Failure)  338750K->8510K(1009664K), 0.0037868 secs]
34667.466: [GC (Allocation Failure)  329534K->8574K(1000960K), 0.0034446 secs]
34667.784: [GC (Allocation Failure)  320894K->8542K(992768K), 0.0034354 secs]
34668.094: [GC (Allocation Failure)  312670K->8574K(1053696K), 0.0035255 secs]
34668.464: [GC (Allocation Failure)  373630K->8542K(1126912K), 0.0037184 secs]
34668.904: [GC (Allocation Failure)  446814K->8542K(1113600K), 0.0028989 secs]
34669.333: [GC (Allocation Failure)  433502K->8574K(1100800K), 0.0030768 secs]
34669.749: [GC (Allocation Failure)  420734K->8510K(1088512K), 0.0045308 secs]
34670.154: [GC (Allocation Failure)  408382K->8510K(1076736K), 0.0050946 secs]
34670.579: [GC (Allocation Failure)  396606K->8542K(1065472K), 0.0037909 secs]
34670.962: [GC (Allocation Failure)  385374K->8542K(1054720K), 0.0033416 secs]
34671.335: [GC (Allocation Failure)  374622K->8510K(1044480K), 0.0040073 secs]
34671.715: [GC (Allocation Failure)  364350K->8542K(1034240K), 0.0037694 secs]
34672.068: [GC (Allocation Failure)  354142K->8510K(1024512K), 0.0037964 secs]
34672.410: [GC (Allocation Failure)  344382K->8542K(1092096K), 0.0040352 secs]
34672.818: [GC (Allocation Failure)  411998K->8542K(1172992K), 0.0044401 secs]
34673.308: [GC (Allocation Failure)  492894K->8510K(1157632K), 0.0038661 secs]
34673.778: [GC (Allocation Failure)  477502K->8574K(1142784K), 0.0038229 secs]
34674.234: [GC (Allocation Failure)  462718K->8510K(1128448K), 0.0034710 secs]
34674.675: [GC (Allocation Failure)  448318K->8478K(1114624K), 0.0047415 secs]
34675.110: [GC (Allocation Failure)  434462K->8574K(1101824K), 0.0039943 secs]
34675.526: [GC (Allocation Failure)  421758K->8542K(1089536K), 0.0042003 secs]
34675.954: [GC (Allocation Failure)  409438K->8510K(1077760K), 0.0040017 secs]
34676.346: [GC (Allocation Failure)  397630K->8542K(1066496K), 0.0042727 secs]
34676.734: [GC (Allocation Failure)  386398K->8510K(1055744K), 0.0033357 secs]
34677.106: [GC (Allocation Failure)  375614K->8510K(1044992K), 0.0040998 secs]
34677.467: [GC (Allocation Failure)  364862K->8542K(1034752K), 0.0035866 secs]
34677.818: [GC (Allocation Failure)  354654K->8478K(1025024K), 0.0040590 secs]
34678.164: [GC (Allocation Failure)  344862K->8510K(1092608K), 0.0037955 secs]
34678.572: [GC (Allocation Failure)  412478K->8542K(1173504K), 0.0052794 secs]
34679.060: [GC (Allocation Failure)  493406K->8542K(1158144K), 0.0035911 secs]
34679.528: [GC (Allocation Failure)  478046K->8510K(1252352K), 0.0054521 secs]
34680.093: [GC (Allocation Failure)  572222K->8542K(1233408K), 0.0036268 secs]
34680.638: [GC (Allocation Failure)  553310K->8542K(1214976K), 0.0039104 secs]
34681.187: [GC (Allocation Failure)  534878K->8542K(1197568K), 0.0052031 secs]
34681.699: [GC (Allocation Failure)  517470K->8542K(1181184K), 0.0036730 secs]
34682.193: [GC (Allocation Failure)  501086K->8542K(1165312K), 0.0045227 secs]
34682.672: [GC (Allocation Failure)  485214K->8574K(1149952K), 0.0037383 secs]
34683.134: [GC (Allocation Failure)  469886K->8510K(1135616K), 0.0038568 secs]
34683.584: [GC (Allocation Failure)  455486K->8574K(1121792K), 0.0037198 secs]
34684.021: [GC (Allocation Failure)  441726K->8542K(1108480K), 0.0033876 secs]
34684.444: [GC (Allocation Failure)  428382K->8542K(1095680K), 0.0033794 secs]
34684.853: [GC (Allocation Failure)  415582K->8542K(1083392K), 0.0031272 secs]
34685.251: [GC (Allocation Failure)  403294K->8542K(1071616K), 0.0029896 secs]
34685.637: [GC (Allocation Failure)  391518K->8510K(1060352K), 0.0033847 secs]
34686.014: [GC (Allocation Failure)  380222K->8542K(1049600K), 0.0040787 secs]
34686.384: [GC (Allocation Failure)  369502K->8542K(1039360K), 0.0039199 secs]
34686.740: [GC (Allocation Failure)  359262K->8510K(1029632K), 0.0035918 secs]
34687.103: [GC (Allocation Failure)  349502K->8542K(1020416K), 0.0034354 secs]
34687.444: [GC (Allocation Failure)  340318K->8510K(1011200K), 0.0029772 secs]
34687.772: [GC (Allocation Failure)  331070K->8510K(1002496K), 0.0040701 secs]
34688.092: [GC (Allocation Failure)  322366K->8510K(994304K), 0.0034854 secs]
34688.403: [GC (Allocation Failure)  314174K->8542K(1055744K), 0.0035574 secs]
34688.775: [GC (Allocation Failure)  375646K->8510K(1044992K), 0.0031992 secs]
34689.138: [GC (Allocation Failure)  364862K->8542K(1034752K), 0.0035889 secs]
34689.489: [GC (Allocation Failure)  354654K->8542K(1025024K), 0.0033378 secs]
34689.830: [GC (Allocation Failure)  344926K->8510K(1015808K), 0.0032961 secs]
34690.185: [GC (Allocation Failure)  335678K->8574K(1007104K), 0.0035235 secs]
34690.509: [GC (Allocation Failure)  327038K->8542K(1071104K), 0.0040448 secs]
34690.896: [GC (Allocation Failure)  391006K->8510K(1059840K), 0.0037762 secs]
34691.273: [GC (Allocation Failure)  379710K->8510K(1134080K), 0.0046768 secs]
34691.722: [GC (Allocation Failure)  453950K->8510K(1120256K), 0.0036227 secs]
34692.157: [GC (Allocation Failure)  440126K->8542K(1106944K), 0.0038559 secs]
34692.580: [GC (Allocation Failure)  426846K->8542K(1094144K), 0.0031224 secs]
34692.989: [GC (Allocation Failure)  414046K->8510K(1081856K), 0.0041108 secs]
34693.392: [GC (Allocation Failure)  401726K->8510K(1070080K), 0.0038032 secs]
34693.780: [GC (Allocation Failure)  389950K->8542K(1058816K), 0.0030782 secs]
34694.157: [GC (Allocation Failure)  378718K->8510K(1048064K), 0.0031909 secs]
34694.523: [GC (Allocation Failure)  367934K->8510K(1037824K), 0.0037925 secs]
34694.882: [GC (Allocation Failure)  357694K->8510K(1028096K), 0.0037005 secs]
34695.229: [GC (Allocation Failure)  347966K->8542K(1018880K), 0.0044582 secs]
34695.571: [GC (Allocation Failure)  338782K->8542K(1084928K), 0.0044462 secs]
34695.974: [GC (Allocation Failure)  404830K->8510K(1164288K), 0.0045331 secs]
34696.459: [GC (Allocation Failure)  484158K->8510K(1148928K), 0.0033924 secs]
34696.950: [GC (Allocation Failure)  468798K->8542K(1134592K), 0.0035124 secs]
34697.413: [GC (Allocation Failure)  454494K->8510K(1120768K), 0.0035344 secs]
34697.846: [GC (Allocation Failure)  440638K->8510K(1107456K), 0.0032600 secs]
34698.266: [GC (Allocation Failure)  427326K->8542K(1094656K), 0.0032361 secs]
34698.675: [GC (Allocation Failure)  414558K->8542K(1082368K), 0.0047274 secs]
34699.076: [GC (Allocation Failure)  402270K->8574K(1070592K), 0.0033978 secs]
34699.462: [GC (Allocation Failure)  390526K->8510K(1059328K), 0.0039643 secs]
34699.836: [GC (Allocation Failure)  379198K->8542K(1048576K), 0.0032845 secs]
34700.200: [GC (Allocation Failure)  368478K->8510K(1038336K), 0.0028733 secs]
34700.566: [GC (Allocation Failure)  358206K->8510K(1028608K), 0.0033876 secs]
34700.915: [GC (Allocation Failure)  348478K->8510K(1019392K), 0.0031177 secs]
34701.250: [GC (Allocation Failure)  339262K->8574K(1010176K), 0.0036268 secs]
34701.639: [GC (Allocation Failure)  330110K->8510K(1001472K), 0.0036669 secs]
34701.958: [GC (Allocation Failure)  321342K->8542K(993280K), 0.0030044 secs]
34702.268: [GC (Allocation Failure)  313182K->8510K(985088K), 0.0031410 secs]
34702.571: [GC (Allocation Failure)  304958K->8510K(977408K), 0.0034797 secs]
34702.866: [GC (Allocation Failure)  297278K->8542K(1035264K), 0.0039396 secs]
34703.218: [GC (Allocation Failure)  355166K->8574K(1104896K), 0.0032945 secs]
34703.641: [GC (Allocation Failure)  424830K->8510K(1092096K), 0.0033508 secs]
34704.047: [GC (Allocation Failure)  411966K->8542K(1079808K), 0.0031194 secs]
34704.442: [GC (Allocation Failure)  399710K->8542K(1068032K), 0.0032577 secs]
34704.826: [GC (Allocation Failure)  387934K->8542K(1056768K), 0.0044910 secs]
34705.202: [GC (Allocation Failure)  376670K->8542K(1046016K), 0.0028906 secs]
34705.565: [GC (Allocation Failure)  365918K->8542K(1035776K), 0.0034537 secs]
34705.919: [GC (Allocation Failure)  355678K->8510K(1026048K), 0.0033607 secs]
34706.263: [GC (Allocation Failure)  345918K->8542K(1016832K), 0.0039381 secs]
34706.599: [GC (Allocation Failure)  336734K->8542K(1008128K), 0.0027535 secs]
34706.925: [GC (Allocation Failure)  328030K->8510K(999424K), 0.0035523 secs]
34707.277: [GC (Allocation Failure)  319294K->8574K(991232K), 0.0038342 secs]
34707.603: [GC (Allocation Failure)  311166K->8542K(983552K), 0.0032777 secs]
34707.905: [GC (Allocation Failure)  303454K->8574K(975872K), 0.0028773 secs]
34708.198: [GC (Allocation Failure)  295806K->8574K(968704K), 0.0031031 secs]
34708.484: [GC (Allocation Failure)  288638K->8606K(961536K), 0.0029443 secs]
34708.764: [GC (Allocation Failure)  281502K->8574K(1016320K), 0.0033660 secs]
34709.099: [GC (Allocation Failure)  336254K->8542K(1007616K), 0.0030966 secs]
34709.441: [GC (Allocation Failure)  327518K->8510K(998912K), 0.0032622 secs]
34709.755: [GC (Allocation Failure)  318782K->8542K(1061376K), 0.0035692 secs]
34710.160: [GC (Allocation Failure)  381278K->8510K(1050624K), 0.0038103 secs]
34710.527: [GC (Allocation Failure)  370494K->8574K(1040384K), 0.0028251 secs]
34710.883: [GC (Allocation Failure)  360318K->8542K(1030656K), 0.0031185 secs]
34711.230: [GC (Allocation Failure)  350558K->8542K(1020928K), 0.0034378 secs]
34711.568: [GC (Allocation Failure)  340830K->8510K(1011712K), 0.0039129 secs]
34711.898: [GC (Allocation Failure)  331582K->8574K(1076736K), 0.0038177 secs]
34712.290: [GC (Allocation Failure)  396670K->8542K(1065472K), 0.0030991 secs]
34712.670: [GC (Allocation Failure)  385374K->8510K(1054720K), 0.0033777 secs]
34713.040: [GC (Allocation Failure)  374590K->8542K(1044480K), 0.0028124 secs]
34713.401: [GC (Allocation Failure)  364382K->8542K(1034240K), 0.0035442 secs]
34713.751: [GC (Allocation Failure)  354142K->8542K(1024512K), 0.0028660 secs]
34714.094: [GC (Allocation Failure)  344414K->8542K(1015296K), 0.0036806 secs]
34714.428: [GC (Allocation Failure)  335198K->8542K(1006592K), 0.0033185 secs]
34714.772: [GC (Allocation Failure)  326494K->8542K(997888K), 0.0034181 secs]
34715.121: [GC (Allocation Failure)  317790K->8542K(989696K), 0.0033886 secs]
34715.430: [GC (Allocation Failure)  309598K->8510K(1050112K), 0.0037715 secs]
34715.798: [GC (Allocation Failure)  369982K->8542K(1039872K), 0.0030009 secs]
34716.155: [GC (Allocation Failure)  359774K->8510K(1030144K), 0.0040636 secs]
34716.503: [GC (Allocation Failure)  350014K->8542K(1020928K), 0.0026508 secs]
34716.841: [GC (Allocation Failure)  340830K->8574K(1011712K), 0.0031133 secs]
34717.170: [GC (Allocation Failure)  331646K->8542K(1076736K), 0.0045203 secs]
34717.568: [GC (Allocation Failure)  396638K->8542K(1065472K), 0.0027492 secs]
34717.981: [GC (Allocation Failure)  385374K->8510K(1054720K), 0.0041302 secs]
34718.353: [GC (Allocation Failure)  374590K->8542K(1044480K), 0.0031301 secs]
34718.715: [GC (Allocation Failure)  364382K->8574K(1034240K), 0.0025583 secs]
34719.067: [GC (Allocation Failure)  354174K->8606K(1024512K), 0.0030370 secs]
34719.408: [GC (Allocation Failure)  344478K->8542K(1015296K), 0.0029026 secs]
34719.739: [GC (Allocation Failure)  335198K->8510K(1006592K), 0.0029583 secs]
34720.062: [GC (Allocation Failure)  326462K->8574K(997888K), 0.0033002 secs]
34720.375: [GC (Allocation Failure)  317822K->8510K(989696K), 0.0040614 secs]
34720.682: [GC (Allocation Failure)  309566K->8510K(982016K), 0.0029592 secs]
34720.979: [GC (Allocation Failure)  301886K->8510K(1040896K), 0.0050838 secs]
34721.338: [GC (Allocation Failure)  360766K->8510K(1111552K), 0.0036046 secs]
34721.782: [GC (Allocation Failure)  431422K->8542K(1196544K), 0.0034634 secs]
34722.289: [GC (Allocation Failure)  516446K->8510K(1180160K), 0.0039488 secs]
34722.781: [GC (Allocation Failure)  500030K->8574K(1164288K), 0.0050576 secs]
34723.281: [GC (Allocation Failure)  484222K->8542K(1148928K), 0.0033378 secs]
34723.741: [GC (Allocation Failure)  468830K->8574K(1134592K), 0.0045008 secs]
34724.192: [GC (Allocation Failure)  454526K->8510K(1120768K), 0.0032732 secs]
34724.629: [GC (Allocation Failure)  440638K->8542K(1107456K), 0.0031616 secs]
34725.049: [GC (Allocation Failure)  427358K->8542K(1094656K), 0.0028512 secs]
34725.458: [GC (Allocation Failure)  414558K->8510K(1082368K), 0.0034589 secs]
34725.857: [GC (Allocation Failure)  402238K->8542K(1070592K), 0.0045034 secs]
34726.265: [GC (Allocation Failure)  390494K->8542K(1059328K), 0.0033084 secs]
34726.641: [GC (Allocation Failure)  379230K->8542K(1048576K), 0.0035490 secs]
34727.028: [GC (Allocation Failure)  368478K->8510K(1038336K), 0.0031558 secs]
34727.385: [GC (Allocation Failure)  358206K->8606K(1028608K), 0.0036494 secs]
34727.731: [GC (Allocation Failure)  348574K->8510K(1019392K), 0.0037911 secs]
34728.072: [GC (Allocation Failure)  339262K->8542K(1010176K), 0.0040131 secs]
34728.400: [GC (Allocation Failure)  330078K->8542K(1001472K), 0.0030191 secs]
34728.720: [GC (Allocation Failure)  321374K->8510K(993280K), 0.0028891 secs]
34729.064: [GC (Allocation Failure)  313150K->8542K(985088K), 0.0037062 secs]
34729.402: [GC (Allocation Failure)  304990K->8542K(1044480K), 0.0042610 secs]
34729.772: [GC (Allocation Failure)  364382K->8574K(1034240K), 0.0031292 secs]
34730.125: [GC (Allocation Failure)  354174K->8542K(1024512K), 0.0028066 secs]
34730.468: [GC (Allocation Failure)  344414K->8574K(1015296K), 0.0028243 secs]
34730.800: [GC (Allocation Failure)  335230K->8510K(1006592K), 0.0033186 secs]
34731.124: [GC (Allocation Failure)  326462K->8574K(997888K), 0.0030661 secs]
34731.440: [GC (Allocation Failure)  317822K->8542K(989696K), 0.0030472 secs]
34731.748: [GC (Allocation Failure)  309598K->8574K(982016K), 0.0035931 secs]
34732.047: [GC (Allocation Failure)  301950K->8510K(1040896K), 0.0039609 secs]
34732.406: [GC (Allocation Failure)  360766K->8542K(1111552K), 0.0032731 secs]
34732.831: [GC (Allocation Failure)  431454K->8574K(1098752K), 0.0033069 secs]
34733.243: [GC (Allocation Failure)  418686K->8510K(1086464K), 0.0030915 secs]
34733.669: [GC (Allocation Failure)  406334K->8510K(1074688K), 0.0035845 secs]
34734.060: [GC (Allocation Failure)  394558K->8510K(1063424K), 0.0047361 secs]
34734.444: [GC (Allocation Failure)  383294K->8510K(1052672K), 0.0038055 secs]
34734.813: [GC (Allocation Failure)  372542K->8542K(1042432K), 0.0038934 secs]
34735.173: [GC (Allocation Failure)  362334K->8606K(1032704K), 0.0028911 secs]
34735.522: [GC (Allocation Failure)  352670K->8574K(1022976K), 0.0032551 secs]
34735.862: [GC (Allocation Failure)  342910K->8542K(1013760K), 0.0031042 secs]
34736.193: [GC (Allocation Failure)  333662K->8510K(1005056K), 0.0027505 secs]
34736.515: [GC (Allocation Failure)  324926K->8542K(996352K), 0.0036608 secs]
34736.843: [GC (Allocation Failure)  316254K->8510K(988160K), 0.0033683 secs]
34737.148: [GC (Allocation Failure)  308030K->8574K(980480K), 0.0031213 secs]
34737.445: [GC (Allocation Failure)  300414K->8542K(1038848K), 0.0036023 secs]
34737.801: [GC (Allocation Failure)  358750K->8574K(1029120K), 0.0030327 secs]
34738.147: [GC (Allocation Failure)  349054K->8510K(1019904K), 0.0033721 secs]
34738.485: [GC (Allocation Failure)  339774K->8606K(1010688K), 0.0028255 secs]
34738.812: [GC (Allocation Failure)  330654K->8574K(1001984K), 0.0035646 secs]
34739.131: [GC (Allocation Failure)  321918K->8542K(1064960K), 0.0038569 secs]
34739.512: [GC (Allocation Failure)  384862K->8574K(1054208K), 0.0031556 secs]
34739.884: [GC (Allocation Failure)  374142K->8542K(1043968K), 0.0030725 secs]
34740.244: [GC (Allocation Failure)  363870K->8542K(1033728K), 0.0029162 secs]
34740.595: [GC (Allocation Failure)  353630K->8542K(1024000K), 0.0033311 secs]
34740.935: [GC (Allocation Failure)  343902K->8510K(1014784K), 0.0037903 secs]
34741.268: [GC (Allocation Failure)  334654K->8510K(1006080K), 0.0038926 secs]
34741.592: [GC (Allocation Failure)  325950K->8542K(997376K), 0.0032878 secs]
34741.906: [GC (Allocation Failure)  317278K->8510K(989184K), 0.0027944 secs]
34742.212: [GC (Allocation Failure)  309054K->8574K(981504K), 0.0028144 secs]
34742.509: [GC (Allocation Failure)  301438K->8542K(1040384K), 0.0039432 secs]
34742.901: [GC (Allocation Failure)  360286K->8542K(1111040K), 0.0036991 secs]
34743.325: [GC (Allocation Failure)  430942K->8574K(1098240K), 0.0037864 secs]
34743.739: [GC (Allocation Failure)  418174K->8542K(1085952K), 0.0029538 secs]
34744.173: [GC (Allocation Failure)  405854K->8542K(1074176K), 0.0038880 secs]
34744.577: [GC (Allocation Failure)  394078K->8542K(1062912K), 0.0030316 secs]
34744.955: [GC (Allocation Failure)  382814K->8542K(1052160K), 0.0030050 secs]
34745.322: [GC (Allocation Failure)  372062K->8510K(1041920K), 0.0026267 secs]
34745.678: [GC (Allocation Failure)  361790K->8510K(1032192K), 0.0027149 secs]
34746.026: [GC (Allocation Failure)  352062K->8574K(1022464K), 0.0029123 secs]
34746.363: [GC (Allocation Failure)  342398K->8510K(1013248K), 0.0030331 secs]
34746.691: [GC (Allocation Failure)  333118K->8542K(1004544K), 0.0030201 secs]
34747.011: [GC (Allocation Failure)  324446K->8542K(996352K), 0.0033596 secs]
34747.323: [GC (Allocation Failure)  316254K->8542K(988160K), 0.0032107 secs]
34747.627: [GC (Allocation Failure)  308062K->8574K(980480K), 0.0029436 secs]
34747.923: [GC (Allocation Failure)  300414K->8574K(972800K), 0.0027087 secs]
34748.214: [GC (Allocation Failure)  292734K->8542K(965632K), 0.0033409 secs]
34748.497: [GC (Allocation Failure)  285534K->8574K(958464K), 0.0031674 secs]
34748.793: [GC (Allocation Failure)  278398K->8542K(1012736K), 0.0034458 secs]
34749.148: [GC (Allocation Failure)  332638K->8542K(1077760K), 0.0035961 secs]
34749.542: [GC (Allocation Failure)  397662K->8542K(1066496K), 0.0027928 secs]
34749.925: [GC (Allocation Failure)  386398K->8574K(1055744K), 0.0031693 secs]
34750.298: [GC (Allocation Failure)  375678K->8542K(1044992K), 0.0033586 secs]
34750.661: [GC (Allocation Failure)  364894K->8574K(1034752K), 0.0035586 secs]
34751.014: [GC (Allocation Failure)  354686K->8574K(1025024K), 0.0030749 secs]
34751.356: [GC (Allocation Failure)  344958K->8510K(1015808K), 0.0032176 secs]
34751.689: [GC (Allocation Failure)  335678K->8510K(1007104K), 0.0034249 secs]
34752.014: [GC (Allocation Failure)  326974K->8542K(998400K), 0.0039362 secs]
34752.330: [GC (Allocation Failure)  318302K->8510K(1060352K), 0.0035518 secs]
34752.708: [GC (Allocation Failure)  380222K->8542K(1135104K), 0.0037371 secs]
34753.175: [GC (Allocation Failure)  455006K->8510K(1224704K), 0.0047800 secs]
34753.711: [GC (Allocation Failure)  544574K->8542K(1206784K), 0.0032110 secs]
34754.227: [GC (Allocation Failure)  526686K->8510K(1189888K), 0.0042280 secs]
34754.771: [GC (Allocation Failure)  509758K->8510K(1173504K), 0.0038431 secs]
34755.255: [GC (Allocation Failure)  493374K->8574K(1158144K), 0.0031526 secs]
34755.723: [GC (Allocation Failure)  478078K->8574K(1143296K), 0.0034457 secs]
34756.178: [GC (Allocation Failure)  463230K->8542K(1128960K), 0.0029175 secs]
34756.618: [GC (Allocation Failure)  448862K->8542K(1115136K), 0.0030744 secs]
34757.046: [GC (Allocation Failure)  435038K->8542K(1102336K), 0.0037203 secs]
34757.461: [GC (Allocation Failure)  422238K->8542K(1090048K), 0.0036350 secs]
34757.865: [GC (Allocation Failure)  409950K->8510K(1078272K), 0.0031069 secs]
34758.257: [GC (Allocation Failure)  398142K->8510K(1067008K), 0.0032221 secs]
34758.640: [GC (Allocation Failure)  386878K->8542K(1056256K), 0.0027354 secs]
34759.012: [GC (Allocation Failure)  376158K->8542K(1045504K), 0.0032448 secs]
34759.377: [GC (Allocation Failure)  365406K->8542K(1035264K), 0.0030036 secs]
34759.729: [GC (Allocation Failure)  355166K->8542K(1025536K), 0.0034311 secs]
34760.073: [GC (Allocation Failure)  345438K->8574K(1016320K), 0.0032518 secs]
34760.407: [GC (Allocation Failure)  336254K->8574K(1007616K), 0.0033133 secs]
34760.732: [GC (Allocation Failure)  327550K->8510K(998912K), 0.0025840 secs]
34761.048: [GC (Allocation Failure)  318782K->8542K(990720K), 0.0034920 secs]
34761.356: [GC (Allocation Failure)  310622K->8542K(983040K), 0.0028351 secs]
34761.657: [GC (Allocation Failure)  302942K->8542K(975360K), 0.0038089 secs]
34761.951: [GC (Allocation Failure)  295262K->8510K(1032704K), 0.0032028 secs]
34762.302: [GC (Allocation Failure)  352574K->8510K(1022976K), 0.0030152 secs]
34762.642: [GC (Allocation Failure)  342846K->8542K(1013760K), 0.0031338 secs]
34762.974: [GC (Allocation Failure)  333662K->8574K(1005056K), 0.0029500 secs]
34763.296: [GC (Allocation Failure)  324990K->8510K(996352K), 0.0032860 secs]
34763.612: [GC (Allocation Failure)  316222K->8510K(988160K), 0.0035710 secs]
34763.919: [GC (Allocation Failure)  308030K->8542K(1048064K), 0.0034414 secs]
34764.286: [GC (Allocation Failure)  367966K->8542K(1037824K), 0.0032257 secs]
34764.642: [GC (Allocation Failure)  357726K->8542K(1028096K), 0.0032058 secs]
34765.009: [GC (Allocation Failure)  347998K->8510K(1018880K), 0.0037678 secs]
34765.345: [GC (Allocation Failure)  338750K->8574K(1009664K), 0.0029035 secs]
34765.671: [GC (Allocation Failure)  329598K->8542K(1074176K), 0.0042418 secs]
34766.064: [GC (Allocation Failure)  394078K->8510K(1062912K), 0.0033512 secs]
34766.444: [GC (Allocation Failure)  382782K->8574K(1052160K), 0.0031880 secs]
34766.814: [GC (Allocation Failure)  372094K->8510K(1041920K), 0.0032949 secs]
34767.172: [GC (Allocation Failure)  361790K->8510K(1032192K), 0.0032039 secs]
34767.521: [GC (Allocation Failure)  352062K->8510K(1022464K), 0.0032801 secs]
34767.860: [GC (Allocation Failure)  342334K->8542K(1013248K), 0.0032198 secs]
34768.191: [GC (Allocation Failure)  333150K->8542K(1004544K), 0.0034383 secs]
34768.511: [GC (Allocation Failure)  324446K->8542K(996352K), 0.0025655 secs]
34768.823: [GC (Allocation Failure)  316254K->8542K(988160K), 0.0031955 secs]
34769.128: [GC (Allocation Failure)  308062K->8510K(980480K), 0.0034999 secs]
34769.425: [GC (Allocation Failure)  300350K->8574K(972800K), 0.0030193 secs]
34769.716: [GC (Allocation Failure)  292734K->8510K(1029632K), 0.0033018 secs]
34770.086: [GC (Allocation Failure)  349502K->8542K(1020416K), 0.0031839 secs]
34770.425: [GC (Allocation Failure)  340318K->8542K(1086976K), 0.0048977 secs]
34770.833: [GC (Allocation Failure)  406878K->8574K(1166848K), 0.0035357 secs]
34771.312: [GC (Allocation Failure)  486782K->8542K(1151488K), 0.0033108 secs]
34771.776: [GC (Allocation Failure)  471390K->8510K(1136640K), 0.0035113 secs]
34772.227: [GC (Allocation Failure)  456510K->8542K(1122816K), 0.0031750 secs]
34772.663: [GC (Allocation Failure)  442718K->8574K(1109504K), 0.0032842 secs]
34773.087: [GC (Allocation Failure)  429438K->8542K(1096704K), 0.0032538 secs]
34773.501: [GC (Allocation Failure)  416606K->8542K(1084416K), 0.0033070 secs]
34773.902: [GC (Allocation Failure)  404318K->8574K(1072640K), 0.0032210 secs]
34774.292: [GC (Allocation Failure)  392574K->8510K(1061376K), 0.0039734 secs]
34774.670: [GC (Allocation Failure)  381246K->8510K(1050624K), 0.0033951 secs]
34775.038: [GC (Allocation Failure)  370494K->8574K(1040384K), 0.0035194 secs]
34775.433: [GC (Allocation Failure)  360318K->8510K(1030656K), 0.0036831 secs]
34775.782: [GC (Allocation Failure)  350526K->8542K(1020928K), 0.0033010 secs]
34776.120: [GC (Allocation Failure)  340830K->8574K(1011712K), 0.0025466 secs]
34776.448: [GC (Allocation Failure)  331646K->8542K(1003008K), 0.0040707 secs]
34776.772: [GC (Allocation Failure)  322910K->8574K(994816K), 0.0034577 secs]
34777.085: [GC (Allocation Failure)  314750K->8510K(1056256K), 0.0037916 secs]
34777.458: [GC (Allocation Failure)  376126K->8510K(1129984K), 0.0039049 secs]
34777.902: [GC (Allocation Failure)  449854K->8542K(1116160K), 0.0032993 secs]
34778.331: [GC (Allocation Failure)  436062K->8542K(1102848K), 0.0045731 secs]
34778.752: [GC (Allocation Failure)  422750K->8542K(1090560K), 0.0026655 secs]
34779.155: [GC (Allocation Failure)  410462K->8510K(1078784K), 0.0030541 secs]
34779.548: [GC (Allocation Failure)  398654K->8510K(1067520K), 0.0035571 secs]
34779.931: [GC (Allocation Failure)  387390K->8510K(1056256K), 0.0038039 secs]
34780.303: [GC (Allocation Failure)  376126K->8542K(1045504K), 0.0058305 secs]
34780.670: [GC (Allocation Failure)  365406K->8510K(1035264K), 0.0027023 secs]
34781.020: [GC (Allocation Failure)  355134K->8542K(1025536K), 0.0029704 secs]
34781.362: [GC (Allocation Failure)  345438K->8574K(1016320K), 0.0030856 secs]
34781.694: [GC (Allocation Failure)  336254K->8542K(1007616K), 0.0034994 secs]
34782.020: [GC (Allocation Failure)  327518K->8510K(998912K), 0.0036184 secs]
34782.338: [GC (Allocation Failure)  318782K->8510K(990720K), 0.0029948 secs]
34782.645: [GC (Allocation Failure)  310590K->8542K(983040K), 0.0032152 secs]
34782.945: [GC (Allocation Failure)  302942K->8510K(975360K), 0.0035089 secs]
34783.238: [GC (Allocation Failure)  295230K->8542K(968192K), 0.0028201 secs]
34783.522: [GC (Allocation Failure)  288094K->8542K(961024K), 0.0028297 secs]
34783.799: [GC (Allocation Failure)  280926K->8478K(954368K), 0.0026295 secs]
34784.069: [GC (Allocation Failure)  274206K->8542K(947712K), 0.0030252 secs]
34784.333: [GC (Allocation Failure)  267614K->8542K(999936K), 0.0030100 secs]
34784.649: [GC (Allocation Failure)  319838K->8542K(1062400K), 0.0031559 secs]
34785.029: [GC (Allocation Failure)  382302K->8510K(1137152K), 0.0040605 secs]
34785.480: [GC (Allocation Failure)  457022K->8542K(1123328K), 0.0032149 secs]
34785.918: [GC (Allocation Failure)  443230K->8542K(1110016K), 0.0038102 secs]
34786.344: [GC (Allocation Failure)  429918K->8542K(1097216K), 0.0034521 secs]
34786.756: [GC (Allocation Failure)  417118K->8574K(1084928K), 0.0037508 secs]
34787.156: [GC (Allocation Failure)  404862K->8574K(1073152K), 0.0031078 secs]
34787.543: [GC (Allocation Failure)  393086K->8542K(1061888K), 0.0035089 secs]
34787.920: [GC (Allocation Failure)  381790K->8574K(1051136K), 0.0036529 secs]
34788.286: [GC (Allocation Failure)  371070K->8542K(1040896K), 0.0030015 secs]
34788.642: [GC (Allocation Failure)  360798K->8510K(1031168K), 0.0027058 secs]
34788.992: [GC (Allocation Failure)  351038K->8542K(1021440K), 0.0048868 secs]
34789.330: [GC (Allocation Failure)  341342K->8510K(1012224K), 0.0028594 secs]
34789.657: [GC (Allocation Failure)  332094K->8542K(1003520K), 0.0034151 secs]
34789.976: [GC (Allocation Failure)  323422K->8510K(1066496K), 0.0040888 secs]
34790.358: [GC (Allocation Failure)  386366K->8542K(1055744K), 0.0033096 secs]
34790.728: [GC (Allocation Failure)  375646K->8542K(1044992K), 0.0034458 secs]
34791.113: [GC (Allocation Failure)  364894K->8542K(1034752K), 0.0037393 secs]
34791.464: [GC (Allocation Failure)  354654K->8574K(1025024K), 0.0039467 secs]
34791.806: [GC (Allocation Failure)  344958K->8542K(1015808K), 0.0034475 secs]
34792.138: [GC (Allocation Failure)  335710K->8542K(1081344K), 0.0037454 secs]
34792.535: [GC (Allocation Failure)  401246K->8542K(1069568K), 0.0030244 secs]
34792.920: [GC (Allocation Failure)  389470K->8542K(1058304K), 0.0038215 secs]
34793.295: [GC (Allocation Failure)  378206K->8510K(1047552K), 0.0037091 secs]
34793.661: [GC (Allocation Failure)  367422K->8542K(1037312K), 0.0031140 secs]
34794.015: [GC (Allocation Failure)  357214K->8542K(1027584K), 0.0039712 secs]
34794.361: [GC (Allocation Failure)  347486K->8574K(1018368K), 0.0030300 secs]
34794.697: [GC (Allocation Failure)  338302K->8542K(1009152K), 0.0037619 secs]
34795.025: [GC (Allocation Failure)  329054K->8542K(1000448K), 0.0025763 secs]
34795.343: [GC (Allocation Failure)  320350K->8574K(992256K), 0.0037587 secs]
34795.653: [GC (Allocation Failure)  312190K->8542K(1053184K), 0.0035407 secs]
34796.024: [GC (Allocation Failure)  373086K->8542K(1042944K), 0.0032914 secs]
34796.413: [GC (Allocation Failure)  362846K->8510K(1114112K), 0.0048430 secs]
34796.848: [GC (Allocation Failure)  433982K->8510K(1101312K), 0.0032100 secs]
34797.264: [GC (Allocation Failure)  421182K->8542K(1089024K), 0.0030242 secs]
34797.668: [GC (Allocation Failure)  408926K->8510K(1077248K), 0.0030891 secs]
34798.061: [GC (Allocation Failure)  397118K->8574K(1065984K), 0.0038552 secs]
34798.443: [GC (Allocation Failure)  385918K->8510K(1055232K), 0.0036076 secs]
34798.815: [GC (Allocation Failure)  375102K->8510K(1044480K), 0.0036806 secs]
34799.176: [GC (Allocation Failure)  364350K->8510K(1034240K), 0.0033930 secs]
34799.527: [GC (Allocation Failure)  354110K->8542K(1024512K), 0.0027245 secs]
34799.869: [GC (Allocation Failure)  344414K->8542K(1015296K), 0.0038616 secs]
34800.203: [GC (Allocation Failure)  335198K->8542K(1006592K), 0.0039662 secs]
34800.526: [GC (Allocation Failure)  326494K->8510K(997888K), 0.0030075 secs]
34800.839: [GC (Allocation Failure)  317758K->8542K(1059840K), 0.0036399 secs]
34801.215: [GC (Allocation Failure)  379742K->8574K(1049088K), 0.0033672 secs]
34801.614: [GC (Allocation Failure)  369022K->8542K(1038848K), 0.0035342 secs]
34801.970: [GC (Allocation Failure)  358750K->8574K(1029120K), 0.0034020 secs]
34802.316: [GC (Allocation Failure)  349054K->8510K(1019904K), 0.0034260 secs]
34802.653: [GC (Allocation Failure)  339774K->8510K(1010688K), 0.0035777 secs]
34802.982: [GC (Allocation Failure)  330558K->8510K(1075200K), 0.0039960 secs]
34803.373: [GC (Allocation Failure)  395070K->8574K(1063936K), 0.0032090 secs]
34803.753: [GC (Allocation Failure)  383870K->8510K(1053184K), 0.0037725 secs]
34804.125: [GC (Allocation Failure)  373054K->8542K(1042944K), 0.0038725 secs]
34804.487: [GC (Allocation Failure)  362846K->8574K(1032704K), 0.0032262 secs]
34804.836: [GC (Allocation Failure)  352638K->8510K(1101824K), 0.0044940 secs]
34805.260: [GC (Allocation Failure)  421694K->8542K(1089536K), 0.0036731 secs]
34805.668: [GC (Allocation Failure)  409438K->8510K(1077760K), 0.0032371 secs]
34806.067: [GC (Allocation Failure)  397630K->8542K(1066496K), 0.0034349 secs]
34806.450: [GC (Allocation Failure)  386398K->8606K(1055744K), 0.0036692 secs]
34806.824: [GC (Allocation Failure)  375710K->8542K(1044992K), 0.0033373 secs]
34807.187: [GC (Allocation Failure)  364894K->8542K(1034752K), 0.0046779 secs]
34807.542: [GC (Allocation Failure)  354654K->8542K(1025024K), 0.0030778 secs]
34807.884: [GC (Allocation Failure)  344926K->8542K(1015808K), 0.0032404 secs]
34808.218: [GC (Allocation Failure)  335710K->8542K(1007104K), 0.0037754 secs]
34808.543: [GC (Allocation Failure)  327006K->8542K(998400K), 0.0033152 secs]
34808.858: [GC (Allocation Failure)  318302K->8542K(990208K), 0.0030865 secs]
34809.166: [GC (Allocation Failure)  310110K->8574K(1050624K), 0.0035004 secs]
34809.550: [GC (Allocation Failure)  370558K->8510K(1123328K), 0.0043999 secs]
34809.987: [GC (Allocation Failure)  443198K->8542K(1110016K), 0.0033168 secs]
34810.412: [GC (Allocation Failure)  429918K->8574K(1097216K), 0.0042025 secs]
34810.823: [GC (Allocation Failure)  417150K->8510K(1084928K), 0.0024425 secs]
34811.222: [GC (Allocation Failure)  404798K->8510K(1073152K), 0.0037015 secs]
34811.610: [GC (Allocation Failure)  393022K->8510K(1061888K), 0.0039475 secs]
34812.023: [GC (Allocation Failure)  381758K->8510K(1051136K), 0.0031547 secs]
34812.391: [GC (Allocation Failure)  371006K->8542K(1040896K), 0.0039190 secs]
34812.749: [GC (Allocation Failure)  360798K->8542K(1031168K), 0.0041640 secs]
34813.102: [GC (Allocation Failure)  351070K->8542K(1021440K), 0.0031543 secs]
34813.442: [GC (Allocation Failure)  341342K->8542K(1012224K), 0.0033522 secs]
34813.771: [GC (Allocation Failure)  332126K->8510K(1003520K), 0.0034375 secs]
34814.093: [GC (Allocation Failure)  323390K->8542K(1066496K), 0.0039524 secs]
34814.476: [GC (Allocation Failure)  386398K->8542K(1055744K), 0.0034663 secs]
34814.848: [GC (Allocation Failure)  375646K->8574K(1044992K), 0.0032325 secs]
34815.210: [GC (Allocation Failure)  364926K->8542K(1034752K), 0.0029648 secs]
34815.562: [GC (Allocation Failure)  354654K->8510K(1025024K), 0.0036849 secs]
34815.905: [GC (Allocation Failure)  344894K->8510K(1015808K), 0.0034242 secs]
34816.239: [GC (Allocation Failure)  335678K->8510K(1007104K), 0.0031865 secs]
34816.564: [GC (Allocation Failure)  326974K->8510K(1071104K), 0.0038901 secs]
34816.952: [GC (Allocation Failure)  390974K->8542K(1059840K), 0.0032493 secs]
34817.328: [GC (Allocation Failure)  379742K->8542K(1049088K), 0.0037498 secs]
34817.696: [GC (Allocation Failure)  368990K->8574K(1038848K), 0.0036443 secs]
34818.054: [GC (Allocation Failure)  358782K->8510K(1029120K), 0.0035922 secs]
34818.401: [GC (Allocation Failure)  348990K->8542K(1019904K), 0.0028639 secs]
34818.739: [GC (Allocation Failure)  339806K->8542K(1010688K), 0.0031535 secs]
34819.067: [GC (Allocation Failure)  330590K->8542K(1001984K), 0.0031913 secs]
34819.387: [GC (Allocation Failure)  321886K->8542K(993792K), 0.0032181 secs]
34819.699: [GC (Allocation Failure)  313694K->8510K(985600K), 0.0035619 secs]
34820.003: [GC (Allocation Failure)  305470K->8542K(977920K), 0.0030609 secs]
34820.298: [GC (Allocation Failure)  297822K->8542K(1035776K), 0.0033186 secs]
34820.650: [GC (Allocation Failure)  355678K->8606K(1026048K), 0.0030742 secs]
34820.993: [GC (Allocation Failure)  346014K->8574K(1016832K), 0.0031494 secs]
34821.328: [GC (Allocation Failure)  336766K->8542K(1008128K), 0.0034669 secs]
34821.652: [GC (Allocation Failure)  328030K->8574K(1072128K), 0.0049668 secs]
34822.045: [GC (Allocation Failure)  392062K->8510K(1148928K), 0.0031000 secs]
34822.542: [GC (Allocation Failure)  468798K->8542K(1134592K), 0.0038291 secs]
34822.990: [GC (Allocation Failure)  454494K->8510K(1120768K), 0.0033817 secs]
34823.425: [GC (Allocation Failure)  440638K->8542K(1107456K), 0.0034182 secs]
34823.848: [GC (Allocation Failure)  427358K->8542K(1094656K), 0.0031837 secs]
34824.256: [GC (Allocation Failure)  414558K->8542K(1082368K), 0.0031159 secs]
34824.654: [GC (Allocation Failure)  402270K->8542K(1070592K), 0.0039368 secs]
34825.042: [GC (Allocation Failure)  390494K->8542K(1059328K), 0.0041584 secs]
34825.418: [GC (Allocation Failure)  379230K->8542K(1048576K), 0.0038080 secs]
34825.786: [GC (Allocation Failure)  368478K->8542K(1038336K), 0.0032672 secs]
34826.142: [GC (Allocation Failure)  358238K->8542K(1028608K), 0.0037882 secs]
34826.489: [GC (Allocation Failure)  348510K->8574K(1019392K), 0.0030528 secs]
34826.826: [GC (Allocation Failure)  339326K->8510K(1010176K), 0.0029271 secs]
34827.155: [GC (Allocation Failure)  330046K->8542K(1074688K), 0.0048781 secs]
34827.575: [GC (Allocation Failure)  394590K->8542K(1063424K), 0.0033110 secs]
34827.955: [GC (Allocation Failure)  383326K->8510K(1052672K), 0.0031033 secs]
34828.325: [GC (Allocation Failure)  372542K->8510K(1042432K), 0.0036606 secs]
34828.686: [GC (Allocation Failure)  362302K->8542K(1032704K), 0.0032636 secs]
34829.038: [GC (Allocation Failure)  352606K->8510K(1022976K), 0.0039491 secs]
34829.379: [GC (Allocation Failure)  342846K->8542K(1090048K), 0.0041177 secs]
34829.813: [GC (Allocation Failure)  409950K->8542K(1078272K), 0.0035260 secs]
34830.210: [GC (Allocation Failure)  398174K->8542K(1067008K), 0.0039454 secs]
34830.597: [GC (Allocation Failure)  386910K->8510K(1142784K), 0.0044656 secs]
34831.054: [GC (Allocation Failure)  462654K->8542K(1128448K), 0.0036622 secs]
34831.496: [GC (Allocation Failure)  448350K->8574K(1114624K), 0.0037281 secs]
34831.924: [GC (Allocation Failure)  434558K->8574K(1101824K), 0.0037040 secs]
34832.340: [GC (Allocation Failure)  421758K->8510K(1089536K), 0.0039926 secs]
34832.745: [GC (Allocation Failure)  409406K->8574K(1077760K), 0.0032783 secs]
34833.139: [GC (Allocation Failure)  397694K->8510K(1066496K), 0.0037605 secs]
34833.521: [GC (Allocation Failure)  386366K->8542K(1055744K), 0.0040292 secs]
34833.893: [GC (Allocation Failure)  375646K->8574K(1129472K), 0.0049352 secs]
34834.341: [GC (Allocation Failure)  449406K->8542K(1115648K), 0.0032991 secs]
34834.769: [GC (Allocation Failure)  435550K->8542K(1102848K), 0.0083076 secs]
34835.194: [GC (Allocation Failure)  422750K->8542K(1090560K), 0.0031833 secs]
34835.600: [GC (Allocation Failure)  410462K->8542K(1078784K), 0.0034214 secs]
34835.993: [GC (Allocation Failure)  398686K->8510K(1067520K), 0.0031613 secs]
34836.377: [GC (Allocation Failure)  387390K->8510K(1056256K), 0.0038008 secs]
34836.751: [GC (Allocation Failure)  376126K->8510K(1045504K), 0.0037195 secs]
34837.113: [GC (Allocation Failure)  365374K->8510K(1035264K), 0.0032942 secs]
34837.467: [GC (Allocation Failure)  355134K->8542K(1025536K), 0.0030850 secs]
34837.837: [GC (Allocation Failure)  345438K->8542K(1016320K), 0.0038699 secs]
34838.172: [GC (Allocation Failure)  336222K->8542K(1007616K), 0.0030839 secs]
34838.498: [GC (Allocation Failure)  327518K->8542K(998912K), 0.0034390 secs]
34838.814: [GC (Allocation Failure)  318814K->8542K(1061376K), 0.0042882 secs]
34839.197: [GC (Allocation Failure)  381278K->8510K(1136128K), 0.0039428 secs]
34839.650: [GC (Allocation Failure)  455998K->8542K(1122304K), 0.0031509 secs]
34840.085: [GC (Allocation Failure)  442206K->8542K(1108992K), 0.0036309 secs]
34840.511: [GC (Allocation Failure)  428894K->8510K(1096192K), 0.0032430 secs]
34840.922: [GC (Allocation Failure)  416062K->8542K(1083904K), 0.0030989 secs]
34841.323: [GC (Allocation Failure)  403806K->8542K(1072128K), 0.0036420 secs]
34841.713: [GC (Allocation Failure)  392030K->8542K(1060864K), 0.0030006 secs]
34842.090: [GC (Allocation Failure)  380766K->8510K(1050112K), 0.0033232 secs]
34842.456: [GC (Allocation Failure)  369982K->8510K(1039872K), 0.0034656 secs]
34842.814: [GC (Allocation Failure)  359742K->8510K(1030144K), 0.0032696 secs]
34843.188: [GC (Allocation Failure)  350014K->8510K(1020928K), 0.0037469 secs]
34843.526: [GC (Allocation Failure)  340798K->8574K(1011712K), 0.0029238 secs]
34843.853: [GC (Allocation Failure)  331646K->8510K(1003008K), 0.0030878 secs]
34844.172: [GC (Allocation Failure)  322878K->8542K(994816K), 0.0037491 secs]
34844.484: [GC (Allocation Failure)  314718K->8574K(986624K), 0.0028355 secs]
34844.787: [GC (Allocation Failure)  306558K->8574K(978944K), 0.0028712 secs]
34845.082: [GC (Allocation Failure)  298878K->8478K(971264K), 0.0035143 secs]
34845.369: [GC (Allocation Failure)  291102K->8542K(1028096K), 0.0034433 secs]
34845.714: [GC (Allocation Failure)  347998K->8542K(1018880K), 0.0028331 secs]
34846.049: [GC (Allocation Failure)  338782K->8542K(1009664K), 0.0037120 secs]
34846.377: [GC (Allocation Failure)  329566K->8510K(1074176K), 0.0039211 secs]
34846.767: [GC (Allocation Failure)  394046K->8510K(1062912K), 0.0033052 secs]
34847.147: [GC (Allocation Failure)  382782K->8510K(1052160K), 0.0038343 secs]
34847.515: [GC (Allocation Failure)  372030K->8510K(1041920K), 0.0029956 secs]
34847.874: [GC (Allocation Failure)  361790K->8542K(1032192K), 0.0034839 secs]
34848.255: [GC (Allocation Failure)  352094K->8542K(1022464K), 0.0037881 secs]
34848.597: [GC (Allocation Failure)  342366K->8574K(1013248K), 0.0025052 secs]
34848.927: [GC (Allocation Failure)  333182K->8542K(1004544K), 0.0035531 secs]
34849.249: [GC (Allocation Failure)  324446K->8542K(996352K), 0.0035765 secs]
34849.563: [GC (Allocation Failure)  316254K->8574K(1058304K), 0.0041404 secs]
34849.942: [GC (Allocation Failure)  378238K->8478K(1047552K), 0.0030625 secs]
34850.306: [GC (Allocation Failure)  367390K->8542K(1037312K), 0.0034060 secs]
34850.661: [GC (Allocation Failure)  357214K->8574K(1027584K), 0.0030301 secs]
34851.010: [GC (Allocation Failure)  347518K->8542K(1018368K), 0.0036225 secs]
34851.347: [GC (Allocation Failure)  338270K->8542K(1009152K), 0.0030251 secs]
34851.672: [GC (Allocation Failure)  329054K->8510K(1000448K), 0.0036699 secs]
34851.990: [GC (Allocation Failure)  320318K->8542K(1062912K), 0.0039945 secs]
34852.370: [GC (Allocation Failure)  382814K->8574K(1138176K), 0.0037683 secs]
34852.820: [GC (Allocation Failure)  458110K->8542K(1124352K), 0.0031225 secs]
34853.256: [GC (Allocation Failure)  444254K->8574K(1111040K), 0.0032954 secs]
34853.682: [GC (Allocation Failure)  430974K->8542K(1098240K), 0.0041966 secs]
34854.099: [GC (Allocation Failure)  418142K->8574K(1085952K), 0.0050026 secs]
34854.504: [GC (Allocation Failure)  405886K->8542K(1074176K), 0.0040468 secs]
34854.893: [GC (Allocation Failure)  394078K->8574K(1062912K), 0.0029652 secs]
34855.269: [GC (Allocation Failure)  382846K->8574K(1052160K), 0.0028542 secs]
34855.635: [GC (Allocation Failure)  372094K->8510K(1041920K), 0.0042484 secs]
34855.995: [GC (Allocation Failure)  361790K->8510K(1112576K), 0.0058008 secs]
34856.447: [GC (Allocation Failure)  432446K->8510K(1197568K), 0.0050588 secs]
34856.957: [GC (Allocation Failure)  517438K->8510K(1299456K), 0.0037511 secs]
34857.569: [GC (Allocation Failure)  619326K->8510K(1278464K), 0.0033517 secs]
34858.161: [GC (Allocation Failure)  598334K->8542K(1257984K), 0.0035641 secs]
34858.733: [GC (Allocation Failure)  577886K->8510K(1238528K), 0.0033078 secs]
34859.284: [GC (Allocation Failure)  558398K->8542K(1220096K), 0.0040163 secs]
34859.817: [GC (Allocation Failure)  539998K->8542K(1202688K), 0.0037343 secs]
34860.333: [GC (Allocation Failure)  522590K->8510K(1185792K), 0.0040916 secs]
34860.831: [GC (Allocation Failure)  505662K->8574K(1169920K), 0.0033226 secs]
34861.314: [GC (Allocation Failure)  489854K->8542K(1154560K), 0.0031455 secs]
34861.781: [GC (Allocation Failure)  474462K->8542K(1139712K), 0.0040140 secs]
34862.235: [GC (Allocation Failure)  459614K->8510K(1125376K), 0.0030488 secs]
34862.672: [GC (Allocation Failure)  445246K->8510K(1112064K), 0.0036898 secs]
34863.120: [GC (Allocation Failure)  431934K->8542K(1099264K), 0.0031623 secs]
34863.533: [GC (Allocation Failure)  419166K->8510K(1086976K), 0.0041188 secs]
34863.939: [GC (Allocation Failure)  406846K->8542K(1075200K), 0.0029004 secs]
34864.344: [GC (Allocation Failure)  395102K->8574K(1063936K), 0.0028740 secs]
34864.722: [GC (Allocation Failure)  383870K->8574K(1053184K), 0.0030050 secs]
34865.090: [GC (Allocation Failure)  373118K->8542K(1042944K), 0.0031824 secs]
34865.448: [GC (Allocation Failure)  362846K->8510K(1032704K), 0.0036280 secs]
34865.798: [GC (Allocation Failure)  352574K->8542K(1022976K), 0.0032465 secs]
34866.136: [GC (Allocation Failure)  342878K->8542K(1013760K), 0.0032558 secs]
34866.466: [GC (Allocation Failure)  333662K->8574K(1005056K), 0.0028287 secs]
34866.787: [GC (Allocation Failure)  324990K->8510K(996352K), 0.0031121 secs]
34867.100: [GC (Allocation Failure)  316222K->8510K(988160K), 0.0037917 secs]
34867.405: [GC (Allocation Failure)  308030K->8510K(980480K), 0.0033130 secs]
34867.702: [GC (Allocation Failure)  300350K->8574K(1038848K), 0.0032960 secs]
34868.059: [GC (Allocation Failure)  358782K->8574K(1029120K), 0.0027433 secs]
34868.405: [GC (Allocation Failure)  349054K->8574K(1097216K), 0.0053911 secs]
34868.823: [GC (Allocation Failure)  417150K->8542K(1084928K), 0.0030103 secs]
34869.224: [GC (Allocation Failure)  404830K->8542K(1073152K), 0.0034069 secs]
34869.655: [GC (Allocation Failure)  393054K->8542K(1061888K), 0.0033575 secs]
34870.034: [GC (Allocation Failure)  381790K->8574K(1051136K), 0.0033300 secs]
34870.403: [GC (Allocation Failure)  371070K->8510K(1040896K), 0.0036995 secs]
34870.762: [GC (Allocation Failure)  360766K->8542K(1031168K), 0.0032876 secs]
34871.110: [GC (Allocation Failure)  351070K->8542K(1021440K), 0.0030897 secs]
34871.449: [GC (Allocation Failure)  341342K->8542K(1012224K), 0.0030928 secs]
34871.779: [GC (Allocation Failure)  332126K->8510K(1003520K), 0.0027475 secs]
34872.099: [GC (Allocation Failure)  323390K->8542K(995328K), 0.0029577 secs]
34872.413: [GC (Allocation Failure)  315230K->8478K(987136K), 0.0030116 secs]
34872.716: [GC (Allocation Failure)  306974K->8542K(979456K), 0.0029190 secs]
34873.012: [GC (Allocation Failure)  299358K->8542K(971776K), 0.0029088 secs]
34873.301: [GC (Allocation Failure)  291678K->8542K(964608K), 0.0032007 secs]
34873.583: [GC (Allocation Failure)  284510K->8542K(957952K), 0.0030105 secs]
34873.859: [GC (Allocation Failure)  277854K->8542K(951296K), 0.0029736 secs]
34874.126: [GC (Allocation Failure)  271198K->8574K(945152K), 0.0027987 secs]
34874.388: [GC (Allocation Failure)  265086K->8510K(996864K), 0.0032328 secs]
34874.701: [GC (Allocation Failure)  316734K->8542K(1058816K), 0.0030911 secs]
34875.091: [GC (Allocation Failure)  378718K->8542K(1048064K), 0.0036300 secs]
34875.456: [GC (Allocation Failure)  367966K->8574K(1120256K), 0.0041537 secs]
34875.889: [GC (Allocation Failure)  440190K->8542K(1106944K), 0.0034830 secs]
34876.309: [GC (Allocation Failure)  426846K->8542K(1094144K), 0.0032734 secs]
34876.716: [GC (Allocation Failure)  414046K->8510K(1081856K), 0.0036928 secs]
34877.113: [GC (Allocation Failure)  401726K->8574K(1070080K), 0.0031147 secs]
34877.497: [GC (Allocation Failure)  390014K->8574K(1058816K), 0.0033619 secs]
34877.872: [GC (Allocation Failure)  378750K->8542K(1048064K), 0.0035272 secs]
34878.237: [GC (Allocation Failure)  367966K->8542K(1037824K), 0.0032683 secs]
34878.594: [GC (Allocation Failure)  357726K->8542K(1028096K), 0.0029976 secs]
34878.953: [GC (Allocation Failure)  347998K->8542K(1018880K), 0.0040235 secs]
34879.294: [GC (Allocation Failure)  338782K->8478K(1009664K), 0.0033559 secs]
34879.620: [GC (Allocation Failure)  329502K->8542K(1000960K), 0.0033284 secs]
34879.976: [GC (Allocation Failure)  320862K->8542K(992768K), 0.0033031 secs]
34880.286: [GC (Allocation Failure)  312670K->8542K(984576K), 0.0036826 secs]
34880.589: [GC (Allocation Failure)  304478K->8510K(1043968K), 0.0032231 secs]
34880.952: [GC (Allocation Failure)  363838K->8542K(1033728K), 0.0035177 secs]
34881.307: [GC (Allocation Failure)  353630K->8542K(1024000K), 0.0031185 secs]
34881.651: [GC (Allocation Failure)  343902K->8574K(1014784K), 0.0032721 secs]
34881.984: [GC (Allocation Failure)  334718K->8542K(1006080K), 0.0026503 secs]
34882.307: [GC (Allocation Failure)  325982K->8574K(997376K), 0.0033940 secs]
34882.622: [GC (Allocation Failure)  317310K->8574K(989184K), 0.0031933 secs]
34882.928: [GC (Allocation Failure)  309118K->8542K(981504K), 0.0030631 secs]
34883.227: [GC (Allocation Failure)  301406K->8510K(973824K), 0.0032494 secs]
34883.518: [GC (Allocation Failure)  293694K->8574K(1031168K), 0.0033685 secs]
34883.866: [GC (Allocation Failure)  351102K->8542K(1021440K), 0.0033679 secs]
34884.206: [GC (Allocation Failure)  341342K->8542K(1088000K), 0.0039530 secs]
34884.608: [GC (Allocation Failure)  407902K->8542K(1076224K), 0.0029071 secs]
34884.998: [GC (Allocation Failure)  396126K->8510K(1064960K), 0.0038203 secs]
34885.400: [GC (Allocation Failure)  384830K->8510K(1054208K), 0.0035106 secs]
34885.769: [GC (Allocation Failure)  374078K->8574K(1043968K), 0.0029497 secs]
34886.151: [GC (Allocation Failure)  363902K->8510K(1033728K), 0.0035181 secs]
34886.501: [GC (Allocation Failure)  353598K->8542K(1024000K), 0.0031657 secs]
34886.840: [GC (Allocation Failure)  343902K->8510K(1014784K), 0.0031749 secs]
34887.171: [GC (Allocation Failure)  334654K->8542K(1006080K), 0.0041043 secs]
34887.497: [GC (Allocation Failure)  325982K->8510K(1069568K), 0.0037878 secs]
34887.882: [GC (Allocation Failure)  389438K->8542K(1058304K), 0.0029653 secs]
34888.256: [GC (Allocation Failure)  378206K->8542K(1047552K), 0.0037915 secs]
34888.621: [GC (Allocation Failure)  367454K->8478K(1037312K), 0.0039064 secs]
34888.977: [GC (Allocation Failure)  357150K->8574K(1027584K), 0.0029839 secs]
34889.321: [GC (Allocation Failure)  347518K->8574K(1018368K), 0.0031509 secs]
34889.657: [GC (Allocation Failure)  338302K->8542K(1009152K), 0.0033170 secs]
34889.984: [GC (Allocation Failure)  329054K->8542K(1000448K), 0.0036033 secs]
34890.305: [GC (Allocation Failure)  320350K->8542K(992256K), 0.0031047 secs]
34890.615: [GC (Allocation Failure)  312158K->8510K(1053184K), 0.0037122 secs]
34891.009: [GC (Allocation Failure)  373054K->8542K(1042944K), 0.0034569 secs]
34891.372: [GC (Allocation Failure)  362846K->8510K(1032704K), 0.0039622 secs]
34891.723: [GC (Allocation Failure)  352574K->8510K(1022976K), 0.0035680 secs]
34892.064: [GC (Allocation Failure)  342846K->8542K(1090048K), 0.0036606 secs]
34892.552: [GC (Allocation Failure)  409950K->8510K(1078272K), 0.0039236 secs]
34892.967: [GC (Allocation Failure)  398142K->8574K(1067008K), 0.0035308 secs]
34893.416: [GC (Allocation Failure)  386942K->8542K(1056256K), 0.0040242 secs]
34893.789: [GC (Allocation Failure)  376158K->8574K(1045504K), 0.0045358 secs]
34894.157: [GC (Allocation Failure)  365438K->8574K(1035264K), 0.0038520 secs]
34894.510: [GC (Allocation Failure)  355198K->8542K(1025536K), 0.0030295 secs]
34894.861: [GC (Allocation Failure)  345438K->8510K(1016320K), 0.0034289 secs]
34895.194: [GC (Allocation Failure)  336190K->8542K(1007616K), 0.0035114 secs]
34895.521: [GC (Allocation Failure)  327518K->8574K(1071616K), 0.0037536 secs]
34895.936: [GC (Allocation Failure)  391550K->8510K(1060352K), 0.0031462 secs]
34896.311: [GC (Allocation Failure)  380222K->8542K(1049600K), 0.0033406 secs]
34896.676: [GC (Allocation Failure)  369502K->8542K(1039360K), 0.0032930 secs]
34897.051: [GC (Allocation Failure)  359262K->8542K(1029632K), 0.0034591 secs]
34897.396: [GC (Allocation Failure)  349534K->8510K(1020416K), 0.0035540 secs]
34897.737: [GC (Allocation Failure)  340286K->8542K(1011200K), 0.0034123 secs]
34898.066: [GC (Allocation Failure)  331102K->8542K(1002496K), 0.0032416 secs]
34898.403: [GC (Allocation Failure)  322398K->8542K(994304K), 0.0034177 secs]
34898.714: [GC (Allocation Failure)  314206K->8574K(986112K), 0.0028941 secs]
34899.016: [GC (Allocation Failure)  306046K->8510K(1046016K), 0.0043379 secs]
34899.384: [GC (Allocation Failure)  365886K->8510K(1117696K), 0.0036235 secs]
34899.819: [GC (Allocation Failure)  437566K->8510K(1104384K), 0.0033351 secs]
34900.239: [GC (Allocation Failure)  424254K->8542K(1091584K), 0.0035826 secs]
34900.648: [GC (Allocation Failure)  411486K->8542K(1079808K), 0.0030034 secs]
34901.101: [GC (Allocation Failure)  399710K->8542K(1068032K), 0.0034991 secs]
34901.485: [GC (Allocation Failure)  387934K->8542K(1056768K), 0.0035261 secs]
34901.859: [GC (Allocation Failure)  376670K->8542K(1046016K), 0.0031804 secs]
34902.222: [GC (Allocation Failure)  365918K->8542K(1035776K), 0.0035530 secs]
34902.576: [GC (Allocation Failure)  355678K->8542K(1026048K), 0.0042620 secs]
34902.924: [GC (Allocation Failure)  345950K->8510K(1016832K), 0.0030378 secs]
34903.257: [GC (Allocation Failure)  336702K->8542K(1008128K), 0.0031538 secs]
34903.591: [GC (Allocation Failure)  328030K->8542K(1072128K), 0.0044184 secs]
34903.980: [GC (Allocation Failure)  392030K->8510K(1060864K), 0.0036145 secs]
34904.357: [GC (Allocation Failure)  380734K->8542K(1135616K), 0.0043005 secs]
34904.822: [GC (Allocation Failure)  455518K->8510K(1121792K), 0.0039329 secs]
34905.277: [GC (Allocation Failure)  441662K->8542K(1108480K), 0.0040015 secs]
34905.699: [GC (Allocation Failure)  428382K->8542K(1095680K), 0.0030685 secs]
34906.156: [GC (Allocation Failure)  415582K->8542K(1083392K), 0.0034738 secs]
34906.553: [GC (Allocation Failure)  403294K->8542K(1071616K), 0.0036224 secs]
34906.939: [GC (Allocation Failure)  391518K->8510K(1060352K), 0.0028212 secs]
34907.316: [GC (Allocation Failure)  380222K->8542K(1049600K), 0.0034138 secs]
34907.682: [GC (Allocation Failure)  369502K->8574K(1039360K), 0.0030413 secs]
34908.038: [GC (Allocation Failure)  359294K->8574K(1029632K), 0.0032374 secs]
34908.385: [GC (Allocation Failure)  349566K->8574K(1020416K), 0.0033608 secs]
34908.723: [GC (Allocation Failure)  340350K->8542K(1011200K), 0.0031588 secs]
34909.051: [GC (Allocation Failure)  331102K->8542K(1002496K), 0.0033379 secs]
34909.371: [GC (Allocation Failure)  322398K->8542K(994304K), 0.0033014 secs]
34909.682: [GC (Allocation Failure)  314206K->8510K(986112K), 0.0034420 secs]
34909.987: [GC (Allocation Failure)  305982K->8510K(1046016K), 0.0049275 secs]
34910.352: [GC (Allocation Failure)  365886K->8542K(1117696K), 0.0035137 secs]
34910.785: [GC (Allocation Failure)  437598K->8510K(1104384K), 0.0030156 secs]
34911.205: [GC (Allocation Failure)  424254K->8510K(1091584K), 0.0039691 secs]
34911.613: [GC (Allocation Failure)  411454K->8542K(1079808K), 0.0037814 secs]
34912.008: [GC (Allocation Failure)  399710K->8542K(1068032K), 0.0032765 secs]
34912.392: [GC (Allocation Failure)  387934K->8574K(1056768K), 0.0039657 secs]
34912.766: [GC (Allocation Failure)  376702K->8542K(1046016K), 0.0039186 secs]
34913.129: [GC (Allocation Failure)  365918K->8574K(1035776K), 0.0032383 secs]
34913.483: [GC (Allocation Failure)  355710K->8510K(1026048K), 0.0036752 secs]
34913.827: [GC (Allocation Failure)  345918K->8542K(1016832K), 0.0035439 secs]
34914.162: [GC (Allocation Failure)  336734K->8542K(1008128K), 0.0031803 secs]
34914.489: [GC (Allocation Failure)  328030K->8542K(1072128K), 0.0038783 secs]
34914.877: [GC (Allocation Failure)  392030K->8542K(1060864K), 0.0036171 secs]
34915.255: [GC (Allocation Failure)  380766K->8542K(1050112K), 0.0031268 secs]
34915.622: [GC (Allocation Failure)  370014K->8574K(1039872K), 0.0029062 secs]
34915.977: [GC (Allocation Failure)  359806K->8574K(1030144K), 0.0032018 secs]
34916.355: [GC (Allocation Failure)  350078K->8542K(1020928K), 0.0032371 secs]
34916.692: [GC (Allocation Failure)  340830K->8542K(1011712K), 0.0030497 secs]
34917.020: [GC (Allocation Failure)  331614K->8542K(1003008K), 0.0034376 secs]
34917.340: [GC (Allocation Failure)  322910K->8510K(994816K), 0.0041167 secs]
34917.657: [GC (Allocation Failure)  314686K->8510K(1056256K), 0.0035728 secs]
34918.030: [GC (Allocation Failure)  376126K->8574K(1045504K), 0.0030291 secs]
34918.391: [GC (Allocation Failure)  365438K->8510K(1117184K), 0.0041365 secs]
34918.825: [GC (Allocation Failure)  437054K->8510K(1103872K), 0.0037912 secs]
34919.243: [GC (Allocation Failure)  423742K->8510K(1091072K), 0.0031015 secs]
34919.649: [GC (Allocation Failure)  410942K->8574K(1079296K), 0.0032638 secs]
34920.046: [GC (Allocation Failure)  399230K->8574K(1068032K), 0.0040162 secs]
34920.431: [GC (Allocation Failure)  387966K->8542K(1056768K), 0.0039547 secs]
34920.805: [GC (Allocation Failure)  376670K->8574K(1046016K), 0.0030372 secs]
34921.169: [GC (Allocation Failure)  365950K->8542K(1035776K), 0.0036420 secs]
34921.546: [GC (Allocation Failure)  355678K->8542K(1026048K), 0.0035944 secs]
34921.891: [GC (Allocation Failure)  345950K->8542K(1016832K), 0.0043532 secs]
34922.228: [GC (Allocation Failure)  336734K->8542K(1008128K), 0.0033930 secs]
34922.554: [GC (Allocation Failure)  328030K->8574K(1072128K), 0.0034393 secs]
34922.942: [GC (Allocation Failure)  392062K->8542K(1148928K), 0.0045912 secs]
34923.408: [GC (Allocation Failure)  468830K->8510K(1134592K), 0.0037736 secs]
34923.856: [GC (Allocation Failure)  454462K->8542K(1120768K), 0.0030928 secs]
34924.291: [GC (Allocation Failure)  440670K->8542K(1107456K), 0.0035933 secs]
34924.713: [GC (Allocation Failure)  427358K->8542K(1094656K), 0.0034547 secs]
34925.122: [GC (Allocation Failure)  414558K->8510K(1082368K), 0.0036189 secs]
34925.520: [GC (Allocation Failure)  402238K->8510K(1070592K), 0.0037542 secs]
34925.906: [GC (Allocation Failure)  390462K->8542K(1059328K), 0.0037527 secs]
34926.281: [GC (Allocation Failure)  379230K->8542K(1048576K), 0.0033284 secs]
34926.675: [GC (Allocation Failure)  368478K->8542K(1038336K), 0.0032798 secs]
34927.030: [GC (Allocation Failure)  358238K->8542K(1028608K), 0.0032434 secs]
34927.375: [GC (Allocation Failure)  348510K->8510K(1019392K), 0.0033909 secs]
34927.712: [GC (Allocation Failure)  339262K->8574K(1010176K), 0.0037747 secs]
34928.039: [GC (Allocation Failure)  330110K->8542K(1001472K), 0.0033578 secs]
34928.359: [GC (Allocation Failure)  321374K->8510K(993280K), 0.0036043 secs]
34928.670: [GC (Allocation Failure)  313150K->8510K(985088K), 0.0029332 secs]
34928.971: [GC (Allocation Failure)  304958K->8542K(977408K), 0.0028068 secs]
34929.267: [GC (Allocation Failure)  297310K->8510K(970240K), 0.0033991 secs]
34929.554: [GC (Allocation Failure)  290110K->8510K(1026560K), 0.0032748 secs]
34929.899: [GC (Allocation Failure)  346430K->8510K(1094144K), 0.0041004 secs]
34930.311: [GC (Allocation Failure)  414014K->8510K(1081856K), 0.0031352 secs]
34930.710: [GC (Allocation Failure)  401726K->8510K(1070080K), 0.0035989 secs]
34931.096: [GC (Allocation Failure)  389950K->8510K(1058816K), 0.0034837 secs]
34931.471: [GC (Allocation Failure)  378686K->8542K(1048064K), 0.0039086 secs]
34931.837: [GC (Allocation Failure)  367966K->8510K(1037824K), 0.0034794 secs]
34932.192: [GC (Allocation Failure)  357694K->8510K(1028096K), 0.0034540 secs]
34932.540: [GC (Allocation Failure)  347966K->8510K(1018880K), 0.0034915 secs]
34932.876: [GC (Allocation Failure)  338750K->8542K(1009664K), 0.0036814 secs]
34933.204: [GC (Allocation Failure)  329566K->8574K(1000960K), 0.0029842 secs]
34933.522: [GC (Allocation Failure)  320894K->8510K(992768K), 0.0031504 secs]
34933.832: [GC (Allocation Failure)  312638K->8542K(984576K), 0.0032167 secs]
34934.134: [GC (Allocation Failure)  304478K->8510K(1043968K), 0.0035665 secs]
34934.494: [GC (Allocation Failure)  363838K->8542K(1115136K), 0.0035539 secs]
34934.922: [GC (Allocation Failure)  435038K->8510K(1102336K), 0.0039759 secs]
34935.338: [GC (Allocation Failure)  422206K->8542K(1090048K), 0.0032216 secs]
34935.743: [GC (Allocation Failure)  409950K->8542K(1078272K), 0.0032048 secs]
34936.135: [GC (Allocation Failure)  398174K->8542K(1067008K), 0.0032432 secs]
34936.517: [GC (Allocation Failure)  386910K->8510K(1056256K), 0.0044853 secs]
34936.910: [GC (Allocation Failure)  376126K->8510K(1045504K), 0.0031520 secs]
34937.274: [GC (Allocation Failure)  365374K->8510K(1035264K), 0.0035769 secs]
34937.627: [GC (Allocation Failure)  355134K->8542K(1025536K), 0.0036723 secs]
34937.970: [GC (Allocation Failure)  345438K->8574K(1016320K), 0.0028754 secs]
34938.307: [GC (Allocation Failure)  336254K->8542K(1007616K), 0.0035781 secs]
34938.632: [GC (Allocation Failure)  327518K->8510K(998912K), 0.0034866 secs]
34938.947: [GC (Allocation Failure)  318782K->8542K(990720K), 0.0030008 secs]
34939.256: [GC (Allocation Failure)  310622K->8510K(983040K), 0.0032526 secs]
34939.556: [GC (Allocation Failure)  302910K->8574K(975360K), 0.0031186 secs]
34939.851: [GC (Allocation Failure)  295294K->8542K(1032704K), 0.0033494 secs]
34940.203: [GC (Allocation Failure)  352606K->8542K(1101824K), 0.0035608 secs]
34940.620: [GC (Allocation Failure)  421726K->8542K(1089536K), 0.0031215 secs]
34941.024: [GC (Allocation Failure)  409438K->8510K(1077760K), 0.0035414 secs]
34941.418: [GC (Allocation Failure)  397630K->8510K(1066496K), 0.0033217 secs]
34941.803: [GC (Allocation Failure)  386366K->8542K(1055744K), 0.0046490 secs]
34942.200: [GC (Allocation Failure)  375646K->8510K(1044992K), 0.0035426 secs]
34942.564: [GC (Allocation Failure)  364862K->8542K(1116672K), 0.0046637 secs]
34943.000: [GC (Allocation Failure)  436574K->8574K(1103360K), 0.0037156 secs]
34943.419: [GC (Allocation Failure)  423294K->8542K(1091072K), 0.0032579 secs]
34943.826: [GC (Allocation Failure)  410974K->8574K(1079296K), 0.0037002 secs]
34944.220: [GC (Allocation Failure)  399230K->8542K(1068032K), 0.0033796 secs]
34944.602: [GC (Allocation Failure)  387934K->8542K(1056768K), 0.0037406 secs]
34944.974: [GC (Allocation Failure)  376670K->8542K(1046016K), 0.0032510 secs]
34945.335: [GC (Allocation Failure)  365918K->8542K(1035776K), 0.0030147 secs]
34945.687: [GC (Allocation Failure)  355678K->8510K(1026048K), 0.0032658 secs]
34946.030: [GC (Allocation Failure)  345918K->8510K(1016832K), 0.0030433 secs]
34946.363: [GC (Allocation Failure)  336702K->8542K(1008128K), 0.0031819 secs]
34946.689: [GC (Allocation Failure)  328030K->8510K(999424K), 0.0037963 secs]
34947.006: [GC (Allocation Failure)  319294K->8574K(991232K), 0.0026603 secs]
34947.338: [GC (Allocation Failure)  311166K->8478K(983552K), 0.0037042 secs]
34947.640: [GC (Allocation Failure)  303390K->8542K(1042944K), 0.0041341 secs]
34948.004: [GC (Allocation Failure)  362846K->8510K(1114112K), 0.0035153 secs]
34948.432: [GC (Allocation Failure)  433982K->8542K(1101312K), 0.0038100 secs]
34948.848: [GC (Allocation Failure)  421214K->8574K(1089024K), 0.0032245 secs]
34949.253: [GC (Allocation Failure)  408958K->8510K(1077248K), 0.0043562 secs]
34949.647: [GC (Allocation Failure)  397118K->8542K(1065984K), 0.0036299 secs]
34950.030: [GC (Allocation Failure)  385886K->8510K(1055232K), 0.0035266 secs]
34950.403: [GC (Allocation Failure)  375102K->8542K(1044480K), 0.0033956 secs]
34950.765: [GC (Allocation Failure)  364382K->8542K(1034240K), 0.0033139 secs]
34951.120: [GC (Allocation Failure)  354142K->8542K(1024512K), 0.0041195 secs]
34951.467: [GC (Allocation Failure)  344414K->8574K(1015296K), 0.0031642 secs]
34951.799: [GC (Allocation Failure)  335230K->8542K(1080832K), 0.0040373 secs]
34952.197: [GC (Allocation Failure)  400734K->8574K(1069056K), 0.0029800 secs]
34952.582: [GC (Allocation Failure)  388990K->8510K(1057792K), 0.0033372 secs]
34952.958: [GC (Allocation Failure)  377662K->8510K(1047040K), 0.0036668 secs]
34953.322: [GC (Allocation Failure)  366910K->8542K(1036800K), 0.0034398 secs]
34953.676: [GC (Allocation Failure)  356702K->8542K(1027072K), 0.0031778 secs]
34954.020: [GC (Allocation Failure)  346974K->8574K(1017856K), 0.0035946 secs]
34954.355: [GC (Allocation Failure)  337790K->8542K(1008640K), 0.0036460 secs]
34954.682: [GC (Allocation Failure)  328542K->8574K(999936K), 0.0029643 secs]
34954.998: [GC (Allocation Failure)  319870K->8510K(1062400K), 0.0053621 secs]
34955.380: [GC (Allocation Failure)  382270K->8542K(1137152K), 0.0032455 secs]
34955.829: [GC (Allocation Failure)  457054K->8510K(1227264K), 0.0040893 secs]
34956.369: [GC (Allocation Failure)  547134K->8542K(1209344K), 0.0036109 secs]
34956.890: [GC (Allocation Failure)  529246K->8574K(1191936K), 0.0042011 secs]
34957.399: [GC (Allocation Failure)  511870K->8542K(1175552K), 0.0036784 secs]
34957.887: [GC (Allocation Failure)  495454K->8574K(1159680K), 0.0038613 secs]
34958.361: [GC (Allocation Failure)  479614K->8542K(1144832K), 0.0039646 secs]
34958.820: [GC (Allocation Failure)  464734K->8510K(1130496K), 0.0034562 secs]
34959.264: [GC (Allocation Failure)  450366K->8510K(1116672K), 0.0043668 secs]
34959.700: [GC (Allocation Failure)  436542K->8510K(1103360K), 0.0045030 secs]
34960.122: [GC (Allocation Failure)  423230K->8574K(1091072K), 0.0040242 secs]
34960.530: [GC (Allocation Failure)  411006K->8542K(1079296K), 0.0051673 secs]
34960.931: [GC (Allocation Failure)  399198K->8542K(1068032K), 0.0029594 secs]
34961.316: [GC (Allocation Failure)  387934K->8542K(1056768K), 0.0037323 secs]
34961.692: [GC (Allocation Failure)  376670K->8542K(1046016K), 0.0046636 secs]
34962.057: [GC (Allocation Failure)  365918K->8510K(1035776K), 0.0032835 secs]
34962.410: [GC (Allocation Failure)  355646K->8510K(1105408K), 0.0040390 secs]
34962.901: [GC (Allocation Failure)  425278K->8542K(1092608K), 0.0038920 secs]
34963.309: [GC (Allocation Failure)  412510K->8542K(1080320K), 0.0039976 secs]
34963.706: [GC (Allocation Failure)  400222K->8542K(1068544K), 0.0044706 secs]
34964.095: [GC (Allocation Failure)  388446K->8574K(1144832K), 0.0044530 secs]
34964.553: [GC (Allocation Failure)  464766K->8542K(1130496K), 0.0042334 secs]
34964.997: [GC (Allocation Failure)  450398K->8542K(1219072K), 0.0051410 secs]
34965.530: [GC (Allocation Failure)  538974K->8542K(1201664K), 0.0038095 secs]
34966.045: [GC (Allocation Failure)  521566K->8542K(1184768K), 0.0039853 secs]
34966.545: [GC (Allocation Failure)  504670K->8510K(1168896K), 0.0037477 secs]
34967.028: [GC (Allocation Failure)  488766K->8542K(1153536K), 0.0038737 secs]
34967.495: [GC (Allocation Failure)  473438K->8574K(1138688K), 0.0037221 secs]
34967.976: [GC (Allocation Failure)  458622K->8542K(1124864K), 0.0044107 secs]
34968.420: [GC (Allocation Failure)  444766K->8510K(1111552K), 0.0048283 secs]
34968.852: [GC (Allocation Failure)  431422K->8542K(1098752K), 0.0033745 secs]
34969.266: [GC (Allocation Failure)  418654K->8574K(1086464K), 0.0032591 secs]
34969.668: [GC (Allocation Failure)  406398K->8542K(1074688K), 0.0039618 secs]
34970.059: [GC (Allocation Failure)  394590K->8542K(1063424K), 0.0044112 secs]
34970.442: [GC (Allocation Failure)  383326K->8542K(1138688K), 0.0057916 secs]
34970.898: [GC (Allocation Failure)  458590K->8510K(1228800K), 0.0038104 secs]
34971.438: [GC (Allocation Failure)  548670K->8542K(1210880K), 0.0033853 secs]
34971.959: [GC (Allocation Failure)  530782K->8542K(1193472K), 0.0031787 secs]
34972.462: [GC (Allocation Failure)  513374K->8510K(1177088K), 0.0037154 secs]
34972.951: [GC (Allocation Failure)  496958K->8542K(1161216K), 0.0033705 secs]
34973.424: [GC (Allocation Failure)  481118K->8574K(1146368K), 0.0031636 secs]
34973.883: [GC (Allocation Failure)  466302K->8542K(1132032K), 0.0043030 secs]
34974.333: [GC (Allocation Failure)  451934K->8542K(1118208K), 0.0038755 secs]
34974.766: [GC (Allocation Failure)  438110K->8574K(1104896K), 0.0038521 secs]
34975.186: [GC (Allocation Failure)  424830K->8542K(1092096K), 0.0032798 secs]
34975.594: [GC (Allocation Failure)  411998K->8510K(1079808K), 0.0042833 secs]
34975.991: [GC (Allocation Failure)  399678K->8542K(1068032K), 0.0036718 secs]
34976.376: [GC (Allocation Failure)  387934K->8542K(1056768K), 0.0033446 secs]
34976.750: [GC (Allocation Failure)  376670K->8542K(1046016K), 0.0028814 secs]
34977.114: [GC (Allocation Failure)  365918K->8542K(1035776K), 0.0034651 secs]
34977.472: [GC (Allocation Failure)  355678K->8542K(1026048K), 0.0036439 secs]
34977.816: [GC (Allocation Failure)  345950K->8510K(1016832K), 0.0043881 secs]
34978.155: [GC (Allocation Failure)  336702K->8542K(1082880K), 0.0037023 secs]
34978.592: [GC (Allocation Failure)  402782K->8542K(1071104K), 0.0030812 secs]
34978.978: [GC (Allocation Failure)  391006K->8510K(1059840K), 0.0037440 secs]
34979.354: [GC (Allocation Failure)  379710K->8542K(1049088K), 0.0038729 secs]
34979.721: [GC (Allocation Failure)  368990K->8574K(1038848K), 0.0036565 secs]
34980.077: [GC (Allocation Failure)  358782K->8574K(1029120K), 0.0031632 secs]
34980.426: [GC (Allocation Failure)  349054K->8542K(1019904K), 0.0030550 secs]
34980.767: [GC (Allocation Failure)  339806K->8510K(1010688K), 0.0035376 secs]
34981.099: [GC (Allocation Failure)  330558K->8542K(1075200K), 0.0046741 secs]
34981.493: [GC (Allocation Failure)  395102K->8542K(1063936K), 0.0031192 secs]
34981.876: [GC (Allocation Failure)  383838K->8510K(1053184K), 0.0036434 secs]
34982.247: [GC (Allocation Failure)  373054K->8542K(1042944K), 0.0034066 secs]
34982.613: [GC (Allocation Failure)  362846K->8542K(1032704K), 0.0034559 secs]
34982.963: [GC (Allocation Failure)  352606K->8542K(1022976K), 0.0033729 secs]
34983.309: [GC (Allocation Failure)  342878K->8542K(1013760K), 0.0038935 secs]
34983.662: [GC (Allocation Failure)  333662K->8510K(1005056K), 0.0031556 secs]
34984.005: [GC (Allocation Failure)  324926K->8542K(996352K), 0.0035961 secs]
34984.319: [GC (Allocation Failure)  316254K->8542K(1058304K), 0.0043603 secs]
34984.696: [GC (Allocation Failure)  378206K->8542K(1132544K), 0.0033678 secs]
34985.143: [GC (Allocation Failure)  452446K->8510K(1118720K), 0.0033560 secs]
34985.575: [GC (Allocation Failure)  438590K->8510K(1105408K), 0.0034184 secs]
34985.994: [GC (Allocation Failure)  425278K->8542K(1092608K), 0.0031836 secs]
34986.401: [GC (Allocation Failure)  412510K->8510K(1080320K), 0.0034329 secs]
34986.796: [GC (Allocation Failure)  400190K->8542K(1068544K), 0.0033703 secs]
34987.180: [GC (Allocation Failure)  388446K->8510K(1057280K), 0.0035568 secs]
34987.552: [GC (Allocation Failure)  377150K->8542K(1046528K), 0.0031381 secs]
34987.915: [GC (Allocation Failure)  366430K->8510K(1036288K), 0.0032841 secs]
34988.268: [GC (Allocation Failure)  356158K->8510K(1026560K), 0.0039536 secs]
34988.613: [GC (Allocation Failure)  346430K->8510K(1017344K), 0.0031624 secs]
34988.986: [GC (Allocation Failure)  337214K->8510K(1008640K), 0.0040187 secs]
34989.311: [GC (Allocation Failure)  328510K->8510K(999936K), 0.0032469 secs]
34989.627: [GC (Allocation Failure)  319806K->8542K(991744K), 0.0034326 secs]
34989.935: [GC (Allocation Failure)  311646K->8542K(1052672K), 0.0034378 secs]
34990.302: [GC (Allocation Failure)  372574K->8542K(1042432K), 0.0034305 secs]
34990.693: [GC (Allocation Failure)  362334K->8510K(1032704K), 0.0038639 secs]
34991.047: [GC (Allocation Failure)  352574K->8574K(1022976K), 0.0032145 secs]
34991.386: [GC (Allocation Failure)  342910K->8542K(1013760K), 0.0032264 secs]
34991.718: [GC (Allocation Failure)  333662K->8542K(1005056K), 0.0032955 secs]
34992.041: [GC (Allocation Failure)  324958K->8478K(996352K), 0.0034239 secs]
34992.356: [GC (Allocation Failure)  316190K->8542K(988160K), 0.0029135 secs]
34992.661: [GC (Allocation Failure)  308062K->8542K(980480K), 0.0031271 secs]
34992.959: [GC (Allocation Failure)  300382K->8542K(972800K), 0.0030432 secs]
34993.249: [GC (Allocation Failure)  292702K->8510K(965632K), 0.0030157 secs]
34993.532: [GC (Allocation Failure)  285502K->8574K(1021440K), 0.0052767 secs]
34993.874: [GC (Allocation Failure)  341374K->8574K(1088000K), 0.0035442 secs]
34994.313: [GC (Allocation Failure)  407934K->8542K(1167872K), 0.0041701 secs]
34994.793: [GC (Allocation Failure)  487774K->8510K(1152512K), 0.0034219 secs]
34995.257: [GC (Allocation Failure)  472382K->8510K(1137664K), 0.0034715 secs]
34995.707: [GC (Allocation Failure)  457534K->8542K(1123840K), 0.0043477 secs]
34996.146: [GC (Allocation Failure)  443742K->8510K(1110528K), 0.0033707 secs]
34996.570: [GC (Allocation Failure)  430398K->8542K(1097728K), 0.0033316 secs]
34996.982: [GC (Allocation Failure)  417630K->8510K(1085440K), 0.0039654 secs]
34997.382: [GC (Allocation Failure)  405310K->8510K(1073664K), 0.0026410 secs]
34997.770: [GC (Allocation Failure)  393534K->8510K(1062400K), 0.0036879 secs]
34998.149: [GC (Allocation Failure)  382270K->8542K(1051648K), 0.0039413 secs]
34998.516: [GC (Allocation Failure)  371550K->8542K(1041408K), 0.0039307 secs]
34998.874: [GC (Allocation Failure)  361310K->8606K(1031680K), 0.0034490 secs]
34999.222: [GC (Allocation Failure)  351646K->8542K(1021952K), 0.0037165 secs]
34999.560: [GC (Allocation Failure)  341854K->8542K(1012736K), 0.0031548 secs]
34999.890: [GC (Allocation Failure)  332638K->8542K(1004032K), 0.0033024 secs]
35000.211: [GC (Allocation Failure)  323934K->8510K(995840K), 0.0031887 secs]
35000.523: [GC (Allocation Failure)  315710K->8542K(987648K), 0.0034150 secs]
35000.828: [GC (Allocation Failure)  307550K->8542K(979968K), 0.0033026 secs]
35001.126: [GC (Allocation Failure)  299870K->8574K(1038336K), 0.0045745 secs]
35001.488: [GC (Allocation Failure)  358270K->8542K(1108480K), 0.0034166 secs]
35001.909: [GC (Allocation Failure)  428382K->8542K(1192448K), 0.0036150 secs]
35002.413: [GC (Allocation Failure)  512350K->8542K(1176064K), 0.0035292 secs]
35002.900: [GC (Allocation Failure)  495966K->8574K(1160192K), 0.0034410 secs]
35003.373: [GC (Allocation Failure)  480126K->8542K(1145344K), 0.0039331 secs]
35003.830: [GC (Allocation Failure)  465246K->8542K(1131008K), 0.0037084 secs]
35004.275: [GC (Allocation Failure)  450910K->8510K(1117184K), 0.0036377 secs]
35004.743: [GC (Allocation Failure)  437054K->8574K(1103872K), 0.0038927 secs]
35005.163: [GC (Allocation Failure)  423806K->8510K(1091072K), 0.0031050 secs]
35005.569: [GC (Allocation Failure)  410942K->8510K(1079296K), 0.0035825 secs]
35005.965: [GC (Allocation Failure)  399166K->8542K(1068032K), 0.0036782 secs]
35006.350: [GC (Allocation Failure)  387934K->8542K(1056768K), 0.0032980 secs]
35006.723: [GC (Allocation Failure)  376670K->8510K(1046016K), 0.0031153 secs]
35007.085: [GC (Allocation Failure)  365886K->8574K(1035776K), 0.0041916 secs]
35007.442: [GC (Allocation Failure)  355710K->8542K(1026048K), 0.0034427 secs]
35007.784: [GC (Allocation Failure)  345950K->8510K(1016832K), 0.0035782 secs]
35008.117: [GC (Allocation Failure)  336702K->8542K(1008128K), 0.0031132 secs]
35008.442: [GC (Allocation Failure)  328030K->8542K(999424K), 0.0029141 secs]
35008.757: [GC (Allocation Failure)  319326K->8542K(991232K), 0.0030701 secs]
35009.065: [GC (Allocation Failure)  311134K->8542K(1052160K), 0.0041253 secs]
35009.440: [GC (Allocation Failure)  372062K->8478K(1041920K), 0.0030086 secs]
35009.799: [GC (Allocation Failure)  361758K->8542K(1032192K), 0.0034798 secs]
35010.149: [GC (Allocation Failure)  352094K->8542K(1022464K), 0.0038073 secs]
35010.490: [GC (Allocation Failure)  342366K->8510K(1013248K), 0.0031520 secs]
35010.820: [GC (Allocation Failure)  333118K->8542K(1004544K), 0.0033988 secs]
35011.142: [GC (Allocation Failure)  324446K->8542K(996352K), 0.0033780 secs]
35011.456: [GC (Allocation Failure)  316254K->8510K(1058304K), 0.0035462 secs]
35011.832: [GC (Allocation Failure)  378174K->8542K(1047552K), 0.0037449 secs]
35012.197: [GC (Allocation Failure)  367454K->8606K(1037312K), 0.0033552 secs]
35012.552: [GC (Allocation Failure)  357278K->8574K(1027584K), 0.0030373 secs]
35012.897: [GC (Allocation Failure)  347518K->8510K(1018368K), 0.0031179 secs]
35013.254: [GC (Allocation Failure)  338238K->8542K(1009152K), 0.0032775 secs]
35013.581: [GC (Allocation Failure)  329054K->8542K(1073664K), 0.0048931 secs]
35013.977: [GC (Allocation Failure)  393566K->8542K(1062400K), 0.0032174 secs]
35014.357: [GC (Allocation Failure)  382302K->8574K(1051648K), 0.0032745 secs]
35014.726: [GC (Allocation Failure)  371582K->8510K(1041408K), 0.0034518 secs]
35015.116: [GC (Allocation Failure)  361278K->8510K(1031680K), 0.0038369 secs]
35015.466: [GC (Allocation Failure)  351550K->8542K(1021952K), 0.0036758 secs]
35015.806: [GC (Allocation Failure)  341854K->8542K(1012736K), 0.0032496 secs]
35016.135: [GC (Allocation Failure)  332638K->8542K(1004032K), 0.0034328 secs]
35016.456: [GC (Allocation Failure)  323934K->8606K(995840K), 0.0032150 secs]
35016.769: [GC (Allocation Failure)  315806K->8542K(987648K), 0.0034749 secs]
35017.094: [GC (Allocation Failure)  307550K->8574K(979968K), 0.0034508 secs]
35017.390: [GC (Allocation Failure)  299902K->8542K(1038336K), 0.0033333 secs]
35017.747: [GC (Allocation Failure)  358238K->8542K(1028608K), 0.0033794 secs]
35018.092: [GC (Allocation Failure)  348510K->8542K(1019392K), 0.0034008 secs]
35018.428: [GC (Allocation Failure)  339294K->8542K(1010176K), 0.0032513 secs]
35018.756: [GC (Allocation Failure)  330078K->8542K(1001472K), 0.0032465 secs]
35019.075: [GC (Allocation Failure)  321374K->8510K(993280K), 0.0033962 secs]
35019.387: [GC (Allocation Failure)  313150K->8542K(985088K), 0.0033235 secs]
35019.690: [GC (Allocation Failure)  304990K->8542K(1044480K), 0.0035234 secs]
35020.052: [GC (Allocation Failure)  364382K->8510K(1115648K), 0.0038861 secs]
35020.598: [GC (Allocation Failure)  435518K->8542K(1102848K), 0.0034524 secs]
35021.048: [GC (Allocation Failure)  422750K->8574K(1090560K), 0.0034359 secs]
35021.454: [GC (Allocation Failure)  410494K->8510K(1078784K), 0.0037738 secs]
35021.849: [GC (Allocation Failure)  398654K->8510K(1067520K), 0.0035951 secs]
35022.241: [GC (Allocation Failure)  387390K->8574K(1056256K), 0.0032162 secs]
35022.613: [GC (Allocation Failure)  376190K->8542K(1045504K), 0.0033619 secs]
35022.979: [GC (Allocation Failure)  365406K->8542K(1035264K), 0.0033459 secs]
35023.331: [GC (Allocation Failure)  355166K->8542K(1025536K), 0.0033124 secs]
35023.674: [GC (Allocation Failure)  345438K->8542K(1016320K), 0.0033877 secs]
35024.007: [GC (Allocation Failure)  336222K->8542K(1007616K), 0.0037254 secs]
35024.333: [GC (Allocation Failure)  327518K->8542K(998912K), 0.0031931 secs]
35024.649: [GC (Allocation Failure)  318814K->8510K(990720K), 0.0038243 secs]
35024.956: [GC (Allocation Failure)  310590K->8542K(1051136K), 0.0033256 secs]
35025.323: [GC (Allocation Failure)  371038K->8574K(1123840K), 0.0072535 secs]
35025.801: [GC (Allocation Failure)  443774K->8510K(1210880K), 0.0040590 secs]
35026.329: [GC (Allocation Failure)  530750K->8542K(1315328K), 0.0047398 secs]
35026.958: [GC (Allocation Failure)  635230K->8510K(1293312K), 0.0043775 secs]
35027.567: [GC (Allocation Failure)  613182K->8542K(1272320K), 0.0040198 secs]
35028.153: [GC (Allocation Failure)  592222K->8574K(1252352K), 0.0042092 secs]
35028.721: [GC (Allocation Failure)  572286K->8574K(1233408K), 0.0054327 secs]
35029.270: [GC (Allocation Failure)  553342K->8510K(1214976K), 0.0038456 secs]
35029.798: [GC (Allocation Failure)  534846K->8510K(1197568K), 0.0040485 secs]
35030.310: [GC (Allocation Failure)  517438K->8510K(1181184K), 0.0040572 secs]
35030.805: [GC (Allocation Failure)  501054K->8542K(1165312K), 0.0037829 secs]
35031.311: [GC (Allocation Failure)  485214K->8542K(1149952K), 0.0036091 secs]
35031.773: [GC (Allocation Failure)  469854K->8542K(1135616K), 0.0035236 secs]
35032.222: [GC (Allocation Failure)  455518K->8478K(1121792K), 0.0036122 secs]
35032.658: [GC (Allocation Failure)  441630K->8542K(1108480K), 0.0032347 secs]
35033.080: [GC (Allocation Failure)  428382K->8510K(1095680K), 0.0036737 secs]
35033.491: [GC (Allocation Failure)  415550K->8574K(1083392K), 0.0035778 secs]
35033.892: [GC (Allocation Failure)  403326K->8510K(1071616K), 0.0037740 secs]
35034.281: [GC (Allocation Failure)  391486K->8510K(1060352K), 0.0037325 secs]
35034.658: [GC (Allocation Failure)  380222K->8574K(1049600K), 0.0031165 secs]
35035.026: [GC (Allocation Failure)  369534K->8542K(1039360K), 0.0035381 secs]
35035.383: [GC (Allocation Failure)  359262K->8542K(1029632K), 0.0035342 secs]
35035.730: [GC (Allocation Failure)  349534K->8542K(1020416K), 0.0029405 secs]
35036.066: [GC (Allocation Failure)  340318K->8510K(1011200K), 0.0038995 secs]
35036.419: [GC (Allocation Failure)  331070K->8510K(1002496K), 0.0035044 secs]
35036.740: [GC (Allocation Failure)  322366K->8510K(994304K), 0.0032217 secs]
35037.051: [GC (Allocation Failure)  314174K->8574K(986112K), 0.0029519 secs]
35037.355: [GC (Allocation Failure)  306046K->8510K(978432K), 0.0032803 secs]
35037.650: [GC (Allocation Failure)  298302K->8510K(1036800K), 0.0049314 secs]
35038.011: [GC (Allocation Failure)  356670K->8542K(1106432K), 0.0036736 secs]
35038.432: [GC (Allocation Failure)  426334K->8574K(1190400K), 0.0030265 secs]
35038.936: [GC (Allocation Failure)  510334K->8510K(1174016K), 0.0033314 secs]
35039.422: [GC (Allocation Failure)  493886K->8510K(1158656K), 0.0039523 secs]
35039.893: [GC (Allocation Failure)  478526K->8542K(1143808K), 0.0037296 secs]
35040.351: [GC (Allocation Failure)  463710K->8510K(1129472K), 0.0044265 secs]
35040.799: [GC (Allocation Failure)  449342K->8510K(1115648K), 0.0046023 secs]
35041.231: [GC (Allocation Failure)  435518K->8542K(1102848K), 0.0035247 secs]
35041.714: [GC (Allocation Failure)  422750K->8542K(1090560K), 0.0037613 secs]
35042.119: [GC (Allocation Failure)  410462K->8542K(1078784K), 0.0037030 secs]
35042.513: [GC (Allocation Failure)  398686K->8574K(1067520K), 0.0034539 secs]
35042.897: [GC (Allocation Failure)  387454K->8574K(1056256K), 0.0037174 secs]
35043.270: [GC (Allocation Failure)  376190K->8574K(1045504K), 0.0034405 secs]
35043.632: [GC (Allocation Failure)  365438K->8542K(1035264K), 0.0033660 secs]
35043.983: [GC (Allocation Failure)  355166K->8574K(1025536K), 0.0036559 secs]
35044.326: [GC (Allocation Failure)  345470K->8542K(1016320K), 0.0033390 secs]
35044.664: [GC (Allocation Failure)  336222K->8510K(1007616K), 0.0039116 secs]
35044.991: [GC (Allocation Failure)  327486K->8574K(998912K), 0.0032711 secs]
35045.309: [GC (Allocation Failure)  318846K->8510K(990720K), 0.0028888 secs]
35045.616: [GC (Allocation Failure)  310590K->8510K(983040K), 0.0032420 secs]
35045.916: [GC (Allocation Failure)  302910K->8542K(1041920K), 0.0036320 secs]
35046.276: [GC (Allocation Failure)  361822K->8542K(1032192K), 0.0027640 secs]
35046.661: [GC (Allocation Failure)  352094K->8510K(1101312K), 0.0052369 secs]
35047.084: [GC (Allocation Failure)  421182K->8542K(1089024K), 0.0033504 secs]
35047.489: [GC (Allocation Failure)  408926K->8542K(1077248K), 0.0033202 secs]
35047.882: [GC (Allocation Failure)  397150K->8510K(1065984K), 0.0034000 secs]
35048.266: [GC (Allocation Failure)  385854K->8510K(1055232K), 0.0031418 secs]
35048.640: [GC (Allocation Failure)  375102K->8510K(1044480K), 0.0036358 secs]
35049.001: [GC (Allocation Failure)  364350K->8542K(1034240K), 0.0046108 secs]
35049.360: [GC (Allocation Failure)  354142K->8542K(1024512K), 0.0033956 secs]
35049.702: [GC (Allocation Failure)  344414K->8510K(1092096K), 0.0043148 secs]
35050.115: [GC (Allocation Failure)  411966K->8510K(1172992K), 0.0044385 secs]
35050.600: [GC (Allocation Failure)  492862K->8542K(1157632K), 0.0039229 secs]
35051.069: [GC (Allocation Failure)  477534K->8574K(1142784K), 0.0036329 secs]
35051.525: [GC (Allocation Failure)  462718K->8510K(1128448K), 0.0033832 secs]
35051.966: [GC (Allocation Failure)  448318K->8574K(1114624K), 0.0035096 secs]
35052.395: [GC (Allocation Failure)  434558K->8510K(1101824K), 0.0036630 secs]
35052.810: [GC (Allocation Failure)  421694K->8510K(1089536K), 0.0030698 secs]
35053.213: [GC (Allocation Failure)  409406K->8542K(1077760K), 0.0036141 secs]
35053.607: [GC (Allocation Failure)  397662K->8510K(1066496K), 0.0038730 secs]
35053.990: [GC (Allocation Failure)  386366K->8542K(1055744K), 0.0040249 secs]
35054.363: [GC (Allocation Failure)  375646K->8542K(1044992K), 0.0049998 secs]
35054.727: [GC (Allocation Failure)  364894K->8542K(1034752K), 0.0037028 secs]
35055.080: [GC (Allocation Failure)  354654K->8510K(1025024K), 0.0036811 secs]
35055.423: [GC (Allocation Failure)  344894K->8542K(1015808K), 0.0031883 secs]
35055.758: [GC (Allocation Failure)  335710K->8510K(1007104K), 0.0031152 secs]
35056.083: [GC (Allocation Failure)  326974K->8510K(1071104K), 0.0040690 secs]
35056.476: [GC (Allocation Failure)  390974K->8542K(1147904K), 0.0040496 secs]
35056.944: [GC (Allocation Failure)  467806K->8542K(1133568K), 0.0037655 secs]
35057.416: [GC (Allocation Failure)  453470K->8510K(1119744K), 0.0041222 secs]
35057.855: [GC (Allocation Failure)  439614K->8542K(1106432K), 0.0034952 secs]
35058.275: [GC (Allocation Failure)  426334K->8542K(1093632K), 0.0039381 secs]
35058.686: [GC (Allocation Failure)  413534K->8478K(1081344K), 0.0031665 secs]
35059.082: [GC (Allocation Failure)  401182K->8510K(1069568K), 0.0036384 secs]
35059.468: [GC (Allocation Failure)  389438K->8542K(1058304K), 0.0035045 secs]
35059.842: [GC (Allocation Failure)  378206K->8510K(1047552K), 0.0041974 secs]
35060.210: [GC (Allocation Failure)  367422K->8510K(1037312K), 0.0039734 secs]
35060.568: [GC (Allocation Failure)  357182K->8542K(1027584K), 0.0036876 secs]
35060.913: [GC (Allocation Failure)  347486K->8510K(1018368K), 0.0035956 secs]
35061.248: [GC (Allocation Failure)  338238K->8510K(1009152K), 0.0036060 secs]
35061.573: [GC (Allocation Failure)  329022K->8542K(1073664K), 0.0038287 secs]
35061.962: [GC (Allocation Failure)  393566K->8542K(1062400K), 0.0034930 secs]
35062.368: [GC (Allocation Failure)  382302K->8542K(1137152K), 0.0048498 secs]
35062.825: [GC (Allocation Failure)  457054K->8510K(1123328K), 0.0035693 secs]
35063.263: [GC (Allocation Failure)  443198K->8574K(1110016K), 0.0049093 secs]
35063.691: [GC (Allocation Failure)  429950K->8510K(1097216K), 0.0035429 secs]
35064.105: [GC (Allocation Failure)  417086K->8542K(1084928K), 0.0034421 secs]
35064.506: [GC (Allocation Failure)  404830K->8542K(1073152K), 0.0035892 secs]
35064.897: [GC (Allocation Failure)  393054K->8510K(1061888K), 0.0036050 secs]
35065.276: [GC (Allocation Failure)  381758K->8542K(1051136K), 0.0034043 secs]
35065.644: [GC (Allocation Failure)  371038K->8542K(1040896K), 0.0036264 secs]
35066.004: [GC (Allocation Failure)  360798K->8510K(1031168K), 0.0038048 secs]
35066.353: [GC (Allocation Failure)  351038K->8510K(1021440K), 0.0042647 secs]
35066.700: [GC (Allocation Failure)  341310K->8542K(1088000K), 0.0044507 secs]
35067.108: [GC (Allocation Failure)  407902K->8574K(1076224K), 0.0936832 secs]
35067.596: [GC (Allocation Failure)  396158K->8510K(1064960K), 0.0035151 secs]
35067.977: [GC (Allocation Failure)  384830K->8542K(1054208K), 0.0038556 secs]
35068.349: [GC (Allocation Failure)  374110K->8542K(1043968K), 0.0030756 secs]
35068.710: [GC (Allocation Failure)  363870K->8542K(1033728K), 0.0034021 secs]
35069.062: [GC (Allocation Failure)  353630K->8510K(1024000K), 0.0035826 secs]
35069.403: [GC (Allocation Failure)  343870K->8542K(1014784K), 0.0033637 secs]
35069.733: [GC (Allocation Failure)  334686K->8542K(1006080K), 0.0038130 secs]
35070.057: [GC (Allocation Failure)  325982K->8574K(1069568K), 0.0049237 secs]
35070.444: [GC (Allocation Failure)  389502K->8574K(1145856K), 0.0031880 secs]
35070.901: [GC (Allocation Failure)  465790K->8574K(1131520K), 0.0039173 secs]
35071.345: [GC (Allocation Failure)  451454K->8510K(1117696K), 0.0042769 secs]
35071.781: [GC (Allocation Failure)  437566K->8606K(1104384K), 0.0035949 secs]
35072.200: [GC (Allocation Failure)  424350K->8542K(1091584K), 0.0033240 secs]
35072.607: [GC (Allocation Failure)  411486K->8542K(1079808K), 0.0032669 secs]
35073.003: [GC (Allocation Failure)  399710K->8542K(1068032K), 0.0036889 secs]
35073.388: [GC (Allocation Failure)  387934K->8510K(1056768K), 0.0037305 secs]
35073.763: [GC (Allocation Failure)  376638K->8510K(1046016K), 0.0033817 secs]
35074.128: [GC (Allocation Failure)  365886K->8510K(1035776K), 0.0042823 secs]
35074.487: [GC (Allocation Failure)  355646K->8542K(1026048K), 0.0034801 secs]
35074.832: [GC (Allocation Failure)  345950K->8510K(1016832K), 0.0036285 secs]
35075.168: [GC (Allocation Failure)  336702K->8510K(1008128K), 0.0034064 secs]
35075.494: [GC (Allocation Failure)  327998K->8542K(1072128K), 0.0037224 secs]
35075.883: [GC (Allocation Failure)  392030K->8574K(1060864K), 0.0033538 secs]
35076.260: [GC (Allocation Failure)  380798K->8542K(1050112K), 0.0035092 secs]
35076.628: [GC (Allocation Failure)  370014K->8574K(1039872K), 0.0031485 secs]
35076.984: [GC (Allocation Failure)  359806K->8510K(1030144K), 0.0039873 secs]
35077.333: [GC (Allocation Failure)  350014K->8542K(1020928K), 0.0272367 secs]
35077.697: [GC (Allocation Failure)  340830K->8510K(1087488K), 0.0043127 secs]
35078.103: [GC (Allocation Failure)  407358K->8510K(1167360K), 0.0042842 secs]
35078.582: [GC (Allocation Failure)  487230K->8542K(1152000K), 0.0034379 secs]
35079.045: [GC (Allocation Failure)  471902K->8574K(1137152K), 0.0031424 secs]
35079.493: [GC (Allocation Failure)  457086K->8542K(1123328K), 0.0035650 secs]
35079.929: [GC (Allocation Failure)  443230K->8542K(1110016K), 0.0040273 secs]
35080.353: [GC (Allocation Failure)  429918K->8542K(1097216K), 0.0038173 secs]
35080.764: [GC (Allocation Failure)  417118K->8510K(1084928K), 0.0038401 secs]
35081.164: [GC (Allocation Failure)  404798K->8574K(1073152K), 0.0034143 secs]
35081.552: [GC (Allocation Failure)  393086K->8542K(1061888K), 0.0031745 secs]
35081.932: [GC (Allocation Failure)  381790K->8542K(1051136K), 0.0040704 secs]
35082.305: [GC (Allocation Failure)  371038K->8542K(1040896K), 0.0033360 secs]
35082.663: [GC (Allocation Failure)  360798K->8510K(1031168K), 0.0038031 secs]
35083.038: [GC (Allocation Failure)  351038K->8542K(1021440K), 0.0032527 secs]
35083.377: [GC (Allocation Failure)  341342K->8574K(1012224K), 0.0041337 secs]
35083.708: [GC (Allocation Failure)  332158K->8542K(1077248K), 0.0039077 secs]
35084.102: [GC (Allocation Failure)  397150K->8510K(1065984K), 0.0031849 secs]
35084.486: [GC (Allocation Failure)  385854K->8542K(1055232K), 0.0036103 secs]
35084.858: [GC (Allocation Failure)  375134K->8542K(1128960K), 0.0044974 secs]
35085.306: [GC (Allocation Failure)  448862K->8510K(1115136K), 0.0034125 secs]
35085.736: [GC (Allocation Failure)  435006K->8510K(1102336K), 0.0042137 secs]
35086.157: [GC (Allocation Failure)  422206K->8542K(1090048K), 0.0040147 secs]
35086.564: [GC (Allocation Failure)  409950K->8542K(1078272K), 0.0033118 secs]
35086.956: [GC (Allocation Failure)  398174K->8542K(1067008K), 0.0050351 secs]
35087.345: [GC (Allocation Failure)  386910K->8510K(1056256K), 0.0035895 secs]
35087.717: [GC (Allocation Failure)  376126K->8606K(1045504K), 0.0033424 secs]
35088.101: [GC (Allocation Failure)  365470K->8510K(1117184K), 0.0053675 secs]
35088.539: [GC (Allocation Failure)  437054K->8542K(1103872K), 0.0037330 secs]
35088.957: [GC (Allocation Failure)  423774K->8542K(1091072K), 0.0033109 secs]
35089.365: [GC (Allocation Failure)  410974K->8542K(1079296K), 0.0032929 secs]
35089.761: [GC (Allocation Failure)  399198K->8542K(1068032K), 0.0038087 secs]
35090.147: [GC (Allocation Failure)  387934K->8542K(1056768K), 0.0035640 secs]
35090.522: [GC (Allocation Failure)  376670K->8510K(1046016K), 0.0038378 secs]
35090.887: [GC (Allocation Failure)  365886K->8542K(1035776K), 0.0032032 secs]
35091.241: [GC (Allocation Failure)  355678K->8542K(1026048K), 0.0040437 secs]
35091.585: [GC (Allocation Failure)  345950K->8510K(1093632K), 0.0039757 secs]
35091.995: [GC (Allocation Failure)  413502K->8542K(1081344K), 0.0032008 secs]
35092.392: [GC (Allocation Failure)  401246K->8542K(1069568K), 0.0040738 secs]
35092.778: [GC (Allocation Failure)  389470K->8510K(1058304K), 0.0033387 secs]
35093.180: [GC (Allocation Failure)  378174K->8510K(1047552K), 0.0030327 secs]
35093.546: [GC (Allocation Failure)  367422K->8510K(1037312K), 0.0031171 secs]
35093.902: [GC (Allocation Failure)  357182K->8542K(1027584K), 0.0031170 secs]
35094.247: [GC (Allocation Failure)  347486K->8542K(1018368K), 0.0033212 secs]
35094.587: [GC (Allocation Failure)  338270K->8542K(1009152K), 0.0030172 secs]
35094.915: [GC (Allocation Failure)  329054K->8510K(1000448K), 0.0035942 secs]
35095.233: [GC (Allocation Failure)  320318K->8510K(992256K), 0.0033644 secs]
35095.542: [GC (Allocation Failure)  312126K->8510K(1053184K), 0.0038855 secs]
35095.912: [GC (Allocation Failure)  373054K->8542K(1042944K), 0.0033579 secs]
35096.279: [GC (Allocation Failure)  362846K->8510K(1032704K), 0.0039253 secs]
35096.630: [GC (Allocation Failure)  352574K->8510K(1101824K), 0.0038541 secs]
35097.046: [GC (Allocation Failure)  421694K->8510K(1089536K), 0.0031809 secs]
35097.450: [GC (Allocation Failure)  409406K->8510K(1077760K), 0.0035353 secs]
35097.844: [GC (Allocation Failure)  397630K->8510K(1066496K), 0.0033867 secs]
35098.256: [GC (Allocation Failure)  386366K->8510K(1055744K), 0.0034910 secs]
35098.628: [GC (Allocation Failure)  375614K->8542K(1044992K), 0.0035682 secs]
35098.991: [GC (Allocation Failure)  364894K->8542K(1034752K), 0.0038263 secs]
35099.343: [GC (Allocation Failure)  354654K->8542K(1025024K), 0.0035687 secs]
35099.686: [GC (Allocation Failure)  344926K->8542K(1015808K), 0.0033651 secs]
35100.019: [GC (Allocation Failure)  335710K->8510K(1007104K), 0.0030368 secs]
35100.342: [GC (Allocation Failure)  326974K->8574K(998400K), 0.0036606 secs]
35100.658: [GC (Allocation Failure)  318334K->8510K(1060352K), 0.0039387 secs]
35101.034: [GC (Allocation Failure)  380222K->8542K(1049600K), 0.0031452 secs]
35101.400: [GC (Allocation Failure)  369502K->8510K(1039360K), 0.0032589 secs]
35101.756: [GC (Allocation Failure)  359230K->8510K(1029632K), 0.0038433 secs]
35102.103: [GC (Allocation Failure)  349502K->8574K(1020416K), 0.0031264 secs]
35102.440: [GC (Allocation Failure)  340350K->8542K(1011200K), 0.0035043 secs]
35102.768: [GC (Allocation Failure)  331102K->8574K(1002496K), 0.0031153 secs]
35103.087: [GC (Allocation Failure)  322430K->8574K(994304K), 0.0026339 secs]
35103.422: [GC (Allocation Failure)  314238K->8510K(986112K), 0.0033661 secs]
35103.728: [GC (Allocation Failure)  305982K->8510K(978432K), 0.0035535 secs]
35104.023: [GC (Allocation Failure)  298302K->8542K(971264K), 0.0031783 secs]
35104.310: [GC (Allocation Failure)  291166K->8510K(1028096K), 0.0048385 secs]
35104.660: [GC (Allocation Failure)  347966K->8574K(1096192K), 0.0031652 secs]
35105.070: [GC (Allocation Failure)  416126K->8510K(1178112K), 0.0048216 secs]
35105.563: [GC (Allocation Failure)  497982K->8510K(1162240K), 0.0032473 secs]
35106.038: [GC (Allocation Failure)  482110K->8510K(1147392K), 0.0031271 secs]
35106.496: [GC (Allocation Failure)  467262K->8542K(1133056K), 0.0042710 secs]
35106.946: [GC (Allocation Failure)  452958K->8510K(1119232K), 0.0032900 secs]
35107.379: [GC (Allocation Failure)  439102K->8510K(1105920K), 0.0042356 secs]
35107.800: [GC (Allocation Failure)  425790K->8574K(1093120K), 0.0030402 secs]
35108.208: [GC (Allocation Failure)  413054K->8542K(1080832K), 0.0035727 secs]
35108.642: [GC (Allocation Failure)  400734K->8542K(1069056K), 0.0032121 secs]
35109.027: [GC (Allocation Failure)  388958K->8510K(1057792K), 0.0036029 secs]
35109.402: [GC (Allocation Failure)  377662K->8574K(1047040K), 0.0050340 secs]
35109.772: [GC (Allocation Failure)  366974K->8542K(1036800K), 0.0036951 secs]
35110.126: [GC (Allocation Failure)  356702K->8574K(1027072K), 0.0032938 secs]
35110.470: [GC (Allocation Failure)  347006K->8510K(1017856K), 0.0033259 secs]
35110.806: [GC (Allocation Failure)  337726K->8542K(1008640K), 0.0034392 secs]
35111.137: [GC (Allocation Failure)  328542K->8542K(999936K), 0.0035958 secs]
35111.460: [GC (Allocation Failure)  319838K->8542K(991744K), 0.0030034 secs]
35111.768: [GC (Allocation Failure)  311646K->8542K(1052672K), 0.0037494 secs]
35112.138: [GC (Allocation Failure)  372574K->8542K(1125888K), 0.0044035 secs]
35112.582: [GC (Allocation Failure)  445790K->8510K(1213440K), 0.0039089 secs]
35113.106: [GC (Allocation Failure)  533310K->8510K(1196032K), 0.0033559 secs]
35113.612: [GC (Allocation Failure)  515902K->8574K(1179648K), 0.0038315 secs]
35114.103: [GC (Allocation Failure)  499582K->8574K(1163776K), 0.0034190 secs]
35114.577: [GC (Allocation Failure)  483710K->8542K(1148416K), 0.0030120 secs]
35115.036: [GC (Allocation Failure)  468318K->8510K(1134080K), 0.0036133 secs]
35115.484: [GC (Allocation Failure)  453950K->8542K(1120256K), 0.0035109 secs]
35115.919: [GC (Allocation Failure)  440158K->8510K(1106944K), 0.0042728 secs]
35116.342: [GC (Allocation Failure)  426814K->8542K(1094144K), 0.0035367 secs]
35116.753: [GC (Allocation Failure)  414046K->8510K(1081856K), 0.0043891 secs]
35117.156: [GC (Allocation Failure)  401726K->8542K(1070080K), 0.0037948 secs]
35117.543: [GC (Allocation Failure)  389982K->8574K(1058816K), 0.0031193 secs]
35117.918: [GC (Allocation Failure)  378750K->8574K(1048064K), 0.0039973 secs]
35118.284: [GC (Allocation Failure)  367998K->8574K(1037824K), 0.0032370 secs]
35118.639: [GC (Allocation Failure)  357758K->8574K(1028096K), 0.0030633 secs]
35119.010: [GC (Allocation Failure)  348030K->8510K(1018880K), 0.0037387 secs]
35119.347: [GC (Allocation Failure)  338750K->8478K(1009664K), 0.0036042 secs]
35119.674: [GC (Allocation Failure)  329502K->8542K(1000960K), 0.0031156 secs]
35119.991: [GC (Allocation Failure)  320862K->8510K(1063424K), 0.0039441 secs]
35120.372: [GC (Allocation Failure)  383294K->8574K(1052672K), 0.0037910 secs]
35120.743: [GC (Allocation Failure)  372606K->8574K(1042432K), 0.0033036 secs]
35121.102: [GC (Allocation Failure)  362366K->8542K(1032704K), 0.0034591 secs]
35121.460: [GC (Allocation Failure)  352606K->8606K(1022976K), 0.0036081 secs]
35121.802: [GC (Allocation Failure)  342942K->8542K(1013760K), 0.0033336 secs]
35122.132: [GC (Allocation Failure)  333662K->8542K(1005056K), 0.0035397 secs]
35122.454: [GC (Allocation Failure)  324958K->8574K(996352K), 0.0026170 secs]
35122.767: [GC (Allocation Failure)  316286K->8574K(988160K), 0.0033225 secs]
35123.072: [GC (Allocation Failure)  308094K->8510K(1048064K), 0.0040486 secs]
35123.438: [GC (Allocation Failure)  367934K->8542K(1120256K), 0.0037141 secs]
35123.873: [GC (Allocation Failure)  440158K->8574K(1106944K), 0.0035558 secs]
35124.316: [GC (Allocation Failure)  426878K->8542K(1094144K), 0.0033949 secs]
35124.726: [GC (Allocation Failure)  414046K->8510K(1081856K), 0.0034231 secs]
35125.124: [GC (Allocation Failure)  401726K->8542K(1070080K), 0.0040356 secs]
35125.512: [GC (Allocation Failure)  389982K->8574K(1058816K), 0.0034332 secs]
35125.888: [GC (Allocation Failure)  378750K->8542K(1048064K), 0.0038431 secs]
35126.255: [GC (Allocation Failure)  367966K->8510K(1037824K), 0.0037745 secs]
35126.611: [GC (Allocation Failure)  357694K->8510K(1028096K), 0.0034967 secs]
35126.959: [GC (Allocation Failure)  347966K->8510K(1018880K), 0.0037548 secs]
35127.296: [GC (Allocation Failure)  338750K->8542K(1084928K), 0.0037389 secs]
35127.698: [GC (Allocation Failure)  404830K->8510K(1073152K), 0.0038634 secs]
35128.088: [GC (Allocation Failure)  393022K->8510K(1061888K), 0.0030444 secs]
35128.468: [GC (Allocation Failure)  381758K->8542K(1051136K), 0.0032281 secs]
35128.837: [GC (Allocation Failure)  371038K->8574K(1040896K), 0.0034764 secs]
35129.196: [GC (Allocation Failure)  360830K->8510K(1031168K), 0.0039591 secs]
35129.570: [GC (Allocation Failure)  351038K->8542K(1021440K), 0.0029392 secs]
35129.909: [GC (Allocation Failure)  341342K->8542K(1012224K), 0.0036695 secs]
35130.237: [GC (Allocation Failure)  332126K->8574K(1003520K), 0.0032169 secs]
35130.557: [GC (Allocation Failure)  323454K->8510K(995328K), 0.0036476 secs]
35130.869: [GC (Allocation Failure)  315198K->8542K(1056768K), 0.0034728 secs]
35131.242: [GC (Allocation Failure)  376670K->8542K(1046016K), 0.0032980 secs]
35131.606: [GC (Allocation Failure)  365918K->8542K(1035776K), 0.0033712 secs]
35131.958: [GC (Allocation Failure)  355678K->8542K(1026048K), 0.0031419 secs]
35132.301: [GC (Allocation Failure)  345950K->8542K(1016832K), 0.0034916 secs]
35132.635: [GC (Allocation Failure)  336734K->8510K(1008128K), 0.0035586 secs]
35132.961: [GC (Allocation Failure)  327998K->8510K(999424K), 0.0035587 secs]
35133.277: [GC (Allocation Failure)  319294K->8510K(1061888K), 0.0036367 secs]
35133.656: [GC (Allocation Failure)  381758K->8510K(1051136K), 0.0034669 secs]
35134.026: [GC (Allocation Failure)  371006K->8510K(1040896K), 0.0033421 secs]
35134.386: [GC (Allocation Failure)  360766K->8510K(1111552K), 0.0044496 secs]
35134.817: [GC (Allocation Failure)  431422K->8542K(1098752K), 0.0036084 secs]
35135.231: [GC (Allocation Failure)  418654K->8542K(1086464K), 0.0045732 secs]
35135.633: [GC (Allocation Failure)  406366K->8510K(1074688K), 0.0037116 secs]
35136.024: [GC (Allocation Failure)  394558K->8510K(1063424K), 0.0041829 secs]
35136.413: [GC (Allocation Failure)  383294K->8510K(1052672K), 0.0034392 secs]
35136.784: [GC (Allocation Failure)  372542K->8542K(1125888K), 0.0047548 secs]
35137.229: [GC (Allocation Failure)  445790K->8542K(1112576K), 0.0037843 secs]
35137.656: [GC (Allocation Failure)  432478K->8542K(1099776K), 0.0035720 secs]
35138.072: [GC (Allocation Failure)  419678K->8510K(1087488K), 0.0039887 secs]
35138.475: [GC (Allocation Failure)  407358K->8542K(1075712K), 0.0036839 secs]
35138.867: [GC (Allocation Failure)  395614K->8542K(1064448K), 0.0033382 secs]
35139.247: [GC (Allocation Failure)  384350K->8542K(1053696K), 0.0036724 secs]
35139.617: [GC (Allocation Failure)  373598K->8574K(1043456K), 0.0031162 secs]
35140.006: [GC (Allocation Failure)  363390K->8510K(1033216K), 0.0050638 secs]
35140.362: [GC (Allocation Failure)  353086K->8542K(1023488K), 0.0034700 secs]
35140.704: [GC (Allocation Failure)  343390K->8510K(1014272K), 0.0031280 secs]
35141.035: [GC (Allocation Failure)  334142K->8542K(1079808K), 0.0052191 secs]
35141.431: [GC (Allocation Failure)  399710K->8510K(1158144K), 0.0032907 secs]
35141.900: [GC (Allocation Failure)  478014K->8510K(1143296K), 0.0035870 secs]
35142.357: [GC (Allocation Failure)  463166K->8510K(1128960K), 0.0032578 secs]
35142.800: [GC (Allocation Failure)  448830K->8542K(1115136K), 0.0040345 secs]
35143.232: [GC (Allocation Failure)  435038K->8510K(1102336K), 0.0037731 secs]
35143.649: [GC (Allocation Failure)  422206K->8542K(1090048K), 0.0038715 secs]
35144.059: [GC (Allocation Failure)  409950K->8574K(1078272K), 0.0039136 secs]
35144.455: [GC (Allocation Failure)  398206K->8542K(1067008K), 0.0036885 secs]
35144.839: [GC (Allocation Failure)  386910K->8510K(1056256K), 0.0037228 secs]
35145.293: [GC (Allocation Failure)  376126K->8510K(1045504K), 0.0034891 secs]
35145.656: [GC (Allocation Failure)  365374K->8574K(1035264K), 0.0027982 secs]
35146.009: [GC (Allocation Failure)  355198K->8542K(1025536K), 0.0033824 secs]
35146.353: [GC (Allocation Failure)  345438K->8542K(1093120K), 0.0055301 secs]
35146.764: [GC (Allocation Failure)  413022K->8542K(1080832K), 0.0035167 secs]
35147.160: [GC (Allocation Failure)  400734K->8510K(1069056K), 0.0034804 secs]
35147.544: [GC (Allocation Failure)  388926K->8574K(1145344K), 0.0046477 secs]
35148.008: [GC (Allocation Failure)  465278K->8542K(1131008K), 0.0039431 secs]
35148.452: [GC (Allocation Failure)  450910K->8574K(1117184K), 0.0030933 secs]
35148.880: [GC (Allocation Failure)  437118K->8542K(1103872K), 0.0042188 secs]
35149.302: [GC (Allocation Failure)  423774K->8542K(1091072K), 0.0033014 secs]
35149.706: [GC (Allocation Failure)  410974K->8542K(1079296K), 0.0030481 secs]
35150.101: [GC (Allocation Failure)  399198K->8542K(1068032K), 0.0030273 secs]
35150.484: [GC (Allocation Failure)  387934K->8542K(1056768K), 0.0032513 secs]
35150.857: [GC (Allocation Failure)  376670K->8510K(1046016K), 0.0033286 secs]
35151.220: [GC (Allocation Failure)  365886K->8542K(1035776K), 0.0034582 secs]
35151.574: [GC (Allocation Failure)  355678K->8542K(1026048K), 0.0042187 secs]
35151.920: [GC (Allocation Failure)  345950K->8510K(1016832K), 0.0034339 secs]
35152.254: [GC (Allocation Failure)  336702K->8542K(1008128K), 0.0036668 secs]
35152.581: [GC (Allocation Failure)  328030K->8510K(1072128K), 0.0037410 secs]
35152.968: [GC (Allocation Failure)  391998K->8510K(1060864K), 0.0034342 secs]
35153.347: [GC (Allocation Failure)  380734K->8542K(1050112K), 0.0033870 secs]
35153.714: [GC (Allocation Failure)  370014K->8574K(1039872K), 0.0033474 secs]
35154.072: [GC (Allocation Failure)  359806K->8574K(1030144K), 0.0040844 secs]
35154.425: [GC (Allocation Failure)  350078K->8542K(1020928K), 0.0032587 secs]
35154.763: [GC (Allocation Failure)  340830K->8542K(1087488K), 0.0041090 secs]
35155.167: [GC (Allocation Failure)  407390K->8542K(1075712K), 0.0029620 secs]
35155.580: [GC (Allocation Failure)  395614K->8574K(1064448K), 0.0037782 secs]
35155.963: [GC (Allocation Failure)  384382K->8510K(1053696K), 0.0031227 secs]
35156.332: [GC (Allocation Failure)  373566K->8542K(1043456K), 0.0033453 secs]
35156.693: [GC (Allocation Failure)  363358K->8542K(1033216K), 0.0031589 secs]
35157.042: [GC (Allocation Failure)  353118K->8542K(1023488K), 0.0036916 secs]
35157.381: [GC (Allocation Failure)  343390K->8510K(1014272K), 0.0027970 secs]
35157.712: [GC (Allocation Failure)  334142K->8510K(1005568K), 0.0037745 secs]
35158.034: [GC (Allocation Failure)  325438K->8542K(996864K), 0.0034921 secs]
35158.347: [GC (Allocation Failure)  316766K->8542K(1058816K), 0.0043890 secs]
35158.728: [GC (Allocation Failure)  378718K->8606K(1133056K), 0.0032210 secs]
35159.174: [GC (Allocation Failure)  453022K->8510K(1119232K), 0.0036547 secs]
35159.608: [GC (Allocation Failure)  439102K->8542K(1105920K), 0.0030623 secs]
35160.029: [GC (Allocation Failure)  425822K->8574K(1093120K), 0.0029787 secs]
35160.437: [GC (Allocation Failure)  413054K->8542K(1080832K), 0.0033369 secs]
35160.836: [GC (Allocation Failure)  400734K->8510K(1069056K), 0.0032450 secs]
35161.223: [GC (Allocation Failure)  388926K->8542K(1057792K), 0.0032179 secs]
35161.599: [GC (Allocation Failure)  377694K->8510K(1047040K), 0.0032365 secs]
35161.969: [GC (Allocation Failure)  366910K->8510K(1036800K), 0.0033668 secs]
35162.326: [GC (Allocation Failure)  356670K->8542K(1027072K), 0.0032372 secs]
35162.671: [GC (Allocation Failure)  346974K->8542K(1017856K), 0.0040062 secs]
35163.007: [GC (Allocation Failure)  337758K->8542K(1008640K), 0.0036766 secs]
35163.334: [GC (Allocation Failure)  328542K->8542K(999936K), 0.0032606 secs]
35163.654: [GC (Allocation Failure)  319838K->8510K(991744K), 0.0034023 secs]
35163.962: [GC (Allocation Failure)  311614K->8574K(1052672K), 0.0033660 secs]
35164.331: [GC (Allocation Failure)  372606K->8574K(1042432K), 0.0032612 secs]
35164.690: [GC (Allocation Failure)  362366K->8542K(1032704K), 0.0034757 secs]
35165.040: [GC (Allocation Failure)  352606K->8574K(1022976K), 0.0033052 secs]
35165.379: [GC (Allocation Failure)  342910K->8542K(1013760K), 0.0034302 secs]
35165.709: [GC (Allocation Failure)  333662K->8542K(1078784K), 0.0044719 secs]
35166.129: [GC (Allocation Failure)  398686K->8510K(1157120K), 0.0038012 secs]
35166.597: [GC (Allocation Failure)  476990K->8510K(1142272K), 0.0036547 secs]
35167.053: [GC (Allocation Failure)  462142K->8574K(1127936K), 0.0034980 secs]
35167.494: [GC (Allocation Failure)  447870K->8510K(1114112K), 0.0035901 secs]
35167.925: [GC (Allocation Failure)  433982K->8542K(1101312K), 0.0034160 secs]
35168.343: [GC (Allocation Failure)  421214K->8574K(1089024K), 0.0033628 secs]
35168.752: [GC (Allocation Failure)  408958K->8510K(1077248K), 0.0031290 secs]
35169.145: [GC (Allocation Failure)  397118K->8574K(1065984K), 0.0040720 secs]
35169.534: [GC (Allocation Failure)  385918K->8542K(1055232K), 0.0034871 secs]
35169.906: [GC (Allocation Failure)  375134K->8510K(1044480K), 0.0036056 secs]
35170.271: [GC (Allocation Failure)  364350K->8510K(1034240K), 0.0036769 secs]
35170.625: [GC (Allocation Failure)  354110K->8542K(1024512K), 0.0036417 secs]
35170.970: [GC (Allocation Failure)  344414K->8542K(1015296K), 0.0031888 secs]
35171.322: [GC (Allocation Failure)  335198K->8510K(1006592K), 0.0038359 secs]
35171.649: [GC (Allocation Failure)  326462K->8510K(997888K), 0.0034099 secs]
35171.966: [GC (Allocation Failure)  317758K->8542K(1059840K), 0.0042843 secs]
35172.347: [GC (Allocation Failure)  379742K->8542K(1134080K), 0.0032527 secs]
35172.794: [GC (Allocation Failure)  453982K->8510K(1120256K), 0.0031218 secs]
35173.228: [GC (Allocation Failure)  440126K->8606K(1106944K), 0.0027286 secs]
35173.648: [GC (Allocation Failure)  426910K->8542K(1094144K), 0.0036108 secs]
35174.057: [GC (Allocation Failure)  414046K->8510K(1081856K), 0.0031641 secs]
35174.453: [GC (Allocation Failure)  401726K->8510K(1070080K), 0.0052273 secs]
35174.846: [GC (Allocation Failure)  389950K->8574K(1058816K), 0.0035264 secs]
35175.220: [GC (Allocation Failure)  378750K->8542K(1048064K), 0.0031718 secs]
35175.586: [GC (Allocation Failure)  367966K->8510K(1037824K), 0.0034883 secs]
35175.943: [GC (Allocation Failure)  357694K->8510K(1107968K), 0.0054824 secs]
35176.368: [GC (Allocation Failure)  427838K->8542K(1095168K), 0.0028714 secs]
35176.778: [GC (Allocation Failure)  415070K->8542K(1082880K), 0.0030000 secs]
35177.178: [GC (Allocation Failure)  402782K->8542K(1071104K), 0.0030684 secs]
35177.567: [GC (Allocation Failure)  391006K->8510K(1059840K), 0.0032672 secs]
35177.944: [GC (Allocation Failure)  379710K->8542K(1049088K), 0.0040601 secs]
35178.311: [GC (Allocation Failure)  368990K->8542K(1038848K), 0.0027005 secs]
35178.667: [GC (Allocation Failure)  358750K->8478K(1029120K), 0.0037724 secs]
35179.015: [GC (Allocation Failure)  348958K->8542K(1019904K), 0.0046431 secs]
35179.355: [GC (Allocation Failure)  339806K->8510K(1086464K), 0.0042757 secs]
35179.759: [GC (Allocation Failure)  406334K->8542K(1074688K), 0.0034116 secs]
35180.152: [GC (Allocation Failure)  394590K->8542K(1063424K), 0.0035840 secs]
35180.533: [GC (Allocation Failure)  383326K->8542K(1052672K), 0.0033925 secs]
35180.902: [GC (Allocation Failure)  372574K->8542K(1042432K), 0.0040281 secs]
35181.263: [GC (Allocation Failure)  362334K->8510K(1032704K), 0.0033642 secs]
35181.615: [GC (Allocation Failure)  352574K->8542K(1022976K), 0.0037615 secs]
35181.981: [GC (Allocation Failure)  342878K->8542K(1013760K), 0.0034499 secs]
35182.312: [GC (Allocation Failure)  333662K->8542K(1005056K), 0.0037392 secs]
35182.634: [GC (Allocation Failure)  324958K->8542K(1068544K), 0.0034455 secs]
35183.022: [GC (Allocation Failure)  388446K->8574K(1057280K), 0.0038030 secs]
35183.397: [GC (Allocation Failure)  377214K->8510K(1046528K), 0.0032310 secs]
35183.761: [GC (Allocation Failure)  366398K->8510K(1118208K), 0.0043951 secs]
35184.195: [GC (Allocation Failure)  438078K->8510K(1104896K), 0.0026926 secs]
35184.614: [GC (Allocation Failure)  424766K->8542K(1092096K), 0.0034233 secs]
35185.023: [GC (Allocation Failure)  411998K->8542K(1079808K), 0.0031737 secs]
35185.420: [GC (Allocation Failure)  399710K->8542K(1068032K), 0.0040604 secs]
35185.805: [GC (Allocation Failure)  387934K->8510K(1056768K), 0.0036705 secs]
35186.179: [GC (Allocation Failure)  376638K->8542K(1046016K), 0.0031309 secs]
35186.542: [GC (Allocation Failure)  365918K->8510K(1035776K), 0.0032919 secs]
35186.896: [GC (Allocation Failure)  355646K->8542K(1026048K), 0.0030930 secs]
35187.265: [GC (Allocation Failure)  345950K->8542K(1016832K), 0.0035600 secs]
35187.600: [GC (Allocation Failure)  336734K->8542K(1008128K), 0.0044565 secs]
35187.932: [GC (Allocation Failure)  328030K->8510K(1072128K), 0.0055925 secs]
35188.324: [GC (Allocation Failure)  391998K->8510K(1148928K), 0.0036275 secs]
35188.787: [GC (Allocation Failure)  468798K->8510K(1134592K), 0.0030452 secs]
35189.236: [GC (Allocation Failure)  454462K->8542K(1120768K), 0.0035151 secs]
35189.673: [GC (Allocation Failure)  440670K->8542K(1107456K), 0.0031540 secs]
35190.095: [GC (Allocation Failure)  427358K->8542K(1094656K), 0.0032986 secs]
35190.503: [GC (Allocation Failure)  414558K->8510K(1082368K), 0.0036764 secs]
35190.900: [GC (Allocation Failure)  402238K->8574K(1070592K), 0.0033342 secs]
35191.285: [GC (Allocation Failure)  390526K->8510K(1059328K), 0.0033568 secs]
35191.660: [GC (Allocation Failure)  379198K->8574K(1048576K), 0.0035213 secs]
35192.026: [GC (Allocation Failure)  368510K->8574K(1038336K), 0.0052995 secs]
35192.418: [GC (Allocation Failure)  358270K->8542K(1028608K), 0.0035744 secs]
35192.764: [GC (Allocation Failure)  348510K->8542K(1019392K), 0.0036764 secs]
35193.103: [GC (Allocation Failure)  339294K->8510K(1085952K), 0.0040858 secs]
35193.506: [GC (Allocation Failure)  405822K->8574K(1074176K), 0.0034113 secs]
35193.896: [GC (Allocation Failure)  394110K->8510K(1062912K), 0.0033719 secs]
35194.276: [GC (Allocation Failure)  382782K->8510K(1138176K), 0.0052101 secs]
35194.734: [GC (Allocation Failure)  458046K->8510K(1124352K), 0.0028275 secs]
35195.173: [GC (Allocation Failure)  444222K->8510K(1111040K), 0.0034757 secs]
35195.598: [GC (Allocation Failure)  430910K->8510K(1098240K), 0.0031672 secs]
35196.011: [GC (Allocation Failure)  418110K->8542K(1085952K), 0.0035572 secs]
35196.413: [GC (Allocation Failure)  405854K->8542K(1074176K), 0.0037167 secs]
35196.804: [GC (Allocation Failure)  394078K->8542K(1062912K), 0.0032116 secs]
35197.185: [GC (Allocation Failure)  382814K->8542K(1052160K), 0.0041293 secs]
35197.633: [GC (Allocation Failure)  372062K->8510K(1041920K), 0.0032956 secs]
35197.993: [GC (Allocation Failure)  361790K->8542K(1032192K), 0.0032700 secs]
35198.343: [GC (Allocation Failure)  352094K->8542K(1022464K), 0.0034169 secs]
35198.684: [GC (Allocation Failure)  342366K->8542K(1013248K), 0.0031079 secs]
35199.014: [GC (Allocation Failure)  333150K->8542K(1004544K), 0.0035997 secs]
35199.336: [GC (Allocation Failure)  324446K->8574K(996352K), 0.0033745 secs]
35199.650: [GC (Allocation Failure)  316286K->8574K(988160K), 0.0029982 secs]
35199.954: [GC (Allocation Failure)  308094K->8542K(980480K), 0.0033424 secs]
35200.253: [GC (Allocation Failure)  300382K->8510K(1038848K), 0.0035389 secs]
35200.608: [GC (Allocation Failure)  358718K->8542K(1029120K), 0.0032840 secs]
35200.954: [GC (Allocation Failure)  349022K->8510K(1019904K), 0.0033338 secs]
35201.290: [GC (Allocation Failure)  339774K->8510K(1010688K), 0.0031181 secs]
35201.617: [GC (Allocation Failure)  330558K->8542K(1001984K), 0.0032445 secs]
35201.936: [GC (Allocation Failure)  321886K->8510K(993792K), 0.0035236 secs]
35202.247: [GC (Allocation Failure)  313662K->8510K(1055232K), 0.0038763 secs]
35202.673: [GC (Allocation Failure)  375102K->8510K(1044480K), 0.0033786 secs]
35203.035: [GC (Allocation Failure)  364350K->8510K(1034240K), 0.0035253 secs]
35203.387: [GC (Allocation Failure)  354110K->8510K(1024512K), 0.0036984 secs]
35203.733: [GC (Allocation Failure)  344382K->8542K(1092096K), 0.0048133 secs]
35204.146: [GC (Allocation Failure)  411998K->8510K(1172992K), 0.0035291 secs]
35204.632: [GC (Allocation Failure)  492862K->8574K(1157632K), 0.0039111 secs]
35205.103: [GC (Allocation Failure)  477566K->8510K(1142784K), 0.0038952 secs]
35205.560: [GC (Allocation Failure)  462654K->8574K(1128448K), 0.0046913 secs]
35206.003: [GC (Allocation Failure)  448382K->8542K(1114624K), 0.0039714 secs]
35206.433: [GC (Allocation Failure)  434526K->8542K(1200128K), 0.0059387 secs]
35206.953: [GC (Allocation Failure)  520030K->8542K(1183232K), 0.0035061 secs]
35207.448: [GC (Allocation Failure)  503134K->8542K(1167360K), 0.0059172 secs]
35207.934: [GC (Allocation Failure)  487262K->8510K(1152000K), 0.0033771 secs]
35208.401: [GC (Allocation Failure)  471870K->8542K(1137152K), 0.0038489 secs]
35208.850: [GC (Allocation Failure)  457054K->8574K(1123328K), 0.0032964 secs]
35209.286: [GC (Allocation Failure)  443262K->8542K(1110016K), 0.0035547 secs]
35209.709: [GC (Allocation Failure)  429918K->8574K(1097216K), 0.0041917 secs]
35210.125: [GC (Allocation Failure)  417150K->8606K(1084928K), 0.0039736 secs]
35210.526: [GC (Allocation Failure)  404894K->8510K(1073152K), 0.0037004 secs]
35210.915: [GC (Allocation Failure)  393022K->8510K(1061888K), 0.0040537 secs]
35211.296: [GC (Allocation Failure)  381758K->8542K(1051136K), 0.0033408 secs]
35211.665: [GC (Allocation Failure)  371038K->8542K(1040896K), 0.0042547 secs]
35212.029: [GC (Allocation Failure)  360798K->8510K(1031168K), 0.0041090 secs]
35212.379: [GC (Allocation Failure)  351038K->8510K(1021440K), 0.0034986 secs]
35212.718: [GC (Allocation Failure)  341310K->8510K(1012224K), 0.0033761 secs]
35213.049: [GC (Allocation Failure)  332094K->8542K(1003520K), 0.0033660 secs]
35213.370: [GC (Allocation Failure)  323422K->8542K(1066496K), 0.0036285 secs]
35213.754: [GC (Allocation Failure)  386398K->8510K(1055744K), 0.0031071 secs]
35214.127: [GC (Allocation Failure)  375614K->8574K(1044992K), 0.0033105 secs]
35214.491: [GC (Allocation Failure)  364926K->8542K(1034752K), 0.0036746 secs]
35214.845: [GC (Allocation Failure)  354654K->8542K(1025024K), 0.0032797 secs]
35215.189: [GC (Allocation Failure)  344926K->8542K(1015808K), 0.0034585 secs]
35215.524: [GC (Allocation Failure)  335710K->8510K(1081344K), 0.0040022 secs]
35215.922: [GC (Allocation Failure)  401214K->8542K(1069568K), 0.0032929 secs]
35216.309: [GC (Allocation Failure)  389470K->8542K(1058304K), 0.0032028 secs]
35216.685: [GC (Allocation Failure)  378206K->8542K(1047552K), 0.0034599 secs]
35217.049: [GC (Allocation Failure)  367454K->8542K(1037312K), 0.0029468 secs]
35217.405: [GC (Allocation Failure)  357214K->8574K(1027584K), 0.0038811 secs]
35217.749: [GC (Allocation Failure)  347518K->8574K(1018368K), 0.0037092 secs]
35218.106: [GC (Allocation Failure)  338302K->8542K(1009152K), 0.0038156 secs]
35218.433: [GC (Allocation Failure)  329054K->8542K(1000448K), 0.0035609 secs]
35218.750: [GC (Allocation Failure)  320350K->8574K(1062912K), 0.0034053 secs]
35219.129: [GC (Allocation Failure)  382846K->8510K(1052160K), 0.0034520 secs]
35219.498: [GC (Allocation Failure)  372030K->8510K(1041920K), 0.0028062 secs]
35219.859: [GC (Allocation Failure)  361790K->8510K(1032192K), 0.0034406 secs]
35220.210: [GC (Allocation Failure)  352062K->8542K(1022464K), 0.0032249 secs]
35220.551: [GC (Allocation Failure)  342366K->8542K(1089536K), 0.0047129 secs]
35220.959: [GC (Allocation Failure)  409438K->8542K(1169920K), 0.0041870 secs]
35221.443: [GC (Allocation Failure)  489822K->8542K(1154560K), 0.0038272 secs]
35221.910: [GC (Allocation Failure)  474462K->8510K(1139712K), 0.0030689 secs]
35222.362: [GC (Allocation Failure)  459582K->8510K(1125376K), 0.0040187 secs]
35222.802: [GC (Allocation Failure)  445246K->8542K(1112064K), 0.0031565 secs]
35223.257: [GC (Allocation Failure)  431966K->8542K(1099264K), 0.0038848 secs]
35223.673: [GC (Allocation Failure)  419166K->8542K(1086976K), 0.0030870 secs]
35224.076: [GC (Allocation Failure)  406878K->8510K(1075200K), 0.0040056 secs]
35224.468: [GC (Allocation Failure)  395070K->8542K(1063936K), 0.0033054 secs]
35224.849: [GC (Allocation Failure)  383838K->8542K(1053184K), 0.0035771 secs]
35225.219: [GC (Allocation Failure)  373086K->8510K(1042944K), 0.0041952 secs]
35225.579: [GC (Allocation Failure)  362814K->8510K(1032704K), 0.0034214 secs]
35225.929: [GC (Allocation Failure)  352574K->8542K(1022976K), 0.0029799 secs]
35226.268: [GC (Allocation Failure)  342878K->8478K(1013760K), 0.0032904 secs]
35226.599: [GC (Allocation Failure)  333598K->8510K(1005056K), 0.0035458 secs]
35226.922: [GC (Allocation Failure)  324926K->8510K(1068544K), 0.0041391 secs]
35227.308: [GC (Allocation Failure)  388414K->8542K(1057280K), 0.0035148 secs]
35227.682: [GC (Allocation Failure)  377182K->8510K(1046528K), 0.0034250 secs]
35228.046: [GC (Allocation Failure)  366398K->8542K(1036288K), 0.0035129 secs]
35228.433: [GC (Allocation Failure)  356190K->8510K(1026560K), 0.0037928 secs]
35228.778: [GC (Allocation Failure)  346430K->8510K(1017344K), 0.0036729 secs]
35229.115: [GC (Allocation Failure)  337214K->8542K(1008640K), 0.0034129 secs]
35229.441: [GC (Allocation Failure)  328542K->8542K(999936K), 0.0030099 secs]
