Java HotSpot(TM) 64-Bit Server VM (25.91-b14) for linux-amd64 JRE (1.8.0_91-b14), built on Apr  1 2016 00:57:21 by "java_re" with gcc 4.3.0 20080428 (Red Hat 4.3.0-8)
Memory: 4k page, physical 10239976k(3857700k free), swap 4192252k(4192252k free)
CommandLine flags: -XX:InitialHeapSize=163839616 -XX:MaxHeapSize=2621433856 -XX:+PrintGC -XX:+PrintGCTimeStamps -XX:+UseCompressedClassPointers -XX:+UseCompressedOops 
0.924: [GC (Allocation Failure)  43136K->11737K(156416K), 0.0238145 secs]
1.104: [Full GC (System.gc())  32657K->17139K(156416K), 0.0343166 secs]
1.144: [Full GC (System.gc())  17139K->17139K(156544K), 0.0205705 secs]
1.174: [Full GC (System.gc())  17139K->17139K(156544K), 0.0214731 secs]
1.203: [Full GC (System.gc())  17139K->17137K(156544K), 0.0306997 secs]
1.235: [Full GC (System.gc())  17137K->17137K(156544K), 0.0201338 secs]
2.161: [Full GC (System.gc())  37540K->21475K(156544K), 0.0280111 secs]
2.191: [Full GC (System.gc())  21475K->21475K(156544K), 0.0227247 secs]
2.214: [Full GC (System.gc())  21475K->17347K(156544K), 0.0267895 secs]
2.241: [Full GC (System.gc())  17347K->17347K(156544K), 0.0233745 secs]
2.265: [Full GC (System.gc())  17347K->17347K(156544K), 0.0219835 secs]
2.298: [Full GC (System.gc())  18204K->17385K(156544K), 0.0213990 secs]
2.322: [Full GC (System.gc())  17385K->13308K(156544K), 0.0234024 secs]
2.346: [Full GC (System.gc())  13308K->13308K(156544K), 0.0213529 secs]
2.367: [Full GC (System.gc())  13308K->13308K(156544K), 0.0207973 secs]
2.388: [Full GC (System.gc())  13308K->13308K(156544K), 0.0212746 secs]
2.411: [Full GC (System.gc())  14164K->13304K(156544K), 0.0204222 secs]
2.431: [Full GC (System.gc())  13304K->13304K(156544K), 0.0192636 secs]
2.451: [Full GC (System.gc())  13304K->13304K(156544K), 0.0207632 secs]
2.472: [Full GC (System.gc())  13304K->13304K(156544K), 0.0222575 secs]
2.494: [Full GC (System.gc())  13304K->13304K(156544K), 0.0217641 secs]
3.521: [GC (Allocation Failure)  56568K->15975K(156544K), 0.0082995 secs]
4.270: [GC (Allocation Failure)  59239K->18272K(156544K), 0.0123936 secs]
4.418: [Full GC (System.gc())  24471K->17850K(156544K), 0.0706117 secs]
4.493: [Full GC (System.gc())  17850K->17850K(156544K), 0.0418307 secs]
4.538: [Full GC (System.gc())  17850K->17850K(156544K), 0.0576347 secs]
4.599: [Full GC (System.gc())  17850K->17598K(156544K), 0.0425524 secs]
4.648: [Full GC (System.gc())  17598K->17598K(156544K), 0.0487694 secs]
