Java HotSpot(TM) 64-Bit Server VM (25.91-b14) for linux-amd64 JRE (1.8.0_91-b14), built on Apr  1 2016 00:57:21 by "java_re" with gcc 4.3.0 20080428 (Red Hat 4.3.0-8)
Memory: 4k page, physical 10239976k(3863180k free), swap 4192252k(4192252k free)
CommandLine flags: -XX:InitialHeapSize=163839616 -XX:MaxHeapSize=2621433856 -XX:+PrintGC -XX:+PrintGCTimeStamps -XX:+UseCompressedClassPointers -XX:+UseCompressedOops 
0.600: [GC (Allocation Failure)  43136K->7509K(156416K), 0.0250575 secs]
0.810: [GC (Allocation Failure)  50645K->14067K(156416K), 0.0266111 secs]
1.055: [GC (Allocation Failure)  57203K->19997K(156416K), 0.0214738 secs]
1.257: [GC (Allocation Failure)  63133K->26952K(156416K), 0.0274016 secs]
1.430: [GC (Allocation Failure)  70088K->33185K(156416K), 0.0276576 secs]
1.679: [GC (Allocation Failure)  76321K->38903K(156416K), 0.0162455 secs]
1.873: [GC (Allocation Failure)  82039K->44729K(156416K), 0.0164615 secs]
2.061: [GC (Allocation Failure)  87865K->50631K(156416K), 0.0266797 secs]
2.293: [GC (Allocation Failure)  93767K->57361K(156416K), 0.0242472 secs]
2.478: [GC (Allocation Failure)  100497K->63605K(156416K), 0.0345524 secs]
2.677: [GC (Allocation Failure)  106741K->69483K(156416K), 0.0299986 secs]
2.904: [GC (Allocation Failure)  112619K->74642K(156416K), 0.0176628 secs]
3.094: [GC (Allocation Failure)  117778K->79752K(156416K), 0.0175061 secs]
3.264: [GC (Allocation Failure)  122888K->85563K(156416K), 0.0284648 secs]
3.482: [GC (Allocation Failure)  128699K->91531K(156416K), 0.0385108 secs]
3.720: [GC (Allocation Failure)  134667K->97155K(156416K), 0.0539713 secs]
4.085: [GC (Allocation Failure)  140291K->103206K(156416K), 0.0599297 secs]
4.371: [GC (Allocation Failure)  146341K->108037K(156416K), 0.0311352 secs]
4.626: [GC (Allocation Failure)  151173K->114065K(157376K), 0.0181357 secs]
4.645: [Full GC (Allocation Failure)  114065K->111058K(157376K), 0.1606535 secs]
5.181: [GC (Allocation Failure)  181567K->119647K(263168K), 0.0513318 secs]
5.838: [GC (Allocation Failure)  192351K->136888K(263168K), 0.0545698 secs]
6.448: [GC (Allocation Failure)  209592K->148565K(263168K), 0.0659740 secs]
6.955: [GC (Allocation Failure)  221269K->160992K(263168K), 0.0595161 secs]
7.414: [GC (Allocation Failure)  233696K->172606K(263168K), 0.0502638 secs]
7.935: [GC (Allocation Failure)  245310K->181564K(263168K), 0.0405322 secs]
8.400: [GC (Allocation Failure)  254268K->192001K(264896K), 0.0576907 secs]
8.458: [Full GC (Allocation Failure)  192001K->156486K(264896K), 0.4979804 secs]
9.441: [GC (Allocation Failure)  260934K->172590K(378252K), 0.0678205 secs]
9.959: [GC (Allocation Failure)  277038K->188307K(378252K), 0.0495339 secs]
10.195: [Full GC (System.gc())  223745K->171208K(378252K), 0.3802004 secs]
10.583: [Full GC (System.gc())  171208K->160879K(413796K), 0.5607943 secs]
11.149: [Full GC (System.gc())  160879K->160879K(413796K), 0.3153482 secs]
11.469: [Full GC (System.gc())  160879K->160879K(413796K), 0.3132202 secs]
11.788: [Full GC (System.gc())  160879K->160879K(413796K), 0.3114305 secs]
12.926: [Full GC (System.gc())  186302K->154697K(413796K), 0.4059814 secs]
13.339: [Full GC (System.gc())  154697K->154697K(413796K), 0.3030595 secs]
13.649: [Full GC (System.gc())  154697K->154697K(413796K), 0.3098280 secs]
13.966: [Full GC (System.gc())  154697K->154697K(413796K), 0.3283848 secs]
14.297: [Full GC (System.gc())  154697K->154697K(413796K), 0.3060090 secs]
14.681: [Full GC (System.gc())  157108K->155380K(413796K), 0.3215169 secs]
15.009: [Full GC (System.gc())  155380K->155380K(413796K), 0.3162135 secs]
15.332: [Full GC (System.gc())  155380K->155380K(413796K), 0.3162357 secs]
15.654: [Full GC (System.gc())  155380K->144869K(413796K), 0.3347554 secs]
15.993: [Full GC (System.gc())  144869K->144869K(413796K), 0.3142167 secs]
16.315: [Full GC (System.gc())  147147K->144871K(413796K), 0.3122011 secs]
16.636: [Full GC (System.gc())  144871K->144871K(413796K), 0.3346277 secs]
16.974: [Full GC (System.gc())  144871K->144863K(413796K), 0.3077973 secs]
17.282: [Full GC (System.gc())  144863K->144863K(413796K), 0.3160532 secs]
17.599: [Full GC (System.gc())  144863K->144863K(413796K), 0.3075295 secs]
20.232: [GC (Allocation Failure)  259039K->151219K(413796K), 0.0270053 secs]
22.012: [GC (Allocation Failure)  265395K->156319K(413796K), 0.0335470 secs]
23.111: [GC (Allocation Failure)  270495K->162110K(413796K), 0.0362644 secs]
25.547: [GC (Allocation Failure)  276286K->168031K(413796K), 0.1157250 secs]
26.904: [GC (Allocation Failure)  282207K->174973K(413796K), 0.0727709 secs]
28.121: [GC (Allocation Failure)  289149K->181009K(413796K), 0.0521475 secs]
29.219: [GC (Allocation Failure)  295185K->189922K(413796K), 0.0699530 secs]
30.243: [GC (Allocation Failure)  304098K->196431K(413796K), 0.0869654 secs]
31.979: [GC (Allocation Failure)  310607K->203719K(413796K), 0.0645528 secs]
33.283: [GC (Allocation Failure)  317895K->210222K(413796K), 0.0786081 secs]
34.895: [GC (Allocation Failure)  324398K->217069K(413796K), 0.0863767 secs]
35.960: [GC (Allocation Failure)  331245K->222725K(413796K), 0.0878530 secs]
37.004: [GC (Allocation Failure)  336901K->227941K(413796K), 0.0867865 secs]
38.006: [GC (Allocation Failure)  342117K->233954K(413796K), 0.0461625 secs]
39.257: [GC (Allocation Failure)  348130K->241350K(413796K), 0.0941640 secs]
40.459: [GC (Allocation Failure)  355526K->247772K(413796K), 0.0880164 secs]
41.480: [GC (Allocation Failure)  361948K->248901K(413796K), 0.0319398 secs]
42.304: [GC (Allocation Failure)  363077K->251297K(413796K), 0.0422709 secs]
43.225: [GC (Allocation Failure)  365473K->259811K(413796K), 0.0430285 secs]
44.710: [GC (Allocation Failure)  373987K->263168K(413796K), 0.0493551 secs]
45.791: [GC (Allocation Failure)  377344K->268625K(413796K), 0.0711204 secs]
46.875: [GC (Allocation Failure)  382801K->275720K(413796K), 0.0712749 secs]
48.017: [GC (Allocation Failure)  389896K->280460K(413796K), 0.0548551 secs]
49.209: [GC (Allocation Failure)  394636K->287245K(413796K), 0.0485097 secs]
50.381: [GC (Allocation Failure)  401421K->291944K(413796K), 0.0827050 secs]
52.119: [GC (Allocation Failure)  406120K->300270K(415716K), 0.0789954 secs]
52.198: [Full GC (Allocation Failure)  300270K->278628K(415716K), 0.6965524 secs]
55.563: [GC (Allocation Failure)  464548K->288247K(673472K), 0.0841623 secs]
59.377: [GC (Allocation Failure)  474167K->296784K(673472K), 0.2181004 secs]
63.469: [GC (Allocation Failure)  482704K->303737K(673472K), 0.1952504 secs]
68.520: [GC (Allocation Failure)  489657K->313687K(673472K), 0.2220917 secs]
72.922: [GC (Allocation Failure)  499607K->325328K(673472K), 0.2216427 secs]
77.220: [GC (Allocation Failure)  511248K->340870K(673472K), 0.1376759 secs]
80.599: [GC (Allocation Failure)  526790K->351220K(673472K), 0.3283221 secs]
85.576: [GC (Allocation Failure)  537140K->369048K(673472K), 0.1490369 secs]
89.500: [GC (Allocation Failure)  554968K->374170K(673472K), 0.1789396 secs]
93.063: [GC (Allocation Failure)  560090K->385646K(673472K), 0.0926075 secs]
96.460: [GC (Allocation Failure)  571566K->400638K(673472K), 0.1835035 secs]
100.801: [GC (Allocation Failure)  586558K->417091K(673472K), 0.1932118 secs]
104.547: [GC (Allocation Failure)  603011K->426959K(673472K), 0.1700011 secs]
112.391: [GC (Allocation Failure)  612879K->448649K(673472K), 0.1935999 secs]
117.868: [GC (Allocation Failure)  634569K->467643K(673472K), 0.1571946 secs]
123.719: [GC (Allocation Failure)  653563K->478100K(676736K), 0.2269781 secs]
123.946: [Full GC (Allocation Failure)  478100K->388852K(676736K), 2.4856434 secs]
131.640: [GC (Allocation Failure)  648180K->403582K(939800K), 0.2161285 secs]
138.808: [GC (Allocation Failure)  662910K->427298K(939800K), 0.1771635 secs]
142.693: [GC (Allocation Failure)  686626K->443336K(939800K), 0.2502220 secs]
149.066: [GC (Allocation Failure)  702664K->460872K(939800K), 0.2223369 secs]
151.392: [GC (Allocation Failure)  720200K->474473K(939800K), 0.0824864 secs]
154.724: [GC (Allocation Failure)  733801K->491989K(939800K), 0.0696238 secs]
156.681: [GC (Allocation Failure)  751317K->513735K(939800K), 0.1659875 secs]
158.144: [GC (Allocation Failure)  773063K->538859K(939800K), 0.0723199 secs]
159.739: [GC (Allocation Failure)  798187K->571628K(939800K), 0.0831172 secs]
161.486: [GC (Allocation Failure)  830956K->618578K(939800K), 0.0958843 secs]
163.195: [GC (Allocation Failure)  877906K->670880K(939800K), 0.0874921 secs]
164.548: [GC (Allocation Failure)  930208K->716374K(975704K), 0.0899818 secs]
164.638: [Full GC (Allocation Failure)  716374K->556765K(975704K), 1.4627319 secs]
168.102: [GC (Allocation Failure)  927965K->680419K(1345544K), 0.1310612 secs]
171.700: [GC (Allocation Failure)  1051619K->733657K(1345544K), 0.1537401 secs]
174.299: [GC (Allocation Failure)  1104857K->764000K(1345544K), 0.1315299 secs]
178.223: [GC (Allocation Failure)  1135200K->780744K(1345544K), 0.1070960 secs]
181.217: [GC (Allocation Failure)  1151944K->792601K(1345544K), 0.0740384 secs]
183.852: [GC (Allocation Failure)  1163801K->805693K(1345544K), 0.1022803 secs]
186.276: [GC (Allocation Failure)  1176893K->821255K(1345544K), 0.0957783 secs]
188.534: [GC (Allocation Failure)  1192455K->838762K(1345544K), 0.1079767 secs]
191.923: [GC (Allocation Failure)  1209962K->874322K(1345544K), 0.2398579 secs]
196.205: [GC (Allocation Failure)  1245522K->892666K(1345544K), 0.1596611 secs]
199.528: [GC (Allocation Failure)  1263866K->917847K(1345544K), 0.0801287 secs]
203.114: [GC (Allocation Failure)  1289047K->935320K(1345544K), 0.1012670 secs]
204.963: [GC (Allocation Failure)  1306520K->1025297K(1396616K), 0.2102613 secs]
205.173: [Full GC (Allocation Failure)  1025297K->760027K(1396616K), 1.9158380 secs]
208.723: [GC (Allocation Failure)  1266843K->960064K(1836828K), 0.1483541 secs]
211.426: [GC (Allocation Failure)  1466880K->984895K(1836828K), 0.1321218 secs]
215.180: [GC (Allocation Failure)  1491711K->1006311K(1836828K), 0.1345599 secs]
218.518: [GC (Allocation Failure)  1513127K->1029549K(1836828K), 0.1421072 secs]
221.617: [GC (Allocation Failure)  1536365K->1054729K(1836828K), 0.1289713 secs]
223.798: [GC (Allocation Failure)  1561545K->1198528K(1836828K), 0.2768319 secs]
226.192: [GC (Allocation Failure)  1705344K->1315670K(1836828K), 0.2352053 secs]
229.774: [GC (Allocation Failure)  1822486K->1430722K(1937628K), 0.2608068 secs]
230.035: [Full GC (Allocation Failure)  1430722K->971953K(1937628K), 2.1038517 secs]
233.920: [GC (Allocation Failure)  1620017K->1261396K(2348948K), 0.2177360 secs]
236.117: [Full GC (System.gc())  1702254K->956019K(2348948K), 2.3607714 secs]
238.478: [Full GC (System.gc())  956019K->956019K(2348948K), 2.0874699 secs]
240.566: [Full GC (System.gc())  956019K->956019K(2348948K), 1.9598500 secs]
242.527: [Full GC (System.gc())  956019K->956019K(2348948K), 1.9841659 secs]
244.511: [Full GC (System.gc())  956019K->956019K(2348948K), 1.9853678 secs]
248.627: [GC (Allocation Failure)  1604083K->972295K(2348948K), 0.0711424 secs]
