Java HotSpot(TM) 64-Bit Server VM (25.91-b14) for linux-amd64 JRE (1.8.0_91-b14), built on Apr  1 2016 00:57:21 by "java_re" with gcc 4.3.0 20080428 (Red Hat 4.3.0-8)
Memory: 4k page, physical 10239976k(3863036k free), swap 4192252k(4192252k free)
CommandLine flags: -XX:InitialHeapSize=163839616 -XX:MaxHeapSize=2621433856 -XX:+PrintGC -XX:+PrintGCTimeStamps -XX:+UseCompressedClassPointers -XX:+UseCompressedOops 
0.705: [GC (Allocation Failure)  43136K->7374K(156416K), 0.0177844 secs]
0.898: [GC (Allocation Failure)  50510K->13666K(156416K), 0.0407160 secs]
1.169: [GC (Allocation Failure)  56802K->19820K(156416K), 0.0603910 secs]
1.458: [GC (Allocation Failure)  62956K->26484K(156416K), 0.0183106 secs]
1.743: [GC (Allocation Failure)  69620K->32982K(156416K), 0.0277863 secs]
1.935: [GC (Allocation Failure)  76118K->39046K(156416K), 0.0198348 secs]
2.143: [GC (Allocation Failure)  82182K->44536K(156416K), 0.0256903 secs]
2.345: [GC (Allocation Failure)  87672K->50327K(156416K), 0.0319377 secs]
2.626: [GC (Allocation Failure)  93463K->57253K(156416K), 0.0315614 secs]
2.919: [GC (Allocation Failure)  100387K->63222K(156416K), 0.0252799 secs]
3.163: [GC (Allocation Failure)  106358K->69080K(156416K), 0.0285545 secs]
3.414: [GC (Allocation Failure)  112216K->74637K(156416K), 0.0447319 secs]
3.779: [GC (Allocation Failure)  117773K->79649K(156416K), 0.0306099 secs]
4.005: [GC (Allocation Failure)  122785K->85088K(156416K), 0.0719359 secs]
4.259: [GC (Allocation Failure)  128224K->91154K(156416K), 0.0304163 secs]
4.429: [GC (Allocation Failure)  134290K->96730K(156416K), 0.0478581 secs]
4.692: [GC (Allocation Failure)  139866K->102553K(156416K), 0.1414867 secs]
5.094: [GC (Allocation Failure)  145689K->110131K(156416K), 0.0687156 secs]
5.500: [GC (Allocation Failure)  153267K->114888K(158660K), 0.0267869 secs]
5.527: [Full GC (Allocation Failure)  114888K->112129K(158660K), 0.3407109 secs]
6.300: [GC (Allocation Failure)  183683K->119707K(266268K), 0.0413741 secs]
7.093: [GC (Allocation Failure)  193243K->135558K(266268K), 0.0531249 secs]
8.143: [GC (Allocation Failure)  209094K->147544K(266268K), 0.0833242 secs]
8.973: [GC (Allocation Failure)  221080K->159405K(266268K), 0.1203485 secs]
9.713: [GC (Allocation Failure)  232941K->171666K(266268K), 0.0665311 secs]
10.458: [GC (Allocation Failure)  245202K->183545K(266268K), 0.0823762 secs]
11.284: [GC (Allocation Failure)  257081K->191173K(266268K), 0.0538499 secs]
11.745: [GC (Allocation Failure)  264709K->201228K(274784K), 0.0457961 secs]
11.797: [Full GC (Allocation Failure)  201228K->168660K(274784K), 0.7984112 secs]
13.205: [GC (Allocation Failure)  281236K->186748K(407696K), 0.0883048 secs]
13.906: [GC (Allocation Failure)  299324K->204151K(407696K), 0.0543132 secs]
14.279: [Full GC (System.gc())  244751K->185328K(407696K), 0.5934387 secs]
14.886: [Full GC (System.gc())  185328K->171442K(447956K), 0.4786862 secs]
15.371: [Full GC (System.gc())  171442K->171442K(447956K), 0.5412023 secs]
15.918: [Full GC (System.gc())  171442K->171442K(447956K), 0.4522046 secs]
16.375: [Full GC (System.gc())  171442K->171442K(447956K), 0.3814223 secs]
18.342: [Full GC (System.gc())  203688K->166336K(447956K), 0.5197683 secs]
18.870: [Full GC (System.gc())  166336K->166336K(447956K), 0.3867487 secs]
19.268: [Full GC (System.gc())  166336K->166336K(447956K), 0.4781551 secs]
19.758: [Full GC (System.gc())  166336K->166336K(447956K), 0.3648741 secs]
20.128: [Full GC (System.gc())  166336K->166336K(447956K), 0.3679091 secs]
20.606: [Full GC (System.gc())  168949K->167116K(447956K), 0.4130803 secs]
21.024: [Full GC (System.gc())  167116K->167116K(447956K), 0.3374862 secs]
21.366: [Full GC (System.gc())  167116K->167116K(447956K), 0.4085427 secs]
21.783: [Full GC (System.gc())  167116K->155556K(447956K), 0.4994013 secs]
22.283: [Full GC (System.gc())  155556K->155556K(447956K), 0.3530553 secs]
22.644: [Full GC (System.gc())  158025K->155566K(447956K), 0.3997891 secs]
23.044: [Full GC (System.gc())  155566K->155566K(447956K), 0.3944525 secs]
23.441: [Full GC (System.gc())  155566K->155420K(447956K), 0.3245764 secs]
23.765: [Full GC (System.gc())  155420K->155420K(447956K), 0.3502024 secs]
24.119: [Full GC (System.gc())  155420K->155420K(447956K), 0.3873575 secs]
27.383: [GC (Allocation Failure)  279068K->161644K(447956K), 0.0210304 secs]
29.103: [GC (Allocation Failure)  285292K->167699K(447956K), 0.0413915 secs]
30.955: [GC (Allocation Failure)  291347K->173795K(447956K), 0.0803469 secs]
32.072: [GC (Allocation Failure)  297443K->179893K(447956K), 0.0412827 secs]
33.744: [GC (Allocation Failure)  303541K->185943K(447956K), 0.1320042 secs]
35.309: [GC (Allocation Failure)  309591K->192792K(447956K), 0.1501881 secs]
36.840: [GC (Allocation Failure)  316342K->198894K(447956K), 0.0817181 secs]
38.745: [GC (Allocation Failure)  322542K->206302K(447956K), 0.0906481 secs]
40.456: [GC (Allocation Failure)  329950K->212720K(447956K), 0.1090498 secs]
43.180: [GC (Allocation Failure)  336368K->219053K(447956K), 0.1017197 secs]
44.834: [GC (Allocation Failure)  342701K->225270K(447956K), 0.0703991 secs]
47.634: [GC (Allocation Failure)  348918K->231474K(447956K), 0.0813815 secs]
50.786: [GC (Allocation Failure)  355122K->237484K(447956K), 0.0998931 secs]
52.649: [GC (Allocation Failure)  361132K->244630K(447956K), 0.0582193 secs]
54.890: [GC (Allocation Failure)  368278K->254614K(447956K), 0.1107686 secs]
56.555: [GC (Allocation Failure)  378262K->264390K(447956K), 0.3295959 secs]
60.409: [GC (Allocation Failure)  388038K->273284K(447956K), 0.0719359 secs]
61.834: [GC (Allocation Failure)  396932K->282300K(447956K), 0.0895708 secs]
63.449: [GC (Allocation Failure)  405948K->293064K(447956K), 0.0627669 secs]
64.269: [GC (Allocation Failure)  416712K->297769K(447956K), 0.0892214 secs]
65.749: [GC (Allocation Failure)  421417K->305921K(447956K), 0.0364737 secs]
67.110: [GC (Allocation Failure)  429569K->310399K(447956K), 0.0387722 secs]
68.929: [GC (Allocation Failure)  434047K->316912K(447956K), 0.0344840 secs]
69.916: [GC (Allocation Failure)  440560K->325791K(449492K), 0.1546827 secs]
70.071: [Full GC (Allocation Failure)  325791K->301191K(449492K), 0.8333809 secs]
73.225: [GC (Allocation Failure)  502023K->313047K(727908K), 0.0535912 secs]
76.135: [GC (Allocation Failure)  513879K->322740K(727908K), 0.0809056 secs]
79.773: [GC (Allocation Failure)  523572K->333771K(727908K), 0.0838618 secs]
82.259: [GC (Allocation Failure)  534603K->344788K(727908K), 0.1118095 secs]
84.435: [GC (Allocation Failure)  545620K->351132K(727908K), 0.0866760 secs]
87.196: [GC (Allocation Failure)  551964K->362120K(727908K), 0.1111391 secs]
89.663: [GC (Allocation Failure)  562952K->373385K(727908K), 0.0904523 secs]
92.455: [GC (Allocation Failure)  574217K->385914K(727908K), 0.0804208 secs]
95.548: [GC (Allocation Failure)  586746K->404097K(727908K), 0.0982066 secs]
98.623: [GC (Allocation Failure)  604929K->414653K(727908K), 0.2143481 secs]
101.733: [GC (Allocation Failure)  615485K->425595K(727908K), 0.1921570 secs]
105.275: [GC (Allocation Failure)  626427K->438463K(727908K), 0.1954596 secs]
107.378: [GC (Allocation Failure)  639295K->448715K(727908K), 0.1644508 secs]
109.429: [GC (Allocation Failure)  649547K->478081K(727908K), 0.1751959 secs]
110.988: [GC (Allocation Failure)  678913K->490011K(727908K), 0.1016013 secs]
112.398: [GC (Allocation Failure)  690843K->512582K(727908K), 0.0653572 secs]
113.700: [GC (Allocation Failure)  713414K->536041K(736932K), 0.0637746 secs]
113.764: [Full GC (Allocation Failure)  536041K->439003K(736932K), 1.6282912 secs]
118.426: [GC (Allocation Failure)  731803K->463561K(1061020K), 0.0561446 secs]
123.961: [GC (Allocation Failure)  756361K->472631K(1061020K), 0.0469122 secs]
125.476: [GC (Allocation Failure)  765431K->511095K(1061020K), 0.1184723 secs]
127.214: [GC (Allocation Failure)  803895K->527364K(1061020K), 0.0801211 secs]
129.668: [GC (Allocation Failure)  820164K->575191K(1061020K), 0.0923990 secs]
131.752: [GC (Allocation Failure)  867991K->592565K(1061020K), 0.0815145 secs]
133.690: [GC (Allocation Failure)  885365K->611029K(1061020K), 0.0777101 secs]
135.750: [GC (Allocation Failure)  903829K->634942K(1061020K), 0.1234672 secs]
137.439: [GC (Allocation Failure)  927742K->658854K(1061020K), 0.0920251 secs]
139.097: [GC (Allocation Failure)  951654K->674609K(1061020K), 0.0812937 secs]
141.470: [GC (Allocation Failure)  967409K->699205K(1061020K), 0.0892663 secs]
143.249: [GC (Allocation Failure)  992005K->733087K(1061020K), 0.1109484 secs]
146.985: [GC (Allocation Failure)  1025887K->760194K(1061020K), 0.1496330 secs]
148.096: [GC (Allocation Failure)  1052994K->845548K(1138396K), 0.1201565 secs]
148.216: [Full GC (Allocation Failure)  845548K->648923K(1138396K), 1.8630989 secs]
153.079: [GC (Allocation Failure)  1081563K->718338K(1568260K), 0.1194251 secs]
157.515: [GC (Allocation Failure)  1150978K->745449K(1568260K), 0.1426129 secs]
160.946: [GC (Allocation Failure)  1178089K->763914K(1568260K), 0.1706767 secs]
163.904: [GC (Allocation Failure)  1196554K->787073K(1568260K), 0.1074325 secs]
166.121: [GC (Allocation Failure)  1219713K->807179K(1568260K), 0.1278757 secs]
168.541: [GC (Allocation Failure)  1239819K->823427K(1568260K), 0.1267035 secs]
170.845: [GC (Allocation Failure)  1256067K->862238K(1568260K), 0.1224240 secs]
173.611: [GC (Allocation Failure)  1294878K->883711K(1568260K), 0.1159230 secs]
175.800: [GC (Allocation Failure)  1316351K->903995K(1568260K), 0.0826374 secs]
178.404: [GC (Allocation Failure)  1336635K->965413K(1568260K), 0.1510961 secs]
180.616: [GC (Allocation Failure)  1398053K->1028370K(1568260K), 0.1529000 secs]
183.627: [GC (Allocation Failure)  1461010K->1099872K(1568260K), 0.1518358 secs]
185.835: [GC (Allocation Failure)  1532512K->1266973K(1699656K), 0.3468177 secs]
186.182: [Full GC (Allocation Failure)  1266973K->928960K(1699656K), 2.2902207 secs]
194.110: [GC (Allocation Failure)  1548352K->1016902K(2245036K), 0.1367328 secs]
199.800: [GC (Allocation Failure)  1636294K->1045710K(2245036K), 0.2180680 secs]
203.190: [GC (Allocation Failure)  1665102K->1075367K(2245036K), 0.2068586 secs]
207.248: [GC (Allocation Failure)  1694759K->1099303K(2245036K), 0.1753723 secs]
210.321: [GC (Allocation Failure)  1718695K->1133472K(2245036K), 0.1539863 secs]
213.441: [GC (Allocation Failure)  1752864K->1161815K(2245036K), 0.1335667 secs]
216.277: [GC (Allocation Failure)  1781207K->1283295K(2245036K), 0.1948478 secs]
218.144: [GC (Allocation Failure)  1902687K->1527520K(2245036K), 0.2734443 secs]
221.177: [GC (Allocation Failure)  2146912K->1619328K(2245036K), 0.1521263 secs]
224.059: [Full GC (Allocation Failure)  2238720K->1163935K(2245036K), 2.7539049 secs]
228.578: [GC (Allocation Failure)  1846623K->1487142K(2474688K), 0.2389278 secs]
231.351: [GC (Allocation Failure)  2169830K->1681693K(2474688K), 0.1824055 secs]
233.344: [Full GC (Allocation Failure)  2364381K->1159990K(2474688K), 2.9592702 secs]
238.882: [Full GC (System.gc())  1692565K->1306563K(2474688K), 2.4385905 secs]
241.321: [Full GC (System.gc())  1306563K->1306563K(2474688K), 2.3467564 secs]
243.668: [Full GC (System.gc())  1306563K->1306563K(2474688K), 2.4029902 secs]
246.071: [Full GC (System.gc())  1306563K->1221405K(2474688K), 2.7556245 secs]
248.827: [Full GC (System.gc())  1221405K->1221405K(2474688K), 2.2778943 secs]
253.339: [GC (Allocation Failure)  1904093K->1241082K(2474688K), 0.1271310 secs]
254.200: [GC (Allocation Failure)  1923770K->1238306K(2474688K), 0.0296595 secs]
