Java HotSpot(TM) 64-Bit Server VM (25.91-b14) for linux-amd64 JRE (1.8.0_91-b14), built on Apr  1 2016 00:57:21 by "java_re" with gcc 4.3.0 20080428 (Red Hat 4.3.0-8)
Memory: 4k page, physical 10239976k(3862680k free), swap 4192252k(4192252k free)
CommandLine flags: -XX:InitialHeapSize=163839616 -XX:MaxHeapSize=2621433856 -XX:+PrintGC -XX:+PrintGCTimeStamps -XX:+UseCompressedClassPointers -XX:+UseCompressedOops 
0.772: [GC (Allocation Failure)  43136K->7338K(156416K), 0.0143035 secs]
1.389: [GC (Allocation Failure)  50474K->19062K(156416K), 0.0513512 secs]
2.565: [GC (Allocation Failure)  62198K->26760K(156416K), 0.0340919 secs]
3.190: [GC (Allocation Failure)  69896K->33347K(156416K), 0.0402299 secs]
3.265: [Full GC (System.gc())  36972K->33936K(156416K), 0.0954699 secs]
3.369: [Full GC (System.gc())  33936K->33936K(156544K), 0.0900481 secs]
3.465: [Full GC (System.gc())  33936K->33936K(156544K), 0.0901334 secs]
3.559: [Full GC (System.gc())  33936K->33434K(156544K), 0.0967429 secs]
3.659: [Full GC (System.gc())  33434K->33434K(156544K), 0.1219163 secs]
4.879: [Full GC (System.gc())  54284K->37730K(156544K), 0.0705068 secs]
4.957: [Full GC (System.gc())  37730K->37730K(156544K), 0.0735816 secs]
5.036: [Full GC (System.gc())  37730K->32335K(156544K), 0.1690196 secs]
5.217: [Full GC (System.gc())  32335K->32335K(156544K), 0.0668981 secs]
5.289: [Full GC (System.gc())  32335K->32335K(156544K), 0.0573536 secs]
5.368: [Full GC (System.gc())  33317K->30696K(156544K), 0.0814826 secs]
5.458: [Full GC (System.gc())  30696K->25330K(156544K), 0.1053609 secs]
5.574: [Full GC (System.gc())  25330K->25330K(156544K), 0.0702646 secs]
5.647: [Full GC (System.gc())  25330K->25330K(156544K), 0.0477077 secs]
5.702: [Full GC (System.gc())  25330K->25330K(156544K), 0.0575568 secs]
5.767: [Full GC (System.gc())  26193K->25326K(156544K), 0.0483502 secs]
5.819: [Full GC (System.gc())  25326K->25326K(156544K), 0.0509101 secs]
5.879: [Full GC (System.gc())  25326K->25326K(156544K), 0.0476294 secs]
5.929: [Full GC (System.gc())  25326K->25326K(156544K), 0.0468850 secs]
5.976: [Full GC (System.gc())  25326K->25326K(156544K), 0.0506647 secs]
6.461: [GC (Allocation Failure)  68590K->32347K(156544K), 0.0250498 secs]
7.023: [GC (Allocation Failure)  75611K->30175K(156544K), 0.0128299 secs]
8.105: [GC (Allocation Failure)  73439K->33289K(156544K), 0.0140570 secs]
8.533: [GC (Allocation Failure)  76553K->34560K(156544K), 0.0271829 secs]
9.012: [GC (Allocation Failure)  77824K->37098K(156544K), 0.0136514 secs]
9.378: [GC (Allocation Failure)  80362K->38921K(156544K), 0.0231236 secs]
9.697: [GC (Allocation Failure)  82185K->41710K(156544K), 0.0256119 secs]
10.073: [GC (Allocation Failure)  84974K->44825K(156544K), 0.0310231 secs]
10.487: [GC (Allocation Failure)  88089K->47302K(156544K), 0.0163158 secs]
10.777: [GC (Allocation Failure)  90566K->50171K(156544K), 0.0250142 secs]
11.055: [GC (Allocation Failure)  93435K->52963K(156544K), 0.0229665 secs]
11.409: [GC (Allocation Failure)  96227K->55570K(156544K), 0.0137928 secs]
11.739: [GC (Allocation Failure)  98834K->57346K(156544K), 0.0114144 secs]
11.986: [GC (Allocation Failure)  100610K->59204K(156544K), 0.0137682 secs]
12.231: [GC (Allocation Failure)  102468K->61553K(156544K), 0.0329466 secs]
12.589: [GC (Allocation Failure)  104817K->63743K(156544K), 0.0312958 secs]
12.974: [GC (Allocation Failure)  107007K->66429K(156544K), 0.0306933 secs]
13.242: [GC (Allocation Failure)  109693K->68493K(156544K), 0.0288284 secs]
13.551: [GC (Allocation Failure)  111757K->70987K(156544K), 0.0328004 secs]
13.834: [GC (Allocation Failure)  114251K->73818K(156544K), 0.0277185 secs]
14.183: [GC (Allocation Failure)  117082K->76818K(156544K), 0.0258560 secs]
14.468: [GC (Allocation Failure)  120082K->78994K(156544K), 0.0283985 secs]
14.774: [GC (Allocation Failure)  122258K->82133K(156544K), 0.0672471 secs]
15.058: [GC (Allocation Failure)  125397K->85551K(156544K), 0.0256006 secs]
15.438: [GC (Allocation Failure)  128815K->90069K(156544K), 0.0330333 secs]
15.755: [GC (Allocation Failure)  133333K->92602K(156544K), 0.0318182 secs]
16.159: [GC (Allocation Failure)  135866K->97065K(156544K), 0.0363523 secs]
16.529: [GC (Allocation Failure)  140329K->99725K(156544K), 0.0234375 secs]
16.856: [GC (Allocation Failure)  142989K->102624K(156544K), 0.0343403 secs]
17.307: [GC (Allocation Failure)  145888K->106223K(156544K), 0.0437753 secs]
17.785: [GC (Allocation Failure)  149487K->110367K(156544K), 0.0395915 secs]
18.195: [GC (Allocation Failure)  153631K->117414K(160768K), 0.0533074 secs]
18.248: [Full GC (Allocation Failure)  117414K->101385K(160768K), 0.3964191 secs]
19.146: [GC (Allocation Failure)  169033K->106624K(245076K), 0.0187963 secs]
19.728: [GC (Allocation Failure)  174272K->116667K(245076K), 0.0801283 secs]
20.489: [GC (Allocation Failure)  184315K->124345K(245076K), 0.0748005 secs]
21.095: [GC (Allocation Failure)  191993K->135572K(245076K), 0.0825648 secs]
21.446: [Full GC (System.gc())  155868K->120057K(245076K), 0.2782453 secs]
21.729: [Full GC (System.gc())  120057K->120057K(290212K), 0.6268377 secs]
22.361: [Full GC (System.gc())  120057K->111618K(290212K), 0.4794845 secs]
22.846: [Full GC (System.gc())  111618K->111618K(290212K), 0.4889369 secs]
23.341: [Full GC (System.gc())  111618K->111618K(290212K), 0.9241611 secs]
24.996: [GC (Allocation Failure)  191746K->116794K(290212K), 0.0147093 secs]
