Java HotSpot(TM) 64-Bit Server VM (25.91-b14) for linux-amd64 JRE (1.8.0_91-b14), built on Apr  1 2016 00:57:21 by "java_re" with gcc 4.3.0 20080428 (Red Hat 4.3.0-8)
Memory: 4k page, physical 10239976k(3862664k free), swap 4192252k(4192252k free)
CommandLine flags: -XX:InitialHeapSize=163839616 -XX:MaxHeapSize=2621433856 -XX:+PrintGC -XX:+PrintGCTimeStamps -XX:+UseCompressedClassPointers -XX:+UseCompressedOops 
1.343: [GC (Allocation Failure)  43136K->8409K(156416K), 0.0168551 secs]
1.658: [GC (Allocation Failure)  51545K->18830K(156416K), 0.0261188 secs]
2.143: [GC (Allocation Failure)  61966K->29285K(156416K), 0.0265009 secs]
2.417: [GC (Allocation Failure)  72421K->36228K(156416K), 0.0270009 secs]
3.276: [GC (Allocation Failure)  79364K->45255K(156416K), 0.0240918 secs]
4.884: [GC (Allocation Failure)  88391K->52041K(156416K), 0.0359306 secs]
5.778: [GC (Allocation Failure)  95177K->59278K(156416K), 0.0370743 secs]
6.476: [GC (Allocation Failure)  102414K->66684K(156416K), 0.0500862 secs]
7.180: [GC (Allocation Failure)  109820K->74210K(156416K), 0.0598140 secs]
7.736: [GC (Allocation Failure)  117346K->80471K(156416K), 0.0304500 secs]
8.363: [GC (Allocation Failure)  123607K->87716K(156416K), 0.0727921 secs]
8.878: [GC (Allocation Failure)  130852K->94496K(156416K), 0.0329307 secs]
9.369: [GC (Allocation Failure)  137632K->98847K(156416K), 0.0287621 secs]
9.709: [GC (Allocation Failure)  141983K->105645K(156416K), 0.0410919 secs]
10.141: [GC (Allocation Failure)  148781K->112817K(156416K), 0.0578348 secs]
10.760: [GC (Allocation Failure)  155953K->120844K(164160K), 0.0447580 secs]
10.805: [Full GC (Allocation Failure)  120844K->57709K(164160K), 0.1815040 secs]
11.537: [GC (Allocation Failure)  100973K->64564K(156544K), 0.0417645 secs]
11.953: [GC (Allocation Failure)  107828K->70526K(156544K), 0.0214647 secs]
12.542: [GC (Allocation Failure)  113790K->75478K(156544K), 0.0244583 secs]
13.086: [GC (Allocation Failure)  118742K->77831K(156544K), 0.0274383 secs]
13.579: [GC (Allocation Failure)  121095K->85222K(156544K), 0.0513618 secs]
14.044: [GC (Allocation Failure)  128486K->92182K(156544K), 0.0313126 secs]
14.402: [GC (Allocation Failure)  135446K->100337K(156544K), 0.0338353 secs]
14.832: [GC (Allocation Failure)  143601K->106094K(156544K), 0.0528496 secs]
15.266: [GC (Allocation Failure)  149358K->113813K(157120K), 0.0262828 secs]
15.293: [Full GC (Allocation Failure)  113813K->58936K(157120K), 0.1559577 secs]
15.759: [GC (Allocation Failure)  102200K->63251K(156544K), 0.0099282 secs]
16.206: [GC (Allocation Failure)  106515K->68900K(156544K), 0.0234828 secs]
16.733: [GC (Allocation Failure)  112164K->70341K(156544K), 0.0242098 secs]
17.283: [GC (Allocation Failure)  113605K->76032K(156544K), 0.0207388 secs]
17.717: [GC (Allocation Failure)  119296K->85035K(156544K), 0.0557671 secs]
18.134: [GC (Allocation Failure)  128299K->90224K(156544K), 0.0406776 secs]
18.804: [GC (Allocation Failure)  133488K->91660K(156544K), 0.0526930 secs]
19.326: [GC (Allocation Failure)  134924K->93677K(156544K), 0.0169262 secs]
20.085: [GC (Allocation Failure)  136941K->99463K(156544K), 0.0345021 secs]
20.624: [GC (Allocation Failure)  142727K->104087K(156544K), 0.0272859 secs]
21.226: [GC (Allocation Failure)  147351K->104622K(156544K), 0.0125829 secs]
21.370: [GC (Allocation Failure)  147886K->104800K(156544K), 0.0041667 secs]
21.801: [GC (Allocation Failure)  148064K->108013K(156544K), 0.0090946 secs]
22.121: [GC (Allocation Failure)  151277K->109104K(156544K), 0.0144758 secs]
22.238: [GC (Allocation Failure)  152368K->109049K(156544K), 0.0073074 secs]
22.502: [GC (Allocation Failure)  152313K->109452K(156544K), 0.0044173 secs]
22.685: [GC (Allocation Failure)  152716K->109566K(156544K), 0.0038938 secs]
22.868: [GC (Allocation Failure)  152830K->109686K(156544K), 0.0040736 secs]
