Java HotSpot(TM) 64-Bit Server VM (25.74-b02) for linux-amd64 JRE (1.8.0_74-b02), built on Jan 29 2016 19:20:56 by "java_re" with gcc 4.3.0 20080428 (Red Hat 4.3.0-8)
Memory: 4k page, physical 65960280k(2401124k free), swap 32767996k(32759216k free)
CommandLine flags: -XX:InitialHeapSize=1055364480 -XX:MaxHeapSize=16885831680 -XX:+PrintGC -XX:+PrintGCTimeStamps -XX:+UseCompressedClassPointers -XX:+UseCompressedOops -XX:+UseParallelGC 
0.906: [GC (Allocation Failure)  258048K->14699K(989184K), 0.0279747 secs]
1.996: [GC (Allocation Failure)  272747K->10910K(1247232K), 0.0200591 secs]
3.460: [GC (Allocation Failure)  527006K->9456K(1247232K), 0.0133484 secs]
81352.279: [GC (Allocation Failure)  525552K->9098K(1763328K), 0.0136304 secs]
81353.831: [GC (Allocation Failure)  1041290K->8466K(1763328K), 0.0134843 secs]
81354.884: [GC (Allocation Failure)  1040658K->8666K(2767360K), 0.0109984 secs]
81357.736: [GC (Allocation Failure)  2073050K->8818K(2661888K), 0.0165514 secs]
81359.746: [GC (Allocation Failure)  1981554K->8806K(2574336K), 0.0058500 secs]
81361.666: [GC (Allocation Failure)  1894502K->8550K(2491904K), 0.0034618 secs]
81363.471: [GC (Allocation Failure)  1811814K->8550K(2413056K), 0.0079563 secs]
81365.202: [GC (Allocation Failure)  1732966K->8582K(2355712K), 0.0042592 secs]
81367.295: [GC (Allocation Failure)  1658246K->8582K(2267136K), 0.0088476 secs]
81368.930: [GC (Allocation Failure)  1587078K->8582K(2216960K), 0.0061166 secs]
81370.393: [GC (Allocation Failure)  1519494K->8550K(2135040K), 0.0078522 secs]
81372.013: [GC (Allocation Failure)  1454950K->8550K(2090496K), 0.0030096 secs]
81373.418: [GC (Allocation Failure)  1394022K->8582K(2015744K), 0.0063709 secs]
81374.815: [GC (Allocation Failure)  1335686K->8614K(1975808K), 0.0031084 secs]
81376.303: [GC (Allocation Failure)  1280422K->8582K(1907712K), 0.0099916 secs]
81377.722: [GC (Allocation Failure)  1227654K->8582K(1871360K), 0.0035257 secs]
81378.871: [GC (Allocation Failure)  1177478K->8582K(1809920K), 0.0099040 secs]
81379.998: [GC (Allocation Failure)  1129862K->8582K(1776640K), 0.0033210 secs]
81381.091: [GC (Allocation Failure)  1084294K->8550K(1721344K), 0.0067292 secs]
81382.148: [GC (Allocation Failure)  1041254K->8550K(1691648K), 0.0040539 secs]
81383.155: [GC (Allocation Failure)  1000294K->8582K(1641472K), 0.0076646 secs]
81384.212: [GC (Allocation Failure)  961414K->8582K(1613824K), 0.0044544 secs]
81385.103: [GC (Allocation Failure)  924038K->8582K(1568768K), 0.0061808 secs]
81386.144: [GC (Allocation Failure)  888710K->8582K(1543680K), 0.0034529 secs]
81387.282: [GC (Allocation Failure)  854918K->8614K(1502720K), 0.0055021 secs]
81388.128: [GC (Allocation Failure)  822694K->8582K(1479680K), 0.0035562 secs]
81388.899: [GC (Allocation Failure)  791942K->8614K(1442816K), 0.0057439 secs]
81389.638: [GC (Allocation Failure)  762790K->8550K(1421824K), 0.0039229 secs]
81390.418: [GC (Allocation Failure)  735078K->8614K(1388544K), 0.0060686 secs]
81391.128: [GC (Allocation Failure)  708518K->8582K(1369088K), 0.0039546 secs]
81392.011: [GC (Allocation Failure)  683398K->8582K(1339392K), 0.0045198 secs]
81392.688: [GC (Allocation Failure)  659334K->8582K(1320960K), 0.0035977 secs]
81393.305: [GC (Allocation Failure)  636294K->8550K(1294336K), 0.0049586 secs]
81394.046: [GC (Allocation Failure)  614246K->8582K(1277440K), 0.0032289 secs]
81394.618: [GC (Allocation Failure)  593286K->8582K(1253376K), 0.0042404 secs]
81395.224: [GC (Allocation Failure)  573318K->8614K(1238016K), 0.0029239 secs]
81395.925: [GC (Allocation Failure)  554406K->8582K(1216000K), 0.0055537 secs]
81396.452: [GC (Allocation Failure)  535942K->8550K(1201664K), 0.0033438 secs]
81396.997: [GC (Allocation Failure)  518502K->8550K(1181696K), 0.0046728 secs]
81397.725: [GC (Allocation Failure)  501606K->8550K(1168384K), 0.0284064 secs]
81398.231: [GC (Allocation Failure)  485734K->8582K(1150464K), 0.0035758 secs]
81398.686: [GC (Allocation Failure)  470406K->8582K(1138176K), 0.0033214 secs]
81399.126: [GC (Allocation Failure)  456070K->8550K(1122304K), 0.0041212 secs]
81399.723: [GC (Allocation Failure)  442214K->8614K(1110528K), 0.0037454 secs]
81400.137: [GC (Allocation Failure)  428966K->8582K(1096192K), 0.0042077 secs]
81400.543: [GC (Allocation Failure)  416134K->8582K(1085440K), 0.0030970 secs]
81400.932: [GC (Allocation Failure)  403846K->8550K(1072128K), 0.0040083 secs]
81401.314: [GC (Allocation Failure)  392038K->8614K(1061888K), 0.0033823 secs]
81401.855: [GC (Allocation Failure)  380838K->8582K(1050112K), 0.0032581 secs]
81402.223: [GC (Allocation Failure)  370054K->8550K(1040896K), 0.0028760 secs]
81402.567: [GC (Allocation Failure)  359782K->8614K(1030144K), 0.0034898 secs]
81402.923: [GC (Allocation Failure)  350118K->8646K(1021952K), 0.0029099 secs]
81403.270: [GC (Allocation Failure)  340934K->8582K(1011712K), 0.0029883 secs]
81403.587: [GC (Allocation Failure)  331654K->8614K(1003520K), 0.0026119 secs]
81403.890: [GC (Allocation Failure)  322982K->8614K(994816K), 0.0035399 secs]
81404.185: [GC (Allocation Failure)  314790K->8646K(987136K), 0.0029130 secs]
81404.474: [GC (Allocation Failure)  306630K->8614K(978944K), 0.0030463 secs]
81404.764: [GC (Allocation Failure)  298918K->8646K(971776K), 0.0024869 secs]
81405.065: [GC (Allocation Failure)  291270K->8614K(964096K), 0.0031379 secs]
81405.362: [GC (Allocation Failure)  284070K->8582K(957952K), 0.0028708 secs]
81405.628: [GC (Allocation Failure)  277382K->8582K(950784K), 0.0032899 secs]
81405.885: [GC (Allocation Failure)  270726K->8550K(944640K), 0.0026083 secs]
81406.136: [GC (Allocation Failure)  264550K->8550K(995840K), 0.0029098 secs]
81406.463: [GC (Allocation Failure)  315750K->8582K(987648K), 0.0029247 secs]
81406.757: [GC (Allocation Failure)  307590K->8582K(979968K), 0.0027229 secs]
81407.043: [GC (Allocation Failure)  299910K->8550K(1038336K), 0.0044291 secs]
81407.394: [GC (Allocation Failure)  358246K->8582K(1108480K), 0.0029621 secs]
81407.945: [GC (Allocation Failure)  428422K->8582K(1095680K), 0.0029438 secs]
81408.383: [GC (Allocation Failure)  415622K->8582K(1083392K), 0.0031748 secs]
81408.791: [GC (Allocation Failure)  403334K->8582K(1071616K), 0.0031565 secs]
81409.238: [GC (Allocation Failure)  391558K->8582K(1060352K), 0.0030563 secs]
81409.806: [GC (Allocation Failure)  380294K->8614K(1049600K), 0.0023827 secs]
81410.177: [GC (Allocation Failure)  369574K->8582K(1121792K), 0.0084489 secs]
81410.616: [GC (Allocation Failure)  441734K->8550K(1208832K), 0.0036332 secs]
81411.133: [GC (Allocation Failure)  528742K->8550K(1191936K), 0.0031507 secs]
81411.638: [GC (Allocation Failure)  511846K->8550K(1175552K), 0.0035216 secs]
81412.161: [GC (Allocation Failure)  495462K->8582K(1159680K), 0.0028708 secs]
81412.656: [GC (Allocation Failure)  479622K->8582K(1144832K), 0.0039787 secs]
81413.121: [GC (Allocation Failure)  464774K->8582K(1130496K), 0.0034820 secs]
81413.585: [GC (Allocation Failure)  450438K->8582K(1116672K), 0.0030661 secs]
81414.015: [GC (Allocation Failure)  436614K->8582K(1103360K), 0.0030883 secs]
81414.429: [GC (Allocation Failure)  423302K->8550K(1091072K), 0.0032516 secs]
81414.855: [GC (Allocation Failure)  410982K->8582K(1079296K), 0.0033652 secs]
81415.247: [GC (Allocation Failure)  399238K->8582K(1068032K), 0.0037467 secs]
81415.625: [GC (Allocation Failure)  387974K->8614K(1056768K), 0.0029906 secs]
81416.003: [GC (Allocation Failure)  376742K->8550K(1046016K), 0.0033997 secs]
81416.384: [GC (Allocation Failure)  365926K->8582K(1035776K), 0.0033020 secs]
81416.756: [GC (Allocation Failure)  355718K->8614K(1026048K), 0.0030763 secs]
81417.106: [GC (Allocation Failure)  346022K->8550K(1016832K), 0.0041537 secs]
81417.462: [GC (Allocation Failure)  336742K->8550K(1008128K), 0.0037693 secs]
81417.798: [GC (Allocation Failure)  328038K->8582K(1072128K), 0.0045513 secs]
81418.203: [GC (Allocation Failure)  392070K->8582K(1060864K), 0.0026470 secs]
81418.596: [GC (Allocation Failure)  380806K->8582K(1050112K), 0.0033086 secs]
81418.956: [GC (Allocation Failure)  370054K->8550K(1039872K), 0.0033964 secs]
81419.315: [GC (Allocation Failure)  359782K->8550K(1030144K), 0.0034545 secs]
81419.662: [GC (Allocation Failure)  350054K->8582K(1020928K), 0.0040097 secs]
81419.996: [GC (Allocation Failure)  340870K->8582K(1087488K), 0.0038249 secs]
81420.394: [GC (Allocation Failure)  407430K->8550K(1167360K), 0.0043236 secs]
81420.897: [GC (Allocation Failure)  487270K->8550K(1152000K), 0.0042702 secs]
81421.378: [GC (Allocation Failure)  471910K->8582K(1137152K), 0.0041883 secs]
81421.824: [GC (Allocation Failure)  457094K->8582K(1123328K), 0.0038261 secs]
81422.276: [GC (Allocation Failure)  443270K->8550K(1110016K), 0.0033491 secs]
81422.695: [GC (Allocation Failure)  429926K->8582K(1097216K), 0.0037391 secs]
81423.135: [GC (Allocation Failure)  417158K->8550K(1084928K), 0.0033367 secs]
81423.702: [GC (Allocation Failure)  404838K->8582K(1073152K), 0.0033671 secs]
81424.077: [GC (Allocation Failure)  393094K->8582K(1061888K), 0.0035353 secs]
81424.439: [GC (Allocation Failure)  381830K->8582K(1051136K), 0.0033483 secs]
81424.793: [GC (Allocation Failure)  371078K->8550K(1040896K), 0.0044116 secs]
81425.138: [GC (Allocation Failure)  360806K->8582K(1031168K), 0.0029503 secs]
81425.650: [GC (Allocation Failure)  351110K->8614K(1021440K), 0.0038569 secs]
81426.008: [GC (Allocation Failure)  341414K->8582K(1012224K), 0.0031673 secs]
81426.341: [GC (Allocation Failure)  332166K->8550K(1003520K), 0.0032692 secs]
81426.676: [GC (Allocation Failure)  323430K->8582K(995328K), 0.0036616 secs]
81427.143: [GC (Allocation Failure)  315270K->8582K(987136K), 0.0036851 secs]
81427.450: [GC (Allocation Failure)  307078K->8550K(1047040K), 0.0042866 secs]
81427.814: [GC (Allocation Failure)  366950K->8550K(1118720K), 0.0043763 secs]
81428.275: [GC (Allocation Failure)  438630K->8614K(1105408K), 0.0035641 secs]
81428.696: [GC (Allocation Failure)  425382K->8582K(1092608K), 0.0033669 secs]
81429.103: [GC (Allocation Failure)  412550K->8550K(1080320K), 0.0030510 secs]
81429.686: [GC (Allocation Failure)  400230K->8582K(1068544K), 0.0037750 secs]
81430.067: [GC (Allocation Failure)  388486K->8550K(1057280K), 0.0036033 secs]
81430.442: [GC (Allocation Failure)  377190K->8646K(1046528K), 0.0032441 secs]
81430.807: [GC (Allocation Failure)  366534K->8582K(1036288K), 0.0039809 secs]
81431.295: [GC (Allocation Failure)  356230K->8582K(1026560K), 0.0040781 secs]
81431.631: [GC (Allocation Failure)  346502K->8582K(1017344K), 0.0033966 secs]
81431.952: [GC (Allocation Failure)  337286K->8550K(1083392K), 0.0046268 secs]
81432.343: [GC (Allocation Failure)  403302K->8582K(1071616K), 0.0032978 secs]
81432.714: [GC (Allocation Failure)  391558K->8582K(1148416K), 0.0047141 secs]
81433.188: [GC (Allocation Failure)  468358K->8582K(1134080K), 0.0037830 secs]
81433.630: [GC (Allocation Failure)  454022K->8550K(1120256K), 0.0031604 secs]
81434.263: [GC (Allocation Failure)  440166K->8614K(1106944K), 0.0032758 secs]
81434.750: [GC (Allocation Failure)  426918K->8582K(1094144K), 0.0033351 secs]
81435.156: [GC (Allocation Failure)  414086K->8582K(1081856K), 0.0032222 secs]
81435.559: [GC (Allocation Failure)  401798K->8550K(1070080K), 0.0035994 secs]
81435.945: [GC (Allocation Failure)  389990K->8550K(1058816K), 0.0029209 secs]
81436.328: [GC (Allocation Failure)  378726K->8582K(1048064K), 0.0029983 secs]
81436.699: [GC (Allocation Failure)  368006K->8550K(1037824K), 0.0029527 secs]
81437.059: [GC (Allocation Failure)  357734K->8614K(1028096K), 0.0036858 secs]
81437.399: [GC (Allocation Failure)  348070K->8614K(1018880K), 0.0031924 secs]
81437.746: [GC (Allocation Failure)  338854K->8582K(1009664K), 0.0030217 secs]
81438.067: [GC (Allocation Failure)  329606K->8550K(1000960K), 0.0043070 secs]
81438.381: [GC (Allocation Failure)  320870K->8582K(1063424K), 0.0036294 secs]
81438.747: [GC (Allocation Failure)  383366K->8582K(1052672K), 0.0030213 secs]
81439.202: [GC (Allocation Failure)  372614K->8614K(1042432K), 0.0027519 secs]
81439.541: [GC (Allocation Failure)  362406K->8614K(1032704K), 0.0030157 secs]
81439.875: [GC (Allocation Failure)  352678K->8582K(1022976K), 0.0033955 secs]
81440.201: [GC (Allocation Failure)  342918K->8582K(1013760K), 0.0031466 secs]
81440.518: [GC (Allocation Failure)  333702K->8582K(1005056K), 0.0032763 secs]
81440.826: [GC (Allocation Failure)  324998K->8582K(996352K), 0.0030170 secs]
81441.125: [GC (Allocation Failure)  316294K->8550K(988160K), 0.0024886 secs]
81441.416: [GC (Allocation Failure)  308070K->8614K(980480K), 0.0029421 secs]
81441.857: [GC (Allocation Failure)  300454K->8582K(972800K), 0.0030463 secs]
81442.135: [GC (Allocation Failure)  292742K->8550K(965632K), 0.0028539 secs]
81442.406: [GC (Allocation Failure)  285542K->8582K(958464K), 0.0032305 secs]
81442.670: [GC (Allocation Failure)  278406K->8550K(1012736K), 0.0036471 secs]
81443.055: [GC (Allocation Failure)  332646K->8582K(1004032K), 0.0032902 secs]
81443.362: [GC (Allocation Failure)  323974K->8550K(995840K), 0.0099942 secs]
81443.680: [GC (Allocation Failure)  315750K->8582K(987648K), 0.0031973 secs]
81443.973: [GC (Allocation Failure)  307590K->8582K(1047552K), 0.0033892 secs]
81444.350: [GC (Allocation Failure)  367494K->8550K(1037312K), 0.0031204 secs]
81444.706: [GC (Allocation Failure)  357222K->8582K(1027584K), 0.0036169 secs]
81445.045: [GC (Allocation Failure)  347526K->8614K(1018368K), 0.0037555 secs]
81445.368: [GC (Allocation Failure)  338342K->8550K(1084416K), 0.0038894 secs]
81445.763: [GC (Allocation Failure)  404326K->8550K(1072640K), 0.0034839 secs]
81446.142: [GC (Allocation Failure)  392550K->8582K(1061376K), 0.0033958 secs]
81446.515: [GC (Allocation Failure)  381318K->8582K(1050624K), 0.0031958 secs]
81446.872: [GC (Allocation Failure)  370566K->8582K(1040384K), 0.0031431 secs]
81447.218: [GC (Allocation Failure)  360326K->8550K(1030656K), 0.0034351 secs]
81447.573: [GC (Allocation Failure)  350566K->8614K(1020928K), 0.0035196 secs]
81447.899: [GC (Allocation Failure)  340902K->8582K(1011712K), 0.0028450 secs]
81448.277: [GC (Allocation Failure)  331654K->8614K(1003008K), 0.0031626 secs]
81448.596: [GC (Allocation Failure)  322982K->8582K(994816K), 0.0033520 secs]
81448.905: [GC (Allocation Failure)  314758K->8550K(986624K), 0.0034666 secs]
81449.198: [GC (Allocation Failure)  306534K->8614K(978944K), 0.0033117 secs]
81449.484: [GC (Allocation Failure)  298918K->8550K(1037312K), 0.0032009 secs]
81449.826: [GC (Allocation Failure)  357222K->8582K(1027584K), 0.0030405 secs]
81450.162: [GC (Allocation Failure)  347526K->8550K(1095680K), 0.0037619 secs]
81450.563: [GC (Allocation Failure)  415590K->8582K(1083392K), 0.0036427 secs]
81450.952: [GC (Allocation Failure)  403334K->8550K(1162752K), 0.0045168 secs]
81451.418: [GC (Allocation Failure)  482662K->8550K(1147904K), 0.0033057 secs]
81451.871: [GC (Allocation Failure)  467814K->8550K(1133568K), 0.0037971 secs]
81452.307: [GC (Allocation Failure)  453478K->8550K(1119744K), 0.0045843 secs]
81452.735: [GC (Allocation Failure)  439654K->8582K(1106432K), 0.0032887 secs]
81453.146: [GC (Allocation Failure)  426374K->8550K(1093632K), 0.0036648 secs]
81453.567: [GC (Allocation Failure)  413542K->8582K(1081344K), 0.0038330 secs]
81453.955: [GC (Allocation Failure)  401286K->8582K(1069568K), 0.0033391 secs]
81454.329: [GC (Allocation Failure)  389510K->8614K(1058304K), 0.0028896 secs]
81454.711: [GC (Allocation Failure)  378278K->8582K(1047552K), 0.0042052 secs]
81455.063: [GC (Allocation Failure)  367494K->8582K(1037312K), 0.0034317 secs]
81455.392: [GC (Allocation Failure)  357254K->8582K(1027584K), 0.0037148 secs]
81455.749: [GC (Allocation Failure)  347526K->8614K(1018368K), 0.0033998 secs]
81456.224: [GC (Allocation Failure)  338342K->8582K(1009152K), 0.0035673 secs]
81456.543: [GC (Allocation Failure)  329094K->8550K(1000448K), 0.0027798 secs]
81456.873: [GC (Allocation Failure)  320358K->8582K(992256K), 0.0031652 secs]
81457.212: [GC (Allocation Failure)  312198K->8614K(984064K), 0.0029215 secs]
81457.537: [GC (Allocation Failure)  304038K->8614K(976384K), 0.0032636 secs]
81457.847: [GC (Allocation Failure)  296358K->8582K(969216K), 0.0036390 secs]
81458.131: [GC (Allocation Failure)  289158K->8550K(962048K), 0.0031457 secs]
81458.406: [GC (Allocation Failure)  281958K->8614K(955392K), 0.0027554 secs]
81458.847: [GC (Allocation Failure)  275366K->8582K(948736K), 0.0033790 secs]
81459.110: [GC (Allocation Failure)  268678K->8582K(942592K), 0.0027669 secs]
81459.363: [GC (Allocation Failure)  262534K->8582K(993792K), 0.0036682 secs]
81459.669: [GC (Allocation Failure)  313734K->8582K(1055232K), 0.0030229 secs]
81460.033: [GC (Allocation Failure)  375174K->8582K(1128960K), 0.0035283 secs]
81460.472: [GC (Allocation Failure)  448902K->8614K(1115136K), 0.0027358 secs]
81460.899: [GC (Allocation Failure)  435110K->8582K(1102336K), 0.0043930 secs]
81461.316: [GC (Allocation Failure)  422278K->8614K(1090048K), 0.0028742 secs]
81461.958: [GC (Allocation Failure)  410022K->8582K(1078272K), 0.0040723 secs]
81462.347: [GC (Allocation Failure)  398214K->8550K(1067008K), 0.0035178 secs]
81462.741: [GC (Allocation Failure)  386918K->8582K(1056256K), 0.0043036 secs]
81463.109: [GC (Allocation Failure)  376198K->8582K(1045504K), 0.0050220 secs]
81463.469: [GC (Allocation Failure)  365446K->8550K(1117184K), 0.0038152 secs]
81463.897: [GC (Allocation Failure)  437094K->8582K(1203200K), 0.0045185 secs]
81464.412: [GC (Allocation Failure)  523142K->8550K(1186304K), 0.0039044 secs]
81464.912: [GC (Allocation Failure)  506214K->8582K(1169920K), 0.0060720 secs]
81465.416: [GC (Allocation Failure)  489862K->8582K(1154560K), 0.0044378 secs]
81465.881: [GC (Allocation Failure)  474502K->8614K(1139712K), 0.0035870 secs]
81466.330: [GC (Allocation Failure)  459686K->8582K(1125376K), 0.0039651 secs]
81466.940: [GC (Allocation Failure)  445318K->8582K(1112064K), 0.0045521 secs]
81467.363: [GC (Allocation Failure)  432006K->8582K(1099264K), 0.0039767 secs]
81467.818: [GC (Allocation Failure)  419206K->8550K(1086976K), 0.0040440 secs]
81468.224: [GC (Allocation Failure)  406886K->8550K(1075200K), 0.0038149 secs]
81468.625: [GC (Allocation Failure)  395110K->8582K(1152512K), 0.0085484 secs]
81469.102: [GC (Allocation Failure)  472454K->8550K(1245696K), 0.0050948 secs]
81469.789: [GC (Allocation Failure)  565606K->8582K(1226752K), 0.0032281 secs]
81470.343: [GC (Allocation Failure)  546694K->8614K(1208832K), 0.0026679 secs]
81470.885: [GC (Allocation Failure)  528806K->8550K(1191936K), 0.0041098 secs]
81471.397: [GC (Allocation Failure)  511846K->8614K(1175552K), 0.0028463 secs]
81471.895: [GC (Allocation Failure)  495526K->8550K(1159680K), 0.0033878 secs]
81472.362: [GC (Allocation Failure)  479590K->8582K(1144832K), 0.0036656 secs]
81472.801: [GC (Allocation Failure)  464774K->8550K(1130496K), 0.0033451 secs]
81473.230: [GC (Allocation Failure)  450406K->8550K(1116672K), 0.0035350 secs]
81473.667: [GC (Allocation Failure)  436582K->8582K(1103360K), 0.0039059 secs]
81474.092: [GC (Allocation Failure)  423302K->8614K(1091072K), 0.0038778 secs]
81474.513: [GC (Allocation Failure)  411046K->8582K(1079296K), 0.0050302 secs]
81474.901: [GC (Allocation Failure)  399238K->8614K(1068032K), 0.0030689 secs]
81475.277: [GC (Allocation Failure)  388006K->8582K(1056768K), 0.0047680 secs]
81475.641: [GC (Allocation Failure)  376710K->8582K(1130496K), 0.0057744 secs]
81476.088: [GC (Allocation Failure)  450438K->8582K(1219072K), 0.0035820 secs]
81476.652: [GC (Allocation Failure)  539014K->8582K(1201664K), 0.0035857 secs]
81477.190: [GC (Allocation Failure)  521606K->8582K(1184768K), 0.0040275 secs]
81477.871: [GC (Allocation Failure)  504710K->8550K(1168896K), 0.0033689 secs]
81478.347: [GC (Allocation Failure)  488806K->8582K(1153536K), 0.0041698 secs]
81478.828: [GC (Allocation Failure)  473478K->8614K(1138688K), 0.0040727 secs]
81479.267: [GC (Allocation Failure)  458662K->8614K(1124864K), 0.0040554 secs]
81479.696: [GC (Allocation Failure)  444838K->8614K(1111552K), 0.0036099 secs]
81480.109: [GC (Allocation Failure)  431526K->8582K(1098752K), 0.0035103 secs]
81480.508: [GC (Allocation Failure)  418694K->8582K(1086464K), 0.0041670 secs]
81480.896: [GC (Allocation Failure)  406406K->8582K(1074688K), 0.0048744 secs]
81481.274: [GC (Allocation Failure)  394630K->8550K(1063424K), 0.0038248 secs]
81481.670: [GC (Allocation Failure)  383334K->8550K(1052672K), 0.0028913 secs]
81482.023: [GC (Allocation Failure)  372582K->8582K(1042432K), 0.0038852 secs]
81482.367: [GC (Allocation Failure)  362374K->8550K(1032704K), 0.0030488 secs]
81482.722: [GC (Allocation Failure)  352614K->8550K(1022976K), 0.0039118 secs]
81483.048: [GC (Allocation Failure)  342886K->8582K(1090048K), 0.0038918 secs]
81483.439: [GC (Allocation Failure)  409990K->8582K(1078272K), 0.0034031 secs]
81483.819: [GC (Allocation Failure)  398214K->8550K(1067008K), 0.0034461 secs]
81484.187: [GC (Allocation Failure)  386918K->8614K(1056256K), 0.0026280 secs]
81484.562: [GC (Allocation Failure)  376230K->8582K(1045504K), 0.0028115 secs]
81484.907: [GC (Allocation Failure)  365446K->8614K(1035264K), 0.0029148 secs]
81485.244: [GC (Allocation Failure)  355238K->8582K(1025536K), 0.0033371 secs]
81485.572: [GC (Allocation Failure)  345478K->8550K(1016320K), 0.0029266 secs]
81485.891: [GC (Allocation Failure)  336230K->8582K(1007616K), 0.0030419 secs]
81486.216: [GC (Allocation Failure)  327558K->8582K(998912K), 0.0028272 secs]
81486.518: [GC (Allocation Failure)  318854K->8582K(990720K), 0.0031337 secs]
81486.812: [GC (Allocation Failure)  310662K->8550K(983040K), 0.0036150 secs]
81487.102: [GC (Allocation Failure)  302950K->8550K(1041920K), 0.0053182 secs]
81487.453: [GC (Allocation Failure)  361830K->8582K(1112576K), 0.0041094 secs]
81487.870: [GC (Allocation Failure)  432518K->8582K(1197568K), 0.0036319 secs]
81488.358: [GC (Allocation Failure)  517510K->8550K(1299456K), 0.0037694 secs]
81488.950: [GC (Allocation Failure)  619366K->8582K(1278464K), 0.0039973 secs]
81489.530: [GC (Allocation Failure)  598406K->8582K(1257984K), 0.0042106 secs]
81490.135: [GC (Allocation Failure)  577926K->8614K(1238528K), 0.0036764 secs]
81490.707: [GC (Allocation Failure)  558502K->8582K(1220096K), 0.0036388 secs]
81491.227: [GC (Allocation Failure)  540038K->8550K(1202688K), 0.0032330 secs]
81491.887: [GC (Allocation Failure)  522598K->8582K(1185792K), 0.0036072 secs]
81492.381: [GC (Allocation Failure)  505734K->8550K(1169920K), 0.0033995 secs]
81492.876: [GC (Allocation Failure)  489830K->8582K(1154560K), 0.0035351 secs]
81493.350: [GC (Allocation Failure)  474502K->8550K(1139712K), 0.0048825 secs]
81493.814: [GC (Allocation Failure)  459622K->8582K(1125376K), 0.0036478 secs]
81494.266: [GC (Allocation Failure)  445318K->8614K(1112064K), 0.0030172 secs]
81494.707: [GC (Allocation Failure)  432038K->8582K(1099264K), 0.0028235 secs]
81495.147: [GC (Allocation Failure)  419206K->8582K(1086976K), 0.0029635 secs]
81495.683: [GC (Allocation Failure)  406918K->8582K(1075200K), 0.0034895 secs]
81496.086: [GC (Allocation Failure)  395142K->8550K(1063936K), 0.0038531 secs]
81496.462: [GC (Allocation Failure)  383846K->8582K(1053184K), 0.0046611 secs]
81496.848: [GC (Allocation Failure)  373126K->8550K(1126400K), 0.0065465 secs]
81497.285: [GC (Allocation Failure)  446310K->8582K(1113088K), 0.0029278 secs]
81497.699: [GC (Allocation Failure)  433030K->8550K(1100288K), 0.0038183 secs]
81498.106: [GC (Allocation Failure)  420198K->8582K(1088000K), 0.0039197 secs]
81498.502: [GC (Allocation Failure)  407942K->8614K(1076224K), 0.0040033 secs]
81498.884: [GC (Allocation Failure)  396198K->8582K(1064960K), 0.0032828 secs]
81499.249: [GC (Allocation Failure)  384902K->8646K(1054208K), 0.0035964 secs]
81499.606: [GC (Allocation Failure)  374214K->8582K(1043968K), 0.0037104 secs]
81499.952: [GC (Allocation Failure)  363910K->8582K(1115136K), 0.0040325 secs]
81500.408: [GC (Allocation Failure)  435078K->8582K(1102336K), 0.0042562 secs]
81500.812: [GC (Allocation Failure)  422278K->8550K(1090048K), 0.0038177 secs]
81501.204: [GC (Allocation Failure)  409958K->8582K(1170432K), 0.0046714 secs]
81501.676: [GC (Allocation Failure)  490374K->8582K(1155072K), 0.0028672 secs]
81502.130: [GC (Allocation Failure)  475014K->8614K(1140224K), 0.0042295 secs]
81502.747: [GC (Allocation Failure)  460198K->8582K(1125888K), 0.0031083 secs]
81503.208: [GC (Allocation Failure)  445830K->8582K(1112576K), 0.0038106 secs]
81503.643: [GC (Allocation Failure)  432518K->8582K(1099776K), 0.0031811 secs]
81504.053: [GC (Allocation Failure)  419718K->8550K(1087488K), 0.0038295 secs]
81504.446: [GC (Allocation Failure)  407398K->8582K(1075712K), 0.0028830 secs]
81504.828: [GC (Allocation Failure)  395654K->8582K(1064448K), 0.0031702 secs]
81505.199: [GC (Allocation Failure)  384390K->8614K(1053696K), 0.0036724 secs]
81505.618: [GC (Allocation Failure)  373670K->8710K(1126912K), 0.0083257 secs]
81506.126: [GC (Allocation Failure)  446982K->8650K(1214976K), 0.0046821 secs]
81506.826: [GC (Allocation Failure)  534986K->8682K(1197568K), 0.0038855 secs]
81507.350: [GC (Allocation Failure)  517610K->8682K(1181184K), 0.0045123 secs]
81507.883: [GC (Allocation Failure)  501226K->8650K(1165312K), 0.0036239 secs]
81508.397: [GC (Allocation Failure)  485322K->8714K(1149952K), 0.0036867 secs]
81508.901: [GC (Allocation Failure)  470026K->8714K(1135616K), 0.0027666 secs]
81509.352: [GC (Allocation Failure)  455690K->8682K(1121792K), 0.0030109 secs]
81509.791: [GC (Allocation Failure)  441834K->8682K(1108480K), 0.0032313 secs]
81510.215: [GC (Allocation Failure)  428522K->8682K(1095680K), 0.0032572 secs]
81510.654: [GC (Allocation Failure)  415722K->8682K(1083392K), 0.0031700 secs]
81511.052: [GC (Allocation Failure)  403434K->8714K(1071616K), 0.0033390 secs]
81511.438: [GC (Allocation Failure)  391690K->8650K(1060352K), 0.0038806 secs]
81511.812: [GC (Allocation Failure)  380362K->8650K(1049600K), 0.0029553 secs]
81512.172: [GC (Allocation Failure)  369610K->8682K(1039360K), 0.0031380 secs]
81512.527: [GC (Allocation Failure)  359402K->8682K(1029632K), 0.0023711 secs]
81512.869: [GC (Allocation Failure)  349674K->8682K(1020416K), 0.0039843 secs]
81513.203: [GC (Allocation Failure)  340458K->8650K(1011200K), 0.0031974 secs]
81513.542: [GC (Allocation Failure)  331210K->8650K(1002496K), 0.0031338 secs]
81513.861: [GC (Allocation Failure)  322506K->8714K(994304K), 0.0036865 secs]
81514.169: [GC (Allocation Failure)  314378K->8650K(986112K), 0.0032835 secs]
81514.473: [GC (Allocation Failure)  306122K->8746K(1046016K), 0.0034516 secs]
81514.837: [GC (Allocation Failure)  366122K->8714K(1035776K), 0.0030394 secs]
81515.188: [GC (Allocation Failure)  355850K->8650K(1026048K), 0.0034747 secs]
81515.529: [GC (Allocation Failure)  346058K->8682K(1016832K), 0.0037171 secs]
81515.889: [GC (Allocation Failure)  336874K->8682K(1008128K), 0.0038383 secs]
81516.213: [GC (Allocation Failure)  328170K->8682K(1072128K), 0.0043119 secs]
81516.601: [GC (Allocation Failure)  392170K->8714K(1060864K), 0.0030808 secs]
81516.975: [GC (Allocation Failure)  380938K->8650K(1050112K), 0.0031301 secs]
81517.337: [GC (Allocation Failure)  370122K->8650K(1039872K), 0.0039192 secs]
81517.691: [GC (Allocation Failure)  359882K->8682K(1030144K), 0.0025151 secs]
81518.034: [GC (Allocation Failure)  350186K->8650K(1020928K), 0.0030470 secs]
81518.366: [GC (Allocation Failure)  340938K->8682K(1011712K), 0.0039948 secs]
81518.692: [GC (Allocation Failure)  331754K->8682K(1003008K), 0.0027922 secs]
81519.010: [GC (Allocation Failure)  323050K->8682K(994816K), 0.0034105 secs]
81519.321: [GC (Allocation Failure)  314858K->8682K(986624K), 0.0033606 secs]
81519.620: [GC (Allocation Failure)  306666K->8714K(978944K), 0.0022904 secs]
81519.910: [GC (Allocation Failure)  299018K->8650K(971264K), 0.0026782 secs]
81520.192: [GC (Allocation Failure)  291274K->8682K(964096K), 0.0036891 secs]
81520.462: [GC (Allocation Failure)  284138K->8810K(1019392K), 0.0033931 secs]
81520.784: [GC (Allocation Failure)  339562K->8738K(1085952K), 0.0033920 secs]
81521.169: [GC (Allocation Failure)  406050K->8738K(1165824K), 0.0037195 secs]
81521.633: [GC (Allocation Failure)  485922K->8738K(1150464K), 0.0032503 secs]
81522.083: [GC (Allocation Failure)  470562K->8738K(1136128K), 0.0036764 secs]
81522.519: [GC (Allocation Failure)  456226K->8738K(1122304K), 0.0034963 secs]
81522.940: [GC (Allocation Failure)  442402K->8706K(1108992K), 0.0044571 secs]
81523.349: [GC (Allocation Failure)  429058K->8770K(1193472K), 0.0089776 secs]
81523.857: [GC (Allocation Failure)  513602K->8738K(1294848K), 0.0042889 secs]
81524.452: [GC (Allocation Failure)  614946K->8738K(1273856K), 0.0034731 secs]
81525.022: [GC (Allocation Failure)  593954K->8738K(1253888K), 0.0034750 secs]
81525.574: [GC (Allocation Failure)  573986K->8738K(1234944K), 0.0042893 secs]
81526.111: [GC (Allocation Failure)  555042K->8738K(1216512K), 0.0037106 secs]
81526.680: [GC (Allocation Failure)  536610K->8738K(1199104K), 0.0057936 secs]
81527.204: [GC (Allocation Failure)  519202K->8706K(1182208K), 0.0035844 secs]
81527.701: [GC (Allocation Failure)  502274K->8770K(1166336K), 0.0035044 secs]
81528.167: [GC (Allocation Failure)  486466K->8674K(1150976K), 0.0038706 secs]
81528.774: [GC (Allocation Failure)  471010K->8706K(1136640K), 0.0037840 secs]
81529.228: [GC (Allocation Failure)  456706K->8738K(1122816K), 0.0056640 secs]
81529.679: [GC (Allocation Failure)  442914K->8770K(1109504K), 0.0035406 secs]
81530.237: [GC (Allocation Failure)  429634K->8738K(1096704K), 0.0069158 secs]
81530.665: [GC (Allocation Failure)  416802K->8738K(1084416K), 0.0034702 secs]
81531.054: [GC (Allocation Failure)  404514K->8738K(1072640K), 0.0028519 secs]
81531.431: [GC (Allocation Failure)  392738K->8770K(1061376K), 0.0040378 secs]
81531.850: [GC (Allocation Failure)  381506K->8738K(1050624K), 0.0033542 secs]
81532.237: [GC (Allocation Failure)  370722K->8706K(1040384K), 0.0043462 secs]
81532.613: [GC (Allocation Failure)  360450K->8738K(1030656K), 0.0041257 secs]
81532.982: [GC (Allocation Failure)  350754K->8738K(1020928K), 0.0038610 secs]
81533.307: [GC (Allocation Failure)  341026K->8706K(1087488K), 0.0047484 secs]
81533.701: [GC (Allocation Failure)  407554K->8738K(1167360K), 0.0039002 secs]
81534.295: [GC (Allocation Failure)  487458K->8738K(1152000K), 0.0040893 secs]
81534.747: [GC (Allocation Failure)  472098K->8738K(1137152K), 0.0040419 secs]
81535.184: [GC (Allocation Failure)  457250K->8738K(1123328K), 0.0039375 secs]
81535.612: [GC (Allocation Failure)  443426K->8770K(1110016K), 0.0031252 secs]
81536.200: [GC (Allocation Failure)  430146K->8738K(1097216K), 0.0037731 secs]
81536.598: [GC (Allocation Failure)  417314K->8706K(1179136K), 0.0078739 secs]
81537.236: [GC (Allocation Failure)  499202K->8738K(1163264K), 0.0032635 secs]
81537.712: [GC (Allocation Failure)  483362K->8706K(1147904K), 0.0045050 secs]
81538.166: [GC (Allocation Failure)  467970K->8738K(1133568K), 0.0045533 secs]
81538.614: [GC (Allocation Failure)  453666K->8738K(1119744K), 0.0039902 secs]
81539.057: [GC (Allocation Failure)  439842K->8738K(1106432K), 0.0039041 secs]
81539.488: [GC (Allocation Failure)  426530K->8706K(1093632K), 0.0038184 secs]
81539.885: [GC (Allocation Failure)  413698K->8706K(1081344K), 0.0038593 secs]
81540.276: [GC (Allocation Failure)  401410K->8738K(1069568K), 0.0044718 secs]
81540.652: [GC (Allocation Failure)  389666K->8738K(1058304K), 0.0038955 secs]
81541.019: [GC (Allocation Failure)  378402K->8706K(1132544K), 0.0045628 secs]
81541.497: [GC (Allocation Failure)  452610K->8738K(1118720K), 0.0035196 secs]
81542.092: [GC (Allocation Failure)  438818K->8706K(1105408K), 0.0040639 secs]
81542.662: [GC (Allocation Failure)  425474K->8770K(1092608K), 0.0034632 secs]
81543.058: [GC (Allocation Failure)  412738K->8770K(1080320K), 0.0041541 secs]
81543.479: [GC (Allocation Failure)  400450K->8770K(1068544K), 0.0031089 secs]
81544.039: [GC (Allocation Failure)  388674K->8706K(1057280K), 0.0043639 secs]
81544.401: [GC (Allocation Failure)  377346K->8770K(1046528K), 0.0032179 secs]
81544.752: [GC (Allocation Failure)  366658K->8738K(1036288K), 0.0036730 secs]
81545.093: [GC (Allocation Failure)  356386K->8738K(1026560K), 0.0046925 secs]
81545.426: [GC (Allocation Failure)  346658K->8738K(1094144K), 0.0036585 secs]
81545.827: [GC (Allocation Failure)  414242K->8706K(1081856K), 0.0038558 secs]
81546.216: [GC (Allocation Failure)  401922K->8738K(1070080K), 0.0036669 secs]
81546.651: [GC (Allocation Failure)  390178K->8738K(1058816K), 0.0034723 secs]
81547.047: [GC (Allocation Failure)  378914K->8738K(1048064K), 0.0045926 secs]
81547.433: [GC (Allocation Failure)  368162K->8738K(1037824K), 0.0032439 secs]
81547.934: [GC (Allocation Failure)  357922K->8738K(1028096K), 0.0038223 secs]
81548.289: [GC (Allocation Failure)  348194K->8738K(1018880K), 0.0028752 secs]
81548.614: [GC (Allocation Failure)  338978K->8706K(1009664K), 0.0030077 secs]
81548.933: [GC (Allocation Failure)  329730K->8738K(1000960K), 0.0031639 secs]
81549.238: [GC (Allocation Failure)  321058K->8738K(992768K), 0.0032927 secs]
81549.709: [GC (Allocation Failure)  312866K->8738K(984576K), 0.0047479 secs]
81550.006: [GC (Allocation Failure)  304674K->8738K(976896K), 0.0034745 secs]
81550.322: [GC (Allocation Failure)  296994K->8706K(1034752K), 0.0035058 secs]
81550.771: [GC (Allocation Failure)  354818K->8706K(1025024K), 0.0035456 secs]
81551.101: [GC (Allocation Failure)  345090K->8738K(1015808K), 0.0035686 secs]
81551.423: [GC (Allocation Failure)  335906K->8706K(1081344K), 0.0036942 secs]
81551.808: [GC (Allocation Failure)  401410K->8738K(1069568K), 0.0033829 secs]
81552.182: [GC (Allocation Failure)  389666K->8706K(1058304K), 0.0033520 secs]
81552.546: [GC (Allocation Failure)  378370K->8706K(1047552K), 0.0031606 secs]
81552.925: [GC (Allocation Failure)  367618K->8738K(1037312K), 0.0040444 secs]
81553.299: [GC (Allocation Failure)  357410K->8738K(1027584K), 0.0036398 secs]
81553.654: [GC (Allocation Failure)  347682K->8706K(1018368K), 0.0039103 secs]
81553.983: [GC (Allocation Failure)  338434K->8706K(1084416K), 0.0049137 secs]
81554.372: [GC (Allocation Failure)  404482K->8706K(1163776K), 0.0036802 secs]
81554.837: [GC (Allocation Failure)  483842K->8706K(1148416K), 0.0037279 secs]
81555.289: [GC (Allocation Failure)  468482K->8738K(1134080K), 0.0034718 secs]
81555.878: [GC (Allocation Failure)  454178K->8770K(1120256K), 0.0038417 secs]
81556.322: [GC (Allocation Failure)  440386K->8706K(1106944K), 0.0044061 secs]
81556.778: [GC (Allocation Failure)  427010K->8738K(1094144K), 0.0031913 secs]
81557.184: [GC (Allocation Failure)  414242K->8770K(1081856K), 0.0031689 secs]
81557.575: [GC (Allocation Failure)  401986K->8706K(1070080K), 0.0043674 secs]
81557.955: [GC (Allocation Failure)  390146K->8738K(1058816K), 0.0041212 secs]
81558.328: [GC (Allocation Failure)  378914K->8738K(1048064K), 0.0037365 secs]
81558.689: [GC (Allocation Failure)  368162K->8738K(1037824K), 0.0039644 secs]
81559.056: [GC (Allocation Failure)  357922K->8738K(1028096K), 0.0035725 secs]
81559.407: [GC (Allocation Failure)  348194K->8738K(1018880K), 0.0035461 secs]
81559.737: [GC (Allocation Failure)  338978K->8738K(1084928K), 0.0038427 secs]
81560.133: [GC (Allocation Failure)  405026K->8770K(1073152K), 0.0035950 secs]
81560.543: [GC (Allocation Failure)  393282K->8706K(1061888K), 0.0041254 secs]
81560.936: [GC (Allocation Failure)  381954K->8738K(1136640K), 0.0046462 secs]
81561.402: [GC (Allocation Failure)  456738K->8738K(1226240K), 0.0047131 secs]
81561.939: [GC (Allocation Failure)  546338K->8770K(1208320K), 0.0033666 secs]
81562.453: [GC (Allocation Failure)  528450K->8738K(1191424K), 0.0049925 secs]
81562.957: [GC (Allocation Failure)  511522K->8738K(1175040K), 0.0038429 secs]
81563.456: [GC (Allocation Failure)  495138K->8738K(1159168K), 0.0039840 secs]
81563.923: [GC (Allocation Failure)  479266K->8706K(1144320K), 0.0038181 secs]
81564.376: [GC (Allocation Failure)  464386K->8706K(1129984K), 0.0033750 secs]
81564.814: [GC (Allocation Failure)  450050K->8738K(1116160K), 0.0035628 secs]
81565.268: [GC (Allocation Failure)  436258K->8738K(1102848K), 0.0033587 secs]
81565.713: [GC (Allocation Failure)  422946K->8770K(1090560K), 0.0039637 secs]
81566.155: [GC (Allocation Failure)  410690K->8706K(1078784K), 0.0035685 secs]
81566.580: [GC (Allocation Failure)  398850K->8738K(1067520K), 0.0034809 secs]
81566.987: [GC (Allocation Failure)  387618K->8738K(1056256K), 0.0041338 secs]
81567.382: [GC (Allocation Failure)  376354K->8706K(1045504K), 0.0036051 secs]
81567.750: [GC (Allocation Failure)  365570K->8738K(1035264K), 0.0034428 secs]
81568.101: [GC (Allocation Failure)  355362K->8738K(1025536K), 0.0036116 secs]
81568.452: [GC (Allocation Failure)  345634K->8706K(1016320K), 0.0040711 secs]
81568.780: [GC (Allocation Failure)  336386K->8738K(1007616K), 0.0037790 secs]
81569.098: [GC (Allocation Failure)  327714K->8770K(1071616K), 0.0041701 secs]
81569.489: [GC (Allocation Failure)  391746K->8738K(1148416K), 0.0042949 secs]
81569.942: [GC (Allocation Failure)  468514K->8738K(1134080K), 0.0037685 secs]
81570.383: [GC (Allocation Failure)  454178K->8706K(1120256K), 0.0035717 secs]
81570.812: [GC (Allocation Failure)  440322K->8706K(1106944K), 0.0035704 secs]
81571.228: [GC (Allocation Failure)  427010K->8706K(1094144K), 0.0037207 secs]
81571.650: [GC (Allocation Failure)  414210K->8738K(1081856K), 0.0035885 secs]
81572.066: [GC (Allocation Failure)  401954K->8706K(1070080K), 0.0038620 secs]
81572.471: [GC (Allocation Failure)  390146K->8738K(1058816K), 0.0045097 secs]
81572.875: [GC (Allocation Failure)  378914K->8770K(1048064K), 0.0032768 secs]
81573.271: [GC (Allocation Failure)  368194K->8706K(1037824K), 0.0037887 secs]
81573.801: [GC (Allocation Failure)  357890K->8738K(1028096K), 0.0035412 secs]
81574.139: [GC (Allocation Failure)  348194K->8706K(1018880K), 0.0033588 secs]
81574.474: [GC (Allocation Failure)  338946K->8738K(1009664K), 0.1135093 secs]
81574.910: [GC (Allocation Failure)  329762K->8738K(1000960K), 0.0044893 secs]
81575.231: [GC (Allocation Failure)  321058K->8706K(992768K), 0.0029842 secs]
81575.536: [GC (Allocation Failure)  312834K->8706K(984576K), 0.0032564 secs]
81575.831: [GC (Allocation Failure)  304642K->8706K(976896K), 0.0030514 secs]
81576.119: [GC (Allocation Failure)  296962K->8770K(1034752K), 0.0034904 secs]
81576.464: [GC (Allocation Failure)  354882K->8738K(1104384K), 0.0034095 secs]
81576.930: [GC (Allocation Failure)  424482K->8706K(1091584K), 0.0040124 secs]
81577.336: [GC (Allocation Failure)  411650K->8738K(1079808K), 0.0031766 secs]
81577.735: [GC (Allocation Failure)  399906K->8738K(1068032K), 0.0035741 secs]
81578.120: [GC (Allocation Failure)  388130K->8738K(1056768K), 0.0043274 secs]
81578.500: [GC (Allocation Failure)  376866K->8738K(1046016K), 0.1557124 secs]
81579.010: [GC (Allocation Failure)  366114K->8706K(1035776K), 0.0031208 secs]
81579.356: [GC (Allocation Failure)  355842K->8738K(1026048K), 0.0038450 secs]
81579.693: [GC (Allocation Failure)  346146K->8738K(1016832K), 0.0029947 secs]
81580.023: [GC (Allocation Failure)  336930K->8770K(1082880K), 0.0049457 secs]
81580.453: [GC (Allocation Failure)  403010K->8706K(1071104K), 0.0032534 secs]
81580.841: [GC (Allocation Failure)  391170K->8706K(1059840K), 0.0033585 secs]
81581.211: [GC (Allocation Failure)  379906K->8738K(1049088K), 0.0044687 secs]
81581.577: [GC (Allocation Failure)  369186K->8706K(1038848K), 0.0033783 secs]
81581.948: [GC (Allocation Failure)  358914K->8738K(1029120K), 0.0037401 secs]
81582.318: [GC (Allocation Failure)  349218K->8738K(1019904K), 0.0033769 secs]
81582.660: [GC (Allocation Failure)  340002K->8770K(1010688K), 0.0033739 secs]
81582.998: [GC (Allocation Failure)  330818K->8770K(1075200K), 0.0042870 secs]
81583.400: [GC (Allocation Failure)  395330K->8706K(1063936K), 0.0032054 secs]
81583.782: [GC (Allocation Failure)  384002K->8770K(1053184K), 0.0029744 secs]
81584.325: [GC (Allocation Failure)  373314K->8738K(1042944K), 0.0034202 secs]
81584.677: [GC (Allocation Failure)  363042K->8706K(1032704K), 0.0031831 secs]
81585.020: [GC (Allocation Failure)  352770K->8738K(1022976K), 0.0028982 secs]
81585.352: [GC (Allocation Failure)  343074K->8738K(1013760K), 0.0033899 secs]
81585.676: [GC (Allocation Failure)  333858K->8706K(1005056K), 0.0038531 secs]
81586.023: [GC (Allocation Failure)  325122K->8738K(1068544K), 0.0050512 secs]
81586.431: [GC (Allocation Failure)  388642K->8770K(1144832K), 0.0036102 secs]
81586.889: [GC (Allocation Failure)  464962K->8738K(1130496K), 0.0038364 secs]
81587.324: [GC (Allocation Failure)  450594K->8706K(1116672K), 0.0032965 secs]
81587.747: [GC (Allocation Failure)  436738K->8706K(1103360K), 0.0043035 secs]
81588.182: [GC (Allocation Failure)  423426K->8738K(1091072K), 0.0036850 secs]
81588.609: [GC (Allocation Failure)  411170K->8738K(1079296K), 0.0039527 secs]
81589.026: [GC (Allocation Failure)  399394K->8706K(1068032K), 0.0033955 secs]
81589.425: [GC (Allocation Failure)  388098K->8738K(1056768K), 0.0033770 secs]
81589.792: [GC (Allocation Failure)  376866K->8738K(1046016K), 0.0030107 secs]
81590.148: [GC (Allocation Failure)  366114K->8770K(1035776K), 0.0026935 secs]
81590.494: [GC (Allocation Failure)  355906K->8738K(1026048K), 0.0032103 secs]
81590.829: [GC (Allocation Failure)  346146K->8706K(1016832K), 0.0029407 secs]
81591.158: [GC (Allocation Failure)  336898K->8738K(1008128K), 0.0028167 secs]
81591.498: [GC (Allocation Failure)  328226K->8706K(999424K), 0.0035648 secs]
81591.838: [GC (Allocation Failure)  319490K->8738K(991232K), 0.0033165 secs]
81592.157: [GC (Allocation Failure)  311330K->8706K(983552K), 0.0042215 secs]
81592.480: [GC (Allocation Failure)  303618K->8706K(1042944K), 0.0042297 secs]
81592.853: [GC (Allocation Failure)  363010K->8706K(1114112K), 0.0034330 secs]
81593.275: [GC (Allocation Failure)  434178K->8706K(1101312K), 0.0033940 secs]
81593.686: [GC (Allocation Failure)  421378K->8706K(1089024K), 0.0033351 secs]
81594.083: [GC (Allocation Failure)  409090K->8738K(1077248K), 0.0038057 secs]
81594.504: [GC (Allocation Failure)  397346K->8738K(1065984K), 0.0035678 secs]
81594.893: [GC (Allocation Failure)  386082K->8738K(1055232K), 0.0030958 secs]
81595.257: [GC (Allocation Failure)  375330K->8706K(1044480K), 0.0032987 secs]
81595.612: [GC (Allocation Failure)  364546K->8738K(1034240K), 0.0037489 secs]
81595.975: [GC (Allocation Failure)  354338K->8770K(1024512K), 0.0031038 secs]
81596.306: [GC (Allocation Failure)  344642K->8706K(1092096K), 0.0047414 secs]
81596.705: [GC (Allocation Failure)  412162K->8706K(1079808K), 0.0037709 secs]
81597.094: [GC (Allocation Failure)  399874K->8738K(1068032K), 0.0029861 secs]
81597.480: [GC (Allocation Failure)  388130K->8738K(1056768K), 0.0037527 secs]
81597.851: [GC (Allocation Failure)  376866K->8770K(1046016K), 0.0043521 secs]
81598.209: [GC (Allocation Failure)  366146K->8770K(1035776K), 0.0027179 secs]
81598.551: [GC (Allocation Failure)  355906K->8770K(1026048K), 0.0036387 secs]
81598.883: [GC (Allocation Failure)  346178K->8706K(1016832K), 0.0036058 secs]
81599.209: [GC (Allocation Failure)  336898K->8802K(1082880K), 0.0090846 secs]
81599.609: [GC (Allocation Failure)  403042K->8706K(1161728K), 0.0025973 secs]
81600.076: [GC (Allocation Failure)  481794K->8770K(1256448K), 0.0025284 secs]
81600.632: [GC (Allocation Failure)  576578K->8802K(1236992K), 0.0022160 secs]
81601.173: [GC (Allocation Failure)  557154K->8770K(1218560K), 0.0025031 secs]
81601.704: [GC (Allocation Failure)  538690K->8706K(1201152K), 0.0035023 secs]
81602.213: [GC (Allocation Failure)  521218K->8706K(1184256K), 0.0035637 secs]
81602.708: [GC (Allocation Failure)  504322K->8770K(1168384K), 0.0028594 secs]
81603.181: [GC (Allocation Failure)  488514K->8770K(1153024K), 0.0037796 secs]
81603.645: [GC (Allocation Failure)  473154K->8770K(1138176K), 0.0032919 secs]
81604.081: [GC (Allocation Failure)  458306K->8770K(1124352K), 0.0028573 secs]
81604.698: [GC (Allocation Failure)  444482K->8738K(1111040K), 0.0023898 secs]
81605.136: [GC (Allocation Failure)  431138K->8738K(1098240K), 0.0032887 secs]
81605.579: [GC (Allocation Failure)  418338K->8706K(1085952K), 0.0037510 secs]
81606.018: [GC (Allocation Failure)  406018K->8706K(1074176K), 0.0034524 secs]
81606.430: [GC (Allocation Failure)  394242K->8770K(1062912K), 0.0030449 secs]
81606.815: [GC (Allocation Failure)  383042K->8706K(1052160K), 0.0031873 secs]
81607.178: [GC (Allocation Failure)  372226K->8770K(1041920K), 0.0031782 secs]
81607.533: [GC (Allocation Failure)  362050K->8738K(1032192K), 0.0035801 secs]
81607.888: [GC (Allocation Failure)  352290K->8706K(1022464K), 0.0032799 secs]
81608.218: [GC (Allocation Failure)  342530K->8738K(1013248K), 0.0038736 secs]
81608.535: [GC (Allocation Failure)  333346K->8770K(1004544K), 0.0033486 secs]
81608.842: [GC (Allocation Failure)  324674K->8738K(996352K), 0.0028493 secs]
81609.143: [GC (Allocation Failure)  316450K->8770K(988160K), 0.0025321 secs]
81609.436: [GC (Allocation Failure)  308290K->8738K(980480K), 0.0037366 secs]
81609.725: [GC (Allocation Failure)  300578K->8770K(972800K), 0.0029127 secs]
81610.047: [GC (Allocation Failure)  292930K->8770K(1029632K), 0.0035275 secs]
81610.396: [GC (Allocation Failure)  349762K->8738K(1020416K), 0.0033320 secs]
81610.720: [GC (Allocation Failure)  340514K->8738K(1011200K), 0.0030368 secs]
81611.035: [GC (Allocation Failure)  331298K->8738K(1002496K), 0.0028252 secs]
81611.563: [GC (Allocation Failure)  322594K->8706K(994304K), 0.0031231 secs]
81611.884: [GC (Allocation Failure)  314370K->8738K(986112K), 0.0031810 secs]
81612.191: [GC (Allocation Failure)  306210K->8738K(978432K), 0.0029431 secs]
81612.687: [GC (Allocation Failure)  298530K->8770K(971264K), 0.0032409 secs]
81613.166: [GC (Allocation Failure)  291394K->8738K(964096K), 0.0029268 secs]
81613.445: [GC (Allocation Failure)  284194K->8738K(957440K), 0.0029515 secs]
81613.717: [GC (Allocation Failure)  277538K->8738K(1011200K), 0.0046562 secs]
81614.056: [GC (Allocation Failure)  331298K->8738K(1075712K), 0.0036997 secs]
81614.446: [GC (Allocation Failure)  395810K->8738K(1064448K), 0.0031841 secs]
81614.833: [GC (Allocation Failure)  384546K->8770K(1053696K), 0.0027649 secs]
81615.426: [GC (Allocation Failure)  373826K->8770K(1043456K), 0.0035413 secs]
81615.784: [GC (Allocation Failure)  363586K->8706K(1033216K), 0.0049028 secs]
81616.131: [GC (Allocation Failure)  353282K->8738K(1102336K), 0.0046156 secs]
81616.564: [GC (Allocation Failure)  422434K->8770K(1090048K), 0.0037306 secs]
81616.956: [GC (Allocation Failure)  410178K->8706K(1078272K), 0.0027567 secs]
81617.336: [GC (Allocation Failure)  398338K->8706K(1067008K), 0.0033015 secs]
81617.702: [GC (Allocation Failure)  387074K->8738K(1056256K), 0.0041614 secs]
81618.058: [GC (Allocation Failure)  376354K->8738K(1045504K), 0.0030251 secs]
81618.403: [GC (Allocation Failure)  365602K->8770K(1035264K), 0.0030751 secs]
81618.738: [GC (Allocation Failure)  355394K->8738K(1025536K), 0.0037607 secs]
81619.065: [GC (Allocation Failure)  345634K->8738K(1016320K), 0.0035251 secs]
81619.382: [GC (Allocation Failure)  336418K->8738K(1007616K), 0.0032563 secs]
81619.693: [GC (Allocation Failure)  327714K->8738K(1071616K), 0.0037502 secs]
81620.064: [GC (Allocation Failure)  391714K->8738K(1060352K), 0.0031549 secs]
81620.442: [GC (Allocation Failure)  380450K->8738K(1049600K), 0.0035082 secs]
81620.793: [GC (Allocation Failure)  369698K->8738K(1039360K), 0.0033424 secs]
81621.130: [GC (Allocation Failure)  359458K->8706K(1029632K), 0.0032908 secs]
81621.459: [GC (Allocation Failure)  349698K->8738K(1020416K), 0.0030026 secs]
81621.781: [GC (Allocation Failure)  340514K->8770K(1011200K), 0.0030666 secs]
81622.095: [GC (Allocation Failure)  331330K->8738K(1002496K), 0.0032561 secs]
81622.403: [GC (Allocation Failure)  322594K->8738K(994304K), 0.0035423 secs]
81622.850: [GC (Allocation Failure)  314402K->8738K(986112K), 0.0026852 secs]
81623.149: [GC (Allocation Failure)  306210K->8738K(978432K), 0.0038284 secs]
81623.440: [GC (Allocation Failure)  298530K->8706K(1036800K), 0.0036384 secs]
81623.803: [GC (Allocation Failure)  356866K->8738K(1106432K), 0.0040502 secs]
81624.220: [GC (Allocation Failure)  426530K->8738K(1190400K), 0.0037500 secs]
81624.722: [GC (Allocation Failure)  510498K->8770K(1174016K), 0.0037419 secs]
81625.203: [GC (Allocation Failure)  494146K->8738K(1158656K), 0.0034538 secs]
81625.700: [GC (Allocation Failure)  478754K->8770K(1143808K), 0.0039591 secs]
81626.152: [GC (Allocation Failure)  463938K->8738K(1129472K), 0.0035538 secs]
81626.592: [GC (Allocation Failure)  449570K->8738K(1115648K), 0.0037092 secs]
81627.019: [GC (Allocation Failure)  435746K->8770K(1102848K), 0.0032962 secs]
81627.442: [GC (Allocation Failure)  422978K->8706K(1090560K), 0.0034271 secs]
81627.844: [GC (Allocation Failure)  410626K->8706K(1078784K), 0.0031334 secs]
81628.231: [GC (Allocation Failure)  398850K->8706K(1067520K), 0.0031199 secs]
81628.610: [GC (Allocation Failure)  387586K->8770K(1056256K), 0.0037806 secs]
81628.987: [GC (Allocation Failure)  376386K->8738K(1129984K), 0.0094884 secs]
81629.446: [GC (Allocation Failure)  450082K->8738K(1218560K), 0.0034960 secs]
81629.974: [GC (Allocation Failure)  538658K->8706K(1324544K), 0.0038659 secs]
81630.596: [GC (Allocation Failure)  644610K->8770K(1302016K), 0.0056971 secs]
81631.197: [GC (Allocation Failure)  622146K->8738K(1280512K), 0.0051619 secs]
81631.786: [GC (Allocation Failure)  600610K->8706K(1260032K), 0.0048346 secs]
81632.370: [GC (Allocation Failure)  580098K->8706K(1240576K), 0.0032777 secs]
81632.943: [GC (Allocation Failure)  560642K->8770K(1222144K), 0.0027905 secs]
81633.512: [GC (Allocation Failure)  542274K->8738K(1204224K), 0.0031020 secs]
81634.057: [GC (Allocation Failure)  524322K->8706K(1187328K), 0.0027193 secs]
81634.570: [GC (Allocation Failure)  507394K->8738K(1170944K), 0.0031900 secs]
81635.043: [GC (Allocation Failure)  491042K->8738K(1155584K), 0.0027361 secs]
81635.508: [GC (Allocation Failure)  475682K->8738K(1140736K), 0.0037609 secs]
81635.953: [GC (Allocation Failure)  460834K->8770K(1126400K), 0.0027653 secs]
81636.445: [GC (Allocation Failure)  446530K->8738K(1113088K), 0.0033511 secs]
81636.865: [GC (Allocation Failure)  433186K->8706K(1100288K), 0.0028601 secs]
81637.265: [GC (Allocation Failure)  420354K->8770K(1088000K), 0.0028733 secs]
81637.661: [GC (Allocation Failure)  408130K->8738K(1076224K), 0.0032389 secs]
81638.043: [GC (Allocation Failure)  396322K->8706K(1064960K), 0.0039677 secs]
81638.413: [GC (Allocation Failure)  385026K->8770K(1054208K), 0.0029165 secs]
81638.851: [GC (Allocation Failure)  374338K->8738K(1043968K), 0.0032569 secs]
81639.238: [GC (Allocation Failure)  364066K->8738K(1033728K), 0.0040506 secs]
81639.605: [GC (Allocation Failure)  353826K->8738K(1024000K), 0.0029499 secs]
81639.948: [GC (Allocation Failure)  344098K->8706K(1014784K), 0.1379274 secs]
81640.409: [GC (Allocation Failure)  334850K->8738K(1006080K), 0.0033771 secs]
81640.721: [GC (Allocation Failure)  326178K->8770K(997376K), 0.0027886 secs]
81641.022: [GC (Allocation Failure)  317506K->8770K(989184K), 0.0029177 secs]
81641.345: [GC (Allocation Failure)  309314K->8706K(981504K), 0.0031244 secs]
81641.632: [GC (Allocation Failure)  301570K->8706K(1040384K), 0.0052862 secs]
81641.979: [GC (Allocation Failure)  360450K->8770K(1111040K), 0.0031509 secs]
81642.424: [GC (Allocation Failure)  431170K->8706K(1098240K), 0.0026229 secs]
81642.834: [GC (Allocation Failure)  418306K->8706K(1085952K), 0.0029580 secs]
81643.223: [GC (Allocation Failure)  406018K->8738K(1074176K), 0.0028583 secs]
81643.601: [GC (Allocation Failure)  394274K->8706K(1062912K), 0.0036389 secs]
81643.970: [GC (Allocation Failure)  382978K->8738K(1052160K), 0.0031408 secs]
81644.353: [GC (Allocation Failure)  372258K->8738K(1041920K), 0.0040692 secs]
81644.735: [GC (Allocation Failure)  362018K->8706K(1032192K), 0.0035949 secs]
81645.116: [GC (Allocation Failure)  352258K->8738K(1022464K), 0.0027199 secs]
81645.468: [GC (Allocation Failure)  342562K->8706K(1013248K), 0.0032067 secs]
81645.793: [GC (Allocation Failure)  333314K->8738K(1004544K), 0.0029198 secs]
81646.103: [GC (Allocation Failure)  324642K->8770K(996352K), 0.0027532 secs]
81646.430: [GC (Allocation Failure)  316482K->8738K(988160K), 0.0040567 secs]
81646.724: [GC (Allocation Failure)  308258K->8770K(980480K), 0.0030803 secs]
81647.008: [GC (Allocation Failure)  300610K->8738K(972800K), 0.0031200 secs]
81647.286: [GC (Allocation Failure)  292898K->8706K(1029632K), 0.0035093 secs]
81647.632: [GC (Allocation Failure)  349698K->8738K(1098240K), 0.0033202 secs]
81648.066: [GC (Allocation Failure)  418338K->8738K(1085952K), 0.0032757 secs]
81648.478: [GC (Allocation Failure)  406050K->8706K(1074176K), 0.0041442 secs]
81648.890: [GC (Allocation Failure)  394242K->8738K(1062912K), 0.0035052 secs]
81649.293: [GC (Allocation Failure)  383010K->8706K(1052160K), 0.0041536 secs]
81649.660: [GC (Allocation Failure)  372226K->8770K(1041920K), 0.0030041 secs]
81650.015: [GC (Allocation Failure)  362050K->8770K(1032192K), 0.0037637 secs]
81650.353: [GC (Allocation Failure)  352322K->8738K(1022464K), 0.0030301 secs]
81650.681: [GC (Allocation Failure)  342562K->8738K(1013248K), 0.0034897 secs]
81650.999: [GC (Allocation Failure)  333346K->8738K(1004544K), 0.0030190 secs]
81651.314: [GC (Allocation Failure)  324642K->8738K(996352K), 0.0031654 secs]
81651.615: [GC (Allocation Failure)  316450K->8738K(988160K), 0.0030198 secs]
81651.947: [GC (Allocation Failure)  308258K->8706K(980480K), 0.0029072 secs]
81652.252: [GC (Allocation Failure)  300546K->8802K(972800K), 0.0032221 secs]
81652.549: [GC (Allocation Failure)  292962K->8770K(965632K), 0.0028969 secs]
81652.841: [GC (Allocation Failure)  285762K->8706K(958464K), 0.0034454 secs]
81653.126: [GC (Allocation Failure)  278530K->8770K(951808K), 0.0028174 secs]
81653.394: [GC (Allocation Failure)  271938K->8738K(1004544K), 0.0038770 secs]
81653.702: [GC (Allocation Failure)  324642K->8802K(1068032K), 0.0036821 secs]
81654.074: [GC (Allocation Failure)  388194K->8770K(1144320K), 0.0046164 secs]
81654.521: [GC (Allocation Failure)  464450K->8738K(1235456K), 0.0035791 secs]
81655.064: [GC (Allocation Failure)  555554K->8738K(1217024K), 0.1650158 secs]
81655.774: [GC (Allocation Failure)  537122K->8738K(1199616K), 0.0041659 secs]
81656.279: [GC (Allocation Failure)  519714K->8738K(1182720K), 0.0033169 secs]
81656.786: [GC (Allocation Failure)  502818K->8738K(1166848K), 0.0034632 secs]
81657.253: [GC (Allocation Failure)  486946K->8738K(1151488K), 0.0033061 secs]
81657.704: [GC (Allocation Failure)  471586K->8786K(1136640K), 0.0034176 secs]
81658.184: [GC (Allocation Failure)  456786K->8722K(1122816K), 0.0032662 secs]
81658.609: [GC (Allocation Failure)  442898K->8722K(1109504K), 0.0032823 secs]
81659.023: [GC (Allocation Failure)  429586K->8722K(1096704K), 0.0036358 secs]
81659.425: [GC (Allocation Failure)  416786K->8754K(1084416K), 0.0031456 secs]
81659.811: [GC (Allocation Failure)  404530K->8754K(1072640K), 0.0029352 secs]
81660.188: [GC (Allocation Failure)  392754K->8722K(1061376K), 0.0036371 secs]
81660.557: [GC (Allocation Failure)  381458K->8722K(1050624K), 0.0028771 secs]
81660.929: [GC (Allocation Failure)  370706K->8754K(1040384K), 0.0032344 secs]
81661.295: [GC (Allocation Failure)  360498K->8754K(1030656K), 0.0035451 secs]
81661.629: [GC (Allocation Failure)  350770K->8786K(1020928K), 0.0032870 secs]
81661.955: [GC (Allocation Failure)  341074K->8786K(1011712K), 0.0032199 secs]
81662.328: [GC (Allocation Failure)  331858K->8754K(1003008K), 0.0037428 secs]
81662.660: [GC (Allocation Failure)  323122K->8754K(994816K), 0.0033572 secs]
81662.991: [GC (Allocation Failure)  314930K->8722K(986624K), 0.0041140 secs]
81663.301: [GC (Allocation Failure)  306706K->8754K(1046528K), 0.0038686 secs]
81663.896: [GC (Allocation Failure)  366642K->8722K(1036288K), 0.0033373 secs]
81664.269: [GC (Allocation Failure)  356370K->8754K(1026560K), 0.0033545 secs]
81664.609: [GC (Allocation Failure)  346674K->8754K(1017344K), 0.0032655 secs]
81664.947: [GC (Allocation Failure)  337458K->8722K(1008640K), 0.0028253 secs]
81665.267: [GC (Allocation Failure)  328722K->8722K(999936K), 0.0029757 secs]
81665.579: [GC (Allocation Failure)  320018K->8722K(991744K), 0.0035506 secs]
81665.893: [GC (Allocation Failure)  311826K->8722K(1052672K), 0.0040562 secs]
81666.263: [GC (Allocation Failure)  372754K->8754K(1042432K), 0.0034883 secs]
81666.621: [GC (Allocation Failure)  362546K->8786K(1113600K), 0.0038520 secs]
81667.041: [GC (Allocation Failure)  433746K->8754K(1100800K), 0.0034509 secs]
81667.467: [GC (Allocation Failure)  420914K->8786K(1088512K), 0.0041425 secs]
81667.905: [GC (Allocation Failure)  408658K->8754K(1076736K), 0.0045021 secs]
81668.323: [GC (Allocation Failure)  396850K->8754K(1065472K), 0.0042356 secs]
81668.707: [GC (Allocation Failure)  385586K->8754K(1054720K), 0.0034347 secs]
81669.080: [GC (Allocation Failure)  374834K->8722K(1127936K), 0.0046535 secs]
81669.518: [GC (Allocation Failure)  448018K->8722K(1114112K), 0.0038039 secs]
81669.942: [GC (Allocation Failure)  434194K->8722K(1101312K), 0.0039210 secs]
81670.356: [GC (Allocation Failure)  421394K->8786K(1089024K), 0.0034790 secs]
81670.767: [GC (Allocation Failure)  409170K->8754K(1077248K), 0.0035328 secs]
81671.175: [GC (Allocation Failure)  397362K->8754K(1065984K), 0.0037105 secs]
81671.558: [GC (Allocation Failure)  386098K->8722K(1055232K), 0.0037300 secs]
81671.935: [GC (Allocation Failure)  375314K->8754K(1044480K), 0.0048506 secs]
81672.306: [GC (Allocation Failure)  364594K->8722K(1115648K), 0.0043257 secs]
81672.769: [GC (Allocation Failure)  435730K->8722K(1102848K), 0.0037020 secs]
81673.181: [GC (Allocation Failure)  422930K->8722K(1090560K), 0.0034513 secs]
81673.586: [GC (Allocation Failure)  410642K->8754K(1078784K), 0.0034553 secs]
81673.984: [GC (Allocation Failure)  398898K->8786K(1067520K), 0.0035569 secs]
81674.389: [GC (Allocation Failure)  387666K->8754K(1056256K), 0.0039179 secs]
81674.757: [GC (Allocation Failure)  376370K->8722K(1045504K), 0.0034737 secs]
81675.117: [GC (Allocation Failure)  365586K->8754K(1035264K), 0.0036059 secs]
81675.478: [GC (Allocation Failure)  355378K->8754K(1025536K), 0.0035966 secs]
81675.829: [GC (Allocation Failure)  345650K->8754K(1016320K), 0.0034298 secs]
81676.159: [GC (Allocation Failure)  336434K->8722K(1081856K), 0.0045110 secs]
81676.554: [GC (Allocation Failure)  401938K->8754K(1070080K), 0.0033638 secs]
81676.935: [GC (Allocation Failure)  390194K->8754K(1058816K), 0.0037048 secs]
81677.320: [GC (Allocation Failure)  378930K->8754K(1048064K), 0.0039912 secs]
81677.853: [GC (Allocation Failure)  368178K->8786K(1037824K), 0.0038773 secs]
81678.214: [GC (Allocation Failure)  357970K->8722K(1028096K), 0.0033511 secs]
81678.562: [GC (Allocation Failure)  348178K->8722K(1018880K), 0.0037132 secs]
81678.895: [GC (Allocation Failure)  338962K->8754K(1009664K), 0.0033601 secs]
81679.216: [GC (Allocation Failure)  329778K->8722K(1000960K), 0.0028803 secs]
81679.545: [GC (Allocation Failure)  321042K->8722K(992768K), 0.0033186 secs]
81679.876: [GC (Allocation Failure)  312850K->8754K(984576K), 0.0031742 secs]
81680.183: [GC (Allocation Failure)  304690K->8722K(976896K), 0.0032563 secs]
81680.487: [GC (Allocation Failure)  296978K->8754K(1034752K), 0.0039966 secs]
81680.840: [GC (Allocation Failure)  354866K->8754K(1104384K), 0.0039023 secs]
81681.296: [GC (Allocation Failure)  424498K->8754K(1187840K), 0.0041179 secs]
81681.790: [GC (Allocation Failure)  507954K->8754K(1171456K), 0.0043159 secs]
81682.271: [GC (Allocation Failure)  491570K->8754K(1156096K), 0.0036819 secs]
81682.750: [GC (Allocation Failure)  476210K->8754K(1141248K), 0.1349898 secs]
81683.336: [GC (Allocation Failure)  461362K->8722K(1126912K), 0.0043569 secs]
81683.767: [GC (Allocation Failure)  446994K->8786K(1113600K), 0.0033593 secs]
81684.183: [GC (Allocation Failure)  433746K->8722K(1100800K), 0.0034453 secs]
81684.592: [GC (Allocation Failure)  420882K->8754K(1088512K), 0.0034269 secs]
81685.012: [GC (Allocation Failure)  408626K->8722K(1076736K), 0.0031015 secs]
81685.580: [GC (Allocation Failure)  396818K->8722K(1065472K), 0.0124618 secs]
81685.956: [GC (Allocation Failure)  385554K->8754K(1054720K), 0.0035236 secs]
81686.321: [GC (Allocation Failure)  374834K->8786K(1044480K), 0.0032916 secs]
81686.679: [GC (Allocation Failure)  364626K->8730K(1034240K), 0.0042210 secs]
81687.034: [GC (Allocation Failure)  354330K->8794K(1024512K), 0.0032259 secs]
81687.373: [GC (Allocation Failure)  344666K->8794K(1015296K), 0.0029503 secs]
81687.703: [GC (Allocation Failure)  335450K->8730K(1006592K), 0.0034771 secs]
81688.040: [GC (Allocation Failure)  326682K->8762K(997888K), 0.0037060 secs]
81688.409: [GC (Allocation Failure)  318010K->8794K(989696K), 0.0036830 secs]
81688.729: [GC (Allocation Failure)  309850K->8762K(982016K), 0.0029940 secs]
81689.027: [GC (Allocation Failure)  302138K->8762K(974336K), 0.0032046 secs]
81689.319: [GC (Allocation Failure)  294458K->8794K(967168K), 0.0029838 secs]
81689.606: [GC (Allocation Failure)  287322K->8762K(1022976K), 0.0042721 secs]
81689.946: [GC (Allocation Failure)  343098K->8762K(1090048K), 0.0030521 secs]
81690.353: [GC (Allocation Failure)  410170K->8762K(1078272K), 0.0035872 secs]
81690.748: [GC (Allocation Failure)  398394K->8762K(1067008K), 0.0029261 secs]
81691.131: [GC (Allocation Failure)  387130K->8826K(1056256K), 0.0028976 secs]
81691.501: [GC (Allocation Failure)  376442K->8762K(1045504K), 0.0034235 secs]
81691.861: [GC (Allocation Failure)  365626K->8730K(1035264K), 0.0032278 secs]
81692.212: [GC (Allocation Failure)  355354K->8794K(1025536K), 0.0031182 secs]
81692.552: [GC (Allocation Failure)  345690K->8794K(1016320K), 0.0036257 secs]
81692.881: [GC (Allocation Failure)  336474K->8794K(1007616K), 0.0034212 secs]
81693.202: [GC (Allocation Failure)  327770K->8730K(998912K), 0.0036828 secs]
81693.515: [GC (Allocation Failure)  319002K->8762K(1061376K), 0.0043493 secs]
81693.895: [GC (Allocation Failure)  381498K->8762K(1136128K), 0.0041156 secs]
81694.351: [GC (Allocation Failure)  456250K->8762K(1122304K), 0.0032897 secs]
81694.791: [GC (Allocation Failure)  442426K->8762K(1108992K), 0.0026416 secs]
81695.215: [GC (Allocation Failure)  429114K->8762K(1096192K), 0.0030526 secs]
81695.625: [GC (Allocation Failure)  416314K->8730K(1083904K), 0.0031248 secs]
81696.022: [GC (Allocation Failure)  403994K->8826K(1072128K), 0.0040041 secs]
81696.409: [GC (Allocation Failure)  392314K->8762K(1060864K), 0.0034474 secs]
81696.807: [GC (Allocation Failure)  380986K->8762K(1050112K), 0.0036525 secs]
81697.173: [GC (Allocation Failure)  370234K->8762K(1039872K), 0.0034768 secs]
81697.528: [GC (Allocation Failure)  359994K->8730K(1030144K), 0.0034073 secs]
81697.872: [GC (Allocation Failure)  350234K->8730K(1020928K), 0.0031035 secs]
81698.210: [GC (Allocation Failure)  341018K->8794K(1011712K), 0.0031288 secs]
81698.538: [GC (Allocation Failure)  331866K->8730K(1003008K), 0.0042396 secs]
81698.859: [GC (Allocation Failure)  323098K->8762K(1065984K), 0.0037389 secs]
81699.465: [GC (Allocation Failure)  386106K->8762K(1055232K), 0.0038799 secs]
81699.835: [GC (Allocation Failure)  375354K->8762K(1044480K), 0.0036256 secs]
81700.209: [GC (Allocation Failure)  364602K->8762K(1034240K), 0.0034114 secs]
81700.600: [GC (Allocation Failure)  354362K->8730K(1024512K), 0.0027513 secs]
81700.955: [GC (Allocation Failure)  344602K->8794K(1015296K), 0.0039092 secs]
81701.311: [GC (Allocation Failure)  335450K->8794K(1006592K), 0.0031313 secs]
81701.655: [GC (Allocation Failure)  326746K->8794K(997888K), 0.0029955 secs]
81701.977: [GC (Allocation Failure)  318042K->8730K(989696K), 0.0026832 secs]
81702.302: [GC (Allocation Failure)  309786K->8794K(982016K), 0.0030018 secs]
81702.612: [GC (Allocation Failure)  302170K->8762K(974336K), 0.0032989 secs]
81703.088: [GC (Allocation Failure)  294458K->8730K(967168K), 0.0045987 secs]
81703.384: [GC (Allocation Failure)  287258K->8762K(960000K), 0.0034999 secs]
81703.694: [GC (Allocation Failure)  280122K->8730K(1014272K), 0.0037345 secs]
81704.051: [GC (Allocation Failure)  334362K->8730K(1079808K), 0.0057951 secs]
81704.587: [GC (Allocation Failure)  399898K->8794K(1158144K), 0.0033601 secs]
81705.065: [GC (Allocation Failure)  478298K->8762K(1143296K), 0.0031552 secs]
81705.667: [GC (Allocation Failure)  463418K->8762K(1128960K), 0.0038046 secs]
81706.097: [GC (Allocation Failure)  449082K->8762K(1115136K), 0.0043327 secs]
81706.512: [GC (Allocation Failure)  435258K->8762K(1102336K), 0.0033567 secs]
81706.913: [GC (Allocation Failure)  422458K->8762K(1090048K), 0.0031097 secs]
81707.337: [GC (Allocation Failure)  410170K->8730K(1078272K), 0.0040182 secs]
81707.742: [GC (Allocation Failure)  398362K->8730K(1067008K), 0.0036777 secs]
81708.110: [GC (Allocation Failure)  387098K->8730K(1056256K), 0.0040695 secs]
81708.482: [GC (Allocation Failure)  376346K->8730K(1045504K), 0.0043105 secs]
81709.047: [GC (Allocation Failure)  365594K->8762K(1035264K), 0.0053913 secs]
81709.386: [GC (Allocation Failure)  355386K->8794K(1025536K), 0.0035846 secs]
81709.734: [GC (Allocation Failure)  345690K->8762K(1093120K), 0.0041569 secs]
81710.319: [GC (Allocation Failure)  413242K->8762K(1080832K), 0.0041718 secs]
81710.710: [GC (Allocation Failure)  400954K->8730K(1069056K), 0.0042246 secs]
81711.266: [GC (Allocation Failure)  389146K->8730K(1057792K), 0.0037722 secs]
81711.627: [GC (Allocation Failure)  377882K->8730K(1047040K), 0.0048546 secs]
81711.980: [GC (Allocation Failure)  367130K->8794K(1118720K), 0.0044634 secs]
81712.399: [GC (Allocation Failure)  438874K->8730K(1204736K), 0.0037861 secs]
81712.904: [GC (Allocation Failure)  524826K->8826K(1187840K), 0.0048017 secs]
81713.564: [GC (Allocation Failure)  508026K->8762K(1171456K), 0.0046702 secs]
81714.036: [GC (Allocation Failure)  491578K->8762K(1268224K), 0.0100416 secs]
81714.651: [GC (Allocation Failure)  588346K->8698K(1384448K), 0.0045450 secs]
81715.522: [GC (Allocation Failure)  704506K->8762K(1359360K), 0.0033622 secs]
81716.206: [GC (Allocation Failure)  679482K->8762K(1335296K), 0.0035854 secs]
81716.848: [GC (Allocation Failure)  655418K->8794K(1312256K), 0.0031712 secs]
81717.472: [GC (Allocation Failure)  632410K->8794K(1290240K), 0.0036192 secs]
81718.261: [GC (Allocation Failure)  610394K->8730K(1269248K), 0.0033590 secs]
81718.830: [GC (Allocation Failure)  589338K->8730K(1249280K), 0.0031654 secs]
81719.385: [GC (Allocation Failure)  569370K->8794K(1230336K), 0.0038917 secs]
81720.087: [GC (Allocation Failure)  550490K->8730K(1212416K), 0.0033641 secs]
81720.626: [GC (Allocation Failure)  532506K->8730K(1195008K), 0.0030919 secs]
81721.146: [GC (Allocation Failure)  515098K->8762K(1178624K), 0.0034977 secs]
81721.628: [GC (Allocation Failure)  498746K->8762K(1162752K), 0.0046664 secs]
81722.390: [GC (Allocation Failure)  482874K->8762K(1147904K), 0.0036724 secs]
81722.862: [GC (Allocation Failure)  468026K->8794K(1133568K), 0.0029374 secs]
81723.356: [GC (Allocation Failure)  453722K->8730K(1119744K), 0.0036537 secs]
81723.791: [GC (Allocation Failure)  439834K->8762K(1106432K), 0.0048097 secs]
81724.219: [GC (Allocation Failure)  426554K->8730K(1093632K), 0.0036699 secs]
81724.787: [GC (Allocation Failure)  413722K->8762K(1081344K), 0.0033759 secs]
81725.204: [GC (Allocation Failure)  401466K->8762K(1069568K), 0.0033403 secs]
81725.610: [GC (Allocation Failure)  389690K->8762K(1058304K), 0.0027210 secs]
81725.977: [GC (Allocation Failure)  378426K->8762K(1047552K), 0.0030906 secs]
81726.345: [GC (Allocation Failure)  367674K->8730K(1037312K), 0.0030350 secs]
81726.730: [GC (Allocation Failure)  357402K->8762K(1027584K), 0.0045046 secs]
81727.103: [GC (Allocation Failure)  347706K->8730K(1018368K), 0.0040519 secs]
81727.620: [GC (Allocation Failure)  338458K->8762K(1009152K), 0.0036805 secs]
81728.089: [GC (Allocation Failure)  329274K->8762K(1000448K), 0.0037562 secs]
81728.425: [GC (Allocation Failure)  320570K->8762K(992256K), 0.0038508 secs]
81728.729: [GC (Allocation Failure)  312378K->8762K(1053184K), 0.0042541 secs]
81729.092: [GC (Allocation Failure)  373306K->8762K(1126400K), 0.0038007 secs]
81729.547: [GC (Allocation Failure)  446522K->8762K(1113088K), 0.0040695 secs]
81730.156: [GC (Allocation Failure)  433210K->8730K(1100288K), 0.0053232 secs]
81730.563: [GC (Allocation Failure)  420378K->8794K(1088000K), 0.0041447 secs]
81730.958: [GC (Allocation Failure)  408154K->8794K(1167872K), 0.0046301 secs]
81731.435: [GC (Allocation Failure)  488026K->8730K(1264128K), 0.0070053 secs]
81732.041: [GC (Allocation Failure)  584218K->8730K(1379328K), 0.0047143 secs]
81732.717: [GC (Allocation Failure)  699418K->8794K(1354240K), 0.0032131 secs]
81733.369: [GC (Allocation Failure)  674394K->8730K(1330688K), 0.0045672 secs]
81734.185: [GC (Allocation Failure)  650778K->8730K(1308160K), 0.0038772 secs]
81734.849: [GC (Allocation Failure)  628250K->8730K(1286656K), 0.0037210 secs]
81735.489: [GC (Allocation Failure)  606746K->8730K(1266176K), 0.0033394 secs]
81736.090: [GC (Allocation Failure)  586266K->8794K(1246720K), 0.0046198 secs]
81736.651: [GC (Allocation Failure)  566874K->8762K(1227776K), 0.0039795 secs]
81737.188: [GC (Allocation Failure)  547898K->8794K(1209856K), 0.0035261 secs]
81737.703: [GC (Allocation Failure)  530010K->8762K(1192448K), 0.0034913 secs]
81738.203: [GC (Allocation Failure)  512570K->8794K(1176064K), 0.0033975 secs]
81738.689: [GC (Allocation Failure)  496218K->8730K(1160192K), 0.0041771 secs]
81739.170: [GC (Allocation Failure)  480282K->8762K(1145344K), 0.0037998 secs]
81739.615: [GC (Allocation Failure)  465466K->8762K(1131008K), 0.0030203 secs]
81740.049: [GC (Allocation Failure)  451130K->8762K(1117184K), 0.0027553 secs]
81740.472: [GC (Allocation Failure)  437306K->8762K(1103872K), 0.0033749 secs]
81740.889: [GC (Allocation Failure)  423994K->8762K(1091072K), 0.0033813 secs]
81741.301: [GC (Allocation Failure)  411194K->8794K(1079296K), 0.0038066 secs]
81741.915: [GC (Allocation Failure)  399450K->8730K(1068032K), 0.0047782 secs]
81742.294: [GC (Allocation Failure)  388122K->8730K(1056768K), 0.0035269 secs]
81742.684: [GC (Allocation Failure)  376858K->8730K(1046016K), 0.0044328 secs]
81743.045: [GC (Allocation Failure)  366106K->8762K(1035776K), 0.0036027 secs]
81743.412: [GC (Allocation Failure)  355898K->8762K(1026048K), 0.0035751 secs]
81743.801: [GC (Allocation Failure)  346170K->8762K(1016832K), 0.0030982 secs]
81744.157: [GC (Allocation Failure)  336954K->8762K(1008128K), 0.0033812 secs]
81744.477: [GC (Allocation Failure)  328250K->8730K(999424K), 0.0029334 secs]
81744.786: [GC (Allocation Failure)  319514K->8730K(991232K), 0.0040280 secs]
81745.089: [GC (Allocation Failure)  311322K->8826K(1052160K), 0.0035036 secs]
81745.450: [GC (Allocation Failure)  372346K->8730K(1124864K), 0.0046847 secs]
81745.907: [GC (Allocation Failure)  444954K->8730K(1111552K), 0.0034619 secs]
81746.347: [GC (Allocation Failure)  431642K->8794K(1098752K), 0.0036287 secs]
81746.807: [GC (Allocation Failure)  418906K->8794K(1086464K), 0.0027452 secs]
81747.203: [GC (Allocation Failure)  406618K->8762K(1074688K), 0.0035136 secs]
81747.587: [GC (Allocation Failure)  394810K->8730K(1063424K), 0.0032665 secs]
81748.113: [GC (Allocation Failure)  383514K->8762K(1052672K), 0.0037788 secs]
81748.475: [GC (Allocation Failure)  372794K->8762K(1042432K), 0.0035061 secs]
81748.841: [GC (Allocation Failure)  362554K->8730K(1032704K), 0.0036645 secs]
81749.279: [GC (Allocation Failure)  352794K->8730K(1022976K), 0.0034437 secs]
81749.630: [GC (Allocation Failure)  343066K->8794K(1013760K), 0.0033225 secs]
81749.958: [GC (Allocation Failure)  333914K->8762K(1005056K), 0.0035514 secs]
81750.292: [GC (Allocation Failure)  325178K->8730K(996352K), 0.0035416 secs]
81750.605: [GC (Allocation Failure)  316442K->8794K(988160K), 0.0031158 secs]
81750.906: [GC (Allocation Failure)  308314K->8730K(1048064K), 0.0038416 secs]
81751.287: [GC (Allocation Failure)  368154K->8762K(1037824K), 0.0034894 secs]
81751.637: [GC (Allocation Failure)  357946K->8762K(1028096K), 0.0037393 secs]
81752.148: [GC (Allocation Failure)  348218K->8730K(1018880K), 0.0035936 secs]
81752.597: [GC (Allocation Failure)  338970K->8762K(1009664K), 0.0033546 secs]
81753.039: [GC (Allocation Failure)  329786K->8762K(1000960K), 0.0042232 secs]
81753.364: [GC (Allocation Failure)  321082K->8794K(992768K), 0.0034376 secs]
81753.690: [GC (Allocation Failure)  312922K->8762K(984576K), 0.0036799 secs]
81753.987: [GC (Allocation Failure)  304698K->8762K(1043968K), 0.0035472 secs]
81754.364: [GC (Allocation Failure)  364090K->8762K(1033728K), 0.0036122 secs]
81754.706: [GC (Allocation Failure)  353850K->8730K(1102848K), 0.0044752 secs]
81755.281: [GC (Allocation Failure)  422938K->8794K(1090560K), 0.0033289 secs]
81755.681: [GC (Allocation Failure)  410714K->8762K(1078784K), 0.0033817 secs]
81756.155: [GC (Allocation Failure)  398906K->8762K(1067520K), 0.0031505 secs]
81756.543: [GC (Allocation Failure)  387642K->8730K(1056256K), 0.0050796 secs]
81756.929: [GC (Allocation Failure)  376346K->8794K(1045504K), 0.0032157 secs]
81757.278: [GC (Allocation Failure)  365658K->8762K(1035264K), 0.0039399 secs]
81757.613: [GC (Allocation Failure)  355386K->8730K(1025536K), 0.0030710 secs]
81757.941: [GC (Allocation Failure)  345626K->8730K(1016320K), 0.0039268 secs]
81758.401: [GC (Allocation Failure)  336410K->8762K(1007616K), 0.0030503 secs]
81758.718: [GC (Allocation Failure)  327738K->8826K(998912K), 0.0033144 secs]
81759.027: [GC (Allocation Failure)  319098K->8826K(990720K), 0.0028027 secs]
81759.359: [GC (Allocation Failure)  310906K->8730K(983040K), 0.0030937 secs]
81759.653: [GC (Allocation Failure)  303130K->8762K(975360K), 0.0029183 secs]
81759.961: [GC (Allocation Failure)  295482K->8730K(968192K), 0.0028076 secs]
81760.251: [GC (Allocation Failure)  288282K->8794K(961024K), 0.0032163 secs]
81760.660: [GC (Allocation Failure)  281178K->8762K(954368K), 0.0036248 secs]
81760.928: [GC (Allocation Failure)  274490K->8730K(947712K), 0.0031982 secs]
81761.187: [GC (Allocation Failure)  267802K->8794K(999936K), 0.0030566 secs]
81761.501: [GC (Allocation Failure)  320090K->8762K(1062400K), 0.0036331 secs]
81761.874: [GC (Allocation Failure)  382522K->8794K(1137152K), 0.0044946 secs]
81762.318: [GC (Allocation Failure)  457306K->8730K(1227264K), 0.0035224 secs]
81763.065: [GC (Allocation Failure)  547354K->8794K(1209344K), 0.0028195 secs]
81763.580: [GC (Allocation Failure)  529498K->8730K(1191936K), 0.0031162 secs]
81764.243: [GC (Allocation Failure)  512026K->8730K(1175552K), 0.0032971 secs]
81764.759: [GC (Allocation Failure)  495642K->8730K(1159680K), 0.0033944 secs]
81765.228: [GC (Allocation Failure)  479770K->8794K(1144832K), 0.0026120 secs]
81765.679: [GC (Allocation Failure)  464986K->8762K(1130496K), 0.0045395 secs]
81766.143: [GC (Allocation Failure)  450618K->8730K(1116672K), 0.0036457 secs]
81766.565: [GC (Allocation Failure)  436762K->8762K(1202688K), 0.0089044 secs]
81767.075: [GC (Allocation Failure)  522810K->8794K(1185792K), 0.0031167 secs]
81767.562: [GC (Allocation Failure)  505946K->8762K(1169920K), 0.0036782 secs]
81768.035: [GC (Allocation Failure)  490042K->8794K(1154560K), 0.0048863 secs]
81768.498: [GC (Allocation Failure)  474714K->8762K(1139712K), 0.0032448 secs]
81769.088: [GC (Allocation Failure)  459834K->8762K(1125376K), 0.0037534 secs]
81769.535: [GC (Allocation Failure)  445498K->8762K(1112064K), 0.0212054 secs]
81769.979: [GC (Allocation Failure)  432186K->8762K(1099264K), 0.0030362 secs]
81770.386: [GC (Allocation Failure)  419386K->8730K(1086976K), 0.0030640 secs]
81770.796: [GC (Allocation Failure)  407066K->8730K(1075200K), 0.0030892 secs]
81771.343: [GC (Allocation Failure)  395290K->8762K(1063936K), 0.0030131 secs]
81771.716: [GC (Allocation Failure)  384058K->8730K(1053184K), 0.0030736 secs]
81772.082: [GC (Allocation Failure)  373274K->8762K(1042944K), 0.0025219 secs]
81772.438: [GC (Allocation Failure)  363066K->8762K(1032704K), 0.0040482 secs]
81772.781: [GC (Allocation Failure)  352826K->8762K(1022976K), 0.0032057 secs]
81773.114: [GC (Allocation Failure)  343098K->8762K(1013760K), 0.0030162 secs]
81773.436: [GC (Allocation Failure)  333882K->8762K(1005056K), 0.0044279 secs]
81773.757: [GC (Allocation Failure)  325178K->8762K(996352K), 0.0034229 secs]
81774.067: [GC (Allocation Failure)  316474K->8730K(1058304K), 0.0042294 secs]
81774.725: [GC (Allocation Failure)  378394K->8730K(1047552K), 0.0032550 secs]
81775.123: [GC (Allocation Failure)  367642K->8730K(1119744K), 0.0052382 secs]
81775.567: [GC (Allocation Failure)  439834K->8730K(1106432K), 0.0028612 secs]
81775.992: [GC (Allocation Failure)  426522K->8730K(1093632K), 0.0051502 secs]
81776.570: [GC (Allocation Failure)  413722K->8730K(1081344K), 0.0032499 secs]
81776.961: [GC (Allocation Failure)  401434K->8794K(1069568K), 0.0030708 secs]
81777.341: [GC (Allocation Failure)  389722K->8762K(1058304K), 0.0028613 secs]
81777.711: [GC (Allocation Failure)  378426K->8730K(1047552K), 0.0034362 secs]
81778.096: [GC (Allocation Failure)  367642K->8730K(1037312K), 0.0031938 secs]
81778.446: [GC (Allocation Failure)  357402K->8762K(1027584K), 0.0036479 secs]
81778.989: [GC (Allocation Failure)  347706K->8762K(1018368K), 0.0033898 secs]
81779.318: [GC (Allocation Failure)  338490K->8762K(1009152K), 0.0033238 secs]
81779.665: [GC (Allocation Failure)  329274K->8730K(1000448K), 0.0031438 secs]
81779.996: [GC (Allocation Failure)  320538K->8794K(992256K), 0.0037957 secs]
81780.297: [GC (Allocation Failure)  312410K->8730K(984064K), 0.0034307 secs]
81780.587: [GC (Allocation Failure)  304154K->8762K(1043456K), 0.0032539 secs]
81780.935: [GC (Allocation Failure)  363578K->8794K(1033216K), 0.0030248 secs]
81781.289: [GC (Allocation Failure)  353370K->8762K(1023488K), 0.0033258 secs]
81781.618: [GC (Allocation Failure)  343610K->8762K(1090560K), 0.0038709 secs]
81782.013: [GC (Allocation Failure)  410682K->8794K(1170944K), 0.0047169 secs]
81782.510: [GC (Allocation Failure)  491098K->8794K(1155584K), 0.0033733 secs]
81782.968: [GC (Allocation Failure)  475738K->8794K(1140736K), 0.0033173 secs]
81783.411: [GC (Allocation Failure)  460890K->8762K(1126400K), 0.0030925 secs]
81783.858: [GC (Allocation Failure)  446522K->8730K(1113088K), 0.0036561 secs]
81784.299: [GC (Allocation Failure)  433178K->8794K(1100288K), 0.0029290 secs]
81784.718: [GC (Allocation Failure)  420442K->8730K(1088000K), 0.0032216 secs]
81785.121: [GC (Allocation Failure)  408090K->8762K(1076224K), 0.0032661 secs]
81785.542: [GC (Allocation Failure)  396346K->8730K(1064960K), 0.0035003 secs]
81785.912: [GC (Allocation Failure)  385050K->8762K(1054208K), 0.0043164 secs]
81786.272: [GC (Allocation Failure)  374330K->8794K(1043968K), 0.0038613 secs]
81786.622: [GC (Allocation Failure)  364122K->8762K(1033728K), 0.0036849 secs]
81786.971: [GC (Allocation Failure)  353850K->8794K(1024000K), 0.0029672 secs]
81787.311: [GC (Allocation Failure)  344154K->8730K(1014784K), 0.0036864 secs]
81787.647: [GC (Allocation Failure)  334874K->8762K(1006080K), 0.0035863 secs]
81787.974: [GC (Allocation Failure)  326202K->8730K(1069568K), 0.0039844 secs]
81788.386: [GC (Allocation Failure)  389658K->8730K(1145856K), 0.0054118 secs]
81788.884: [GC (Allocation Failure)  465946K->8794K(1131520K), 0.0035239 secs]
81789.370: [GC (Allocation Failure)  451674K->8730K(1117696K), 0.0042776 secs]
81789.843: [GC (Allocation Failure)  437786K->8730K(1104384K), 0.0035030 secs]
81790.291: [GC (Allocation Failure)  424474K->8794K(1091584K), 0.0025377 secs]
81790.916: [GC (Allocation Failure)  411738K->8794K(1079808K), 0.0026383 secs]
81791.316: [GC (Allocation Failure)  399962K->8730K(1068032K), 0.0039101 secs]
81791.689: [GC (Allocation Failure)  388122K->8794K(1056768K), 0.0038943 secs]
81792.051: [GC (Allocation Failure)  376922K->8794K(1046016K), 0.0034928 secs]
81792.403: [GC (Allocation Failure)  366170K->8730K(1035776K), 0.0034650 secs]
81792.751: [GC (Allocation Failure)  355866K->8762K(1026048K), 0.0036057 secs]
81793.093: [GC (Allocation Failure)  346170K->8762K(1016832K), 0.0033447 secs]
81793.433: [GC (Allocation Failure)  336954K->8762K(1008128K), 0.0028575 secs]
81793.743: [GC (Allocation Failure)  328250K->8794K(1072128K), 0.0042173 secs]
81794.123: [GC (Allocation Failure)  392282K->8794K(1060864K), 0.0023939 secs]
81794.486: [GC (Allocation Failure)  381018K->8762K(1050112K), 0.0032484 secs]
81794.853: [GC (Allocation Failure)  370234K->8762K(1039872K), 0.0029158 secs]
81795.209: [GC (Allocation Failure)  359994K->8730K(1030144K), 0.0037399 secs]
81795.557: [GC (Allocation Failure)  350234K->8794K(1020928K), 0.0043019 secs]
81795.884: [GC (Allocation Failure)  341082K->8794K(1011712K), 0.0033543 secs]
81796.214: [GC (Allocation Failure)  331866K->8794K(1003008K), 0.0031176 secs]
81796.532: [GC (Allocation Failure)  323162K->8762K(994816K), 0.0028500 secs]
81796.835: [GC (Allocation Failure)  314938K->8730K(986624K), 0.0032162 secs]
81797.125: [GC (Allocation Failure)  306714K->8730K(1046528K), 0.0041874 secs]
81797.482: [GC (Allocation Failure)  366618K->8730K(1118208K), 0.0038622 secs]
81797.904: [GC (Allocation Failure)  438298K->8762K(1204224K), 0.0038372 secs]
81798.421: [GC (Allocation Failure)  524346K->8730K(1187328K), 0.0037174 secs]
81798.938: [GC (Allocation Failure)  507418K->8730K(1170944K), 0.0031449 secs]
81799.415: [GC (Allocation Failure)  491034K->8730K(1155584K), 0.0041163 secs]
81799.890: [GC (Allocation Failure)  475674K->8794K(1140736K), 0.0029248 secs]
81800.334: [GC (Allocation Failure)  460890K->8762K(1126400K), 0.0035903 secs]
81800.769: [GC (Allocation Failure)  446522K->8730K(1113088K), 0.0035829 secs]
81801.230: [GC (Allocation Failure)  433178K->8730K(1100288K), 0.0039299 secs]
81801.633: [GC (Allocation Failure)  420378K->8762K(1182720K), 0.0077615 secs]
81802.131: [GC (Allocation Failure)  502842K->8794K(1281536K), 0.0041779 secs]
81802.713: [GC (Allocation Failure)  601690K->8762K(1261056K), 0.0040336 secs]
81803.328: [GC (Allocation Failure)  581178K->8730K(1241600K), 0.0046437 secs]
81803.914: [GC (Allocation Failure)  561690K->8730K(1223168K), 0.0031958 secs]
81804.465: [GC (Allocation Failure)  543258K->8730K(1205248K), 0.0039321 secs]
81804.985: [GC (Allocation Failure)  525338K->8762K(1188352K), 0.0034224 secs]
81805.479: [GC (Allocation Failure)  508474K->8794K(1171968K), 0.0029609 secs]
81805.998: [GC (Allocation Failure)  492122K->8730K(1156608K), 0.0033255 secs]
81806.687: [GC (Allocation Failure)  476698K->8762K(1141760K), 0.0033574 secs]
81807.136: [GC (Allocation Failure)  461882K->8762K(1127424K), 0.0033273 secs]
81807.571: [GC (Allocation Failure)  447546K->8762K(1114112K), 0.0029823 secs]
81807.988: [GC (Allocation Failure)  434234K->8730K(1101312K), 0.0033620 secs]
81808.412: [GC (Allocation Failure)  421402K->8762K(1089024K), 0.0031459 secs]
81808.837: [GC (Allocation Failure)  409146K->8762K(1077248K), 0.0035072 secs]
81809.242: [GC (Allocation Failure)  397370K->8794K(1065984K), 0.0028347 secs]
81809.621: [GC (Allocation Failure)  386138K->8730K(1055232K), 0.0030488 secs]
81810.000: [GC (Allocation Failure)  375322K->8794K(1044480K), 0.0033280 secs]
81810.391: [GC (Allocation Failure)  364634K->8730K(1034240K), 0.0033352 secs]
81810.773: [GC (Allocation Failure)  354330K->8794K(1024512K), 0.0032444 secs]
81811.128: [GC (Allocation Failure)  344666K->8762K(1015296K), 0.0033677 secs]
81811.616: [GC (Allocation Failure)  335418K->8762K(1006592K), 0.0044111 secs]
81811.930: [GC (Allocation Failure)  326714K->8794K(997888K), 0.0036438 secs]
81812.240: [GC (Allocation Failure)  318042K->8730K(989696K), 0.0034360 secs]
81812.552: [GC (Allocation Failure)  309786K->8762K(982016K), 0.0033526 secs]
81812.844: [GC (Allocation Failure)  302138K->8794K(974336K), 0.0029923 secs]
81813.146: [GC (Allocation Failure)  294490K->8762K(967168K), 0.0033343 secs]
81813.420: [GC (Allocation Failure)  287290K->8730K(1022976K), 0.0029659 secs]
81813.779: [GC (Allocation Failure)  343066K->8730K(1013760K), 0.0035463 secs]
81814.128: [GC (Allocation Failure)  333850K->8730K(1078784K), 0.0037720 secs]
81814.530: [GC (Allocation Failure)  398874K->8762K(1157120K), 0.0047544 secs]
81815.032: [GC (Allocation Failure)  477242K->8794K(1142272K), 0.0031272 secs]
81815.479: [GC (Allocation Failure)  462426K->8762K(1127936K), 0.0032140 secs]
81815.911: [GC (Allocation Failure)  448058K->8730K(1114112K), 0.0034440 secs]
81816.335: [GC (Allocation Failure)  434202K->8826K(1101312K), 0.0035769 secs]
81816.775: [GC (Allocation Failure)  421498K->8762K(1089024K), 0.0029911 secs]
81817.188: [GC (Allocation Failure)  409146K->8762K(1077248K), 0.0031816 secs]
81817.694: [GC (Allocation Failure)  397370K->8730K(1065984K), 0.0030581 secs]
81818.071: [GC (Allocation Failure)  386074K->8762K(1055232K), 0.0033265 secs]
81818.505: [GC (Allocation Failure)  375354K->8762K(1044480K), 0.0030444 secs]
81818.954: [GC (Allocation Failure)  364602K->8762K(1034240K), 0.0035770 secs]
81819.300: [GC (Allocation Failure)  354362K->8730K(1024512K), 0.0037572 secs]
81819.673: [GC (Allocation Failure)  344602K->8762K(1015296K), 0.0033777 secs]
81820.007: [GC (Allocation Failure)  335418K->8762K(1006592K), 0.0037904 secs]
81820.322: [GC (Allocation Failure)  326714K->8762K(1070592K), 0.0043933 secs]
81820.705: [GC (Allocation Failure)  390714K->8762K(1059328K), 0.0036781 secs]
81821.150: [GC (Allocation Failure)  379450K->8794K(1048576K), 0.0030966 secs]
81821.510: [GC (Allocation Failure)  368730K->8730K(1038336K), 0.0033777 secs]
81821.889: [GC (Allocation Failure)  358426K->8698K(1028608K), 0.0037458 secs]
81822.230: [GC (Allocation Failure)  348666K->8794K(1019392K), 0.0035444 secs]
81822.562: [GC (Allocation Failure)  339546K->8794K(1010176K), 0.0029199 secs]
81822.885: [GC (Allocation Failure)  330330K->8730K(1001472K), 0.0031547 secs]
81823.201: [GC (Allocation Failure)  321562K->8762K(993280K), 0.0035658 secs]
81823.514: [GC (Allocation Failure)  313402K->8762K(1054208K), 0.0038520 secs]
81823.882: [GC (Allocation Failure)  374330K->8730K(1043968K), 0.0031344 secs]
81824.242: [GC (Allocation Failure)  364058K->8762K(1033728K), 0.0034344 secs]
81824.609: [GC (Allocation Failure)  353850K->8762K(1024000K), 0.0036767 secs]
81824.950: [GC (Allocation Failure)  344122K->8826K(1014784K), 0.0033362 secs]
81825.286: [GC (Allocation Failure)  334970K->8730K(1006080K), 0.0031427 secs]
81825.618: [GC (Allocation Failure)  326170K->8730K(1069568K), 0.0043990 secs]
81826.006: [GC (Allocation Failure)  389658K->8730K(1145856K), 0.0038520 secs]
81826.467: [GC (Allocation Failure)  465946K->8762K(1131520K), 0.0038549 secs]
81826.907: [GC (Allocation Failure)  451642K->8762K(1117696K), 0.0035052 secs]
81827.328: [GC (Allocation Failure)  437818K->8762K(1104384K), 0.0042300 secs]
81827.750: [GC (Allocation Failure)  424506K->8762K(1091584K), 0.0033536 secs]
81828.156: [GC (Allocation Failure)  411706K->8762K(1079808K), 0.0031495 secs]
81828.548: [GC (Allocation Failure)  399930K->8794K(1068032K), 0.0032654 secs]
81828.930: [GC (Allocation Failure)  388186K->8730K(1056768K), 0.0033307 secs]
81829.303: [GC (Allocation Failure)  376858K->8794K(1046016K), 0.0031888 secs]
81829.854: [GC (Allocation Failure)  366170K->8762K(1035776K), 0.0030439 secs]
81830.196: [GC (Allocation Failure)  355898K->8762K(1026048K), 0.0027722 secs]
81830.531: [GC (Allocation Failure)  346170K->8762K(1016832K), 0.0031673 secs]
81830.981: [GC (Allocation Failure)  336954K->8698K(1008128K), 0.0033302 secs]
81831.292: [GC (Allocation Failure)  328186K->8762K(999424K), 0.0031639 secs]
81831.593: [GC (Allocation Failure)  319546K->8762K(991232K), 0.0030295 secs]
81831.920: [GC (Allocation Failure)  311354K->8730K(983552K), 0.0036320 secs]
81832.379: [GC (Allocation Failure)  303642K->8762K(975872K), 0.0032877 secs]
81832.658: [GC (Allocation Failure)  295994K->8762K(968704K), 0.0034014 secs]
81832.957: [GC (Allocation Failure)  288826K->8762K(1025024K), 0.0037074 secs]
81833.316: [GC (Allocation Failure)  345146K->8730K(1015808K), 0.0033174 secs]
81833.807: [GC (Allocation Failure)  335898K->8730K(1007104K), 0.0039364 secs]
81834.119: [GC (Allocation Failure)  327194K->8762K(998400K), 0.0035074 secs]
81834.419: [GC (Allocation Failure)  318522K->8762K(990208K), 0.0031177 secs]
81834.712: [GC (Allocation Failure)  310330K->8762K(1050624K), 0.0032836 secs]
81835.064: [GC (Allocation Failure)  370746K->8698K(1040384K), 0.0029772 secs]
81835.407: [GC (Allocation Failure)  360442K->8762K(1030656K), 0.0027970 secs]
81835.769: [GC (Allocation Failure)  350778K->8762K(1020928K), 0.0031363 secs]
81836.123: [GC (Allocation Failure)  341050K->8762K(1011712K), 0.0033021 secs]
81836.468: [GC (Allocation Failure)  331834K->8730K(1003008K), 0.0036072 secs]
81836.791: [GC (Allocation Failure)  323098K->8762K(994816K), 0.2281635 secs]
81837.324: [GC (Allocation Failure)  314938K->8762K(986624K), 0.0036196 secs]
81837.614: [GC (Allocation Failure)  306746K->8730K(978944K), 0.0029257 secs]
81837.897: [GC (Allocation Failure)  299034K->8762K(1037312K), 0.0037604 secs]
81838.236: [GC (Allocation Failure)  357434K->8762K(1107456K), 0.0040741 secs]
81838.650: [GC (Allocation Failure)  427578K->8794K(1191424K), 0.0038628 secs]
81839.404: [GC (Allocation Failure)  511578K->8762K(1175040K), 0.0038629 secs]
81839.878: [GC (Allocation Failure)  495162K->8762K(1159168K), 0.0040718 secs]
81840.359: [GC (Allocation Failure)  479290K->8794K(1144320K), 0.0045534 secs]
81840.852: [GC (Allocation Failure)  464474K->8762K(1129984K), 0.0036791 secs]
81841.306: [GC (Allocation Failure)  450106K->8730K(1116160K), 0.0045821 secs]
81841.747: [GC (Allocation Failure)  436250K->8730K(1102848K), 0.0040871 secs]
81842.279: [GC (Allocation Failure)  422938K->8762K(1090560K), 0.0047109 secs]
81842.696: [GC (Allocation Failure)  410682K->8730K(1078784K), 0.0032030 secs]
81843.107: [GC (Allocation Failure)  398874K->8794K(1067520K), 0.0039837 secs]
81843.484: [GC (Allocation Failure)  387674K->8762K(1056256K), 0.0032421 secs]
81843.846: [GC (Allocation Failure)  376378K->8762K(1045504K), 0.0036083 secs]
81844.260: [GC (Allocation Failure)  365626K->8730K(1035264K), 0.0037949 secs]
81844.600: [GC (Allocation Failure)  355354K->8794K(1025536K), 0.0035332 secs]
81844.925: [GC (Allocation Failure)  345690K->8762K(1016320K), 0.0034040 secs]
81845.245: [GC (Allocation Failure)  336442K->8730K(1081856K), 0.0042981 secs]
81845.639: [GC (Allocation Failure)  401946K->8730K(1070080K), 0.0034002 secs]
81846.018: [GC (Allocation Failure)  390170K->8762K(1058816K), 0.0029751 secs]
81846.406: [GC (Allocation Failure)  378938K->8762K(1048064K), 0.0030423 secs]
81846.757: [GC (Allocation Failure)  368186K->8794K(1037824K), 0.0028814 secs]
81847.120: [GC (Allocation Failure)  357978K->8730K(1028096K), 0.0032617 secs]
81847.454: [GC (Allocation Failure)  348186K->8794K(1018880K), 0.0027926 secs]
81847.791: [GC (Allocation Failure)  339034K->8762K(1009664K), 0.0032605 secs]
81848.106: [GC (Allocation Failure)  329786K->8762K(1000960K), 0.0028018 secs]
81848.412: [GC (Allocation Failure)  321082K->8762K(992768K), 0.0038863 secs]
81848.718: [GC (Allocation Failure)  312890K->8762K(984576K), 0.0031593 secs]
81849.009: [GC (Allocation Failure)  304698K->8762K(976896K), 0.0032261 secs]
81849.432: [GC (Allocation Failure)  297018K->8762K(969728K), 0.0038048 secs]
81849.714: [GC (Allocation Failure)  289850K->8730K(1026048K), 0.0037042 secs]
81850.053: [GC (Allocation Failure)  346138K->8794K(1093632K), 0.0034253 secs]
81850.461: [GC (Allocation Failure)  413786K->8730K(1081344K), 0.0036712 secs]
81850.859: [GC (Allocation Failure)  401434K->8762K(1069568K), 0.0032818 secs]
81851.389: [GC (Allocation Failure)  389690K->8730K(1058304K), 0.0040998 secs]
81851.753: [GC (Allocation Failure)  378394K->8762K(1047552K), 0.0029183 secs]
81852.101: [GC (Allocation Failure)  367674K->8794K(1037312K), 0.0033346 secs]
81852.439: [GC (Allocation Failure)  357466K->8730K(1027584K), 0.0035374 secs]
81852.792: [GC (Allocation Failure)  347674K->8794K(1018368K), 0.0031024 secs]
81853.130: [GC (Allocation Failure)  338522K->8730K(1009152K), 0.0027792 secs]
81853.469: [GC (Allocation Failure)  329242K->8730K(1000448K), 0.0029523 secs]
81853.779: [GC (Allocation Failure)  320538K->8762K(992256K), 0.0033154 secs]
81854.355: [GC (Allocation Failure)  312378K->8730K(984064K), 0.0034657 secs]
81854.644: [GC (Allocation Failure)  304154K->8762K(976384K), 0.0032809 secs]
81854.938: [GC (Allocation Failure)  296506K->8730K(969216K), 0.0035395 secs]
81855.212: [GC (Allocation Failure)  289306K->8762K(1025536K), 0.0035850 secs]
81855.539: [GC (Allocation Failure)  345658K->8762K(1093120K), 0.0036046 secs]
81855.956: [GC (Allocation Failure)  413242K->8762K(1080832K), 0.0033711 secs]
81856.357: [GC (Allocation Failure)  400954K->8762K(1159680K), 0.0042750 secs]
81856.842: [GC (Allocation Failure)  479802K->8762K(1144832K), 0.0040364 secs]
81857.301: [GC (Allocation Failure)  464954K->8730K(1130496K), 0.0039643 secs]
81857.743: [GC (Allocation Failure)  450586K->8762K(1116672K), 0.0032654 secs]
81858.180: [GC (Allocation Failure)  436794K->8762K(1103360K), 0.0030741 secs]
81858.600: [GC (Allocation Failure)  423482K->8730K(1091072K), 0.0028605 secs]
81859.008: [GC (Allocation Failure)  411162K->8762K(1079296K), 0.0029935 secs]
81859.402: [GC (Allocation Failure)  399418K->8762K(1068032K), 0.0029376 secs]
81859.783: [GC (Allocation Failure)  388154K->8730K(1056768K), 0.0033460 secs]
81860.155: [GC (Allocation Failure)  376858K->8762K(1046016K), 0.0032076 secs]
81860.524: [GC (Allocation Failure)  366138K->8794K(1035776K), 0.0041745 secs]
81860.882: [GC (Allocation Failure)  355930K->8730K(1026048K), 0.0040081 secs]
81861.228: [GC (Allocation Failure)  346138K->8762K(1016832K), 0.0035191 secs]
81861.559: [GC (Allocation Failure)  336954K->8762K(1008128K), 0.0036766 secs]
81861.876: [GC (Allocation Failure)  328250K->8762K(1072128K), 0.0038829 secs]
81862.258: [GC (Allocation Failure)  392250K->8762K(1148928K), 0.0041346 secs]
81862.725: [GC (Allocation Failure)  469050K->8730K(1134592K), 0.0032614 secs]
81863.186: [GC (Allocation Failure)  454682K->8794K(1120768K), 0.0027684 secs]
81863.647: [GC (Allocation Failure)  440922K->8730K(1107456K), 0.0033663 secs]
81864.065: [GC (Allocation Failure)  427546K->8794K(1094656K), 0.0027782 secs]
81864.468: [GC (Allocation Failure)  414810K->8762K(1082368K), 0.0036142 secs]
81864.864: [GC (Allocation Failure)  402490K->8794K(1070592K), 0.0031113 secs]
81865.249: [GC (Allocation Failure)  390746K->8794K(1059328K), 0.0033990 secs]
81865.629: [GC (Allocation Failure)  379482K->8762K(1048576K), 0.0029292 secs]
81866.005: [GC (Allocation Failure)  368698K->8794K(1038336K), 0.0029350 secs]
81866.379: [GC (Allocation Failure)  358490K->8794K(1028608K), 0.0030646 secs]
81866.743: [GC (Allocation Failure)  348762K->8762K(1019392K), 0.0033145 secs]
81867.097: [GC (Allocation Failure)  339514K->8730K(1010176K), 0.0037843 secs]
81867.442: [GC (Allocation Failure)  330266K->8730K(1001472K), 0.0035353 secs]
81867.772: [GC (Allocation Failure)  321562K->8762K(993280K), 0.0027133 secs]
81868.090: [GC (Allocation Failure)  313402K->8762K(985088K), 0.0035883 secs]
81868.400: [GC (Allocation Failure)  305210K->8762K(977408K), 0.0038176 secs]
81868.740: [GC (Allocation Failure)  297530K->8762K(970240K), 0.0030131 secs]
81869.038: [GC (Allocation Failure)  290362K->8730K(1026560K), 0.0044174 secs]
81869.550: [GC (Allocation Failure)  346650K->8794K(1017344K), 0.0029678 secs]
81869.883: [GC (Allocation Failure)  337498K->8762K(1008640K), 0.0031467 secs]
81870.210: [GC (Allocation Failure)  328762K->8762K(1072640K), 0.0040028 secs]
81870.597: [GC (Allocation Failure)  392762K->8762K(1061376K), 0.0035172 secs]
81870.974: [GC (Allocation Failure)  381498K->8762K(1050624K), 0.0034090 secs]
81871.340: [GC (Allocation Failure)  370746K->8762K(1040384K), 0.0027434 secs]
81871.730: [GC (Allocation Failure)  360506K->8730K(1030656K), 0.0034558 secs]
81872.102: [GC (Allocation Failure)  350746K->8794K(1020928K), 0.0042945 secs]
81872.604: [GC (Allocation Failure)  341082K->8730K(1087488K), 0.0108575 secs]
81873.035: [GC (Allocation Failure)  407578K->8762K(1167360K), 0.0036046 secs]
81873.526: [GC (Allocation Failure)  487482K->8730K(1263104K), 0.0202337 secs]
81874.142: [GC (Allocation Failure)  583194K->8826K(1243648K), 0.0044545 secs]
81874.719: [GC (Allocation Failure)  563834K->8794K(1225216K), 0.0029644 secs]
81875.324: [GC (Allocation Failure)  545370K->8762K(1207296K), 0.0033263 secs]
81875.896: [GC (Allocation Failure)  527418K->8794K(1190400K), 0.0042647 secs]
81876.433: [GC (Allocation Failure)  510554K->8762K(1174016K), 0.0030296 secs]
81876.936: [GC (Allocation Failure)  494138K->8762K(1158656K), 0.0040263 secs]
81877.443: [GC (Allocation Failure)  478778K->8762K(1143808K), 0.0047011 secs]
81877.917: [GC (Allocation Failure)  463930K->8698K(1129472K), 0.0035249 secs]
81878.415: [GC (Allocation Failure)  449530K->8730K(1115648K), 0.0047019 secs]
81878.859: [GC (Allocation Failure)  435738K->8730K(1102848K), 0.0040674 secs]
81879.321: [GC (Allocation Failure)  422938K->8794K(1090560K), 0.0037392 secs]
81879.732: [GC (Allocation Failure)  410714K->8762K(1078784K), 0.0032872 secs]
81880.131: [GC (Allocation Failure)  398906K->8730K(1067520K), 0.0033920 secs]
81880.662: [GC (Allocation Failure)  387610K->8762K(1056256K), 0.0032923 secs]
81881.055: [GC (Allocation Failure)  376378K->8762K(1045504K), 0.0033076 secs]
81881.416: [GC (Allocation Failure)  365626K->8730K(1035264K), 0.0033523 secs]
81881.805: [GC (Allocation Failure)  355354K->8794K(1025536K), 0.0042159 secs]
81882.185: [GC (Allocation Failure)  345690K->8730K(1016320K), 0.0031386 secs]
81882.559: [GC (Allocation Failure)  336410K->8762K(1007616K), 0.0030907 secs]
81883.081: [GC (Allocation Failure)  327738K->8794K(998912K), 0.0042727 secs]
81883.394: [GC (Allocation Failure)  319066K->8794K(1061376K), 0.0057478 secs]
81883.777: [GC (Allocation Failure)  381530K->8762K(1050624K), 0.0029910 secs]
81884.153: [GC (Allocation Failure)  370746K->8762K(1040384K), 0.0028849 secs]
81884.509: [GC (Allocation Failure)  360506K->8730K(1030656K), 0.0034671 secs]
81884.850: [GC (Allocation Failure)  350746K->8762K(1020928K), 0.0038377 secs]
81885.182: [GC (Allocation Failure)  341050K->8762K(1087488K), 0.0041361 secs]
81885.608: [GC (Allocation Failure)  407610K->8762K(1167360K), 0.0041233 secs]
81886.113: [GC (Allocation Failure)  487482K->8794K(1152000K), 0.0034976 secs]
81886.582: [GC (Allocation Failure)  472154K->8762K(1137152K), 0.0038716 secs]
81887.027: [GC (Allocation Failure)  457274K->8794K(1123328K), 0.0031551 secs]
81887.458: [GC (Allocation Failure)  443482K->8762K(1110016K), 0.0040778 secs]
81887.903: [GC (Allocation Failure)  430138K->8794K(1097216K), 0.0036485 secs]
81888.310: [GC (Allocation Failure)  417370K->8730K(1084928K), 0.0032800 secs]
81888.725: [GC (Allocation Failure)  405018K->8730K(1073152K), 0.0032978 secs]
81889.111: [GC (Allocation Failure)  393242K->8762K(1061888K), 0.0043108 secs]
81889.485: [GC (Allocation Failure)  382010K->8762K(1051136K), 0.0031865 secs]
81889.865: [GC (Allocation Failure)  371258K->8762K(1040896K), 0.0048472 secs]
81890.224: [GC (Allocation Failure)  361018K->8762K(1031168K), 0.0027269 secs]
81890.593: [GC (Allocation Failure)  351290K->8794K(1021440K), 0.0029999 secs]
81890.939: [GC (Allocation Failure)  341594K->8730K(1012224K), 0.0030748 secs]
81891.276: [GC (Allocation Failure)  332314K->8794K(1003520K), 0.0035182 secs]
81891.624: [GC (Allocation Failure)  323674K->8698K(995328K), 0.0032505 secs]
81891.959: [GC (Allocation Failure)  315386K->8730K(987136K), 0.0029583 secs]
81892.279: [GC (Allocation Failure)  307226K->8730K(979456K), 0.0032389 secs]
81892.590: [GC (Allocation Failure)  299546K->8794K(1037824K), 0.0043997 secs]
81892.969: [GC (Allocation Failure)  357978K->8794K(1028096K), 0.0032634 secs]
81893.431: [GC (Allocation Failure)  348250K->8762K(1018880K), 0.0042595 secs]
81893.752: [GC (Allocation Failure)  339002K->8762K(1009664K), 0.0035916 secs]
81894.135: [GC (Allocation Failure)  329786K->8730K(1000960K), 0.0031974 secs]
81894.582: [GC (Allocation Failure)  321050K->8794K(992768K), 0.0038386 secs]
81894.906: [GC (Allocation Failure)  312922K->8730K(984576K), 0.0035332 secs]
81895.197: [GC (Allocation Failure)  304666K->8762K(976896K), 0.0032645 secs]
81895.477: [GC (Allocation Failure)  297018K->8762K(1034752K), 0.0034842 secs]
81895.812: [GC (Allocation Failure)  354874K->8762K(1104384K), 0.0048480 secs]
81896.222: [GC (Allocation Failure)  424506K->8762K(1187840K), 0.0030971 secs]
81896.759: [GC (Allocation Failure)  507962K->8762K(1171456K), 0.0040985 secs]
81897.448: [GC (Allocation Failure)  491578K->8730K(1156096K), 0.0035830 secs]
81897.929: [GC (Allocation Failure)  476186K->8794K(1141248K), 0.0031338 secs]
81898.498: [GC (Allocation Failure)  461402K->8730K(1126912K), 0.0039050 secs]
81898.925: [GC (Allocation Failure)  447002K->8762K(1113600K), 0.0042882 secs]
81899.378: [GC (Allocation Failure)  433722K->8794K(1100800K), 0.0038774 secs]
81899.821: [GC (Allocation Failure)  420954K->8794K(1088512K), 0.0036177 secs]
81900.351: [GC (Allocation Failure)  408666K->8762K(1076736K), 0.0039794 secs]
81900.723: [GC (Allocation Failure)  396858K->8794K(1065472K), 0.0030049 secs]
81901.084: [GC (Allocation Failure)  385626K->8730K(1054720K), 0.0031448 secs]
81901.436: [GC (Allocation Failure)  374810K->8762K(1044480K), 0.0033800 secs]
81901.781: [GC (Allocation Failure)  364602K->8762K(1034240K), 0.0037591 secs]
81902.142: [GC (Allocation Failure)  354362K->8762K(1024512K), 0.0039122 secs]
81902.501: [GC (Allocation Failure)  344634K->8730K(1015296K), 0.0037165 secs]
81902.844: [GC (Allocation Failure)  335386K->8762K(1080832K), 0.0041866 secs]
81903.229: [GC (Allocation Failure)  400954K->8762K(1069056K), 0.0034751 secs]
81903.598: [GC (Allocation Failure)  389178K->8730K(1057792K), 0.0038472 secs]
81903.957: [GC (Allocation Failure)  377882K->8730K(1047040K), 0.0031180 secs]
81904.304: [GC (Allocation Failure)  367130K->8730K(1036800K), 0.0037438 secs]
81904.642: [GC (Allocation Failure)  356890K->8730K(1027072K), 0.0035172 secs]
81904.970: [GC (Allocation Failure)  347162K->8730K(1095168K), 0.0035043 secs]
81905.373: [GC (Allocation Failure)  415258K->8762K(1082880K), 0.0039078 secs]
81905.779: [GC (Allocation Failure)  403002K->8730K(1071104K), 0.0039720 secs]
81906.155: [GC (Allocation Failure)  391194K->8794K(1059840K), 0.0039562 secs]
81906.515: [GC (Allocation Failure)  379994K->8762K(1049088K), 0.0033863 secs]
81906.864: [GC (Allocation Failure)  369210K->8730K(1038848K), 0.0032657 secs]
81907.204: [GC (Allocation Failure)  358938K->8762K(1029120K), 0.0034966 secs]
81907.534: [GC (Allocation Failure)  349242K->8794K(1097216K), 0.0047065 secs]
81907.937: [GC (Allocation Failure)  417370K->8730K(1179136K), 0.0034116 secs]
81908.443: [GC (Allocation Failure)  499226K->8794K(1163264K), 0.0041172 secs]
81908.907: [GC (Allocation Failure)  483418K->8794K(1147904K), 0.0032830 secs]
81909.395: [GC (Allocation Failure)  468058K->8794K(1133568K), 0.0026311 secs]
81909.827: [GC (Allocation Failure)  453722K->8762K(1119744K), 0.0031443 secs]
81910.246: [GC (Allocation Failure)  439866K->8730K(1106432K), 0.0049845 secs]
81910.798: [GC (Allocation Failure)  426522K->8730K(1093632K), 0.0032466 secs]
81911.191: [GC (Allocation Failure)  413722K->8762K(1081344K), 0.0038297 secs]
81911.574: [GC (Allocation Failure)  401466K->8762K(1069568K), 0.0038198 secs]
81912.070: [GC (Allocation Failure)  389690K->8762K(1058304K), 0.0041450 secs]
81912.445: [GC (Allocation Failure)  378426K->8794K(1047552K), 0.0031710 secs]
81912.839: [GC (Allocation Failure)  367706K->8762K(1037312K), 0.0033553 secs]
81913.222: [GC (Allocation Failure)  357434K->8762K(1027584K), 0.0046476 secs]
81913.571: [GC (Allocation Failure)  347706K->8794K(1018368K), 0.0041214 secs]
81914.034: [GC (Allocation Failure)  338522K->8730K(1009152K), 0.0042168 secs]
81914.357: [GC (Allocation Failure)  329242K->8730K(1000448K), 0.0033269 secs]
81914.747: [GC (Allocation Failure)  320538K->8730K(1062912K), 0.0043049 secs]
81915.126: [GC (Allocation Failure)  383002K->8762K(1052160K), 0.0033926 secs]
81915.490: [GC (Allocation Failure)  372282K->8826K(1041920K), 0.0027794 secs]
81915.912: [GC (Allocation Failure)  362106K->8794K(1032192K), 0.0041682 secs]
81916.272: [GC (Allocation Failure)  352346K->8762K(1022464K), 0.0044245 secs]
81916.761: [GC (Allocation Failure)  342586K->8762K(1013248K), 0.0032068 secs]
81917.271: [GC (Allocation Failure)  333370K->8762K(1004544K), 0.0035718 secs]
81917.592: [GC (Allocation Failure)  324666K->8762K(1068032K), 0.0049173 secs]
81917.980: [GC (Allocation Failure)  388154K->8762K(1144320K), 0.0040013 secs]
81918.430: [GC (Allocation Failure)  464442K->8794K(1129984K), 0.0037653 secs]
81918.885: [GC (Allocation Failure)  450138K->8730K(1116160K), 0.0045242 secs]
81919.329: [GC (Allocation Failure)  436250K->8730K(1102848K), 0.0028519 secs]
81919.740: [GC (Allocation Failure)  422938K->8730K(1090560K), 0.0043215 secs]
81920.142: [GC (Allocation Failure)  410650K->8730K(1078784K), 0.0037649 secs]
81920.525: [GC (Allocation Failure)  398874K->8762K(1157120K), 0.0065648 secs]
81921.013: [GC (Allocation Failure)  477242K->8762K(1250816K), 0.0039452 secs]
81921.607: [GC (Allocation Failure)  570938K->8762K(1231872K), 0.0033151 secs]
81922.149: [GC (Allocation Failure)  551994K->8730K(1213952K), 0.0032904 secs]
81922.679: [GC (Allocation Failure)  534042K->8762K(1196544K), 0.0044878 secs]
81923.383: [GC (Allocation Failure)  516666K->8794K(1180160K), 0.0034035 secs]
81923.887: [GC (Allocation Failure)  500314K->8762K(1164288K), 0.0048038 secs]
81924.360: [GC (Allocation Failure)  484410K->8762K(1148928K), 0.0038024 secs]
81924.822: [GC (Allocation Failure)  469050K->8762K(1134592K), 0.0028421 secs]
81925.396: [GC (Allocation Failure)  454714K->8762K(1120768K), 0.0035236 secs]
81925.829: [GC (Allocation Failure)  440890K->8730K(1107456K), 0.0033172 secs]
81926.255: [GC (Allocation Failure)  427546K->8762K(1094656K), 0.0035518 secs]
81926.671: [GC (Allocation Failure)  414778K->8762K(1082368K), 0.0034804 secs]
81927.096: [GC (Allocation Failure)  402490K->8762K(1070592K), 0.0031419 secs]
81927.485: [GC (Allocation Failure)  390714K->8730K(1059328K), 0.0031072 secs]
81927.855: [GC (Allocation Failure)  379418K->8762K(1048576K), 0.0030832 secs]
81928.247: [GC (Allocation Failure)  368698K->8762K(1038336K), 0.0034005 secs]
81928.614: [GC (Allocation Failure)  358458K->8762K(1028608K), 0.0032250 secs]
81928.974: [GC (Allocation Failure)  348730K->8730K(1019392K), 0.0033399 secs]
81929.445: [GC (Allocation Failure)  339482K->8794K(1010176K), 0.0030177 secs]
81929.768: [GC (Allocation Failure)  330330K->8794K(1001472K), 0.0032125 secs]
81930.121: [GC (Allocation Failure)  321626K->8794K(993280K), 0.0035289 secs]
81930.457: [GC (Allocation Failure)  313434K->8762K(985088K), 0.0035247 secs]
81930.953: [GC (Allocation Failure)  305210K->8762K(977408K), 0.0030406 secs]
81931.265: [GC (Allocation Failure)  297530K->8762K(970240K), 0.0030552 secs]
81931.549: [GC (Allocation Failure)  290362K->8762K(963072K), 0.0027530 secs]
81931.827: [GC (Allocation Failure)  283194K->8794K(956416K), 0.0032296 secs]
81932.096: [GC (Allocation Failure)  276570K->8762K(1010176K), 0.0035654 secs]
81932.419: [GC (Allocation Failure)  330298K->8730K(1074688K), 0.0032305 secs]
81932.832: [GC (Allocation Failure)  394778K->8730K(1063424K), 0.0033530 secs]
81933.233: [GC (Allocation Failure)  383514K->8762K(1052672K), 0.0032887 secs]
81933.599: [GC (Allocation Failure)  372794K->8794K(1042432K), 0.0043304 secs]
81933.981: [GC (Allocation Failure)  362586K->8730K(1032704K), 0.0033188 secs]
81934.332: [GC (Allocation Failure)  352794K->8762K(1022976K), 0.0028778 secs]
81934.667: [GC (Allocation Failure)  343098K->8730K(1013760K), 0.0031107 secs]
81935.121: [GC (Allocation Failure)  333850K->8762K(1005056K), 0.0030057 secs]
81935.428: [GC (Allocation Failure)  325178K->8794K(996352K), 0.0032450 secs]
81935.727: [GC (Allocation Failure)  316506K->8762K(988160K), 0.0031990 secs]
81936.033: [GC (Allocation Failure)  308282K->8762K(980480K), 0.0031006 secs]
81936.509: [GC (Allocation Failure)  300602K->8762K(972800K), 0.0043558 secs]
81936.787: [GC (Allocation Failure)  292922K->8762K(965632K), 0.0032448 secs]
81937.056: [GC (Allocation Failure)  285754K->8730K(1021440K), 0.0039634 secs]
81937.380: [GC (Allocation Failure)  341530K->8730K(1088000K), 0.0035584 secs]
81937.815: [GC (Allocation Failure)  408090K->8794K(1167872K), 0.0036355 secs]
81938.305: [GC (Allocation Failure)  488026K->8730K(1152512K), 0.0031290 secs]
81938.756: [GC (Allocation Failure)  472602K->8794K(1137664K), 0.0029186 secs]
81939.207: [GC (Allocation Failure)  457818K->8762K(1123840K), 0.0046846 secs]
81939.631: [GC (Allocation Failure)  443962K->8762K(1110528K), 0.0036614 secs]
81940.057: [GC (Allocation Failure)  430650K->8730K(1097728K), 0.0027626 secs]
81940.458: [GC (Allocation Failure)  417818K->8730K(1085440K), 0.0042392 secs]
81940.846: [GC (Allocation Failure)  405530K->8762K(1073664K), 0.0038882 secs]
81941.221: [GC (Allocation Failure)  393786K->8730K(1062400K), 0.0036616 secs]
81941.608: [GC (Allocation Failure)  382490K->8730K(1051648K), 0.0039105 secs]
81942.091: [GC (Allocation Failure)  371738K->8826K(1041408K), 0.0031209 secs]
81942.443: [GC (Allocation Failure)  361594K->8762K(1031680K), 0.0035037 secs]
81942.779: [GC (Allocation Failure)  351802K->8730K(1021952K), 0.0033899 secs]
81943.114: [GC (Allocation Failure)  342042K->8730K(1012736K), 0.0031848 secs]
81943.432: [GC (Allocation Failure)  332826K->8794K(1004032K), 0.0029591 secs]
81943.740: [GC (Allocation Failure)  324186K->8762K(995840K), 0.0033120 secs]
81944.257: [GC (Allocation Failure)  315962K->8762K(987648K), 0.0030766 secs]
81944.566: [GC (Allocation Failure)  307770K->8794K(979968K), 0.0032601 secs]
81944.852: [GC (Allocation Failure)  300122K->8762K(972288K), 0.0032151 secs]
81945.266: [GC (Allocation Failure)  292410K->8730K(965120K), 0.0038084 secs]
81945.551: [GC (Allocation Failure)  285210K->8730K(958464K), 0.0033480 secs]
81945.823: [GC (Allocation Failure)  278554K->8762K(951808K), 0.0030811 secs]
81946.121: [GC (Allocation Failure)  271930K->8794K(945664K), 0.0028224 secs]
81946.373: [GC (Allocation Failure)  265818K->8762K(997376K), 0.0038017 secs]
81946.679: [GC (Allocation Failure)  317498K->8762K(1059328K), 0.0033297 secs]
81947.043: [GC (Allocation Failure)  379450K->8730K(1133568K), 0.0031221 secs]
81947.483: [GC (Allocation Failure)  453658K->8762K(1119744K), 0.0032826 secs]
81947.906: [GC (Allocation Failure)  439866K->8762K(1106432K), 0.0032594 secs]
81948.481: [GC (Allocation Failure)  426554K->8794K(1093632K), 0.0027803 secs]
81948.896: [GC (Allocation Failure)  413786K->8794K(1081344K), 0.0032080 secs]
81949.450: [GC (Allocation Failure)  401498K->8730K(1069568K), 0.0030130 secs]
81949.822: [GC (Allocation Failure)  389658K->8730K(1058304K), 0.0033440 secs]
81950.293: [GC (Allocation Failure)  378394K->8762K(1047552K), 0.0029106 secs]
81950.646: [GC (Allocation Failure)  367674K->8762K(1037312K), 0.0038817 secs]
81950.989: [GC (Allocation Failure)  357434K->8762K(1027584K), 0.0030893 secs]
81951.342: [GC (Allocation Failure)  347706K->8762K(1018368K), 0.0037367 secs]
81951.685: [GC (Allocation Failure)  338490K->8794K(1009152K), 0.0750900 secs]
81952.072: [GC (Allocation Failure)  329306K->8762K(1000448K), 0.0032455 secs]
81952.371: [GC (Allocation Failure)  320570K->8762K(992256K), 0.0033313 secs]
81952.670: [GC (Allocation Failure)  312378K->8762K(984064K), 0.0030140 secs]
81952.977: [GC (Allocation Failure)  304186K->8858K(976384K), 0.0030245 secs]
81953.263: [GC (Allocation Failure)  296602K->8794K(969216K), 0.0032062 secs]
81953.538: [GC (Allocation Failure)  289370K->8762K(1025536K), 0.0033041 secs]
81953.873: [GC (Allocation Failure)  345658K->8730K(1093120K), 0.0035965 secs]
81954.273: [GC (Allocation Failure)  413210K->8762K(1080832K), 0.0030876 secs]
81954.681: [GC (Allocation Failure)  400954K->8762K(1069056K), 0.0035821 secs]
81955.057: [GC (Allocation Failure)  389178K->8762K(1057792K), 0.0032937 secs]
81955.446: [GC (Allocation Failure)  377914K->8762K(1047040K), 0.0031466 secs]
81955.944: [GC (Allocation Failure)  367162K->8730K(1036800K), 0.0035834 secs]
81956.293: [GC (Allocation Failure)  356890K->8730K(1027072K), 0.0038023 secs]
81956.650: [GC (Allocation Failure)  347162K->8762K(1017856K), 0.0031193 secs]
81956.984: [GC (Allocation Failure)  337978K->8730K(1008640K), 0.0032945 secs]
81957.510: [GC (Allocation Failure)  328730K->8762K(999936K), 0.0034304 secs]
81957.812: [GC (Allocation Failure)  320058K->8762K(991744K), 0.0035959 secs]
81958.108: [GC (Allocation Failure)  311866K->8730K(984064K), 0.0031923 secs]
81958.401: [GC (Allocation Failure)  304154K->8762K(976384K), 0.0030342 secs]
81958.681: [GC (Allocation Failure)  296506K->8794K(1034240K), 0.0036844 secs]
81959.195: [GC (Allocation Failure)  354394K->8794K(1024512K), 0.0031811 secs]
81959.599: [GC (Allocation Failure)  344666K->8746K(1015296K), 0.0032286 secs]
81959.927: [GC (Allocation Failure)  335402K->8810K(1006592K), 0.0029082 secs]
81960.244: [GC (Allocation Failure)  326762K->8746K(997888K), 0.0031983 secs]
81960.558: [GC (Allocation Failure)  317994K->8778K(989696K), 0.0037788 secs]
81960.862: [GC (Allocation Failure)  309834K->8810K(982016K), 0.0026575 secs]
81961.156: [GC (Allocation Failure)  302186K->8746K(974336K), 0.0032041 secs]
81961.444: [GC (Allocation Failure)  294442K->8810K(1031680K), 0.0036558 secs]
81961.948: [GC (Allocation Failure)  351850K->8810K(1021952K), 0.0034319 secs]
81962.315: [GC (Allocation Failure)  342122K->8778K(1012736K), 0.0040226 secs]
81962.679: [GC (Allocation Failure)  332874K->8778K(1077760K), 0.0043787 secs]
81963.225: [GC (Allocation Failure)  397898K->8778K(1066496K), 0.0041429 secs]
81963.620: [GC (Allocation Failure)  386634K->8810K(1055744K), 0.0039434 secs]
81964.021: [GC (Allocation Failure)  375914K->8778K(1044992K), 0.0028006 secs]
81964.377: [GC (Allocation Failure)  365130K->8778K(1034752K), 0.0026727 secs]
81964.731: [GC (Allocation Failure)  354890K->8746K(1025024K), 0.0032471 secs]
81965.067: [GC (Allocation Failure)  345130K->8810K(1015808K), 0.0028612 secs]
81965.390: [GC (Allocation Failure)  335978K->8778K(1007104K), 0.0033393 secs]
81965.733: [GC (Allocation Failure)  327242K->8746K(998400K), 0.0030654 secs]
81966.039: [GC (Allocation Failure)  318506K->8746K(990208K), 0.0033022 secs]
81966.334: [GC (Allocation Failure)  310314K->8746K(1050624K), 0.0094671 secs]
81966.703: [GC (Allocation Failure)  370730K->8778K(1123328K), 0.0040738 secs]
81967.129: [GC (Allocation Failure)  443466K->8810K(1210368K), 0.0074414 secs]
81967.645: [GC (Allocation Failure)  530538K->8778K(1314816K), 0.0913898 secs]
81968.368: [GC (Allocation Failure)  634954K->8778K(1440256K), 0.0037738 secs]
81969.110: [GC (Allocation Failure)  760394K->8778K(1590784K), 0.0085463 secs]
81969.995: [GC (Allocation Failure)  910922K->8746K(1555968K), 0.0031284 secs]
81970.983: [GC (Allocation Failure)  876074K->8778K(1522688K), 0.0030163 secs]
81971.830: [GC (Allocation Failure)  842826K->8810K(1490944K), 0.0031364 secs]
81972.630: [GC (Allocation Failure)  811114K->8778K(1460736K), 0.0033633 secs]
81973.391: [GC (Allocation Failure)  780874K->8778K(1432064K), 0.0031806 secs]
81974.175: [GC (Allocation Failure)  752202K->8778K(1404928K), 0.0030212 secs]
81974.947: [GC (Allocation Failure)  725066K->8778K(1378816K), 0.0029572 secs]
81975.750: [GC (Allocation Failure)  698954K->8810K(1353728K), 0.0030217 secs]
81976.481: [GC (Allocation Failure)  673898K->8778K(1330176K), 0.0035767 secs]
81977.287: [GC (Allocation Failure)  650314K->8778K(1307648K), 0.0034500 secs]
81977.986: [GC (Allocation Failure)  627786K->8778K(1286144K), 0.0036801 secs]
81978.589: [GC (Allocation Failure)  606282K->8778K(1265664K), 0.0029641 secs]
81979.173: [GC (Allocation Failure)  585802K->8778K(1246208K), 0.0033936 secs]
81979.900: [GC (Allocation Failure)  566346K->8778K(1227264K), 0.0041315 secs]
81980.435: [GC (Allocation Failure)  547402K->8778K(1209344K), 0.0040155 secs]
81981.039: [GC (Allocation Failure)  529482K->8746K(1191936K), 0.0042963 secs]
81981.538: [GC (Allocation Failure)  512042K->8778K(1175552K), 0.0039091 secs]
81982.055: [GC (Allocation Failure)  495690K->8746K(1159680K), 0.0038932 secs]
81982.568: [GC (Allocation Failure)  479786K->8778K(1144832K), 0.0036674 secs]
81983.061: [GC (Allocation Failure)  464970K->8778K(1130496K), 0.0027791 secs]
81983.552: [GC (Allocation Failure)  450634K->8778K(1116672K), 0.0031610 secs]
81983.978: [GC (Allocation Failure)  436810K->8778K(1103360K), 0.0036229 secs]
81984.551: [GC (Allocation Failure)  423498K->8778K(1091072K), 0.0072997 secs]
81984.974: [GC (Allocation Failure)  411210K->8842K(1079296K), 0.0042265 secs]
81985.386: [GC (Allocation Failure)  399498K->8778K(1068032K), 0.0044190 secs]
81985.778: [GC (Allocation Failure)  388170K->8810K(1056768K), 0.0037511 secs]
81986.135: [GC (Allocation Failure)  376938K->8746K(1046016K), 0.0028732 secs]
81986.480: [GC (Allocation Failure)  366122K->8778K(1035776K), 0.0032870 secs]
81986.941: [GC (Allocation Failure)  355914K->8778K(1026048K), 0.0029453 secs]
81987.268: [GC (Allocation Failure)  346186K->8810K(1016832K), 0.0033405 secs]
81987.589: [GC (Allocation Failure)  337002K->8810K(1008128K), 0.0028513 secs]
81987.895: [GC (Allocation Failure)  328298K->8746K(999424K), 0.0031227 secs]
81988.192: [GC (Allocation Failure)  319530K->8778K(1061888K), 0.0046347 secs]
81988.553: [GC (Allocation Failure)  382026K->8778K(1136640K), 0.0032029 secs]
81988.994: [GC (Allocation Failure)  456778K->8778K(1122816K), 0.0036751 secs]
81989.450: [GC (Allocation Failure)  442954K->8746K(1209856K), 0.0079309 secs]
81989.967: [GC (Allocation Failure)  529962K->8746K(1314304K), 0.0064422 secs]
81990.583: [GC (Allocation Failure)  634410K->8746K(1439744K), 0.0034144 secs]
81991.337: [GC (Allocation Failure)  759850K->8778K(1412096K), 0.0029931 secs]
81992.045: [GC (Allocation Failure)  732234K->8778K(1385472K), 0.0035376 secs]
81992.730: [GC (Allocation Failure)  705610K->8778K(1360384K), 0.0036467 secs]
81993.402: [GC (Allocation Failure)  680522K->8778K(1336320K), 0.0041292 secs]
81994.036: [GC (Allocation Failure)  656458K->8810K(1313280K), 0.0041825 secs]
81994.647: [GC (Allocation Failure)  633450K->8746K(1291264K), 0.0035060 secs]
81995.306: [GC (Allocation Failure)  611370K->8778K(1270272K), 0.0042120 secs]
81995.879: [GC (Allocation Failure)  590410K->8746K(1250304K), 0.0034460 secs]
81996.596: [GC (Allocation Failure)  570410K->8778K(1231360K), 0.0040039 secs]
81997.126: [GC (Allocation Failure)  551498K->8778K(1213440K), 0.0074506 secs]
81997.640: [GC (Allocation Failure)  533578K->8746K(1196032K), 0.0034325 secs]
81998.150: [GC (Allocation Failure)  516138K->8778K(1179648K), 0.0029533 secs]
81998.645: [GC (Allocation Failure)  499786K->8778K(1163776K), 0.0042993 secs]
81999.117: [GC (Allocation Failure)  483914K->8778K(1148416K), 0.0048545 secs]
81999.621: [GC (Allocation Failure)  468554K->8810K(1134080K), 0.0040007 secs]
82000.084: [GC (Allocation Failure)  454250K->8778K(1120256K), 0.0034855 secs]
82000.533: [GC (Allocation Failure)  440394K->8810K(1106944K), 0.0040129 secs]
82000.950: [GC (Allocation Failure)  427114K->8778K(1094144K), 0.0037145 secs]
82001.374: [GC (Allocation Failure)  414282K->8778K(1081856K), 0.0029810 secs]
82001.765: [GC (Allocation Failure)  401994K->8778K(1070080K), 0.0028267 secs]
82002.144: [GC (Allocation Failure)  390218K->8778K(1058816K), 0.0040339 secs]
82002.731: [GC (Allocation Failure)  378954K->8746K(1048064K), 0.0034013 secs]
82003.080: [GC (Allocation Failure)  368170K->8746K(1037824K), 0.0029374 secs]
82003.429: [GC (Allocation Failure)  357930K->8778K(1028096K), 0.0030916 secs]
82003.761: [GC (Allocation Failure)  348234K->8810K(1018880K), 0.0029719 secs]
82004.085: [GC (Allocation Failure)  339050K->8778K(1009664K), 0.0031289 secs]
82004.397: [GC (Allocation Failure)  329802K->8778K(1000960K), 0.0032290 secs]
82004.744: [GC (Allocation Failure)  321098K->8746K(992768K), 0.0027562 secs]
82005.039: [GC (Allocation Failure)  312874K->8778K(984576K), 0.0034822 secs]
82005.326: [GC (Allocation Failure)  304714K->8746K(976896K), 0.0036405 secs]
82005.613: [GC (Allocation Failure)  297002K->8810K(1034752K), 0.0032752 secs]
82005.958: [GC (Allocation Failure)  354922K->8778K(1104384K), 0.0033709 secs]
82006.366: [GC (Allocation Failure)  424522K->8778K(1091584K), 0.0031935 secs]
82006.762: [GC (Allocation Failure)  411722K->8778K(1079808K), 0.0036093 secs]
82007.146: [GC (Allocation Failure)  399946K->8778K(1068032K), 0.0027983 secs]
82007.520: [GC (Allocation Failure)  388170K->8778K(1056768K), 0.0031830 secs]
82007.882: [GC (Allocation Failure)  376906K->8778K(1046016K), 0.0031223 secs]
82008.234: [GC (Allocation Failure)  366154K->8778K(1035776K), 0.0046449 secs]
82008.576: [GC (Allocation Failure)  355914K->8810K(1105408K), 0.0043615 secs]
82008.989: [GC (Allocation Failure)  425578K->8778K(1188864K), 0.0039205 secs]
82009.479: [GC (Allocation Failure)  509002K->8778K(1172480K), 0.0034486 secs]
82010.006: [GC (Allocation Failure)  492618K->8746K(1157120K), 0.0042318 secs]
82010.472: [GC (Allocation Failure)  477226K->8810K(1142272K), 0.0038429 secs]
82010.920: [GC (Allocation Failure)  462442K->8778K(1127936K), 0.0047415 secs]
82011.353: [GC (Allocation Failure)  448074K->8778K(1114112K), 0.0038590 secs]
82011.772: [GC (Allocation Failure)  434250K->8778K(1101312K), 0.0054160 secs]
82012.179: [GC (Allocation Failure)  421450K->8746K(1184256K), 0.0044278 secs]
82012.675: [GC (Allocation Failure)  504362K->8778K(1168384K), 0.0044278 secs]
82013.145: [GC (Allocation Failure)  488522K->8746K(1264640K), 0.0094079 secs]
82013.725: [GC (Allocation Failure)  584746K->8778K(1379840K), 0.0030263 secs]
82014.402: [GC (Allocation Failure)  699978K->8746K(1354752K), 0.0037478 secs]
82015.054: [GC (Allocation Failure)  674858K->8746K(1331200K), 0.0038999 secs]
82015.682: [GC (Allocation Failure)  651306K->8810K(1308672K), 0.0035428 secs]
82016.290: [GC (Allocation Failure)  628842K->8746K(1287168K), 0.0043554 secs]
82016.880: [GC (Allocation Failure)  607274K->8778K(1266688K), 0.0043693 secs]
82017.449: [GC (Allocation Failure)  586826K->8778K(1246720K), 0.0032647 secs]
82017.998: [GC (Allocation Failure)  566858K->8746K(1227776K), 0.0036102 secs]
82018.680: [GC (Allocation Failure)  547882K->8778K(1209856K), 0.0038119 secs]
82019.229: [GC (Allocation Failure)  529994K->8778K(1192448K), 0.0037206 secs]
82019.735: [GC (Allocation Failure)  512586K->8778K(1176064K), 0.0037276 secs]
82020.362: [GC (Allocation Failure)  496202K->8842K(1160192K), 0.0035081 secs]
82020.822: [GC (Allocation Failure)  480394K->8810K(1145344K), 0.0035777 secs]
82021.294: [GC (Allocation Failure)  465514K->8778K(1131008K), 0.0030154 secs]
82021.742: [GC (Allocation Failure)  451146K->8778K(1117184K), 0.0039187 secs]
82022.167: [GC (Allocation Failure)  437322K->8842K(1103872K), 0.0039103 secs]
82022.581: [GC (Allocation Failure)  424074K->8778K(1091072K), 0.0029940 secs]
82022.980: [GC (Allocation Failure)  411210K->8778K(1079296K), 0.0033341 secs]
82023.369: [GC (Allocation Failure)  399434K->8778K(1068032K), 0.0033083 secs]
82023.746: [GC (Allocation Failure)  388170K->8810K(1056768K), 0.0040783 secs]
82024.118: [GC (Allocation Failure)  376938K->8778K(1046016K), 0.0031533 secs]
82024.475: [GC (Allocation Failure)  366154K->8810K(1035776K), 0.0030473 secs]
82024.820: [GC (Allocation Failure)  355946K->8778K(1026048K), 0.0035701 secs]
82025.158: [GC (Allocation Failure)  346186K->8778K(1016832K), 0.0034571 secs]
82025.484: [GC (Allocation Failure)  336970K->8810K(1008128K), 0.0032154 secs]
82025.829: [GC (Allocation Failure)  328298K->8778K(999424K), 0.0029859 secs]
82026.139: [GC (Allocation Failure)  319562K->8778K(991232K), 0.0029535 secs]
82026.441: [GC (Allocation Failure)  311370K->8778K(983552K), 0.0037765 secs]
82026.738: [GC (Allocation Failure)  303690K->8842K(1042944K), 0.0034428 secs]
82027.093: [GC (Allocation Failure)  363146K->8810K(1114112K), 0.0036979 secs]
82027.515: [GC (Allocation Failure)  434282K->8810K(1101312K), 0.0031448 secs]
82027.926: [GC (Allocation Failure)  421482K->8810K(1089024K), 0.0038129 secs]
82028.324: [GC (Allocation Failure)  409194K->8810K(1077248K), 0.0033554 secs]
82028.711: [GC (Allocation Failure)  397418K->8778K(1065984K), 0.0033869 secs]
82029.086: [GC (Allocation Failure)  386122K->8778K(1055232K), 0.0037569 secs]
82029.451: [GC (Allocation Failure)  375370K->8778K(1044480K), 0.0029176 secs]
82029.806: [GC (Allocation Failure)  364618K->8778K(1115648K), 0.0050443 secs]
82030.237: [GC (Allocation Failure)  435786K->8778K(1102848K), 0.0038261 secs]
82030.653: [GC (Allocation Failure)  422986K->8810K(1090560K), 0.1201394 secs]
82031.173: [GC (Allocation Failure)  410730K->8778K(1170944K), 0.0056744 secs]
82031.675: [GC (Allocation Failure)  491082K->8746K(1155584K), 0.0036705 secs]
82032.139: [GC (Allocation Failure)  475690K->8810K(1140736K), 0.0034495 secs]
82032.590: [GC (Allocation Failure)  460906K->8778K(1126400K), 0.0041702 secs]
82033.030: [GC (Allocation Failure)  446538K->8778K(1113088K), 0.0037485 secs]
82033.454: [GC (Allocation Failure)  433226K->8842K(1100288K), 0.0029320 secs]
82033.862: [GC (Allocation Failure)  420490K->8810K(1088000K), 0.0036051 secs]
82034.281: [GC (Allocation Failure)  408170K->8746K(1076224K), 0.0034284 secs]
82034.699: [GC (Allocation Failure)  396330K->8778K(1064960K), 0.0030345 secs]
82035.074: [GC (Allocation Failure)  385098K->8746K(1054208K), 0.0034350 secs]
82035.440: [GC (Allocation Failure)  374314K->8746K(1043968K), 0.0041514 secs]
82035.958: [GC (Allocation Failure)  364074K->8778K(1033728K), 0.0047179 secs]
82036.332: [GC (Allocation Failure)  353866K->8778K(1024000K), 0.0035499 secs]
82036.681: [GC (Allocation Failure)  344138K->8778K(1014784K), 0.0028730 secs]
82036.998: [GC (Allocation Failure)  334922K->8778K(1006080K), 0.0033188 secs]
82037.326: [GC (Allocation Failure)  326218K->8778K(997376K), 0.0038080 secs]
82037.649: [GC (Allocation Failure)  317514K->8746K(989184K), 0.0032569 secs]
82037.949: [GC (Allocation Failure)  309290K->8778K(981504K), 0.0033335 secs]
82038.247: [GC (Allocation Failure)  301642K->8746K(973824K), 0.0031726 secs]
82038.547: [GC (Allocation Failure)  293930K->8762K(966656K), 0.0030901 secs]
82038.851: [GC (Allocation Failure)  286778K->8794K(1022464K), 0.0034577 secs]
82039.202: [GC (Allocation Failure)  342618K->8762K(1013248K), 0.0033426 secs]
82039.549: [GC (Allocation Failure)  333370K->8762K(1078272K), 0.0039802 secs]
82039.954: [GC (Allocation Failure)  398394K->8794K(1156608K), 0.0042720 secs]
82040.453: [GC (Allocation Failure)  476762K->8794K(1141760K), 0.0026372 secs]
82040.943: [GC (Allocation Failure)  461914K->8762K(1127424K), 0.0031306 secs]
82041.425: [GC (Allocation Failure)  447546K->8794K(1114112K), 0.0040700 secs]
82041.882: [GC (Allocation Failure)  434266K->8826K(1101312K), 0.0032601 secs]
82042.308: [GC (Allocation Failure)  421498K->8826K(1089024K), 0.0032500 secs]
82042.723: [GC (Allocation Failure)  409210K->8826K(1077248K), 0.0038620 secs]
82043.144: [GC (Allocation Failure)  397434K->8794K(1065984K), 0.0036924 secs]
82043.711: [GC (Allocation Failure)  386138K->8826K(1055232K), 0.0034002 secs]
82044.094: [GC (Allocation Failure)  375418K->8794K(1044480K), 0.0038363 secs]
82044.458: [GC (Allocation Failure)  364634K->8826K(1034240K), 0.0038037 secs]
82044.832: [GC (Allocation Failure)  354426K->8826K(1024512K), 0.0038124 secs]
82045.171: [GC (Allocation Failure)  344698K->8794K(1015296K), 0.0038251 secs]
82045.527: [GC (Allocation Failure)  335450K->8826K(1006592K), 0.0034582 secs]
82045.881: [GC (Allocation Failure)  326778K->8794K(997888K), 0.0034984 secs]
82046.201: [GC (Allocation Failure)  318042K->8794K(1059840K), 0.0040922 secs]
82046.587: [GC (Allocation Failure)  379994K->8794K(1134080K), 0.0129667 secs]
82047.078: [GC (Allocation Failure)  454234K->8794K(1223168K), 0.0035586 secs]
82047.637: [GC (Allocation Failure)  543322K->8826K(1330176K), 0.0052679 secs]
82048.295: [GC (Allocation Failure)  650362K->8826K(1307648K), 0.0040388 secs]
82048.936: [GC (Allocation Failure)  627834K->8762K(1286144K), 0.0036175 secs]
82049.599: [GC (Allocation Failure)  606266K->8762K(1265664K), 0.0054493 secs]
82050.198: [GC (Allocation Failure)  585786K->8858K(1246208K), 0.0033076 secs]
82050.772: [GC (Allocation Failure)  566426K->8794K(1227264K), 0.0035974 secs]
82051.471: [GC (Allocation Failure)  547418K->8794K(1209344K), 0.0034461 secs]
82052.036: [GC (Allocation Failure)  529498K->8762K(1191936K), 0.0038211 secs]
82052.582: [GC (Allocation Failure)  512058K->8794K(1175552K), 0.0036591 secs]
82053.084: [GC (Allocation Failure)  495706K->8762K(1159680K), 0.0039708 secs]
82053.682: [GC (Allocation Failure)  479802K->8826K(1144832K), 0.0289524 secs]
82054.196: [GC (Allocation Failure)  465018K->8826K(1130496K), 0.0038294 secs]
82054.675: [GC (Allocation Failure)  450682K->8794K(1116672K), 0.0044109 secs]
82055.116: [GC (Allocation Failure)  436826K->8762K(1103360K), 0.0040745 secs]
82055.530: [GC (Allocation Failure)  423482K->8826K(1091072K), 0.0041119 secs]
82056.089: [GC (Allocation Failure)  411258K->8770K(1079296K), 0.0044848 secs]
82056.508: [GC (Allocation Failure)  399426K->8770K(1068032K), 0.0036795 secs]
82056.910: [GC (Allocation Failure)  388162K->8802K(1056768K), 0.0038942 secs]
82057.303: [GC (Allocation Failure)  376930K->8770K(1046016K), 0.0037000 secs]
82057.823: [GC (Allocation Failure)  366146K->8802K(1035776K), 0.0034857 secs]
82058.168: [GC (Allocation Failure)  355938K->8834K(1026048K), 0.0037156 secs]
82058.533: [GC (Allocation Failure)  346242K->8802K(1016832K), 0.0035147 secs]
82058.875: [GC (Allocation Failure)  336994K->8834K(1008128K), 0.0030173 secs]
82059.187: [GC (Allocation Failure)  328322K->8770K(999424K), 0.0027730 secs]
82059.498: [GC (Allocation Failure)  319554K->8770K(991232K), 0.0030175 secs]
82059.801: [GC (Allocation Failure)  311362K->8834K(983552K), 0.0031027 secs]
82060.091: [GC (Allocation Failure)  303746K->8834K(975872K), 0.0029863 secs]
82060.373: [GC (Allocation Failure)  296066K->8802K(968704K), 0.0032732 secs]
82060.649: [GC (Allocation Failure)  288866K->8770K(1025024K), 0.0031644 secs]
82060.999: [GC (Allocation Failure)  345154K->8834K(1015808K), 0.0030973 secs]
82061.470: [GC (Allocation Failure)  336002K->8770K(1007104K), 0.0035253 secs]
82061.788: [GC (Allocation Failure)  327234K->8834K(998400K), 0.0028711 secs]
82062.101: [GC (Allocation Failure)  318594K->8802K(990208K), 0.0034247 secs]
82062.419: [GC (Allocation Failure)  310370K->8770K(982528K), 0.0035032 secs]
82062.872: [GC (Allocation Failure)  302658K->8802K(974848K), 0.0032458 secs]
82063.152: [GC (Allocation Failure)  295010K->8770K(967680K), 0.0031942 secs]
82063.424: [GC (Allocation Failure)  287810K->8802K(1023488K), 0.0061763 secs]
82063.754: [GC (Allocation Failure)  343650K->8770K(1090560K), 0.0031635 secs]
82064.146: [GC (Allocation Failure)  410690K->8802K(1170944K), 0.0035832 secs]
82064.620: [GC (Allocation Failure)  491106K->8802K(1155584K), 0.0029319 secs]
82065.075: [GC (Allocation Failure)  475746K->8802K(1140736K), 0.0031199 secs]
82065.514: [GC (Allocation Failure)  460898K->8802K(1126400K), 0.0030633 secs]
82065.940: [GC (Allocation Failure)  446562K->8802K(1113088K), 0.0033799 secs]
82066.353: [GC (Allocation Failure)  433250K->8802K(1100288K), 0.0033274 secs]
82066.753: [GC (Allocation Failure)  420450K->8834K(1088000K), 0.0037380 secs]
82067.142: [GC (Allocation Failure)  408194K->8770K(1076224K), 0.0037893 secs]
82067.521: [GC (Allocation Failure)  396354K->8770K(1064960K), 0.0042927 secs]
82067.887: [GC (Allocation Failure)  385090K->8770K(1054208K), 0.0031873 secs]
82068.240: [GC (Allocation Failure)  374338K->8802K(1043968K), 0.0039399 secs]
82068.590: [GC (Allocation Failure)  364130K->8770K(1033728K), 0.0034106 secs]
82068.925: [GC (Allocation Failure)  353858K->8770K(1024000K), 0.0032917 secs]
82069.251: [GC (Allocation Failure)  344130K->8802K(1014784K), 0.0038910 secs]
82069.569: [GC (Allocation Failure)  334946K->8802K(1080320K), 0.0036297 secs]
82069.950: [GC (Allocation Failure)  400482K->8770K(1068544K), 0.0031539 secs]
82070.319: [GC (Allocation Failure)  388674K->8802K(1057280K), 0.0034556 secs]
82070.694: [GC (Allocation Failure)  377442K->8770K(1046528K), 0.0036340 secs]
82071.046: [GC (Allocation Failure)  366658K->8802K(1036288K), 0.0030004 secs]
82071.377: [GC (Allocation Failure)  356450K->8802K(1026560K), 0.0028119 secs]
82071.702: [GC (Allocation Failure)  346722K->8770K(1017344K), 0.0034884 secs]
82072.028: [GC (Allocation Failure)  337474K->8802K(1008640K), 0.0030231 secs]
82072.339: [GC (Allocation Failure)  328802K->8770K(999936K), 0.0034772 secs]
82072.647: [GC (Allocation Failure)  320066K->8802K(991744K), 0.0033856 secs]
82073.119: [GC (Allocation Failure)  311906K->8802K(984064K), 0.0040950 secs]
82073.426: [GC (Allocation Failure)  304226K->8802K(1043456K), 0.0039143 secs]
82073.770: [GC (Allocation Failure)  363618K->8802K(1033216K), 0.0031874 secs]
82074.108: [GC (Allocation Failure)  353378K->8770K(1023488K), 0.0032806 secs]
82074.434: [GC (Allocation Failure)  343618K->8770K(1014272K), 0.0034824 secs]
82074.776: [GC (Allocation Failure)  334402K->8802K(1005568K), 0.0033867 secs]
82075.084: [GC (Allocation Failure)  325730K->8834K(1069056K), 0.0050421 secs]
82075.455: [GC (Allocation Failure)  389250K->8770K(1145344K), 0.0035897 secs]
82075.901: [GC (Allocation Failure)  465474K->8770K(1131008K), 0.0034264 secs]
82076.333: [GC (Allocation Failure)  451138K->8802K(1117184K), 0.0035593 secs]
82076.760: [GC (Allocation Failure)  437346K->8770K(1103872K), 0.0029544 secs]
82077.176: [GC (Allocation Failure)  424002K->8802K(1091072K), 0.0054723 secs]
82077.600: [GC (Allocation Failure)  411234K->8802K(1171968K), 0.0056934 secs]
82078.078: [GC (Allocation Failure)  492130K->8770K(1268736K), 0.0043876 secs]
82078.687: [GC (Allocation Failure)  588866K->8802K(1248768K), 0.0032684 secs]
82079.237: [GC (Allocation Failure)  568930K->8770K(1229824K), 0.0037274 secs]
82079.771: [GC (Allocation Failure)  549954K->8770K(1211904K), 0.0038844 secs]
82080.295: [GC (Allocation Failure)  532034K->8802K(1194496K), 0.0039689 secs]
82080.794: [GC (Allocation Failure)  514658K->8834K(1178112K), 0.0036214 secs]
82081.271: [GC (Allocation Failure)  498306K->8802K(1162240K), 0.0034267 secs]
82081.733: [GC (Allocation Failure)  482402K->8834K(1147392K), 0.0033164 secs]
82082.180: [GC (Allocation Failure)  467586K->8834K(1133056K), 0.0034862 secs]
82082.612: [GC (Allocation Failure)  453250K->8770K(1119232K), 0.0037088 secs]
82083.032: [GC (Allocation Failure)  439362K->8802K(1105920K), 0.0028145 secs]
82083.456: [GC (Allocation Failure)  426082K->8802K(1093120K), 0.0040402 secs]
82083.896: [GC (Allocation Failure)  413282K->8802K(1080832K), 0.0517539 secs]
82084.347: [GC (Allocation Failure)  400994K->8834K(1069056K), 0.0036580 secs]
82084.717: [GC (Allocation Failure)  389250K->8770K(1057792K), 0.0037807 secs]
82085.074: [GC (Allocation Failure)  377922K->8834K(1047040K), 0.0036469 secs]
82085.421: [GC (Allocation Failure)  367234K->8834K(1036800K), 0.0032180 secs]
82085.903: [GC (Allocation Failure)  356994K->8834K(1027072K), 0.0030436 secs]
82086.253: [GC (Allocation Failure)  347266K->8770K(1017856K), 0.0029854 secs]
82086.585: [GC (Allocation Failure)  337986K->8802K(1008640K), 0.0041850 secs]
82086.937: [GC (Allocation Failure)  328802K->8834K(999936K), 0.0026508 secs]
82087.310: [GC (Allocation Failure)  320130K->8802K(991744K), 0.0042007 secs]
82087.657: [GC (Allocation Failure)  311906K->8802K(984064K), 0.0025621 secs]
82087.981: [GC (Allocation Failure)  304226K->8834K(976384K), 0.0028281 secs]
82088.321: [GC (Allocation Failure)  296578K->8834K(969216K), 0.0027917 secs]
82088.634: [GC (Allocation Failure)  289410K->8770K(962048K), 0.0039690 secs]
82089.082: [GC (Allocation Failure)  282178K->8802K(955392K), 0.0029247 secs]
82089.343: [GC (Allocation Failure)  275554K->8802K(1009152K), 0.0040940 secs]
82089.674: [GC (Allocation Failure)  329314K->8770K(1073664K), 0.0036060 secs]
82090.068: [GC (Allocation Failure)  393794K->8802K(1150976K), 0.0044133 secs]
82090.675: [GC (Allocation Failure)  471138K->8770K(1136640K), 0.0030679 secs]
82091.127: [GC (Allocation Failure)  456770K->8802K(1122816K), 0.0032280 secs]
82091.556: [GC (Allocation Failure)  442978K->8802K(1109504K), 0.0024289 secs]
82091.974: [GC (Allocation Failure)  429666K->8834K(1096704K), 0.0024593 secs]
82092.386: [GC (Allocation Failure)  416898K->8834K(1084416K), 0.0029013 secs]
82092.954: [GC (Allocation Failure)  404610K->8834K(1072640K), 0.0035014 secs]
82093.402: [GC (Allocation Failure)  392834K->8834K(1061376K), 0.0030433 secs]
82093.802: [GC (Allocation Failure)  381570K->8770K(1050624K), 0.0051703 secs]
82094.173: [GC (Allocation Failure)  370754K->8802K(1040384K), 0.0033660 secs]
82094.517: [GC (Allocation Failure)  360546K->8802K(1030656K), 0.0037983 secs]
82094.855: [GC (Allocation Failure)  350818K->8802K(1020928K), 0.0030790 secs]
82095.202: [GC (Allocation Failure)  341090K->8866K(1011712K), 0.0028119 secs]
82095.518: [GC (Allocation Failure)  331938K->8770K(1003008K), 0.0035880 secs]
82095.834: [GC (Allocation Failure)  323138K->8802K(1065984K), 0.0085006 secs]
82096.212: [GC (Allocation Failure)  386146K->8802K(1141760K), 0.0032226 secs]
82096.673: [GC (Allocation Failure)  461922K->8802K(1232384K), 0.0032646 secs]
82097.351: [GC (Allocation Failure)  552546K->8770K(1341440K), 0.0078073 secs]
82098.047: [GC (Allocation Failure)  661570K->8834K(1318400K), 0.0037328 secs]
82098.715: [GC (Allocation Failure)  638594K->8802K(1296384K), 0.0034397 secs]
82099.332: [GC (Allocation Failure)  616546K->8770K(1275392K), 0.0040657 secs]
82099.963: [GC (Allocation Failure)  595522K->8802K(1255424K), 0.0039185 secs]
82100.517: [GC (Allocation Failure)  575586K->8834K(1235968K), 0.0032429 secs]
82101.057: [GC (Allocation Failure)  556162K->8834K(1217536K), 0.0031418 secs]
82101.580: [GC (Allocation Failure)  537730K->8802K(1200128K), 0.0032914 secs]
82102.106: [GC (Allocation Failure)  520290K->8802K(1183232K), 0.0038521 secs]
82102.591: [GC (Allocation Failure)  503394K->8770K(1167360K), 0.0031865 secs]
82103.060: [GC (Allocation Failure)  487490K->8802K(1152000K), 0.0032313 secs]
82103.529: [GC (Allocation Failure)  472162K->8834K(1137152K), 0.0035495 secs]
82104.089: [GC (Allocation Failure)  457346K->8802K(1123328K), 0.0046299 secs]
82104.525: [GC (Allocation Failure)  443490K->8834K(1110016K), 0.0039972 secs]
82104.939: [GC (Allocation Failure)  430210K->8802K(1097216K), 0.0038234 secs]
82105.344: [GC (Allocation Failure)  417378K->8802K(1084928K), 0.0045178 secs]
82105.767: [GC (Allocation Failure)  405090K->8866K(1073152K), 0.0030615 secs]
82106.163: [GC (Allocation Failure)  393378K->8770K(1061888K), 0.0032463 secs]
82106.525: [GC (Allocation Failure)  382018K->8802K(1051136K), 0.0030125 secs]
82106.876: [GC (Allocation Failure)  371298K->8802K(1040896K), 0.0035305 secs]
82107.220: [GC (Allocation Failure)  361058K->8770K(1031168K), 0.0033827 secs]
82107.552: [GC (Allocation Failure)  351298K->8770K(1021440K), 0.0036810 secs]
82107.874: [GC (Allocation Failure)  341570K->8802K(1012224K), 0.0028820 secs]
82108.187: [GC (Allocation Failure)  332386K->8834K(1003520K), 0.0030467 secs]
82108.633: [GC (Allocation Failure)  323714K->8834K(995328K), 0.0031769 secs]
82108.940: [GC (Allocation Failure)  315522K->8834K(987136K), 0.0030224 secs]
82109.253: [GC (Allocation Failure)  307330K->8770K(979456K), 0.0025822 secs]
82109.683: [GC (Allocation Failure)  299586K->8866K(971776K), 0.0031444 secs]
82109.998: [GC (Allocation Failure)  292002K->8802K(964608K), 0.0043512 secs]
82110.276: [GC (Allocation Failure)  284770K->8802K(1019904K), 0.0033238 secs]
82110.611: [GC (Allocation Failure)  340066K->8770K(1010688K), 0.0032436 secs]
82110.933: [GC (Allocation Failure)  330818K->8770K(1001984K), 0.0028165 secs]
82111.265: [GC (Allocation Failure)  322114K->8802K(993792K), 0.0033098 secs]
82111.578: [GC (Allocation Failure)  313954K->8770K(1055232K), 0.0040825 secs]
82111.956: [GC (Allocation Failure)  375362K->8770K(1128960K), 0.0057036 secs]
82112.405: [GC (Allocation Failure)  449090K->8802K(1217024K), 0.0040706 secs]
82112.923: [GC (Allocation Failure)  537186K->8802K(1323008K), 0.0049887 secs]
82113.544: [GC (Allocation Failure)  643170K->8866K(1300480K), 0.0029018 secs]
82114.159: [GC (Allocation Failure)  620706K->8802K(1278976K), 0.0027416 secs]
82114.749: [GC (Allocation Failure)  599138K->8802K(1258496K), 0.0037878 secs]
82115.333: [GC (Allocation Failure)  578658K->8802K(1239040K), 0.0040797 secs]
82115.872: [GC (Allocation Failure)  559202K->8802K(1220608K), 0.0033655 secs]
82116.407: [GC (Allocation Failure)  540770K->8802K(1203200K), 0.0037471 secs]
82116.926: [GC (Allocation Failure)  523362K->8834K(1186304K), 0.0034608 secs]
82117.416: [GC (Allocation Failure)  506498K->8834K(1169920K), 0.0036001 secs]
82117.908: [GC (Allocation Failure)  490114K->8802K(1154560K), 0.0036084 secs]
82118.395: [GC (Allocation Failure)  474722K->8770K(1139712K), 0.0040795 secs]
82119.008: [GC (Allocation Failure)  459842K->8770K(1125376K), 0.0035970 secs]
82119.457: [GC (Allocation Failure)  445506K->8770K(1112064K), 0.0033404 secs]
82119.908: [GC (Allocation Failure)  432194K->8834K(1099264K), 0.0031878 secs]
82120.342: [GC (Allocation Failure)  419458K->8770K(1086976K), 0.0037310 secs]
82120.740: [GC (Allocation Failure)  407106K->8770K(1075200K), 0.0035612 secs]
82121.167: [GC (Allocation Failure)  395330K->8802K(1063936K), 0.0033432 secs]
82121.536: [GC (Allocation Failure)  384098K->8802K(1053184K), 0.0053171 secs]
82121.897: [GC (Allocation Failure)  373346K->8802K(1042944K), 0.0037664 secs]
82122.259: [GC (Allocation Failure)  363106K->8834K(1032704K), 0.0028790 secs]
82122.611: [GC (Allocation Failure)  352898K->8802K(1101824K), 0.0057365 secs]
82123.052: [GC (Allocation Failure)  421986K->8810K(1184768K), 0.0082294 secs]
82123.573: [GC (Allocation Failure)  504938K->8842K(1284096K), 0.0031076 secs]
82124.239: [GC (Allocation Failure)  604298K->8778K(1263616K), 0.0042558 secs]
82124.838: [GC (Allocation Failure)  583754K->8842K(1244160K), 0.0029646 secs]
82125.409: [GC (Allocation Failure)  564362K->8842K(1225216K), 0.0034750 secs]
82126.021: [GC (Allocation Failure)  545418K->8842K(1207296K), 0.0034717 secs]
82126.593: [GC (Allocation Failure)  527498K->8842K(1190400K), 0.0039416 secs]
82127.132: [GC (Allocation Failure)  510602K->8842K(1174016K), 0.0070090 secs]
82127.777: [GC (Allocation Failure)  494218K->8842K(1158656K), 0.0045033 secs]
82128.268: [GC (Allocation Failure)  478858K->8810K(1143808K), 0.0036309 secs]
82128.747: [GC (Allocation Failure)  463978K->8810K(1129472K), 0.0065011 secs]
82129.242: [GC (Allocation Failure)  449642K->8810K(1115648K), 0.0043897 secs]
82129.679: [GC (Allocation Failure)  435818K->8906K(1102848K), 0.0038093 secs]
82130.107: [GC (Allocation Failure)  423114K->8874K(1090560K), 0.0034045 secs]
82130.522: [GC (Allocation Failure)  410794K->8834K(1078784K), 0.0036650 secs]
82130.945: [GC (Allocation Failure)  398978K->8866K(1067520K), 0.0040699 secs]
82131.346: [GC (Allocation Failure)  387746K->8866K(1056256K), 0.0039132 secs]
82131.737: [GC (Allocation Failure)  376482K->8866K(1045504K), 0.0033802 secs]
82132.358: [GC (Allocation Failure)  365730K->8898K(1035264K), 0.0080959 secs]
82132.731: [GC (Allocation Failure)  355522K->8866K(1025536K), 0.0033038 secs]
82133.095: [GC (Allocation Failure)  345762K->8898K(1016320K), 0.0027303 secs]
82133.429: [GC (Allocation Failure)  336578K->8866K(1007616K), 0.0038139 secs]
82133.753: [GC (Allocation Failure)  327842K->8834K(1071616K), 0.0039419 secs]
82134.322: [GC (Allocation Failure)  391810K->8834K(1060352K), 0.0049050 secs]
82134.705: [GC (Allocation Failure)  380546K->8866K(1049600K), 0.0035278 secs]
82135.066: [GC (Allocation Failure)  369826K->8866K(1039360K), 0.0041172 secs]
82135.425: [GC (Allocation Failure)  359586K->8866K(1109504K), 0.0038799 secs]
82135.873: [GC (Allocation Failure)  429730K->8834K(1096704K), 0.0034371 secs]
82136.506: [GC (Allocation Failure)  416898K->8866K(1084416K), 0.0042882 secs]
82136.931: [GC (Allocation Failure)  404642K->8866K(1072640K), 0.0039662 secs]
82137.326: [GC (Allocation Failure)  392866K->8866K(1061376K), 0.0047122 secs]
82137.754: [GC (Allocation Failure)  381602K->8930K(1050624K), 0.0038573 secs]
82138.141: [GC (Allocation Failure)  370914K->8866K(1040384K), 0.0044051 secs]
82138.504: [GC (Allocation Failure)  360610K->8834K(1111040K), 0.0043545 secs]
82138.937: [GC (Allocation Failure)  431234K->8898K(1098240K), 0.0039049 secs]
82139.404: [GC (Allocation Failure)  418498K->8898K(1085952K), 0.0036050 secs]
82139.809: [GC (Allocation Failure)  406210K->8898K(1074176K), 0.0030801 secs]
82140.208: [GC (Allocation Failure)  394434K->8834K(1062912K), 0.0038760 secs]
82140.589: [GC (Allocation Failure)  383106K->8898K(1052160K), 0.0030298 secs]
82140.961: [GC (Allocation Failure)  372418K->8866K(1124864K), 0.0053162 secs]
82141.574: [GC (Allocation Failure)  445090K->8866K(1111552K), 0.0041794 secs]
82142.006: [GC (Allocation Failure)  431778K->8866K(1098752K), 0.0028102 secs]
82142.422: [GC (Allocation Failure)  418978K->8834K(1086464K), 0.0033920 secs]
82142.844: [GC (Allocation Failure)  406658K->8866K(1074688K), 0.0033998 secs]
82143.243: [GC (Allocation Failure)  394914K->8866K(1063424K), 0.0031789 secs]
82143.626: [GC (Allocation Failure)  383650K->8866K(1052672K), 0.0036056 secs]
82143.996: [GC (Allocation Failure)  372898K->8834K(1042432K), 0.0046790 secs]
82144.378: [GC (Allocation Failure)  362626K->8866K(1032704K), 0.0030092 secs]
82144.890: [GC (Allocation Failure)  352930K->8834K(1022976K), 0.0032681 secs]
82145.223: [GC (Allocation Failure)  343170K->8866K(1013760K), 0.0034327 secs]
82145.551: [GC (Allocation Failure)  333986K->8866K(1078784K), 0.0081384 secs]
82145.947: [GC (Allocation Failure)  399010K->8930K(1157120K), 0.0031176 secs]
82146.437: [GC (Allocation Failure)  477410K->8834K(1142272K), 0.0957796 secs]
82146.998: [GC (Allocation Failure)  462466K->8834K(1127936K), 0.0031711 secs]
82147.442: [GC (Allocation Failure)  448130K->8834K(1114112K), 0.0037019 secs]
82147.885: [GC (Allocation Failure)  434306K->8866K(1101312K), 0.0039257 secs]
82148.306: [GC (Allocation Failure)  421538K->8834K(1089024K), 0.0032946 secs]
82148.721: [GC (Allocation Failure)  409218K->8834K(1077248K), 0.0033811 secs]
82149.124: [GC (Allocation Failure)  397442K->8866K(1065984K), 0.0032593 secs]
82149.515: [GC (Allocation Failure)  386210K->8866K(1055232K), 0.0024849 secs]
82149.912: [GC (Allocation Failure)  375458K->8866K(1044480K), 0.0035022 secs]
82150.282: [GC (Allocation Failure)  364706K->8834K(1034240K), 0.0031923 secs]
82150.643: [GC (Allocation Failure)  354434K->8866K(1024512K), 0.0034753 secs]
82150.994: [GC (Allocation Failure)  344738K->8866K(1015296K), 0.0038565 secs]
82151.337: [GC (Allocation Failure)  335522K->8866K(1006592K), 0.0031091 secs]
82151.682: [GC (Allocation Failure)  326818K->8866K(997888K), 0.0033782 secs]
82152.001: [GC (Allocation Failure)  318114K->8866K(989696K), 0.0031648 secs]
82152.313: [GC (Allocation Failure)  309922K->8866K(982016K), 0.0030711 secs]
82152.613: [GC (Allocation Failure)  302242K->8866K(974336K), 0.0031414 secs]
82152.911: [GC (Allocation Failure)  294562K->8866K(967168K), 0.0033657 secs]
82153.205: [GC (Allocation Failure)  287394K->8866K(1022976K), 0.0034478 secs]
82153.556: [GC (Allocation Failure)  343202K->8866K(1090048K), 0.0037516 secs]
82153.970: [GC (Allocation Failure)  410274K->8866K(1078272K), 0.0036884 secs]
82154.379: [GC (Allocation Failure)  398498K->8866K(1067008K), 0.0033618 secs]
82154.767: [GC (Allocation Failure)  387234K->8866K(1056256K), 0.0036318 secs]
82155.174: [GC (Allocation Failure)  376482K->8898K(1045504K), 0.0042832 secs]
82155.541: [GC (Allocation Failure)  365762K->8866K(1035264K), 0.0033041 secs]
82155.920: [GC (Allocation Failure)  355490K->8866K(1025536K), 0.0037960 secs]
82156.306: [GC (Allocation Failure)  345762K->8898K(1016320K), 0.0037777 secs]
82156.826: [GC (Allocation Failure)  336578K->8866K(1007616K), 0.0037909 secs]
82157.193: [GC (Allocation Failure)  327842K->8834K(998912K), 0.0035171 secs]
82157.517: [GC (Allocation Failure)  319106K->8834K(990720K), 0.0040087 secs]
82157.841: [GC (Allocation Failure)  310914K->8866K(1051136K), 0.0040581 secs]
82158.222: [GC (Allocation Failure)  371362K->8898K(1040896K), 0.0030769 secs]
82158.591: [GC (Allocation Failure)  361154K->8834K(1031168K), 0.0033723 secs]
82158.989: [GC (Allocation Failure)  351362K->8866K(1021440K), 0.0040284 secs]
82159.501: [GC (Allocation Failure)  341666K->8834K(1012224K), 0.0040235 secs]
82159.845: [GC (Allocation Failure)  332418K->8834K(1003520K), 0.0035201 secs]
82160.186: [GC (Allocation Failure)  323714K->8866K(1066496K), 0.0042915 secs]
82160.728: [GC (Allocation Failure)  386722K->8866K(1055744K), 0.0033114 secs]
82161.102: [GC (Allocation Failure)  375970K->8834K(1044992K), 0.0042515 secs]
82161.461: [GC (Allocation Failure)  365186K->8866K(1034752K), 0.0033026 secs]
82161.807: [GC (Allocation Failure)  354978K->8866K(1025024K), 0.0037983 secs]
82162.157: [GC (Allocation Failure)  345250K->8898K(1015808K), 0.0036231 secs]
82162.525: [GC (Allocation Failure)  336066K->8834K(1007104K), 0.0035463 secs]
82162.869: [GC (Allocation Failure)  327298K->8866K(998400K), 0.0032968 secs]
82163.189: [GC (Allocation Failure)  318626K->8866K(990208K), 0.0032900 secs]
82163.493: [GC (Allocation Failure)  310434K->8834K(1050624K), 0.0036324 secs]
82163.862: [GC (Allocation Failure)  370818K->8866K(1123328K), 0.0049298 secs]
82164.435: [GC (Allocation Failure)  443554K->8866K(1110016K), 0.0034808 secs]
82164.866: [GC (Allocation Failure)  430242K->8834K(1097216K), 0.0033767 secs]
82165.279: [GC (Allocation Failure)  417410K->8866K(1084928K), 0.0027626 secs]
82165.695: [GC (Allocation Failure)  405154K->8866K(1073152K), 0.0032405 secs]
82166.097: [GC (Allocation Failure)  393378K->8866K(1061888K), 0.0031856 secs]
82166.492: [GC (Allocation Failure)  382114K->8834K(1051136K), 0.0036357 secs]
82166.851: [GC (Allocation Failure)  371330K->8834K(1040896K), 0.0031496 secs]
82167.202: [GC (Allocation Failure)  361090K->8866K(1031168K), 0.0027289 secs]
82167.574: [GC (Allocation Failure)  351394K->8866K(1021440K), 0.0039585 secs]
82167.953: [GC (Allocation Failure)  341666K->8866K(1012224K), 0.0033277 secs]
82168.281: [GC (Allocation Failure)  332450K->8834K(1003520K), 0.0032961 secs]
82168.601: [GC (Allocation Failure)  323714K->8898K(995328K), 0.0031663 secs]
82168.910: [GC (Allocation Failure)  315586K->8866K(987136K), 0.0032376 secs]
82169.213: [GC (Allocation Failure)  307362K->8834K(979456K), 0.0034820 secs]
82169.508: [GC (Allocation Failure)  299650K->8834K(971776K), 0.0030119 secs]
82169.794: [GC (Allocation Failure)  291970K->8898K(964608K), 0.0031403 secs]
82170.073: [GC (Allocation Failure)  284866K->8834K(1019904K), 0.0034667 secs]
82170.420: [GC (Allocation Failure)  340098K->8866K(1086464K), 0.0033724 secs]
82170.816: [GC (Allocation Failure)  406690K->8898K(1074688K), 0.0031669 secs]
82171.203: [GC (Allocation Failure)  394946K->8866K(1063424K), 0.0029011 secs]
82171.579: [GC (Allocation Failure)  383650K->8834K(1052672K), 0.0037019 secs]
82171.936: [GC (Allocation Failure)  372866K->8834K(1042432K), 0.0027392 secs]
82172.282: [GC (Allocation Failure)  362626K->8866K(1032704K), 0.0029989 secs]
82172.643: [GC (Allocation Failure)  352930K->8922K(1022976K), 0.0031963 secs]
82172.966: [GC (Allocation Failure)  343258K->8874K(1013760K), 0.0034798 secs]
82173.288: [GC (Allocation Failure)  333994K->8938K(1005056K), 0.0031131 secs]
82173.595: [GC (Allocation Failure)  325354K->8874K(996352K), 0.0029959 secs]
82173.895: [GC (Allocation Failure)  316586K->8906K(988160K), 0.0028292 secs]
82174.357: [GC (Allocation Failure)  308426K->8906K(980480K), 0.0032415 secs]
82174.725: [GC (Allocation Failure)  300746K->8906K(972800K), 0.0032020 secs]
82175.020: [GC (Allocation Failure)  293066K->8906K(965632K), 0.0032497 secs]
82175.298: [GC (Allocation Failure)  285898K->8906K(958464K), 0.0030499 secs]
82175.569: [GC (Allocation Failure)  278730K->8906K(951808K), 0.0030470 secs]
82175.835: [GC (Allocation Failure)  272074K->8906K(1004544K), 0.0033246 secs]
82176.154: [GC (Allocation Failure)  324810K->8906K(1068032K), 0.0036641 secs]
82176.555: [GC (Allocation Failure)  388298K->8874K(1056768K), 0.0033074 secs]
82176.914: [GC (Allocation Failure)  377002K->8938K(1046016K), 0.0031374 secs]
82177.260: [GC (Allocation Failure)  366314K->8906K(1035776K), 0.0037913 secs]
82177.764: [GC (Allocation Failure)  356042K->8906K(1026048K), 0.0037085 secs]
82178.106: [GC (Allocation Failure)  346314K->8906K(1016832K), 0.0034589 secs]
82178.444: [GC (Allocation Failure)  337098K->8906K(1008128K), 0.0033826 secs]
82178.770: [GC (Allocation Failure)  328394K->8906K(999424K), 0.0032698 secs]
82179.102: [GC (Allocation Failure)  319690K->8842K(991232K), 0.0033614 secs]
82179.426: [GC (Allocation Failure)  311434K->8906K(983552K), 0.0030452 secs]
82179.880: [GC (Allocation Failure)  303818K->8906K(975872K), 0.0034740 secs]
82180.163: [GC (Allocation Failure)  296138K->8874K(1033728K), 0.0042129 secs]
82180.502: [GC (Allocation Failure)  353962K->8970K(1102848K), 0.0038533 secs]
82180.912: [GC (Allocation Failure)  423178K->8938K(1090560K), 0.0034498 secs]
82181.320: [GC (Allocation Failure)  410858K->8906K(1078784K), 0.0035279 secs]
82181.738: [GC (Allocation Failure)  399050K->8874K(1067520K), 0.0029460 secs]
82182.124: [GC (Allocation Failure)  387754K->8906K(1056256K), 0.0032605 secs]
82182.677: [GC (Allocation Failure)  376522K->8874K(1045504K), 0.0042907 secs]
82183.053: [GC (Allocation Failure)  365738K->8938K(1035264K), 0.0034472 secs]
82183.428: [GC (Allocation Failure)  355562K->8914K(1104896K), 0.0064731 secs]
82183.863: [GC (Allocation Failure)  425170K->8882K(1092096K), 0.0034366 secs]
82184.255: [GC (Allocation Failure)  412338K->8882K(1079808K), 0.0033176 secs]
82184.635: [GC (Allocation Failure)  400050K->8914K(1068032K), 0.0039501 secs]
82185.003: [GC (Allocation Failure)  388306K->8882K(1056768K), 0.0031902 secs]
82185.394: [GC (Allocation Failure)  377010K->8914K(1046016K), 0.0034750 secs]
82185.780: [GC (Allocation Failure)  366290K->8882K(1035776K), 0.0030421 secs]
82186.287: [GC (Allocation Failure)  356018K->8914K(1026048K), 0.0031805 secs]
82186.614: [GC (Allocation Failure)  346322K->8914K(1016832K), 0.0040179 secs]
82186.959: [GC (Allocation Failure)  337106K->8882K(1008128K), 0.0039293 secs]
82187.269: [GC (Allocation Failure)  328370K->8914K(999424K), 0.0035586 secs]
82187.572: [GC (Allocation Failure)  319698K->8882K(1061888K), 0.0034628 secs]
82187.939: [GC (Allocation Failure)  382130K->8882K(1051136K), 0.0031213 secs]
82188.323: [GC (Allocation Failure)  371378K->8914K(1040896K), 0.0034741 secs]
82188.677: [GC (Allocation Failure)  361170K->8914K(1031168K), 0.0039377 secs]
82189.009: [GC (Allocation Failure)  351442K->8914K(1021440K), 0.0034879 secs]
82189.332: [GC (Allocation Failure)  341714K->8914K(1088000K), 0.0035850 secs]
82189.757: [GC (Allocation Failure)  408274K->8882K(1076224K), 0.0035887 secs]
82190.170: [GC (Allocation Failure)  396466K->8914K(1064960K), 0.0036079 secs]
82190.571: [GC (Allocation Failure)  385234K->8946K(1054208K), 0.0029880 secs]
82190.961: [GC (Allocation Failure)  374514K->8946K(1043968K), 0.0026888 secs]
82191.311: [GC (Allocation Failure)  364274K->8946K(1033728K), 0.0038166 secs]
82191.657: [GC (Allocation Failure)  354034K->8946K(1024000K), 0.0037256 secs]
82192.007: [GC (Allocation Failure)  344306K->8922K(1014784K), 0.0032147 secs]
82192.346: [GC (Allocation Failure)  335066K->8890K(1006080K), 0.0040541 secs]
82192.702: [GC (Allocation Failure)  326330K->8890K(997376K), 0.0033483 secs]
82193.019: [GC (Allocation Failure)  317626K->8890K(989184K), 0.0031824 secs]
82193.347: [GC (Allocation Failure)  309434K->8922K(981504K), 0.0032288 secs]
82193.674: [GC (Allocation Failure)  301786K->8890K(973824K), 0.0038670 secs]
82193.953: [GC (Allocation Failure)  294074K->8954K(1031168K), 0.0039452 secs]
82194.290: [GC (Allocation Failure)  351482K->8890K(1099776K), 0.0078058 secs]
82194.726: [GC (Allocation Failure)  420026K->8954K(1182208K), 0.0021201 secs]
82195.236: [GC (Allocation Failure)  502522K->8922K(1281024K), 0.0028430 secs]
82195.815: [GC (Allocation Failure)  601306K->8922K(1260544K), 0.0027430 secs]
82196.373: [GC (Allocation Failure)  580826K->8922K(1241088K), 0.0032612 secs]
82197.062: [GC (Allocation Failure)  561370K->8922K(1222656K), 0.0038228 secs]
82197.602: [GC (Allocation Failure)  542938K->8922K(1204736K), 0.0036613 secs]
82198.309: [GC (Allocation Failure)  525018K->8954K(1187840K), 0.0036477 secs]
82198.796: [GC (Allocation Failure)  508154K->8986K(1171456K), 0.0034824 secs]
82199.286: [GC (Allocation Failure)  491802K->8922K(1156096K), 0.0033388 secs]
82199.865: [GC (Allocation Failure)  476378K->8922K(1141248K), 0.0033517 secs]
82200.311: [GC (Allocation Failure)  461530K->8890K(1126912K), 0.0039091 secs]
82200.741: [GC (Allocation Failure)  447162K->8922K(1113600K), 0.0040651 secs]
82201.158: [GC (Allocation Failure)  433882K->8922K(1100800K), 0.0035151 secs]
82201.558: [GC (Allocation Failure)  421082K->8922K(1088512K), 0.0036014 secs]
82201.970: [GC (Allocation Failure)  408794K->8922K(1076736K), 0.0041661 secs]
82202.371: [GC (Allocation Failure)  397018K->8922K(1065472K), 0.0038198 secs]
82202.894: [GC (Allocation Failure)  385754K->8890K(1054720K), 0.0033601 secs]
82203.249: [GC (Allocation Failure)  374970K->8922K(1044480K), 0.0044731 secs]
82203.599: [GC (Allocation Failure)  364762K->8986K(1034240K), 0.0032336 secs]
82203.983: [GC (Allocation Failure)  354586K->8890K(1103360K), 0.0111238 secs]
82204.503: [GC (Allocation Failure)  423610K->8922K(1186304K), 0.0039957 secs]
82205.023: [GC (Allocation Failure)  506586K->8922K(1286144K), 0.0040094 secs]
82205.656: [GC (Allocation Failure)  606426K->8954K(1405952K), 0.0073113 secs]
82206.395: [GC (Allocation Failure)  726266K->8890K(1549824K), 0.0055910 secs]
82207.298: [GC (Allocation Failure)  870074K->8954K(1517056K), 0.0042125 secs]
82208.114: [GC (Allocation Failure)  837370K->8922K(1485824K), 0.0032613 secs]
82208.918: [GC (Allocation Failure)  806106K->8922K(1456128K), 0.0034007 secs]
82209.715: [GC (Allocation Failure)  776410K->8922K(1427456K), 0.0485377 secs]
82210.499: [GC (Allocation Failure)  747738K->8922K(1400320K), 0.0083329 secs]
82211.279: [GC (Allocation Failure)  720602K->8954K(1374208K), 0.0052750 secs]
82212.047: [GC (Allocation Failure)  694522K->8890K(1349632K), 0.0050208 secs]
82212.797: [GC (Allocation Failure)  669882K->8922K(1326080K), 0.0032029 secs]
82213.528: [GC (Allocation Failure)  646362K->8890K(1303552K), 0.0044475 secs]
82214.161: [GC (Allocation Failure)  623802K->8890K(1282048K), 0.0048349 secs]
82214.807: [GC (Allocation Failure)  602298K->8890K(1261568K), 0.0032762 secs]
82215.386: [GC (Allocation Failure)  581818K->8890K(1242112K), 0.0035763 secs]
82215.940: [GC (Allocation Failure)  562362K->8898K(1223680K), 0.0046181 secs]
82216.531: [GC (Allocation Failure)  543938K->8930K(1205760K), 0.0081825 secs]
82217.098: [GC (Allocation Failure)  526050K->8962K(1188864K), 0.0035481 secs]
82217.608: [GC (Allocation Failure)  509186K->8930K(1172480K), 0.0036403 secs]
82218.139: [GC (Allocation Failure)  492770K->8994K(1157120K), 0.0031200 secs]
82218.603: [GC (Allocation Failure)  477474K->8930K(1142272K), 0.0032815 secs]
82219.054: [GC (Allocation Failure)  462562K->8962K(1127936K), 0.0033209 secs]
82219.534: [GC (Allocation Failure)  448258K->8898K(1114112K), 0.0053969 secs]
82219.989: [GC (Allocation Failure)  434370K->8962K(1101312K), 0.0037730 secs]
82220.557: [GC (Allocation Failure)  421634K->8898K(1089024K), 0.0038857 secs]
82220.957: [GC (Allocation Failure)  409282K->8898K(1077248K), 0.0037474 secs]
82221.367: [GC (Allocation Failure)  397506K->8898K(1065984K), 0.0046063 secs]
82221.771: [GC (Allocation Failure)  386242K->8962K(1055232K), 0.0037858 secs]
82222.159: [GC (Allocation Failure)  375554K->8962K(1044480K), 0.0034570 secs]
82222.530: [GC (Allocation Failure)  364802K->8930K(1034240K), 0.0035099 secs]
82222.882: [GC (Allocation Failure)  354530K->8962K(1024512K), 0.0036250 secs]
82223.217: [GC (Allocation Failure)  344834K->8938K(1015296K), 0.0038678 secs]
82223.563: [GC (Allocation Failure)  335594K->8938K(1006592K), 0.0035754 secs]
82223.886: [GC (Allocation Failure)  326890K->8970K(997888K), 0.0033314 secs]
82224.229: [GC (Allocation Failure)  318218K->8970K(989696K), 0.0033875 secs]
82224.550: [GC (Allocation Failure)  310026K->8938K(1050112K), 0.0076310 secs]
82224.930: [GC (Allocation Failure)  370410K->8906K(1122816K), 0.0033093 secs]
82225.364: [GC (Allocation Failure)  443082K->8906K(1209856K), 0.0040540 secs]
82225.897: [GC (Allocation Failure)  530122K->8938K(1314304K), 0.0035551 secs]
82226.551: [GC (Allocation Failure)  634602K->8970K(1292288K), 0.0033129 secs]
82227.183: [GC (Allocation Failure)  612618K->8970K(1271296K), 0.0032845 secs]
82227.797: [GC (Allocation Failure)  591626K->8938K(1251328K), 0.0052156 secs]
82228.356: [GC (Allocation Failure)  571626K->8970K(1232384K), 0.0039812 secs]
82228.938: [GC (Allocation Failure)  552714K->8938K(1213952K), 0.0036997 secs]
82229.487: [GC (Allocation Failure)  534250K->8938K(1196544K), 0.0058930 secs]
82230.186: [GC (Allocation Failure)  516842K->8938K(1180160K), 0.0037533 secs]
82230.689: [GC (Allocation Failure)  500458K->8906K(1164288K), 0.0034455 secs]
82231.153: [GC (Allocation Failure)  484554K->8938K(1148928K), 0.0032946 secs]
82231.602: [GC (Allocation Failure)  469226K->8970K(1134592K), 0.0036827 secs]
82232.075: [GC (Allocation Failure)  454922K->8906K(1120768K), 0.0044710 secs]
82232.542: [GC (Allocation Failure)  441034K->8938K(1107456K), 0.0041859 secs]
82232.994: [GC (Allocation Failure)  427754K->8906K(1094656K), 0.0037348 secs]
82233.427: [GC (Allocation Failure)  414922K->8970K(1082368K), 0.0039536 secs]
82233.843: [GC (Allocation Failure)  402698K->8938K(1070592K), 0.0035913 secs]
82234.225: [GC (Allocation Failure)  390890K->8938K(1059328K), 0.0037461 secs]
82234.594: [GC (Allocation Failure)  379626K->8938K(1048576K), 0.0042170 secs]
82234.956: [GC (Allocation Failure)  368874K->8938K(1038336K), 0.0036682 secs]
82235.440: [GC (Allocation Failure)  358634K->8906K(1028608K), 0.0035731 secs]
82235.771: [GC (Allocation Failure)  348874K->8938K(1019392K), 0.0030506 secs]
82236.119: [GC (Allocation Failure)  339690K->8938K(1085952K), 0.0072136 secs]
82236.728: [GC (Allocation Failure)  406250K->8970K(1165824K), 0.0035889 secs]
82237.214: [GC (Allocation Failure)  486154K->8970K(1150464K), 0.0043992 secs]
82237.689: [GC (Allocation Failure)  470794K->8970K(1136128K), 0.0035497 secs]
82238.153: [GC (Allocation Failure)  456458K->8906K(1122304K), 0.0055455 secs]
82238.608: [GC (Allocation Failure)  442570K->8970K(1108992K), 0.0036970 secs]
82239.045: [GC (Allocation Failure)  429322K->8970K(1096192K), 0.0036089 secs]
82239.463: [GC (Allocation Failure)  416522K->8906K(1083904K), 0.0035012 secs]
82239.903: [GC (Allocation Failure)  404170K->8970K(1072128K), 0.0037897 secs]
82240.451: [GC (Allocation Failure)  392458K->8970K(1060864K), 0.0036164 secs]
82240.828: [GC (Allocation Failure)  381194K->8906K(1050112K), 0.0039273 secs]
82241.213: [GC (Allocation Failure)  370378K->8906K(1039872K), 0.0034610 secs]
82241.562: [GC (Allocation Failure)  360138K->8906K(1030144K), 0.0033862 secs]
82241.908: [GC (Allocation Failure)  350410K->8970K(1098752K), 0.0055427 secs]
82242.501: [GC (Allocation Failure)  419082K->8938K(1086464K), 0.0034617 secs]
82242.902: [GC (Allocation Failure)  406762K->8938K(1074688K), 0.0039247 secs]
82243.292: [GC (Allocation Failure)  394986K->8906K(1063424K), 0.0039221 secs]
82243.668: [GC (Allocation Failure)  383690K->8906K(1138688K), 0.0058421 secs]
82244.176: [GC (Allocation Failure)  458954K->8938K(1124864K), 0.0032991 secs]
82244.631: [GC (Allocation Failure)  445162K->8938K(1111552K), 0.0046825 secs]
82245.076: [GC (Allocation Failure)  431850K->8938K(1098752K), 0.0044639 secs]
82245.636: [GC (Allocation Failure)  419050K->9034K(1086464K), 0.0052344 secs]
82246.044: [GC (Allocation Failure)  406858K->8906K(1074688K), 0.0038031 secs]
82246.661: [GC (Allocation Failure)  394954K->8938K(1063424K), 0.0036103 secs]
82247.037: [GC (Allocation Failure)  383722K->8938K(1052672K), 0.0048052 secs]
82247.406: [GC (Allocation Failure)  372970K->8970K(1042432K), 0.0036059 secs]
82247.758: [GC (Allocation Failure)  362762K->8906K(1032704K), 0.0033164 secs]
82248.128: [GC (Allocation Failure)  352970K->8938K(1101824K), 0.0045912 secs]
82248.550: [GC (Allocation Failure)  422122K->8970K(1184768K), 0.0042988 secs]
82249.061: [GC (Allocation Failure)  505098K->8938K(1168896K), 0.0037827 secs]
82249.553: [GC (Allocation Failure)  489194K->8938K(1153536K), 0.0034918 secs]
82250.023: [GC (Allocation Failure)  473834K->8970K(1138688K), 0.0033153 secs]
82250.480: [GC (Allocation Failure)  459018K->8970K(1124864K), 0.0039788 secs]
82250.924: [GC (Allocation Failure)  445194K->8938K(1111552K), 0.0032092 secs]
82251.354: [GC (Allocation Failure)  431850K->8938K(1098752K), 0.0037105 secs]
82251.933: [GC (Allocation Failure)  419050K->8938K(1086464K), 0.0036207 secs]
82252.336: [GC (Allocation Failure)  406762K->8906K(1074688K), 0.0034964 secs]
82252.729: [GC (Allocation Failure)  394954K->8906K(1063424K), 0.0037874 secs]
82253.106: [GC (Allocation Failure)  383690K->8938K(1052672K), 0.0038807 secs]
82253.469: [GC (Allocation Failure)  372970K->8906K(1042432K), 0.0033723 secs]
82253.824: [GC (Allocation Failure)  362698K->8938K(1113600K), 0.0063504 secs]
82254.255: [GC (Allocation Failure)  433898K->8938K(1198592K), 0.0040062 secs]
82254.779: [GC (Allocation Failure)  518890K->8938K(1181696K), 0.0042675 secs]
82255.277: [GC (Allocation Failure)  501994K->8938K(1165824K), 0.0036646 secs]
82255.773: [GC (Allocation Failure)  486122K->8938K(1150464K), 0.0038549 secs]
82256.248: [GC (Allocation Failure)  470762K->8938K(1136128K), 0.0034930 secs]
82256.719: [GC (Allocation Failure)  456426K->8938K(1122304K), 0.0040236 secs]
82257.157: [GC (Allocation Failure)  442602K->8970K(1108992K), 0.0040758 secs]
82257.589: [GC (Allocation Failure)  429322K->8938K(1096192K), 0.0035855 secs]
82258.001: [GC (Allocation Failure)  416490K->8970K(1083904K), 0.0036072 secs]
82258.412: [GC (Allocation Failure)  404234K->8938K(1072128K), 0.0033325 secs]
82258.804: [GC (Allocation Failure)  392426K->8938K(1060864K), 0.0046748 secs]
82259.180: [GC (Allocation Failure)  381162K->8938K(1050112K), 0.0042948 secs]
82259.550: [GC (Allocation Failure)  370410K->8938K(1122816K), 0.0046744 secs]
82260.030: [GC (Allocation Failure)  443114K->8906K(1209856K), 0.0107843 secs]
82260.587: [GC (Allocation Failure)  530122K->8906K(1314304K), 0.0026727 secs]
82261.259: [GC (Allocation Failure)  634570K->8970K(1292288K), 0.0029994 secs]
82261.915: [GC (Allocation Failure)  612618K->8938K(1413120K), 0.0108568 secs]
82262.850: [GC (Allocation Failure)  733418K->8938K(1386496K), 0.0034168 secs]
82263.568: [GC (Allocation Failure)  706794K->8970K(1361408K), 0.0033600 secs]
82264.259: [GC (Allocation Failure)  681738K->8938K(1337344K), 0.0039328 secs]
82264.941: [GC (Allocation Failure)  657642K->8938K(1314304K), 0.0035701 secs]
82265.741: [GC (Allocation Failure)  634602K->8906K(1292288K), 0.0043842 secs]
82266.397: [GC (Allocation Failure)  612554K->8938K(1271296K), 0.0040386 secs]
82266.999: [GC (Allocation Failure)  591594K->8970K(1251328K), 0.0033589 secs]
82267.597: [GC (Allocation Failure)  571658K->8970K(1232384K), 0.0044111 secs]
82268.157: [GC (Allocation Failure)  552714K->8906K(1213952K), 0.0038168 secs]
82268.689: [GC (Allocation Failure)  534218K->8938K(1196544K), 0.0034657 secs]
82269.217: [GC (Allocation Failure)  516842K->8938K(1180160K), 0.0039485 secs]
82269.732: [GC (Allocation Failure)  500458K->8970K(1164288K), 0.0038874 secs]
82270.223: [GC (Allocation Failure)  484618K->8906K(1148928K), 0.0046272 secs]
82270.695: [GC (Allocation Failure)  469194K->8970K(1134592K), 0.0036190 secs]
82271.145: [GC (Allocation Failure)  454922K->8906K(1120768K), 0.0036753 secs]
82271.605: [GC (Allocation Failure)  441034K->8906K(1107456K), 0.0040385 secs]
82272.186: [GC (Allocation Failure)  427722K->8938K(1094656K), 0.0034779 secs]
82272.640: [GC (Allocation Failure)  414954K->8938K(1082368K), 0.0040754 secs]
82273.050: [GC (Allocation Failure)  402666K->8906K(1070592K), 0.0043526 secs]
82273.459: [GC (Allocation Failure)  390858K->8938K(1059328K), 0.0034676 secs]
82273.855: [GC (Allocation Failure)  379626K->8938K(1048576K), 0.0045650 secs]
82274.218: [GC (Allocation Failure)  368874K->8906K(1038336K), 0.0045735 secs]
82274.577: [GC (Allocation Failure)  358602K->8938K(1108480K), 0.0041046 secs]
82274.998: [GC (Allocation Failure)  428778K->8970K(1192448K), 0.0043117 secs]
82275.502: [GC (Allocation Failure)  512778K->8938K(1176064K), 0.0043190 secs]
82275.994: [GC (Allocation Failure)  496362K->8938K(1160192K), 0.0035650 secs]
82276.467: [GC (Allocation Failure)  480490K->8906K(1145344K), 0.0034426 secs]
82276.920: [GC (Allocation Failure)  465610K->8938K(1131008K), 0.0032761 secs]
82277.359: [GC (Allocation Failure)  451306K->8938K(1117184K), 0.0040048 secs]
82277.995: [GC (Allocation Failure)  437482K->8938K(1103872K), 0.0044640 secs]
82278.399: [GC (Allocation Failure)  424170K->8938K(1091072K), 0.0036349 secs]
82278.790: [GC (Allocation Failure)  411370K->8938K(1079296K), 0.0031100 secs]
82279.169: [GC (Allocation Failure)  399594K->8938K(1068032K), 0.0038315 secs]
82279.538: [GC (Allocation Failure)  388330K->8938K(1056768K), 0.0040086 secs]
82279.902: [GC (Allocation Failure)  377066K->8906K(1046016K), 0.0046337 secs]
82280.252: [GC (Allocation Failure)  366282K->8938K(1117696K), 0.0041407 secs]
82280.676: [GC (Allocation Failure)  437994K->8906K(1203712K), 0.0054251 secs]
82281.185: [GC (Allocation Failure)  523978K->8938K(1307136K), 0.0045277 secs]
82281.786: [GC (Allocation Failure)  627434K->8906K(1285632K), 0.0031553 secs]
82282.367: [GC (Allocation Failure)  605898K->8970K(1265152K), 0.0041288 secs]
82283.094: [GC (Allocation Failure)  585482K->8874K(1245696K), 0.0043404 secs]
82283.640: [GC (Allocation Failure)  565930K->8938K(1226752K), 0.0043519 secs]
82284.171: [GC (Allocation Failure)  547050K->8938K(1208832K), 0.0037332 secs]
82284.678: [GC (Allocation Failure)  529130K->8938K(1191936K), 0.0035169 secs]
82285.169: [GC (Allocation Failure)  512234K->8938K(1175552K), 0.0036455 secs]
82285.646: [GC (Allocation Failure)  495850K->8938K(1159680K), 0.0033303 secs]
82286.104: [GC (Allocation Failure)  479978K->8906K(1144832K), 0.0040639 secs]
82286.588: [GC (Allocation Failure)  465098K->8938K(1130496K), 0.0035513 secs]
82287.018: [GC (Allocation Failure)  450794K->8970K(1116672K), 0.0038530 secs]
82287.435: [GC (Allocation Failure)  437002K->8906K(1103360K), 0.0036915 secs]
82287.857: [GC (Allocation Failure)  423626K->8970K(1091072K), 0.0038374 secs]
82288.247: [GC (Allocation Failure)  411402K->8938K(1079296K), 0.0033414 secs]
82288.626: [GC (Allocation Failure)  399594K->8938K(1068032K), 0.0040714 secs]
82288.994: [GC (Allocation Failure)  388330K->8938K(1056768K), 0.0044024 secs]
82289.357: [GC (Allocation Failure)  377066K->8906K(1046016K), 0.0035490 secs]
82289.703: [GC (Allocation Failure)  366282K->8906K(1035776K), 0.0038555 secs]
82290.038: [GC (Allocation Failure)  356042K->8938K(1026048K), 0.0035799 secs]
82290.374: [GC (Allocation Failure)  346346K->8970K(1093632K), 0.0038033 secs]
82290.832: [GC (Allocation Failure)  413962K->8938K(1081344K), 0.0040090 secs]
82291.230: [GC (Allocation Failure)  401642K->8938K(1069568K), 0.0031931 secs]
82291.616: [GC (Allocation Failure)  389866K->8970K(1058304K), 0.0031998 secs]
82292.011: [GC (Allocation Failure)  378634K->8906K(1047552K), 0.0033311 secs]
82292.357: [GC (Allocation Failure)  367818K->8938K(1037312K), 0.0041100 secs]
82292.695: [GC (Allocation Failure)  357610K->8970K(1027584K), 0.0033136 secs]
82293.098: [GC (Allocation Failure)  347914K->8874K(1018368K), 0.0035420 secs]
82293.419: [GC (Allocation Failure)  338602K->8906K(1009152K), 0.0039621 secs]
82293.736: [GC (Allocation Failure)  329418K->8938K(1073664K), 0.0034454 secs]
82294.109: [GC (Allocation Failure)  393962K->8938K(1062400K), 0.0032660 secs]
82294.471: [GC (Allocation Failure)  382698K->8938K(1137152K), 0.0047006 secs]
82294.909: [GC (Allocation Failure)  457450K->8970K(1123328K), 0.0037305 secs]
82295.332: [GC (Allocation Failure)  443658K->8906K(1110016K), 0.0032218 secs]
82295.740: [GC (Allocation Failure)  430282K->8938K(1097216K), 0.0042930 secs]
82296.138: [GC (Allocation Failure)  417514K->8970K(1084928K), 0.0034095 secs]
82296.522: [GC (Allocation Failure)  405258K->8970K(1073152K), 0.0033203 secs]
82296.897: [GC (Allocation Failure)  393482K->8970K(1061888K), 0.0034239 secs]
82297.257: [GC (Allocation Failure)  382218K->8906K(1051136K), 0.0038999 secs]
82297.610: [GC (Allocation Failure)  371402K->8938K(1040896K), 0.0033723 secs]
82297.951: [GC (Allocation Failure)  361194K->8938K(1031168K), 0.0039407 secs]
82298.297: [GC (Allocation Failure)  351466K->8906K(1021440K), 0.0033212 secs]
82298.620: [GC (Allocation Failure)  341706K->8906K(1088000K), 0.0037136 secs]
82299.009: [GC (Allocation Failure)  408266K->8906K(1076224K), 0.0035776 secs]
82299.386: [GC (Allocation Failure)  396490K->8938K(1064960K), 0.0032068 secs]
82299.749: [GC (Allocation Failure)  385258K->8938K(1054208K), 0.0038672 secs]
82300.105: [GC (Allocation Failure)  374506K->8938K(1127424K), 0.0043528 secs]
82300.536: [GC (Allocation Failure)  447722K->8938K(1114112K), 0.0039630 secs]
82300.954: [GC (Allocation Failure)  434410K->8938K(1101312K), 0.0043229 secs]
82301.366: [GC (Allocation Failure)  421610K->8938K(1089024K), 0.0036620 secs]
82301.773: [GC (Allocation Failure)  409322K->8938K(1077248K), 0.0042463 secs]
82302.173: [GC (Allocation Failure)  397546K->8906K(1065984K), 0.0035765 secs]
82302.557: [GC (Allocation Failure)  386250K->8906K(1055232K), 0.0042454 secs]
82302.924: [GC (Allocation Failure)  375498K->8938K(1128960K), 0.0042265 secs]
82303.358: [GC (Allocation Failure)  449258K->8906K(1217024K), 0.0045016 secs]
82303.896: [GC (Allocation Failure)  537290K->8906K(1199616K), 0.0037457 secs]
82304.396: [GC (Allocation Failure)  519882K->8938K(1182720K), 0.0043145 secs]
82304.881: [GC (Allocation Failure)  503018K->8970K(1166848K), 0.0043442 secs]
82305.352: [GC (Allocation Failure)  487178K->8938K(1151488K), 0.0042503 secs]
82305.810: [GC (Allocation Failure)  471786K->8938K(1136640K), 0.0227006 secs]
82306.272: [GC (Allocation Failure)  456938K->8938K(1122816K), 0.0031677 secs]
82306.699: [GC (Allocation Failure)  443114K->9010K(1109504K), 0.0035723 secs]
82307.108: [GC (Allocation Failure)  429874K->8946K(1096704K), 0.0034473 secs]
82307.504: [GC (Allocation Failure)  417010K->8946K(1084416K), 0.0036973 secs]
82307.887: [GC (Allocation Failure)  404722K->8914K(1072640K), 0.0036231 secs]
82308.262: [GC (Allocation Failure)  392914K->8946K(1061376K), 0.0033237 secs]
82308.623: [GC (Allocation Failure)  381682K->8978K(1050624K), 0.0033747 secs]
82308.996: [GC (Allocation Failure)  370962K->8914K(1040384K), 0.0046797 secs]
82309.342: [GC (Allocation Failure)  360658K->8978K(1111040K), 0.0040048 secs]
82309.758: [GC (Allocation Failure)  431378K->8946K(1098240K), 0.0037439 secs]
82310.156: [GC (Allocation Failure)  418546K->8946K(1085952K), 0.0039143 secs]
82310.541: [GC (Allocation Failure)  406258K->8946K(1074176K), 0.0041952 secs]
82310.921: [GC (Allocation Failure)  394482K->8946K(1151488K), 0.0041582 secs]
82311.372: [GC (Allocation Failure)  471794K->8882K(1136640K), 0.0039694 secs]
82311.808: [GC (Allocation Failure)  456882K->8978K(1122816K), 0.0043622 secs]
82312.232: [GC (Allocation Failure)  443154K->8946K(1109504K), 0.0038970 secs]
82312.643: [GC (Allocation Failure)  429810K->8914K(1096704K), 0.0042427 secs]
82313.047: [GC (Allocation Failure)  416978K->8978K(1084416K), 0.0037285 secs]
82313.432: [GC (Allocation Failure)  404754K->8914K(1072640K), 0.0036151 secs]
82313.818: [GC (Allocation Failure)  392914K->8946K(1061376K), 0.0030724 secs]
82314.179: [GC (Allocation Failure)  381682K->8946K(1050624K), 0.0036245 secs]
82314.530: [GC (Allocation Failure)  370930K->8978K(1040384K), 0.0041136 secs]
82314.876: [GC (Allocation Failure)  360722K->8914K(1030656K), 0.0030561 secs]
82315.213: [GC (Allocation Failure)  350930K->8946K(1020928K), 0.0032090 secs]
82315.552: [GC (Allocation Failure)  341234K->8946K(1011712K), 0.0036842 secs]
82315.882: [GC (Allocation Failure)  332018K->8946K(1003008K), 0.0037206 secs]
82316.363: [GC (Allocation Failure)  323314K->8946K(994816K), 0.0039283 secs]
82316.684: [GC (Allocation Failure)  315122K->8914K(986624K), 0.0032595 secs]
82317.031: [GC (Allocation Failure)  306898K->8946K(978944K), 0.0036536 secs]
82317.468: [GC (Allocation Failure)  299250K->8946K(971264K), 0.0043273 secs]
82317.756: [GC (Allocation Failure)  291570K->8946K(1028096K), 0.0035140 secs]
82318.096: [GC (Allocation Failure)  348402K->8946K(1096192K), 0.0032718 secs]
82318.516: [GC (Allocation Failure)  416498K->8914K(1083904K), 0.0033011 secs]
82318.900: [GC (Allocation Failure)  404178K->8914K(1072128K), 0.0040906 secs]
82319.292: [GC (Allocation Failure)  392402K->8946K(1060864K), 0.0038198 secs]
82319.655: [GC (Allocation Failure)  381170K->8946K(1050112K), 0.0037655 secs]
82320.007: [GC (Allocation Failure)  370418K->8946K(1039872K), 0.0036647 secs]
82320.348: [GC (Allocation Failure)  360178K->8946K(1030144K), 0.0032992 secs]
82320.679: [GC (Allocation Failure)  350450K->8914K(1020928K), 0.0037678 secs]
82321.002: [GC (Allocation Failure)  341202K->8946K(1011712K), 0.0033825 secs]
82321.316: [GC (Allocation Failure)  332018K->8946K(1003008K), 0.0031573 secs]
82321.624: [GC (Allocation Failure)  323314K->8978K(994816K), 0.0033054 secs]
82321.923: [GC (Allocation Failure)  315154K->8946K(1056256K), 0.0034879 secs]
82322.279: [GC (Allocation Failure)  376562K->8946K(1045504K), 0.0032405 secs]
82322.625: [GC (Allocation Failure)  365810K->8946K(1035264K), 0.0030550 secs]
82322.961: [GC (Allocation Failure)  355570K->8978K(1025536K), 0.0031940 secs]
82323.288: [GC (Allocation Failure)  345874K->8914K(1016320K), 0.0032631 secs]
82323.605: [GC (Allocation Failure)  336594K->8946K(1007616K), 0.0030231 secs]
82323.922: [GC (Allocation Failure)  327922K->8946K(1071616K), 0.0041754 secs]
82324.484: [GC (Allocation Failure)  391922K->8946K(1148416K), 0.0074472 secs]
82324.935: [GC (Allocation Failure)  468722K->8946K(1134080K), 0.0030491 secs]
82325.368: [GC (Allocation Failure)  454386K->8914K(1120256K), 0.0034591 secs]
82325.790: [GC (Allocation Failure)  440530K->8946K(1106944K), 0.0030058 secs]
82326.208: [GC (Allocation Failure)  427250K->8946K(1094144K), 0.0035257 secs]
82326.622: [GC (Allocation Failure)  414450K->8946K(1081856K), 0.0031375 secs]
82327.021: [GC (Allocation Failure)  402162K->8946K(1070080K), 0.0028989 secs]
82327.399: [GC (Allocation Failure)  390386K->8946K(1146368K), 0.0067319 secs]
82327.849: [GC (Allocation Failure)  466674K->8946K(1132032K), 0.0035744 secs]
82328.282: [GC (Allocation Failure)  452338K->8914K(1118208K), 0.0035708 secs]
82328.851: [GC (Allocation Failure)  438482K->8946K(1104896K), 0.0034335 secs]
82329.264: [GC (Allocation Failure)  425202K->8978K(1092096K), 0.0030061 secs]
82329.761: [GC (Allocation Failure)  412434K->8946K(1079808K), 0.0038940 secs]
82330.169: [GC (Allocation Failure)  400114K->8946K(1068032K), 0.0038584 secs]
82330.597: [GC (Allocation Failure)  388338K->8978K(1056768K), 0.0033392 secs]
82331.206: [GC (Allocation Failure)  377106K->8946K(1046016K), 0.0034656 secs]
82331.564: [GC (Allocation Failure)  366322K->8882K(1035776K), 0.0034864 secs]
82331.913: [GC (Allocation Failure)  356018K->8946K(1026048K), 0.0029964 secs]
82332.275: [GC (Allocation Failure)  346354K->8914K(1016832K), 0.0033161 secs]
82332.642: [GC (Allocation Failure)  337106K->8978K(1008128K), 0.0031445 secs]
82332.968: [GC (Allocation Failure)  328466K->8914K(999424K), 0.0032525 secs]
82333.271: [GC (Allocation Failure)  319698K->8978K(1061888K), 0.0062839 secs]
82333.663: [GC (Allocation Failure)  382226K->8946K(1136640K), 0.0037050 secs]
82334.103: [GC (Allocation Failure)  456946K->8946K(1122816K), 0.0030133 secs]
82334.542: [GC (Allocation Failure)  443122K->8914K(1109504K), 0.0030165 secs]
82334.963: [GC (Allocation Failure)  429778K->8946K(1096704K), 0.0029598 secs]
82335.381: [GC (Allocation Failure)  417010K->8946K(1084416K), 0.0034884 secs]
82335.810: [GC (Allocation Failure)  404722K->8946K(1072640K), 0.0026653 secs]
82336.217: [GC (Allocation Failure)  392946K->8946K(1061376K), 0.0032896 secs]
82336.588: [GC (Allocation Failure)  381682K->8914K(1050624K), 0.0041785 secs]
82336.945: [GC (Allocation Failure)  370898K->8946K(1040384K), 0.0042009 secs]
82337.295: [GC (Allocation Failure)  360690K->8978K(1030656K), 0.0036920 secs]
82337.635: [GC (Allocation Failure)  350994K->8978K(1099264K), 0.0045343 secs]
82338.060: [GC (Allocation Failure)  419602K->8978K(1086976K), 0.0029436 secs]
82338.474: [GC (Allocation Failure)  407314K->8946K(1075200K), 0.0036804 secs]
82338.877: [GC (Allocation Failure)  395506K->8914K(1063936K), 0.0034070 secs]
82339.269: [GC (Allocation Failure)  384210K->8978K(1053184K), 0.0034271 secs]
82339.650: [GC (Allocation Failure)  373522K->8946K(1042944K), 0.0042376 secs]
82340.147: [GC (Allocation Failure)  363250K->8978K(1032704K), 0.0044231 secs]
82340.485: [GC (Allocation Failure)  353042K->8978K(1022976K), 0.0035073 secs]
82340.830: [GC (Allocation Failure)  343314K->8946K(1013760K), 0.0037923 secs]
82341.179: [GC (Allocation Failure)  334066K->8914K(1078784K), 0.0041848 secs]
82341.571: [GC (Allocation Failure)  399058K->8946K(1067520K), 0.0035416 secs]
82341.948: [GC (Allocation Failure)  387826K->8914K(1143296K), 0.0091410 secs]
82342.465: [GC (Allocation Failure)  463570K->8954K(1234432K), 0.0035956 secs]
82343.056: [GC (Allocation Failure)  554746K->8954K(1344000K), 0.0035697 secs]
82343.697: [GC (Allocation Failure)  664314K->8954K(1320960K), 0.0031088 secs]
82344.331: [GC (Allocation Failure)  641274K->8922K(1298944K), 0.0027781 secs]
82344.938: [GC (Allocation Failure)  619226K->8954K(1277952K), 0.0037018 secs]
82345.668: [GC (Allocation Failure)  598266K->9018K(1257472K), 0.0030957 secs]
82346.240: [GC (Allocation Failure)  577850K->8954K(1238016K), 0.0034230 secs]
82346.811: [GC (Allocation Failure)  558330K->8986K(1219584K), 0.0032157 secs]
82347.330: [GC (Allocation Failure)  539930K->8922K(1202176K), 0.0041373 secs]
82347.881: [GC (Allocation Failure)  522458K->8922K(1185280K), 0.0045654 secs]
82348.411: [GC (Allocation Failure)  505562K->8954K(1169408K), 0.0030530 secs]
82348.884: [GC (Allocation Failure)  489722K->8922K(1154048K), 0.0045258 secs]
82349.458: [GC (Allocation Failure)  474330K->8954K(1139200K), 0.0046745 secs]
82349.908: [GC (Allocation Failure)  459514K->8954K(1125376K), 0.0039216 secs]
82350.365: [GC (Allocation Failure)  445690K->8986K(1112064K), 0.0031633 secs]
82350.998: [GC (Allocation Failure)  432410K->8994K(1099264K), 0.0033654 secs]
82351.432: [GC (Allocation Failure)  419618K->8962K(1086976K), 0.0032447 secs]
82351.829: [GC (Allocation Failure)  407298K->8994K(1075200K), 0.0028899 secs]
82352.204: [GC (Allocation Failure)  395554K->8970K(1063936K), 0.0030770 secs]
82352.566: [GC (Allocation Failure)  384266K->8938K(1053184K), 0.0030880 secs]
82353.111: [GC (Allocation Failure)  373482K->8970K(1042944K), 0.0039277 secs]
82353.466: [GC (Allocation Failure)  363274K->9002K(1032704K), 0.0031050 secs]
82353.826: [GC (Allocation Failure)  353066K->8970K(1022976K), 0.0033710 secs]
82354.163: [GC (Allocation Failure)  343306K->8906K(1013760K), 0.0037883 secs]
82354.490: [GC (Allocation Failure)  334026K->8970K(1005056K), 0.0033120 secs]
82354.813: [GC (Allocation Failure)  325386K->8970K(996352K), 0.0034893 secs]
82355.113: [GC (Allocation Failure)  316682K->9034K(988160K), 0.0036893 secs]
82355.546: [GC (Allocation Failure)  308554K->8970K(980480K), 0.0040087 secs]
82355.844: [GC (Allocation Failure)  300810K->8970K(1038848K), 0.0037213 secs]
82356.196: [GC (Allocation Failure)  359178K->9034K(1108992K), 0.0038573 secs]
82356.654: [GC (Allocation Failure)  429386K->8970K(1096192K), 0.0036777 secs]
82357.060: [GC (Allocation Failure)  416522K->9034K(1083904K), 0.0040799 secs]
82357.454: [GC (Allocation Failure)  404298K->9002K(1163264K), 0.0075798 secs]
82357.929: [GC (Allocation Failure)  483626K->9002K(1258496K), 0.0030772 secs]
82358.497: [GC (Allocation Failure)  578858K->8938K(1239040K), 0.0027049 secs]
82359.043: [GC (Allocation Failure)  559338K->9002K(1220608K), 0.0038189 secs]
82359.842: [GC (Allocation Failure)  540970K->8970K(1203200K), 0.0110071 secs]
82360.385: [GC (Allocation Failure)  523530K->8970K(1306112K), 0.0123718 secs]
82361.004: [GC (Allocation Failure)  626442K->8970K(1430016K), 0.0035922 secs]
82361.760: [GC (Allocation Failure)  750346K->8938K(1402880K), 0.0050528 secs]
82362.529: [GC (Allocation Failure)  723178K->8970K(1376768K), 0.0053634 secs]
82363.410: [GC (Allocation Failure)  697098K->8970K(1352192K), 0.0107614 secs]
82364.076: [GC (Allocation Failure)  672522K->8970K(1328640K), 0.0039297 secs]
82364.719: [GC (Allocation Failure)  648970K->8970K(1306112K), 0.0032585 secs]
82365.563: [GC (Allocation Failure)  626442K->9002K(1284608K), 0.0040045 secs]
82366.155: [GC (Allocation Failure)  604970K->8970K(1264128K), 0.0041308 secs]
82366.764: [GC (Allocation Failure)  584458K->8938K(1244672K), 0.0141861 secs]
82367.356: [GC (Allocation Failure)  564970K->8906K(1225728K), 0.0045395 secs]
82367.925: [GC (Allocation Failure)  545994K->8938K(1207808K), 0.0038103 secs]
82368.463: [GC (Allocation Failure)  528106K->9002K(1190912K), 0.0038468 secs]
82368.955: [GC (Allocation Failure)  511274K->8938K(1174528K), 0.0074793 secs]
82369.444: [GC (Allocation Failure)  494826K->8970K(1159168K), 0.0041745 secs]
82369.930: [GC (Allocation Failure)  479498K->8970K(1144320K), 0.0039091 secs]
82370.384: [GC (Allocation Failure)  464650K->8938K(1129984K), 0.0035306 secs]
82370.843: [GC (Allocation Failure)  450282K->8938K(1116160K), 0.0037648 secs]
82371.479: [GC (Allocation Failure)  436458K->8970K(1102848K), 0.0029713 secs]
82371.943: [GC (Allocation Failure)  423178K->8938K(1090560K), 0.0037457 secs]
82372.343: [GC (Allocation Failure)  410858K->8938K(1078784K), 0.0032128 secs]
82372.730: [GC (Allocation Failure)  399082K->8970K(1067520K), 0.0039156 secs]
82373.127: [GC (Allocation Failure)  387850K->8970K(1056256K), 0.0030149 secs]
82373.503: [GC (Allocation Failure)  376586K->8938K(1045504K), 0.0037644 secs]
82373.869: [GC (Allocation Failure)  365802K->9002K(1035264K), 0.0034306 secs]
82374.228: [GC (Allocation Failure)  355626K->8938K(1025536K), 0.0038056 secs]
82374.562: [GC (Allocation Failure)  345834K->8970K(1016320K), 0.0033752 secs]
82374.915: [GC (Allocation Failure)  336650K->8970K(1007616K), 0.0036699 secs]
82375.391: [GC (Allocation Failure)  327946K->9002K(998912K), 0.0037786 secs]
82375.721: [GC (Allocation Failure)  319274K->9002K(990720K), 0.0041605 secs]
82376.043: [GC (Allocation Failure)  311082K->8970K(1051136K), 0.0042207 secs]
82376.420: [GC (Allocation Failure)  371466K->8970K(1123840K), 0.0039455 secs]
82376.881: [GC (Allocation Failure)  444170K->9002K(1210880K), 0.0042904 secs]
82377.400: [GC (Allocation Failure)  531242K->9002K(1193472K), 0.0027414 secs]
82377.898: [GC (Allocation Failure)  513834K->9002K(1177088K), 0.0034454 secs]
82378.398: [GC (Allocation Failure)  497450K->8938K(1161216K), 0.0031218 secs]
82378.881: [GC (Allocation Failure)  481514K->8906K(1146368K), 0.0044335 secs]
82379.383: [GC (Allocation Failure)  466634K->8906K(1132032K), 0.0033118 secs]
82380.008: [GC (Allocation Failure)  452298K->8938K(1118208K), 0.0042836 secs]
82380.435: [GC (Allocation Failure)  438506K->9002K(1204224K), 0.0100733 secs]
82380.978: [GC (Allocation Failure)  524586K->8970K(1187328K), 0.0025700 secs]
82381.464: [GC (Allocation Failure)  507658K->8970K(1170944K), 0.0038808 secs]
82381.935: [GC (Allocation Failure)  491274K->8938K(1155584K), 0.0035256 secs]
82382.421: [GC (Allocation Failure)  475882K->8970K(1140736K), 0.0039877 secs]
82382.865: [GC (Allocation Failure)  461066K->8938K(1126400K), 0.0035141 secs]
82383.295: [GC (Allocation Failure)  446698K->8970K(1113088K), 0.0038394 secs]
82383.713: [GC (Allocation Failure)  433418K->8970K(1100288K), 0.0046714 secs]
82384.118: [GC (Allocation Failure)  420618K->8970K(1088000K), 0.0040873 secs]
82384.515: [GC (Allocation Failure)  408330K->8970K(1076224K), 0.0032631 secs]
82384.899: [GC (Allocation Failure)  396554K->8970K(1064960K), 0.0043191 secs]
82385.291: [GC (Allocation Failure)  385290K->9002K(1054208K), 0.0032565 secs]
82385.668: [GC (Allocation Failure)  374570K->8970K(1043968K), 0.0036460 secs]
82386.037: [GC (Allocation Failure)  364298K->8938K(1033728K), 0.0037776 secs]
82386.387: [GC (Allocation Failure)  354026K->8970K(1024000K), 0.0032833 secs]
82386.720: [GC (Allocation Failure)  344330K->8970K(1014784K), 0.0039706 secs]
82387.056: [GC (Allocation Failure)  335114K->8970K(1006080K), 0.0035180 secs]
82387.542: [GC (Allocation Failure)  326410K->8906K(997376K), 0.0037181 secs]
82387.858: [GC (Allocation Failure)  317642K->8970K(989184K), 0.0034805 secs]
82388.319: [GC (Allocation Failure)  309514K->9002K(981504K), 0.0032999 secs]
82388.623: [GC (Allocation Failure)  301866K->8938K(1040384K), 0.0043540 secs]
82389.008: [GC (Allocation Failure)  360682K->8938K(1030656K), 0.0032941 secs]
82389.405: [GC (Allocation Failure)  350954K->8938K(1020928K), 0.0033872 secs]
82389.761: [GC (Allocation Failure)  341226K->8938K(1011712K), 0.0034527 secs]
82390.096: [GC (Allocation Failure)  332010K->8938K(1076736K), 0.0041426 secs]
82390.512: [GC (Allocation Failure)  397034K->8970K(1065472K), 0.0033549 secs]
82390.890: [GC (Allocation Failure)  385802K->9002K(1054720K), 0.0029792 secs]
82391.257: [GC (Allocation Failure)  375082K->8970K(1044480K), 0.0033864 secs]
82391.635: [GC (Allocation Failure)  364810K->8970K(1034240K), 0.0032293 secs]
82392.008: [GC (Allocation Failure)  354570K->8938K(1024512K), 0.0031013 secs]
82392.357: [GC (Allocation Failure)  344810K->8938K(1015296K), 0.0036360 secs]
82392.707: [GC (Allocation Failure)  335594K->8970K(1006592K), 0.0038123 secs]
82393.027: [GC (Allocation Failure)  326922K->8970K(997888K), 0.0037131 secs]
82393.339: [GC (Allocation Failure)  318218K->8970K(989696K), 0.0031779 secs]
82393.642: [GC (Allocation Failure)  310026K->8970K(982016K), 0.0030799 secs]
82393.940: [GC (Allocation Failure)  302346K->8970K(974336K), 0.0030040 secs]
82394.273: [GC (Allocation Failure)  294666K->8970K(967168K), 0.0033032 secs]
82394.555: [GC (Allocation Failure)  287498K->8938K(1022976K), 0.0034202 secs]
82394.905: [GC (Allocation Failure)  343274K->9002K(1090048K), 0.0051571 secs]
82395.326: [GC (Allocation Failure)  410410K->9002K(1170432K), 0.0032928 secs]
82395.951: [GC (Allocation Failure)  490794K->8970K(1155072K), 0.0032897 secs]
82396.415: [GC (Allocation Failure)  475402K->8970K(1140224K), 0.0038337 secs]
82396.864: [GC (Allocation Failure)  460554K->8970K(1125888K), 0.0037213 secs]
82397.298: [GC (Allocation Failure)  446218K->9002K(1112576K), 0.0032838 secs]
82397.742: [GC (Allocation Failure)  432938K->9002K(1099776K), 0.0042780 secs]
82398.157: [GC (Allocation Failure)  420138K->8938K(1087488K), 0.0036574 secs]
82398.559: [GC (Allocation Failure)  407786K->8938K(1075712K), 0.0041751 secs]
82398.946: [GC (Allocation Failure)  396010K->8938K(1064448K), 0.0039811 secs]
82399.323: [GC (Allocation Failure)  384746K->8970K(1053696K), 0.0037979 secs]
82399.690: [GC (Allocation Failure)  374026K->8970K(1126912K), 0.0050228 secs]
82400.133: [GC (Allocation Failure)  447242K->8938K(1214976K), 0.0042917 secs]
82400.663: [GC (Allocation Failure)  535274K->8970K(1320448K), 0.0051252 secs]
82401.505: [GC (Allocation Failure)  640778K->8978K(1298432K), 0.0039689 secs]
82402.129: [GC (Allocation Failure)  618770K->8978K(1277440K), 0.0029727 secs]
82402.711: [GC (Allocation Failure)  597778K->8978K(1257472K), 0.0034453 secs]
82403.269: [GC (Allocation Failure)  577810K->8978K(1238016K), 0.0042293 secs]
82403.984: [GC (Allocation Failure)  558354K->8978K(1219584K), 0.0037254 secs]
82404.507: [GC (Allocation Failure)  539922K->9010K(1202176K), 0.0031873 secs]
82405.009: [GC (Allocation Failure)  522546K->9010K(1185280K), 0.0035153 secs]
82405.648: [GC (Allocation Failure)  505650K->8978K(1169408K), 0.0033746 secs]
82406.144: [GC (Allocation Failure)  489746K->8946K(1154048K), 0.0047423 secs]
82406.844: [GC (Allocation Failure)  474354K->8978K(1139200K), 0.0031347 secs]
82407.287: [GC (Allocation Failure)  459538K->8978K(1125376K), 0.0033698 secs]
82407.711: [GC (Allocation Failure)  445714K->8946K(1112064K), 0.0034658 secs]
82408.123: [GC (Allocation Failure)  432370K->9010K(1099264K), 0.0039953 secs]
82408.701: [GC (Allocation Failure)  419634K->8978K(1086976K), 0.0035168 secs]
82409.086: [GC (Allocation Failure)  407314K->8978K(1075200K), 0.0036177 secs]
82409.461: [GC (Allocation Failure)  395538K->8978K(1063936K), 0.0039173 secs]
82409.859: [GC (Allocation Failure)  384274K->8978K(1053184K), 0.0032204 secs]
82410.221: [GC (Allocation Failure)  373522K->8946K(1042944K), 0.0028257 secs]
82410.595: [GC (Allocation Failure)  363250K->8946K(1032704K), 0.0030362 secs]
82410.984: [GC (Allocation Failure)  353010K->8946K(1022976K), 0.0028924 secs]
82411.316: [GC (Allocation Failure)  343282K->8978K(1013760K), 0.0039108 secs]
82411.641: [GC (Allocation Failure)  334098K->8978K(1005056K), 0.0033454 secs]
82411.991: [GC (Allocation Failure)  325394K->8978K(996352K), 0.0035874 secs]
82412.328: [GC (Allocation Failure)  316690K->8978K(988160K), 0.0028517 secs]
82412.647: [GC (Allocation Failure)  308498K->9010K(980480K), 0.0033869 secs]
82412.938: [GC (Allocation Failure)  300850K->8946K(1038848K), 0.0041843 secs]
82413.332: [GC (Allocation Failure)  359154K->8978K(1029120K), 0.0031927 secs]
82413.672: [GC (Allocation Failure)  349458K->8978K(1019904K), 0.0030584 secs]
82414.003: [GC (Allocation Failure)  340242K->8978K(1010688K), 0.0031852 secs]
82414.492: [GC (Allocation Failure)  331026K->8946K(1001984K), 0.0033637 secs]
82414.828: [GC (Allocation Failure)  322290K->9010K(1064960K), 0.0049073 secs]
82415.248: [GC (Allocation Failure)  385330K->8978K(1140224K), 0.0042797 secs]
82415.762: [GC (Allocation Failure)  460562K->8946K(1125888K), 0.0036510 secs]
82416.224: [GC (Allocation Failure)  446194K->8978K(1112576K), 0.0034165 secs]
82416.656: [GC (Allocation Failure)  432914K->8946K(1099776K), 0.0036486 secs]
82417.072: [GC (Allocation Failure)  420082K->8946K(1087488K), 0.0029194 secs]
82417.484: [GC (Allocation Failure)  407794K->9010K(1075712K), 0.0041862 secs]
82417.896: [GC (Allocation Failure)  396082K->9010K(1064448K), 0.0036738 secs]
82418.271: [GC (Allocation Failure)  384818K->9010K(1053696K), 0.0030906 secs]
82418.636: [GC (Allocation Failure)  374066K->9010K(1043456K), 0.0024311 secs]
82418.997: [GC (Allocation Failure)  363826K->8978K(1033216K), 0.0027781 secs]
82419.347: [GC (Allocation Failure)  353554K->8978K(1023488K), 0.0034807 secs]
82419.838: [GC (Allocation Failure)  343826K->8978K(1014272K), 0.0037113 secs]
82420.201: [GC (Allocation Failure)  334610K->8978K(1005568K), 0.0032426 secs]
82420.629: [GC (Allocation Failure)  325906K->8978K(996864K), 0.0032101 secs]
82420.929: [GC (Allocation Failure)  317202K->8946K(988672K), 0.0039915 secs]
82421.221: [GC (Allocation Failure)  308978K->8978K(980992K), 0.0035150 secs]
82421.506: [GC (Allocation Failure)  301330K->8946K(1039872K), 0.0040285 secs]
82421.871: [GC (Allocation Failure)  360178K->8978K(1110528K), 0.0030441 secs]
82422.388: [GC (Allocation Failure)  430866K->8946K(1097728K), 0.0118483 secs]
82422.803: [GC (Allocation Failure)  418034K->8978K(1085440K), 0.0033190 secs]
82423.193: [GC (Allocation Failure)  405778K->8978K(1073664K), 0.0034738 secs]
82423.582: [GC (Allocation Failure)  394002K->9010K(1062400K), 0.0035250 secs]
82423.948: [GC (Allocation Failure)  382770K->8978K(1051648K), 0.0032933 secs]
82424.306: [GC (Allocation Failure)  371986K->9010K(1041408K), 0.0030008 secs]
82424.653: [GC (Allocation Failure)  361778K->8978K(1031680K), 0.0034140 secs]
82424.990: [GC (Allocation Failure)  352018K->9010K(1021952K), 0.0035595 secs]
82425.318: [GC (Allocation Failure)  342322K->8978K(1012736K), 0.0031002 secs]
82425.639: [GC (Allocation Failure)  333074K->8978K(1004032K), 0.0029934 secs]
82425.973: [GC (Allocation Failure)  324370K->9010K(995840K), 0.0030050 secs]
82426.274: [GC (Allocation Failure)  316210K->8946K(987648K), 0.0037739 secs]
82426.571: [GC (Allocation Failure)  307954K->8946K(1047552K), 0.0035314 secs]
82426.926: [GC (Allocation Failure)  367858K->8946K(1119744K), 0.0039914 secs]
82427.349: [GC (Allocation Failure)  440050K->8978K(1106432K), 0.0035788 secs]
82427.789: [GC (Allocation Failure)  426770K->8946K(1093632K), 0.0038011 secs]
82428.204: [GC (Allocation Failure)  413938K->9010K(1081344K), 0.0035644 secs]
82428.887: [GC (Allocation Failure)  401714K->8946K(1069568K), 0.0038777 secs]
82429.274: [GC (Allocation Failure)  389874K->8946K(1058304K), 0.0033634 secs]
82429.651: [GC (Allocation Failure)  378610K->8978K(1047552K), 0.0025517 secs]
82430.031: [GC (Allocation Failure)  367890K->9010K(1037312K), 0.0039081 secs]
82430.375: [GC (Allocation Failure)  357682K->8946K(1027584K), 0.0035839 secs]
82430.707: [GC (Allocation Failure)  347890K->8978K(1018368K), 0.0035410 secs]
82431.056: [GC (Allocation Failure)  338706K->8978K(1009152K), 0.0034465 secs]
82431.379: [GC (Allocation Failure)  329490K->8978K(1000448K), 0.0030146 secs]
82431.704: [GC (Allocation Failure)  320786K->8946K(992256K), 0.0030599 secs]
82432.003: [GC (Allocation Failure)  312562K->8978K(984064K), 0.0032290 secs]
82432.294: [GC (Allocation Failure)  304402K->8946K(976384K), 0.0033771 secs]
82432.576: [GC (Allocation Failure)  296690K->8978K(1034240K), 0.0034068 secs]
82432.922: [GC (Allocation Failure)  354578K->9010K(1103360K), 0.0042665 secs]
82433.339: [GC (Allocation Failure)  423730K->8978K(1186304K), 0.0031909 secs]
82433.888: [GC (Allocation Failure)  506642K->8946K(1169920K), 0.0041344 secs]
82434.361: [GC (Allocation Failure)  490226K->8946K(1154560K), 0.0033794 secs]
82434.992: [GC (Allocation Failure)  474866K->9010K(1139712K), 0.0032625 secs]
82435.444: [GC (Allocation Failure)  460082K->8978K(1125376K), 0.0036297 secs]
82435.933: [GC (Allocation Failure)  445714K->8946K(1112064K), 0.0030687 secs]
82436.378: [GC (Allocation Failure)  432370K->8946K(1099264K), 0.0033108 secs]
82436.806: [GC (Allocation Failure)  419570K->8978K(1086976K), 0.0041573 secs]
82437.228: [GC (Allocation Failure)  407314K->8978K(1075200K), 0.0036799 secs]
82437.614: [GC (Allocation Failure)  395538K->8946K(1063936K), 0.0033369 secs]
82437.988: [GC (Allocation Failure)  384242K->8978K(1053184K), 0.0034024 secs]
82438.353: [GC (Allocation Failure)  373522K->9010K(1042944K), 0.0034416 secs]
82438.760: [GC (Allocation Failure)  363314K->9010K(1032704K), 0.0038302 secs]
82439.271: [GC (Allocation Failure)  353074K->8978K(1022976K), 0.0034334 secs]
82439.621: [GC (Allocation Failure)  343314K->8978K(1013760K), 0.0029639 secs]
82439.956: [GC (Allocation Failure)  334098K->8978K(1005056K), 0.0032061 secs]
82440.287: [GC (Allocation Failure)  325394K->8978K(996352K), 0.0027492 secs]
82440.602: [GC (Allocation Failure)  316690K->9042K(988160K), 0.0024760 secs]
82440.901: [GC (Allocation Failure)  308562K->9042K(980480K), 0.0025861 secs]
82441.189: [GC (Allocation Failure)  300882K->9010K(972800K), 0.0027030 secs]
82441.469: [GC (Allocation Failure)  293170K->8978K(965632K), 0.0024083 secs]
82441.741: [GC (Allocation Failure)  285970K->8978K(958464K), 0.0033505 secs]
82442.007: [GC (Allocation Failure)  278802K->8946K(1012736K), 0.0037810 secs]
82442.331: [GC (Allocation Failure)  333042K->8978K(1077760K), 0.0034734 secs]
82442.715: [GC (Allocation Failure)  398098K->8978K(1066496K), 0.0029360 secs]
82443.087: [GC (Allocation Failure)  386834K->8946K(1055744K), 0.0033008 secs]
82443.449: [GC (Allocation Failure)  376050K->9042K(1044992K), 0.0032174 secs]
82443.802: [GC (Allocation Failure)  365394K->8946K(1034752K), 0.0039308 secs]
82444.154: [GC (Allocation Failure)  355058K->8978K(1025024K), 0.0034794 secs]
82444.517: [GC (Allocation Failure)  345362K->8946K(1015808K), 0.0039932 secs]
82444.865: [GC (Allocation Failure)  336114K->8978K(1081344K), 0.0050144 secs]
82445.268: [GC (Allocation Failure)  401682K->8978K(1160192K), 0.0040637 secs]
82445.741: [GC (Allocation Failure)  480530K->8978K(1145344K), 0.0037177 secs]
82446.212: [GC (Allocation Failure)  465682K->8978K(1131008K), 0.0041519 secs]
82446.652: [GC (Allocation Failure)  451346K->9010K(1117184K), 0.0040919 secs]
82447.083: [GC (Allocation Failure)  437554K->8978K(1103872K), 0.0038104 secs]
82447.536: [GC (Allocation Failure)  424210K->8978K(1091072K), 0.0042841 secs]
82447.941: [GC (Allocation Failure)  411410K->8978K(1079296K), 0.0038553 secs]
82448.344: [GC (Allocation Failure)  399634K->8978K(1157632K), 0.0054954 secs]
82448.817: [GC (Allocation Failure)  477970K->8946K(1142784K), 0.0044212 secs]
82449.274: [GC (Allocation Failure)  463090K->8978K(1128448K), 0.0040215 secs]
82449.733: [GC (Allocation Failure)  448786K->8978K(1114624K), 0.0036928 secs]
82450.161: [GC (Allocation Failure)  434962K->8946K(1101824K), 0.0030750 secs]
82450.573: [GC (Allocation Failure)  422130K->8946K(1089536K), 0.0031109 secs]
82450.971: [GC (Allocation Failure)  409842K->8946K(1077760K), 0.0046250 secs]
82451.407: [GC (Allocation Failure)  398066K->8978K(1066496K), 0.0038209 secs]
82451.796: [GC (Allocation Failure)  386834K->8978K(1055744K), 0.0037759 secs]
82452.163: [GC (Allocation Failure)  376082K->8978K(1044992K), 0.0042532 secs]
82452.518: [GC (Allocation Failure)  365330K->8978K(1034752K), 0.0040554 secs]
82452.874: [GC (Allocation Failure)  355090K->8946K(1025024K), 0.0034151 secs]
82453.215: [GC (Allocation Failure)  345330K->8978K(1092608K), 0.0040627 secs]
82453.640: [GC (Allocation Failure)  412946K->8978K(1080320K), 0.0035566 secs]
82454.048: [GC (Allocation Failure)  400658K->8978K(1068544K), 0.0030601 secs]
82454.443: [GC (Allocation Failure)  388882K->8978K(1057280K), 0.0031658 secs]
82454.829: [GC (Allocation Failure)  377618K->8946K(1046528K), 0.0038324 secs]
82455.202: [GC (Allocation Failure)  366834K->8946K(1036288K), 0.0049501 secs]
82455.555: [GC (Allocation Failure)  356594K->8946K(1026560K), 0.0033982 secs]
82455.914: [GC (Allocation Failure)  346866K->8946K(1017344K), 0.0038456 secs]
82456.268: [GC (Allocation Failure)  337650K->8978K(1083392K), 0.0048328 secs]
82456.812: [GC (Allocation Failure)  403730K->8978K(1071616K), 0.0039787 secs]
82457.196: [GC (Allocation Failure)  391954K->8978K(1148416K), 0.0049322 secs]
82457.660: [GC (Allocation Failure)  468754K->8978K(1134080K), 0.0032132 secs]
82458.135: [GC (Allocation Failure)  454418K->8978K(1120256K), 0.0034972 secs]
82458.598: [GC (Allocation Failure)  440594K->8946K(1106944K), 0.0055686 secs]
82459.021: [GC (Allocation Failure)  427250K->8978K(1094144K), 0.0035947 secs]
82459.425: [GC (Allocation Failure)  414482K->9010K(1081856K), 0.0047947 secs]
82459.821: [GC (Allocation Failure)  402226K->8978K(1070080K), 0.0030322 secs]
82460.207: [GC (Allocation Failure)  390418K->8978K(1058816K), 0.0043335 secs]
82460.580: [GC (Allocation Failure)  379154K->8978K(1133056K), 0.0056851 secs]
82461.066: [GC (Allocation Failure)  453394K->8946K(1119232K), 0.0032427 secs]
82461.509: [GC (Allocation Failure)  439538K->8946K(1105920K), 0.0046113 secs]
82461.926: [GC (Allocation Failure)  426226K->8946K(1093120K), 0.0040296 secs]
82462.329: [GC (Allocation Failure)  413426K->8978K(1080832K), 0.0035702 secs]
82462.720: [GC (Allocation Failure)  401170K->8978K(1159680K), 0.0051759 secs]
82463.209: [GC (Allocation Failure)  480018K->8978K(1144832K), 0.0041274 secs]
82463.679: [GC (Allocation Failure)  465170K->8978K(1130496K), 0.0039490 secs]
82464.277: [GC (Allocation Failure)  450834K->8946K(1116672K), 0.0039534 secs]
82464.693: [GC (Allocation Failure)  436978K->9010K(1103360K), 0.0027631 secs]
82465.221: [GC (Allocation Failure)  423730K->8978K(1091072K), 0.0036209 secs]
82465.674: [GC (Allocation Failure)  411410K->8978K(1079296K), 0.0038060 secs]
82466.109: [GC (Allocation Failure)  399634K->9010K(1068032K), 0.0038178 secs]
82466.497: [GC (Allocation Failure)  388402K->9010K(1056768K), 0.0024856 secs]
82466.863: [GC (Allocation Failure)  377138K->8978K(1046016K), 0.0036604 secs]
82467.453: [GC (Allocation Failure)  366354K->8978K(1035776K), 0.0034364 secs]
82467.790: [GC (Allocation Failure)  356114K->8978K(1026048K), 0.0032505 secs]
82468.118: [GC (Allocation Failure)  346386K->8946K(1016832K), 0.0037334 secs]
82468.436: [GC (Allocation Failure)  337138K->8978K(1008128K), 0.0031433 secs]
82468.747: [GC (Allocation Failure)  328466K->9010K(999424K), 0.0034235 secs]
82469.053: [GC (Allocation Failure)  319794K->8978K(991232K), 0.0035147 secs]
82469.350: [GC (Allocation Failure)  311570K->8978K(1052160K), 0.0040624 secs]
82469.710: [GC (Allocation Failure)  372498K->8946K(1124864K), 0.0029931 secs]
82470.137: [GC (Allocation Failure)  445170K->8978K(1111552K), 0.0038856 secs]
82470.549: [GC (Allocation Failure)  431890K->8978K(1098752K), 0.0033563 secs]
82470.948: [GC (Allocation Failure)  419090K->8978K(1086464K), 0.0042909 secs]
82471.338: [GC (Allocation Failure)  406802K->8978K(1074688K), 0.0037315 secs]
82471.714: [GC (Allocation Failure)  395026K->8978K(1063424K), 0.0037145 secs]
82472.080: [GC (Allocation Failure)  383762K->8978K(1138688K), 0.0043046 secs]
82472.695: [GC (Allocation Failure)  459026K->8978K(1124864K), 0.0035384 secs]
82473.139: [GC (Allocation Failure)  445202K->8978K(1111552K), 0.0036107 secs]
82473.564: [GC (Allocation Failure)  431890K->8946K(1098752K), 0.0030994 secs]
82473.963: [GC (Allocation Failure)  419058K->8946K(1086464K), 0.0032225 secs]
82474.349: [GC (Allocation Failure)  406770K->8978K(1074688K), 0.0036975 secs]
82474.724: [GC (Allocation Failure)  395026K->8978K(1063424K), 0.0033242 secs]
82475.087: [GC (Allocation Failure)  383762K->8978K(1052672K), 0.0036314 secs]
82475.461: [GC (Allocation Failure)  373010K->8914K(1042432K), 0.0036317 secs]
82475.803: [GC (Allocation Failure)  362706K->8978K(1032704K), 0.0030218 secs]
82476.137: [GC (Allocation Failure)  353042K->8978K(1022976K), 0.0040271 secs]
82476.461: [GC (Allocation Failure)  343314K->8978K(1013760K), 0.0032654 secs]
82476.780: [GC (Allocation Failure)  334098K->9010K(1005056K), 0.0035764 secs]
82477.091: [GC (Allocation Failure)  325426K->8946K(1068544K), 0.0034750 secs]
82477.649: [GC (Allocation Failure)  388850K->8978K(1057280K), 0.0039672 secs]
82478.006: [GC (Allocation Failure)  377618K->8978K(1046528K), 0.0038026 secs]
82478.352: [GC (Allocation Failure)  366866K->8978K(1036288K), 0.0030786 secs]
82478.689: [GC (Allocation Failure)  356626K->8978K(1026560K), 0.0026701 secs]
82479.015: [GC (Allocation Failure)  346898K->9010K(1017344K), 0.0032613 secs]
82479.334: [GC (Allocation Failure)  337714K->8978K(1008640K), 0.0034187 secs]
82479.648: [GC (Allocation Failure)  328978K->8978K(999936K), 0.0033568 secs]
82479.953: [GC (Allocation Failure)  320274K->9010K(991744K), 0.0031805 secs]
82480.247: [GC (Allocation Failure)  312114K->8978K(984064K), 0.0032072 secs]
82480.534: [GC (Allocation Failure)  304402K->8946K(1043456K), 0.0033156 secs]
82480.881: [GC (Allocation Failure)  363762K->8978K(1114624K), 0.0039853 secs]
82481.298: [GC (Allocation Failure)  434962K->8946K(1101824K), 0.0032234 secs]
82481.699: [GC (Allocation Failure)  422130K->8978K(1089536K), 0.0025525 secs]
82482.088: [GC (Allocation Failure)  409874K->8978K(1077760K), 0.0034528 secs]
82482.464: [GC (Allocation Failure)  398098K->8946K(1066496K), 0.0035797 secs]
82482.831: [GC (Allocation Failure)  386802K->9010K(1055744K), 0.0028291 secs]
82483.186: [GC (Allocation Failure)  376114K->8978K(1044992K), 0.0031957 secs]
82483.534: [GC (Allocation Failure)  365330K->9010K(1034752K), 0.0035336 secs]
82483.871: [GC (Allocation Failure)  355122K->8978K(1025024K), 0.0040093 secs]
82484.203: [GC (Allocation Failure)  345362K->8978K(1015808K), 0.0032672 secs]
82484.674: [GC (Allocation Failure)  336146K->8978K(1007104K), 0.0038331 secs]
82484.998: [GC (Allocation Failure)  327442K->9010K(998400K), 0.0031907 secs]
82485.315: [GC (Allocation Failure)  318770K->8978K(990208K), 0.0029806 secs]
82485.652: [GC (Allocation Failure)  310546K->8946K(982528K), 0.0031162 secs]
82485.988: [GC (Allocation Failure)  302834K->9010K(974848K), 0.0033819 secs]
82486.513: [GC (Allocation Failure)  295218K->8978K(967680K), 0.0039691 secs]
82486.804: [GC (Allocation Failure)  288018K->8978K(960512K), 0.0032539 secs]
82487.093: [GC (Allocation Failure)  280850K->8946K(1015296K), 0.0053292 secs]
82487.424: [GC (Allocation Failure)  335602K->9010K(1080832K), 0.0039453 secs]
82487.818: [GC (Allocation Failure)  401202K->8946K(1159680K), 0.0044309 secs]
82488.329: [GC (Allocation Failure)  479986K->8978K(1253888K), 0.0045578 secs]
82488.883: [GC (Allocation Failure)  574226K->8978K(1234944K), 0.0040150 secs]
82489.416: [GC (Allocation Failure)  555282K->8978K(1216512K), 0.0042242 secs]
82489.937: [GC (Allocation Failure)  536850K->9010K(1199104K), 0.0031647 secs]
82490.612: [GC (Allocation Failure)  519474K->9010K(1182208K), 0.0032234 secs]
82491.128: [GC (Allocation Failure)  502578K->9010K(1166336K), 0.0035203 secs]
82491.597: [GC (Allocation Failure)  486706K->8946K(1150976K), 0.0035788 secs]
82492.056: [GC (Allocation Failure)  471282K->8978K(1136640K), 0.0037070 secs]
82492.502: [GC (Allocation Failure)  456978K->8978K(1122816K), 0.0032187 secs]
82492.935: [GC (Allocation Failure)  443154K->8978K(1109504K), 0.0031777 secs]
82493.362: [GC (Allocation Failure)  429842K->8978K(1096704K), 0.0038873 secs]
82493.760: [GC (Allocation Failure)  417042K->8978K(1084416K), 0.0035834 secs]
82494.144: [GC (Allocation Failure)  404754K->9010K(1072640K), 0.0034211 secs]
82494.517: [GC (Allocation Failure)  393010K->8946K(1061376K), 0.0037965 secs]
82494.878: [GC (Allocation Failure)  381682K->8946K(1050624K), 0.0034212 secs]
82495.242: [GC (Allocation Failure)  370930K->8946K(1040384K), 0.0037261 secs]
82495.603: [GC (Allocation Failure)  360690K->9010K(1030656K), 0.0049086 secs]
82495.940: [GC (Allocation Failure)  351026K->8946K(1099264K), 0.0046851 secs]
82496.367: [GC (Allocation Failure)  419570K->8946K(1181696K), 0.0040015 secs]
82496.853: [GC (Allocation Failure)  502002K->8946K(1165824K), 0.0037219 secs]
82497.317: [GC (Allocation Failure)  486130K->8946K(1150464K), 0.0037500 secs]
82497.767: [GC (Allocation Failure)  470770K->8978K(1136128K), 0.0033428 secs]
82498.206: [GC (Allocation Failure)  456466K->8946K(1122304K), 0.0035547 secs]
82498.822: [GC (Allocation Failure)  442610K->8978K(1108992K), 0.0036975 secs]
82499.248: [GC (Allocation Failure)  429330K->8946K(1096192K), 0.0031823 secs]
82499.849: [GC (Allocation Failure)  416498K->9010K(1083904K), 0.0031037 secs]
82500.255: [GC (Allocation Failure)  404274K->8978K(1072128K), 0.0031485 secs]
82500.656: [GC (Allocation Failure)  392466K->8978K(1060864K), 0.0029885 secs]
82501.053: [GC (Allocation Failure)  381202K->8978K(1135616K), 0.0096964 secs]
82501.547: [GC (Allocation Failure)  455954K->8978K(1225216K), 0.0034123 secs]
82502.091: [GC (Allocation Failure)  545554K->8978K(1207296K), 0.0033995 secs]
82502.602: [GC (Allocation Failure)  527634K->8978K(1190400K), 0.0029663 secs]
82503.097: [GC (Allocation Failure)  510738K->8978K(1174016K), 0.0030953 secs]
82503.607: [GC (Allocation Failure)  494354K->8946K(1158656K), 0.0045073 secs]
82504.095: [GC (Allocation Failure)  478962K->8978K(1143808K), 0.0032187 secs]
82504.582: [GC (Allocation Failure)  464146K->9010K(1129472K), 0.0032993 secs]
82505.069: [GC (Allocation Failure)  449842K->8946K(1115648K), 0.0035269 secs]
82505.705: [GC (Allocation Failure)  435954K->8978K(1102848K), 0.0029988 secs]
82506.111: [GC (Allocation Failure)  423186K->8946K(1090560K), 0.0027859 secs]
82506.666: [GC (Allocation Failure)  410866K->8978K(1078784K), 0.0044289 secs]
82507.050: [GC (Allocation Failure)  399122K->9010K(1067520K), 0.0038910 secs]
82507.495: [GC (Allocation Failure)  387890K->9010K(1056256K), 0.0029949 secs]
82507.872: [GC (Allocation Failure)  376626K->8978K(1045504K), 0.0035212 secs]
82508.222: [GC (Allocation Failure)  365842K->8978K(1035264K), 0.0035105 secs]
82508.576: [GC (Allocation Failure)  355602K->8978K(1025536K), 0.0030757 secs]
82508.913: [GC (Allocation Failure)  345874K->8978K(1016320K), 0.0035450 secs]
82509.230: [GC (Allocation Failure)  336658K->9010K(1007616K), 0.0028007 secs]
82509.540: [GC (Allocation Failure)  327986K->9010K(998912K), 0.0032719 secs]
82509.842: [GC (Allocation Failure)  319282K->8978K(1061376K), 0.0042928 secs]
82510.362: [GC (Allocation Failure)  381714K->8946K(1050624K), 0.0032420 secs]
82510.740: [GC (Allocation Failure)  370930K->8978K(1040384K), 0.0030381 secs]
82511.101: [GC (Allocation Failure)  360722K->8978K(1030656K), 0.0027312 secs]
82511.455: [GC (Allocation Failure)  350994K->8978K(1020928K), 0.0028788 secs]
82511.797: [GC (Allocation Failure)  341266K->8946K(1011712K), 0.0028087 secs]
82512.131: [GC (Allocation Failure)  332018K->9010K(1003008K), 0.0031625 secs]
82512.478: [GC (Allocation Failure)  323378K->8978K(994816K), 0.0032447 secs]
82512.790: [GC (Allocation Failure)  315154K->8978K(986624K), 0.0027702 secs]
82513.098: [GC (Allocation Failure)  306962K->9010K(978944K), 0.0026226 secs]
82513.400: [GC (Allocation Failure)  299314K->8978K(971264K), 0.0031130 secs]
82513.710: [GC (Allocation Failure)  291602K->8978K(964096K), 0.0031206 secs]
82513.996: [GC (Allocation Failure)  284434K->8946K(957440K), 0.0033292 secs]
82514.311: [GC (Allocation Failure)  277746K->8946K(950784K), 0.0030907 secs]
82514.583: [GC (Allocation Failure)  271090K->8978K(944640K), 0.0029044 secs]
82514.868: [GC (Allocation Failure)  264978K->8978K(995840K), 0.0031510 secs]
82515.205: [GC (Allocation Failure)  316178K->8946K(1057280K), 0.0036040 secs]
82515.603: [GC (Allocation Failure)  377586K->8946K(1046528K), 0.0034917 secs]
82516.014: [GC (Allocation Failure)  366834K->8978K(1118208K), 0.0052353 secs]
82516.479: [GC (Allocation Failure)  438546K->8978K(1104896K), 0.0030641 secs]
82516.908: [GC (Allocation Failure)  425234K->9010K(1092096K), 0.0031916 secs]
82517.323: [GC (Allocation Failure)  412466K->8978K(1079808K), 0.0050231 secs]
82517.727: [GC (Allocation Failure)  400146K->8978K(1068032K), 0.0044941 secs]
82518.124: [GC (Allocation Failure)  388370K->8978K(1144320K), 0.0042031 secs]
82518.599: [GC (Allocation Failure)  464658K->8978K(1129984K), 0.0034422 secs]
82519.072: [GC (Allocation Failure)  450322K->8946K(1116160K), 0.0031562 secs]
82519.693: [GC (Allocation Failure)  436466K->8978K(1102848K), 0.0035140 secs]
82520.120: [GC (Allocation Failure)  423186K->9010K(1090560K), 0.0031017 secs]
82520.531: [GC (Allocation Failure)  410930K->8946K(1078784K), 0.0036045 secs]
82520.931: [GC (Allocation Failure)  399090K->8978K(1067520K), 0.0033778 secs]
82521.337: [GC (Allocation Failure)  387858K->8978K(1056256K), 0.0035155 secs]
82521.747: [GC (Allocation Failure)  376594K->8978K(1045504K), 0.0024921 secs]
82522.125: [GC (Allocation Failure)  365842K->8978K(1035264K), 0.0050459 secs]
82522.482: [GC (Allocation Failure)  355602K->8946K(1025536K), 0.0038347 secs]
82522.820: [GC (Allocation Failure)  345842K->8978K(1016320K), 0.0039477 secs]
82523.147: [GC (Allocation Failure)  336658K->8946K(1007616K), 0.0033223 secs]
82523.467: [GC (Allocation Failure)  327922K->8978K(1071616K), 0.0044172 secs]
82523.872: [GC (Allocation Failure)  391954K->8978K(1148416K), 0.0033840 secs]
82524.361: [GC (Allocation Failure)  468754K->9010K(1134080K), 0.0030674 secs]
82524.957: [GC (Allocation Failure)  454450K->8946K(1120256K), 0.0038800 secs]
82525.407: [GC (Allocation Failure)  440562K->8978K(1106944K), 0.0038604 secs]
82525.854: [GC (Allocation Failure)  427282K->9010K(1094144K), 0.0031639 secs]
82526.289: [GC (Allocation Failure)  414514K->8978K(1081856K), 0.0033241 secs]
82526.703: [GC (Allocation Failure)  402194K->8978K(1070080K), 0.0036573 secs]
82527.119: [GC (Allocation Failure)  390418K->8978K(1058816K), 0.0031679 secs]
82527.506: [GC (Allocation Failure)  379154K->8978K(1048064K), 0.0042029 secs]
82527.884: [GC (Allocation Failure)  368402K->8978K(1037824K), 0.1314713 secs]
82528.376: [GC (Allocation Failure)  358162K->9010K(1028096K), 0.0030901 secs]
82528.748: [GC (Allocation Failure)  348466K->9010K(1018880K), 0.0032469 secs]
82529.099: [GC (Allocation Failure)  339250K->9010K(1009664K), 0.0032048 secs]
82529.435: [GC (Allocation Failure)  330034K->8978K(1000960K), 0.0035177 secs]
82529.771: [GC (Allocation Failure)  321298K->8946K(992768K), 0.0032950 secs]
82530.103: [GC (Allocation Failure)  313074K->8946K(984576K), 0.0035530 secs]
82530.416: [GC (Allocation Failure)  304882K->8946K(976896K), 0.0031268 secs]
82530.721: [GC (Allocation Failure)  297202K->8978K(969728K), 0.0033189 secs]
82531.003: [GC (Allocation Failure)  290066K->8946K(1026048K), 0.0034951 secs]
82531.339: [GC (Allocation Failure)  346354K->8978K(1093632K), 0.0033314 secs]
82531.765: [GC (Allocation Failure)  413970K->8914K(1081344K), 0.0037354 secs]
82532.171: [GC (Allocation Failure)  401618K->8978K(1069568K), 0.0031521 secs]
82532.573: [GC (Allocation Failure)  389906K->8978K(1058304K), 0.0038524 secs]
82532.952: [GC (Allocation Failure)  378642K->8978K(1047552K), 0.0032011 secs]
82533.340: [GC (Allocation Failure)  367890K->9010K(1037312K), 0.0034654 secs]
82533.713: [GC (Allocation Failure)  357682K->8978K(1027584K), 0.0040423 secs]
82534.068: [GC (Allocation Failure)  347922K->8946K(1018368K), 0.0037607 secs]
82534.415: [GC (Allocation Failure)  338674K->8978K(1009152K), 0.0028638 secs]
82534.742: [GC (Allocation Failure)  329490K->8946K(1000448K), 0.0038110 secs]
82535.053: [GC (Allocation Failure)  320754K->8978K(1062912K), 0.0039174 secs]
82535.425: [GC (Allocation Failure)  383250K->8978K(1052160K), 0.0034549 secs]
82535.792: [GC (Allocation Failure)  372498K->8978K(1041920K), 0.0036655 secs]
82536.162: [GC (Allocation Failure)  362258K->8946K(1032192K), 0.0039708 secs]
82536.527: [GC (Allocation Failure)  352498K->8946K(1022464K), 0.0030282 secs]
82536.860: [GC (Allocation Failure)  342770K->8946K(1013248K), 0.0036685 secs]
82537.205: [GC (Allocation Failure)  333554K->8946K(1078272K), 0.0041514 secs]
82537.593: [GC (Allocation Failure)  398578K->8978K(1156608K), 0.0041032 secs]
82538.064: [GC (Allocation Failure)  476946K->8978K(1141760K), 0.0028672 secs]
82538.545: [GC (Allocation Failure)  462098K->8946K(1127424K), 0.0039442 secs]
82539.005: [GC (Allocation Failure)  447730K->8914K(1114112K), 0.0039650 secs]
82539.462: [GC (Allocation Failure)  434386K->8914K(1101312K), 0.0030343 secs]
82539.906: [GC (Allocation Failure)  421586K->8978K(1089024K), 0.0039328 secs]
82540.381: [GC (Allocation Failure)  409362K->8978K(1077248K), 0.0034997 secs]
82540.766: [GC (Allocation Failure)  397586K->8978K(1065984K), 0.0040692 secs]
82541.146: [GC (Allocation Failure)  386322K->8978K(1055232K), 0.0033416 secs]
82541.511: [GC (Allocation Failure)  375570K->8978K(1044480K), 0.0034442 secs]
82541.865: [GC (Allocation Failure)  364818K->8978K(1034240K), 0.0039875 secs]
82542.246: [GC (Allocation Failure)  354578K->8946K(1103360K), 0.0053047 secs]
82542.720: [GC (Allocation Failure)  423666K->8978K(1091072K), 0.0037792 secs]
82543.203: [GC (Allocation Failure)  411410K->8978K(1079296K), 0.0036683 secs]
82543.632: [GC (Allocation Failure)  399634K->8946K(1068032K), 0.0043505 secs]
82544.022: [GC (Allocation Failure)  388338K->8946K(1056768K), 0.0039069 secs]
82544.390: [GC (Allocation Failure)  377074K->8946K(1046016K), 0.0039668 secs]
82544.746: [GC (Allocation Failure)  366322K->8946K(1035776K), 0.0037319 secs]
82545.120: [GC (Allocation Failure)  356082K->8914K(1026048K), 0.0031336 secs]
82545.468: [GC (Allocation Failure)  346322K->8978K(1016832K), 0.0035787 secs]
82545.796: [GC (Allocation Failure)  337170K->8978K(1008128K), 0.0034494 secs]
82546.113: [GC (Allocation Failure)  328466K->9010K(1072128K), 0.0039984 secs]
82546.534: [GC (Allocation Failure)  392498K->8978K(1060864K), 0.0036876 secs]
82546.945: [GC (Allocation Failure)  381202K->9010K(1050112K), 0.0033614 secs]
82547.331: [GC (Allocation Failure)  370482K->8946K(1039872K), 0.0035904 secs]
82547.704: [GC (Allocation Failure)  360178K->8946K(1030144K), 0.0030093 secs]
82548.059: [GC (Allocation Failure)  350450K->8946K(1020928K), 0.0028800 secs]
82548.391: [GC (Allocation Failure)  341234K->9010K(1011712K), 0.0028525 secs]
82548.713: [GC (Allocation Failure)  332082K->8946K(1003008K), 0.0030304 secs]
82549.027: [GC (Allocation Failure)  323314K->9010K(1065984K), 0.0092616 secs]
82549.433: [GC (Allocation Failure)  386354K->8978K(1141760K), 0.0028623 secs]
82549.882: [GC (Allocation Failure)  462098K->8978K(1232384K), 0.0110070 secs]
82550.433: [GC (Allocation Failure)  552722K->8946K(1341440K), 0.1530167 secs]
82551.236: [GC (Allocation Failure)  661746K->8946K(1472000K), 0.0037794 secs]
82552.032: [GC (Allocation Failure)  792306K->8978K(1442816K), 0.0033040 secs]
82552.776: [GC (Allocation Failure)  763154K->9010K(1415168K), 0.0032088 secs]
82553.495: [GC (Allocation Failure)  735538K->8946K(1388544K), 0.0030100 secs]
82554.186: [GC (Allocation Failure)  708850K->8946K(1363456K), 0.0034850 secs]
82554.879: [GC (Allocation Failure)  683762K->8978K(1339392K), 0.0035995 secs]
82555.747: [GC (Allocation Failure)  659730K->8978K(1316352K), 0.0042757 secs]
82556.412: [GC (Allocation Failure)  636690K->8978K(1294336K), 0.0037870 secs]
82557.006: [GC (Allocation Failure)  614674K->9042K(1273344K), 0.0074125 secs]
82557.618: [GC (Allocation Failure)  593746K->9010K(1253376K), 0.0029652 secs]
82558.180: [GC (Allocation Failure)  573746K->8978K(1234432K), 0.0056896 secs]
82558.722: [GC (Allocation Failure)  554770K->8978K(1216000K), 0.0030634 secs]
82559.252: [GC (Allocation Failure)  536338K->8946K(1198592K), 0.0027796 secs]
82559.754: [GC (Allocation Failure)  518898K->8978K(1181696K), 0.0035492 secs]
82560.267: [GC (Allocation Failure)  502034K->8978K(1165824K), 0.0035271 secs]
82560.774: [GC (Allocation Failure)  486162K->8978K(1150464K), 0.0044722 secs]
82561.403: [GC (Allocation Failure)  470802K->8978K(1136128K), 0.0060351 secs]
82561.865: [GC (Allocation Failure)  456466K->8946K(1122304K), 0.0037010 secs]
82562.331: [GC (Allocation Failure)  442610K->8946K(1108992K), 0.0034879 secs]
82562.988: [GC (Allocation Failure)  429298K->9010K(1096192K), 0.0037121 secs]
82563.416: [GC (Allocation Failure)  416562K->8946K(1083904K), 0.0034902 secs]
82563.811: [GC (Allocation Failure)  404210K->8978K(1072128K), 0.0037675 secs]
82564.187: [GC (Allocation Failure)  392466K->8978K(1060864K), 0.0035393 secs]
82564.552: [GC (Allocation Failure)  381202K->8946K(1050112K), 0.0039319 secs]
82564.943: [GC (Allocation Failure)  370418K->9010K(1039872K), 0.0031871 secs]
82565.507: [GC (Allocation Failure)  360242K->9010K(1030144K), 0.0037878 secs]
82565.898: [GC (Allocation Failure)  350514K->9010K(1098752K), 0.0080274 secs]
82566.361: [GC (Allocation Failure)  419122K->8978K(1181184K), 0.0033209 secs]
82566.865: [GC (Allocation Failure)  501522K->8978K(1165312K), 0.0032821 secs]
82567.364: [GC (Allocation Failure)  485650K->8946K(1149952K), 0.0031138 secs]
82567.896: [GC (Allocation Failure)  470258K->8978K(1135616K), 0.0042190 secs]
82568.646: [GC (Allocation Failure)  455954K->8978K(1121792K), 0.0054416 secs]
82569.089: [GC (Allocation Failure)  442130K->8978K(1108480K), 0.0038294 secs]
82569.539: [GC (Allocation Failure)  428818K->8946K(1095680K), 0.0045691 secs]
82569.953: [GC (Allocation Failure)  415986K->9042K(1083392K), 0.0029508 secs]
82570.491: [GC (Allocation Failure)  403794K->8946K(1071616K), 0.0040548 secs]
82570.889: [GC (Allocation Failure)  391922K->9010K(1060352K), 0.0044683 secs]
82571.504: [GC (Allocation Failure)  380722K->8978K(1049600K), 0.0028754 secs]
82571.881: [GC (Allocation Failure)  369938K->8946K(1039360K), 0.0032078 secs]
82572.234: [GC (Allocation Failure)  359666K->8978K(1029632K), 0.0032718 secs]
82572.685: [GC (Allocation Failure)  349970K->8978K(1020416K), 0.0041822 secs]
82573.023: [GC (Allocation Failure)  340754K->8978K(1011200K), 0.0030944 secs]
82573.352: [GC (Allocation Failure)  331538K->8978K(1002496K), 0.0031171 secs]
82573.671: [GC (Allocation Failure)  322834K->9010K(994304K), 0.0041344 secs]
82573.972: [GC (Allocation Failure)  314674K->8978K(1055744K), 0.0034483 secs]
82574.328: [GC (Allocation Failure)  376082K->9010K(1044992K), 0.0035347 secs]
82574.673: [GC (Allocation Failure)  365362K->9010K(1034752K), 0.0033310 secs]
82575.010: [GC (Allocation Failure)  355122K->9042K(1104384K), 0.0037377 secs]
82575.434: [GC (Allocation Failure)  424786K->9018K(1091584K), 0.0029012 secs]
82575.846: [GC (Allocation Failure)  411962K->8954K(1079808K), 0.0024871 secs]
82576.225: [GC (Allocation Failure)  400122K->9018K(1068032K), 0.0028154 secs]
82576.591: [GC (Allocation Failure)  388410K->9050K(1056768K), 0.0030634 secs]
82576.979: [GC (Allocation Failure)  377178K->9018K(1046016K), 0.0036850 secs]
82577.462: [GC (Allocation Failure)  366394K->8954K(1035776K), 0.0038826 secs]
82577.809: [GC (Allocation Failure)  356090K->9018K(1026048K), 0.0033425 secs]
82578.148: [GC (Allocation Failure)  346426K->8954K(1016832K), 0.0038214 secs]
82578.485: [GC (Allocation Failure)  337146K->8954K(1082880K), 0.0043997 secs]
82578.905: [GC (Allocation Failure)  403194K->8954K(1071104K), 0.0035675 secs]
82579.309: [GC (Allocation Failure)  391418K->8954K(1059840K), 0.0037141 secs]
82579.827: [GC (Allocation Failure)  380154K->8954K(1049088K), 0.0040564 secs]
82580.221: [GC (Allocation Failure)  369402K->8986K(1038848K), 0.0042457 secs]
82580.655: [GC (Allocation Failure)  359194K->9018K(1029120K), 0.0039386 secs]
82581.026: [GC (Allocation Failure)  349498K->8954K(1019904K), 0.0037605 secs]
82581.362: [GC (Allocation Failure)  340218K->8986K(1010688K), 0.0038240 secs]
82581.694: [GC (Allocation Failure)  331034K->8954K(1075200K), 0.0040364 secs]
82582.116: [GC (Allocation Failure)  395514K->8986K(1152512K), 0.0038946 secs]
82582.580: [GC (Allocation Failure)  472858K->8986K(1137664K), 0.0039606 secs]
82583.087: [GC (Allocation Failure)  458010K->9050K(1123840K), 0.0028914 secs]
82583.541: [GC (Allocation Failure)  444250K->8986K(1110528K), 0.0032298 secs]
82583.955: [GC (Allocation Failure)  430874K->9018K(1097728K), 0.0033861 secs]
82584.358: [GC (Allocation Failure)  418106K->8954K(1085440K), 0.0039158 secs]
82584.756: [GC (Allocation Failure)  405754K->8954K(1073664K), 0.0036244 secs]
82585.154: [GC (Allocation Failure)  393978K->9018K(1062400K), 0.0042797 secs]
82585.541: [GC (Allocation Failure)  382778K->8986K(1137152K), 0.0051523 secs]
82586.006: [GC (Allocation Failure)  457498K->8986K(1123328K), 0.0038246 secs]
82586.465: [GC (Allocation Failure)  443674K->9018K(1110016K), 0.0040290 secs]
82586.891: [GC (Allocation Failure)  430394K->8954K(1097216K), 0.0030754 secs]
82587.319: [GC (Allocation Failure)  417530K->8986K(1084928K), 0.0030555 secs]
82587.708: [GC (Allocation Failure)  405274K->8986K(1073152K), 0.0034174 secs]
82588.087: [GC (Allocation Failure)  393498K->8986K(1061888K), 0.0028808 secs]
82588.451: [GC (Allocation Failure)  382234K->8986K(1051136K), 0.0038375 secs]
82588.808: [GC (Allocation Failure)  371482K->8986K(1040896K), 0.0031774 secs]
82589.175: [GC (Allocation Failure)  361242K->9018K(1031168K), 0.0036111 secs]
82589.527: [GC (Allocation Failure)  351546K->8986K(1021440K), 0.0038660 secs]
82589.865: [GC (Allocation Failure)  341786K->8986K(1012224K), 0.0037360 secs]
82590.196: [GC (Allocation Failure)  332570K->9050K(1003520K), 0.0036535 secs]
82590.517: [GC (Allocation Failure)  323930K->8986K(1066496K), 0.0033663 secs]
82590.900: [GC (Allocation Failure)  386842K->8986K(1055744K), 0.0035320 secs]
82591.259: [GC (Allocation Failure)  376090K->8986K(1044992K), 0.0037842 secs]
82591.606: [GC (Allocation Failure)  365338K->8986K(1034752K), 0.0035408 secs]
82591.941: [GC (Allocation Failure)  355098K->9018K(1025024K), 0.0033255 secs]
82592.512: [GC (Allocation Failure)  345402K->8986K(1015808K), 0.0040055 secs]
82592.833: [GC (Allocation Failure)  336154K->8954K(1007104K), 0.0031739 secs]
82593.142: [GC (Allocation Failure)  327418K->8986K(1071104K), 0.0040041 secs]
82593.514: [GC (Allocation Failure)  391450K->8954K(1059840K), 0.0035807 secs]
82593.875: [GC (Allocation Failure)  380154K->8986K(1049088K), 0.0030751 secs]
82594.225: [GC (Allocation Failure)  369434K->8986K(1038848K), 0.0035064 secs]
82594.566: [GC (Allocation Failure)  359194K->8986K(1029120K), 0.0039235 secs]
82594.896: [GC (Allocation Failure)  349466K->9018K(1019904K), 0.0029469 secs]
82595.217: [GC (Allocation Failure)  340282K->8954K(1086464K), 0.0039074 secs]
82595.605: [GC (Allocation Failure)  406778K->8954K(1166336K), 0.0044953 secs]
82596.077: [GC (Allocation Failure)  486650K->8954K(1262080K), 0.0041677 secs]
82596.637: [GC (Allocation Failure)  582394K->8986K(1242624K), 0.0049863 secs]
82597.206: [GC (Allocation Failure)  562970K->9018K(1224192K), 0.0037357 secs]
82597.785: [GC (Allocation Failure)  544570K->8986K(1206272K), 0.0038517 secs]
82598.327: [GC (Allocation Failure)  526618K->9050K(1189376K), 0.0033904 secs]
82598.827: [GC (Allocation Failure)  509786K->8986K(1172992K), 0.0036881 secs]
82599.299: [GC (Allocation Failure)  493338K->8986K(1157632K), 0.0039183 secs]
82599.841: [GC (Allocation Failure)  477978K->8986K(1142784K), 0.0051940 secs]
82600.292: [GC (Allocation Failure)  463130K->9018K(1128448K), 0.0034336 secs]
82600.752: [GC (Allocation Failure)  448826K->8954K(1114624K), 0.0042603 secs]
82601.195: [GC (Allocation Failure)  434938K->8954K(1101824K), 0.0040140 secs]
82601.625: [GC (Allocation Failure)  422138K->8986K(1089536K), 0.0029290 secs]
82602.018: [GC (Allocation Failure)  409882K->9018K(1077760K), 0.0041873 secs]
82602.400: [GC (Allocation Failure)  398138K->8986K(1066496K), 0.0170218 secs]
82602.789: [GC (Allocation Failure)  386842K->9018K(1055744K), 0.0038496 secs]
82603.151: [GC (Allocation Failure)  376122K->8986K(1129472K), 0.0048520 secs]
82603.595: [GC (Allocation Failure)  449818K->8986K(1115648K), 0.0035539 secs]
82604.014: [GC (Allocation Failure)  435994K->8986K(1102848K), 0.0039602 secs]
82604.421: [GC (Allocation Failure)  423194K->8986K(1185792K), 0.0088106 secs]
82604.914: [GC (Allocation Failure)  506138K->8986K(1285632K), 0.0036638 secs]
82605.512: [GC (Allocation Failure)  605978K->8954K(1265152K), 0.0039995 secs]
82606.114: [GC (Allocation Failure)  585466K->8986K(1245696K), 0.0036933 secs]
82606.724: [GC (Allocation Failure)  566042K->8954K(1226752K), 0.0034316 secs]
82607.250: [GC (Allocation Failure)  547066K->9050K(1208832K), 0.0035884 secs]
82607.767: [GC (Allocation Failure)  529242K->9018K(1191936K), 0.0039066 secs]
82608.264: [GC (Allocation Failure)  512314K->8954K(1175552K), 0.0027144 secs]
82608.747: [GC (Allocation Failure)  495866K->8986K(1159680K), 0.0040926 secs]
82609.213: [GC (Allocation Failure)  480026K->8986K(1144832K), 0.0041181 secs]
82609.665: [GC (Allocation Failure)  465178K->8986K(1130496K), 0.0036048 secs]
82610.099: [GC (Allocation Failure)  450842K->8986K(1116672K), 0.0035486 secs]
82610.519: [GC (Allocation Failure)  437018K->8954K(1103360K), 0.0043298 secs]
82610.931: [GC (Allocation Failure)  423674K->8954K(1091072K), 0.0035474 secs]
82611.340: [GC (Allocation Failure)  411386K->8986K(1079296K), 0.0034576 secs]
82611.783: [GC (Allocation Failure)  399642K->8954K(1068032K), 0.0038393 secs]
82612.159: [GC (Allocation Failure)  388346K->8954K(1056768K), 0.0042827 secs]
82612.538: [GC (Allocation Failure)  377082K->8986K(1046016K), 0.0040341 secs]
82612.893: [GC (Allocation Failure)  366362K->8954K(1035776K), 0.0034203 secs]
82613.265: [GC (Allocation Failure)  356090K->8986K(1026048K), 0.0035622 secs]
82613.595: [GC (Allocation Failure)  346394K->9018K(1016832K), 0.0033663 secs]
82613.922: [GC (Allocation Failure)  337210K->8986K(1082880K), 0.0078865 secs]
82614.315: [GC (Allocation Failure)  403226K->8954K(1161728K), 0.0045692 secs]
82614.783: [GC (Allocation Failure)  482042K->8954K(1256448K), 0.0037511 secs]
82615.346: [GC (Allocation Failure)  576762K->8954K(1370112K), 0.0037733 secs]
82616.050: [GC (Allocation Failure)  690426K->9018K(1345536K), 0.0034466 secs]
82616.726: [GC (Allocation Failure)  665914K->8962K(1321984K), 0.0041344 secs]
82617.349: [GC (Allocation Failure)  642306K->8962K(1299968K), 0.0039750 secs]
82617.967: [GC (Allocation Failure)  620290K->8994K(1278976K), 0.0036061 secs]
82618.699: [GC (Allocation Failure)  599330K->8962K(1258496K), 0.0042749 secs]
82619.258: [GC (Allocation Failure)  578818K->8962K(1239040K), 0.0037422 secs]
82619.816: [GC (Allocation Failure)  559362K->9026K(1220608K), 0.0036213 secs]
82620.349: [GC (Allocation Failure)  540994K->8994K(1203200K), 0.0040275 secs]
82620.899: [GC (Allocation Failure)  523554K->8994K(1186304K), 0.0073844 secs]
82621.444: [GC (Allocation Failure)  506658K->8994K(1169920K), 0.0037601 secs]
82621.966: [GC (Allocation Failure)  490274K->8994K(1154560K), 0.0035261 secs]
82622.544: [GC (Allocation Failure)  474914K->8994K(1139712K), 0.0039515 secs]
82622.996: [GC (Allocation Failure)  460066K->8994K(1125376K), 0.0031544 secs]
82623.468: [GC (Allocation Failure)  445730K->8994K(1112064K), 0.0032901 secs]
82623.902: [GC (Allocation Failure)  432418K->8962K(1099264K), 0.0079550 secs]
82624.326: [GC (Allocation Failure)  419586K->8994K(1086976K), 0.0026575 secs]
82624.737: [GC (Allocation Failure)  407330K->8994K(1075200K), 0.0028800 secs]
82625.125: [GC (Allocation Failure)  395554K->8962K(1063936K), 0.0033438 secs]
82625.501: [GC (Allocation Failure)  384258K->8994K(1053184K), 0.0037500 secs]
82625.882: [GC (Allocation Failure)  373538K->8962K(1042944K), 0.0036826 secs]
82626.277: [GC (Allocation Failure)  363266K->8994K(1032704K), 0.0041652 secs]
82626.676: [GC (Allocation Failure)  353058K->9026K(1022976K), 0.0032868 secs]
82627.063: [GC (Allocation Failure)  343362K->9026K(1013760K), 0.0040108 secs]
82627.434: [GC (Allocation Failure)  334146K->8962K(1005056K), 0.0038309 secs]
82627.791: [GC (Allocation Failure)  325378K->8962K(996352K), 0.0039314 secs]
82628.136: [GC (Allocation Failure)  316674K->9026K(988160K), 0.0034860 secs]
82628.652: [GC (Allocation Failure)  308546K->8994K(980480K), 0.0038323 secs]
82628.958: [GC (Allocation Failure)  300834K->9026K(1038848K), 0.0043466 secs]
82629.328: [GC (Allocation Failure)  359234K->8962K(1108992K), 0.0038093 secs]
82629.763: [GC (Allocation Failure)  429314K->8994K(1096192K), 0.0030510 secs]
82630.183: [GC (Allocation Failure)  416546K->8994K(1083904K), 0.0030659 secs]
82630.617: [GC (Allocation Failure)  404258K->8994K(1072128K), 0.0033929 secs]
82631.216: [GC (Allocation Failure)  392482K->8994K(1060864K), 0.0035981 secs]
82631.593: [GC (Allocation Failure)  381218K->9026K(1050112K), 0.0031122 secs]
82631.959: [GC (Allocation Failure)  370498K->8994K(1039872K), 0.0036720 secs]
82632.342: [GC (Allocation Failure)  360226K->8962K(1030144K), 0.0032272 secs]
82632.685: [GC (Allocation Failure)  350466K->9058K(1020928K), 0.0042466 secs]
82633.024: [GC (Allocation Failure)  341346K->9058K(1011712K), 0.0033719 secs]
82633.351: [GC (Allocation Failure)  332130K->9026K(1003008K), 0.0028939 secs]
82633.841: [GC (Allocation Failure)  323394K->9026K(994816K), 0.0043478 secs]
82634.151: [GC (Allocation Failure)  315202K->9026K(986624K), 0.0035660 secs]
82634.451: [GC (Allocation Failure)  307010K->9026K(978944K), 0.0033634 secs]
82634.745: [GC (Allocation Failure)  299330K->9026K(1037312K), 0.0045770 secs]
82635.099: [GC (Allocation Failure)  357698K->9026K(1107456K), 0.0032497 secs]
82635.518: [GC (Allocation Failure)  427842K->8994K(1191424K), 0.0037378 secs]
82636.024: [GC (Allocation Failure)  511778K->9026K(1175040K), 0.0033746 secs]
82636.502: [GC (Allocation Failure)  495426K->8994K(1159168K), 0.0040832 secs]
82636.965: [GC (Allocation Failure)  479522K->8994K(1144320K), 0.0035267 secs]
82637.410: [GC (Allocation Failure)  464674K->8962K(1129984K), 0.0035973 secs]
82637.842: [GC (Allocation Failure)  450306K->8994K(1116160K), 0.0045527 secs]
82638.262: [GC (Allocation Failure)  436514K->9026K(1102848K), 0.0043714 secs]
82638.669: [GC (Allocation Failure)  423234K->8962K(1090560K), 0.0093961 secs]
82639.071: [GC (Allocation Failure)  410882K->8962K(1078784K), 0.0036473 secs]
82639.451: [GC (Allocation Failure)  399106K->8994K(1067520K), 0.0041431 secs]
82639.822: [GC (Allocation Failure)  387874K->8994K(1056256K), 0.0034218 secs]
82640.178: [GC (Allocation Failure)  376610K->8962K(1045504K), 0.0036841 secs]
82640.524: [GC (Allocation Failure)  365826K->8994K(1035264K), 0.0040264 secs]
82640.864: [GC (Allocation Failure)  355618K->9026K(1025536K), 0.0031681 secs]
82641.194: [GC (Allocation Failure)  345922K->8994K(1016320K), 0.0037180 secs]
82641.520: [GC (Allocation Failure)  336674K->8994K(1007616K), 0.0034878 secs]
82641.834: [GC (Allocation Failure)  327970K->9026K(1071616K), 0.0038094 secs]
82642.210: [GC (Allocation Failure)  392002K->8962K(1148416K), 0.0039528 secs]
82642.664: [GC (Allocation Failure)  468738K->8994K(1134080K), 0.0036520 secs]
82643.102: [GC (Allocation Failure)  454434K->8994K(1120256K), 0.0038997 secs]
82643.525: [GC (Allocation Failure)  440610K->8994K(1106944K), 0.0032103 secs]
82643.934: [GC (Allocation Failure)  427298K->8994K(1094144K), 0.0039488 secs]
82644.347: [GC (Allocation Failure)  414498K->8994K(1081856K), 0.0042632 secs]
82644.734: [GC (Allocation Failure)  402210K->8994K(1070080K), 0.0044083 secs]
82645.110: [GC (Allocation Failure)  390434K->8962K(1058816K), 0.0042652 secs]
82645.469: [GC (Allocation Failure)  379138K->8994K(1133056K), 0.0040693 secs]
82645.913: [GC (Allocation Failure)  453410K->8994K(1222144K), 0.0051288 secs]
82646.437: [GC (Allocation Failure)  542498K->8994K(1204224K), 0.0035553 secs]
82646.962: [GC (Allocation Failure)  524578K->8994K(1187328K), 0.0047602 secs]
82647.475: [GC (Allocation Failure)  507682K->9002K(1170944K), 0.0043080 secs]
82647.961: [GC (Allocation Failure)  491306K->8970K(1155584K), 0.0040117 secs]
82648.421: [GC (Allocation Failure)  475914K->8970K(1140736K), 0.0045622 secs]
82648.870: [GC (Allocation Failure)  461066K->9002K(1126400K), 0.0040298 secs]
82649.311: [GC (Allocation Failure)  446762K->9002K(1113088K), 0.0037927 secs]
82649.750: [GC (Allocation Failure)  433450K->9002K(1100288K), 0.0042399 secs]
82650.154: [GC (Allocation Failure)  420650K->9002K(1088000K), 0.0035412 secs]
82650.562: [GC (Allocation Failure)  408362K->9002K(1076224K), 0.0044076 secs]
82650.942: [GC (Allocation Failure)  396586K->8938K(1064960K), 0.0040523 secs]
82651.309: [GC (Allocation Failure)  385258K->9002K(1054208K), 0.0035598 secs]
82651.664: [GC (Allocation Failure)  374570K->9002K(1043968K), 0.0034580 secs]
82652.007: [GC (Allocation Failure)  364330K->9034K(1033728K), 0.0031003 secs]
82652.342: [GC (Allocation Failure)  354122K->9002K(1024000K), 0.0042780 secs]
82652.673: [GC (Allocation Failure)  344362K->9002K(1014784K), 0.0033433 secs]
82652.993: [GC (Allocation Failure)  335146K->9002K(1080320K), 0.0037732 secs]
82653.374: [GC (Allocation Failure)  400682K->8970K(1158656K), 0.0040090 secs]
82653.836: [GC (Allocation Failure)  478986K->8970K(1143808K), 0.0030160 secs]
82654.279: [GC (Allocation Failure)  464138K->8970K(1129472K), 0.0042615 secs]
82654.708: [GC (Allocation Failure)  449802K->9002K(1115648K), 0.0037080 secs]
82655.124: [GC (Allocation Failure)  436010K->9002K(1102848K), 0.0033211 secs]
82655.545: [GC (Allocation Failure)  423210K->9002K(1090560K), 0.0035359 secs]
82655.938: [GC (Allocation Failure)  410922K->9002K(1078784K), 0.0033432 secs]
82656.317: [GC (Allocation Failure)  399146K->9002K(1067520K), 0.0042562 secs]
82656.685: [GC (Allocation Failure)  387882K->8970K(1056256K), 0.0031479 secs]
82657.047: [GC (Allocation Failure)  376586K->9002K(1045504K), 0.0034952 secs]
82657.405: [GC (Allocation Failure)  365866K->8970K(1035264K), 0.0040539 secs]
82657.751: [GC (Allocation Failure)  355594K->9002K(1025536K), 0.0039129 secs]
82658.096: [GC (Allocation Failure)  345898K->9002K(1093120K), 0.0039098 secs]
82658.506: [GC (Allocation Failure)  413482K->8970K(1080832K), 0.0037807 secs]
82658.926: [GC (Allocation Failure)  401162K->9002K(1069056K), 0.0037556 secs]
82659.304: [GC (Allocation Failure)  389418K->8970K(1057792K), 0.0041358 secs]
82659.667: [GC (Allocation Failure)  378122K->9002K(1047040K), 0.0035935 secs]
82660.016: [GC (Allocation Failure)  367402K->9066K(1036800K), 0.0033171 secs]
82660.594: [GC (Allocation Failure)  357226K->9002K(1027072K), 0.0030380 secs]
82660.922: [GC (Allocation Failure)  347434K->9034K(1017856K), 0.0031491 secs]
82661.241: [GC (Allocation Failure)  338250K->8970K(1008640K), 0.0037035 secs]
82661.553: [GC (Allocation Failure)  328970K->9002K(999936K), 0.0036032 secs]
82661.859: [GC (Allocation Failure)  320298K->9002K(1062400K), 0.0038912 secs]
82662.229: [GC (Allocation Failure)  382762K->9002K(1137152K), 0.0039540 secs]
82662.671: [GC (Allocation Failure)  457514K->9002K(1123328K), 0.0030778 secs]
82663.094: [GC (Allocation Failure)  443690K->9002K(1110016K), 0.0038018 secs]
82663.505: [GC (Allocation Failure)  430378K->9002K(1097216K), 0.0042756 secs]
82663.902: [GC (Allocation Failure)  417578K->8970K(1084928K), 0.0039347 secs]
82664.287: [GC (Allocation Failure)  405258K->9002K(1073152K), 0.0030462 secs]
82664.661: [GC (Allocation Failure)  393514K->9002K(1061888K), 0.0035619 secs]
82665.022: [GC (Allocation Failure)  382250K->9002K(1051136K), 0.0035228 secs]
82665.415: [GC (Allocation Failure)  371498K->8970K(1040896K), 0.0043097 secs]
82665.757: [GC (Allocation Failure)  361226K->9066K(1111552K), 0.0045101 secs]
82666.174: [GC (Allocation Failure)  431978K->9002K(1098752K), 0.0031977 secs]
82666.572: [GC (Allocation Failure)  419114K->9002K(1086464K), 0.0042793 secs]
82666.966: [GC (Allocation Failure)  406826K->9002K(1074688K), 0.0037452 secs]
82667.484: [GC (Allocation Failure)  395050K->8970K(1063424K), 0.0039771 secs]
82667.872: [GC (Allocation Failure)  383754K->9034K(1052672K), 0.0043647 secs]
82668.233: [GC (Allocation Failure)  373066K->9002K(1042432K), 0.0042252 secs]
82668.664: [GC (Allocation Failure)  362794K->9002K(1032704K), 0.0033176 secs]
82669.086: [GC (Allocation Failure)  353066K->9034K(1022976K), 0.0030510 secs]
82669.464: [GC (Allocation Failure)  343370K->9002K(1013760K), 0.0042709 secs]
82669.842: [GC (Allocation Failure)  334122K->9034K(1005056K), 0.0034664 secs]
82670.188: [GC (Allocation Failure)  325450K->9002K(996352K), 0.0036078 secs]
82670.520: [GC (Allocation Failure)  316714K->8938K(988160K), 0.0033316 secs]
82670.813: [GC (Allocation Failure)  308458K->9002K(1048064K), 0.0035441 secs]
82671.193: [GC (Allocation Failure)  368426K->9002K(1037824K), 0.0036261 secs]
82671.582: [GC (Allocation Failure)  358186K->8970K(1028096K), 0.0032644 secs]
82671.923: [GC (Allocation Failure)  348426K->9034K(1018880K), 0.0032928 secs]
82672.243: [GC (Allocation Failure)  339274K->9034K(1009664K), 0.0038195 secs]
82672.555: [GC (Allocation Failure)  330058K->8970K(1074176K), 0.0035175 secs]
82672.931: [GC (Allocation Failure)  394506K->9002K(1062912K), 0.0032054 secs]
82673.297: [GC (Allocation Failure)  383274K->8970K(1052160K), 0.0041552 secs]
82673.649: [GC (Allocation Failure)  372490K->9002K(1124864K), 0.0045850 secs]
82674.097: [GC (Allocation Failure)  445226K->9002K(1111552K), 0.0036114 secs]
82674.530: [GC (Allocation Failure)  431914K->9002K(1098752K), 0.0040048 secs]
82674.989: [GC (Allocation Failure)  419114K->9002K(1086464K), 0.0038397 secs]
82675.434: [GC (Allocation Failure)  406826K->9002K(1074688K), 0.0036365 secs]
82675.832: [GC (Allocation Failure)  395050K->8938K(1063424K), 0.0039749 secs]
82676.207: [GC (Allocation Failure)  383722K->9002K(1052672K), 0.0042843 secs]
82676.569: [GC (Allocation Failure)  373034K->9034K(1125888K), 0.0043377 secs]
82677.003: [GC (Allocation Failure)  446282K->9002K(1112576K), 0.0039460 secs]
82677.446: [GC (Allocation Failure)  432938K->9002K(1099776K), 0.0040499 secs]
82677.896: [GC (Allocation Failure)  420138K->8970K(1087488K), 0.0039379 secs]
82678.291: [GC (Allocation Failure)  407818K->9002K(1075712K), 0.0036694 secs]
82678.671: [GC (Allocation Failure)  396074K->9002K(1064448K), 0.0032547 secs]
82679.061: [GC (Allocation Failure)  384810K->9002K(1053696K), 0.0033587 secs]
82679.474: [GC (Allocation Failure)  374058K->9002K(1043456K), 0.0040145 secs]
82679.821: [GC (Allocation Failure)  363818K->8970K(1114624K), 0.0091544 secs]
82680.254: [GC (Allocation Failure)  434954K->8970K(1200128K), 0.0030969 secs]
82680.764: [GC (Allocation Failure)  520458K->9034K(1183232K), 0.0029205 secs]
82681.401: [GC (Allocation Failure)  503626K->9034K(1167360K), 0.0024887 secs]
82681.894: [GC (Allocation Failure)  487754K->9034K(1152000K), 0.0027011 secs]
82682.373: [GC (Allocation Failure)  472394K->9002K(1244672K), 0.0085593 secs]
82683.023: [GC (Allocation Failure)  565034K->9034K(1225728K), 0.0030725 secs]
82683.568: [GC (Allocation Failure)  546122K->9002K(1207808K), 0.0044890 secs]
82684.088: [GC (Allocation Failure)  528170K->9002K(1190912K), 0.0027945 secs]
82684.586: [GC (Allocation Failure)  511274K->9002K(1174528K), 0.0033357 secs]
82685.069: [GC (Allocation Failure)  494890K->8970K(1159168K), 0.0032086 secs]
82685.540: [GC (Allocation Failure)  479498K->9034K(1144320K), 0.0030297 secs]
82686.000: [GC (Allocation Failure)  464714K->8970K(1129984K), 0.0033073 secs]
82686.473: [GC (Allocation Failure)  450314K->8970K(1116160K), 0.0033685 secs]
82686.897: [GC (Allocation Failure)  436490K->8970K(1102848K), 0.0031998 secs]
82687.309: [GC (Allocation Failure)  423178K->9002K(1090560K), 0.0028493 secs]
82687.712: [GC (Allocation Failure)  410922K->9002K(1078784K), 0.0034603 secs]
82688.105: [GC (Allocation Failure)  399146K->9002K(1067520K), 0.0041280 secs]
82688.492: [GC (Allocation Failure)  387882K->9002K(1056256K), 0.0031804 secs]
82688.865: [GC (Allocation Failure)  376618K->9002K(1045504K), 0.0034986 secs]
82689.226: [GC (Allocation Failure)  365866K->9002K(1035264K), 0.0046411 secs]
82689.579: [GC (Allocation Failure)  355626K->8970K(1025536K), 0.0030253 secs]
82689.920: [GC (Allocation Failure)  345866K->8970K(1016320K), 0.0029732 secs]
82690.249: [GC (Allocation Failure)  336650K->9034K(1007616K), 0.0033208 secs]
82690.583: [GC (Allocation Failure)  328010K->9034K(998912K), 0.0032972 secs]
82690.913: [GC (Allocation Failure)  319306K->9034K(990720K), 0.0034209 secs]
82691.216: [GC (Allocation Failure)  311114K->9002K(983040K), 0.0027173 secs]
82691.540: [GC (Allocation Failure)  303402K->9034K(975360K), 0.0033014 secs]
82691.849: [GC (Allocation Failure)  295754K->9034K(968192K), 0.0033248 secs]
82692.147: [GC (Allocation Failure)  288586K->9002K(1024512K), 0.0035920 secs]
82692.507: [GC (Allocation Failure)  344874K->8970K(1015296K), 0.0032862 secs]
82692.838: [GC (Allocation Failure)  335626K->8970K(1006592K), 0.0031218 secs]
82693.170: [GC (Allocation Failure)  326922K->9002K(997888K), 0.0030472 secs]
82693.647: [GC (Allocation Failure)  318250K->8970K(989696K), 0.0033297 secs]
82693.970: [GC (Allocation Failure)  310026K->9002K(982016K), 0.0032935 secs]
82694.321: [GC (Allocation Failure)  302378K->9002K(1040896K), 0.0075181 secs]
82694.692: [GC (Allocation Failure)  361258K->9066K(1111552K), 0.0034386 secs]
82695.121: [GC (Allocation Failure)  431978K->8970K(1196544K), 0.0050955 secs]
82695.683: [GC (Allocation Failure)  516874K->9002K(1180160K), 0.0029566 secs]
82696.230: [GC (Allocation Failure)  500522K->9002K(1164288K), 0.0035822 secs]
82696.958: [GC (Allocation Failure)  484650K->8970K(1148928K), 0.0039493 secs]
82697.624: [GC (Allocation Failure)  469258K->8970K(1134592K), 0.0036164 secs]
82698.073: [GC (Allocation Failure)  454922K->8970K(1120768K), 0.0034505 secs]
82698.493: [GC (Allocation Failure)  441098K->8970K(1107456K), 0.0035202 secs]
82698.902: [GC (Allocation Failure)  427786K->8970K(1094656K), 0.0036939 secs]
82699.295: [GC (Allocation Failure)  414986K->8970K(1082368K), 0.0034031 secs]
82699.706: [GC (Allocation Failure)  402698K->9002K(1070592K), 0.0041067 secs]
82700.111: [GC (Allocation Failure)  390954K->9034K(1059328K), 0.0025338 secs]
82700.480: [GC (Allocation Failure)  379722K->8970K(1048576K), 0.0035069 secs]
82700.841: [GC (Allocation Failure)  368906K->9002K(1038336K), 0.0031341 secs]
82701.199: [GC (Allocation Failure)  358698K->9034K(1028608K), 0.0028830 secs]
82701.542: [GC (Allocation Failure)  349002K->8970K(1019392K), 0.0033759 secs]
82701.873: [GC (Allocation Failure)  339722K->9034K(1010176K), 0.0028641 secs]
82702.199: [GC (Allocation Failure)  330570K->8970K(1001472K), 0.0033394 secs]
82702.517: [GC (Allocation Failure)  321802K->9002K(993280K), 0.0035717 secs]
82702.833: [GC (Allocation Failure)  313642K->9002K(985088K), 0.0034571 secs]
82703.135: [GC (Allocation Failure)  305450K->9002K(1044480K), 0.0038393 secs]
82703.503: [GC (Allocation Failure)  364842K->9002K(1034240K), 0.0035591 secs]
82703.854: [GC (Allocation Failure)  354602K->8970K(1024512K), 0.0032065 secs]
82704.195: [GC (Allocation Failure)  344842K->9002K(1092096K), 0.0048310 secs]
82704.608: [GC (Allocation Failure)  412458K->9002K(1079808K), 0.0033146 secs]
82705.000: [GC (Allocation Failure)  400170K->8970K(1068032K), 0.0032097 secs]
82705.378: [GC (Allocation Failure)  388362K->9002K(1056768K), 0.0035432 secs]
82705.753: [GC (Allocation Failure)  377130K->9002K(1046016K), 0.0031222 secs]
82706.123: [GC (Allocation Failure)  366378K->9002K(1035776K), 0.0039762 secs]
82706.505: [GC (Allocation Failure)  356138K->9010K(1026048K), 0.0031604 secs]
82707.056: [GC (Allocation Failure)  346418K->9010K(1016832K), 0.0035521 secs]
82707.407: [GC (Allocation Failure)  337202K->9010K(1008128K), 0.0035131 secs]
82707.748: [GC (Allocation Failure)  328498K->9042K(999424K), 0.0031218 secs]
82708.060: [GC (Allocation Failure)  319826K->9010K(991232K), 0.0033143 secs]
82708.368: [GC (Allocation Failure)  311602K->8978K(983552K), 0.0030869 secs]
82708.655: [GC (Allocation Failure)  303890K->8978K(975872K), 0.0033095 secs]
82708.936: [GC (Allocation Failure)  296210K->8978K(968704K), 0.0028756 secs]
82709.209: [GC (Allocation Failure)  289042K->9010K(1025024K), 0.0035864 secs]
82709.536: [GC (Allocation Failure)  345394K->9074K(1092608K), 0.0030672 secs]
82709.948: [GC (Allocation Failure)  413042K->9010K(1080320K), 0.0035871 secs]
82710.365: [GC (Allocation Failure)  400690K->9010K(1068544K), 0.0031906 secs]
82710.771: [GC (Allocation Failure)  388914K->9042K(1057280K), 0.0027551 secs]
82711.136: [GC (Allocation Failure)  377682K->8978K(1046528K), 0.0034380 secs]
82711.485: [GC (Allocation Failure)  366866K->9010K(1036288K), 0.0029815 secs]
82711.822: [GC (Allocation Failure)  356658K->9010K(1026560K), 0.0040011 secs]
82712.155: [GC (Allocation Failure)  346930K->9010K(1017344K), 0.0034984 secs]
82712.644: [GC (Allocation Failure)  337714K->9042K(1008640K), 0.0035827 secs]
82712.983: [GC (Allocation Failure)  329042K->9010K(999936K), 0.0028916 secs]
82713.287: [GC (Allocation Failure)  320306K->8978K(991744K), 0.0034659 secs]
82713.582: [GC (Allocation Failure)  312082K->9010K(984064K), 0.0033637 secs]
82713.870: [GC (Allocation Failure)  304434K->8978K(976384K), 0.0031670 secs]
82714.149: [GC (Allocation Failure)  296722K->9010K(969216K), 0.0029046 secs]
82714.424: [GC (Allocation Failure)  289586K->9010K(1025536K), 0.0031999 secs]
82714.751: [GC (Allocation Failure)  345906K->8978K(1093120K), 0.0033955 secs]
82715.144: [GC (Allocation Failure)  413458K->9010K(1174016K), 0.0040484 secs]
82715.618: [GC (Allocation Failure)  494386K->9010K(1158656K), 0.0039218 secs]
82716.081: [GC (Allocation Failure)  479026K->8978K(1143808K), 0.0038690 secs]
82716.686: [GC (Allocation Failure)  464146K->9010K(1129472K), 0.0044334 secs]
82717.127: [GC (Allocation Failure)  449842K->9042K(1115648K), 0.0039401 secs]
82717.575: [GC (Allocation Failure)  436050K->9010K(1102848K), 0.0358833 secs]
82718.031: [GC (Allocation Failure)  423218K->8986K(1090560K), 0.0034266 secs]
82718.438: [GC (Allocation Failure)  410906K->9018K(1078784K), 0.0044242 secs]
82718.835: [GC (Allocation Failure)  399162K->8986K(1067520K), 0.0032502 secs]
82719.205: [GC (Allocation Failure)  387866K->9018K(1056256K), 0.0037522 secs]
82719.565: [GC (Allocation Failure)  376634K->9018K(1045504K), 0.0033426 secs]
82719.915: [GC (Allocation Failure)  365882K->9018K(1035264K), 0.0035361 secs]
82720.268: [GC (Allocation Failure)  355642K->9018K(1025536K), 0.0039603 secs]
82720.596: [GC (Allocation Failure)  345914K->8986K(1016320K), 0.0037304 secs]
82720.933: [GC (Allocation Failure)  336666K->9018K(1081856K), 0.0039454 secs]
82721.321: [GC (Allocation Failure)  402234K->9018K(1070080K), 0.0033658 secs]
82721.689: [GC (Allocation Failure)  390458K->8986K(1058816K), 0.0033103 secs]
82722.222: [GC (Allocation Failure)  379162K->9050K(1048064K), 0.0046195 secs]
82722.583: [GC (Allocation Failure)  368474K->8986K(1037824K), 0.0028851 secs]
82723.056: [GC (Allocation Failure)  358170K->8986K(1028096K), 0.0034572 secs]
82723.409: [GC (Allocation Failure)  348442K->9018K(1018880K), 0.0032177 secs]
82723.740: [GC (Allocation Failure)  339258K->8986K(1009664K), 0.0035105 secs]
82724.062: [GC (Allocation Failure)  330010K->8986K(1000960K), 0.0043153 secs]
82724.394: [GC (Allocation Failure)  321306K->9018K(1063424K), 0.0035791 secs]
82724.985: [GC (Allocation Failure)  383802K->9018K(1052672K), 0.0037512 secs]
82725.351: [GC (Allocation Failure)  373050K->9018K(1042432K), 0.0038148 secs]
82725.707: [GC (Allocation Failure)  362810K->9018K(1032704K), 0.0040264 secs]
82726.075: [GC (Allocation Failure)  353082K->9050K(1022976K), 0.0039922 secs]
82726.426: [GC (Allocation Failure)  343386K->8986K(1090048K), 0.0043606 secs]
82727.142: [GC (Allocation Failure)  410394K->9018K(1078272K), 0.0041643 secs]
82727.531: [GC (Allocation Failure)  398650K->9082K(1067008K), 0.0034677 secs]
82727.933: [GC (Allocation Failure)  387450K->9050K(1056256K), 0.0035265 secs]
82728.346: [GC (Allocation Failure)  376666K->9018K(1045504K), 0.0045073 secs]
82728.728: [GC (Allocation Failure)  365882K->8994K(1035264K), 0.0042913 secs]
82729.115: [GC (Allocation Failure)  355618K->9026K(1025536K), 0.0035457 secs]
82729.595: [GC (Allocation Failure)  345922K->9026K(1016320K), 0.0035559 secs]
82729.957: [GC (Allocation Failure)  336706K->9058K(1081856K), 0.0091998 secs]
82730.354: [GC (Allocation Failure)  402274K->8994K(1160704K), 0.0026510 secs]
82730.822: [GC (Allocation Failure)  481058K->9026K(1145856K), 0.0023446 secs]
82731.276: [GC (Allocation Failure)  466242K->9058K(1131520K), 0.0023528 secs]
82731.879: [GC (Allocation Failure)  451938K->9026K(1220096K), 0.0100152 secs]
82732.410: [GC (Allocation Failure)  540482K->9058K(1202688K), 0.0024253 secs]
82732.918: [GC (Allocation Failure)  523106K->9026K(1185792K), 0.0024628 secs]
82733.554: [GC (Allocation Failure)  506178K->9058K(1169920K), 0.0027984 secs]
82734.073: [GC (Allocation Failure)  490338K->8994K(1154560K), 0.0033008 secs]
82734.548: [GC (Allocation Failure)  474914K->8994K(1139712K), 0.0030886 secs]
82734.996: [GC (Allocation Failure)  460066K->9058K(1125376K), 0.0034450 secs]
82735.430: [GC (Allocation Failure)  445794K->9058K(1112064K), 0.0029262 secs]
82735.877: [GC (Allocation Failure)  432482K->8994K(1099264K), 0.0044960 secs]
82736.300: [GC (Allocation Failure)  419618K->9026K(1086976K), 0.0062957 secs]
82736.696: [GC (Allocation Failure)  407362K->9026K(1075200K), 0.0031335 secs]
82737.075: [GC (Allocation Failure)  395586K->9026K(1063936K), 0.0038638 secs]
82737.474: [GC (Allocation Failure)  384322K->9026K(1053184K), 0.0045594 secs]
82737.842: [GC (Allocation Failure)  373570K->9090K(1042944K), 0.0035534 secs]
82738.354: [GC (Allocation Failure)  363394K->9026K(1032704K), 0.0040161 secs]
82738.737: [GC (Allocation Failure)  353090K->8994K(1022976K), 0.0040776 secs]
82739.143: [GC (Allocation Failure)  343330K->9026K(1013760K), 0.0032700 secs]
82739.480: [GC (Allocation Failure)  334146K->8994K(1005056K), 0.0043793 secs]
82739.806: [GC (Allocation Failure)  325410K->9058K(1068544K), 0.0039731 secs]
82740.197: [GC (Allocation Failure)  388962K->9026K(1057280K), 0.0034327 secs]
82740.567: [GC (Allocation Failure)  377666K->9026K(1131008K), 0.0044557 secs]
82741.011: [GC (Allocation Failure)  451394K->9026K(1117184K), 0.0031516 secs]
82741.447: [GC (Allocation Failure)  437570K->9026K(1103872K), 0.0035196 secs]
82741.852: [GC (Allocation Failure)  424258K->8962K(1091072K), 0.0039475 secs]
82742.243: [GC (Allocation Failure)  411394K->9026K(1079296K), 0.0034154 secs]
82742.622: [GC (Allocation Failure)  399682K->8994K(1068032K), 0.0031057 secs]
82742.991: [GC (Allocation Failure)  388386K->9090K(1056768K), 0.0031719 secs]
82743.347: [GC (Allocation Failure)  377218K->8962K(1046016K), 0.0037644 secs]
82743.912: [GC (Allocation Failure)  366338K->9026K(1035776K), 0.0035586 secs]
82744.269: [GC (Allocation Failure)  356162K->8994K(1026048K), 0.0037009 secs]
82744.615: [GC (Allocation Failure)  346402K->9058K(1016832K), 0.0030387 secs]
82744.949: [GC (Allocation Failure)  337250K->9026K(1008128K), 0.0039586 secs]
82745.273: [GC (Allocation Failure)  328514K->9058K(1072128K), 0.0040897 secs]
82745.660: [GC (Allocation Failure)  392546K->9026K(1060864K), 0.0032480 secs]
82746.033: [GC (Allocation Failure)  381250K->9026K(1050112K), 0.0033332 secs]
82746.431: [GC (Allocation Failure)  370498K->9026K(1039872K), 0.0039928 secs]
82746.773: [GC (Allocation Failure)  360258K->9026K(1110528K), 0.0047952 secs]
82747.186: [GC (Allocation Failure)  430914K->9026K(1195008K), 0.0038104 secs]
82747.705: [GC (Allocation Failure)  515394K->9058K(1178624K), 0.0042495 secs]
82748.214: [GC (Allocation Failure)  499042K->9034K(1162752K), 0.0035108 secs]
82748.689: [GC (Allocation Failure)  483146K->9034K(1147904K), 0.0031073 secs]
82749.148: [GC (Allocation Failure)  468298K->8970K(1133568K), 0.0035543 secs]
82749.695: [GC (Allocation Failure)  453898K->9034K(1119744K), 0.0039892 secs]
82750.131: [GC (Allocation Failure)  440138K->9066K(1106432K), 0.0036354 secs]
82750.553: [GC (Allocation Failure)  426858K->9034K(1093632K), 0.0033185 secs]
82750.964: [GC (Allocation Failure)  414026K->9002K(1081344K), 0.0033616 secs]
82751.363: [GC (Allocation Failure)  401706K->9002K(1069568K), 0.0034769 secs]
82751.751: [GC (Allocation Failure)  389930K->9034K(1058304K), 0.0034337 secs]
82752.266: [GC (Allocation Failure)  378698K->9034K(1047552K), 0.0034175 secs]
82752.653: [GC (Allocation Failure)  367946K->9066K(1037312K), 0.0036383 secs]
82753.015: [GC (Allocation Failure)  357738K->9002K(1027584K), 0.0037082 secs]
82753.367: [GC (Allocation Failure)  347946K->9034K(1018368K), 0.0036744 secs]
82753.710: [GC (Allocation Failure)  338762K->9034K(1009152K), 0.0028374 secs]
82754.062: [GC (Allocation Failure)  329546K->9002K(1000448K), 0.0034362 secs]
82754.525: [GC (Allocation Failure)  320810K->9034K(992256K), 0.0029993 secs]
82754.874: [GC (Allocation Failure)  312650K->9034K(984064K), 0.0035884 secs]
82755.190: [GC (Allocation Failure)  304458K->9002K(976384K), 0.0035944 secs]
82755.490: [GC (Allocation Failure)  296746K->9034K(1034240K), 0.0040977 secs]
82755.852: [GC (Allocation Failure)  354634K->9066K(1103360K), 0.0033849 secs]
82756.283: [GC (Allocation Failure)  423786K->9034K(1091072K), 0.0033673 secs]
82756.714: [GC (Allocation Failure)  411466K->9066K(1079296K), 0.0036672 secs]
82757.279: [GC (Allocation Failure)  399722K->9034K(1068032K), 0.0038651 secs]
82757.649: [GC (Allocation Failure)  388426K->9034K(1056768K), 0.0035686 secs]
82758.007: [GC (Allocation Failure)  377162K->9066K(1046016K), 0.0034058 secs]
82758.353: [GC (Allocation Failure)  366442K->8970K(1035776K), 0.0031426 secs]
82758.689: [GC (Allocation Failure)  356106K->9034K(1026048K), 0.0042094 secs]
82759.018: [GC (Allocation Failure)  346442K->9002K(1016832K), 0.0034192 secs]
82759.337: [GC (Allocation Failure)  337194K->9066K(1082880K), 0.0038864 secs]
82759.720: [GC (Allocation Failure)  403306K->9034K(1071104K), 0.0895072 secs]
82760.197: [GC (Allocation Failure)  391498K->9034K(1059840K), 0.0037625 secs]
82760.558: [GC (Allocation Failure)  380234K->9034K(1049088K), 0.0037133 secs]
82760.908: [GC (Allocation Failure)  369482K->9034K(1038848K), 0.0028925 secs]
82761.248: [GC (Allocation Failure)  359242K->9034K(1029120K), 0.0037378 secs]
82761.600: [GC (Allocation Failure)  349514K->9066K(1019904K), 0.0035954 secs]
82761.920: [GC (Allocation Failure)  340330K->9034K(1086464K), 0.0036840 secs]
82762.306: [GC (Allocation Failure)  406858K->9034K(1074688K), 0.0035405 secs]
82762.682: [GC (Allocation Failure)  395082K->9034K(1063424K), 0.0034211 secs]
82763.199: [GC (Allocation Failure)  383818K->9034K(1052672K), 0.0034240 secs]
82763.564: [GC (Allocation Failure)  373066K->9002K(1042432K), 0.0031396 secs]
82763.917: [GC (Allocation Failure)  362794K->9034K(1032704K), 0.0030877 secs]
82764.278: [GC (Allocation Failure)  353098K->9034K(1022976K), 0.0031510 secs]
82764.615: [GC (Allocation Failure)  343370K->9034K(1013760K), 0.0040457 secs]
82764.943: [GC (Allocation Failure)  334154K->9002K(1005056K), 0.0035398 secs]
82765.263: [GC (Allocation Failure)  325418K->9034K(996352K), 0.0030788 secs]
82765.570: [GC (Allocation Failure)  316746K->9034K(1058304K), 0.0037334 secs]
82765.946: [GC (Allocation Failure)  378698K->9034K(1047552K), 0.0034620 secs]
82766.327: [GC (Allocation Failure)  367946K->9002K(1037312K), 0.0029477 secs]
82766.691: [GC (Allocation Failure)  357674K->9034K(1027584K), 0.0040243 secs]
82767.031: [GC (Allocation Failure)  347978K->9002K(1018368K), 0.0038536 secs]
82767.391: [GC (Allocation Failure)  338730K->9066K(1084416K), 0.0054984 secs]
82767.801: [GC (Allocation Failure)  404842K->9034K(1163776K), 0.0042627 secs]
82768.308: [GC (Allocation Failure)  484170K->9002K(1259008K), 0.0048374 secs]
82768.898: [GC (Allocation Failure)  579370K->9002K(1239552K), 0.0037969 secs]
82769.438: [GC (Allocation Failure)  559914K->9002K(1221120K), 0.0042117 secs]
82769.967: [GC (Allocation Failure)  541482K->9034K(1203200K), 0.0050236 secs]
82770.502: [GC (Allocation Failure)  523594K->9034K(1186304K), 0.0047387 secs]
82770.996: [GC (Allocation Failure)  506698K->9034K(1169920K), 0.0039985 secs]
82771.470: [GC (Allocation Failure)  490314K->9002K(1154560K), 0.0033586 secs]
82771.929: [GC (Allocation Failure)  474922K->9098K(1139712K), 0.0035364 secs]
82772.373: [GC (Allocation Failure)  460170K->9034K(1125376K), 0.0037672 secs]
82772.803: [GC (Allocation Failure)  445770K->9066K(1112064K), 0.0036640 secs]
82773.219: [GC (Allocation Failure)  432490K->9034K(1099264K), 0.0038591 secs]
82773.621: [GC (Allocation Failure)  419658K->9034K(1086976K), 0.0033491 secs]
82774.062: [GC (Allocation Failure)  407370K->9034K(1075200K), 0.0030037 secs]
82774.596: [GC (Allocation Failure)  395594K->9002K(1063936K), 0.0065562 secs]
82774.980: [GC (Allocation Failure)  384298K->9034K(1053184K), 0.0048432 secs]
82775.370: [GC (Allocation Failure)  373578K->9034K(1042944K), 0.0035489 secs]
82775.724: [GC (Allocation Failure)  363338K->9066K(1032704K), 0.0027483 secs]
82776.066: [GC (Allocation Failure)  353130K->9034K(1022976K), 0.0037550 secs]
82776.438: [GC (Allocation Failure)  343370K->9002K(1013760K), 0.0036850 secs]
82776.778: [GC (Allocation Failure)  334122K->9002K(1005056K), 0.0032278 secs]
82777.099: [GC (Allocation Failure)  325418K->9034K(996352K), 0.0029990 secs]
82777.538: [GC (Allocation Failure)  316746K->9034K(988160K), 0.0032418 secs]
82777.838: [GC (Allocation Failure)  308554K->9002K(980480K), 0.0032333 secs]
82778.130: [GC (Allocation Failure)  300842K->9034K(1038848K), 0.0039214 secs]
82778.503: [GC (Allocation Failure)  359242K->9034K(1108992K), 0.0036435 secs]
82778.917: [GC (Allocation Failure)  429386K->9066K(1096192K), 0.0027884 secs]
82779.567: [GC (Allocation Failure)  416618K->9066K(1083904K), 0.0036208 secs]
82780.020: [GC (Allocation Failure)  404330K->9034K(1163264K), 0.0096372 secs]
82780.569: [GC (Allocation Failure)  483658K->9002K(1258496K), 0.0036776 secs]
82781.164: [GC (Allocation Failure)  578858K->9098K(1239040K), 0.0025341 secs]
82781.702: [GC (Allocation Failure)  559498K->9066K(1220608K), 0.0026098 secs]
82782.223: [GC (Allocation Failure)  541034K->9002K(1203200K), 0.0029629 secs]
82782.726: [GC (Allocation Failure)  523562K->9002K(1186304K), 0.0029197 secs]
82783.213: [GC (Allocation Failure)  506666K->9034K(1169920K), 0.0030240 secs]
82783.722: [GC (Allocation Failure)  490314K->9002K(1154560K), 0.0028029 secs]
82784.178: [GC (Allocation Failure)  474922K->9034K(1139712K), 0.0028797 secs]
82784.623: [GC (Allocation Failure)  460106K->9034K(1125376K), 0.0033491 secs]
82785.084: [GC (Allocation Failure)  445770K->9034K(1112064K), 0.0029453 secs]
82785.656: [GC (Allocation Failure)  432458K->8970K(1099264K), 0.0041764 secs]
82786.057: [GC (Allocation Failure)  419594K->9034K(1086976K), 0.0028129 secs]
82786.467: [GC (Allocation Failure)  407370K->9034K(1075200K), 0.0035925 secs]
82786.892: [GC (Allocation Failure)  395594K->9002K(1063936K), 0.0037599 secs]
82787.273: [GC (Allocation Failure)  384298K->9034K(1053184K), 0.0031828 secs]
82787.659: [GC (Allocation Failure)  373578K->9002K(1042944K), 0.0029914 secs]
82788.004: [GC (Allocation Failure)  363306K->9066K(1032704K), 0.0033463 secs]
82788.337: [GC (Allocation Failure)  353130K->9066K(1022976K), 0.0029887 secs]
82788.661: [GC (Allocation Failure)  343402K->9034K(1013760K), 0.0036618 secs]
82788.979: [GC (Allocation Failure)  334154K->9066K(1005056K), 0.0039427 secs]
82789.287: [GC (Allocation Failure)  325482K->9066K(1068544K), 0.0035150 secs]
82789.658: [GC (Allocation Failure)  388970K->9002K(1144832K), 0.0037513 secs]
82790.104: [GC (Allocation Failure)  465194K->9034K(1236480K), 0.0045433 secs]
82790.667: [GC (Allocation Failure)  556874K->9002K(1218048K), 0.0035528 secs]
82791.183: [GC (Allocation Failure)  538410K->9034K(1200640K), 0.0036092 secs]
82791.697: [GC (Allocation Failure)  521034K->9066K(1183744K), 0.0041857 secs]
82792.210: [GC (Allocation Failure)  504170K->9002K(1167872K), 0.0043151 secs]
82792.722: [GC (Allocation Failure)  488234K->9034K(1152512K), 0.0038107 secs]
82793.187: [GC (Allocation Failure)  472906K->9034K(1137664K), 0.0037594 secs]
82793.625: [GC (Allocation Failure)  458058K->9034K(1123840K), 0.0045344 secs]
82794.053: [GC (Allocation Failure)  444234K->9034K(1110528K), 0.0030819 secs]
82794.469: [GC (Allocation Failure)  430922K->9034K(1097728K), 0.0029786 secs]
82794.866: [GC (Allocation Failure)  418122K->9002K(1085440K), 0.0029940 secs]
82795.252: [GC (Allocation Failure)  405802K->9002K(1073664K), 0.0037426 secs]
82795.813: [GC (Allocation Failure)  394026K->9034K(1062400K), 0.0035236 secs]
82796.176: [GC (Allocation Failure)  382794K->9034K(1051648K), 0.0028338 secs]
82796.528: [GC (Allocation Failure)  372042K->9034K(1041408K), 0.0035419 secs]
82796.871: [GC (Allocation Failure)  361802K->9034K(1031680K), 0.0049579 secs]
82797.253: [GC (Allocation Failure)  352074K->9002K(1021952K), 0.0032405 secs]
82797.888: [GC (Allocation Failure)  342314K->9034K(1012736K), 0.0040357 secs]
82798.209: [GC (Allocation Failure)  333130K->9034K(1004032K), 0.0033321 secs]
82798.520: [GC (Allocation Failure)  324426K->9034K(995840K), 0.0030671 secs]
82798.822: [GC (Allocation Failure)  316234K->9002K(987648K), 0.0030642 secs]
82799.116: [GC (Allocation Failure)  308010K->9066K(979968K), 0.0026563 secs]
82799.400: [GC (Allocation Failure)  300394K->9066K(972288K), 0.0032905 secs]
82799.811: [GC (Allocation Failure)  292714K->9002K(965120K), 0.0035302 secs]
82800.082: [GC (Allocation Failure)  285482K->9002K(958464K), 0.0032742 secs]
82800.347: [GC (Allocation Failure)  278826K->9066K(951808K), 0.0025412 secs]
82800.714: [GC (Allocation Failure)  272234K->9066K(945664K), 0.0030788 secs]
82800.968: [GC (Allocation Failure)  266090K->9034K(997376K), 0.0090249 secs]
82801.294: [GC (Allocation Failure)  317770K->9034K(1059328K), 0.0034675 secs]
82801.676: [GC (Allocation Failure)  379722K->9034K(1133568K), 0.0032227 secs]
82802.139: [GC (Allocation Failure)  453962K->9034K(1222656K), 0.0030979 secs]
82802.688: [GC (Allocation Failure)  543050K->9002K(1329664K), 0.0040457 secs]
82803.383: [GC (Allocation Failure)  650026K->9034K(1307136K), 0.0035402 secs]
82804.101: [GC (Allocation Failure)  627530K->9034K(1285632K), 0.0032251 secs]
82804.702: [GC (Allocation Failure)  606026K->9034K(1265152K), 0.0032842 secs]
82805.283: [GC (Allocation Failure)  585546K->9034K(1245696K), 0.0042097 secs]
82805.840: [GC (Allocation Failure)  566090K->9002K(1226752K), 0.0034551 secs]
82806.411: [GC (Allocation Failure)  547114K->9034K(1208832K), 0.0030338 secs]
82806.974: [GC (Allocation Failure)  529226K->9002K(1191936K), 0.0040883 secs]
82807.487: [GC (Allocation Failure)  512298K->9034K(1175552K), 0.0037111 secs]
82807.969: [GC (Allocation Failure)  495946K->9034K(1159680K), 0.0032467 secs]
82808.451: [GC (Allocation Failure)  480074K->9002K(1144832K), 0.0039607 secs]
82808.906: [GC (Allocation Failure)  465194K->9002K(1130496K), 0.0035129 secs]
82809.344: [GC (Allocation Failure)  450858K->9034K(1116672K), 0.0029589 secs]
82809.772: [GC (Allocation Failure)  437066K->9034K(1103360K), 0.0033774 secs]
82810.222: [GC (Allocation Failure)  423754K->9002K(1091072K), 0.0035690 secs]
82810.642: [GC (Allocation Failure)  411434K->9002K(1079296K), 0.0033773 secs]
82811.055: [GC (Allocation Failure)  399658K->9002K(1068032K), 0.0034254 secs]
82811.464: [GC (Allocation Failure)  388394K->9002K(1056768K), 0.0035436 secs]
82811.854: [GC (Allocation Failure)  377130K->9034K(1046016K), 0.0041472 secs]
82812.225: [GC (Allocation Failure)  366410K->9002K(1035776K), 0.0044775 secs]
82812.596: [GC (Allocation Failure)  356138K->9034K(1026048K), 0.0041869 secs]
82812.941: [GC (Allocation Failure)  346442K->9034K(1016832K), 0.0035924 secs]
82813.271: [GC (Allocation Failure)  337226K->9034K(1082880K), 0.0037055 secs]
82813.663: [GC (Allocation Failure)  403274K->9002K(1071104K), 0.0034669 secs]
82814.048: [GC (Allocation Failure)  391466K->9034K(1147904K), 0.0045789 secs]
82814.521: [GC (Allocation Failure)  468298K->9034K(1133568K), 0.0036303 secs]
82814.987: [GC (Allocation Failure)  453962K->9034K(1119744K), 0.0041827 secs]
82815.450: [GC (Allocation Failure)  440138K->9002K(1106432K), 0.0031229 secs]
82815.916: [GC (Allocation Failure)  426794K->9034K(1093632K), 0.0032699 secs]
82816.329: [GC (Allocation Failure)  414026K->9002K(1081344K), 0.0029921 secs]
82816.752: [GC (Allocation Failure)  401706K->9034K(1069568K), 0.0051852 secs]
82817.152: [GC (Allocation Failure)  389962K->9034K(1058304K), 0.0043095 secs]
82817.544: [GC (Allocation Failure)  378698K->9034K(1047552K), 0.0036511 secs]
82817.920: [GC (Allocation Failure)  367946K->9034K(1037312K), 0.0039435 secs]
82818.282: [GC (Allocation Failure)  357706K->9034K(1027584K), 0.0042737 secs]
82818.638: [GC (Allocation Failure)  347978K->9002K(1095680K), 0.0046143 secs]
82819.062: [GC (Allocation Failure)  416042K->9066K(1083392K), 0.0034451 secs]
82819.456: [GC (Allocation Failure)  403818K->9034K(1071616K), 0.0039111 secs]
82819.838: [GC (Allocation Failure)  392010K->9002K(1060352K), 0.0037535 secs]
82820.214: [GC (Allocation Failure)  380714K->9002K(1049600K), 0.0036863 secs]
82820.576: [GC (Allocation Failure)  369962K->9034K(1039360K), 0.0031200 secs]
82820.927: [GC (Allocation Failure)  359754K->9034K(1029632K), 0.0030415 secs]
82821.273: [GC (Allocation Failure)  350026K->9034K(1020416K), 0.0033961 secs]
82821.611: [GC (Allocation Failure)  340810K->9066K(1011200K), 0.0035189 secs]
82822.090: [GC (Allocation Failure)  331626K->9034K(1002496K), 0.0035272 secs]
82822.404: [GC (Allocation Failure)  322890K->9002K(994304K), 0.0035246 secs]
82822.712: [GC (Allocation Failure)  314666K->9002K(986112K), 0.0037565 secs]
82823.018: [GC (Allocation Failure)  306474K->9066K(1046016K), 0.0034169 secs]
82823.394: [GC (Allocation Failure)  366442K->9034K(1035776K), 0.0032687 secs]
82823.763: [GC (Allocation Failure)  356170K->9074K(1026048K), 0.0029508 secs]
82824.269: [GC (Allocation Failure)  346482K->9010K(1016832K), 0.0035036 secs]
82824.600: [GC (Allocation Failure)  337202K->9074K(1008128K), 0.0033931 secs]
82824.912: [GC (Allocation Failure)  328562K->9010K(999424K), 0.0034246 secs]
82825.236: [GC (Allocation Failure)  319794K->9074K(991232K), 0.0030578 secs]
82825.533: [GC (Allocation Failure)  311666K->9010K(983552K), 0.0036398 secs]
82825.822: [GC (Allocation Failure)  303922K->9042K(1042944K), 0.0031651 secs]
82826.166: [GC (Allocation Failure)  363346K->9010K(1114112K), 0.0035215 secs]
82826.589: [GC (Allocation Failure)  434482K->8978K(1101312K), 0.0031098 secs]
82827.013: [GC (Allocation Failure)  421650K->9042K(1089024K), 0.0041063 secs]
82827.406: [GC (Allocation Failure)  409426K->9042K(1077248K), 0.0037459 secs]
82827.786: [GC (Allocation Failure)  397650K->9042K(1065984K), 0.0032687 secs]
82828.174: [GC (Allocation Failure)  386386K->9042K(1055232K), 0.0038365 secs]
82828.531: [GC (Allocation Failure)  375634K->9042K(1044480K), 0.0030447 secs]
82828.889: [GC (Allocation Failure)  364882K->9042K(1034240K), 0.0029200 secs]
82829.257: [GC (Allocation Failure)  354642K->9042K(1024512K), 0.0029881 secs]
82829.589: [GC (Allocation Failure)  344914K->9042K(1015296K), 0.0043270 secs]
82830.089: [GC (Allocation Failure)  335698K->9042K(1006592K), 0.0043297 secs]
82830.399: [GC (Allocation Failure)  326994K->8978K(997888K), 0.0037428 secs]
82830.719: [GC (Allocation Failure)  318226K->9074K(989696K), 0.0026589 secs]
82831.014: [GC (Allocation Failure)  310130K->9042K(1050112K), 0.0042687 secs]
82831.383: [GC (Allocation Failure)  370514K->9010K(1122816K), 0.0031518 secs]
82831.825: [GC (Allocation Failure)  443186K->9074K(1109504K), 0.0037795 secs]
82832.253: [GC (Allocation Failure)  429938K->9010K(1096704K), 0.0034092 secs]
82832.677: [GC (Allocation Failure)  417074K->9074K(1084416K), 0.0037634 secs]
82833.062: [GC (Allocation Failure)  404850K->9074K(1072640K), 0.0027809 secs]
82833.435: [GC (Allocation Failure)  393074K->9074K(1061376K), 0.0028941 secs]
82833.797: [GC (Allocation Failure)  381810K->9074K(1050624K), 0.0033686 secs]
82834.149: [GC (Allocation Failure)  371058K->9074K(1040384K), 0.0028735 secs]
82834.490: [GC (Allocation Failure)  360818K->9042K(1030656K), 0.0033998 secs]
82834.821: [GC (Allocation Failure)  351058K->9042K(1020928K), 0.0032767 secs]
82835.145: [GC (Allocation Failure)  341330K->9018K(1011712K), 0.0035204 secs]
82835.459: [GC (Allocation Failure)  332090K->9050K(1003008K), 0.0031164 secs]
82835.766: [GC (Allocation Failure)  323418K->9050K(994816K), 0.0028322 secs]
82836.065: [GC (Allocation Failure)  315226K->9018K(986624K), 0.0036937 secs]
82836.356: [GC (Allocation Failure)  307002K->9050K(1046528K), 0.0032983 secs]
82836.702: [GC (Allocation Failure)  366938K->8986K(1036288K), 0.0033777 secs]
82837.041: [GC (Allocation Failure)  356634K->9018K(1105920K), 0.0037589 secs]
82837.448: [GC (Allocation Failure)  426298K->9018K(1093120K), 0.0033409 secs]
82838.033: [GC (Allocation Failure)  413498K->9050K(1080832K), 0.0037374 secs]
82838.416: [GC (Allocation Failure)  401242K->9050K(1069056K), 0.0035016 secs]
82838.947: [GC (Allocation Failure)  389466K->9082K(1057792K), 0.0032046 secs]
82839.338: [GC (Allocation Failure)  378234K->9050K(1047040K), 0.0029596 secs]
82839.741: [GC (Allocation Failure)  367450K->9050K(1036800K), 0.0039091 secs]
82840.106: [GC (Allocation Failure)  357210K->8986K(1027072K), 0.0033341 secs]
82840.443: [GC (Allocation Failure)  347418K->9050K(1017856K), 0.0050204 secs]
82840.770: [GC (Allocation Failure)  338266K->9050K(1008640K), 0.0032439 secs]
82841.080: [GC (Allocation Failure)  329050K->9082K(999936K), 0.0033853 secs]
82841.423: [GC (Allocation Failure)  320378K->9082K(991744K), 0.0031909 secs]
82841.719: [GC (Allocation Failure)  312186K->9082K(984064K), 0.0031108 secs]
82842.006: [GC (Allocation Failure)  304506K->9050K(1043456K), 0.0035321 secs]
82842.350: [GC (Allocation Failure)  363866K->9082K(1114624K), 0.0035380 secs]
82842.766: [GC (Allocation Failure)  435066K->9050K(1101824K), 0.0035854 secs]
82843.183: [GC (Allocation Failure)  422234K->9050K(1089536K), 0.0036670 secs]
82843.574: [GC (Allocation Failure)  409946K->9050K(1077760K), 0.0038050 secs]
82843.953: [GC (Allocation Failure)  398170K->9018K(1066496K), 0.0039336 secs]
82844.324: [GC (Allocation Failure)  386874K->9050K(1142272K), 0.0048651 secs]
82844.767: [GC (Allocation Failure)  462682K->9050K(1127936K), 0.0037399 secs]
82845.196: [GC (Allocation Failure)  448346K->9018K(1114112K), 0.0042051 secs]
82845.612: [GC (Allocation Failure)  434490K->9050K(1101312K), 0.0032433 secs]
82846.014: [GC (Allocation Failure)  421722K->9050K(1089024K), 0.0037724 secs]
82846.405: [GC (Allocation Failure)  409434K->9050K(1077248K), 0.0034969 secs]
82846.783: [GC (Allocation Failure)  397658K->9050K(1065984K), 0.0034493 secs]
82847.149: [GC (Allocation Failure)  386394K->9082K(1055232K), 0.0047899 secs]
82847.514: [GC (Allocation Failure)  375674K->9050K(1128960K), 0.0044415 secs]
82847.967: [GC (Allocation Failure)  449370K->9050K(1115136K), 0.0037538 secs]
82848.422: [GC (Allocation Failure)  435546K->9018K(1102336K), 0.0034984 secs]
82848.861: [GC (Allocation Failure)  422714K->9050K(1090048K), 0.0031228 secs]
82849.255: [GC (Allocation Failure)  410458K->9114K(1078272K), 0.0029379 secs]
82849.646: [GC (Allocation Failure)  398746K->9050K(1067008K), 0.0032880 secs]
82850.029: [GC (Allocation Failure)  387418K->9018K(1056256K), 0.0035222 secs]
82850.400: [GC (Allocation Failure)  376634K->9018K(1045504K), 0.0035940 secs]
82850.761: [GC (Allocation Failure)  365882K->9018K(1035264K), 0.0038393 secs]
82851.112: [GC (Allocation Failure)  355642K->9050K(1025536K), 0.0032045 secs]
82851.454: [GC (Allocation Failure)  345946K->9018K(1093120K), 0.0053295 secs]
82851.870: [GC (Allocation Failure)  413498K->9050K(1174016K), 0.0049796 secs]
82852.360: [GC (Allocation Failure)  494426K->9050K(1158656K), 0.0036678 secs]
82852.837: [GC (Allocation Failure)  479066K->9050K(1143808K), 0.0032868 secs]
82853.298: [GC (Allocation Failure)  464218K->9050K(1129472K), 0.0034587 secs]
82853.909: [GC (Allocation Failure)  449882K->9050K(1115648K), 0.0051008 secs]
82854.345: [GC (Allocation Failure)  436058K->9050K(1102848K), 0.0036374 secs]
82854.763: [GC (Allocation Failure)  423258K->9082K(1090560K), 0.0030251 secs]
82855.169: [GC (Allocation Failure)  411002K->9050K(1078784K), 0.0038749 secs]
82855.563: [GC (Allocation Failure)  399194K->9018K(1067520K), 0.0043641 secs]
82855.949: [GC (Allocation Failure)  387898K->9018K(1056256K), 0.0037326 secs]
82856.339: [GC (Allocation Failure)  376634K->9050K(1045504K), 0.0037114 secs]
82856.691: [GC (Allocation Failure)  365914K->9050K(1035264K), 0.0034975 secs]
82857.028: [GC (Allocation Failure)  355674K->9018K(1025536K), 0.0031574 secs]
82857.357: [GC (Allocation Failure)  345914K->9050K(1016320K), 0.0034727 secs]
82857.695: [GC (Allocation Failure)  336730K->9050K(1007616K), 0.0031863 secs]
82858.003: [GC (Allocation Failure)  328026K->9050K(998912K), 0.0037552 secs]
82858.320: [GC (Allocation Failure)  319322K->9050K(1061376K), 0.0035180 secs]
82858.715: [GC (Allocation Failure)  381786K->9018K(1050624K), 0.0036127 secs]
82859.067: [GC (Allocation Failure)  371002K->9050K(1040384K), 0.0036854 secs]
82859.412: [GC (Allocation Failure)  360794K->9082K(1030656K), 0.0032437 secs]
82859.916: [GC (Allocation Failure)  351098K->9050K(1020928K), 0.0029685 secs]
82860.272: [GC (Allocation Failure)  341338K->9050K(1011712K), 0.0033448 secs]
82860.601: [GC (Allocation Failure)  332122K->9082K(1003008K), 0.0033536 secs]
82860.920: [GC (Allocation Failure)  323450K->9050K(994816K), 0.0031532 secs]
82861.230: [GC (Allocation Failure)  315226K->9050K(986624K), 0.0027276 secs]
82861.527: [GC (Allocation Failure)  307034K->9050K(978944K), 0.0029810 secs]
82862.003: [GC (Allocation Failure)  299354K->9050K(971264K), 0.0031325 secs]
82862.287: [GC (Allocation Failure)  291674K->9018K(964096K), 0.0030698 secs]
82862.564: [GC (Allocation Failure)  284474K->9018K(957440K), 0.0024733 secs]
82862.845: [GC (Allocation Failure)  277818K->9018K(950784K), 0.0034481 secs]
82863.253: [GC (Allocation Failure)  271162K->9050K(944640K), 0.0043073 secs]
82863.516: [GC (Allocation Failure)  265050K->9050K(995840K), 0.0160891 secs]
82863.859: [GC (Allocation Failure)  316250K->9082K(1057280K), 0.0036952 secs]
82864.228: [GC (Allocation Failure)  377722K->9050K(1131008K), 0.0034490 secs]
82864.666: [GC (Allocation Failure)  451418K->9018K(1117184K), 0.0036544 secs]
82865.094: [GC (Allocation Failure)  437562K->9050K(1103872K), 0.0032063 secs]
82865.544: [GC (Allocation Failure)  424282K->9050K(1091072K), 0.0031398 secs]
82865.999: [GC (Allocation Failure)  411482K->9050K(1079296K), 0.0031551 secs]
82866.413: [GC (Allocation Failure)  399706K->9050K(1068032K), 0.0034661 secs]
82866.816: [GC (Allocation Failure)  388442K->9050K(1056768K), 0.0033763 secs]
82867.204: [GC (Allocation Failure)  377178K->9082K(1046016K), 0.0034155 secs]
82867.583: [GC (Allocation Failure)  366458K->9050K(1035776K), 0.0033684 secs]
82867.965: [GC (Allocation Failure)  356186K->9050K(1026048K), 0.0050814 secs]
82868.318: [GC (Allocation Failure)  346458K->9050K(1016832K), 0.0039303 secs]
82868.654: [GC (Allocation Failure)  337242K->9114K(1082880K), 0.0039435 secs]
82869.054: [GC (Allocation Failure)  403354K->9018K(1071104K), 0.0033414 secs]
82869.436: [GC (Allocation Failure)  391482K->9050K(1059840K), 0.0035476 secs]
82869.812: [GC (Allocation Failure)  380250K->9018K(1049088K), 0.0039262 secs]
82870.219: [GC (Allocation Failure)  369466K->9082K(1038848K), 0.0036262 secs]
82870.731: [GC (Allocation Failure)  359290K->9050K(1029120K), 0.0031348 secs]
82871.064: [GC (Allocation Failure)  349530K->9018K(1019904K), 0.0030807 secs]
82871.407: [GC (Allocation Failure)  340282K->9018K(1010688K), 0.0032384 secs]
82871.721: [GC (Allocation Failure)  331066K->9082K(1001984K), 0.0029467 secs]
82872.028: [GC (Allocation Failure)  322426K->9050K(993792K), 0.0035351 secs]
82872.331: [GC (Allocation Failure)  314202K->9050K(985600K), 0.0033039 secs]
82872.622: [GC (Allocation Failure)  306010K->9050K(977920K), 0.0033057 secs]
82872.903: [GC (Allocation Failure)  298330K->9018K(1035776K), 0.0032402 secs]
82873.242: [GC (Allocation Failure)  356154K->9018K(1026048K), 0.0031362 secs]
82873.569: [GC (Allocation Failure)  346426K->9050K(1093632K), 0.0038448 secs]
82873.962: [GC (Allocation Failure)  414042K->9018K(1175040K), 0.0045410 secs]
82874.597: [GC (Allocation Failure)  495418K->9050K(1159168K), 0.0035538 secs]
82875.078: [GC (Allocation Failure)  479578K->9050K(1144320K), 0.0037304 secs]
82875.543: [GC (Allocation Failure)  464730K->9082K(1129984K), 0.0034511 secs]
82876.019: [GC (Allocation Failure)  450426K->9114K(1116160K), 0.0036438 secs]
82876.435: [GC (Allocation Failure)  436634K->9050K(1102848K), 0.0035080 secs]
82876.839: [GC (Allocation Failure)  423258K->9018K(1090560K), 0.0038046 secs]
82877.230: [GC (Allocation Failure)  410938K->9018K(1078784K), 0.0037433 secs]
82877.608: [GC (Allocation Failure)  399162K->9018K(1067520K), 0.0036609 secs]
82877.977: [GC (Allocation Failure)  387898K->9050K(1056256K), 0.0034498 secs]
82878.334: [GC (Allocation Failure)  376666K->9050K(1045504K), 0.0029662 secs]
82878.679: [GC (Allocation Failure)  365914K->9050K(1035264K), 0.0036444 secs]
82879.015: [GC (Allocation Failure)  355674K->9018K(1025536K), 0.0034611 secs]
82879.541: [GC (Allocation Failure)  345914K->9018K(1016320K), 0.0037072 secs]
82879.860: [GC (Allocation Failure)  336698K->9050K(1007616K), 0.0034688 secs]
82880.172: [GC (Allocation Failure)  328026K->9050K(998912K), 0.0031725 secs]
82880.474: [GC (Allocation Failure)  319322K->9018K(990720K), 0.0036838 secs]
82880.771: [GC (Allocation Failure)  311098K->9018K(1051136K), 0.0033331 secs]
82881.157: [GC (Allocation Failure)  371514K->9050K(1040896K), 0.0037010 secs]
82881.505: [GC (Allocation Failure)  361306K->9018K(1031168K), 0.0034360 secs]
82881.838: [GC (Allocation Failure)  351546K->9050K(1021440K), 0.0031875 secs]
82882.171: [GC (Allocation Failure)  341850K->9082K(1012224K), 0.0033872 secs]
82882.500: [GC (Allocation Failure)  332666K->9018K(1003520K), 0.0028402 secs]
82882.820: [GC (Allocation Failure)  323898K->9018K(995328K), 0.0030234 secs]
82883.133: [GC (Allocation Failure)  315706K->9050K(987136K), 0.0031638 secs]
82883.428: [GC (Allocation Failure)  307546K->9082K(1047040K), 0.0042045 secs]
82883.778: [GC (Allocation Failure)  367482K->9018K(1118720K), 0.0039294 secs]
82884.200: [GC (Allocation Failure)  439098K->9018K(1204736K), 0.0035909 secs]
82884.703: [GC (Allocation Failure)  525114K->9050K(1187840K), 0.0035287 secs]
82885.191: [GC (Allocation Failure)  508250K->9018K(1171456K), 0.0039220 secs]
82885.666: [GC (Allocation Failure)  491834K->9050K(1156096K), 0.0035796 secs]
82886.127: [GC (Allocation Failure)  476506K->9050K(1141248K), 0.0034554 secs]
82886.568: [GC (Allocation Failure)  461658K->9018K(1126912K), 0.0045383 secs]
82887.000: [GC (Allocation Failure)  447290K->9050K(1113600K), 0.0034209 secs]
82887.413: [GC (Allocation Failure)  434010K->9018K(1100800K), 0.0042317 secs]
82887.816: [GC (Allocation Failure)  421178K->9050K(1088512K), 0.0034027 secs]
82888.205: [GC (Allocation Failure)  408922K->9050K(1076736K), 0.0032579 secs]
82888.580: [GC (Allocation Failure)  397146K->9018K(1065472K), 0.0041584 secs]
82888.949: [GC (Allocation Failure)  385850K->9050K(1054720K), 0.0028306 secs]
82889.303: [GC (Allocation Failure)  375130K->9050K(1044480K), 0.0042754 secs]
82889.866: [GC (Allocation Failure)  364890K->9018K(1034240K), 0.0042489 secs]
82890.206: [GC (Allocation Failure)  354618K->9082K(1024512K), 0.0033058 secs]
82890.546: [GC (Allocation Failure)  344954K->9018K(1015296K), 0.0038141 secs]
82890.880: [GC (Allocation Failure)  335674K->9050K(1006592K), 0.0034787 secs]
82891.203: [GC (Allocation Failure)  327002K->9018K(997888K), 0.0031946 secs]
82891.519: [GC (Allocation Failure)  318266K->9114K(989696K), 0.0034420 secs]
82891.815: [GC (Allocation Failure)  310170K->9050K(1050112K), 0.0033185 secs]
82892.164: [GC (Allocation Failure)  370522K->9018K(1039872K), 0.0034054 secs]
82892.505: [GC (Allocation Failure)  360250K->9018K(1030144K), 0.0035707 secs]
82892.836: [GC (Allocation Failure)  350522K->9082K(1020928K), 0.0033042 secs]
82893.158: [GC (Allocation Failure)  341370K->9082K(1011712K), 0.0030124 secs]
82893.473: [GC (Allocation Failure)  332154K->9018K(1003008K), 0.0030970 secs]
82893.778: [GC (Allocation Failure)  323386K->9018K(994816K), 0.0032285 secs]
82894.076: [GC (Allocation Failure)  315194K->9050K(986624K), 0.0031155 secs]
82894.366: [GC (Allocation Failure)  307034K->9082K(1046528K), 0.0038818 secs]
82894.924: [GC (Allocation Failure)  366970K->9050K(1036288K), 0.0038048 secs]
82895.262: [GC (Allocation Failure)  356698K->9018K(1026560K), 0.0039286 secs]
82895.591: [GC (Allocation Failure)  346938K->9018K(1094144K), 0.0035701 secs]
82895.987: [GC (Allocation Failure)  414522K->9050K(1081856K), 0.0037923 secs]
82896.368: [GC (Allocation Failure)  402266K->9050K(1070080K), 0.0031674 secs]
82896.762: [GC (Allocation Failure)  390490K->9050K(1058816K), 0.0030964 secs]
82897.132: [GC (Allocation Failure)  379226K->9018K(1048064K), 0.0035868 secs]
82897.503: [GC (Allocation Failure)  368442K->9018K(1037824K), 0.0037801 secs]
82897.843: [GC (Allocation Failure)  358202K->9050K(1028096K), 0.0027779 secs]
82898.171: [GC (Allocation Failure)  348506K->9050K(1018880K), 0.0031757 secs]
82898.492: [GC (Allocation Failure)  339290K->9082K(1009664K), 0.0032822 secs]
82898.817: [GC (Allocation Failure)  330106K->9050K(1000960K), 0.0030064 secs]
82899.121: [GC (Allocation Failure)  321370K->9082K(1063424K), 0.0042879 secs]
82899.767: [GC (Allocation Failure)  383866K->9018K(1052672K), 0.0039247 secs]
82900.139: [GC (Allocation Failure)  373050K->9050K(1042432K), 0.0028549 secs]
82900.642: [GC (Allocation Failure)  362842K->9050K(1032704K), 0.0031774 secs]
82901.003: [GC (Allocation Failure)  353114K->9050K(1022976K), 0.0030827 secs]
82901.389: [GC (Allocation Failure)  343386K->9082K(1013760K), 0.0031117 secs]
82901.744: [GC (Allocation Failure)  334202K->9018K(1005056K), 0.0033225 secs]
82902.066: [GC (Allocation Failure)  325434K->9018K(996352K), 0.0035864 secs]
82902.385: [GC (Allocation Failure)  316730K->9018K(988160K), 0.0039783 secs]
82902.820: [GC (Allocation Failure)  308538K->9050K(980480K), 0.0031801 secs]
82903.131: [GC (Allocation Failure)  300890K->9050K(972800K), 0.0037730 secs]
82903.433: [GC (Allocation Failure)  293210K->9082K(965632K), 0.0024978 secs]
82903.919: [GC (Allocation Failure)  286074K->9018K(958464K), 0.0039600 secs]
82904.322: [GC (Allocation Failure)  278842K->9050K(951808K), 0.0033534 secs]
82904.586: [GC (Allocation Failure)  272218K->9018K(945664K), 0.0029044 secs]
82904.856: [GC (Allocation Failure)  266042K->9082K(939520K), 0.0034296 secs]
82905.143: [GC (Allocation Failure)  259962K->9018K(989696K), 0.0035966 secs]
82905.446: [GC (Allocation Failure)  310074K->9050K(1050112K), 0.0029998 secs]
82905.826: [GC (Allocation Failure)  370522K->9050K(1039872K), 0.0034058 secs]
82906.176: [GC (Allocation Failure)  360282K->9018K(1030144K), 0.0027612 secs]
82906.523: [GC (Allocation Failure)  350522K->9050K(1020928K), 0.0030379 secs]
82907.069: [GC (Allocation Failure)  341338K->9018K(1011712K), 0.0032148 secs]
82907.394: [GC (Allocation Failure)  332090K->9050K(1003008K), 0.0027515 secs]
82907.713: [GC (Allocation Failure)  323418K->9082K(994816K), 0.0026880 secs]
82908.030: [GC (Allocation Failure)  315258K->9114K(986624K), 0.0030734 secs]
82908.328: [GC (Allocation Failure)  307098K->9082K(978944K), 0.0027650 secs]
82908.618: [GC (Allocation Failure)  299386K->9050K(971264K), 0.0031128 secs]
82908.900: [GC (Allocation Failure)  291674K->9050K(964096K), 0.0028340 secs]
82909.175: [GC (Allocation Failure)  284506K->9082K(957440K), 0.0032569 secs]
82909.445: [GC (Allocation Failure)  277882K->9050K(1011200K), 0.0031172 secs]
82909.923: [GC (Allocation Failure)  331610K->9050K(1002496K), 0.0031147 secs]
82910.274: [GC (Allocation Failure)  322906K->9082K(994304K), 0.0031945 secs]
82910.585: [GC (Allocation Failure)  314746K->9082K(986112K), 0.0034838 secs]
82910.886: [GC (Allocation Failure)  306554K->9114K(978432K), 0.0028820 secs]
82911.180: [GC (Allocation Failure)  298906K->9018K(1036800K), 0.0042258 secs]
82911.539: [GC (Allocation Failure)  357178K->9018K(1106432K), 0.0033600 secs]
82911.955: [GC (Allocation Failure)  426810K->9050K(1093632K), 0.0036722 secs]
82912.515: [GC (Allocation Failure)  414042K->9050K(1081344K), 0.0030582 secs]
82912.947: [GC (Allocation Failure)  401754K->9050K(1069568K), 0.0028865 secs]
82913.499: [GC (Allocation Failure)  389978K->9050K(1058304K), 0.0029211 secs]
82913.885: [GC (Allocation Failure)  378714K->9050K(1047552K), 0.0038397 secs]
82914.266: [GC (Allocation Failure)  367962K->9050K(1037312K), 0.0032188 secs]
82914.613: [GC (Allocation Failure)  357722K->9050K(1027584K), 0.0036670 secs]
82915.172: [GC (Allocation Failure)  347994K->9018K(1018368K), 0.0034648 secs]
82915.720: [GC (Allocation Failure)  338746K->9018K(1009152K), 0.0035197 secs]
82916.041: [GC (Allocation Failure)  329530K->9018K(1000448K), 0.0029563 secs]
82916.366: [GC (Allocation Failure)  320826K->9018K(992256K), 0.0027982 secs]
82916.670: [GC (Allocation Failure)  312634K->9050K(984064K), 0.0035206 secs]
82916.965: [GC (Allocation Failure)  304474K->9018K(1043456K), 0.0047800 secs]
82917.341: [GC (Allocation Failure)  363834K->9050K(1033216K), 0.0026170 secs]
82917.721: [GC (Allocation Failure)  353626K->9050K(1023488K), 0.0033713 secs]
82918.093: [GC (Allocation Failure)  343898K->9018K(1014272K), 0.0034761 secs]
82918.427: [GC (Allocation Failure)  334650K->9050K(1005568K), 0.0028589 secs]
82918.747: [GC (Allocation Failure)  325978K->9050K(996864K), 0.0033499 secs]
82919.062: [GC (Allocation Failure)  317274K->9018K(988672K), 0.0034475 secs]
82919.362: [GC (Allocation Failure)  309050K->9018K(980992K), 0.0034217 secs]
82919.655: [GC (Allocation Failure)  301370K->9050K(1039872K), 0.0034059 secs]
82920.010: [GC (Allocation Failure)  360282K->9018K(1110528K), 0.0039617 secs]
82920.441: [GC (Allocation Failure)  430906K->9018K(1097728K), 0.1603098 secs]
82921.006: [GC (Allocation Failure)  418106K->9050K(1085440K), 0.0038563 secs]
82921.402: [GC (Allocation Failure)  405850K->9050K(1073664K), 0.0035511 secs]
82921.792: [GC (Allocation Failure)  394074K->9050K(1062400K), 0.0040647 secs]
82922.172: [GC (Allocation Failure)  382810K->9018K(1051648K), 0.0037584 secs]
82922.543: [GC (Allocation Failure)  372026K->9050K(1041408K), 0.0033485 secs]
82922.916: [GC (Allocation Failure)  361818K->9082K(1031680K), 0.0038687 secs]
82923.263: [GC (Allocation Failure)  352122K->9018K(1021952K), 0.0035371 secs]
82923.597: [GC (Allocation Failure)  342330K->9018K(1012736K), 0.0038109 secs]
82923.921: [GC (Allocation Failure)  333114K->9050K(1077760K), 0.0035626 secs]
82924.354: [GC (Allocation Failure)  398170K->9018K(1066496K), 0.0035181 secs]
82924.736: [GC (Allocation Failure)  386874K->9018K(1055744K), 0.0041345 secs]
82925.111: [GC (Allocation Failure)  376122K->9082K(1129472K), 0.0049380 secs]
82925.562: [GC (Allocation Failure)  449914K->9018K(1115648K), 0.0035510 secs]
82926.014: [GC (Allocation Failure)  436026K->9050K(1102848K), 0.0042996 secs]
82926.447: [GC (Allocation Failure)  423258K->9050K(1090560K), 0.0037808 secs]
82926.870: [GC (Allocation Failure)  410970K->9050K(1078784K), 0.0031270 secs]
82927.282: [GC (Allocation Failure)  399194K->9018K(1067520K), 0.0034512 secs]
82927.667: [GC (Allocation Failure)  387898K->9018K(1056256K), 0.0034639 secs]
82928.040: [GC (Allocation Failure)  376634K->9050K(1045504K), 0.0036889 secs]
82928.406: [GC (Allocation Failure)  365914K->9050K(1035264K), 0.0033188 secs]
82928.752: [GC (Allocation Failure)  355674K->9050K(1025536K), 0.0045400 secs]
82929.092: [GC (Allocation Failure)  345946K->9050K(1093120K), 0.0040533 secs]
82929.497: [GC (Allocation Failure)  413530K->9050K(1080832K), 0.0033301 secs]
82929.913: [GC (Allocation Failure)  401242K->9018K(1069056K), 0.0038917 secs]
82930.297: [GC (Allocation Failure)  389434K->9050K(1057792K), 0.0036063 secs]
82930.666: [GC (Allocation Failure)  378202K->9082K(1047040K), 0.0032245 secs]
82931.049: [GC (Allocation Failure)  367482K->9082K(1036800K), 0.0039024 secs]
82931.400: [GC (Allocation Failure)  357242K->9050K(1027072K), 0.0036345 secs]
82931.739: [GC (Allocation Failure)  347482K->9018K(1095168K), 0.0040521 secs]
82932.153: [GC (Allocation Failure)  415546K->9050K(1176576K), 0.0043110 secs]
82932.644: [GC (Allocation Failure)  496986K->9050K(1160704K), 0.0043221 secs]
82933.113: [GC (Allocation Failure)  481114K->9050K(1145856K), 0.0035754 secs]
82933.588: [GC (Allocation Failure)  466266K->9018K(1131520K), 0.0038403 secs]
82934.054: [GC (Allocation Failure)  451898K->9050K(1117696K), 0.0044786 secs]
82934.494: [GC (Allocation Failure)  438106K->9050K(1104384K), 0.0038397 secs]
82934.918: [GC (Allocation Failure)  424794K->9050K(1091584K), 0.0037273 secs]
82935.321: [GC (Allocation Failure)  411994K->8986K(1079808K), 0.0034614 secs]
82935.723: [GC (Allocation Failure)  400154K->9050K(1068032K), 0.0034279 secs]
82936.137: [GC (Allocation Failure)  388442K->9082K(1056768K), 0.0033037 secs]
82936.508: [GC (Allocation Failure)  377210K->9050K(1046016K), 0.0039238 secs]
82936.874: [GC (Allocation Failure)  366426K->9018K(1035776K), 0.0038660 secs]
82937.239: [GC (Allocation Failure)  356154K->9050K(1026048K), 0.0034117 secs]
82937.596: [GC (Allocation Failure)  346458K->9050K(1016832K), 0.0043282 secs]
82937.939: [GC (Allocation Failure)  337242K->9050K(1008128K), 0.0036661 secs]
82938.274: [GC (Allocation Failure)  328538K->9050K(1072128K), 0.0042524 secs]
82938.666: [GC (Allocation Failure)  392538K->9050K(1148928K), 0.0046141 secs]
82939.126: [GC (Allocation Failure)  469338K->9050K(1241088K), 0.0041241 secs]
82939.673: [GC (Allocation Failure)  561498K->9050K(1222656K), 0.0038929 secs]
82940.391: [GC (Allocation Failure)  543066K->9050K(1204736K), 0.0041604 secs]
82940.899: [GC (Allocation Failure)  525146K->9050K(1187840K), 0.0033427 secs]
82941.532: [GC (Allocation Failure)  508250K->9050K(1171456K), 0.0030670 secs]
82942.002: [GC (Allocation Failure)  491866K->9050K(1156096K), 0.0038567 secs]
82942.514: [GC (Allocation Failure)  476506K->9050K(1141248K), 0.0034822 secs]
82942.985: [GC (Allocation Failure)  461658K->9018K(1126912K), 0.0035839 secs]
82943.441: [GC (Allocation Failure)  447290K->9082K(1113600K), 0.0037124 secs]
82943.864: [GC (Allocation Failure)  434042K->9018K(1100800K), 0.0036532 secs]
82944.275: [GC (Allocation Failure)  421178K->9082K(1088512K), 0.0030173 secs]
82944.854: [GC (Allocation Failure)  408954K->9050K(1076736K), 0.0031456 secs]
82945.246: [GC (Allocation Failure)  397146K->9050K(1065472K), 0.0032320 secs]
82945.652: [GC (Allocation Failure)  385882K->9018K(1054720K), 0.0043070 secs]
82946.043: [GC (Allocation Failure)  375098K->9050K(1044480K), 0.0036716 secs]
82946.433: [GC (Allocation Failure)  364890K->9082K(1034240K), 0.0041587 secs]
82946.781: [GC (Allocation Failure)  354682K->9050K(1024512K), 0.0043042 secs]
82947.240: [GC (Allocation Failure)  344922K->9018K(1015296K), 0.0035924 secs]
82947.562: [GC (Allocation Failure)  335674K->9050K(1006592K), 0.0037229 secs]
82947.933: [GC (Allocation Failure)  327002K->9018K(997888K), 0.0031870 secs]
82948.254: [GC (Allocation Failure)  318266K->9018K(989696K), 0.0036148 secs]
82948.547: [GC (Allocation Failure)  310074K->9050K(1050112K), 0.0035008 secs]
82948.895: [GC (Allocation Failure)  370522K->9050K(1122816K), 0.0036158 secs]
82949.454: [GC (Allocation Failure)  443226K->9018K(1109504K), 0.0035409 secs]
82949.928: [GC (Allocation Failure)  429882K->9082K(1096704K), 0.0033085 secs]
82950.323: [GC (Allocation Failure)  417146K->9050K(1084416K), 0.0038356 secs]
82950.719: [GC (Allocation Failure)  404826K->9082K(1072640K), 0.0031049 secs]
82951.112: [GC (Allocation Failure)  393082K->9050K(1061376K), 0.0031113 secs]
82951.669: [GC (Allocation Failure)  381786K->9050K(1050624K), 0.0038204 secs]
82952.040: [GC (Allocation Failure)  371034K->9082K(1040384K), 0.0035009 secs]
82952.398: [GC (Allocation Failure)  360826K->9082K(1030656K), 0.0038361 secs]
82952.779: [GC (Allocation Failure)  351098K->9082K(1020928K), 0.0031056 secs]
82953.118: [GC (Allocation Failure)  341370K->9018K(1011712K), 0.0035627 secs]
82953.486: [GC (Allocation Failure)  332090K->9018K(1003008K), 0.0033838 secs]
82954.077: [GC (Allocation Failure)  323386K->9050K(994816K), 0.0041846 secs]
82954.381: [GC (Allocation Failure)  315226K->9018K(986624K), 0.0035671 secs]
82954.672: [GC (Allocation Failure)  307002K->9082K(978944K), 0.0033908 secs]
82955.012: [GC (Allocation Failure)  299386K->9050K(1037312K), 0.0039851 secs]
82955.349: [GC (Allocation Failure)  357722K->9050K(1107456K), 0.0035937 secs]
82955.757: [GC (Allocation Failure)  427866K->9050K(1191424K), 0.0038967 secs]
82956.257: [GC (Allocation Failure)  511834K->9050K(1292288K), 0.0053515 secs]
82957.062: [GC (Allocation Failure)  612698K->9050K(1271296K), 0.0032430 secs]
82957.653: [GC (Allocation Failure)  591706K->9082K(1251328K), 0.0043718 secs]
82958.224: [GC (Allocation Failure)  571770K->9050K(1232384K), 0.0035397 secs]
82958.755: [GC (Allocation Failure)  552794K->9050K(1213952K), 0.0029485 secs]
82959.267: [GC (Allocation Failure)  534362K->9050K(1196544K), 0.0030833 secs]
82959.827: [GC (Allocation Failure)  516954K->9018K(1180160K), 0.0036014 secs]
82960.318: [GC (Allocation Failure)  500538K->9018K(1164288K), 0.0033288 secs]
82960.966: [GC (Allocation Failure)  484666K->9050K(1148928K), 0.0034666 secs]
82961.431: [GC (Allocation Failure)  469338K->9050K(1134592K), 0.0031445 secs]
82961.929: [GC (Allocation Failure)  455002K->9018K(1120768K), 0.0032798 secs]
82962.402: [GC (Allocation Failure)  441146K->9082K(1107456K), 0.0034745 secs]
82962.853: [GC (Allocation Failure)  427898K->9050K(1094656K), 0.0037833 secs]
82963.492: [GC (Allocation Failure)  415066K->9018K(1082368K), 0.0037785 secs]
82963.947: [GC (Allocation Failure)  402746K->9050K(1070592K), 0.0033956 secs]
82964.342: [GC (Allocation Failure)  391002K->9082K(1059328K), 0.0026794 secs]
82964.726: [GC (Allocation Failure)  379770K->9050K(1048576K), 0.0039242 secs]
82965.109: [GC (Allocation Failure)  368986K->9050K(1038336K), 0.0032436 secs]
82965.635: [GC (Allocation Failure)  358746K->9018K(1028608K), 0.0030473 secs]
82966.019: [GC (Allocation Failure)  348986K->9050K(1019392K), 0.0034692 secs]
82966.363: [GC (Allocation Failure)  339802K->9082K(1010176K), 0.0030804 secs]
82966.717: [GC (Allocation Failure)  330618K->9050K(1001472K), 0.0194660 secs]
82967.086: [GC (Allocation Failure)  321882K->9050K(993280K), 0.0043074 secs]
82967.409: [GC (Allocation Failure)  313690K->9050K(985088K), 0.0034344 secs]
82967.718: [GC (Allocation Failure)  305498K->9018K(977408K), 0.0029873 secs]
82968.046: [GC (Allocation Failure)  297786K->9082K(970240K), 0.0035372 secs]
82968.341: [GC (Allocation Failure)  290682K->9050K(1026560K), 0.0035782 secs]
82968.699: [GC (Allocation Failure)  346970K->9050K(1017344K), 0.0035946 secs]
82969.067: [GC (Allocation Failure)  337754K->9050K(1008640K), 0.0036553 secs]
82969.412: [GC (Allocation Failure)  329050K->9050K(999936K), 0.0034285 secs]
82969.741: [GC (Allocation Failure)  320346K->9050K(991744K), 0.0034084 secs]
82970.101: [GC (Allocation Failure)  312154K->9018K(984064K), 0.0034508 secs]
82970.570: [GC (Allocation Failure)  304442K->9018K(976384K), 0.0037058 secs]
82970.868: [GC (Allocation Failure)  296762K->9050K(969216K), 0.0033590 secs]
82971.169: [GC (Allocation Failure)  289626K->9082K(962048K), 0.0033428 secs]
82971.452: [GC (Allocation Failure)  282490K->9050K(1016832K), 0.0038462 secs]
82971.790: [GC (Allocation Failure)  337242K->9050K(1082880K), 0.0034495 secs]
82972.184: [GC (Allocation Failure)  403290K->9050K(1071104K), 0.0034486 secs]
82972.566: [GC (Allocation Failure)  391514K->9050K(1059840K), 0.0034818 secs]
82973.077: [GC (Allocation Failure)  380250K->9082K(1049088K), 0.0037915 secs]
82973.439: [GC (Allocation Failure)  369530K->9018K(1038848K), 0.0035944 secs]
82973.918: [GC (Allocation Failure)  359226K->9018K(1029120K), 0.0031817 secs]
82974.259: [GC (Allocation Failure)  349498K->9050K(1019904K), 0.0040363 secs]
82974.590: [GC (Allocation Failure)  340314K->9082K(1010688K), 0.0032091 secs]
82974.920: [GC (Allocation Failure)  331130K->9050K(1001984K), 0.0039612 secs]
82975.242: [GC (Allocation Failure)  322394K->9050K(1064960K), 0.0039207 secs]
82975.768: [GC (Allocation Failure)  385370K->9050K(1054208K), 0.0029439 secs]
82976.161: [GC (Allocation Failure)  374618K->9018K(1043968K), 0.0045475 secs]
82976.552: [GC (Allocation Failure)  364346K->9050K(1033728K), 0.0032716 secs]
82977.023: [GC (Allocation Failure)  354138K->9018K(1024000K), 0.0043423 secs]
82977.373: [GC (Allocation Failure)  344378K->9082K(1014784K), 0.0038423 secs]
82977.706: [GC (Allocation Failure)  335226K->9018K(1006080K), 0.0036810 secs]
82978.049: [GC (Allocation Failure)  326458K->8986K(997376K), 0.0034485 secs]
82978.389: [GC (Allocation Failure)  317722K->9050K(1059328K), 0.0037880 secs]
82978.796: [GC (Allocation Failure)  379738K->9018K(1048576K), 0.0030437 secs]
82979.337: [GC (Allocation Failure)  368954K->9018K(1038336K), 0.0034939 secs]
82979.688: [GC (Allocation Failure)  358714K->9082K(1028608K), 0.0034930 secs]
82980.042: [GC (Allocation Failure)  349050K->9082K(1019392K), 0.0030422 secs]
82980.555: [GC (Allocation Failure)  339834K->9018K(1010176K), 0.0038127 secs]
82980.880: [GC (Allocation Failure)  330554K->9050K(1001472K), 0.0029225 secs]
82981.217: [GC (Allocation Failure)  321882K->9050K(993280K), 0.0032843 secs]
82981.541: [GC (Allocation Failure)  313690K->9018K(985088K), 0.0031750 secs]
82981.849: [GC (Allocation Failure)  305466K->9018K(977408K), 0.0028892 secs]
82982.138: [GC (Allocation Failure)  297786K->9050K(970240K), 0.0027825 secs]
82982.453: [GC (Allocation Failure)  290650K->9050K(963072K), 0.0037024 secs]
82982.754: [GC (Allocation Failure)  283482K->9050K(956416K), 0.0028145 secs]
82983.024: [GC (Allocation Failure)  276826K->9050K(1010176K), 0.0033589 secs]
82983.364: [GC (Allocation Failure)  330586K->9050K(1001472K), 0.0032407 secs]
82983.842: [GC (Allocation Failure)  321882K->9082K(993280K), 0.0033124 secs]
82984.148: [GC (Allocation Failure)  313722K->9082K(985088K), 0.0036699 secs]
82984.481: [GC (Allocation Failure)  305530K->9050K(977408K), 0.0032380 secs]
82984.801: [GC (Allocation Failure)  297818K->9018K(970240K), 0.0033627 secs]
82985.090: [GC (Allocation Failure)  290618K->9050K(1026560K), 0.0033501 secs]
82985.521: [GC (Allocation Failure)  346970K->9050K(1017344K), 0.0039036 secs]
82985.920: [GC (Allocation Failure)  337754K->9018K(1008640K), 0.0030464 secs]
82986.256: [GC (Allocation Failure)  329018K->9050K(999936K), 0.0033603 secs]
82986.568: [GC (Allocation Failure)  320346K->9018K(991744K), 0.0035069 secs]
82986.890: [GC (Allocation Failure)  312122K->9050K(1052672K), 0.0043816 secs]
82987.255: [GC (Allocation Failure)  373082K->9082K(1125888K), 0.0033167 secs]
82987.689: [GC (Allocation Failure)  446330K->9114K(1112576K), 0.0028285 secs]
82988.110: [GC (Allocation Failure)  433050K->9018K(1099776K), 0.0032415 secs]
82988.519: [GC (Allocation Failure)  420154K->9082K(1087488K), 0.0034645 secs]
82988.915: [GC (Allocation Failure)  407930K->9050K(1167360K), 0.0087612 secs]
82989.400: [GC (Allocation Failure)  487770K->9018K(1263104K), 0.0042845 secs]
82989.971: [GC (Allocation Failure)  583482K->9018K(1243648K), 0.0034359 secs]
82990.549: [GC (Allocation Failure)  564026K->9018K(1225216K), 0.0030625 secs]
82991.082: [GC (Allocation Failure)  545594K->9050K(1207296K), 0.0042615 secs]
82991.795: [GC (Allocation Failure)  527706K->9018K(1190400K), 0.0036914 secs]
82992.304: [GC (Allocation Failure)  510778K->9082K(1174016K), 0.0035752 secs]
82992.817: [GC (Allocation Failure)  494458K->9050K(1158656K), 0.0038839 secs]
82993.303: [GC (Allocation Failure)  479066K->9050K(1143808K), 0.0031974 secs]
82993.802: [GC (Allocation Failure)  464218K->9050K(1129472K), 0.0035529 secs]
82994.233: [GC (Allocation Failure)  449882K->9050K(1115648K), 0.0032356 secs]
82994.647: [GC (Allocation Failure)  436058K->9050K(1102848K), 0.0031767 secs]
82995.051: [GC (Allocation Failure)  423258K->9050K(1090560K), 0.0052766 secs]
82995.448: [GC (Allocation Failure)  410970K->9050K(1078784K), 0.0047282 secs]
82995.828: [GC (Allocation Failure)  399194K->9050K(1067520K), 0.0036085 secs]
82996.195: [GC (Allocation Failure)  387930K->9018K(1056256K), 0.0035853 secs]
82996.552: [GC (Allocation Failure)  376634K->9050K(1045504K), 0.0034501 secs]
82997.093: [GC (Allocation Failure)  365914K->9050K(1035264K), 0.0030695 secs]
82997.441: [GC (Allocation Failure)  355674K->9018K(1025536K), 0.0030637 secs]
82997.832: [GC (Allocation Failure)  345914K->9050K(1016320K), 0.0033886 secs]
82998.164: [GC (Allocation Failure)  336730K->9018K(1007616K), 0.0037558 secs]
82998.479: [GC (Allocation Failure)  327994K->9018K(1071616K), 0.0114561 secs]
82998.862: [GC (Allocation Failure)  391994K->9018K(1148416K), 0.0029538 secs]
82999.312: [GC (Allocation Failure)  468794K->8986K(1240576K), 0.0027485 secs]
82999.851: [GC (Allocation Failure)  560922K->9082K(1222144K), 0.0027660 secs]
83000.399: [GC (Allocation Failure)  542586K->9082K(1204224K), 0.0047887 secs]
83000.947: [GC (Allocation Failure)  524666K->9018K(1187328K), 0.0037222 secs]
83001.460: [GC (Allocation Failure)  507706K->9050K(1170944K), 0.0045872 secs]
83001.950: [GC (Allocation Failure)  491354K->9050K(1155584K), 0.0039532 secs]
83002.438: [GC (Allocation Failure)  475994K->9050K(1140736K), 0.0039939 secs]
83002.908: [GC (Allocation Failure)  461146K->9050K(1126400K), 0.0040152 secs]
83003.347: [GC (Allocation Failure)  446810K->9114K(1113088K), 0.0031884 secs]
83003.777: [GC (Allocation Failure)  433562K->9082K(1100288K), 0.0029434 secs]
83004.204: [GC (Allocation Failure)  420730K->9050K(1088000K), 0.0034982 secs]
83004.619: [GC (Allocation Failure)  408410K->9050K(1076224K), 0.0033111 secs]
83005.007: [GC (Allocation Failure)  396634K->9018K(1064960K), 0.0033565 secs]
83005.397: [GC (Allocation Failure)  385338K->9050K(1054208K), 0.0030807 secs]
83005.756: [GC (Allocation Failure)  374618K->9018K(1043968K), 0.0034240 secs]
83006.105: [GC (Allocation Failure)  364346K->9082K(1033728K), 0.0031928 secs]
83006.445: [GC (Allocation Failure)  354170K->9050K(1024000K), 0.0029755 secs]
83006.776: [GC (Allocation Failure)  344410K->9018K(1014784K), 0.0030831 secs]
83007.099: [GC (Allocation Failure)  335162K->9082K(1006080K), 0.0029090 secs]
83007.412: [GC (Allocation Failure)  326522K->9082K(997376K), 0.0032717 secs]
83007.737: [GC (Allocation Failure)  317818K->9082K(989184K), 0.0034462 secs]
83008.038: [GC (Allocation Failure)  309626K->9018K(981504K), 0.0035225 secs]
83008.359: [GC (Allocation Failure)  301882K->9050K(1040384K), 0.0035248 secs]
83008.706: [GC (Allocation Failure)  360794K->9018K(1030656K), 0.0031868 secs]
83009.042: [GC (Allocation Failure)  351034K->9082K(1020928K), 0.0036563 secs]
83009.369: [GC (Allocation Failure)  341370K->9082K(1087488K), 0.0037998 secs]
83009.765: [GC (Allocation Failure)  407930K->9114K(1167360K), 0.0041673 secs]
83010.238: [GC (Allocation Failure)  487834K->9082K(1152000K), 0.0037751 secs]
83010.707: [GC (Allocation Failure)  472442K->9082K(1137152K), 0.0046698 secs]
83011.149: [GC (Allocation Failure)  457594K->9018K(1123328K), 0.0033779 secs]
83011.596: [GC (Allocation Failure)  443706K->9050K(1110016K), 0.0035869 secs]
83012.019: [GC (Allocation Failure)  430426K->9050K(1097216K), 0.0035663 secs]
83012.425: [GC (Allocation Failure)  417626K->9018K(1084928K), 0.0039920 secs]
83012.849: [GC (Allocation Failure)  405306K->9018K(1073152K), 0.0042329 secs]
83013.369: [GC (Allocation Failure)  393530K->9018K(1061888K), 0.0036362 secs]
83013.805: [GC (Allocation Failure)  382266K->9018K(1051136K), 0.0043215 secs]
83014.185: [GC (Allocation Failure)  371514K->9050K(1040896K), 0.0041270 secs]
83014.552: [GC (Allocation Failure)  361306K->9114K(1031168K), 0.0030654 secs]
83014.903: [GC (Allocation Failure)  351642K->9050K(1021440K), 0.0038676 secs]
83015.385: [GC (Allocation Failure)  341850K->9018K(1012224K), 0.0031546 secs]
83015.702: [GC (Allocation Failure)  332602K->9050K(1077248K), 0.0051246 secs]
83016.090: [GC (Allocation Failure)  397658K->9018K(1155072K), 0.0035558 secs]
83016.561: [GC (Allocation Failure)  475450K->9018K(1140224K), 0.0039650 secs]
83017.009: [GC (Allocation Failure)  460602K->9018K(1230848K), 0.0051103 secs]
83017.548: [GC (Allocation Failure)  551226K->9050K(1212928K), 0.0044982 secs]
83018.116: [GC (Allocation Failure)  533338K->9082K(1195520K), 0.0027091 secs]
83018.652: [GC (Allocation Failure)  515962K->9050K(1179136K), 0.0037766 secs]
83019.321: [GC (Allocation Failure)  499546K->9018K(1163264K), 0.0041579 secs]
83019.976: [GC (Allocation Failure)  483642K->9082K(1147904K), 0.0037138 secs]
83020.628: [GC (Allocation Failure)  468346K->9082K(1133568K), 0.0037454 secs]
83021.064: [GC (Allocation Failure)  454010K->9050K(1119744K), 0.0030666 secs]
83021.487: [GC (Allocation Failure)  440154K->9050K(1106432K), 0.0037819 secs]
83021.908: [GC (Allocation Failure)  426842K->9050K(1093632K), 0.0028713 secs]
83022.311: [GC (Allocation Failure)  414042K->9050K(1081344K), 0.0035105 secs]
83022.696: [GC (Allocation Failure)  401754K->9018K(1069568K), 0.0036619 secs]
83023.072: [GC (Allocation Failure)  389946K->9018K(1058304K), 0.0037480 secs]
83023.435: [GC (Allocation Failure)  378682K->9050K(1047552K), 0.0036664 secs]
83023.791: [GC (Allocation Failure)  367962K->9018K(1037312K), 0.0215514 secs]
83024.173: [GC (Allocation Failure)  357690K->9050K(1027584K), 0.0040842 secs]
83024.653: [GC (Allocation Failure)  347994K->9050K(1018368K), 0.0035680 secs]
83024.973: [GC (Allocation Failure)  338778K->9082K(1009152K), 0.0033491 secs]
83025.285: [GC (Allocation Failure)  329594K->9050K(1000448K), 0.0028330 secs]
83025.673: [GC (Allocation Failure)  320858K->9018K(992256K), 0.0037491 secs]
83025.973: [GC (Allocation Failure)  312634K->9082K(984064K), 0.0032759 secs]
83026.261: [GC (Allocation Failure)  304506K->9082K(1043456K), 0.0034984 secs]
83026.605: [GC (Allocation Failure)  363898K->9018K(1114624K), 0.0036121 secs]
83027.049: [GC (Allocation Failure)  435002K->9082K(1101824K), 0.0041876 secs]
83027.479: [GC (Allocation Failure)  422266K->9018K(1089536K), 0.0038886 secs]
83027.904: [GC (Allocation Failure)  409914K->9050K(1077760K), 0.0034074 secs]
83028.301: [GC (Allocation Failure)  398170K->9082K(1066496K), 0.0033853 secs]
83028.685: [GC (Allocation Failure)  386938K->9018K(1055744K), 0.0026981 secs]
83029.043: [GC (Allocation Failure)  376122K->9050K(1044992K), 0.0031686 secs]
83029.567: [GC (Allocation Failure)  365402K->9050K(1034752K), 0.0035724 secs]
83029.903: [GC (Allocation Failure)  355162K->9082K(1025024K), 0.0031413 secs]
83030.394: [GC (Allocation Failure)  345466K->9018K(1015808K), 0.0031176 secs]
83030.722: [GC (Allocation Failure)  336186K->9050K(1007104K), 0.0033870 secs]
83031.041: [GC (Allocation Failure)  327514K->9018K(998400K), 0.0035332 secs]
83031.373: [GC (Allocation Failure)  318778K->9050K(990208K), 0.0040138 secs]
83031.692: [GC (Allocation Failure)  310618K->9018K(982528K), 0.0035607 secs]
83032.031: [GC (Allocation Failure)  302906K->9050K(1041408K), 0.0044464 secs]
83032.390: [GC (Allocation Failure)  361818K->9050K(1112064K), 0.0034094 secs]
83032.846: [GC (Allocation Failure)  432474K->9050K(1099264K), 0.0035529 secs]
83033.424: [GC (Allocation Failure)  419674K->9050K(1086976K), 0.0037668 secs]
83033.849: [GC (Allocation Failure)  407386K->9082K(1075200K), 0.0034586 secs]
83034.235: [GC (Allocation Failure)  395642K->9050K(1063936K), 0.0034490 secs]
83034.610: [GC (Allocation Failure)  384346K->9018K(1053184K), 0.0038593 secs]
83034.983: [GC (Allocation Failure)  373562K->9018K(1042944K), 0.0036721 secs]
83035.366: [GC (Allocation Failure)  363322K->9018K(1032704K), 0.0031725 secs]
83035.712: [GC (Allocation Failure)  353082K->9018K(1022976K), 0.0038479 secs]
83036.046: [GC (Allocation Failure)  343354K->9050K(1013760K), 0.0041590 secs]
83036.373: [GC (Allocation Failure)  334170K->9050K(1078784K), 0.0041423 secs]
83036.767: [GC (Allocation Failure)  399194K->9050K(1157120K), 0.0040097 secs]
83037.254: [GC (Allocation Failure)  477530K->9050K(1142272K), 0.0035187 secs]
83037.880: [GC (Allocation Failure)  462682K->9050K(1127936K), 0.0039929 secs]
83038.336: [GC (Allocation Failure)  448346K->9090K(1114112K), 0.0040622 secs]
83038.807: [GC (Allocation Failure)  434562K->9058K(1101312K), 0.0039916 secs]
83039.219: [GC (Allocation Failure)  421730K->9058K(1089024K), 0.0040231 secs]
83039.657: [GC (Allocation Failure)  409442K->9058K(1077248K), 0.0042960 secs]
83040.269: [GC (Allocation Failure)  397666K->9058K(1065984K), 0.0046464 secs]
83040.647: [GC (Allocation Failure)  386402K->9058K(1055232K), 0.0044264 secs]
83041.254: [GC (Allocation Failure)  375650K->9026K(1044480K), 0.0041228 secs]
83041.609: [GC (Allocation Failure)  364866K->9058K(1034240K), 0.0045009 secs]
83041.961: [GC (Allocation Failure)  354658K->9058K(1024512K), 0.0040641 secs]
83042.303: [GC (Allocation Failure)  344930K->9058K(1015296K), 0.0034617 secs]
83042.644: [GC (Allocation Failure)  335714K->9026K(1080832K), 0.0037520 secs]
83043.060: [GC (Allocation Failure)  401218K->9058K(1069056K), 0.0035490 secs]
83043.591: [GC (Allocation Failure)  389474K->9026K(1057792K), 0.0041354 secs]
83043.960: [GC (Allocation Failure)  378178K->9058K(1047040K), 0.0040342 secs]
83044.313: [GC (Allocation Failure)  367458K->9026K(1118720K), 0.0041715 secs]
83044.736: [GC (Allocation Failure)  439106K->9058K(1105408K), 0.0039214 secs]
83045.155: [GC (Allocation Failure)  425826K->9026K(1188864K), 0.0053844 secs]
83045.668: [GC (Allocation Failure)  509250K->9026K(1172480K), 0.0033444 secs]
83046.144: [GC (Allocation Failure)  492866K->9090K(1157120K), 0.0042271 secs]
83046.843: [GC (Allocation Failure)  477570K->9090K(1142272K), 0.0050844 secs]
83047.294: [GC (Allocation Failure)  462722K->9058K(1127936K), 0.0038167 secs]
83047.766: [GC (Allocation Failure)  448354K->9090K(1114112K), 0.0027968 secs]
83048.182: [GC (Allocation Failure)  434562K->9026K(1101312K), 0.0036049 secs]
83048.622: [GC (Allocation Failure)  421698K->9026K(1089024K), 0.0026493 secs]
83049.022: [GC (Allocation Failure)  409410K->9058K(1077248K), 0.0034577 secs]
83049.426: [GC (Allocation Failure)  397666K->9058K(1065984K), 0.0031629 secs]
83049.829: [GC (Allocation Failure)  386402K->9090K(1055232K), 0.0034897 secs]
83050.234: [GC (Allocation Failure)  375682K->9058K(1044480K), 0.0045178 secs]
83050.595: [GC (Allocation Failure)  364898K->9058K(1115648K), 0.0081419 secs]
83051.156: [GC (Allocation Failure)  436066K->9026K(1201152K), 0.0053185 secs]
83051.696: [GC (Allocation Failure)  521538K->9058K(1304064K), 0.0035342 secs]
83052.484: [GC (Allocation Failure)  624482K->9058K(1282560K), 0.0035344 secs]
83053.082: [GC (Allocation Failure)  602978K->9058K(1262080K), 0.0038467 secs]
83053.642: [GC (Allocation Failure)  582498K->9058K(1242624K), 0.0035048 secs]
83054.324: [GC (Allocation Failure)  563042K->9026K(1224192K), 0.0030579 secs]
83054.890: [GC (Allocation Failure)  544578K->9058K(1206272K), 0.0033514 secs]
83055.443: [GC (Allocation Failure)  526690K->9058K(1189376K), 0.0033414 secs]
83055.935: [GC (Allocation Failure)  509794K->9058K(1172992K), 0.0032651 secs]
83056.413: [GC (Allocation Failure)  493410K->9058K(1157632K), 0.0032783 secs]
83056.883: [GC (Allocation Failure)  478050K->9058K(1142784K), 0.0035392 secs]
83057.507: [GC (Allocation Failure)  463202K->9058K(1128448K), 0.0034768 secs]
83057.975: [GC (Allocation Failure)  448866K->9058K(1114624K), 0.0036674 secs]
83058.393: [GC (Allocation Failure)  435042K->9026K(1101824K), 0.0038710 secs]
83058.799: [GC (Allocation Failure)  422210K->9058K(1089536K), 0.0036488 secs]
83059.193: [GC (Allocation Failure)  409954K->9058K(1077760K), 0.0032644 secs]
83059.762: [GC (Allocation Failure)  398178K->9058K(1066496K), 0.0033360 secs]
83060.131: [GC (Allocation Failure)  386914K->9026K(1055744K), 0.0031171 secs]
83060.567: [GC (Allocation Failure)  376130K->9058K(1044992K), 0.0039469 secs]
83060.920: [GC (Allocation Failure)  365410K->9090K(1034752K), 0.0028399 secs]
83061.276: [GC (Allocation Failure)  355202K->9026K(1025024K), 0.0037978 secs]
83061.649: [GC (Allocation Failure)  345410K->9026K(1015808K), 0.0034019 secs]
83061.985: [GC (Allocation Failure)  336194K->9026K(1007104K), 0.0033298 secs]
83062.313: [GC (Allocation Failure)  327490K->9058K(998400K), 0.0034594 secs]
83062.636: [GC (Allocation Failure)  318818K->9058K(990208K), 0.0034900 secs]
83062.933: [GC (Allocation Failure)  310626K->9058K(982528K), 0.0032844 secs]
83063.221: [GC (Allocation Failure)  302946K->9026K(1041408K), 0.0036880 secs]
83063.596: [GC (Allocation Failure)  361794K->9058K(1112064K), 0.0036110 secs]
83064.173: [GC (Allocation Failure)  432482K->9090K(1099264K), 0.0034854 secs]
83064.575: [GC (Allocation Failure)  419714K->9026K(1086976K), 0.0033870 secs]
83064.979: [GC (Allocation Failure)  407362K->9026K(1075200K), 0.0035111 secs]
83065.362: [GC (Allocation Failure)  395586K->9090K(1063936K), 0.0032852 secs]
83065.821: [GC (Allocation Failure)  384386K->9058K(1053184K), 0.0033015 secs]
83066.179: [GC (Allocation Failure)  373602K->9026K(1042944K), 0.0034871 secs]
83066.529: [GC (Allocation Failure)  363330K->9058K(1032704K), 0.0032098 secs]
83067.013: [GC (Allocation Failure)  353122K->9058K(1022976K), 0.0030873 secs]
83067.373: [GC (Allocation Failure)  343394K->9058K(1013760K), 0.0028134 secs]
83067.715: [GC (Allocation Failure)  334178K->9058K(1005056K), 0.0036176 secs]
83068.027: [GC (Allocation Failure)  325474K->9058K(996352K), 0.0036796 secs]
83068.337: [GC (Allocation Failure)  316770K->9090K(988160K), 0.0035733 secs]
83068.632: [GC (Allocation Failure)  308610K->9026K(980480K), 0.0030986 secs]
83069.102: [GC (Allocation Failure)  300866K->9058K(972800K), 0.0034681 secs]
83069.392: [GC (Allocation Failure)  293218K->9058K(1029632K), 0.0047998 secs]
83069.733: [GC (Allocation Failure)  350050K->9090K(1098240K), 0.0035727 secs]
83070.135: [GC (Allocation Failure)  418690K->9058K(1180160K), 0.0035107 secs]
83070.619: [GC (Allocation Failure)  500578K->9058K(1164288K), 0.0174447 secs]
83071.126: [GC (Allocation Failure)  484706K->9090K(1148928K), 0.0036678 secs]
83071.621: [GC (Allocation Failure)  469378K->9058K(1134592K), 0.0031554 secs]
83072.097: [GC (Allocation Failure)  455010K->9090K(1120768K), 0.0037003 secs]
83072.520: [GC (Allocation Failure)  441218K->9058K(1107456K), 0.0040125 secs]
83072.942: [GC (Allocation Failure)  427874K->9026K(1094656K), 0.0035759 secs]
83073.530: [GC (Allocation Failure)  415042K->9090K(1082368K), 0.0031721 secs]
83073.940: [GC (Allocation Failure)  402818K->9026K(1070592K), 0.0038493 secs]
83074.352: [GC (Allocation Failure)  390978K->8994K(1059328K), 0.0033323 secs]
83074.896: [GC (Allocation Failure)  379682K->9090K(1048576K), 0.0032829 secs]
83075.266: [GC (Allocation Failure)  369026K->9058K(1038336K), 0.0041236 secs]
83075.633: [GC (Allocation Failure)  358754K->9090K(1028608K), 0.0036546 secs]
83076.003: [GC (Allocation Failure)  349058K->9090K(1019392K), 0.0032947 secs]
83076.364: [GC (Allocation Failure)  339842K->9058K(1010176K), 0.0038933 secs]
83076.869: [GC (Allocation Failure)  330594K->9058K(1001472K), 0.0036195 secs]
83077.196: [GC (Allocation Failure)  321890K->9058K(1064448K), 0.0052191 secs]
83077.617: [GC (Allocation Failure)  384866K->9058K(1139712K), 0.0043307 secs]
83078.100: [GC (Allocation Failure)  460130K->9058K(1125376K), 0.0033792 secs]
83078.567: [GC (Allocation Failure)  445794K->9058K(1112064K), 0.0034973 secs]
83079.003: [GC (Allocation Failure)  432482K->9026K(1099264K), 0.0034591 secs]
83079.426: [GC (Allocation Failure)  419650K->9090K(1086976K), 0.0036383 secs]
83079.874: [GC (Allocation Failure)  407426K->9058K(1075200K), 0.0043607 secs]
83080.488: [GC (Allocation Failure)  395618K->9058K(1063936K), 0.0034543 secs]
83080.883: [GC (Allocation Failure)  384354K->9026K(1053184K), 0.0031480 secs]
83081.293: [GC (Allocation Failure)  373570K->9058K(1042944K), 0.0034119 secs]
83081.659: [GC (Allocation Failure)  363362K->9090K(1032704K), 0.0031936 secs]
83082.016: [GC (Allocation Failure)  353154K->9058K(1022976K), 0.0034099 secs]
83082.380: [GC (Allocation Failure)  343394K->9026K(1013760K), 0.0030658 secs]
83082.716: [GC (Allocation Failure)  334146K->9058K(1005056K), 0.0032820 secs]
83083.036: [GC (Allocation Failure)  325474K->9026K(996352K), 0.0036527 secs]
83083.360: [GC (Allocation Failure)  316738K->9058K(988160K), 0.0035949 secs]
83083.679: [GC (Allocation Failure)  308578K->9026K(1048064K), 0.0038337 secs]
83084.028: [GC (Allocation Failure)  368450K->9058K(1037824K), 0.0032126 secs]
83084.367: [GC (Allocation Failure)  358242K->9090K(1028096K), 0.0026202 secs]
83084.693: [GC (Allocation Failure)  348546K->9058K(1018880K), 0.0034903 secs]
83085.013: [GC (Allocation Failure)  339298K->9026K(1009664K), 0.0032996 secs]
83085.338: [GC (Allocation Failure)  330050K->9026K(1000960K), 0.0032652 secs]
83085.642: [GC (Allocation Failure)  321346K->9090K(992768K), 0.0030442 secs]
83085.937: [GC (Allocation Failure)  313218K->9058K(984576K), 0.0029834 secs]
83086.404: [GC (Allocation Failure)  304994K->9058K(976896K), 0.0034816 secs]
83086.686: [GC (Allocation Failure)  297314K->9058K(969728K), 0.0034315 secs]
83086.959: [GC (Allocation Failure)  290146K->9090K(962560K), 0.0027225 secs]
83087.226: [GC (Allocation Failure)  283010K->9090K(1017344K), 0.0030984 secs]
83087.546: [GC (Allocation Failure)  337794K->9058K(1083392K), 0.0033013 secs]
83087.928: [GC (Allocation Failure)  403810K->9026K(1071616K), 0.0032720 secs]
83088.299: [GC (Allocation Failure)  392002K->9026K(1060352K), 0.0029322 secs]
83088.657: [GC (Allocation Failure)  380738K->9090K(1049600K), 0.0030476 secs]
83089.025: [GC (Allocation Failure)  370050K->9026K(1039360K), 0.0036835 secs]
83089.366: [GC (Allocation Failure)  359746K->9026K(1029632K), 0.0029655 secs]
83089.696: [GC (Allocation Failure)  350018K->9058K(1020416K), 0.0037302 secs]
83090.017: [GC (Allocation Failure)  340834K->9026K(1011200K), 0.0035044 secs]
83090.330: [GC (Allocation Failure)  331586K->9058K(1075712K), 0.0035529 secs]
83090.896: [GC (Allocation Failure)  396130K->9058K(1064448K), 0.0036126 secs]
83091.279: [GC (Allocation Failure)  384866K->9034K(1053696K), 0.0026369 secs]
83091.667: [GC (Allocation Failure)  374090K->9034K(1043456K), 0.0039188 secs]
83092.026: [GC (Allocation Failure)  363850K->9034K(1033216K), 0.0028164 secs]
83092.379: [GC (Allocation Failure)  353610K->9066K(1023488K), 0.0033817 secs]
83092.726: [GC (Allocation Failure)  343914K->9066K(1014272K), 0.0030750 secs]
83093.052: [GC (Allocation Failure)  334698K->9066K(1005568K), 0.0031568 secs]
83093.383: [GC (Allocation Failure)  325994K->9034K(996864K), 0.0033770 secs]
83093.683: [GC (Allocation Failure)  317258K->9066K(988672K), 0.0031422 secs]
83093.974: [GC (Allocation Failure)  309098K->9066K(980992K), 0.0032186 secs]
83094.261: [GC (Allocation Failure)  301418K->9066K(1039872K), 0.0034465 secs]
83094.600: [GC (Allocation Failure)  360298K->9034K(1030144K), 0.0031340 secs]
83094.930: [GC (Allocation Failure)  350538K->9034K(1020928K), 0.0034745 secs]
83095.253: [GC (Allocation Failure)  341322K->9066K(1011712K), 0.0029432 secs]
83095.586: [GC (Allocation Failure)  332138K->9098K(1003008K), 0.0035162 secs]
83095.923: [GC (Allocation Failure)  323466K->9034K(1065984K), 0.0038731 secs]
83096.307: [GC (Allocation Failure)  386378K->9098K(1055232K), 0.0029701 secs]
83096.700: [GC (Allocation Failure)  375690K->9066K(1044480K), 0.0041167 secs]
83097.065: [GC (Allocation Failure)  364906K->9034K(1034240K), 0.0034642 secs]
83097.413: [GC (Allocation Failure)  354634K->9034K(1103360K), 0.0043437 secs]
83097.818: [GC (Allocation Failure)  423754K->9034K(1091072K), 0.0036575 secs]
83098.209: [GC (Allocation Failure)  411466K->9066K(1079296K), 0.0035841 secs]
83098.589: [GC (Allocation Failure)  399722K->9130K(1068032K), 0.0036078 secs]
83098.958: [GC (Allocation Failure)  388522K->9034K(1056768K), 0.0034817 secs]
83099.316: [GC (Allocation Failure)  377162K->9034K(1046016K), 0.0036372 secs]
83099.842: [GC (Allocation Failure)  366410K->9066K(1035776K), 0.0033709 secs]
83100.179: [GC (Allocation Failure)  356202K->9066K(1026048K), 0.0030086 secs]
83100.505: [GC (Allocation Failure)  346474K->9034K(1016832K), 0.0031933 secs]
83100.824: [GC (Allocation Failure)  337226K->9066K(1008128K), 0.0028936 secs]
83101.295: [GC (Allocation Failure)  328554K->9066K(999424K), 0.0035827 secs]
83101.606: [GC (Allocation Failure)  319850K->9034K(991232K), 0.0033174 secs]
83101.910: [GC (Allocation Failure)  311626K->9066K(1052160K), 0.0052679 secs]
83102.281: [GC (Allocation Failure)  372586K->9066K(1124864K), 0.0031971 secs]
83102.720: [GC (Allocation Failure)  445290K->9034K(1111552K), 0.0033265 secs]
83103.145: [GC (Allocation Failure)  431946K->9098K(1098752K), 0.0027662 secs]
83103.698: [GC (Allocation Failure)  419210K->9034K(1086464K), 0.0032852 secs]
83104.095: [GC (Allocation Failure)  406858K->9034K(1074688K), 0.0032818 secs]
83104.519: [GC (Allocation Failure)  395082K->9066K(1063424K), 0.0028569 secs]
83104.911: [GC (Allocation Failure)  383850K->9034K(1052672K), 0.0031349 secs]
83105.293: [GC (Allocation Failure)  373066K->9098K(1042432K), 0.0031144 secs]
83105.679: [GC (Allocation Failure)  362890K->9066K(1032704K), 0.0035506 secs]
83106.051: [GC (Allocation Failure)  353130K->9066K(1022976K), 0.0037009 secs]
83106.401: [GC (Allocation Failure)  343402K->9098K(1013760K), 0.0041377 secs]
83106.730: [GC (Allocation Failure)  334218K->9034K(1078784K), 0.0053071 secs]
83107.155: [GC (Allocation Failure)  399178K->9066K(1157120K), 0.0039001 secs]
83107.643: [GC (Allocation Failure)  477546K->9066K(1142272K), 0.0036451 secs]
83108.106: [GC (Allocation Failure)  462698K->9034K(1127936K), 0.0040563 secs]
83108.559: [GC (Allocation Failure)  448330K->9034K(1114112K), 0.0035050 secs]
83109.011: [GC (Allocation Failure)  434506K->9066K(1101312K), 0.0034124 secs]
83109.466: [GC (Allocation Failure)  421738K->9034K(1089024K), 0.0031848 secs]
83109.891: [GC (Allocation Failure)  409418K->9066K(1077248K), 0.0039502 secs]
83110.279: [GC (Allocation Failure)  397674K->9066K(1065984K), 0.0039595 secs]
83110.700: [GC (Allocation Failure)  386410K->9066K(1055232K), 0.0036078 secs]
83111.202: [GC (Allocation Failure)  375658K->9034K(1044480K), 0.0038472 secs]
83111.568: [GC (Allocation Failure)  364874K->9066K(1034240K), 0.0040139 secs]
83111.920: [GC (Allocation Failure)  354666K->9034K(1024512K), 0.0034755 secs]
83112.272: [GC (Allocation Failure)  344906K->9098K(1015296K), 0.0037048 secs]
83112.616: [GC (Allocation Failure)  335754K->9066K(1006592K), 0.0038003 secs]
83113.224: [GC (Allocation Failure)  327018K->9098K(997888K), 0.0039386 secs]
83113.532: [GC (Allocation Failure)  318346K->9066K(989696K), 0.0034687 secs]
83113.828: [GC (Allocation Failure)  310122K->9034K(1050112K), 0.0041776 secs]
83114.185: [GC (Allocation Failure)  370506K->9066K(1122816K), 0.0035945 secs]
83114.611: [GC (Allocation Failure)  443242K->9034K(1109504K), 0.0037601 secs]
83115.025: [GC (Allocation Failure)  429898K->9098K(1096704K), 0.0029808 secs]
83115.593: [GC (Allocation Failure)  417162K->9066K(1084416K), 0.0038350 secs]
83115.985: [GC (Allocation Failure)  404842K->9034K(1072640K), 0.0033679 secs]
83116.364: [GC (Allocation Failure)  393034K->9098K(1061376K), 0.0049953 secs]
83116.735: [GC (Allocation Failure)  381834K->9034K(1050624K), 0.0039279 secs]
83117.095: [GC (Allocation Failure)  371018K->9034K(1040384K), 0.0032863 secs]
83117.461: [GC (Allocation Failure)  360778K->9066K(1030656K), 0.0031845 secs]
83117.798: [GC (Allocation Failure)  351082K->9066K(1020928K), 0.0037744 secs]
83118.342: [GC (Allocation Failure)  341354K->9066K(1011712K), 0.0034329 secs]
83118.671: [GC (Allocation Failure)  332138K->9066K(1003008K), 0.0032718 secs]
83118.981: [GC (Allocation Failure)  323434K->9034K(994816K), 0.0036106 secs]
83119.283: [GC (Allocation Failure)  315210K->9066K(1056256K), 0.0041106 secs]
83119.670: [GC (Allocation Failure)  376682K->9066K(1129984K), 0.0040836 secs]
83120.112: [GC (Allocation Failure)  450410K->9066K(1116160K), 0.0031955 secs]
83120.544: [GC (Allocation Failure)  436586K->9066K(1102848K), 0.0040791 secs]
83120.991: [GC (Allocation Failure)  423274K->9066K(1090560K), 0.0034963 secs]
83121.461: [GC (Allocation Failure)  410986K->9066K(1078784K), 0.0033089 secs]
83121.871: [GC (Allocation Failure)  399210K->9066K(1067520K), 0.0032068 secs]
83122.250: [GC (Allocation Failure)  387946K->9066K(1056256K), 0.0037054 secs]
83122.695: [GC (Allocation Failure)  376682K->9066K(1045504K), 0.0034746 secs]
83123.066: [GC (Allocation Failure)  365930K->9066K(1035264K), 0.0028768 secs]
83123.542: [GC (Allocation Failure)  355690K->9098K(1025536K), 0.0033201 secs]
83123.891: [GC (Allocation Failure)  345994K->9098K(1016320K), 0.0038242 secs]
83124.214: [GC (Allocation Failure)  336778K->9066K(1007616K), 0.0029409 secs]
83124.527: [GC (Allocation Failure)  328042K->9034K(998912K), 0.0033760 secs]
83124.837: [GC (Allocation Failure)  319306K->9066K(990720K), 0.0029036 secs]
83125.140: [GC (Allocation Failure)  311146K->9098K(983040K), 0.0028793 secs]
83125.428: [GC (Allocation Failure)  303498K->9066K(975360K), 0.0031450 secs]
83125.710: [GC (Allocation Failure)  295786K->9098K(968192K), 0.0026131 secs]
83125.983: [GC (Allocation Failure)  288650K->9066K(961024K), 0.0033380 secs]
83126.250: [GC (Allocation Failure)  281450K->9098K(954368K), 0.0027611 secs]
83126.657: [GC (Allocation Failure)  274826K->9034K(947712K), 0.0031425 secs]
83126.927: [GC (Allocation Failure)  268106K->9066K(941568K), 0.0029642 secs]
83127.212: [GC (Allocation Failure)  261994K->9066K(992256K), 0.0033218 secs]
83127.513: [GC (Allocation Failure)  312682K->9066K(1053184K), 0.0034629 secs]
83127.899: [GC (Allocation Failure)  373610K->9066K(1042944K), 0.0030070 secs]
83128.252: [GC (Allocation Failure)  363370K->9098K(1032704K), 0.0032384 secs]
83128.601: [GC (Allocation Failure)  353162K->9066K(1022976K), 0.0029109 secs]
83128.939: [GC (Allocation Failure)  343402K->9066K(1013760K), 0.0038682 secs]
83129.258: [GC (Allocation Failure)  334186K->9066K(1005056K), 0.0032374 secs]
83129.614: [GC (Allocation Failure)  325482K->9034K(996352K), 0.0033539 secs]
83129.940: [GC (Allocation Failure)  316746K->9066K(988160K), 0.0034734 secs]
83130.250: [GC (Allocation Failure)  308586K->9098K(1048064K), 0.0036274 secs]
83130.630: [GC (Allocation Failure)  368522K->9034K(1120256K), 0.0041197 secs]
83131.082: [GC (Allocation Failure)  440650K->9034K(1106944K), 0.0036468 secs]
83131.518: [GC (Allocation Failure)  427338K->9066K(1094144K), 0.0034808 secs]
83131.928: [GC (Allocation Failure)  414570K->9066K(1081856K), 0.0034116 secs]
83132.368: [GC (Allocation Failure)  402282K->9034K(1070080K), 0.0032478 secs]
83132.743: [GC (Allocation Failure)  390474K->9034K(1058816K), 0.0029373 secs]
83133.108: [GC (Allocation Failure)  379210K->9034K(1048064K), 0.0040846 secs]
83133.479: [GC (Allocation Failure)  368458K->9034K(1037824K), 0.0036162 secs]
83133.843: [GC (Allocation Failure)  358218K->9066K(1028096K), 0.0032604 secs]
83134.204: [GC (Allocation Failure)  348522K->9098K(1018880K), 0.0031783 secs]
83134.545: [GC (Allocation Failure)  339338K->9034K(1009664K), 0.0027002 secs]
83134.874: [GC (Allocation Failure)  330058K->9098K(1000960K), 0.0041507 secs]
83135.202: [GC (Allocation Failure)  321418K->9034K(992768K), 0.0033246 secs]
83135.540: [GC (Allocation Failure)  313162K->9034K(984576K), 0.0034875 secs]
83135.847: [GC (Allocation Failure)  304970K->9034K(976896K), 0.0033192 secs]
83136.252: [GC (Allocation Failure)  297290K->9098K(969728K), 0.0030160 secs]
83136.543: [GC (Allocation Failure)  290186K->9066K(962560K), 0.0032173 secs]
83136.818: [GC (Allocation Failure)  282986K->9066K(955904K), 0.0030419 secs]
83137.100: [GC (Allocation Failure)  276330K->9066K(1009664K), 0.0034357 secs]
83137.567: [GC (Allocation Failure)  330090K->9098K(1000960K), 0.0034037 secs]
83137.897: [GC (Allocation Failure)  321418K->9098K(992768K), 0.0032547 secs]
83138.226: [GC (Allocation Failure)  313226K->9066K(984576K), 0.0036134 secs]
83138.524: [GC (Allocation Failure)  305002K->9098K(1043968K), 0.0033726 secs]
83138.880: [GC (Allocation Failure)  364426K->9034K(1115136K), 0.0037787 secs]
83139.304: [GC (Allocation Failure)  435530K->9066K(1200640K), 0.0046071 secs]
83139.980: [GC (Allocation Failure)  521066K->9034K(1183744K), 0.0035154 secs]
83140.472: [GC (Allocation Failure)  504138K->9034K(1167872K), 0.0033881 secs]
83140.971: [GC (Allocation Failure)  488266K->9034K(1152512K), 0.0037499 secs]
83141.429: [GC (Allocation Failure)  472906K->9098K(1245696K), 0.0075591 secs]
83142.218: [GC (Allocation Failure)  566154K->9066K(1226752K), 0.0036758 secs]
83142.749: [GC (Allocation Failure)  547178K->9034K(1208832K), 0.0029669 secs]
83143.293: [GC (Allocation Failure)  529226K->9098K(1191936K), 0.0026698 secs]
83143.818: [GC (Allocation Failure)  512394K->9034K(1175552K), 0.0036322 secs]
83144.298: [GC (Allocation Failure)  495946K->9034K(1159680K), 0.0037262 secs]
83144.770: [GC (Allocation Failure)  480074K->9066K(1144832K), 0.0035136 secs]
83145.417: [GC (Allocation Failure)  465258K->9066K(1130496K), 0.0035218 secs]
83145.955: [GC (Allocation Failure)  450922K->9066K(1116672K), 0.0039227 secs]
83146.381: [GC (Allocation Failure)  437098K->9066K(1103360K), 0.0035743 secs]
83146.810: [GC (Allocation Failure)  423786K->9066K(1091072K), 0.0048685 secs]
83147.218: [GC (Allocation Failure)  411498K->9066K(1079296K), 0.0055318 secs]
83147.780: [GC (Allocation Failure)  399722K->9066K(1068032K), 0.0037550 secs]
83148.160: [GC (Allocation Failure)  388458K->9066K(1056768K), 0.0033023 secs]
83148.532: [GC (Allocation Failure)  377194K->9066K(1046016K), 0.0492252 secs]
83148.989: [GC (Allocation Failure)  366442K->9066K(1035776K), 0.0041509 secs]
83149.354: [GC (Allocation Failure)  356202K->9098K(1026048K), 0.0038927 secs]
83149.794: [GC (Allocation Failure)  346506K->9066K(1016832K), 0.0035616 secs]
83150.139: [GC (Allocation Failure)  337258K->9066K(1008128K), 0.0042308 secs]
83150.479: [GC (Allocation Failure)  328554K->9066K(999424K), 0.0036875 secs]
83150.798: [GC (Allocation Failure)  319850K->9066K(991232K), 0.0032975 secs]
83151.120: [GC (Allocation Failure)  311658K->9066K(1052160K), 0.0041361 secs]
83151.509: [GC (Allocation Failure)  372586K->9098K(1124864K), 0.0035648 secs]
83151.951: [GC (Allocation Failure)  445322K->9066K(1111552K), 0.0036856 secs]
83152.367: [GC (Allocation Failure)  431978K->9034K(1098752K), 0.0035053 secs]
83152.900: [GC (Allocation Failure)  419146K->9034K(1086464K), 0.0168235 secs]
83153.310: [GC (Allocation Failure)  406858K->9066K(1074688K), 0.0035085 secs]
83153.712: [GC (Allocation Failure)  395114K->9066K(1063424K), 0.0045007 secs]
83154.086: [GC (Allocation Failure)  383850K->9066K(1052672K), 0.0034911 secs]
83154.465: [GC (Allocation Failure)  373098K->9066K(1042432K), 0.0028373 secs]
83154.859: [GC (Allocation Failure)  362858K->9066K(1032704K), 0.0029039 secs]
83155.215: [GC (Allocation Failure)  353130K->9034K(1022976K), 0.0032561 secs]
83155.549: [GC (Allocation Failure)  343370K->9034K(1013760K), 0.0032550 secs]
83155.921: [GC (Allocation Failure)  334154K->9034K(1005056K), 0.0034666 secs]
83156.238: [GC (Allocation Failure)  325450K->9066K(1068544K), 0.0046059 secs]
83156.618: [GC (Allocation Failure)  388970K->9066K(1144832K), 0.0048259 secs]
83157.089: [GC (Allocation Failure)  465258K->9066K(1130496K), 0.0034365 secs]
83157.546: [GC (Allocation Failure)  450922K->9034K(1116672K), 0.0033427 secs]
83157.974: [GC (Allocation Failure)  437066K->9034K(1202688K), 0.0083899 secs]
83158.489: [GC (Allocation Failure)  523082K->9066K(1305600K), 0.0032072 secs]
83159.099: [GC (Allocation Failure)  626026K->9066K(1284096K), 0.0028384 secs]
83159.687: [GC (Allocation Failure)  604522K->9130K(1263616K), 0.0029536 secs]
83160.389: [GC (Allocation Failure)  584106K->9034K(1244160K), 0.0036294 secs]
83160.957: [GC (Allocation Failure)  564554K->9066K(1225216K), 0.0035017 secs]
83161.498: [GC (Allocation Failure)  545642K->9066K(1207296K), 0.0035233 secs]
83162.012: [GC (Allocation Failure)  527722K->9066K(1190400K), 0.0040840 secs]
83162.565: [GC (Allocation Failure)  510826K->9034K(1174016K), 0.0033345 secs]
83163.054: [GC (Allocation Failure)  494410K->9066K(1158656K), 0.0035558 secs]
83163.521: [GC (Allocation Failure)  479082K->9066K(1143808K), 0.0031200 secs]
83163.970: [GC (Allocation Failure)  464234K->9034K(1129472K), 0.0037484 secs]
83164.454: [GC (Allocation Failure)  449866K->9098K(1115648K), 0.0034276 secs]
83165.072: [GC (Allocation Failure)  436106K->9066K(1102848K), 0.0033158 secs]
83165.500: [GC (Allocation Failure)  423274K->9066K(1090560K), 0.0029673 secs]
83165.913: [GC (Allocation Failure)  410986K->9066K(1078784K), 0.0029426 secs]
83166.329: [GC (Allocation Failure)  399210K->9066K(1067520K), 0.0030548 secs]
83166.712: [GC (Allocation Failure)  387946K->9034K(1056256K), 0.0030032 secs]
83167.076: [GC (Allocation Failure)  376650K->9066K(1045504K), 0.0036527 secs]
83167.429: [GC (Allocation Failure)  365930K->9066K(1035264K), 0.0029982 secs]
83167.788: [GC (Allocation Failure)  355690K->9034K(1025536K), 0.0038420 secs]
83168.138: [GC (Allocation Failure)  345930K->9098K(1016320K), 0.0039698 secs]
83168.488: [GC (Allocation Failure)  336778K->9066K(1007616K), 0.0034338 secs]
83168.824: [GC (Allocation Failure)  328042K->9098K(998912K), 0.0029076 secs]
83169.127: [GC (Allocation Failure)  319370K->9066K(990720K), 0.0030843 secs]
83169.424: [GC (Allocation Failure)  311146K->9066K(983040K), 0.0032306 secs]
83169.730: [GC (Allocation Failure)  303466K->9034K(975360K), 0.0031594 secs]
83170.025: [GC (Allocation Failure)  295754K->9034K(1032704K), 0.0037096 secs]
83170.364: [GC (Allocation Failure)  353098K->9098K(1022976K), 0.0029473 secs]
83170.692: [GC (Allocation Failure)  343434K->9066K(1013760K), 0.0031219 secs]
83171.010: [GC (Allocation Failure)  334186K->9098K(1005056K), 0.0032829 secs]
83171.322: [GC (Allocation Failure)  325514K->9098K(996352K), 0.0031677 secs]
83171.633: [GC (Allocation Failure)  316810K->9034K(1058304K), 0.0044750 secs]
83171.997: [GC (Allocation Failure)  378698K->9034K(1132544K), 0.0031261 secs]
83172.431: [GC (Allocation Failure)  452938K->9098K(1118720K), 0.0031941 secs]
83172.852: [GC (Allocation Failure)  439178K->9066K(1204736K), 0.0092104 secs]
83173.379: [GC (Allocation Failure)  525162K->9066K(1308160K), 0.0027143 secs]
83174.003: [GC (Allocation Failure)  628586K->9034K(1286656K), 0.0029297 secs]
83174.624: [GC (Allocation Failure)  607050K->9066K(1266176K), 0.0040072 secs]
83175.215: [GC (Allocation Failure)  586602K->9066K(1246720K), 0.0039907 secs]
83175.934: [GC (Allocation Failure)  567146K->9066K(1227776K), 0.0037364 secs]
83176.464: [GC (Allocation Failure)  548202K->9098K(1209856K), 0.0026016 secs]
83176.974: [GC (Allocation Failure)  530314K->9130K(1192448K), 0.0027243 secs]
83177.515: [GC (Allocation Failure)  512938K->9066K(1176064K), 0.0034045 secs]
83178.349: [GC (Allocation Failure)  496490K->9066K(1160192K), 0.0035030 secs]
83178.837: [GC (Allocation Failure)  480618K->9066K(1145344K), 0.0032733 secs]
83179.397: [GC (Allocation Failure)  465770K->9066K(1131008K), 0.0034005 secs]
83180.064: [GC (Allocation Failure)  451434K->9066K(1117184K), 0.0040230 secs]
83180.494: [GC (Allocation Failure)  437610K->9066K(1103872K), 0.0028723 secs]
83180.923: [GC (Allocation Failure)  424298K->9034K(1091072K), 0.0033593 secs]
83181.330: [GC (Allocation Failure)  411466K->9066K(1079296K), 0.0034451 secs]
83181.720: [GC (Allocation Failure)  399722K->9066K(1068032K), 0.0034399 secs]
83182.279: [GC (Allocation Failure)  388458K->9066K(1056768K), 0.0031054 secs]
83182.653: [GC (Allocation Failure)  377194K->9098K(1046016K), 0.0035451 secs]
83183.017: [GC (Allocation Failure)  366474K->9034K(1035776K), 0.0030816 secs]
83183.370: [GC (Allocation Failure)  356170K->9066K(1026048K), 0.0035086 secs]
83183.708: [GC (Allocation Failure)  346474K->9066K(1016832K), 0.0030485 secs]
83184.041: [GC (Allocation Failure)  337258K->9066K(1008128K), 0.0034158 secs]
83184.385: [GC (Allocation Failure)  328554K->9034K(999424K), 0.0031941 secs]
83184.690: [GC (Allocation Failure)  319818K->9066K(991232K), 0.0037701 secs]
83185.137: [GC (Allocation Failure)  311658K->9034K(983552K), 0.0033067 secs]
83185.433: [GC (Allocation Failure)  303946K->9066K(975872K), 0.0037622 secs]
83185.723: [GC (Allocation Failure)  296298K->9034K(1033728K), 0.0039767 secs]
83186.071: [GC (Allocation Failure)  354122K->9034K(1102848K), 0.0034360 secs]
83186.482: [GC (Allocation Failure)  423242K->9066K(1090560K), 0.0033782 secs]
83186.951: [GC (Allocation Failure)  410986K->9066K(1078784K), 0.0030686 secs]
83187.349: [GC (Allocation Failure)  399210K->9066K(1067520K), 0.0034326 secs]
83187.744: [GC (Allocation Failure)  387946K->9034K(1056256K), 0.0031291 secs]
83188.112: [GC (Allocation Failure)  376650K->9066K(1045504K), 0.0035362 secs]
83188.472: [GC (Allocation Failure)  365930K->9034K(1035264K), 0.0029417 secs]
83188.820: [GC (Allocation Failure)  355658K->9066K(1025536K), 0.0032450 secs]
83189.158: [GC (Allocation Failure)  345962K->9066K(1016320K), 0.0035868 secs]
83189.496: [GC (Allocation Failure)  336746K->9098K(1007616K), 0.0035079 secs]
83189.815: [GC (Allocation Failure)  328074K->9098K(998912K), 0.0040439 secs]
83190.126: [GC (Allocation Failure)  319370K->9066K(990720K), 0.0031304 secs]
83190.427: [GC (Allocation Failure)  311146K->9034K(983040K), 0.0032041 secs]
83190.858: [GC (Allocation Failure)  303434K->9066K(975360K), 0.0033127 secs]
83191.186: [GC (Allocation Failure)  295786K->9066K(968192K), 0.0034253 secs]
83191.475: [GC (Allocation Failure)  288618K->9066K(961024K), 0.0033149 secs]
83191.931: [GC (Allocation Failure)  281450K->9066K(954368K), 0.0033832 secs]
83192.205: [GC (Allocation Failure)  274794K->9066K(947712K), 0.0032859 secs]
83192.477: [GC (Allocation Failure)  268138K->9034K(941568K), 0.0029485 secs]
83192.743: [GC (Allocation Failure)  261962K->9066K(992256K), 0.0033041 secs]
83193.060: [GC (Allocation Failure)  312682K->9066K(1053184K), 0.0035319 secs]
83193.443: [GC (Allocation Failure)  373610K->9066K(1042944K), 0.0029587 secs]
83193.820: [GC (Allocation Failure)  363370K->9066K(1032704K), 0.0027975 secs]
83194.179: [GC (Allocation Failure)  353130K->9034K(1022976K), 0.0032207 secs]
83194.525: [GC (Allocation Failure)  343370K->9066K(1013760K), 0.0033931 secs]
83194.861: [GC (Allocation Failure)  334186K->9066K(1005056K), 0.0033982 secs]
83195.186: [GC (Allocation Failure)  325482K->9066K(996352K), 0.0035233 secs]
83195.501: [GC (Allocation Failure)  316778K->9066K(1058304K), 0.0049056 secs]
83195.862: [GC (Allocation Failure)  378730K->9034K(1132544K), 0.0038723 secs]
83196.314: [GC (Allocation Failure)  452938K->9066K(1221632K), 0.0040346 secs]
83196.839: [GC (Allocation Failure)  542058K->9066K(1203712K), 0.0030300 secs]
83197.341: [GC (Allocation Failure)  524138K->9066K(1186816K), 0.0034909 secs]
83197.828: [GC (Allocation Failure)  507242K->9066K(1170432K), 0.0033598 secs]
83198.305: [GC (Allocation Failure)  490858K->9066K(1155072K), 0.0030499 secs]
83198.761: [GC (Allocation Failure)  475498K->9066K(1140224K), 0.0035584 secs]
83199.221: [GC (Allocation Failure)  460650K->9098K(1230848K), 0.0090165 secs]
83199.756: [GC (Allocation Failure)  551306K->9066K(1212928K), 0.0039306 secs]
83200.273: [GC (Allocation Failure)  533354K->9034K(1195520K), 0.0033190 secs]
83200.772: [GC (Allocation Failure)  515914K->9034K(1179136K), 0.0031059 secs]
83201.253: [GC (Allocation Failure)  499530K->9066K(1163264K), 0.0032496 secs]
83201.753: [GC (Allocation Failure)  483690K->9066K(1147904K), 0.0033410 secs]
83202.200: [GC (Allocation Failure)  468330K->9066K(1133568K), 0.0030335 secs]
83202.634: [GC (Allocation Failure)  453994K->9066K(1119744K), 0.0042769 secs]
83203.054: [GC (Allocation Failure)  440170K->9066K(1106432K), 0.0034742 secs]
83203.462: [GC (Allocation Failure)  426858K->9034K(1093632K), 0.0035325 secs]
83203.860: [GC (Allocation Failure)  414026K->9098K(1081344K), 0.0032743 secs]
83204.240: [GC (Allocation Failure)  401802K->9066K(1069568K), 0.0029863 secs]
83204.609: [GC (Allocation Failure)  389994K->9066K(1058304K), 0.0031908 secs]
83204.968: [GC (Allocation Failure)  378730K->9066K(1047552K), 0.0032096 secs]
83205.316: [GC (Allocation Failure)  367978K->9034K(1119744K), 0.0071103 secs]
83205.745: [GC (Allocation Failure)  440138K->9034K(1206272K), 0.0042028 secs]
83206.271: [GC (Allocation Failure)  526666K->9098K(1189376K), 0.0037788 secs]
83206.985: [GC (Allocation Failure)  509834K->9042K(1172992K), 0.0042615 secs]
83207.478: [GC (Allocation Failure)  493394K->9042K(1157632K), 0.0033246 secs]
83207.954: [GC (Allocation Failure)  478034K->9042K(1142784K), 0.0041069 secs]
83208.400: [GC (Allocation Failure)  463186K->9106K(1128448K), 0.1179015 secs]
83208.947: [GC (Allocation Failure)  448914K->9074K(1114624K), 0.0033360 secs]
83209.363: [GC (Allocation Failure)  435058K->9042K(1101824K), 0.0033665 secs]
83209.764: [GC (Allocation Failure)  422226K->9074K(1089536K), 0.0042811 secs]
83210.158: [GC (Allocation Failure)  409970K->9042K(1077760K), 0.0036203 secs]
83210.537: [GC (Allocation Failure)  398162K->9042K(1066496K), 0.0037134 secs]
83210.904: [GC (Allocation Failure)  386898K->9074K(1055744K), 0.0029138 secs]
83211.260: [GC (Allocation Failure)  376178K->9074K(1044992K), 0.0040722 secs]
83211.605: [GC (Allocation Failure)  365426K->9042K(1034752K), 0.0795923 secs]
83212.019: [GC (Allocation Failure)  355154K->9042K(1025024K), 0.0031120 secs]
83212.365: [GC (Allocation Failure)  345426K->9074K(1015808K), 0.0030748 secs]
83212.701: [GC (Allocation Failure)  336242K->9074K(1007104K), 0.0032691 secs]
83213.014: [GC (Allocation Failure)  327538K->9074K(998400K), 0.0038047 secs]
83213.335: [GC (Allocation Failure)  318834K->9074K(990208K), 0.0031100 secs]
83213.647: [GC (Allocation Failure)  310642K->9074K(1050624K), 0.0039391 secs]
83213.999: [GC (Allocation Failure)  371058K->9074K(1123328K), 0.0038489 secs]
83214.431: [GC (Allocation Failure)  443762K->9106K(1110016K), 0.0027556 secs]
83214.840: [GC (Allocation Failure)  430482K->9042K(1097216K), 0.0029628 secs]
83215.239: [GC (Allocation Failure)  417618K->9074K(1084928K), 0.0039326 secs]
83215.626: [GC (Allocation Failure)  405362K->9106K(1073152K), 0.0037544 secs]
83216.001: [GC (Allocation Failure)  393618K->9074K(1061888K), 0.0039966 secs]
83216.364: [GC (Allocation Failure)  382322K->9074K(1136640K), 0.0049611 secs]
83216.808: [GC (Allocation Failure)  457074K->9042K(1122816K), 0.0849366 secs]
83217.316: [GC (Allocation Failure)  443218K->9074K(1109504K), 0.0032598 secs]
83217.726: [GC (Allocation Failure)  429938K->9074K(1096704K), 0.0033062 secs]
83218.139: [GC (Allocation Failure)  417138K->9106K(1084416K), 0.0034011 secs]
83218.540: [GC (Allocation Failure)  404882K->9042K(1072640K), 0.0043674 secs]
83218.932: [GC (Allocation Failure)  393042K->9074K(1061376K), 0.0027173 secs]
83219.307: [GC (Allocation Failure)  381810K->9074K(1050624K), 0.0029835 secs]
83219.661: [GC (Allocation Failure)  371058K->9042K(1040384K), 0.0027491 secs]
83220.010: [GC (Allocation Failure)  360786K->9074K(1030656K), 0.0029379 secs]
83220.351: [GC (Allocation Failure)  351090K->9042K(1020928K), 0.0030314 secs]
83220.686: [GC (Allocation Failure)  341330K->9106K(1011712K), 0.0030542 secs]
83221.012: [GC (Allocation Failure)  332178K->9042K(1003008K), 0.0035463 secs]
83221.329: [GC (Allocation Failure)  323410K->9074K(994816K), 0.0028879 secs]
83221.637: [GC (Allocation Failure)  315250K->9042K(986624K), 0.0027634 secs]
83221.938: [GC (Allocation Failure)  307026K->9074K(978944K), 0.0035502 secs]
83222.249: [GC (Allocation Failure)  299378K->9106K(1037312K), 0.0039644 secs]
83222.601: [GC (Allocation Failure)  357778K->9074K(1107456K), 0.0036475 secs]
83223.021: [GC (Allocation Failure)  427890K->9074K(1094656K), 0.0033529 secs]
83223.427: [GC (Allocation Failure)  415090K->9042K(1082368K), 0.0033618 secs]
83223.825: [GC (Allocation Failure)  402770K->9074K(1070592K), 0.0035511 secs]
83224.209: [GC (Allocation Failure)  391026K->9106K(1059328K), 0.0032917 secs]
83224.581: [GC (Allocation Failure)  379794K->9106K(1048576K), 0.0032581 secs]
83224.944: [GC (Allocation Failure)  369042K->9074K(1038336K), 0.0039077 secs]
83225.298: [GC (Allocation Failure)  358770K->9106K(1028608K), 0.0033354 secs]
83225.641: [GC (Allocation Failure)  349074K->9106K(1019392K), 0.0044516 secs]
83225.979: [GC (Allocation Failure)  339858K->9074K(1085952K), 0.0041438 secs]
83226.527: [GC (Allocation Failure)  406386K->9106K(1074176K), 0.0034925 secs]
83226.926: [GC (Allocation Failure)  394642K->9074K(1062912K), 0.0033936 secs]
83227.311: [GC (Allocation Failure)  383346K->9074K(1052160K), 0.0038754 secs]
83227.769: [GC (Allocation Failure)  372594K->9042K(1124864K), 0.0058234 secs]
83228.214: [GC (Allocation Failure)  445266K->9074K(1111552K), 0.0039546 secs]
83228.642: [GC (Allocation Failure)  431986K->9074K(1098752K), 0.0040233 secs]
83229.058: [GC (Allocation Failure)  419186K->9074K(1086464K), 0.0035424 secs]
83229.453: [GC (Allocation Failure)  406898K->9074K(1074688K), 0.0042887 secs]
83229.842: [GC (Allocation Failure)  395122K->9074K(1063424K), 0.0032655 secs]
83230.239: [GC (Allocation Failure)  383858K->9042K(1138688K), 0.0059700 secs]
83230.712: [GC (Allocation Failure)  459090K->9074K(1124864K), 0.0035926 secs]
83231.156: [GC (Allocation Failure)  445298K->9074K(1111552K), 0.0033897 secs]
83231.576: [GC (Allocation Failure)  431986K->9074K(1098752K), 0.0031611 secs]
83231.984: [GC (Allocation Failure)  419186K->9042K(1086464K), 0.0032507 secs]
83232.375: [GC (Allocation Failure)  406866K->9074K(1074688K), 0.0039320 secs]
83232.788: [GC (Allocation Failure)  395122K->9074K(1063424K), 0.0037282 secs]
83233.307: [GC (Allocation Failure)  383858K->9074K(1052672K), 0.0035988 secs]
83233.692: [GC (Allocation Failure)  373106K->9074K(1042432K), 0.0025006 secs]
83234.045: [GC (Allocation Failure)  362866K->9074K(1032704K), 0.0026506 secs]
83234.387: [GC (Allocation Failure)  353138K->9106K(1022976K), 0.0030806 secs]
83235.028: [GC (Allocation Failure)  343442K->9074K(1013760K), 0.0033874 secs]
83235.356: [GC (Allocation Failure)  334194K->9138K(1005056K), 0.0029677 secs]
83235.671: [GC (Allocation Failure)  325554K->9074K(996352K), 0.0029989 secs]
83236.022: [GC (Allocation Failure)  316786K->9106K(988160K), 0.0028148 secs]
83236.320: [GC (Allocation Failure)  308626K->9074K(980480K), 0.0031845 secs]
83236.611: [GC (Allocation Failure)  300914K->9106K(972800K), 0.0027460 secs]
83236.897: [GC (Allocation Failure)  293266K->9074K(965632K), 0.0029049 secs]
83237.199: [GC (Allocation Failure)  286066K->9074K(958464K), 0.0033277 secs]
83237.494: [GC (Allocation Failure)  278898K->9106K(1012736K), 0.0038515 secs]
83238.022: [GC (Allocation Failure)  333202K->9042K(1004032K), 0.0040502 secs]
83238.337: [GC (Allocation Failure)  324434K->9074K(995840K), 0.0030925 secs]
83238.645: [GC (Allocation Failure)  316274K->9106K(987648K), 0.0027679 secs]
83238.948: [GC (Allocation Failure)  308114K->9074K(979968K), 0.0029535 secs]
83239.238: [GC (Allocation Failure)  300402K->9106K(972288K), 0.0030457 secs]
83239.522: [GC (Allocation Failure)  292754K->9042K(965120K), 0.0031385 secs]
83239.797: [GC (Allocation Failure)  285522K->9106K(958464K), 0.0027632 secs]
83240.066: [GC (Allocation Failure)  278930K->9106K(951808K), 0.0029035 secs]
83240.352: [GC (Allocation Failure)  272274K->9074K(945664K), 0.0028486 secs]
83240.800: [GC (Allocation Failure)  266098K->9074K(939520K), 0.0026823 secs]
83241.052: [GC (Allocation Failure)  259954K->9074K(933376K), 0.0031879 secs]
83241.307: [GC (Allocation Failure)  253810K->9050K(982528K), 0.0037435 secs]
83241.632: [GC (Allocation Failure)  302938K->9146K(1041408K), 0.0033415 secs]
83242.002: [GC (Allocation Failure)  361914K->9082K(1031680K), 0.0025244 secs]
83242.360: [GC (Allocation Failure)  352122K->9082K(1021952K), 0.0036314 secs]
83242.707: [GC (Allocation Failure)  342394K->9146K(1012736K), 0.0030094 secs]
83243.038: [GC (Allocation Failure)  333242K->9114K(1004032K), 0.0028984 secs]
83243.351: [GC (Allocation Failure)  324506K->9082K(995840K), 0.0031041 secs]
83243.658: [GC (Allocation Failure)  316282K->9114K(1057280K), 0.0040319 secs]
83244.031: [GC (Allocation Failure)  377754K->9082K(1046528K), 0.0035763 secs]
83244.388: [GC (Allocation Failure)  366970K->9146K(1036288K), 0.0028262 secs]
83244.733: [GC (Allocation Failure)  356794K->9082K(1026560K), 0.0030572 secs]
83245.078: [GC (Allocation Failure)  347002K->9082K(1017344K), 0.0034370 secs]
83245.406: [GC (Allocation Failure)  337786K->9114K(1008640K), 0.0036150 secs]
83245.725: [GC (Allocation Failure)  329114K->9114K(999936K), 0.0033709 secs]
83246.035: [GC (Allocation Failure)  320410K->9050K(1062400K), 0.0046449 secs]
83246.408: [GC (Allocation Failure)  382810K->9050K(1137152K), 0.0040694 secs]
83246.853: [GC (Allocation Failure)  457562K->9082K(1123328K), 0.0032349 secs]
83247.315: [GC (Allocation Failure)  443770K->9082K(1110016K), 0.0035604 secs]
83247.763: [GC (Allocation Failure)  430458K->9114K(1097216K), 0.0034272 secs]
83248.196: [GC (Allocation Failure)  417690K->9050K(1084928K), 0.0036851 secs]
83248.593: [GC (Allocation Failure)  405338K->9082K(1073152K), 0.0035745 secs]
83248.978: [GC (Allocation Failure)  393594K->9050K(1061888K), 0.0031997 secs]
83249.365: [GC (Allocation Failure)  382298K->9050K(1051136K), 0.0038583 secs]
83249.739: [GC (Allocation Failure)  371546K->9114K(1040896K), 0.0044251 secs]
83250.294: [GC (Allocation Failure)  361370K->9114K(1031168K), 0.0040790 secs]
83250.661: [GC (Allocation Failure)  351642K->9082K(1021440K), 0.0032307 secs]
83251.023: [GC (Allocation Failure)  341882K->9082K(1012224K), 0.0035579 secs]
83251.371: [GC (Allocation Failure)  332666K->9114K(1003520K), 0.0036465 secs]
83251.730: [GC (Allocation Failure)  323994K->9082K(995328K), 0.0039322 secs]
83252.045: [GC (Allocation Failure)  315770K->9114K(987136K), 0.0030211 secs]
83252.343: [GC (Allocation Failure)  307610K->9082K(1047040K), 0.0036309 secs]
83252.859: [GC (Allocation Failure)  367482K->9050K(1036800K), 0.0029418 secs]
83253.231: [GC (Allocation Failure)  357210K->9082K(1027072K), 0.0033757 secs]
83253.685: [GC (Allocation Failure)  347514K->9018K(1017856K), 0.0041218 secs]
83254.008: [GC (Allocation Failure)  338234K->9082K(1083904K), 0.0043654 secs]
83254.403: [GC (Allocation Failure)  404346K->9114K(1072128K), 0.0032054 secs]
83254.776: [GC (Allocation Failure)  392602K->9082K(1148928K), 0.0066089 secs]
83255.269: [GC (Allocation Failure)  469370K->9082K(1241088K), 0.0037771 secs]
83255.949: [GC (Allocation Failure)  561530K->9050K(1222656K), 0.0030799 secs]
83256.485: [GC (Allocation Failure)  543066K->9114K(1204736K), 0.0032290 secs]
83257.042: [GC (Allocation Failure)  525210K->9050K(1187840K), 0.0037633 secs]
83257.535: [GC (Allocation Failure)  508250K->9050K(1171456K), 0.0040417 secs]
83258.019: [GC (Allocation Failure)  491866K->9050K(1156096K), 0.0034437 secs]
83258.514: [GC (Allocation Failure)  476506K->9050K(1141248K), 0.0036386 secs]
83259.173: [GC (Allocation Failure)  461658K->9082K(1126912K), 0.0028593 secs]
83259.600: [GC (Allocation Failure)  447354K->9114K(1113600K), 0.0033986 secs]
83260.030: [GC (Allocation Failure)  434074K->9082K(1100800K), 0.0043868 secs]
83260.437: [GC (Allocation Failure)  421242K->9082K(1088512K), 0.0031265 secs]
83260.882: [GC (Allocation Failure)  408954K->9114K(1076736K), 0.0041740 secs]
83261.299: [GC (Allocation Failure)  397210K->9114K(1065472K), 0.0026504 secs]
83261.816: [GC (Allocation Failure)  385946K->9082K(1054720K), 0.0030929 secs]
83262.204: [GC (Allocation Failure)  375162K->9146K(1044480K), 0.0028303 secs]
83262.550: [GC (Allocation Failure)  364986K->9082K(1034240K), 0.0042838 secs]
83262.912: [GC (Allocation Failure)  354682K->9082K(1024512K), 0.0024974 secs]
83263.238: [GC (Allocation Failure)  344954K->9082K(1015296K), 0.0031474 secs]
83263.662: [GC (Allocation Failure)  335738K->9082K(1006592K), 0.0040707 secs]
83264.143: [GC (Allocation Failure)  327034K->9050K(997888K), 0.0031594 secs]
83264.445: [GC (Allocation Failure)  318298K->9082K(989696K), 0.0038811 secs]
83264.739: [GC (Allocation Failure)  310138K->9114K(982016K), 0.0027622 secs]
83265.025: [GC (Allocation Failure)  302490K->9082K(974336K), 0.0035172 secs]
83265.303: [GC (Allocation Failure)  294778K->9114K(967168K), 0.0029264 secs]
83265.575: [GC (Allocation Failure)  287642K->9082K(1022976K), 0.0031000 secs]
83265.917: [GC (Allocation Failure)  343418K->9082K(1013760K), 0.0022847 secs]
83266.371: [GC (Allocation Failure)  334202K->9082K(1005056K), 0.0035904 secs]
83266.679: [GC (Allocation Failure)  325498K->9082K(996352K), 0.0029503 secs]
83267.054: [GC (Allocation Failure)  316794K->9082K(988160K), 0.0036954 secs]
83267.412: [GC (Allocation Failure)  308602K->9082K(980480K), 0.0035499 secs]
83267.698: [GC (Allocation Failure)  300922K->9082K(972800K), 0.0035624 secs]
83267.978: [GC (Allocation Failure)  293242K->9082K(1029632K), 0.0033125 secs]
83268.464: [GC (Allocation Failure)  350074K->9050K(1020416K), 0.0036168 secs]
83268.821: [GC (Allocation Failure)  340826K->9082K(1011200K), 0.0035976 secs]
83269.150: [GC (Allocation Failure)  331642K->9050K(1002496K), 0.0034682 secs]
83269.454: [GC (Allocation Failure)  322906K->9050K(1065472K), 0.0036143 secs]
83269.821: [GC (Allocation Failure)  385882K->9082K(1141248K), 0.0035988 secs]
83270.427: [GC (Allocation Failure)  461690K->9050K(1126912K), 0.0059312 secs]
83270.859: [GC (Allocation Failure)  447322K->9082K(1113600K), 0.0040481 secs]
83271.301: [GC (Allocation Failure)  434042K->9082K(1100800K), 0.0036358 secs]
83271.859: [GC (Allocation Failure)  421242K->9082K(1088512K), 0.0034578 secs]
83272.280: [GC (Allocation Failure)  408954K->9114K(1076736K), 0.0032132 secs]
83272.680: [GC (Allocation Failure)  397210K->9114K(1065472K), 0.0035853 secs]
83273.048: [GC (Allocation Failure)  385946K->9082K(1054720K), 0.0045817 secs]
83273.411: [GC (Allocation Failure)  375162K->9114K(1044480K), 0.0037177 secs]
83273.775: [GC (Allocation Failure)  364954K->9082K(1034240K), 0.0039861 secs]
83274.121: [GC (Allocation Failure)  354682K->9050K(1103360K), 0.0040457 secs]
83274.551: [GC (Allocation Failure)  423770K->9114K(1091072K), 0.0027679 secs]
83275.001: [GC (Allocation Failure)  411546K->9082K(1079296K), 0.0038246 secs]
83275.447: [GC (Allocation Failure)  399738K->9082K(1068032K), 0.0030029 secs]
83275.869: [GC (Allocation Failure)  388474K->9114K(1056768K), 0.0040294 secs]
83276.249: [GC (Allocation Failure)  377242K->9114K(1130496K), 0.0074983 secs]
83276.713: [GC (Allocation Failure)  450970K->9114K(1219072K), 0.0031548 secs]
83277.263: [GC (Allocation Failure)  539546K->9082K(1201664K), 0.0038979 secs]
83277.798: [GC (Allocation Failure)  522106K->9146K(1184768K), 0.0036409 secs]
83278.423: [GC (Allocation Failure)  505274K->9082K(1168896K), 0.0041595 secs]
83278.913: [GC (Allocation Failure)  489338K->9050K(1153536K), 0.0032481 secs]
83279.389: [GC (Allocation Failure)  473946K->9050K(1138688K), 0.0032843 secs]
83279.837: [GC (Allocation Failure)  459098K->9082K(1124864K), 0.0029317 secs]
83280.265: [GC (Allocation Failure)  445306K->9082K(1111552K), 0.0032708 secs]
83280.680: [GC (Allocation Failure)  431994K->9114K(1098752K), 0.0035007 secs]
83281.080: [GC (Allocation Failure)  419226K->9082K(1086464K), 0.0033968 secs]
83281.499: [GC (Allocation Failure)  406906K->9082K(1074688K), 0.0037720 secs]
83281.889: [GC (Allocation Failure)  395130K->9114K(1063424K), 0.0029103 secs]
83282.262: [GC (Allocation Failure)  383898K->9114K(1052672K), 0.0028514 secs]
83282.628: [GC (Allocation Failure)  373146K->9050K(1042432K), 0.0037528 secs]
83282.984: [GC (Allocation Failure)  362842K->9050K(1032704K), 0.0029499 secs]
83283.330: [GC (Allocation Failure)  353114K->9050K(1022976K), 0.0032589 secs]
83283.677: [GC (Allocation Failure)  343386K->9050K(1013760K), 0.0050911 secs]
83284.146: [GC (Allocation Failure)  334170K->9114K(1005056K), 0.0043287 secs]
83284.470: [GC (Allocation Failure)  325530K->9082K(1068544K), 0.0039365 secs]
83284.856: [GC (Allocation Failure)  388986K->9082K(1057280K), 0.0037578 secs]
83285.238: [GC (Allocation Failure)  377722K->9050K(1131008K), 0.0039724 secs]
83285.692: [GC (Allocation Failure)  451418K->9050K(1117184K), 0.0037391 secs]
83286.124: [GC (Allocation Failure)  437594K->9082K(1103872K), 0.0026996 secs]
83286.545: [GC (Allocation Failure)  424314K->9050K(1091072K), 0.0031951 secs]
83286.952: [GC (Allocation Failure)  411482K->9114K(1079296K), 0.0032789 secs]
83287.352: [GC (Allocation Failure)  399770K->9050K(1068032K), 0.0037018 secs]
83287.749: [GC (Allocation Failure)  388442K->9050K(1056768K), 0.0035761 secs]
83288.140: [GC (Allocation Failure)  377178K->9082K(1046016K), 0.0038972 secs]
83288.515: [GC (Allocation Failure)  366458K->9114K(1035776K), 0.0041280 secs]
83288.882: [GC (Allocation Failure)  356250K->9050K(1026048K), 0.0039554 secs]
83289.223: [GC (Allocation Failure)  346458K->9050K(1016832K), 0.0037682 secs]
83289.579: [GC (Allocation Failure)  337242K->9082K(1082880K), 0.0039946 secs]
83289.980: [GC (Allocation Failure)  403322K->9082K(1161728K), 0.0043461 secs]
83290.459: [GC (Allocation Failure)  482170K->9114K(1146880K), 0.0042496 secs]
83290.923: [GC (Allocation Failure)  467354K->9082K(1132544K), 0.0036254 secs]
83291.367: [GC (Allocation Failure)  452986K->9082K(1118720K), 0.0042157 secs]
83291.802: [GC (Allocation Failure)  439162K->9050K(1105408K), 0.0037988 secs]
83292.223: [GC (Allocation Failure)  425818K->9082K(1092608K), 0.0038702 secs]
83292.632: [GC (Allocation Failure)  413050K->9114K(1080320K), 0.0032083 secs]
83293.187: [GC (Allocation Failure)  400794K->9050K(1068544K), 0.0035540 secs]
83293.558: [GC (Allocation Failure)  388954K->9050K(1057280K), 0.0043999 secs]
83293.919: [GC (Allocation Failure)  377690K->9082K(1046528K), 0.0039245 secs]
83294.267: [GC (Allocation Failure)  366970K->9082K(1036288K), 0.0035768 secs]
83294.625: [GC (Allocation Failure)  356730K->9082K(1026560K), 0.0039324 secs]
83294.953: [GC (Allocation Failure)  347002K->9082K(1094144K), 0.0035589 secs]
83295.348: [GC (Allocation Failure)  414586K->9082K(1081856K), 0.0033399 secs]
83295.734: [GC (Allocation Failure)  402298K->9082K(1070080K), 0.0039191 secs]
83296.325: [GC (Allocation Failure)  390522K->9082K(1058816K), 0.0041028 secs]
83296.696: [GC (Allocation Failure)  379258K->9082K(1048064K), 0.0039208 secs]
83297.057: [GC (Allocation Failure)  368506K->9082K(1037824K), 0.0040962 secs]
83297.449: [GC (Allocation Failure)  358266K->9082K(1028096K), 0.0041607 secs]
83297.812: [GC (Allocation Failure)  348538K->9050K(1096192K), 0.0045043 secs]
83298.223: [GC (Allocation Failure)  416602K->9082K(1083904K), 0.0036335 secs]
83298.611: [GC (Allocation Failure)  404346K->9114K(1072128K), 0.0031352 secs]
83298.985: [GC (Allocation Failure)  392602K->9082K(1148928K), 0.0050696 secs]
83299.458: [GC (Allocation Failure)  469370K->9114K(1134592K), 0.0033203 secs]
83300.055: [GC (Allocation Failure)  455066K->9082K(1120768K), 0.0031649 secs]
83300.503: [GC (Allocation Failure)  441210K->9050K(1107456K), 0.0036766 secs]
83300.959: [GC (Allocation Failure)  427866K->9082K(1094656K), 0.0029665 secs]
83301.378: [GC (Allocation Failure)  415098K->9082K(1082368K), 0.0033369 secs]
83301.768: [GC (Allocation Failure)  402810K->9082K(1070592K), 0.0051273 secs]
83302.152: [GC (Allocation Failure)  391034K->9082K(1059328K), 0.0037637 secs]
83302.554: [GC (Allocation Failure)  379770K->9082K(1048576K), 0.0035660 secs]
83302.909: [GC (Allocation Failure)  369018K->9050K(1038336K), 0.0033860 secs]
83303.259: [GC (Allocation Failure)  358746K->9050K(1028608K), 0.0046251 secs]
83303.612: [GC (Allocation Failure)  349018K->9050K(1096704K), 0.0037383 secs]
83304.027: [GC (Allocation Failure)  417114K->9114K(1084416K), 0.0035536 secs]
83304.427: [GC (Allocation Failure)  404890K->9082K(1072640K), 0.0032922 secs]
83304.806: [GC (Allocation Failure)  393082K->9082K(1061376K), 0.0041474 secs]
83305.186: [GC (Allocation Failure)  381818K->9050K(1136128K), 0.0058122 secs]
83305.848: [GC (Allocation Failure)  456538K->9082K(1122304K), 0.0035337 secs]
83306.302: [GC (Allocation Failure)  442746K->9050K(1108992K), 0.0040627 secs]
83306.725: [GC (Allocation Failure)  429402K->9114K(1096192K), 0.0039889 secs]
83307.133: [GC (Allocation Failure)  416666K->9082K(1083904K), 0.0033428 secs]
83307.536: [GC (Allocation Failure)  404346K->9114K(1072128K), 0.0034459 secs]
83307.917: [GC (Allocation Failure)  392602K->9082K(1060864K), 0.0029030 secs]
83308.312: [GC (Allocation Failure)  381306K->9050K(1050112K), 0.0029118 secs]
83308.684: [GC (Allocation Failure)  370522K->9082K(1039872K), 0.0036380 secs]
83309.047: [GC (Allocation Failure)  360314K->9114K(1030144K), 0.0030923 secs]
83309.393: [GC (Allocation Failure)  350618K->9050K(1020928K), 0.0034919 secs]
83309.719: [GC (Allocation Failure)  341338K->9050K(1011712K), 0.0039304 secs]
83310.036: [GC (Allocation Failure)  332122K->9082K(1003008K), 0.0035807 secs]
83310.367: [GC (Allocation Failure)  323450K->9082K(994816K), 0.0034689 secs]
83310.667: [GC (Allocation Failure)  315258K->9050K(1056256K), 0.0034448 secs]
83311.042: [GC (Allocation Failure)  376666K->9082K(1045504K), 0.0031992 secs]
83311.410: [GC (Allocation Failure)  365946K->9082K(1035264K), 0.0031415 secs]
83311.790: [GC (Allocation Failure)  355706K->9114K(1025536K), 0.0033970 secs]
83312.141: [GC (Allocation Failure)  346010K->9082K(1093120K), 0.0046028 secs]
83312.562: [GC (Allocation Failure)  413562K->9082K(1080832K), 0.0028653 secs]
83312.967: [GC (Allocation Failure)  401274K->9050K(1069056K), 0.0031564 secs]
83313.354: [GC (Allocation Failure)  389466K->9050K(1057792K), 0.0032629 secs]
83313.747: [GC (Allocation Failure)  378202K->9050K(1047040K), 0.0034345 secs]
83314.107: [GC (Allocation Failure)  367450K->9082K(1036800K), 0.0031431 secs]
83314.478: [GC (Allocation Failure)  357242K->9082K(1027072K), 0.0029927 secs]
83314.825: [GC (Allocation Failure)  347514K->9082K(1017856K), 0.0030946 secs]
83315.162: [GC (Allocation Failure)  338298K->9146K(1008640K), 0.0030925 secs]
83315.537: [GC (Allocation Failure)  329146K->9082K(999936K), 0.0036101 secs]
83315.866: [GC (Allocation Failure)  320378K->9146K(991744K), 0.0034396 secs]
83316.174: [GC (Allocation Failure)  312250K->9050K(984064K), 0.0034607 secs]
83316.488: [GC (Allocation Failure)  304474K->9082K(976384K), 0.0035659 secs]
83316.799: [GC (Allocation Failure)  296826K->9082K(969216K), 0.0033533 secs]
83317.095: [GC (Allocation Failure)  289658K->9050K(1025536K), 0.0035875 secs]
83317.601: [GC (Allocation Failure)  345946K->9050K(1016320K), 0.0030216 secs]
83317.960: [GC (Allocation Failure)  336730K->9050K(1007616K), 0.0032636 secs]
83318.281: [GC (Allocation Failure)  328026K->9114K(998912K), 0.0034329 secs]
83318.598: [GC (Allocation Failure)  319386K->9082K(990720K), 0.0035947 secs]
83318.909: [GC (Allocation Failure)  311162K->9050K(983040K), 0.0031586 secs]
83319.230: [GC (Allocation Failure)  303450K->9082K(1041920K), 0.0035834 secs]
83319.589: [GC (Allocation Failure)  362362K->9082K(1032192K), 0.0032312 secs]
83319.943: [GC (Allocation Failure)  352634K->9114K(1022464K), 0.0032841 secs]
83320.294: [GC (Allocation Failure)  342938K->9050K(1013248K), 0.0032985 secs]
83320.635: [GC (Allocation Failure)  333658K->9050K(1004544K), 0.0034293 secs]
83320.968: [GC (Allocation Failure)  324954K->9050K(996352K), 0.0031552 secs]
83321.268: [GC (Allocation Failure)  316762K->9050K(1058304K), 0.0108104 secs]
83321.635: [GC (Allocation Failure)  378714K->9082K(1132544K), 0.0018394 secs]
83322.200: [GC (Allocation Failure)  452986K->9082K(1221632K), 0.0029335 secs]
83322.742: [GC (Allocation Failure)  542074K->9050K(1328640K), 0.0038545 secs]
83323.389: [GC (Allocation Failure)  649050K->9082K(1306112K), 0.0032037 secs]
83324.024: [GC (Allocation Failure)  626554K->9114K(1284608K), 0.0034538 secs]
83324.684: [GC (Allocation Failure)  605082K->9082K(1264128K), 0.0033134 secs]
83325.290: [GC (Allocation Failure)  584570K->9082K(1244672K), 0.0036086 secs]
83325.837: [GC (Allocation Failure)  565114K->9050K(1225728K), 0.0031445 secs]
83326.365: [GC (Allocation Failure)  546138K->9082K(1207808K), 0.0029733 secs]
83326.890: [GC (Allocation Failure)  528250K->9082K(1190912K), 0.0029956 secs]
83327.398: [GC (Allocation Failure)  511354K->9082K(1174528K), 0.0036919 secs]
83327.905: [GC (Allocation Failure)  494970K->9050K(1159168K), 0.0035779 secs]
83328.409: [GC (Allocation Failure)  479578K->9050K(1144320K), 0.0037842 secs]
83328.891: [GC (Allocation Failure)  464730K->9050K(1129984K), 0.0033290 secs]
83329.347: [GC (Allocation Failure)  450394K->9082K(1116160K), 0.0031721 secs]
83329.772: [GC (Allocation Failure)  436602K->9050K(1102848K), 0.0031361 secs]
83330.184: [GC (Allocation Failure)  423258K->9082K(1090560K), 0.0035052 secs]
83330.584: [GC (Allocation Failure)  411002K->9114K(1078784K), 0.0028324 secs]
83330.986: [GC (Allocation Failure)  399258K->9082K(1067520K), 0.0033743 secs]
83331.553: [GC (Allocation Failure)  387962K->9082K(1056256K), 0.0028751 secs]
83331.927: [GC (Allocation Failure)  376698K->9146K(1045504K), 0.0021444 secs]
83332.341: [GC (Allocation Failure)  366010K->9082K(1035264K), 0.0033312 secs]
83332.721: [GC (Allocation Failure)  355706K->9050K(1025536K), 0.0032638 secs]
83333.072: [GC (Allocation Failure)  345946K->9082K(1016320K), 0.0040774 secs]
83333.402: [GC (Allocation Failure)  336762K->9114K(1007616K), 0.0033659 secs]
83333.726: [GC (Allocation Failure)  328090K->9082K(998912K), 0.0035821 secs]
83334.067: [GC (Allocation Failure)  319354K->9082K(990720K), 0.0033358 secs]
83334.394: [GC (Allocation Failure)  311162K->9082K(983040K), 0.0038660 secs]
83334.733: [GC (Allocation Failure)  303482K->9050K(1041920K), 0.0039744 secs]
83335.105: [GC (Allocation Failure)  362330K->9082K(1032192K), 0.0035748 secs]
83335.455: [GC (Allocation Failure)  352634K->9082K(1101312K), 0.0043543 secs]
83335.889: [GC (Allocation Failure)  421754K->9050K(1184256K), 0.0041797 secs]
83336.379: [GC (Allocation Failure)  504666K->9050K(1168384K), 0.0036198 secs]
83336.890: [GC (Allocation Failure)  488794K->9050K(1153024K), 0.0035609 secs]
83337.352: [GC (Allocation Failure)  473434K->9050K(1138176K), 0.0038952 secs]
83337.809: [GC (Allocation Failure)  458586K->9050K(1124352K), 0.0034701 secs]
83338.268: [GC (Allocation Failure)  444762K->9082K(1111040K), 0.0039138 secs]
83338.704: [GC (Allocation Failure)  431482K->9082K(1098240K), 0.0038560 secs]
83339.114: [GC (Allocation Failure)  418682K->9082K(1085952K), 0.0032924 secs]
83339.509: [GC (Allocation Failure)  406394K->9050K(1074176K), 0.0039870 secs]
83339.905: [GC (Allocation Failure)  394586K->9082K(1062912K), 0.0038952 secs]
83340.299: [GC (Allocation Failure)  383354K->9082K(1052160K), 0.0040784 secs]
83340.699: [GC (Allocation Failure)  372602K->9114K(1041920K), 0.0031308 secs]
83341.088: [GC (Allocation Failure)  362394K->9082K(1032192K), 0.0035669 secs]
83341.455: [GC (Allocation Failure)  352634K->9082K(1022464K), 0.0036540 secs]
83341.933: [GC (Allocation Failure)  342906K->9082K(1013248K), 0.0036509 secs]
83342.272: [GC (Allocation Failure)  333690K->9082K(1004544K), 0.0037850 secs]
83342.604: [GC (Allocation Failure)  324986K->9050K(996352K), 0.0036594 secs]
83342.926: [GC (Allocation Failure)  316762K->9082K(1058304K), 0.0042733 secs]
83343.315: [GC (Allocation Failure)  378746K->9114K(1047552K), 0.0032476 secs]
83343.720: [GC (Allocation Failure)  368026K->9114K(1037312K), 0.0035421 secs]
83344.125: [GC (Allocation Failure)  357786K->9050K(1027584K), 0.0035730 secs]
83344.484: [GC (Allocation Failure)  347994K->9082K(1018368K), 0.0041140 secs]
83344.830: [GC (Allocation Failure)  338810K->9082K(1084416K), 0.0043072 secs]
83345.239: [GC (Allocation Failure)  404858K->9082K(1072640K), 0.0035976 secs]
83345.637: [GC (Allocation Failure)  393082K->9114K(1061376K), 0.0032627 secs]
83346.024: [GC (Allocation Failure)  381850K->9114K(1050624K), 0.0037913 secs]
83346.430: [GC (Allocation Failure)  371098K->9082K(1040384K), 0.0046724 secs]
83346.814: [GC (Allocation Failure)  360826K->9082K(1111040K), 0.0044845 secs]
83347.257: [GC (Allocation Failure)  431482K->9082K(1098240K), 0.0039573 secs]
83347.688: [GC (Allocation Failure)  418682K->9082K(1085952K), 0.0043642 secs]
83348.099: [GC (Allocation Failure)  406394K->9050K(1165824K), 0.0045345 secs]
83348.598: [GC (Allocation Failure)  486234K->9082K(1150464K), 0.0035222 secs]
83349.071: [GC (Allocation Failure)  470906K->9114K(1136128K), 0.0038465 secs]
83349.548: [GC (Allocation Failure)  456602K->9146K(1122304K), 0.0034849 secs]
83350.037: [GC (Allocation Failure)  442810K->9082K(1108992K), 0.0037028 secs]
83350.502: [GC (Allocation Failure)  429434K->9050K(1096192K), 0.0045365 secs]
83350.953: [GC (Allocation Failure)  416602K->9082K(1083904K), 0.0037759 secs]
83351.360: [GC (Allocation Failure)  404346K->9082K(1072128K), 0.0047531 secs]
83351.761: [GC (Allocation Failure)  392570K->9082K(1060864K), 0.0038132 secs]
83352.157: [GC (Allocation Failure)  381306K->9050K(1050112K), 0.0038206 secs]
83352.756: [GC (Allocation Failure)  370522K->9114K(1039872K), 0.0041603 secs]
83353.115: [GC (Allocation Failure)  360346K->9114K(1030144K), 0.0038898 secs]
83353.460: [GC (Allocation Failure)  350618K->9082K(1020928K), 0.0033931 secs]
83353.801: [GC (Allocation Failure)  341370K->9018K(1011712K), 0.0039856 secs]
83354.178: [GC (Allocation Failure)  332090K->9082K(1003008K), 0.0038324 secs]
83354.536: [GC (Allocation Failure)  323450K->9082K(994816K), 0.0036622 secs]
83354.871: [GC (Allocation Failure)  315258K->9050K(1056256K), 0.0039896 secs]
83355.254: [GC (Allocation Failure)  376666K->9082K(1129984K), 0.0038240 secs]
83355.707: [GC (Allocation Failure)  450426K->9114K(1116160K), 0.0033576 secs]
83356.142: [GC (Allocation Failure)  436634K->9082K(1102848K), 0.0042807 secs]
83356.582: [GC (Allocation Failure)  423290K->9082K(1090560K), 0.0042672 secs]
83357.041: [GC (Allocation Failure)  411002K->9082K(1078784K), 0.0033268 secs]
83357.447: [GC (Allocation Failure)  399226K->9082K(1067520K), 0.0038084 secs]
83357.840: [GC (Allocation Failure)  387962K->9082K(1056256K), 0.0032850 secs]
83358.221: [GC (Allocation Failure)  376698K->9082K(1045504K), 0.0038035 secs]
83358.599: [GC (Allocation Failure)  365946K->9114K(1035264K), 0.0040783 secs]
83358.983: [GC (Allocation Failure)  355738K->9082K(1025536K), 0.0029517 secs]
83359.354: [GC (Allocation Failure)  345978K->9050K(1016320K), 0.0034229 secs]
83359.726: [GC (Allocation Failure)  336730K->9082K(1007616K), 0.0038948 secs]
83360.074: [GC (Allocation Failure)  328058K->9050K(998912K), 0.0041339 secs]
83360.444: [GC (Allocation Failure)  319322K->9082K(990720K), 0.0033390 secs]
83360.795: [GC (Allocation Failure)  311162K->9114K(983040K), 0.0029474 secs]
83361.141: [GC (Allocation Failure)  303514K->9082K(975360K), 0.0038318 secs]
83361.454: [GC (Allocation Failure)  295802K->9114K(968192K), 0.0035116 secs]
83361.752: [GC (Allocation Failure)  288666K->9018K(1024512K), 0.0036795 secs]
83362.107: [GC (Allocation Failure)  344890K->9082K(1092096K), 0.0035216 secs]
83362.534: [GC (Allocation Failure)  412538K->9114K(1079808K), 0.0037860 secs]
83362.954: [GC (Allocation Failure)  400282K->9082K(1068032K), 0.0037197 secs]
83363.344: [GC (Allocation Failure)  388474K->9082K(1056768K), 0.0037210 secs]
83363.736: [GC (Allocation Failure)  377210K->9082K(1046016K), 0.0035527 secs]
83364.108: [GC (Allocation Failure)  366458K->9050K(1035776K), 0.0037903 secs]
83364.496: [GC (Allocation Failure)  356186K->9114K(1026048K), 0.0043401 secs]
83364.862: [GC (Allocation Failure)  346522K->9050K(1093632K), 0.0045905 secs]
83365.283: [GC (Allocation Failure)  414042K->9082K(1081344K), 0.0036764 secs]
83365.690: [GC (Allocation Failure)  401786K->9082K(1069568K), 0.0040137 secs]
83366.081: [GC (Allocation Failure)  390010K->9082K(1145856K), 0.0043945 secs]
83366.550: [GC (Allocation Failure)  466298K->9018K(1131520K), 0.0044607 secs]
83367.036: [GC (Allocation Failure)  451898K->9082K(1117696K), 0.0036682 secs]
83367.506: [GC (Allocation Failure)  438138K->9082K(1104384K), 0.0038928 secs]
83367.943: [GC (Allocation Failure)  424826K->9050K(1091584K), 0.0044475 secs]
83368.359: [GC (Allocation Failure)  411994K->9082K(1079808K), 0.0035526 secs]
83368.755: [GC (Allocation Failure)  400250K->9082K(1068032K), 0.0039984 secs]
83369.151: [GC (Allocation Failure)  388474K->9082K(1056768K), 0.0039778 secs]
83369.561: [GC (Allocation Failure)  377210K->9114K(1046016K), 0.0034100 secs]
83369.939: [GC (Allocation Failure)  366490K->9082K(1035776K), 0.0032494 secs]
83370.298: [GC (Allocation Failure)  356218K->9082K(1026048K), 0.0037078 secs]
83370.658: [GC (Allocation Failure)  346490K->9114K(1016832K), 0.0036102 secs]
83370.992: [GC (Allocation Failure)  337306K->9050K(1008128K), 0.0032372 secs]
83371.333: [GC (Allocation Failure)  328538K->9082K(999424K), 0.0034093 secs]
83371.663: [GC (Allocation Failure)  319866K->9082K(991232K), 0.0036918 secs]
83371.980: [GC (Allocation Failure)  311674K->9082K(1052160K), 0.0036295 secs]
83372.363: [GC (Allocation Failure)  372602K->9082K(1124864K), 0.0040755 secs]
83372.821: [GC (Allocation Failure)  445306K->9082K(1111552K), 0.0037806 secs]
83373.281: [GC (Allocation Failure)  431994K->9050K(1098752K), 0.0037979 secs]
83373.919: [GC (Allocation Failure)  419162K->9082K(1086464K), 0.0037212 secs]
83374.323: [GC (Allocation Failure)  406906K->9050K(1074688K), 0.0035729 secs]
83374.738: [GC (Allocation Failure)  395098K->9082K(1063424K), 0.0054204 secs]
83375.135: [GC (Allocation Failure)  383866K->9050K(1052672K), 0.0036948 secs]
83375.508: [GC (Allocation Failure)  373082K->9082K(1042432K), 0.0042215 secs]
83375.875: [GC (Allocation Failure)  362874K->9114K(1032704K), 0.0039256 secs]
83376.227: [GC (Allocation Failure)  353178K->9050K(1022976K), 0.0033106 secs]
83376.599: [GC (Allocation Failure)  343386K->9082K(1013760K), 0.0034742 secs]
83376.973: [GC (Allocation Failure)  334202K->9082K(1005056K), 0.0034480 secs]
83377.318: [GC (Allocation Failure)  325498K->9082K(996352K), 0.0038690 secs]
83377.653: [GC (Allocation Failure)  316794K->9050K(1058304K), 0.0038711 secs]
83378.042: [GC (Allocation Failure)  378714K->9082K(1132544K), 0.0057766 secs]
83378.510: [GC (Allocation Failure)  452986K->9050K(1221632K), 0.0039128 secs]
83379.087: [GC (Allocation Failure)  542042K->9050K(1203712K), 0.0038797 secs]
83379.608: [GC (Allocation Failure)  524122K->9018K(1186816K), 0.0028206 secs]
83380.117: [GC (Allocation Failure)  507194K->9050K(1170432K), 0.0034659 secs]
83380.621: [GC (Allocation Failure)  490842K->9082K(1155072K), 0.0037003 secs]
83381.108: [GC (Allocation Failure)  475514K->9082K(1140224K), 0.0037561 secs]
83381.573: [GC (Allocation Failure)  460666K->9050K(1125888K), 0.0037351 secs]
83382.010: [GC (Allocation Failure)  446298K->9082K(1112576K), 0.0033076 secs]
83382.468: [GC (Allocation Failure)  433018K->9082K(1099776K), 0.0032049 secs]
83382.919: [GC (Allocation Failure)  420218K->9050K(1087488K), 0.0032155 secs]
83383.359: [GC (Allocation Failure)  407898K->9082K(1075712K), 0.0034022 secs]
83383.780: [GC (Allocation Failure)  396154K->9050K(1064448K), 0.0921317 secs]
83384.253: [GC (Allocation Failure)  384858K->9082K(1053696K), 0.0029907 secs]
83384.618: [GC (Allocation Failure)  374138K->9050K(1043456K), 0.0036643 secs]
83384.982: [GC (Allocation Failure)  363866K->9114K(1033216K), 0.0029128 secs]
83385.341: [GC (Allocation Failure)  353690K->9050K(1023488K), 0.0030473 secs]
83385.683: [GC (Allocation Failure)  343898K->9082K(1014272K), 0.0030744 secs]
83386.033: [GC (Allocation Failure)  334714K->9050K(1079808K), 0.0059425 secs]
83386.480: [GC (Allocation Failure)  400218K->9082K(1068032K), 0.0036427 secs]
83386.890: [GC (Allocation Failure)  388474K->9050K(1056768K), 0.0033562 secs]
83387.274: [GC (Allocation Failure)  377178K->9082K(1046016K), 0.0032034 secs]
83387.646: [GC (Allocation Failure)  366458K->9018K(1035776K), 0.0033002 secs]
83388.016: [GC (Allocation Failure)  356154K->9114K(1026048K), 0.0029641 secs]
83388.385: [GC (Allocation Failure)  346522K->9082K(1016832K), 0.0048197 secs]
83388.763: [GC (Allocation Failure)  337274K->9050K(1008128K), 0.0038187 secs]
83389.093: [GC (Allocation Failure)  328538K->9050K(1072128K), 0.0040020 secs]
83389.488: [GC (Allocation Failure)  392538K->9114K(1148928K), 0.0043021 secs]
83389.981: [GC (Allocation Failure)  469402K->9082K(1134592K), 0.0037691 secs]
83390.437: [GC (Allocation Failure)  455034K->9050K(1120768K), 0.0040509 secs]
83390.881: [GC (Allocation Failure)  441178K->9082K(1107456K), 0.0035967 secs]
83391.337: [GC (Allocation Failure)  427898K->9050K(1094656K), 0.0033658 secs]
83391.773: [GC (Allocation Failure)  415066K->9018K(1082368K), 0.0031366 secs]
83392.199: [GC (Allocation Failure)  402746K->9082K(1070592K), 0.0035973 secs]
83392.586: [GC (Allocation Failure)  391034K->9050K(1059328K), 0.0036864 secs]
83392.968: [GC (Allocation Failure)  379738K->9114K(1048576K), 0.0029037 secs]
83393.337: [GC (Allocation Failure)  369050K->9082K(1038336K), 0.0036412 secs]
83393.701: [GC (Allocation Failure)  358778K->9050K(1028608K), 0.0043294 secs]
83394.056: [GC (Allocation Failure)  349018K->9146K(1019392K), 0.0038795 secs]
83394.414: [GC (Allocation Failure)  339898K->9082K(1010176K), 0.0037258 secs]
83394.920: [GC (Allocation Failure)  330618K->9082K(1074688K), 0.0093701 secs]
83395.323: [GC (Allocation Failure)  395130K->9114K(1152000K), 0.0042114 secs]
83395.817: [GC (Allocation Failure)  472474K->9146K(1137152K), 0.0028107 secs]
83396.269: [GC (Allocation Failure)  457658K->9146K(1123328K), 0.0026525 secs]
83396.722: [GC (Allocation Failure)  443834K->9114K(1110016K), 0.0036782 secs]
83397.191: [GC (Allocation Failure)  430490K->9114K(1097216K), 0.0028725 secs]
83397.637: [GC (Allocation Failure)  417690K->9050K(1084928K), 0.0036258 secs]
83398.070: [GC (Allocation Failure)  405338K->9082K(1073152K), 0.0035107 secs]
83398.500: [GC (Allocation Failure)  393594K->9146K(1061888K), 0.0029628 secs]
83398.887: [GC (Allocation Failure)  382394K->9082K(1051136K), 0.0034143 secs]
83399.262: [GC (Allocation Failure)  371578K->9114K(1040896K), 0.0033998 secs]
83399.627: [GC (Allocation Failure)  361370K->9050K(1031168K), 0.0038859 secs]
83399.980: [GC (Allocation Failure)  351578K->9050K(1021440K), 0.0033527 secs]
83400.319: [GC (Allocation Failure)  341850K->9050K(1012224K), 0.0034712 secs]
83400.654: [GC (Allocation Failure)  332634K->9114K(1003520K), 0.0040763 secs]
83400.981: [GC (Allocation Failure)  323994K->9082K(995328K), 0.0030228 secs]
83401.311: [GC (Allocation Failure)  315770K->9082K(987136K), 0.0037412 secs]
83401.634: [GC (Allocation Failure)  307578K->9082K(1047040K), 0.0034409 secs]
83402.019: [GC (Allocation Failure)  367482K->9082K(1118720K), 0.0049161 secs]
83402.487: [GC (Allocation Failure)  439162K->9082K(1204736K), 0.0048578 secs]
83403.183: [GC (Allocation Failure)  525178K->9082K(1187840K), 0.0032808 secs]
83403.714: [GC (Allocation Failure)  508282K->9050K(1171456K), 0.0029870 secs]
83404.214: [GC (Allocation Failure)  491866K->9082K(1156096K), 0.0026787 secs]
83404.693: [GC (Allocation Failure)  476538K->9082K(1141248K), 0.0031832 secs]
83405.179: [GC (Allocation Failure)  461690K->9050K(1126912K), 0.0030973 secs]
83405.648: [GC (Allocation Failure)  447322K->9114K(1113600K), 0.0027512 secs]
83406.086: [GC (Allocation Failure)  434074K->9114K(1100800K), 0.0030290 secs]
83406.510: [GC (Allocation Failure)  421274K->9082K(1088512K), 0.0032810 secs]
83406.921: [GC (Allocation Failure)  408954K->9082K(1076736K), 0.0032593 secs]
83407.320: [GC (Allocation Failure)  397178K->9082K(1065472K), 0.0035070 secs]
83407.708: [GC (Allocation Failure)  385914K->9082K(1054720K), 0.0035824 secs]
83408.080: [GC (Allocation Failure)  375162K->9082K(1044480K), 0.0033850 secs]
83408.443: [GC (Allocation Failure)  364922K->9050K(1034240K), 0.0030658 secs]
83408.796: [GC (Allocation Failure)  354650K->9082K(1024512K), 0.0036803 secs]
83409.142: [GC (Allocation Failure)  344954K->9114K(1015296K), 0.0036542 secs]
83409.476: [GC (Allocation Failure)  335770K->9114K(1006592K), 0.0041085 secs]
83409.802: [GC (Allocation Failure)  327066K->9114K(997888K), 0.0033165 secs]
83410.116: [GC (Allocation Failure)  318362K->9082K(989696K), 0.0034921 secs]
83410.417: [GC (Allocation Failure)  310138K->9082K(1050112K), 0.0033754 secs]
83410.786: [GC (Allocation Failure)  370554K->9082K(1039872K), 0.0032315 secs]
83411.148: [GC (Allocation Failure)  360314K->9050K(1110528K), 0.0078583 secs]
83411.588: [GC (Allocation Failure)  430938K->9114K(1195008K), 0.0034875 secs]
83412.104: [GC (Allocation Failure)  515482K->9082K(1296384K), 0.0074607 secs]
83412.728: [GC (Allocation Failure)  616826K->9114K(1418240K), 0.0037671 secs]
83413.465: [GC (Allocation Failure)  738714K->9114K(1391616K), 0.0034295 secs]
83414.183: [GC (Allocation Failure)  712090K->9114K(1366016K), 0.0038616 secs]
83414.876: [GC (Allocation Failure)  686490K->9050K(1341952K), 0.0037339 secs]
83415.716: [GC (Allocation Failure)  662362K->9050K(1318912K), 0.0042398 secs]
83416.486: [GC (Allocation Failure)  639322K->9050K(1296896K), 0.0043022 secs]
83417.108: [GC (Allocation Failure)  617306K->9082K(1275904K), 0.0036682 secs]
83417.864: [GC (Allocation Failure)  596346K->9114K(1255936K), 0.0040877 secs]
83418.429: [GC (Allocation Failure)  576410K->9018K(1236480K), 0.0036496 secs]
83418.975: [GC (Allocation Failure)  556858K->9114K(1218048K), 0.0032644 secs]
83419.505: [GC (Allocation Failure)  538522K->9050K(1200640K), 0.0034950 secs]
83420.065: [GC (Allocation Failure)  521050K->9050K(1183744K), 0.0036836 secs]
83420.588: [GC (Allocation Failure)  504154K->9050K(1167872K), 0.0034014 secs]
83421.237: [GC (Allocation Failure)  488282K->9082K(1152512K), 0.0028601 secs]
83421.712: [GC (Allocation Failure)  472954K->9114K(1137664K), 0.0032113 secs]
83422.192: [GC (Allocation Failure)  458138K->9082K(1123840K), 0.0061485 secs]
83422.632: [GC (Allocation Failure)  444282K->9050K(1110528K), 0.0065675 secs]
83423.067: [GC (Allocation Failure)  430938K->9146K(1097728K), 0.0032271 secs]
83423.623: [GC (Allocation Failure)  418234K->9114K(1085440K), 0.0032831 secs]
83424.029: [GC (Allocation Failure)  405914K->9114K(1073664K), 0.0030072 secs]
83424.456: [GC (Allocation Failure)  394138K->9082K(1062400K), 0.0035895 secs]
83424.860: [GC (Allocation Failure)  382842K->9082K(1051648K), 0.0025659 secs]
83425.249: [GC (Allocation Failure)  372090K->9082K(1041408K), 0.0032017 secs]
83425.683: [GC (Allocation Failure)  361850K->9082K(1031680K), 0.0034924 secs]
83426.042: [GC (Allocation Failure)  352122K->9114K(1021952K), 0.0033160 secs]
83426.409: [GC (Allocation Failure)  342426K->9050K(1012736K), 0.0035668 secs]
83426.733: [GC (Allocation Failure)  333146K->9082K(1004032K), 0.0029920 secs]
83427.050: [GC (Allocation Failure)  324474K->9114K(995840K), 0.0034768 secs]
83427.357: [GC (Allocation Failure)  316314K->9050K(987648K), 0.0033104 secs]
83427.666: [GC (Allocation Failure)  308058K->9050K(979968K), 0.0034622 secs]
83427.971: [GC (Allocation Failure)  300378K->9114K(1038336K), 0.0035904 secs]
83428.332: [GC (Allocation Failure)  358810K->9114K(1108480K), 0.0041071 secs]
83428.922: [GC (Allocation Failure)  428954K->9082K(1095680K), 0.0031712 secs]
83429.330: [GC (Allocation Failure)  416122K->9082K(1083392K), 0.0043087 secs]
83429.741: [GC (Allocation Failure)  403834K->9050K(1071616K), 0.0031173 secs]
83430.165: [GC (Allocation Failure)  392026K->9082K(1060352K), 0.0037995 secs]
83430.566: [GC (Allocation Failure)  380794K->9082K(1049600K), 0.0033996 secs]
83430.932: [GC (Allocation Failure)  370042K->9050K(1039360K), 0.0030022 secs]
83431.283: [GC (Allocation Failure)  359770K->9082K(1029632K), 0.0037939 secs]
83431.633: [GC (Allocation Failure)  350074K->9114K(1020416K), 0.0026374 secs]
83431.975: [GC (Allocation Failure)  340890K->9050K(1011200K), 0.0038350 secs]
83432.426: [GC (Allocation Failure)  331610K->9050K(1002496K), 0.0034419 secs]
83432.751: [GC (Allocation Failure)  322906K->9082K(994304K), 0.0039820 secs]
83433.058: [GC (Allocation Failure)  314746K->9082K(986112K), 0.0036159 secs]
83433.363: [GC (Allocation Failure)  306554K->9050K(1046016K), 0.0035805 secs]
83433.731: [GC (Allocation Failure)  366426K->9082K(1035776K), 0.0032524 secs]
83434.080: [GC (Allocation Failure)  356218K->9082K(1026048K), 0.0037217 secs]
83434.436: [GC (Allocation Failure)  346490K->9050K(1093632K), 0.0038314 secs]
83434.849: [GC (Allocation Failure)  414042K->9082K(1081344K), 0.0030980 secs]
83435.249: [GC (Allocation Failure)  401786K->9082K(1069568K), 0.0197419 secs]
83435.643: [GC (Allocation Failure)  390010K->9114K(1058304K), 0.0035686 secs]
83436.036: [GC (Allocation Failure)  378778K->9082K(1047552K), 0.0029145 secs]
83436.388: [GC (Allocation Failure)  367994K->9050K(1037312K), 0.0033204 secs]
83436.753: [GC (Allocation Failure)  357722K->9082K(1027584K), 0.0038883 secs]
83437.113: [GC (Allocation Failure)  348026K->9114K(1018368K), 0.0035882 secs]
83437.605: [GC (Allocation Failure)  338842K->9082K(1009152K), 0.0035435 secs]
83438.112: [GC (Allocation Failure)  329594K->9082K(1000448K), 0.0036678 secs]
83438.473: [GC (Allocation Failure)  320890K->9114K(992256K), 0.0040545 secs]
83438.795: [GC (Allocation Failure)  312730K->9082K(984064K), 0.0032197 secs]
83439.094: [GC (Allocation Failure)  304506K->9082K(976384K), 0.0035705 secs]
83439.408: [GC (Allocation Failure)  296826K->9050K(969216K), 0.0032403 secs]
83439.849: [GC (Allocation Failure)  289626K->9114K(962048K), 0.0031395 secs]
83440.129: [GC (Allocation Failure)  282522K->9082K(1016832K), 0.0039788 secs]
83440.472: [GC (Allocation Failure)  337274K->9082K(1008128K), 0.0031328 secs]
83440.793: [GC (Allocation Failure)  328570K->9082K(999424K), 0.0034695 secs]
83441.105: [GC (Allocation Failure)  319866K->9050K(991232K), 0.0030461 secs]
83441.409: [GC (Allocation Failure)  311642K->9050K(1052160K), 0.0033998 secs]
83441.799: [GC (Allocation Failure)  372570K->9114K(1041920K), 0.0029100 secs]
83442.334: [GC (Allocation Failure)  362394K->9082K(1032192K), 0.0040292 secs]
83442.701: [GC (Allocation Failure)  352634K->9082K(1022464K), 0.0038319 secs]
83443.189: [GC (Allocation Failure)  342906K->9050K(1013248K), 0.0036769 secs]
83443.514: [GC (Allocation Failure)  333658K->9050K(1004544K), 0.0031495 secs]
83443.829: [GC (Allocation Failure)  324954K->9082K(996352K), 0.0033380 secs]
83444.139: [GC (Allocation Failure)  316794K->9082K(988160K), 0.0037234 secs]
83444.438: [GC (Allocation Failure)  308602K->9050K(980480K), 0.0029921 secs]
83444.933: [GC (Allocation Failure)  300890K->9082K(972800K), 0.0036179 secs]
83445.254: [GC (Allocation Failure)  293242K->9082K(965632K), 0.0038986 secs]
83445.552: [GC (Allocation Failure)  286074K->9082K(1021440K), 0.0038018 secs]
83445.903: [GC (Allocation Failure)  341882K->9082K(1088000K), 0.0034333 secs]
83446.347: [GC (Allocation Failure)  408442K->9050K(1167872K), 0.0051870 secs]
83446.829: [GC (Allocation Failure)  488282K->9082K(1152512K), 0.0037068 secs]
83447.318: [GC (Allocation Failure)  472954K->9050K(1137664K), 0.0033583 secs]
83447.769: [GC (Allocation Failure)  458074K->9050K(1123840K), 0.0036266 secs]
83448.222: [GC (Allocation Failure)  444250K->9050K(1110528K), 0.0034498 secs]
83448.669: [GC (Allocation Failure)  430938K->9082K(1097728K), 0.0040355 secs]
83449.087: [GC (Allocation Failure)  418170K->9082K(1085440K), 0.0035568 secs]
83449.522: [GC (Allocation Failure)  405882K->9082K(1073664K), 0.0032946 secs]
83449.934: [GC (Allocation Failure)  394106K->9114K(1062400K), 0.0036576 secs]
83450.308: [GC (Allocation Failure)  382874K->9114K(1051648K), 0.0031668 secs]
83450.690: [GC (Allocation Failure)  372122K->9082K(1041408K), 0.0038548 secs]
83451.044: [GC (Allocation Failure)  361850K->9082K(1031680K), 0.0045907 secs]
83451.545: [GC (Allocation Failure)  352122K->9050K(1021952K), 0.0038839 secs]
83451.878: [GC (Allocation Failure)  342362K->9082K(1012736K), 0.0041875 secs]
83452.206: [GC (Allocation Failure)  333178K->9114K(1004032K), 0.0030498 secs]
83452.520: [GC (Allocation Failure)  324506K->9114K(1067520K), 0.0039628 secs]
83452.897: [GC (Allocation Failure)  387994K->9050K(1143296K), 0.0035077 secs]
83453.348: [GC (Allocation Failure)  463706K->9082K(1128960K), 0.0029503 secs]
83453.785: [GC (Allocation Failure)  449402K->9082K(1115136K), 0.0034276 secs]
83454.210: [GC (Allocation Failure)  435578K->9082K(1102336K), 0.0037806 secs]
83454.626: [GC (Allocation Failure)  422778K->9050K(1090048K), 0.0036484 secs]
83455.047: [GC (Allocation Failure)  410458K->9050K(1078272K), 0.0039449 secs]
83455.455: [GC (Allocation Failure)  398682K->9114K(1067008K), 0.0035363 secs]
83455.836: [GC (Allocation Failure)  387482K->9050K(1056256K), 0.0033882 secs]
83456.204: [GC (Allocation Failure)  376666K->9114K(1045504K), 0.0045797 secs]
83456.562: [GC (Allocation Failure)  365978K->9082K(1035264K), 0.0038188 secs]
83456.909: [GC (Allocation Failure)  355706K->9082K(1104896K), 0.0038448 secs]
83457.324: [GC (Allocation Failure)  425338K->9050K(1188352K), 0.0044143 secs]
83457.845: [GC (Allocation Failure)  508762K->9050K(1171968K), 0.0042721 secs]
83458.327: [GC (Allocation Failure)  492378K->9082K(1156608K), 0.0040472 secs]
83458.794: [GC (Allocation Failure)  477050K->9082K(1141760K), 0.0040356 secs]
83459.257: [GC (Allocation Failure)  462202K->9050K(1127424K), 0.0040667 secs]
83459.693: [GC (Allocation Failure)  447834K->9082K(1114112K), 0.0050167 secs]
83460.118: [GC (Allocation Failure)  434554K->9082K(1101312K), 0.0043061 secs]
83460.535: [GC (Allocation Failure)  421754K->9050K(1089024K), 0.0047479 secs]
83460.937: [GC (Allocation Failure)  409434K->9082K(1169408K), 0.0047600 secs]
83461.443: [GC (Allocation Failure)  489850K->9082K(1154048K), 0.0040707 secs]
83462.079: [GC (Allocation Failure)  474490K->9114K(1139200K), 0.0050342 secs]
83462.528: [GC (Allocation Failure)  459674K->9082K(1229312K), 0.0076855 secs]
83463.073: [GC (Allocation Failure)  549754K->9082K(1337856K), 0.0041783 secs]
83463.718: [GC (Allocation Failure)  658298K->9082K(1314816K), 0.0030104 secs]
83464.354: [GC (Allocation Failure)  635258K->9018K(1292800K), 0.0028565 secs]
83464.953: [GC (Allocation Failure)  613178K->9050K(1271808K), 0.0037528 secs]
83465.555: [GC (Allocation Failure)  592218K->9114K(1251840K), 0.0036559 secs]
83466.154: [GC (Allocation Failure)  572314K->9114K(1232896K), 0.0043258 secs]
83466.706: [GC (Allocation Failure)  553370K->9082K(1214464K), 0.0987625 secs]
83467.345: [GC (Allocation Failure)  534906K->9082K(1197056K), 0.0034974 secs]
83467.856: [GC (Allocation Failure)  517498K->9082K(1180672K), 0.0046504 secs]
83468.348: [GC (Allocation Failure)  501114K->9082K(1164800K), 0.0031927 secs]
83468.829: [GC (Allocation Failure)  485242K->9082K(1149440K), 0.0035880 secs]
83469.286: [GC (Allocation Failure)  469882K->9082K(1135104K), 0.0034549 secs]
83469.754: [GC (Allocation Failure)  455546K->9082K(1121280K), 0.0032739 secs]
83470.233: [GC (Allocation Failure)  441722K->9082K(1107968K), 0.0035870 secs]
83470.677: [GC (Allocation Failure)  428410K->9082K(1095168K), 0.0036455 secs]
83471.085: [GC (Allocation Failure)  415610K->9082K(1082880K), 0.0047846 secs]
83471.479: [GC (Allocation Failure)  403322K->9050K(1071104K), 0.0037689 secs]
83471.860: [GC (Allocation Failure)  391514K->9082K(1059840K), 0.0042859 secs]
83472.257: [GC (Allocation Failure)  380282K->9050K(1049088K), 0.0041724 secs]
83472.613: [GC (Allocation Failure)  369498K->9050K(1038848K), 0.0036024 secs]
83472.959: [GC (Allocation Failure)  359258K->9082K(1029120K), 0.0034696 secs]
83473.313: [GC (Allocation Failure)  349562K->9082K(1097216K), 0.0043272 secs]
83473.727: [GC (Allocation Failure)  417658K->9050K(1084928K), 0.0037101 secs]
83474.122: [GC (Allocation Failure)  405338K->9082K(1073152K), 0.0040438 secs]
83474.508: [GC (Allocation Failure)  393594K->9082K(1150464K), 0.0049100 secs]
83474.998: [GC (Allocation Failure)  470906K->9082K(1136128K), 0.0034767 secs]
83475.454: [GC (Allocation Failure)  456570K->9050K(1122304K), 0.0036682 secs]
83475.900: [GC (Allocation Failure)  442714K->9082K(1108992K), 0.0031702 secs]
83476.564: [GC (Allocation Failure)  429434K->9050K(1096192K), 0.0035583 secs]
83476.971: [GC (Allocation Failure)  416602K->9082K(1083904K), 0.0036603 secs]
83477.390: [GC (Allocation Failure)  404346K->9082K(1072128K), 0.0040499 secs]
83477.798: [GC (Allocation Failure)  392570K->9082K(1060864K), 0.0035062 secs]
83478.206: [GC (Allocation Failure)  381306K->9050K(1050112K), 0.0039053 secs]
83478.587: [GC (Allocation Failure)  370522K->9082K(1039872K), 0.0038609 secs]
83478.958: [GC (Allocation Failure)  360314K->9082K(1030144K), 0.0033459 secs]
83479.310: [GC (Allocation Failure)  350586K->9050K(1020928K), 0.0030696 secs]
83479.647: [GC (Allocation Failure)  341338K->9114K(1011712K), 0.0030473 secs]
83479.976: [GC (Allocation Failure)  332186K->9082K(1003008K), 0.0035354 secs]
83480.311: [GC (Allocation Failure)  323450K->9050K(994816K), 0.0039860 secs]
83480.638: [GC (Allocation Failure)  315226K->9082K(986624K), 0.0030776 secs]
83480.948: [GC (Allocation Failure)  307066K->9114K(978944K), 0.0031008 secs]
83481.237: [GC (Allocation Failure)  299418K->9082K(1037312K), 0.0037354 secs]
83481.592: [GC (Allocation Failure)  357754K->9114K(1107456K), 0.0044059 secs]
83482.035: [GC (Allocation Failure)  427930K->9114K(1191424K), 0.0036349 secs]
83482.582: [GC (Allocation Failure)  511898K->9050K(1175040K), 0.0037387 secs]
83483.113: [GC (Allocation Failure)  495450K->9082K(1159168K), 0.0036113 secs]
83483.624: [GC (Allocation Failure)  479610K->9114K(1144320K), 0.0034760 secs]
83484.092: [GC (Allocation Failure)  464794K->9082K(1129984K), 0.0034063 secs]
83484.543: [GC (Allocation Failure)  450426K->9146K(1116160K), 0.0028975 secs]
83484.978: [GC (Allocation Failure)  436666K->9018K(1102848K), 0.0028376 secs]
83485.626: [GC (Allocation Failure)  423226K->9082K(1090560K), 0.0034747 secs]
83486.041: [GC (Allocation Failure)  411002K->9050K(1078784K), 0.0035050 secs]
83486.439: [GC (Allocation Failure)  399194K->9050K(1067520K), 0.0030663 secs]
83486.816: [GC (Allocation Failure)  387930K->9058K(1056256K), 0.0028019 secs]
83487.355: [GC (Allocation Failure)  376674K->9122K(1045504K), 0.0350484 secs]
83487.755: [GC (Allocation Failure)  365986K->9090K(1035264K), 0.0028924 secs]
83488.107: [GC (Allocation Failure)  355714K->9090K(1104896K), 0.0086812 secs]
83488.544: [GC (Allocation Failure)  425346K->9090K(1092096K), 0.0021132 secs]
83489.131: [GC (Allocation Failure)  412546K->9090K(1079808K), 0.0029038 secs]
83489.516: [GC (Allocation Failure)  400258K->9058K(1068032K), 0.0031860 secs]
83489.891: [GC (Allocation Failure)  388450K->9090K(1056768K), 0.0032146 secs]
83490.270: [GC (Allocation Failure)  377218K->9058K(1046016K), 0.0039926 secs]
83490.654: [GC (Allocation Failure)  366434K->9058K(1035776K), 0.0036139 secs]
83490.995: [GC (Allocation Failure)  356194K->9090K(1026048K), 0.0036801 secs]
83491.327: [GC (Allocation Failure)  346498K->9058K(1016832K), 0.0030671 secs]
83491.650: [GC (Allocation Failure)  337250K->9058K(1008128K), 0.0041000 secs]
83491.964: [GC (Allocation Failure)  328546K->9090K(1072128K), 0.0038972 secs]
83492.343: [GC (Allocation Failure)  392578K->9058K(1148928K), 0.0042650 secs]
83492.803: [GC (Allocation Failure)  469346K->9090K(1241088K), 0.0043355 secs]
83493.564: [GC (Allocation Failure)  561538K->9090K(1222656K), 0.0031615 secs]
83494.100: [GC (Allocation Failure)  543106K->9058K(1204736K), 0.0031248 secs]
83494.640: [GC (Allocation Failure)  525154K->9154K(1187840K), 0.0032857 secs]
83495.144: [GC (Allocation Failure)  508354K->9090K(1171456K), 0.0036015 secs]
83495.621: [GC (Allocation Failure)  491906K->9090K(1156096K), 0.0030073 secs]
83496.106: [GC (Allocation Failure)  476546K->9058K(1141248K), 0.0035984 secs]
83496.555: [GC (Allocation Failure)  461666K->9090K(1126912K), 0.0034631 secs]
83497.152: [GC (Allocation Failure)  447362K->9090K(1113600K), 0.0036085 secs]
83497.646: [GC (Allocation Failure)  434050K->9122K(1100800K), 0.0033989 secs]
83498.057: [GC (Allocation Failure)  421282K->9090K(1088512K), 0.0028979 secs]
83498.455: [GC (Allocation Failure)  408962K->9058K(1076736K), 0.0033647 secs]
83498.859: [GC (Allocation Failure)  397154K->9090K(1065472K), 0.0036124 secs]
83499.268: [GC (Allocation Failure)  385922K->9090K(1054720K), 0.0030434 secs]
83499.841: [GC (Allocation Failure)  375170K->9058K(1044480K), 0.0037739 secs]
83500.236: [GC (Allocation Failure)  364898K->9122K(1034240K), 0.0034368 secs]
83500.629: [GC (Allocation Failure)  354722K->9122K(1024512K), 0.0028061 secs]
83500.967: [GC (Allocation Failure)  344994K->9090K(1015296K), 0.0033020 secs]
83501.294: [GC (Allocation Failure)  335746K->9090K(1006592K), 0.0030066 secs]
83501.651: [GC (Allocation Failure)  327042K->9090K(997888K), 0.0040119 secs]
83502.003: [GC (Allocation Failure)  318338K->9122K(989696K), 0.0037959 secs]
83502.343: [GC (Allocation Failure)  310178K->9058K(982016K), 0.0041263 secs]
83502.634: [GC (Allocation Failure)  302434K->9058K(1040896K), 0.0035066 secs]
83503.015: [GC (Allocation Failure)  361314K->9090K(1031168K), 0.0035835 secs]
83503.354: [GC (Allocation Failure)  351618K->9090K(1099776K), 0.0085495 secs]
83503.948: [GC (Allocation Failure)  420226K->9090K(1182208K), 0.0038949 secs]
83504.429: [GC (Allocation Failure)  502658K->9090K(1281024K), 0.0041015 secs]
83505.007: [GC (Allocation Failure)  601474K->9058K(1260544K), 0.0036726 secs]
83505.565: [GC (Allocation Failure)  580962K->9058K(1241088K), 0.0041724 secs]
83506.122: [GC (Allocation Failure)  561506K->9058K(1222656K), 0.0044832 secs]
83506.674: [GC (Allocation Failure)  543074K->9058K(1204736K), 0.0039049 secs]
83507.207: [GC (Allocation Failure)  525154K->9090K(1187840K), 0.0037992 secs]
83507.707: [GC (Allocation Failure)  508290K->9058K(1171456K), 0.0037712 secs]
83508.181: [GC (Allocation Failure)  491874K->9058K(1156096K), 0.0032622 secs]
83508.639: [GC (Allocation Failure)  476514K->9026K(1141248K), 0.0030336 secs]
83509.103: [GC (Allocation Failure)  461634K->9090K(1126912K), 0.0031576 secs]
83509.551: [GC (Allocation Failure)  447362K->9090K(1113600K), 0.0032524 secs]
83509.968: [GC (Allocation Failure)  434050K->9090K(1100800K), 0.0046305 secs]
83510.373: [GC (Allocation Failure)  421250K->9058K(1088512K), 0.0041422 secs]
83510.771: [GC (Allocation Failure)  408930K->9058K(1076736K), 0.0041898 secs]
83511.154: [GC (Allocation Failure)  397154K->9090K(1065472K), 0.0031417 secs]
83511.535: [GC (Allocation Failure)  385922K->9154K(1054720K), 0.0037916 secs]
83511.908: [GC (Allocation Failure)  375234K->9090K(1044480K), 0.0035686 secs]
83512.258: [GC (Allocation Failure)  364930K->9122K(1034240K), 0.0037999 secs]
83512.606: [GC (Allocation Failure)  354722K->9154K(1024512K), 0.0036709 secs]
83512.960: [GC (Allocation Failure)  345026K->9090K(1015296K), 0.0030478 secs]
83513.454: [GC (Allocation Failure)  335746K->9090K(1006592K), 0.0039040 secs]
83513.765: [GC (Allocation Failure)  327042K->9090K(997888K), 0.0032688 secs]
83514.094: [GC (Allocation Failure)  318338K->9090K(989696K), 0.0030013 secs]
83514.386: [GC (Allocation Failure)  310146K->9090K(982016K), 0.0031752 secs]
83514.671: [GC (Allocation Failure)  302466K->9090K(1040896K), 0.0036090 secs]
83515.030: [GC (Allocation Failure)  361346K->9090K(1111552K), 0.0040843 secs]
83515.468: [GC (Allocation Failure)  432002K->9058K(1098752K), 0.0031944 secs]
83515.897: [GC (Allocation Failure)  419170K->9122K(1086464K), 0.0047313 secs]
83516.307: [GC (Allocation Failure)  406946K->9058K(1074688K), 0.0040394 secs]
83516.684: [GC (Allocation Failure)  395106K->9090K(1063424K), 0.0034049 secs]
83517.047: [GC (Allocation Failure)  383874K->9090K(1138688K), 0.0044329 secs]
83517.492: [GC (Allocation Failure)  459138K->9154K(1124864K), 0.0029261 secs]
83517.942: [GC (Allocation Failure)  445378K->9090K(1111552K), 0.0035112 secs]
83518.365: [GC (Allocation Failure)  432002K->9090K(1098752K), 0.0050917 secs]
83518.786: [GC (Allocation Failure)  419202K->9090K(1086464K), 0.0038574 secs]
83519.199: [GC (Allocation Failure)  406914K->9090K(1074688K), 0.0039561 secs]
83519.574: [GC (Allocation Failure)  395138K->9058K(1063424K), 0.0037331 secs]
83519.939: [GC (Allocation Failure)  383842K->9090K(1052672K), 0.0037722 secs]
83520.292: [GC (Allocation Failure)  373122K->9090K(1042432K), 0.0034889 secs]
83520.635: [GC (Allocation Failure)  362882K->9122K(1032704K), 0.0037141 secs]
83520.999: [GC (Allocation Failure)  353186K->9090K(1022976K), 0.0027609 secs]
83521.323: [GC (Allocation Failure)  343426K->9090K(1013760K), 0.0032521 secs]
83521.665: [GC (Allocation Failure)  334210K->9090K(1005056K), 0.0028149 secs]
83521.990: [GC (Allocation Failure)  325506K->9090K(996352K), 0.0028315 secs]
83522.447: [GC (Allocation Failure)  316802K->9090K(988160K), 0.0034207 secs]
83522.746: [GC (Allocation Failure)  308610K->9122K(980480K), 0.0039043 secs]
83523.038: [GC (Allocation Failure)  300962K->9122K(972800K), 0.0033702 secs]
83523.346: [GC (Allocation Failure)  293282K->9090K(1029632K), 0.0039749 secs]
83523.737: [GC (Allocation Failure)  350082K->9090K(1098240K), 0.0037970 secs]
83524.205: [GC (Allocation Failure)  418690K->9058K(1180160K), 0.0054899 secs]
83524.859: [GC (Allocation Failure)  500578K->9058K(1164288K), 0.0043171 secs]
83525.341: [GC (Allocation Failure)  484706K->9122K(1148928K), 0.0032040 secs]
83525.813: [GC (Allocation Failure)  469410K->9090K(1134592K), 0.0036718 secs]
83526.255: [GC (Allocation Failure)  455042K->9122K(1120768K), 0.0035227 secs]
83526.692: [GC (Allocation Failure)  441250K->9058K(1107456K), 0.0034580 secs]
83527.108: [GC (Allocation Failure)  427874K->9090K(1094656K), 0.0032418 secs]
83527.523: [GC (Allocation Failure)  415106K->9058K(1082368K), 0.0034879 secs]
83527.922: [GC (Allocation Failure)  402786K->9090K(1070592K), 0.0032962 secs]
83528.312: [GC (Allocation Failure)  391042K->9090K(1059328K), 0.0038924 secs]
83528.691: [GC (Allocation Failure)  379778K->9090K(1048576K), 0.0034198 secs]
83529.060: [GC (Allocation Failure)  369026K->9058K(1038336K), 0.0036819 secs]
83529.420: [GC (Allocation Failure)  358754K->9122K(1028608K), 0.0031599 secs]
83530.014: [GC (Allocation Failure)  349090K->9090K(1019392K), 0.0034117 secs]
83530.344: [GC (Allocation Failure)  339842K->9090K(1010176K), 0.0029958 secs]
83530.669: [GC (Allocation Failure)  330626K->9090K(1001472K), 0.1136316 secs]
83531.100: [GC (Allocation Failure)  321922K->9122K(993280K), 0.0028163 secs]
83531.406: [GC (Allocation Failure)  313762K->9090K(985088K), 0.0032679 secs]
83531.708: [GC (Allocation Failure)  305538K->9090K(977408K), 0.0028489 secs]
83532.017: [GC (Allocation Failure)  297858K->9058K(970240K), 0.0036152 secs]
83532.316: [GC (Allocation Failure)  290658K->9090K(1026560K), 0.0038716 secs]
83532.676: [GC (Allocation Failure)  347010K->9090K(1094144K), 0.0042885 secs]
83533.103: [GC (Allocation Failure)  414594K->9090K(1081856K), 0.0037802 secs]
83533.494: [GC (Allocation Failure)  402306K->9090K(1070080K), 0.0027332 secs]
83533.875: [GC (Allocation Failure)  390530K->9058K(1058816K), 0.0033940 secs]
83534.249: [GC (Allocation Failure)  379234K->9122K(1048064K), 0.0032605 secs]
83534.615: [GC (Allocation Failure)  368546K->9058K(1037824K), 0.0027910 secs]
83535.024: [GC (Allocation Failure)  358242K->9058K(1028096K), 0.0037391 secs]
83535.364: [GC (Allocation Failure)  348514K->9058K(1018880K), 0.0032000 secs]
83535.698: [GC (Allocation Failure)  339298K->9090K(1009664K), 0.0037615 secs]
83536.030: [GC (Allocation Failure)  330114K->9122K(1000960K), 0.0031412 secs]
83536.344: [GC (Allocation Failure)  321442K->9090K(992768K), 0.0033534 secs]
83536.649: [GC (Allocation Failure)  313218K->9090K(984576K), 0.0029986 secs]
83536.948: [GC (Allocation Failure)  305026K->9090K(976896K), 0.0033418 secs]
83537.243: [GC (Allocation Failure)  297346K->9090K(1034752K), 0.0045660 secs]
83537.752: [GC (Allocation Failure)  355202K->9090K(1104384K), 0.0036008 secs]
83538.181: [GC (Allocation Failure)  424834K->9090K(1091584K), 0.0036740 secs]
83538.599: [GC (Allocation Failure)  412034K->9090K(1079808K), 0.0035276 secs]
83538.983: [GC (Allocation Failure)  400258K->9090K(1068032K), 0.0031911 secs]
83539.358: [GC (Allocation Failure)  388482K->9122K(1056768K), 0.0033717 secs]
83539.719: [GC (Allocation Failure)  377250K->9090K(1130496K), 0.0068726 secs]
83540.159: [GC (Allocation Failure)  450946K->9058K(1219072K), 0.0034054 secs]
83540.689: [GC (Allocation Failure)  539490K->9058K(1201664K), 0.0037455 secs]
83541.253: [GC (Allocation Failure)  522082K->9090K(1184768K), 0.0033663 secs]
83541.762: [GC (Allocation Failure)  505218K->9122K(1168896K), 0.0036456 secs]
83542.236: [GC (Allocation Failure)  489378K->9058K(1153536K), 0.0030787 secs]
83542.693: [GC (Allocation Failure)  473954K->9090K(1138688K), 0.0034796 secs]
83543.133: [GC (Allocation Failure)  459138K->9090K(1124864K), 0.0035038 secs]
83543.762: [GC (Allocation Failure)  445314K->9058K(1111552K), 0.0037008 secs]
83544.182: [GC (Allocation Failure)  431970K->9090K(1098752K), 0.0034482 secs]
83544.763: [GC (Allocation Failure)  419202K->9090K(1086464K), 0.0029646 secs]
83545.198: [GC (Allocation Failure)  406914K->9090K(1074688K), 0.0031375 secs]
83545.588: [GC (Allocation Failure)  395138K->9154K(1063424K), 0.0023910 secs]
83545.985: [GC (Allocation Failure)  383938K->9090K(1052672K), 0.0030905 secs]
83546.352: [GC (Allocation Failure)  373122K->9090K(1042432K), 0.0031372 secs]
83546.707: [GC (Allocation Failure)  362882K->9058K(1032704K), 0.0034581 secs]
83547.053: [GC (Allocation Failure)  353122K->9090K(1022976K), 0.0029736 secs]
83547.389: [GC (Allocation Failure)  343426K->9090K(1013760K), 0.0029691 secs]
83547.714: [GC (Allocation Failure)  334210K->9090K(1005056K), 0.0033455 secs]
83548.034: [GC (Allocation Failure)  325506K->9090K(1068544K), 0.0049723 secs]
83548.429: [GC (Allocation Failure)  388994K->9090K(1144832K), 0.0044097 secs]
83548.896: [GC (Allocation Failure)  465282K->9058K(1130496K), 0.0031394 secs]
83549.339: [GC (Allocation Failure)  450914K->9122K(1116672K), 0.0029761 secs]
83549.771: [GC (Allocation Failure)  437154K->9090K(1103360K), 0.0031834 secs]
83550.409: [GC (Allocation Failure)  423810K->9090K(1091072K), 0.0043659 secs]
83550.839: [GC (Allocation Failure)  411522K->9122K(1079296K), 0.0033830 secs]
83551.252: [GC (Allocation Failure)  399778K->9058K(1068032K), 0.0036236 secs]
83551.640: [GC (Allocation Failure)  388450K->9122K(1056768K), 0.0036661 secs]
83552.230: [GC (Allocation Failure)  377250K->9090K(1046016K), 0.0033189 secs]
83552.592: [GC (Allocation Failure)  366466K->9026K(1035776K), 0.0036431 secs]
83552.943: [GC (Allocation Failure)  356162K->9122K(1026048K), 0.0040006 secs]
83553.286: [GC (Allocation Failure)  346530K->9122K(1016832K), 0.0036020 secs]
83553.618: [GC (Allocation Failure)  337314K->9090K(1008128K), 0.0037036 secs]
83553.940: [GC (Allocation Failure)  328578K->9090K(1072128K), 0.0044496 secs]
83554.348: [GC (Allocation Failure)  392578K->9090K(1148928K), 0.0040140 secs]
83554.818: [GC (Allocation Failure)  469378K->9090K(1241088K), 0.0049859 secs]
83555.609: [GC (Allocation Failure)  561538K->9090K(1222656K), 0.0045451 secs]
83556.155: [GC (Allocation Failure)  543106K->9058K(1204736K), 0.0031156 secs]
83556.682: [GC (Allocation Failure)  525154K->9090K(1187840K), 0.0032601 secs]
83557.191: [GC (Allocation Failure)  508290K->9058K(1171456K), 0.0033897 secs]
83557.682: [GC (Allocation Failure)  491874K->9058K(1156096K), 0.0055691 secs]
83558.150: [GC (Allocation Failure)  476514K->9058K(1141248K), 0.0043076 secs]
83558.600: [GC (Allocation Failure)  461666K->9090K(1126912K), 0.0034609 secs]
83559.217: [GC (Allocation Failure)  447362K->9058K(1113600K), 0.0039316 secs]
83559.633: [GC (Allocation Failure)  434018K->9090K(1100800K), 0.0041768 secs]
83560.038: [GC (Allocation Failure)  421250K->9090K(1088512K), 0.0031844 secs]
83560.442: [GC (Allocation Failure)  408962K->9058K(1076736K), 0.0037124 secs]
83560.829: [GC (Allocation Failure)  397154K->9090K(1065472K), 0.0034513 secs]
83561.228: [GC (Allocation Failure)  385922K->9090K(1054720K), 0.0287740 secs]
83561.612: [GC (Allocation Failure)  375170K->9090K(1044480K), 0.0038465 secs]
83561.958: [GC (Allocation Failure)  364930K->9090K(1034240K), 0.0033889 secs]
83562.311: [GC (Allocation Failure)  354690K->9090K(1103360K), 0.0040623 secs]
83562.761: [GC (Allocation Failure)  423810K->9090K(1091072K), 0.0035349 secs]
83563.214: [GC (Allocation Failure)  411522K->9090K(1079296K), 0.0033656 secs]
83563.614: [GC (Allocation Failure)  399746K->9090K(1068032K), 0.0045846 secs]
83563.985: [GC (Allocation Failure)  388482K->9058K(1144320K), 0.0052453 secs]
83564.451: [GC (Allocation Failure)  464738K->9090K(1235456K), 0.0042429 secs]
83565.024: [GC (Allocation Failure)  555906K->9058K(1217024K), 0.0041673 secs]
83565.577: [GC (Allocation Failure)  537442K->9058K(1199616K), 0.0038713 secs]
83566.085: [GC (Allocation Failure)  520034K->9058K(1182720K), 0.0031663 secs]
83566.568: [GC (Allocation Failure)  503138K->9058K(1166848K), 0.0035223 secs]
83567.034: [GC (Allocation Failure)  487266K->9090K(1151488K), 0.0035192 secs]
83567.484: [GC (Allocation Failure)  471938K->9122K(1136640K), 0.0031081 secs]
83567.939: [GC (Allocation Failure)  457122K->9090K(1122816K), 0.0038511 secs]
83568.392: [GC (Allocation Failure)  443266K->9122K(1109504K), 0.0042312 secs]
83568.830: [GC (Allocation Failure)  429986K->9090K(1096704K), 0.0035195 secs]
83569.276: [GC (Allocation Failure)  417154K->9026K(1084416K), 0.0043550 secs]
83569.733: [GC (Allocation Failure)  404802K->9058K(1072640K), 0.0037475 secs]
83570.182: [GC (Allocation Failure)  393058K->9090K(1061376K), 0.0050057 secs]
83570.566: [GC (Allocation Failure)  381826K->9090K(1050624K), 0.0039042 secs]
83570.940: [GC (Allocation Failure)  371074K->9090K(1040384K), 0.0038079 secs]
83571.439: [GC (Allocation Failure)  360834K->9090K(1030656K), 0.0041934 secs]
83571.772: [GC (Allocation Failure)  351106K->9154K(1020928K), 0.0038776 secs]
83572.095: [GC (Allocation Failure)  341442K->9090K(1011712K), 0.0035276 secs]
83572.408: [GC (Allocation Failure)  332162K->9090K(1003008K), 0.0034214 secs]
83572.714: [GC (Allocation Failure)  323458K->9090K(1065984K), 0.0033739 secs]
83573.084: [GC (Allocation Failure)  386434K->9058K(1055232K), 0.0032972 secs]
83573.442: [GC (Allocation Failure)  375650K->9058K(1128960K), 0.0040139 secs]
83573.889: [GC (Allocation Failure)  449378K->9058K(1115136K), 0.0041969 secs]
83574.311: [GC (Allocation Failure)  435554K->9090K(1102336K), 0.0031279 secs]
83574.712: [GC (Allocation Failure)  422786K->9090K(1090048K), 0.0039695 secs]
83575.105: [GC (Allocation Failure)  410498K->9090K(1078272K), 0.0048968 secs]
83575.492: [GC (Allocation Failure)  398722K->9090K(1067008K), 0.0039407 secs]
83575.864: [GC (Allocation Failure)  387458K->9122K(1056256K), 0.0035318 secs]
83576.277: [GC (Allocation Failure)  376738K->9122K(1045504K), 0.0039656 secs]
83576.874: [GC (Allocation Failure)  365986K->9058K(1035264K), 0.0046118 secs]
83577.221: [GC (Allocation Failure)  355682K->9090K(1025536K), 0.0038405 secs]
83577.568: [GC (Allocation Failure)  345986K->9098K(1016320K), 0.0031610 secs]
83577.898: [GC (Allocation Failure)  336778K->9098K(1081856K), 0.0041577 secs]
83578.289: [GC (Allocation Failure)  402314K->9130K(1070080K), 0.0037295 secs]
83578.662: [GC (Allocation Failure)  390570K->9098K(1058816K), 0.0036199 secs]
83579.025: [GC (Allocation Failure)  379274K->9098K(1133056K), 0.0041567 secs]
83579.481: [GC (Allocation Failure)  453514K->9098K(1119232K), 0.0031252 secs]
83579.910: [GC (Allocation Failure)  439690K->9066K(1105920K), 0.0043596 secs]
83580.321: [GC (Allocation Failure)  426346K->9066K(1093120K), 0.0034443 secs]
83580.717: [GC (Allocation Failure)  413546K->9098K(1080832K), 0.0034581 secs]
83581.104: [GC (Allocation Failure)  401290K->9066K(1069056K), 0.0043322 secs]
83581.488: [GC (Allocation Failure)  389482K->9098K(1057792K), 0.0039577 secs]
83581.880: [GC (Allocation Failure)  378250K->9066K(1132032K), 0.0053612 secs]
83582.357: [GC (Allocation Failure)  452458K->9066K(1118208K), 0.0037249 secs]
83582.813: [GC (Allocation Failure)  438634K->9130K(1104896K), 0.0031879 secs]
83583.268: [GC (Allocation Failure)  425386K->9130K(1092096K), 0.0032054 secs]
83583.698: [GC (Allocation Failure)  412586K->9066K(1079808K), 0.0031811 secs]
83584.120: [GC (Allocation Failure)  400234K->9098K(1068032K), 0.0036071 secs]
83584.662: [GC (Allocation Failure)  388490K->9066K(1056768K), 0.0040489 secs]
83585.040: [GC (Allocation Failure)  377194K->9098K(1046016K), 0.0032717 secs]
83585.509: [GC (Allocation Failure)  366474K->9098K(1035776K), 0.0028763 secs]
83585.868: [GC (Allocation Failure)  356234K->9066K(1026048K), 0.0025694 secs]
83586.212: [GC (Allocation Failure)  346474K->9098K(1016832K), 0.0029370 secs]
83586.548: [GC (Allocation Failure)  337290K->9162K(1008128K), 0.0023363 secs]
83587.008: [GC (Allocation Failure)  328650K->9130K(999424K), 0.0033522 secs]
83587.330: [GC (Allocation Failure)  319914K->9066K(991232K), 0.0039064 secs]
83587.644: [GC (Allocation Failure)  311658K->9130K(983552K), 0.0030900 secs]
83587.948: [GC (Allocation Failure)  304042K->9098K(975872K), 0.0038073 secs]
83588.251: [GC (Allocation Failure)  296330K->9162K(1033728K), 0.0039953 secs]
83588.607: [GC (Allocation Failure)  354250K->9098K(1102848K), 0.0033089 secs]
83589.034: [GC (Allocation Failure)  423306K->9098K(1090560K), 0.0037048 secs]
83589.450: [GC (Allocation Failure)  411018K->9098K(1078784K), 0.0028689 secs]
83589.855: [GC (Allocation Failure)  399242K->9130K(1067520K), 0.0031760 secs]
83590.251: [GC (Allocation Failure)  388010K->9098K(1056256K), 0.0033128 secs]
83590.631: [GC (Allocation Failure)  376714K->9130K(1045504K), 0.0036238 secs]
83590.997: [GC (Allocation Failure)  365994K->9098K(1035264K), 0.0032798 secs]
83591.360: [GC (Allocation Failure)  355722K->9066K(1025536K), 0.0032753 secs]
83591.716: [GC (Allocation Failure)  345962K->9066K(1016320K), 0.0029250 secs]
83592.081: [GC (Allocation Failure)  336746K->9098K(1007616K), 0.0045666 secs]
83592.415: [GC (Allocation Failure)  328074K->9130K(1071616K), 0.0039998 secs]
83592.821: [GC (Allocation Failure)  392106K->9066K(1060352K), 0.0034380 secs]
83593.217: [GC (Allocation Failure)  380778K->9098K(1049600K), 0.0037199 secs]
83593.593: [GC (Allocation Failure)  370058K->9066K(1039360K), 0.0038730 secs]
83593.954: [GC (Allocation Failure)  359786K->9162K(1029632K), 0.0037861 secs]
83594.316: [GC (Allocation Failure)  350154K->9066K(1020416K), 0.0038809 secs]
83594.679: [GC (Allocation Failure)  340842K->9098K(1011200K), 0.0035048 secs]
83595.028: [GC (Allocation Failure)  331658K->9130K(1002496K), 0.0027218 secs]
83595.356: [GC (Allocation Failure)  322986K->9066K(994304K), 0.0041209 secs]
83595.676: [GC (Allocation Failure)  314730K->9066K(1055744K), 0.0033870 secs]
83596.053: [GC (Allocation Failure)  376170K->9098K(1044992K), 0.0028953 secs]
83596.420: [GC (Allocation Failure)  365450K->9066K(1034752K), 0.0035642 secs]
83596.792: [GC (Allocation Failure)  355178K->9066K(1025024K), 0.0033835 secs]
83597.327: [GC (Allocation Failure)  345450K->9098K(1015808K), 0.0040295 secs]
83597.665: [GC (Allocation Failure)  336266K->9098K(1007104K), 0.0034578 secs]
83598.001: [GC (Allocation Failure)  327562K->9098K(998400K), 0.0029734 secs]
83598.337: [GC (Allocation Failure)  318858K->9098K(990208K), 0.0033140 secs]
83598.659: [GC (Allocation Failure)  310666K->9098K(982528K), 0.0030587 secs]
83598.963: [GC (Allocation Failure)  302986K->9098K(974848K), 0.0033338 secs]
83599.260: [GC (Allocation Failure)  295306K->9066K(967680K), 0.0031629 secs]
83599.547: [GC (Allocation Failure)  288106K->9066K(1023488K), 0.0045037 secs]
83599.896: [GC (Allocation Failure)  343914K->9098K(1090560K), 0.0032429 secs]
83600.304: [GC (Allocation Failure)  411018K->9098K(1078784K), 0.0034517 secs]
83600.711: [GC (Allocation Failure)  399242K->9098K(1067520K), 0.0031908 secs]
83601.108: [GC (Allocation Failure)  387978K->9098K(1056256K), 0.0033321 secs]
83601.505: [GC (Allocation Failure)  376714K->9066K(1045504K), 0.0038749 secs]
83601.877: [GC (Allocation Failure)  365930K->9130K(1035264K), 0.0030778 secs]
83602.257: [GC (Allocation Failure)  355754K->9066K(1025536K), 0.0047238 secs]
83602.609: [GC (Allocation Failure)  345962K->9130K(1016320K), 0.0029178 secs]
83602.958: [GC (Allocation Failure)  336810K->9130K(1007616K), 0.0038939 secs]
83603.305: [GC (Allocation Failure)  328106K->9130K(998912K), 0.0042875 secs]
83603.632: [GC (Allocation Failure)  319402K->9098K(1061376K), 0.0038775 secs]
83604.000: [GC (Allocation Failure)  381834K->9066K(1136128K), 0.0037452 secs]
83604.443: [GC (Allocation Failure)  456554K->9130K(1122304K), 0.0039928 secs]
83604.892: [GC (Allocation Failure)  442794K->9098K(1108992K), 0.0041811 secs]
83605.341: [GC (Allocation Failure)  429450K->9098K(1193472K), 0.0059157 secs]
83605.861: [GC (Allocation Failure)  513930K->9066K(1177088K), 0.0028400 secs]
83606.377: [GC (Allocation Failure)  497514K->9098K(1161216K), 0.0035292 secs]
83606.846: [GC (Allocation Failure)  481674K->9066K(1146368K), 0.0040405 secs]
83607.305: [GC (Allocation Failure)  466794K->9098K(1132032K), 0.0046064 secs]
83607.743: [GC (Allocation Failure)  452490K->9098K(1118208K), 0.0027574 secs]
83608.165: [GC (Allocation Failure)  438666K->9066K(1104896K), 0.0036236 secs]
83608.583: [GC (Allocation Failure)  425322K->9098K(1092096K), 0.0037560 secs]
83609.011: [GC (Allocation Failure)  412554K->9066K(1079808K), 0.0032676 secs]
83609.405: [GC (Allocation Failure)  400234K->9130K(1068032K), 0.0036178 secs]
83609.781: [GC (Allocation Failure)  388522K->9130K(1056768K), 0.0033952 secs]
83610.142: [GC (Allocation Failure)  377258K->9066K(1046016K), 0.0034446 secs]
83610.500: [GC (Allocation Failure)  366442K->9098K(1035776K), 0.0042346 secs]
83610.849: [GC (Allocation Failure)  356234K->9098K(1026048K), 0.0038415 secs]
83611.191: [GC (Allocation Failure)  346506K->9098K(1016832K), 0.0031019 secs]
83611.524: [GC (Allocation Failure)  337290K->9066K(1008128K), 0.0034175 secs]
83611.850: [GC (Allocation Failure)  328554K->9098K(1072128K), 0.0043415 secs]
83612.237: [GC (Allocation Failure)  392586K->9098K(1060864K), 0.0029102 secs]
83612.606: [GC (Allocation Failure)  381322K->9066K(1050112K), 0.0037757 secs]
83612.963: [GC (Allocation Failure)  370538K->9098K(1039872K), 0.0037326 secs]
83613.320: [GC (Allocation Failure)  360330K->9130K(1030144K), 0.0032250 secs]
83613.672: [GC (Allocation Failure)  350634K->9098K(1020928K), 0.0033151 secs]
83614.026: [GC (Allocation Failure)  341386K->9098K(1011712K), 0.0030175 secs]
83614.356: [GC (Allocation Failure)  332170K->9130K(1003008K), 0.0032753 secs]
83614.695: [GC (Allocation Failure)  323498K->9098K(994816K), 0.0028423 secs]
83615.013: [GC (Allocation Failure)  315274K->9098K(986624K), 0.0039177 secs]
83615.317: [GC (Allocation Failure)  307082K->9098K(978944K), 0.0033361 secs]
83615.627: [GC (Allocation Failure)  299402K->9130K(971264K), 0.0033255 secs]
83615.914: [GC (Allocation Failure)  291754K->9066K(1028096K), 0.0041365 secs]
83616.255: [GC (Allocation Failure)  348522K->9130K(1096192K), 0.0035989 secs]
83616.658: [GC (Allocation Failure)  416682K->9066K(1178112K), 0.0044587 secs]
83617.149: [GC (Allocation Failure)  498538K->9098K(1276416K), 0.0039330 secs]
83617.738: [GC (Allocation Failure)  596874K->9130K(1256448K), 0.0046847 secs]
83618.320: [GC (Allocation Failure)  576938K->9066K(1236992K), 0.0033358 secs]
83618.866: [GC (Allocation Failure)  557418K->9098K(1218560K), 0.0035918 secs]
83619.392: [GC (Allocation Failure)  539018K->9066K(1201152K), 0.0029646 secs]
83619.900: [GC (Allocation Failure)  521578K->9066K(1184256K), 0.0038129 secs]
83620.398: [GC (Allocation Failure)  504682K->9098K(1168384K), 0.0038150 secs]
83620.877: [GC (Allocation Failure)  488842K->9098K(1153024K), 0.0041569 secs]
83621.343: [GC (Allocation Failure)  473482K->9098K(1138176K), 0.0035119 secs]
83621.790: [GC (Allocation Failure)  458634K->9130K(1124352K), 0.0028631 secs]
83622.218: [GC (Allocation Failure)  444842K->9098K(1111040K), 0.0038254 secs]
83622.644: [GC (Allocation Failure)  431498K->9066K(1098240K), 0.0042744 secs]
83623.055: [GC (Allocation Failure)  418666K->9066K(1085952K), 0.0047396 secs]
83623.478: [GC (Allocation Failure)  406378K->9098K(1074176K), 0.0045855 secs]
83623.868: [GC (Allocation Failure)  394634K->9066K(1062912K), 0.0047843 secs]
83624.243: [GC (Allocation Failure)  383338K->9066K(1052160K), 0.0036468 secs]
83624.609: [GC (Allocation Failure)  372586K->9066K(1124864K), 0.0041431 secs]
83625.047: [GC (Allocation Failure)  445290K->9098K(1111552K), 0.0032923 secs]
83625.471: [GC (Allocation Failure)  432010K->9098K(1098752K), 0.0037627 secs]
83625.884: [GC (Allocation Failure)  419210K->9066K(1086464K), 0.0038187 secs]
83626.283: [GC (Allocation Failure)  406890K->9130K(1074688K), 0.0040739 secs]
83626.676: [GC (Allocation Failure)  395178K->9066K(1063424K), 0.0034332 secs]
83627.054: [GC (Allocation Failure)  383850K->9066K(1052672K), 0.0038461 secs]
83627.419: [GC (Allocation Failure)  373098K->9130K(1042432K), 0.0032648 secs]
83627.771: [GC (Allocation Failure)  362922K->9130K(1032704K), 0.0031325 secs]
83628.115: [GC (Allocation Failure)  353194K->9066K(1022976K), 0.0038945 secs]
83628.449: [GC (Allocation Failure)  343402K->9162K(1013760K), 0.0035973 secs]
83628.772: [GC (Allocation Failure)  334282K->9098K(1005056K), 0.0030847 secs]
83629.087: [GC (Allocation Failure)  325514K->9098K(1068544K), 0.0040600 secs]
83629.466: [GC (Allocation Failure)  389002K->9098K(1144832K), 0.0036401 secs]
83629.922: [GC (Allocation Failure)  465290K->9098K(1130496K), 0.0038703 secs]
83630.363: [GC (Allocation Failure)  450954K->9130K(1116672K), 0.0033690 secs]
83630.783: [GC (Allocation Failure)  437162K->9098K(1103360K), 0.0054136 secs]
83631.202: [GC (Allocation Failure)  423818K->9098K(1091072K), 0.0028064 secs]
83631.604: [GC (Allocation Failure)  411530K->9098K(1079296K), 0.0036105 secs]
83631.995: [GC (Allocation Failure)  399754K->9066K(1068032K), 0.0038636 secs]
83632.371: [GC (Allocation Failure)  388458K->9098K(1056768K), 0.0033021 secs]
83632.738: [GC (Allocation Failure)  377226K->9098K(1046016K), 0.0031522 secs]
83633.090: [GC (Allocation Failure)  366474K->9098K(1035776K), 0.0039417 secs]
83633.433: [GC (Allocation Failure)  356234K->9130K(1026048K), 0.0033120 secs]
83634.046: [GC (Allocation Failure)  346538K->9098K(1016832K), 0.0040825 secs]
83634.380: [GC (Allocation Failure)  337290K->9066K(1008128K), 0.0028551 secs]
83634.700: [GC (Allocation Failure)  328554K->9066K(999424K), 0.0034185 secs]
83635.011: [GC (Allocation Failure)  319850K->9098K(1061888K), 0.0042891 secs]
83635.393: [GC (Allocation Failure)  382346K->9098K(1136640K), 0.0059746 secs]
83635.851: [GC (Allocation Failure)  457098K->9098K(1226240K), 0.0037739 secs]
83636.389: [GC (Allocation Failure)  546698K->9098K(1208320K), 0.0038229 secs]
83636.907: [GC (Allocation Failure)  528778K->9098K(1191424K), 0.0051929 secs]
83637.405: [GC (Allocation Failure)  511882K->9098K(1175040K), 0.0037097 secs]
83637.886: [GC (Allocation Failure)  495498K->9066K(1159168K), 0.0036850 secs]
83638.350: [GC (Allocation Failure)  479594K->9098K(1144320K), 0.0037315 secs]
83638.801: [GC (Allocation Failure)  464778K->9130K(1129984K), 0.0036636 secs]
83639.239: [GC (Allocation Failure)  450474K->9098K(1116160K), 0.0035821 secs]
83639.666: [GC (Allocation Failure)  436618K->9066K(1102848K), 0.0038540 secs]
83640.082: [GC (Allocation Failure)  423274K->9066K(1090560K), 0.0039801 secs]
83640.485: [GC (Allocation Failure)  410986K->9098K(1078784K), 0.0033772 secs]
83640.879: [GC (Allocation Failure)  399242K->9098K(1067520K), 0.0034777 secs]
83641.252: [GC (Allocation Failure)  387978K->9098K(1056256K), 0.0028843 secs]
83641.613: [GC (Allocation Failure)  376714K->9098K(1045504K), 0.0033572 secs]
83641.967: [GC (Allocation Failure)  365962K->9130K(1035264K), 0.0033336 secs]
83642.314: [GC (Allocation Failure)  355754K->9098K(1025536K), 0.0034089 secs]
83642.653: [GC (Allocation Failure)  345994K->9098K(1016320K), 0.0034803 secs]
83642.980: [GC (Allocation Failure)  336778K->9098K(1007616K), 0.0031484 secs]
83643.294: [GC (Allocation Failure)  328074K->9066K(998912K), 0.0033198 secs]
83643.603: [GC (Allocation Failure)  319338K->9066K(990720K), 0.0034227 secs]
83643.899: [GC (Allocation Failure)  311146K->9098K(1051136K), 0.0039264 secs]
83644.434: [GC (Allocation Failure)  371594K->9130K(1040896K), 0.0044919 secs]
83644.781: [GC (Allocation Failure)  361386K->9098K(1031168K), 0.0034475 secs]
83645.119: [GC (Allocation Failure)  351626K->9066K(1021440K), 0.0034681 secs]
83645.449: [GC (Allocation Failure)  341866K->9098K(1012224K), 0.0030951 secs]
83645.770: [GC (Allocation Failure)  332682K->9130K(1003520K), 0.0033101 secs]
83646.083: [GC (Allocation Failure)  324010K->9098K(995328K), 0.0028916 secs]
83646.388: [GC (Allocation Failure)  315786K->9066K(1056768K), 0.0037869 secs]
83646.752: [GC (Allocation Failure)  377194K->9098K(1130496K), 0.0039824 secs]
83647.186: [GC (Allocation Failure)  450954K->9130K(1219072K), 0.0063006 secs]
83647.720: [GC (Allocation Failure)  539562K->9098K(1325568K), 0.0042000 secs]
83648.355: [GC (Allocation Failure)  646026K->9066K(1303040K), 0.0052749 secs]
83648.972: [GC (Allocation Failure)  623466K->9098K(1281536K), 0.0054815 secs]
