Java HotSpot(TM) 64-Bit Server VM (25.91-b14) for linux-amd64 JRE (1.8.0_91-b14), built on Apr  1 2016 00:57:21 by "java_re" with gcc 4.3.0 20080428 (Red Hat 4.3.0-8)
Memory: 4k page, physical 10239976k(3862276k free), swap 4192252k(4192252k free)
CommandLine flags: -XX:InitialHeapSize=163839616 -XX:MaxHeapSize=2621433856 -XX:+PrintGC -XX:+PrintGCTimeStamps -XX:+UseCompressedClassPointers -XX:+UseCompressedOops 
0.837: [GC (Allocation Failure)  43136K->6892K(156416K), 0.0226154 secs]
1.062: [GC (Allocation Failure)  50028K->13289K(156416K), 0.0286784 secs]
1.274: [GC (Allocation Failure)  56425K->19477K(156416K), 0.0344900 secs]
1.570: [GC (Allocation Failure)  62613K->25875K(156416K), 0.0337999 secs]
1.807: [GC (Allocation Failure)  69011K->32459K(156416K), 0.0366845 secs]
2.068: [GC (Allocation Failure)  75595K->38256K(156416K), 0.0286289 secs]
2.262: [GC (Allocation Failure)  81392K->44005K(156416K), 0.0214118 secs]
2.467: [GC (Allocation Failure)  87141K->49971K(156416K), 0.0228578 secs]
2.751: [GC (Allocation Failure)  93107K->56744K(156416K), 0.0510457 secs]
2.985: [GC (Allocation Failure)  99880K->62993K(156416K), 0.0337841 secs]
3.286: [GC (Allocation Failure)  106129K->68824K(156416K), 0.0351681 secs]
3.515: [GC (Allocation Failure)  111960K->74194K(156416K), 0.0190637 secs]
3.731: [GC (Allocation Failure)  117330K->78971K(156416K), 0.0238641 secs]
3.980: [GC (Allocation Failure)  122107K->84466K(156416K), 0.0327102 secs]
4.171: [GC (Allocation Failure)  127602K->90886K(156416K), 0.0383419 secs]
4.396: [GC (Allocation Failure)  134022K->96263K(156416K), 0.0314970 secs]
4.555: [GC (Allocation Failure)  139395K->102183K(156416K), 0.0345209 secs]
4.730: [GC (Allocation Failure)  145319K->107561K(156416K), 0.0363352 secs]
4.922: [GC (Allocation Failure)  150697K->113459K(156608K), 0.0405893 secs]
4.962: [Full GC (Allocation Failure)  113459K->111378K(156608K), 0.3706455 secs]
5.645: [GC (Allocation Failure)  176999K->118819K(256600K), 0.0385704 secs]
6.278: [GC (Allocation Failure)  189667K->135600K(256600K), 0.0913491 secs]
6.999: [GC (Allocation Failure)  206448K->146738K(256600K), 0.0352803 secs]
7.490: [GC (Allocation Failure)  217586K->158429K(256600K), 0.0747642 secs]
8.079: [GC (Allocation Failure)  229277K->170596K(256600K), 0.0406543 secs]
8.510: [GC (Allocation Failure)  241444K->182667K(256600K), 0.0403379 secs]
8.749: [Full GC (System.gc())  203813K->152380K(256600K), 0.4709533 secs]
9.230: [Full GC (System.gc())  152380K->152380K(368336K), 0.2395400 secs]
9.475: [Full GC (System.gc())  152380K->143982K(368336K), 0.2800101 secs]
9.762: [Full GC (System.gc())  143982K->143982K(368336K), 0.3077613 secs]
10.074: [Full GC (System.gc())  143982K->143982K(368336K), 0.3291324 secs]
11.546: [Full GC (System.gc())  166219K->136653K(368336K), 0.5420387 secs]
12.098: [Full GC (System.gc())  136653K->125140K(368336K), 0.3601078 secs]
12.462: [Full GC (System.gc())  125140K->125140K(368336K), 0.2844019 secs]
12.762: [Full GC (System.gc())  125140K->125140K(368336K), 0.3320794 secs]
13.094: [Full GC (System.gc())  125140K->125140K(368336K), 0.2767884 secs]
13.430: [Full GC (System.gc())  127268K->110049K(368336K), 0.3568033 secs]
13.791: [Full GC (System.gc())  110049K->110049K(368336K), 0.3525267 secs]
14.152: [Full GC (System.gc())  110168K->110050K(368336K), 0.8047662 secs]
14.959: [Full GC (System.gc())  110050K->110050K(368336K), 0.4842851 secs]
15.444: [Full GC (System.gc())  110050K->110050K(368336K), 0.2820588 secs]
15.730: [Full GC (System.gc())  112059K->110051K(368336K), 0.4216108 secs]
16.158: [Full GC (System.gc())  110051K->110051K(368336K), 0.4468052 secs]
16.606: [Full GC (System.gc())  110051K->110051K(368336K), 0.4426873 secs]
17.049: [Full GC (System.gc())  110051K->110047K(368336K), 0.7468400 secs]
17.796: [Full GC (System.gc())  110047K->110047K(368336K), 0.2470703 secs]
20.396: [GC (Allocation Failure)  211743K->115186K(368336K), 0.0315100 secs]
21.715: [GC (Allocation Failure)  216882K->119483K(368336K), 0.0385949 secs]
22.910: [GC (Allocation Failure)  221179K->124752K(368336K), 0.0760790 secs]
24.463: [GC (Allocation Failure)  226448K->131951K(368336K), 0.0740261 secs]
25.790: [GC (Allocation Failure)  233647K->135576K(368336K), 0.0370261 secs]
27.365: [GC (Allocation Failure)  237272K->142766K(368336K), 0.0323475 secs]
28.513: [GC (Allocation Failure)  244462K->149026K(368336K), 0.0856981 secs]
29.750: [GC (Allocation Failure)  250722K->155736K(368336K), 0.0368872 secs]
30.691: [GC (Allocation Failure)  257432K->162044K(368336K), 0.0977783 secs]
31.613: [GC (Allocation Failure)  263740K->167284K(368336K), 0.0833257 secs]
32.492: [GC (Allocation Failure)  268980K->172079K(368336K), 0.0482246 secs]
33.362: [GC (Allocation Failure)  273775K->177068K(368336K), 0.0419642 secs]
34.407: [GC (Allocation Failure)  278764K->183735K(368336K), 0.1027159 secs]
35.350: [GC (Allocation Failure)  285431K->189943K(368336K), 0.0825966 secs]
36.647: [GC (Allocation Failure)  291639K->195608K(368336K), 0.0576952 secs]
39.093: [GC (Allocation Failure)  297304K->201977K(368336K), 0.0670058 secs]
40.910: [GC (Allocation Failure)  303673K->208696K(368336K), 0.1020983 secs]
42.678: [GC (Allocation Failure)  310392K->210373K(368336K), 0.0298023 secs]
44.417: [GC (Allocation Failure)  312069K->214959K(368336K), 0.0406571 secs]
45.455: [GC (Allocation Failure)  316655K->220904K(368336K), 0.0346428 secs]
46.202: [GC (Allocation Failure)  322600K->226814K(368336K), 0.0752692 secs]
47.771: [GC (Allocation Failure)  328510K->232136K(368336K), 0.0939291 secs]
49.105: [GC (Allocation Failure)  333832K->236758K(368336K), 0.0446190 secs]
50.520: [GC (Allocation Failure)  338454K->245121K(368336K), 0.0663881 secs]
52.671: [GC (Allocation Failure)  346817K->251742K(368336K), 0.0504896 secs]
54.047: [GC (Allocation Failure)  353438K->259139K(368336K), 0.1032779 secs]
55.122: [GC (Allocation Failure)  360835K->267003K(373136K), 0.0556513 secs]
55.177: [Full GC (Allocation Failure)  267003K->242175K(373136K), 0.6449920 secs]
57.590: [GC (Allocation Failure)  403711K->259294K(585324K), 0.1076714 secs]
59.183: [GC (Allocation Failure)  420830K->272360K(585324K), 0.2521503 secs]
61.645: [GC (Allocation Failure)  433896K->286328K(585324K), 0.1533541 secs]
63.703: [GC (Allocation Failure)  447864K->302472K(585324K), 0.1336483 secs]
66.018: [GC (Allocation Failure)  464008K->316408K(585324K), 0.0610461 secs]
67.330: [GC (Allocation Failure)  477944K->350093K(585324K), 0.0872896 secs]
68.705: [GC (Allocation Failure)  511629K->363288K(585324K), 0.1056810 secs]
70.813: [GC (Allocation Failure)  524824K->371914K(585324K), 0.0751156 secs]
72.498: [GC (Allocation Failure)  533450K->388181K(585324K), 0.1993595 secs]
74.286: [GC (Allocation Failure)  549717K->400178K(585324K), 0.1372363 secs]
75.703: [GC (Allocation Failure)  561714K->412484K(585324K), 0.0927886 secs]
77.276: [GC (Allocation Failure)  574020K->425072K(593904K), 0.0717451 secs]
77.348: [Full GC (Allocation Failure)  425072K->350227K(593904K), 0.9626714 secs]
80.459: [GC (Allocation Failure)  583759K->371723K(846436K), 0.0625179 secs]
82.189: [GC (Allocation Failure)  605259K->409357K(846436K), 0.2418398 secs]
84.477: [GC (Allocation Failure)  642893K->449844K(846436K), 0.2273111 secs]
87.739: [GC (Allocation Failure)  683380K->464405K(846436K), 0.4906995 secs]
91.055: [GC (Allocation Failure)  697941K->477954K(846436K), 0.2486354 secs]
93.671: [GC (Allocation Failure)  711490K->512712K(846436K), 0.0950044 secs]
95.340: [GC (Allocation Failure)  746248K->596114K(846436K), 0.1278379 secs]
98.256: [GC (Allocation Failure)  829650K->611823K(858916K), 0.2007578 secs]
98.457: [Full GC (Allocation Failure)  611823K->422898K(858916K), 1.1849109 secs]
101.860: [GC (Allocation Failure)  704946K->493830K(1022080K), 0.2336963 secs]
103.512: [GC (Allocation Failure)  775878K->602152K(1022080K), 0.1181900 secs]
106.160: [GC (Allocation Failure)  884200K->618679K(1022080K), 0.1074366 secs]
108.355: [GC (Allocation Failure)  900727K->664572K(1022080K), 0.2249062 secs]
109.926: [GC (Allocation Failure)  946620K->795249K(1077376K), 0.2675337 secs]
110.194: [Full GC (Allocation Failure)  795249K->538735K(1077376K), 1.2571096 secs]
113.095: [GC (Allocation Failure)  897967K->667805K(1301992K), 0.0932627 secs]
113.452: [Full GC (System.gc())  732432K->578046K(1301992K), 1.9795373 secs]
115.432: [Full GC (System.gc())  578046K->578046K(1397012K), 1.5042620 secs]
116.936: [Full GC (System.gc())  578046K->533167K(1397012K), 1.3172274 secs]
118.254: [Full GC (System.gc())  533167K->533167K(1397012K), 1.3673517 secs]
119.621: [Full GC (System.gc())  533167K->533167K(1397012K), 1.3377031 secs]
122.423: [GC (Allocation Failure)  918639K->543885K(1397012K), 0.0545369 secs]
