Java HotSpot(TM) 64-Bit Server VM (25.91-b14) for linux-amd64 JRE (1.8.0_91-b14), built on Apr  1 2016 00:57:21 by "java_re" with gcc 4.3.0 20080428 (Red Hat 4.3.0-8)
Memory: 4k page, physical 10239976k(3862020k free), swap 4192252k(4192252k free)
CommandLine flags: -XX:InitialHeapSize=163839616 -XX:MaxHeapSize=2621433856 -XX:+PrintGC -XX:+PrintGCTimeStamps -XX:+UseCompressedClassPointers -XX:+UseCompressedOops 
0.925: [GC (Allocation Failure)  43136K->9368K(156416K), 0.0188383 secs]
1.388: [GC (Allocation Failure)  52504K->20508K(156416K), 0.0692728 secs]
1.760: [Full GC (System.gc())  44152K->24834K(156416K), 0.0470488 secs]
1.814: [Full GC (System.gc())  24834K->24834K(156544K), 0.0340409 secs]
1.854: [Full GC (System.gc())  24834K->24834K(156544K), 0.0719003 secs]
1.959: [Full GC (System.gc())  24834K->24822K(156544K), 0.0441641 secs]
2.009: [Full GC (System.gc())  24822K->24822K(156544K), 0.0370975 secs]
3.132: [Full GC (System.gc())  43658K->29071K(156544K), 0.0772893 secs]
3.219: [Full GC (System.gc())  29071K->29071K(156544K), 0.0369350 secs]
3.262: [Full GC (System.gc())  29071K->24265K(156544K), 0.0427760 secs]
3.308: [Full GC (System.gc())  24265K->24265K(156544K), 0.0340542 secs]
3.346: [Full GC (System.gc())  24265K->24265K(156544K), 0.0394174 secs]
3.407: [Full GC (System.gc())  25296K->23968K(156544K), 0.0356861 secs]
3.450: [Full GC (System.gc())  23968K->18578K(156544K), 0.0417111 secs]
3.495: [Full GC (System.gc())  18578K->18578K(156544K), 0.0318953 secs]
3.530: [Full GC (System.gc())  18578K->18578K(156544K), 0.0316426 secs]
3.570: [Full GC (System.gc())  18578K->18578K(156544K), 0.0334925 secs]
3.611: [Full GC (System.gc())  19426K->18575K(156544K), 0.0310566 secs]
3.650: [Full GC (System.gc())  18575K->18575K(156544K), 0.0378130 secs]
3.693: [Full GC (System.gc())  18575K->18575K(156544K), 0.0298372 secs]
3.724: [Full GC (System.gc())  18575K->18575K(156544K), 0.0305020 secs]
3.754: [Full GC (System.gc())  18575K->18575K(156544K), 0.0297021 secs]
5.251: [GC (Allocation Failure)  61839K->21768K(156544K), 0.0094139 secs]
5.993: [GC (Allocation Failure)  65032K->23724K(156544K), 0.0183602 secs]
6.595: [GC (Allocation Failure)  66988K->26391K(156544K), 0.0163273 secs]
7.480: [GC (Allocation Failure)  69655K->29096K(156544K), 0.0294734 secs]
7.925: [GC (Allocation Failure)  72360K->32118K(156544K), 0.0296033 secs]
8.228: [GC (Allocation Failure)  75382K->33649K(156544K), 0.0157138 secs]
8.462: [Full GC (System.gc())  62165K->35273K(156544K), 0.0798910 secs]
8.550: [Full GC (System.gc())  35273K->35273K(156544K), 0.0704913 secs]
8.622: [Full GC (System.gc())  35273K->35273K(156544K), 0.0692436 secs]
8.691: [Full GC (System.gc())  35273K->32126K(156544K), 0.1412045 secs]
8.833: [Full GC (System.gc())  32126K->32126K(156544K), 0.0671817 secs]
