Java HotSpot(TM) 64-Bit Server VM (25.74-b02) for linux-amd64 JRE (1.8.0_74-b02), built on Jan 29 2016 19:20:56 by "java_re" with gcc 4.3.0 20080428 (Red Hat 4.3.0-8)
Memory: 4k page, physical 65960280k(2400136k free), swap 32767996k(32767944k free)
CommandLine flags: -XX:InitialHeapSize=1055364480 -XX:MaxHeapSize=16885831680 -XX:+PrintGC -XX:+PrintGCTimeStamps -XX:+UseCompressedClassPointers -XX:+UseCompressedOops -XX:+UseParallelGC 
0.957: [GC (Allocation Failure)  258048K->14717K(989184K), 0.0308997 secs]
1.949: [GC (Allocation Failure)  272765K->11111K(1247232K), 0.0278237 secs]
3.376: [GC (Allocation Failure)  527207K->9582K(1247232K), 0.0207280 secs]
4.397: [GC (Allocation Failure)  525678K->9232K(1763328K), 0.0232054 secs]
252097.602: [GC (Allocation Failure)  1041424K->9643K(1763328K), 0.0270735 secs]
252098.770: [GC (Allocation Failure)  1041835K->8834K(2767872K), 0.0148094 secs]
252101.615: [GC (Allocation Failure)  2073218K->8978K(2767872K), 0.0294919 secs]
252103.769: [GC (Allocation Failure)  2073362K->8986K(4833280K), 0.0067911 secs]
252109.499: [GC (Allocation Failure)  4137242K->9234K(4622848K), 0.0059589 secs]
252113.586: [GC (Allocation Failure)  3943442K->8906K(4438528K), 0.0039777 secs]
252117.528: [GC (Allocation Failure)  3758794K->9018K(4280832K), 0.0057622 secs]
252121.274: [GC (Allocation Failure)  3583802K->9026K(4097024K), 0.0083323 secs]
252124.891: [GC (Allocation Failure)  3417410K->9074K(3956224K), 0.0033982 secs]
252128.363: [GC (Allocation Failure)  3259250K->8994K(3788288K), 0.0092267 secs]
252131.639: [GC (Allocation Failure)  3108642K->9026K(3661824K), 0.0043844 secs]
252134.820: [GC (Allocation Failure)  2965826K->9058K(3509760K), 0.0076632 secs]
252137.787: [GC (Allocation Failure)  2830178K->9026K(3396096K), 0.0040056 secs]
252140.630: [GC (Allocation Failure)  2701122K->9090K(3258368K), 0.0072435 secs]
252143.387: [GC (Allocation Failure)  2578818K->9082K(3155968K), 0.0047092 secs]
252145.969: [GC (Allocation Failure)  2462074K->9122K(3031040K), 0.0066502 secs]
252148.431: [GC (Allocation Failure)  2351522K->9098K(2938368K), 0.0042019 secs]
252150.837: [GC (Allocation Failure)  2246026K->9098K(2825728K), 0.0069866 secs]
252153.066: [GC (Allocation Failure)  2146186K->9098K(2741760K), 0.0040026 secs]
252155.203: [GC (Allocation Failure)  2050954K->9130K(2639872K), 0.0071901 secs]
252157.277: [GC (Allocation Failure)  1960362K->9066K(2564096K), 0.0047395 secs]
252159.219: [GC (Allocation Failure)  1874282K->9066K(2471936K), 0.0058981 secs]
252161.088: [GC (Allocation Failure)  1792362K->9098K(2402816K), 0.0036010 secs]
252162.986: [GC (Allocation Failure)  1714570K->9066K(2320384K), 0.0058946 secs]
252164.678: [GC (Allocation Failure)  1640810K->9098K(2257920K), 0.0045162 secs]
252166.302: [GC (Allocation Failure)  1570698K->9066K(2183680K), 0.0058256 secs]
252167.870: [GC (Allocation Failure)  1504106K->9130K(2126848K), 0.0031146 secs]
252169.360: [GC (Allocation Failure)  1440682K->9098K(2059776K), 0.0048332 secs]
252170.777: [GC (Allocation Failure)  1380234K->9130K(2008064K), 0.0050761 secs]
252172.062: [GC (Allocation Failure)  1322922K->9098K(1947648K), 0.0081023 secs]
252173.440: [GC (Allocation Failure)  1268106K->9098K(1900544K), 0.0041361 secs]
252174.714: [GC (Allocation Failure)  1215882K->9098K(1845760K), 0.0063430 secs]
252175.935: [GC (Allocation Failure)  1166218K->9098K(1802752K), 0.0038390 secs]
252177.102: [GC (Allocation Failure)  1119114K->9098K(1754112K), 0.0119529 secs]
252178.239: [GC (Allocation Failure)  1074570K->9066K(1715200K), 0.0040784 secs]
252179.321: [GC (Allocation Failure)  1032042K->9098K(1671168K), 0.0054660 secs]
252180.361: [GC (Allocation Failure)  991626K->9130K(1635840K), 0.0043185 secs]
252181.353: [GC (Allocation Failure)  953258K->9098K(1595904K), 0.0046224 secs]
252182.311: [GC (Allocation Failure)  916362K->9098K(1563648K), 0.0039742 secs]
252183.229: [GC (Allocation Failure)  881546K->9098K(1527808K), 0.0055455 secs]
252184.118: [GC (Allocation Failure)  848266K->9130K(1498112K), 0.0037865 secs]
252184.967: [GC (Allocation Failure)  816554K->9098K(1465856K), 0.0064948 secs]
252185.791: [GC (Allocation Failure)  786314K->9066K(1439232K), 0.0049021 secs]
252186.585: [GC (Allocation Failure)  757610K->9066K(1409536K), 0.0043103 secs]
252187.348: [GC (Allocation Failure)  729962K->9130K(1384960K), 0.0032501 secs]
252188.078: [GC (Allocation Failure)  703914K->9098K(1358336K), 0.0042671 secs]
252188.801: [GC (Allocation Failure)  678794K->9098K(1335296K), 0.0046699 secs]
252189.564: [GC (Allocation Failure)  654730K->9098K(1311232K), 0.0048055 secs]
252190.242: [GC (Allocation Failure)  631690K->9098K(1290752K), 0.0040243 secs]
252190.881: [GC (Allocation Failure)  610186K->9130K(1268736K), 0.0042400 secs]
252191.498: [GC (Allocation Failure)  589226K->9066K(1249792K), 0.0037222 secs]
252192.088: [GC (Allocation Failure)  569194K->9098K(1229824K), 0.0042590 secs]
252192.665: [GC (Allocation Failure)  550282K->9066K(1212416K), 0.0033594 secs]
252193.227: [GC (Allocation Failure)  532330K->9066K(1194496K), 0.0049787 secs]
252193.708: [GC (Allocation Failure)  514922K->9098K(1178624K), 0.0056339 secs]
252194.182: [GC (Allocation Failure)  498570K->9130K(1162240K), 0.0039724 secs]
252194.682: [GC (Allocation Failure)  482730K->9098K(1147904K), 0.0040496 secs]
252195.165: [GC (Allocation Failure)  467850K->9066K(1133056K), 0.0037658 secs]
252195.635: [GC (Allocation Failure)  453482K->9098K(1119744K), 0.0042410 secs]
252196.106: [GC (Allocation Failure)  439690K->9066K(1105920K), 0.0050132 secs]
252196.547: [GC (Allocation Failure)  426346K->9130K(1093120K), 0.0043493 secs]
252196.975: [GC (Allocation Failure)  413610K->9098K(1080832K), 0.0045441 secs]
252197.393: [GC (Allocation Failure)  401290K->9066K(1069056K), 0.0044773 secs]
252197.802: [GC (Allocation Failure)  389482K->9098K(1057792K), 0.0039257 secs]
252198.207: [GC (Allocation Failure)  378250K->9066K(1047040K), 0.0034130 secs]
252198.588: [GC (Allocation Failure)  367466K->9098K(1036800K), 0.0039362 secs]
252198.960: [GC (Allocation Failure)  357258K->9130K(1027072K), 0.0039963 secs]
252199.321: [GC (Allocation Failure)  347562K->9098K(1017856K), 0.0037778 secs]
252199.674: [GC (Allocation Failure)  338314K->9162K(1083904K), 0.0042556 secs]
252200.104: [GC (Allocation Failure)  404426K->9114K(1072128K), 0.0039178 secs]
252200.527: [GC (Allocation Failure)  392602K->9122K(1148928K), 0.0045755 secs]
252201.023: [GC (Allocation Failure)  469410K->9122K(1134592K), 0.0043521 secs]
252201.500: [GC (Allocation Failure)  455074K->9122K(1120768K), 0.0050646 secs]
252201.966: [GC (Allocation Failure)  441250K->9122K(1107456K), 0.0039149 secs]
252202.412: [GC (Allocation Failure)  427938K->9122K(1094656K), 0.0035153 secs]
252202.844: [GC (Allocation Failure)  415138K->9122K(1082368K), 0.0036781 secs]
252203.323: [GC (Allocation Failure)  402850K->9090K(1070592K), 0.0036218 secs]
252203.728: [GC (Allocation Failure)  391042K->9122K(1059328K), 0.0043112 secs]
252204.127: [GC (Allocation Failure)  379810K->9122K(1048576K), 0.0037515 secs]
252204.509: [GC (Allocation Failure)  369058K->9090K(1038336K), 0.0041944 secs]
252204.887: [GC (Allocation Failure)  358786K->9090K(1028608K), 0.0044593 secs]
252205.247: [GC (Allocation Failure)  349058K->9090K(1096704K), 0.0050624 secs]
252205.681: [GC (Allocation Failure)  417154K->9122K(1178624K), 0.0034445 secs]
252206.225: [GC (Allocation Failure)  499106K->9090K(1162752K), 0.0048053 secs]
252206.736: [GC (Allocation Failure)  483202K->9122K(1147904K), 0.0037981 secs]
252207.229: [GC (Allocation Failure)  468386K->9090K(1133568K), 0.0040429 secs]
252207.703: [GC (Allocation Failure)  454018K->9122K(1119744K), 0.0045679 secs]
252208.166: [GC (Allocation Failure)  440226K->9090K(1106432K), 0.0044957 secs]
252208.611: [GC (Allocation Failure)  426882K->9122K(1093632K), 0.0037867 secs]
252209.042: [GC (Allocation Failure)  414114K->9122K(1081344K), 0.0045388 secs]
252209.462: [GC (Allocation Failure)  401826K->9090K(1069568K), 0.0039483 secs]
252209.870: [GC (Allocation Failure)  390018K->9154K(1058304K), 0.0043378 secs]
252210.266: [GC (Allocation Failure)  378818K->9154K(1047552K), 0.0045976 secs]
252210.650: [GC (Allocation Failure)  368066K->9154K(1119744K), 0.0040254 secs]
252211.109: [GC (Allocation Failure)  440258K->9154K(1106432K), 0.0039245 secs]
252211.556: [GC (Allocation Failure)  426946K->9090K(1093632K), 0.0040372 secs]
252212.002: [GC (Allocation Failure)  414082K->9122K(1175040K), 0.0061314 secs]
252212.524: [GC (Allocation Failure)  495522K->9122K(1159168K), 0.0031624 secs]
252213.026: [GC (Allocation Failure)  479650K->9090K(1144320K), 0.0048144 secs]
252213.511: [GC (Allocation Failure)  464770K->9122K(1129984K), 0.0036615 secs]
252213.982: [GC (Allocation Failure)  450466K->9122K(1116160K), 0.0044345 secs]
252214.451: [GC (Allocation Failure)  436642K->9090K(1102848K), 0.0050533 secs]
252214.892: [GC (Allocation Failure)  423298K->9154K(1090560K), 0.0036816 secs]
252215.318: [GC (Allocation Failure)  411074K->9090K(1078784K), 0.0045815 secs]
252215.734: [GC (Allocation Failure)  399234K->9122K(1067520K), 0.0041135 secs]
252216.154: [GC (Allocation Failure)  388002K->9122K(1056256K), 0.0036742 secs]
252216.546: [GC (Allocation Failure)  376738K->9122K(1129984K), 0.0052028 secs]
252217.022: [GC (Allocation Failure)  450466K->9122K(1116160K), 0.0042704 secs]
252217.477: [GC (Allocation Failure)  436642K->9122K(1102848K), 0.0041561 secs]
252217.919: [GC (Allocation Failure)  423330K->9122K(1090560K), 0.0039647 secs]
252218.349: [GC (Allocation Failure)  411042K->9122K(1078784K), 0.0039870 secs]
252218.764: [GC (Allocation Failure)  399266K->9122K(1067520K), 0.0044032 secs]
252219.202: [GC (Allocation Failure)  388002K->9122K(1143296K), 0.0052274 secs]
252219.693: [GC (Allocation Failure)  463778K->9122K(1128960K), 0.0045370 secs]
252220.165: [GC (Allocation Failure)  449442K->9122K(1115136K), 0.0041138 secs]
252220.617: [GC (Allocation Failure)  435618K->9122K(1102336K), 0.0040763 secs]
252221.062: [GC (Allocation Failure)  422818K->9122K(1090048K), 0.0040232 secs]
252221.492: [GC (Allocation Failure)  410530K->9122K(1078272K), 0.0042925 secs]
252221.930: [GC (Allocation Failure)  398754K->9154K(1067008K), 0.0044258 secs]
252222.335: [GC (Allocation Failure)  387522K->9122K(1142784K), 0.0049907 secs]
252222.819: [GC (Allocation Failure)  463266K->9090K(1128448K), 0.0046805 secs]
252223.287: [GC (Allocation Failure)  448898K->9154K(1114624K), 0.0040357 secs]
252223.743: [GC (Allocation Failure)  435138K->9154K(1101824K), 0.0038635 secs]
252224.184: [GC (Allocation Failure)  422338K->9154K(1089536K), 0.0042099 secs]
252224.635: [GC (Allocation Failure)  410050K->9154K(1077760K), 0.0044392 secs]
252225.051: [GC (Allocation Failure)  398274K->9090K(1066496K), 0.0041237 secs]
252225.453: [GC (Allocation Failure)  386946K->9090K(1055744K), 0.0037348 secs]
252225.843: [GC (Allocation Failure)  376194K->9122K(1044992K), 0.0046414 secs]
252226.223: [GC (Allocation Failure)  365474K->9122K(1034752K), 0.0034350 secs]
252226.591: [GC (Allocation Failure)  355234K->9122K(1104384K), 0.0045272 secs]
252227.036: [GC (Allocation Failure)  424866K->9090K(1091584K), 0.0034629 secs]
252227.466: [GC (Allocation Failure)  412034K->9090K(1079808K), 0.0039883 secs]
252227.883: [GC (Allocation Failure)  400258K->9122K(1068032K), 0.0044989 secs]
252228.287: [GC (Allocation Failure)  388514K->9122K(1144320K), 0.0061217 secs]
252228.777: [GC (Allocation Failure)  464802K->9122K(1235456K), 0.0039239 secs]
252229.362: [GC (Allocation Failure)  555938K->9154K(1217024K), 0.0038140 secs]
252229.937: [GC (Allocation Failure)  537538K->9154K(1199616K), 0.0043142 secs]
252230.481: [GC (Allocation Failure)  520130K->9154K(1182720K), 0.0036775 secs]
252231.024: [GC (Allocation Failure)  503234K->9154K(1166848K), 0.0040267 secs]
252231.531: [GC (Allocation Failure)  487362K->9090K(1151488K), 0.0038519 secs]
252232.021: [GC (Allocation Failure)  471938K->9122K(1136640K), 0.0050122 secs]
252232.496: [GC (Allocation Failure)  457122K->9154K(1122816K), 0.0043756 secs]
252232.961: [GC (Allocation Failure)  443330K->9122K(1109504K), 0.0036822 secs]
252233.406: [GC (Allocation Failure)  429986K->9154K(1096704K), 0.0037249 secs]
252233.840: [GC (Allocation Failure)  417218K->9090K(1084416K), 0.0039599 secs]
252234.263: [GC (Allocation Failure)  404866K->9122K(1072640K), 0.0038463 secs]
252234.670: [GC (Allocation Failure)  393122K->9122K(1061376K), 0.0037670 secs]
252235.090: [GC (Allocation Failure)  381858K->9090K(1050624K), 0.0049006 secs]
252235.479: [GC (Allocation Failure)  371074K->9122K(1123328K), 0.0048803 secs]
252235.942: [GC (Allocation Failure)  443810K->9154K(1110016K), 0.0035644 secs]
252236.389: [GC (Allocation Failure)  430530K->9122K(1097216K), 0.0038519 secs]
252236.824: [GC (Allocation Failure)  417698K->9122K(1084928K), 0.0039864 secs]
252237.245: [GC (Allocation Failure)  405410K->9154K(1073152K), 0.0046055 secs]
252237.660: [GC (Allocation Failure)  393666K->9122K(1150464K), 0.0057049 secs]
252238.155: [GC (Allocation Failure)  470946K->9122K(1136128K), 0.0037301 secs]
252238.633: [GC (Allocation Failure)  456610K->9122K(1122304K), 0.0045867 secs]
252239.093: [GC (Allocation Failure)  442786K->9154K(1108992K), 0.0033770 secs]
252239.542: [GC (Allocation Failure)  429506K->9122K(1096192K), 0.0034480 secs]
252239.977: [GC (Allocation Failure)  416674K->9122K(1083904K), 0.0037529 secs]
252240.400: [GC (Allocation Failure)  404386K->9154K(1072128K), 0.0038337 secs]
252240.809: [GC (Allocation Failure)  392642K->9122K(1060864K), 0.0034541 secs]
252241.205: [GC (Allocation Failure)  381346K->9122K(1050112K), 0.0041770 secs]
252241.596: [GC (Allocation Failure)  370594K->9122K(1039872K), 0.0046006 secs]
252241.971: [GC (Allocation Failure)  360354K->9154K(1030144K), 0.0036242 secs]
252242.335: [GC (Allocation Failure)  350658K->9090K(1020928K), 0.0034967 secs]
252242.709: [GC (Allocation Failure)  341378K->9122K(1011712K), 0.0040443 secs]
252243.057: [GC (Allocation Failure)  332194K->9122K(1076736K), 0.0041554 secs]
252243.472: [GC (Allocation Failure)  397218K->9122K(1154560K), 0.0039643 secs]
252243.968: [GC (Allocation Failure)  475042K->9090K(1139712K), 0.0033822 secs]
252244.463: [GC (Allocation Failure)  460162K->9122K(1125376K), 0.0033091 secs]
252244.927: [GC (Allocation Failure)  445858K->9122K(1112064K), 0.0041222 secs]
252245.383: [GC (Allocation Failure)  432546K->9090K(1099264K), 0.0045038 secs]
252245.837: [GC (Allocation Failure)  419714K->9122K(1086976K), 0.0038142 secs]
252246.262: [GC (Allocation Failure)  407458K->9122K(1075200K), 0.0028402 secs]
252246.670: [GC (Allocation Failure)  395682K->9122K(1063936K), 0.0027686 secs]
252247.070: [GC (Allocation Failure)  384418K->9090K(1053184K), 0.0038565 secs]
252247.459: [GC (Allocation Failure)  373634K->9122K(1042944K), 0.0035459 secs]
252247.847: [GC (Allocation Failure)  363426K->9090K(1032704K), 0.0031580 secs]
252248.214: [GC (Allocation Failure)  353154K->9154K(1022976K), 0.0039966 secs]
252248.568: [GC (Allocation Failure)  343490K->9122K(1013760K), 0.0034297 secs]
252248.915: [GC (Allocation Failure)  334242K->9122K(1005056K), 0.0036859 secs]
252249.253: [GC (Allocation Failure)  325538K->9090K(996352K), 0.0039436 secs]
252249.582: [GC (Allocation Failure)  316802K->9122K(1058304K), 0.0037904 secs]
252249.976: [GC (Allocation Failure)  378786K->9122K(1047552K), 0.0035756 secs]
252250.358: [GC (Allocation Failure)  368034K->9154K(1037312K), 0.0035371 secs]
252250.729: [GC (Allocation Failure)  357826K->9154K(1027584K), 0.0032675 secs]
252251.118: [GC (Allocation Failure)  348098K->9122K(1018368K), 0.0041977 secs]
252251.474: [GC (Allocation Failure)  338850K->9122K(1084416K), 0.0041526 secs]
252251.898: [GC (Allocation Failure)  404898K->9122K(1072640K), 0.0038064 secs]
252252.308: [GC (Allocation Failure)  393122K->9122K(1061376K), 0.0034833 secs]
252252.704: [GC (Allocation Failure)  381858K->9122K(1050624K), 0.0034699 secs]
252253.113: [GC (Allocation Failure)  371106K->9090K(1040384K), 0.0038955 secs]
252253.487: [GC (Allocation Failure)  360834K->9122K(1030656K), 0.0034017 secs]
252253.853: [GC (Allocation Failure)  351138K->9090K(1020928K), 0.0035003 secs]
252254.209: [GC (Allocation Failure)  341378K->9122K(1011712K), 0.0040833 secs]
252254.556: [GC (Allocation Failure)  332194K->9122K(1003008K), 0.0035283 secs]
252254.890: [GC (Allocation Failure)  323490K->9122K(994816K), 0.0033814 secs]
252255.227: [GC (Allocation Failure)  315298K->9090K(986624K), 0.0035529 secs]
252255.560: [GC (Allocation Failure)  307074K->9090K(978944K), 0.0033206 secs]
252255.869: [GC (Allocation Failure)  299394K->9122K(1037312K), 0.0041491 secs]
252256.263: [GC (Allocation Failure)  357794K->9122K(1107456K), 0.0048395 secs]
252256.711: [GC (Allocation Failure)  427938K->9090K(1191424K), 0.0037841 secs]
252257.244: [GC (Allocation Failure)  511874K->9058K(1175040K), 0.0036569 secs]
252257.761: [GC (Allocation Failure)  495458K->9122K(1159168K), 0.0036554 secs]
252258.261: [GC (Allocation Failure)  479650K->9122K(1144320K), 0.0035831 secs]
252258.744: [GC (Allocation Failure)  464802K->9122K(1129984K), 0.0033598 secs]
252259.213: [GC (Allocation Failure)  450466K->9122K(1116160K), 0.0041876 secs]
252259.668: [GC (Allocation Failure)  436642K->9154K(1102848K), 0.0037103 secs]
252260.110: [GC (Allocation Failure)  423362K->9090K(1090560K), 0.0039213 secs]
252260.537: [GC (Allocation Failure)  411010K->9122K(1078784K), 0.0035956 secs]
252260.954: [GC (Allocation Failure)  399266K->9122K(1067520K), 0.0041499 secs]
252261.375: [GC (Allocation Failure)  388002K->9090K(1056256K), 0.0045426 secs]
252261.767: [GC (Allocation Failure)  376706K->9090K(1045504K), 0.0040762 secs]
252262.147: [GC (Allocation Failure)  365954K->9122K(1035264K), 0.0043093 secs]
252262.522: [GC (Allocation Failure)  355746K->9090K(1025536K), 0.0035928 secs]
252262.881: [GC (Allocation Failure)  345986K->9122K(1016320K), 0.0031212 secs]
252263.229: [GC (Allocation Failure)  336802K->9122K(1081856K), 0.0045855 secs]
252263.651: [GC (Allocation Failure)  402338K->9122K(1070080K), 0.0037243 secs]
252264.056: [GC (Allocation Failure)  390562K->9122K(1058816K), 0.0037019 secs]
252264.449: [GC (Allocation Failure)  379298K->9090K(1048064K), 0.0038226 secs]
252264.832: [GC (Allocation Failure)  368514K->9122K(1037824K), 0.0037953 secs]
252265.204: [GC (Allocation Failure)  358306K->9090K(1028096K), 0.0039167 secs]
252265.567: [GC (Allocation Failure)  348546K->9154K(1018880K), 0.0039013 secs]
252265.919: [GC (Allocation Failure)  339394K->9154K(1084928K), 0.0040007 secs]
252266.340: [GC (Allocation Failure)  405442K->9122K(1164288K), 0.0040445 secs]
252266.846: [GC (Allocation Failure)  484770K->9090K(1148928K), 0.0038774 secs]
252267.337: [GC (Allocation Failure)  469378K->9154K(1134592K), 0.0037708 secs]
252267.811: [GC (Allocation Failure)  455106K->9154K(1120768K), 0.0039535 secs]
252268.268: [GC (Allocation Failure)  441282K->9122K(1107456K), 0.0030631 secs]
252268.712: [GC (Allocation Failure)  427938K->9090K(1094656K), 0.0041722 secs]
252269.149: [GC (Allocation Failure)  415106K->9090K(1082368K), 0.0040166 secs]
252269.571: [GC (Allocation Failure)  402818K->9090K(1070592K), 0.0037022 secs]
252269.992: [GC (Allocation Failure)  391042K->9122K(1059328K), 0.0041150 secs]
252270.392: [GC (Allocation Failure)  379810K->9122K(1048576K), 0.0039849 secs]
252270.793: [GC (Allocation Failure)  369058K->9122K(1038336K), 0.0043270 secs]
252271.167: [GC (Allocation Failure)  358818K->9122K(1028608K), 0.0035487 secs]
252271.533: [GC (Allocation Failure)  349090K->9154K(1019392K), 0.0037798 secs]
252271.906: [GC (Allocation Failure)  339906K->9122K(1010176K), 0.0033958 secs]
252272.249: [GC (Allocation Failure)  330658K->9090K(1001472K), 0.0038467 secs]
252272.583: [GC (Allocation Failure)  321922K->9090K(1064448K), 0.0038243 secs]
252272.984: [GC (Allocation Failure)  384898K->9090K(1053696K), 0.0038422 secs]
252273.373: [GC (Allocation Failure)  374146K->9122K(1043456K), 0.0034128 secs]
252273.750: [GC (Allocation Failure)  363938K->9122K(1033216K), 0.0031158 secs]
252274.124: [GC (Allocation Failure)  353698K->9090K(1023488K), 0.0033973 secs]
252274.481: [GC (Allocation Failure)  343938K->9058K(1014272K), 0.0034066 secs]
252274.826: [GC (Allocation Failure)  334690K->9122K(1005568K), 0.0037675 secs]
252275.161: [GC (Allocation Failure)  326050K->9122K(996864K), 0.0033892 secs]
252275.489: [GC (Allocation Failure)  317346K->9122K(988672K), 0.0036361 secs]
252275.809: [GC (Allocation Failure)  309154K->9154K(1049088K), 0.0038628 secs]
252276.192: [GC (Allocation Failure)  369602K->9122K(1038848K), 0.0030666 secs]
252276.564: [GC (Allocation Failure)  359330K->9122K(1029120K), 0.0032651 secs]
252276.951: [GC (Allocation Failure)  349602K->9090K(1019904K), 0.0031138 secs]
252277.302: [GC (Allocation Failure)  340354K->9122K(1010688K), 0.0032115 secs]
252277.645: [GC (Allocation Failure)  331170K->9122K(1001984K), 0.0034634 secs]
252277.978: [GC (Allocation Failure)  322466K->9122K(993792K), 0.0033964 secs]
252278.304: [GC (Allocation Failure)  314274K->9122K(985600K), 0.0034635 secs]
252278.636: [GC (Allocation Failure)  306082K->9122K(1044992K), 0.0039010 secs]
252279.017: [GC (Allocation Failure)  365474K->9122K(1034752K), 0.0037032 secs]
252279.402: [GC (Allocation Failure)  355234K->9122K(1025024K), 0.0035441 secs]
252279.761: [GC (Allocation Failure)  345506K->9154K(1015808K), 0.0031314 secs]
252280.111: [GC (Allocation Failure)  336322K->9090K(1007104K), 0.0033439 secs]
252280.450: [GC (Allocation Failure)  327554K->9122K(998400K), 0.0029177 secs]
252280.781: [GC (Allocation Failure)  318882K->9122K(990208K), 0.0037709 secs]
252281.103: [GC (Allocation Failure)  310690K->9122K(982528K), 0.0036114 secs]
252281.420: [GC (Allocation Failure)  303010K->9090K(1041408K), 0.0037125 secs]
252281.797: [GC (Allocation Failure)  361858K->9122K(1031680K), 0.0035100 secs]
252282.194: [GC (Allocation Failure)  352162K->9122K(1021952K), 0.0032545 secs]
252282.549: [GC (Allocation Failure)  342434K->9122K(1012736K), 0.0038150 secs]
252282.894: [GC (Allocation Failure)  333218K->9154K(1004032K), 0.0032970 secs]
252283.229: [GC (Allocation Failure)  324546K->9122K(995840K), 0.0026190 secs]
252283.556: [GC (Allocation Failure)  316322K->9122K(987648K), 0.0029540 secs]
252283.875: [GC (Allocation Failure)  308130K->9154K(979968K), 0.0026896 secs]
252284.186: [GC (Allocation Failure)  300482K->9122K(972288K), 0.0029878 secs]
252284.487: [GC (Allocation Failure)  292770K->9058K(965120K), 0.0028716 secs]
252284.780: [GC (Allocation Failure)  285538K->9090K(958464K), 0.0029807 secs]
252285.067: [GC (Allocation Failure)  278914K->9122K(951808K), 0.0030631 secs]
252285.347: [GC (Allocation Failure)  272290K->9122K(945664K), 0.0028020 secs]
252285.620: [GC (Allocation Failure)  266146K->9090K(997376K), 0.0036128 secs]
252285.949: [GC (Allocation Failure)  317826K->9122K(1059328K), 0.0035014 secs]
252286.365: [GC (Allocation Failure)  379810K->9090K(1048576K), 0.0035189 secs]
252286.748: [GC (Allocation Failure)  369026K->9090K(1038336K), 0.0031857 secs]
252287.121: [GC (Allocation Failure)  358786K->9122K(1028608K), 0.0041840 secs]
252287.488: [GC (Allocation Failure)  349090K->9122K(1019392K), 0.0033334 secs]
252287.841: [GC (Allocation Failure)  339874K->9122K(1010176K), 0.0035183 secs]
252288.185: [GC (Allocation Failure)  330658K->9090K(1001472K), 0.0036452 secs]
252288.521: [GC (Allocation Failure)  321922K->9122K(993280K), 0.0029686 secs]
252288.845: [GC (Allocation Failure)  313762K->9122K(985088K), 0.0033629 secs]
252289.162: [GC (Allocation Failure)  305570K->9122K(977408K), 0.0031639 secs]
252289.470: [GC (Allocation Failure)  297890K->9090K(970240K), 0.0034152 secs]
252289.771: [GC (Allocation Failure)  290690K->9154K(963072K), 0.0029191 secs]
252290.069: [GC (Allocation Failure)  283586K->9122K(956416K), 0.0027312 secs]
252290.354: [GC (Allocation Failure)  276898K->9090K(949760K), 0.0031394 secs]
252290.644: [GC (Allocation Failure)  270210K->9122K(943616K), 0.0027596 secs]
252290.915: [GC (Allocation Failure)  264098K->9122K(937472K), 0.0027277 secs]
252291.181: [GC (Allocation Failure)  257954K->9122K(931840K), 0.0029000 secs]
252291.440: [GC (Allocation Failure)  252322K->9122K(980480K), 0.0029476 secs]
252291.751: [GC (Allocation Failure)  300962K->9122K(972800K), 0.0028950 secs]
252292.055: [GC (Allocation Failure)  293282K->9090K(1029632K), 0.0032591 secs]
252292.418: [GC (Allocation Failure)  350082K->9154K(1020416K), 0.0028707 secs]
252292.797: [GC (Allocation Failure)  340930K->9122K(1011200K), 0.0039560 secs]
252293.143: [GC (Allocation Failure)  331682K->9122K(1002496K), 0.0031744 secs]
252293.477: [GC (Allocation Failure)  322978K->9154K(994304K), 0.0029081 secs]
252293.802: [GC (Allocation Failure)  314818K->9090K(986112K), 0.0035981 secs]
252294.119: [GC (Allocation Failure)  306562K->9122K(978432K), 0.0035584 secs]
252294.429: [GC (Allocation Failure)  298914K->9122K(971264K), 0.0031905 secs]
252294.730: [GC (Allocation Failure)  291746K->9090K(1028096K), 0.0034929 secs]
252295.093: [GC (Allocation Failure)  348546K->9090K(1018880K), 0.0031926 secs]
252295.444: [GC (Allocation Failure)  339330K->9090K(1009664K), 0.0034514 secs]
252295.784: [GC (Allocation Failure)  330114K->9122K(1000960K), 0.0032682 secs]
252296.165: [GC (Allocation Failure)  321442K->9122K(992768K), 0.0034988 secs]
252296.489: [GC (Allocation Failure)  313250K->9122K(984576K), 0.0027595 secs]
252296.804: [GC (Allocation Failure)  305058K->9122K(976896K), 0.0035802 secs]
252297.112: [GC (Allocation Failure)  297378K->9122K(969728K), 0.0033194 secs]
252297.413: [GC (Allocation Failure)  290210K->9122K(1026048K), 0.0032935 secs]
252297.771: [GC (Allocation Failure)  346530K->9122K(1016832K), 0.0030107 secs]
252298.175: [GC (Allocation Failure)  337314K->9122K(1008128K), 0.0036814 secs]
252298.533: [GC (Allocation Failure)  328610K->9090K(999424K), 0.0030638 secs]
252298.863: [GC (Allocation Failure)  319874K->9122K(991232K), 0.0036263 secs]
252299.188: [GC (Allocation Failure)  311714K->9154K(983552K), 0.0034984 secs]
252299.501: [GC (Allocation Failure)  304066K->9122K(975872K), 0.0031846 secs]
252299.809: [GC (Allocation Failure)  296354K->9090K(1033728K), 0.0040490 secs]
252300.177: [GC (Allocation Failure)  354178K->9122K(1102848K), 0.0034991 secs]
252300.619: [GC (Allocation Failure)  423330K->9122K(1090560K), 0.0033692 secs]
252301.045: [GC (Allocation Failure)  411042K->9090K(1078784K), 0.0031779 secs]
252301.459: [GC (Allocation Failure)  399234K->9090K(1067520K), 0.0039893 secs]
252301.861: [GC (Allocation Failure)  387970K->9090K(1056256K), 0.0040435 secs]
252302.253: [GC (Allocation Failure)  376706K->9090K(1045504K), 0.0035010 secs]
252302.632: [GC (Allocation Failure)  365954K->9122K(1035264K), 0.0028101 secs]
252302.999: [GC (Allocation Failure)  355746K->9090K(1025536K), 0.0036498 secs]
252303.380: [GC (Allocation Failure)  345986K->9090K(1016320K), 0.0030857 secs]
252303.728: [GC (Allocation Failure)  336770K->9090K(1007616K), 0.0033689 secs]
252304.067: [GC (Allocation Failure)  328066K->9122K(998912K), 0.0038402 secs]
252304.399: [GC (Allocation Failure)  319394K->9154K(990720K), 0.0038427 secs]
252304.722: [GC (Allocation Failure)  311234K->9122K(1051136K), 0.0036917 secs]
252305.107: [GC (Allocation Failure)  371618K->9122K(1123840K), 0.0037522 secs]
252305.570: [GC (Allocation Failure)  444322K->9154K(1110528K), 0.0033763 secs]
252306.018: [GC (Allocation Failure)  431042K->9122K(1097728K), 0.0034798 secs]
252306.451: [GC (Allocation Failure)  418210K->9122K(1085440K), 0.0036552 secs]
252306.873: [GC (Allocation Failure)  405922K->9090K(1073664K), 0.0039640 secs]
252307.281: [GC (Allocation Failure)  394114K->9122K(1062400K), 0.0041163 secs]
252307.684: [GC (Allocation Failure)  382882K->9090K(1051648K), 0.0031658 secs]
252308.070: [GC (Allocation Failure)  372098K->9122K(1041408K), 0.0209416 secs]
252308.466: [GC (Allocation Failure)  361890K->9090K(1031680K), 0.0043343 secs]
252308.837: [GC (Allocation Failure)  352130K->9090K(1021952K), 0.0035340 secs]
252309.193: [GC (Allocation Failure)  342402K->9122K(1012736K), 0.0030446 secs]
252309.538: [GC (Allocation Failure)  333218K->9154K(1004032K), 0.0032817 secs]
252309.876: [GC (Allocation Failure)  324546K->9090K(995840K), 0.0040278 secs]
252310.204: [GC (Allocation Failure)  316290K->9090K(987648K), 0.0033522 secs]
252310.524: [GC (Allocation Failure)  308098K->9122K(979968K), 0.0033151 secs]
252310.834: [GC (Allocation Failure)  300450K->9090K(1038336K), 0.0034204 secs]
252311.207: [GC (Allocation Failure)  358786K->9122K(1028608K), 0.0035234 secs]
252311.570: [GC (Allocation Failure)  349090K->9122K(1019392K), 0.0034183 secs]
252311.922: [GC (Allocation Failure)  339874K->9090K(1010176K), 0.0034138 secs]
252312.266: [GC (Allocation Failure)  330626K->9122K(1001472K), 0.0037335 secs]
252312.600: [GC (Allocation Failure)  321954K->9058K(1064448K), 0.0036955 secs]
252313.000: [GC (Allocation Failure)  384866K->9154K(1053696K), 0.0036706 secs]
252313.388: [GC (Allocation Failure)  374210K->9122K(1043456K), 0.0036828 secs]
252313.766: [GC (Allocation Failure)  363938K->9122K(1033216K), 0.0035344 secs]
252314.133: [GC (Allocation Failure)  353698K->9122K(1023488K), 0.0042257 secs]
252314.496: [GC (Allocation Failure)  343970K->9122K(1090560K), 0.0038225 secs]
252314.923: [GC (Allocation Failure)  411042K->9154K(1078784K), 0.0027019 secs]
252315.337: [GC (Allocation Failure)  399298K->9122K(1067520K), 0.0032321 secs]
252315.739: [GC (Allocation Failure)  388002K->9122K(1056256K), 0.0033099 secs]
252316.129: [GC (Allocation Failure)  376738K->9122K(1045504K), 0.0043060 secs]
252316.511: [GC (Allocation Failure)  365986K->9090K(1035264K), 0.0030267 secs]
252316.878: [GC (Allocation Failure)  355714K->9122K(1025536K), 0.0034967 secs]
252317.237: [GC (Allocation Failure)  346018K->9122K(1016320K), 0.0031527 secs]
252317.584: [GC (Allocation Failure)  336802K->9122K(1007616K), 0.0042472 secs]
252317.928: [GC (Allocation Failure)  328098K->9090K(998912K), 0.0034075 secs]
252318.259: [GC (Allocation Failure)  319362K->9090K(990720K), 0.0032098 secs]
252318.581: [GC (Allocation Failure)  311170K->9122K(983040K), 0.0027411 secs]
252318.930: [GC (Allocation Failure)  303522K->9122K(975360K), 0.0036289 secs]
252319.235: [GC (Allocation Failure)  295842K->9122K(1032704K), 0.0039567 secs]
252319.603: [GC (Allocation Failure)  353186K->9154K(1101824K), 0.0040376 secs]
252320.046: [GC (Allocation Failure)  422338K->9122K(1089536K), 0.0029969 secs]
252320.471: [GC (Allocation Failure)  410018K->9090K(1077760K), 0.0038647 secs]
252320.883: [GC (Allocation Failure)  398210K->9122K(1066496K), 0.0034134 secs]
252321.284: [GC (Allocation Failure)  386978K->9122K(1055744K), 0.0039073 secs]
252321.673: [GC (Allocation Failure)  376226K->9122K(1044992K), 0.0034981 secs]
252322.052: [GC (Allocation Failure)  365474K->9122K(1034752K), 0.0033106 secs]
252322.418: [GC (Allocation Failure)  355234K->9122K(1025024K), 0.0035207 secs]
252322.775: [GC (Allocation Failure)  345506K->9122K(1015808K), 0.0031503 secs]
252323.123: [GC (Allocation Failure)  336290K->9090K(1007104K), 0.0036353 secs]
252323.463: [GC (Allocation Failure)  327554K->9122K(1071104K), 0.0043682 secs]
252323.869: [GC (Allocation Failure)  391586K->9090K(1147904K), 0.0048960 secs]
252324.398: [GC (Allocation Failure)  468354K->9122K(1133568K), 0.0034065 secs]
252324.871: [GC (Allocation Failure)  454050K->9090K(1119744K), 0.0037964 secs]
252325.330: [GC (Allocation Failure)  440194K->9122K(1106432K), 0.0033239 secs]
252325.775: [GC (Allocation Failure)  426914K->9122K(1093632K), 0.0038446 secs]
252326.206: [GC (Allocation Failure)  414114K->9090K(1081344K), 0.0032263 secs]
252326.623: [GC (Allocation Failure)  401794K->9122K(1069568K), 0.0037557 secs]
252327.029: [GC (Allocation Failure)  390050K->9154K(1058304K), 0.0038204 secs]
252327.426: [GC (Allocation Failure)  378818K->9090K(1047552K), 0.0036085 secs]
252327.811: [GC (Allocation Failure)  368002K->9122K(1037312K), 0.0034646 secs]
252328.182: [GC (Allocation Failure)  357794K->9122K(1027584K), 0.0033109 secs]
252328.543: [GC (Allocation Failure)  348066K->9122K(1018368K), 0.0035918 secs]
252328.895: [GC (Allocation Failure)  338850K->9122K(1009152K), 0.0037160 secs]
252329.266: [GC (Allocation Failure)  329634K->9090K(1000448K), 0.0034565 secs]
252329.599: [GC (Allocation Failure)  320898K->9090K(992256K), 0.0035866 secs]
252329.923: [GC (Allocation Failure)  312706K->9154K(984064K), 0.0031089 secs]
252330.236: [GC (Allocation Failure)  304578K->9154K(1043456K), 0.0038182 secs]
252330.613: [GC (Allocation Failure)  363970K->9122K(1114624K), 0.0039897 secs]
252331.066: [GC (Allocation Failure)  435106K->9122K(1101824K), 0.0035501 secs]
252331.504: [GC (Allocation Failure)  422306K->9058K(1089536K), 0.0039081 secs]
252331.930: [GC (Allocation Failure)  409954K->9122K(1077760K), 0.0035716 secs]
252332.342: [GC (Allocation Failure)  398242K->9122K(1066496K), 0.0031637 secs]
252332.741: [GC (Allocation Failure)  386978K->9090K(1055744K), 0.0040193 secs]
252333.135: [GC (Allocation Failure)  376194K->9090K(1044992K), 0.0029609 secs]
252333.513: [GC (Allocation Failure)  365442K->9122K(1034752K), 0.0033583 secs]
252333.880: [GC (Allocation Failure)  355234K->9090K(1025024K), 0.0028293 secs]
252334.238: [GC (Allocation Failure)  345474K->9122K(1015808K), 0.0038852 secs]
252334.586: [GC (Allocation Failure)  336290K->9090K(1007104K), 0.0034189 secs]
252334.924: [GC (Allocation Failure)  327554K->9090K(998400K), 0.0031468 secs]
252335.253: [GC (Allocation Failure)  318850K->9122K(990208K), 0.0030691 secs]
252335.574: [GC (Allocation Failure)  310690K->9122K(982528K), 0.0035366 secs]
252335.887: [GC (Allocation Failure)  303010K->9090K(974848K), 0.0031905 secs]
252336.191: [GC (Allocation Failure)  295298K->9122K(967680K), 0.0034911 secs]
252336.491: [GC (Allocation Failure)  288162K->9090K(960512K), 0.0028247 secs]
252336.780: [GC (Allocation Failure)  280962K->9090K(953856K), 0.0030333 secs]
252337.061: [GC (Allocation Failure)  274306K->9090K(947200K), 0.0027501 secs]
252337.335: [GC (Allocation Failure)  267650K->9090K(998912K), 0.0045186 secs]
252337.666: [GC (Allocation Failure)  319362K->9122K(1061376K), 0.0031380 secs]
252338.062: [GC (Allocation Failure)  381858K->9122K(1136128K), 0.0045148 secs]
252338.541: [GC (Allocation Failure)  456610K->9122K(1122304K), 0.0033779 secs]
252339.002: [GC (Allocation Failure)  442786K->9154K(1108992K), 0.0032867 secs]
252339.449: [GC (Allocation Failure)  429506K->9090K(1096192K), 0.0042182 secs]
252339.911: [GC (Allocation Failure)  416642K->9090K(1083904K), 0.0038230 secs]
252340.331: [GC (Allocation Failure)  404354K->9122K(1072128K), 0.0046802 secs]
252340.741: [GC (Allocation Failure)  392610K->9154K(1060864K), 0.0027769 secs]
252341.136: [GC (Allocation Failure)  381378K->9122K(1050112K), 0.0030090 secs]
252341.520: [GC (Allocation Failure)  370594K->9122K(1039872K), 0.0030202 secs]
252341.893: [GC (Allocation Failure)  360354K->9090K(1030144K), 0.0036158 secs]
252342.255: [GC (Allocation Failure)  350594K->9122K(1020928K), 0.0030925 secs]
252342.607: [GC (Allocation Failure)  341410K->9090K(1011712K), 0.0038859 secs]
252342.951: [GC (Allocation Failure)  332162K->9122K(1003008K), 0.0030106 secs]
252343.285: [GC (Allocation Failure)  323490K->9090K(994816K), 0.0032454 secs]
252343.612: [GC (Allocation Failure)  315266K->9090K(986624K), 0.0038413 secs]
252343.930: [GC (Allocation Failure)  307074K->9122K(1046528K), 0.0038123 secs]
252344.311: [GC (Allocation Failure)  367010K->9154K(1036288K), 0.0028513 secs]
252344.679: [GC (Allocation Failure)  356802K->9090K(1026560K), 0.0028331 secs]
252345.089: [GC (Allocation Failure)  347010K->9090K(1017344K), 0.0041729 secs]
252345.446: [GC (Allocation Failure)  337794K->9122K(1008640K), 0.0034293 secs]
252345.787: [GC (Allocation Failure)  329122K->9122K(999936K), 0.0034327 secs]
252346.119: [GC (Allocation Failure)  320418K->9154K(991744K), 0.0037341 secs]
252346.470: [GC (Allocation Failure)  312258K->9090K(1052672K), 0.0041651 secs]
252346.862: [GC (Allocation Failure)  373122K->9122K(1042432K), 0.0034870 secs]
252347.241: [GC (Allocation Failure)  362914K->9090K(1032704K), 0.0038186 secs]
252347.608: [GC (Allocation Failure)  353154K->9090K(1022976K), 0.0038948 secs]
252347.964: [GC (Allocation Failure)  343426K->9090K(1090048K), 0.0040435 secs]
252348.392: [GC (Allocation Failure)  410498K->9122K(1078272K), 0.0042410 secs]
252348.812: [GC (Allocation Failure)  398754K->9090K(1067008K), 0.0037271 secs]
252349.216: [GC (Allocation Failure)  387458K->9122K(1056256K), 0.0036640 secs]
252349.613: [GC (Allocation Failure)  376738K->9090K(1045504K), 0.0036437 secs]
252349.994: [GC (Allocation Failure)  365954K->9090K(1035264K), 0.0036144 secs]
252350.365: [GC (Allocation Failure)  355714K->9122K(1025536K), 0.0039961 secs]
252350.728: [GC (Allocation Failure)  346018K->9122K(1016320K), 0.0037202 secs]
252351.077: [GC (Allocation Failure)  336802K->9090K(1007616K), 0.0033911 secs]
252351.417: [GC (Allocation Failure)  328066K->9090K(998912K), 0.0037018 secs]
252351.751: [GC (Allocation Failure)  319362K->9090K(990720K), 0.0033461 secs]
252352.074: [GC (Allocation Failure)  311170K->9122K(983040K), 0.0036383 secs]
252352.388: [GC (Allocation Failure)  303522K->9122K(1041920K), 0.0034628 secs]
252352.764: [GC (Allocation Failure)  362402K->9122K(1032192K), 0.0036669 secs]
252353.131: [GC (Allocation Failure)  352674K->9090K(1022464K), 0.0035499 secs]
252353.487: [GC (Allocation Failure)  342914K->9090K(1013248K), 0.0033203 secs]
252353.836: [GC (Allocation Failure)  333698K->9090K(1004544K), 0.0034977 secs]
252354.172: [GC (Allocation Failure)  324994K->9090K(996352K), 0.0036151 secs]
252354.501: [GC (Allocation Failure)  316802K->9122K(988160K), 0.0031278 secs]
252354.820: [GC (Allocation Failure)  308642K->9122K(1048064K), 0.0049499 secs]
252355.209: [GC (Allocation Failure)  368546K->9058K(1120256K), 0.0039052 secs]
252355.760: [GC (Allocation Failure)  440674K->9122K(1106944K), 0.0041334 secs]
252356.205: [GC (Allocation Failure)  427426K->9090K(1094144K), 0.0035715 secs]
252356.638: [GC (Allocation Failure)  414594K->9122K(1081856K), 0.0047576 secs]
252357.063: [GC (Allocation Failure)  402338K->9122K(1070080K), 0.0039412 secs]
252357.467: [GC (Allocation Failure)  390562K->9090K(1058816K), 0.0040288 secs]
252357.861: [GC (Allocation Failure)  379266K->9122K(1048064K), 0.0041104 secs]
252358.247: [GC (Allocation Failure)  368546K->9122K(1037824K), 0.0038262 secs]
252358.619: [GC (Allocation Failure)  358306K->9090K(1028096K), 0.0033500 secs]
252358.980: [GC (Allocation Failure)  348546K->9090K(1018880K), 0.0044243 secs]
252359.332: [GC (Allocation Failure)  339330K->9122K(1009664K), 0.0032120 secs]
252359.673: [GC (Allocation Failure)  330146K->9122K(1000960K), 0.0036090 secs]
252360.005: [GC (Allocation Failure)  321442K->9090K(1063424K), 0.0040236 secs]
252360.407: [GC (Allocation Failure)  383874K->9122K(1052672K), 0.0037439 secs]
252360.835: [GC (Allocation Failure)  373154K->9090K(1042432K), 0.0032824 secs]
252361.217: [GC (Allocation Failure)  362882K->9090K(1032704K), 0.0032198 secs]
252361.584: [GC (Allocation Failure)  353154K->9090K(1022976K), 0.0036366 secs]
252361.939: [GC (Allocation Failure)  343426K->9090K(1013760K), 0.0034335 secs]
252362.311: [GC (Allocation Failure)  334210K->9090K(1005056K), 0.0033607 secs]
252362.650: [GC (Allocation Failure)  325506K->9122K(996352K), 0.0036037 secs]
252362.985: [GC (Allocation Failure)  316834K->9090K(988160K), 0.0034789 secs]
252363.302: [GC (Allocation Failure)  308610K->9090K(980480K), 0.0037047 secs]
252363.615: [GC (Allocation Failure)  300930K->9122K(1038848K), 0.0035233 secs]
252363.987: [GC (Allocation Failure)  359330K->9122K(1029120K), 0.0036446 secs]
252364.349: [GC (Allocation Failure)  349602K->9122K(1097216K), 0.0039598 secs]
252364.794: [GC (Allocation Failure)  417698K->9122K(1084928K), 0.0038578 secs]
252365.219: [GC (Allocation Failure)  405410K->9122K(1073152K), 0.0033099 secs]
252365.635: [GC (Allocation Failure)  393634K->9058K(1061888K), 0.0036088 secs]
252366.062: [GC (Allocation Failure)  382306K->9090K(1051136K), 0.0036212 secs]
252366.450: [GC (Allocation Failure)  371586K->9122K(1040896K), 0.0036433 secs]
252366.825: [GC (Allocation Failure)  361378K->9122K(1031168K), 0.0034875 secs]
252367.187: [GC (Allocation Failure)  351650K->9122K(1021440K), 0.0036239 secs]
252367.542: [GC (Allocation Failure)  341922K->9122K(1012224K), 0.0039284 secs]
252367.896: [GC (Allocation Failure)  332706K->9090K(1003520K), 0.0037772 secs]
252368.231: [GC (Allocation Failure)  323970K->9122K(995328K), 0.0035022 secs]
252368.558: [GC (Allocation Failure)  315810K->9122K(987136K), 0.0034017 secs]
252368.876: [GC (Allocation Failure)  307618K->9090K(1047040K), 0.0037403 secs]
252369.256: [GC (Allocation Failure)  367490K->9154K(1036800K), 0.0032089 secs]
252369.627: [GC (Allocation Failure)  357314K->9154K(1027072K), 0.0033176 secs]
252369.993: [GC (Allocation Failure)  347586K->9122K(1017856K), 0.0034171 secs]
252370.342: [GC (Allocation Failure)  338338K->9122K(1008640K), 0.0033625 secs]
252370.683: [GC (Allocation Failure)  329122K->9122K(999936K), 0.0032501 secs]
252371.108: [GC (Allocation Failure)  320418K->9090K(991744K), 0.0037031 secs]
252371.432: [GC (Allocation Failure)  312194K->9122K(984064K), 0.0029804 secs]
252371.749: [GC (Allocation Failure)  304546K->9122K(1043456K), 0.0058279 secs]
252372.133: [GC (Allocation Failure)  363938K->9122K(1114624K), 0.0037387 secs]
252372.595: [GC (Allocation Failure)  435106K->9090K(1101824K), 0.0033699 secs]
252373.040: [GC (Allocation Failure)  422274K->9058K(1089536K), 0.0035353 secs]
252373.469: [GC (Allocation Failure)  409954K->9090K(1077760K), 0.0034312 secs]
252373.881: [GC (Allocation Failure)  398210K->9122K(1066496K), 0.0033538 secs]
252374.286: [GC (Allocation Failure)  386978K->9122K(1055744K), 0.0038193 secs]
252374.676: [GC (Allocation Failure)  376226K->9090K(1044992K), 0.0037256 secs]
252375.055: [GC (Allocation Failure)  365442K->9122K(1034752K), 0.0040959 secs]
252375.423: [GC (Allocation Failure)  355234K->9122K(1025024K), 0.0034373 secs]
252375.780: [GC (Allocation Failure)  345506K->9090K(1015808K), 0.0038629 secs]
252376.181: [GC (Allocation Failure)  336258K->9090K(1007104K), 0.0038313 secs]
252376.520: [GC (Allocation Failure)  327554K->9090K(998400K), 0.0035658 secs]
252376.850: [GC (Allocation Failure)  318850K->9090K(990208K), 0.0037683 secs]
252377.170: [GC (Allocation Failure)  310658K->9090K(982528K), 0.0030466 secs]
252377.483: [GC (Allocation Failure)  302978K->9154K(974848K), 0.0033149 secs]
252377.790: [GC (Allocation Failure)  295362K->9122K(967680K), 0.0032834 secs]
252378.086: [GC (Allocation Failure)  288162K->9122K(1023488K), 0.0035754 secs]
252378.443: [GC (Allocation Failure)  343970K->9090K(1014272K), 0.0032213 secs]
252378.790: [GC (Allocation Failure)  334722K->9122K(1005568K), 0.0035648 secs]
252379.127: [GC (Allocation Failure)  326050K->9122K(996864K), 0.0034031 secs]
252379.457: [GC (Allocation Failure)  317346K->9090K(988672K), 0.0033236 secs]
252379.777: [GC (Allocation Failure)  309122K->9122K(1049088K), 0.0036134 secs]
252380.160: [GC (Allocation Failure)  369570K->9090K(1038848K), 0.0035796 secs]
252380.536: [GC (Allocation Failure)  359298K->9090K(1029120K), 0.0039791 secs]
252380.903: [GC (Allocation Failure)  349570K->9090K(1019904K), 0.0037591 secs]
252381.257: [GC (Allocation Failure)  340354K->9090K(1010688K), 0.0036597 secs]
252381.602: [GC (Allocation Failure)  331138K->9122K(1075200K), 0.0040737 secs]
252382.016: [GC (Allocation Failure)  395682K->9122K(1152512K), 0.0046564 secs]
252382.519: [GC (Allocation Failure)  472994K->9090K(1137664K), 0.0037345 secs]
252382.999: [GC (Allocation Failure)  458114K->9122K(1123840K), 0.0040318 secs]
252383.465: [GC (Allocation Failure)  444322K->9122K(1110528K), 0.0031006 secs]
252383.917: [GC (Allocation Failure)  431010K->9122K(1097728K), 0.0037223 secs]
252384.354: [GC (Allocation Failure)  418210K->9122K(1085440K), 0.0036147 secs]
252384.777: [GC (Allocation Failure)  405922K->9122K(1073664K), 0.0046377 secs]
252385.191: [GC (Allocation Failure)  394146K->9122K(1062400K), 0.0033962 secs]
252385.591: [GC (Allocation Failure)  382882K->9090K(1051648K), 0.0035320 secs]
252385.979: [GC (Allocation Failure)  372098K->9122K(1041408K), 0.0039156 secs]
252386.386: [GC (Allocation Failure)  361890K->9122K(1031680K), 0.0037366 secs]
252386.752: [GC (Allocation Failure)  352162K->9122K(1021952K), 0.0030103 secs]
252387.108: [GC (Allocation Failure)  342434K->9122K(1012736K), 0.0051055 secs]
252387.456: [GC (Allocation Failure)  333218K->9122K(1077760K), 0.0043769 secs]
252387.873: [GC (Allocation Failure)  398242K->9090K(1066496K), 0.0034280 secs]
252388.276: [GC (Allocation Failure)  386946K->9090K(1142272K), 0.0045363 secs]
252388.766: [GC (Allocation Failure)  462722K->9122K(1127936K), 0.0040634 secs]
252389.235: [GC (Allocation Failure)  448418K->9154K(1114112K), 0.0035664 secs]
252389.689: [GC (Allocation Failure)  434626K->9122K(1101312K), 0.0033916 secs]
252390.139: [GC (Allocation Failure)  421794K->9122K(1089024K), 0.0034335 secs]
252390.564: [GC (Allocation Failure)  409506K->9154K(1077248K), 0.0034288 secs]
252390.979: [GC (Allocation Failure)  397762K->9122K(1065984K), 0.0042333 secs]
252391.388: [GC (Allocation Failure)  386466K->9090K(1055232K), 0.0038463 secs]
252391.777: [GC (Allocation Failure)  375682K->9090K(1044480K), 0.0038053 secs]
252392.155: [GC (Allocation Failure)  364930K->9122K(1034240K), 0.0041798 secs]
252392.526: [GC (Allocation Failure)  354722K->9090K(1024512K), 0.0039367 secs]
252392.887: [GC (Allocation Failure)  344962K->9090K(1015296K), 0.0039839 secs]
252393.240: [GC (Allocation Failure)  335746K->9122K(1006592K), 0.0037513 secs]
252393.578: [GC (Allocation Failure)  327074K->9122K(997888K), 0.0035864 secs]
252393.909: [GC (Allocation Failure)  318370K->9122K(1059840K), 0.0035125 secs]
252394.305: [GC (Allocation Failure)  380322K->9090K(1049088K), 0.0032030 secs]
252394.691: [GC (Allocation Failure)  369538K->9122K(1038848K), 0.0042213 secs]
252395.065: [GC (Allocation Failure)  359330K->9122K(1108992K), 0.0043150 secs]
252395.513: [GC (Allocation Failure)  429474K->9122K(1096192K), 0.0035680 secs]
252395.946: [GC (Allocation Failure)  416674K->9090K(1083904K), 0.0035260 secs]
252396.366: [GC (Allocation Failure)  404354K->9090K(1072128K), 0.0049739 secs]
252396.781: [GC (Allocation Failure)  392578K->9122K(1060864K), 0.0042567 secs]
252397.207: [GC (Allocation Failure)  381346K->9154K(1050112K), 0.0039194 secs]
252397.591: [GC (Allocation Failure)  370626K->9090K(1039872K), 0.0037862 secs]
252397.979: [GC (Allocation Failure)  360322K->9090K(1030144K), 0.0038704 secs]
252398.341: [GC (Allocation Failure)  350594K->9122K(1020928K), 0.0035838 secs]
252398.696: [GC (Allocation Failure)  341410K->9122K(1011712K), 0.0039047 secs]
252399.039: [GC (Allocation Failure)  332194K->9090K(1076736K), 0.0041293 secs]
252399.454: [GC (Allocation Failure)  397186K->9122K(1065472K), 0.0035043 secs]
252399.859: [GC (Allocation Failure)  385954K->9090K(1054720K), 0.0039794 secs]
252400.253: [GC (Allocation Failure)  375170K->9090K(1044480K), 0.0041269 secs]
252400.637: [GC (Allocation Failure)  364930K->9122K(1034240K), 0.0036840 secs]
252401.004: [GC (Allocation Failure)  354722K->9122K(1024512K), 0.0036788 secs]
252401.360: [GC (Allocation Failure)  344994K->9122K(1015296K), 0.0037439 secs]
252401.707: [GC (Allocation Failure)  335778K->9090K(1080832K), 0.0038830 secs]
252402.124: [GC (Allocation Failure)  401282K->9122K(1069056K), 0.0042014 secs]
252402.532: [GC (Allocation Failure)  389538K->9122K(1057792K), 0.0037311 secs]
252402.926: [GC (Allocation Failure)  378274K->9090K(1047040K), 0.0043604 secs]
252403.307: [GC (Allocation Failure)  367490K->9122K(1036800K), 0.0039939 secs]
252403.678: [GC (Allocation Failure)  357282K->9122K(1027072K), 0.0038513 secs]
252404.038: [GC (Allocation Failure)  347554K->9122K(1017856K), 0.0034900 secs]
252404.390: [GC (Allocation Failure)  338338K->9122K(1083904K), 0.0038739 secs]
252404.814: [GC (Allocation Failure)  404386K->9122K(1072128K), 0.0042376 secs]
252405.237: [GC (Allocation Failure)  392610K->9090K(1148928K), 0.0046391 secs]
252405.733: [GC (Allocation Failure)  469378K->9122K(1134592K), 0.0032747 secs]
252406.208: [GC (Allocation Failure)  455074K->9122K(1120768K), 0.0050150 secs]
252406.676: [GC (Allocation Failure)  441250K->9122K(1107456K), 0.0041703 secs]
252407.126: [GC (Allocation Failure)  427938K->9122K(1094656K), 0.0036933 secs]
252407.587: [GC (Allocation Failure)  415138K->9122K(1082368K), 0.0039178 secs]
252408.018: [GC (Allocation Failure)  402850K->9154K(1070592K), 0.0039552 secs]
252408.429: [GC (Allocation Failure)  391106K->9122K(1059328K), 0.0034001 secs]
252408.823: [GC (Allocation Failure)  379810K->9090K(1048576K), 0.0040052 secs]
252409.211: [GC (Allocation Failure)  369026K->9122K(1038336K), 0.0038064 secs]
252409.585: [GC (Allocation Failure)  358818K->9122K(1028608K), 0.0035083 secs]
252409.948: [GC (Allocation Failure)  349090K->9090K(1019392K), 0.0042533 secs]
252410.306: [GC (Allocation Failure)  339842K->9090K(1010176K), 0.0041341 secs]
252410.651: [GC (Allocation Failure)  330626K->9090K(1074688K), 0.0038287 secs]
252411.064: [GC (Allocation Failure)  395138K->9122K(1063424K), 0.0039065 secs]
252411.462: [GC (Allocation Failure)  383906K->9122K(1138688K), 0.0043904 secs]
252411.990: [GC (Allocation Failure)  459170K->9122K(1124864K), 0.0039286 secs]
252412.458: [GC (Allocation Failure)  445346K->9122K(1111552K), 0.0034844 secs]
252412.934: [GC (Allocation Failure)  432034K->9122K(1098752K), 0.0034311 secs]
252413.374: [GC (Allocation Failure)  419234K->9122K(1086464K), 0.0039348 secs]
252413.806: [GC (Allocation Failure)  406946K->9090K(1074688K), 0.0044267 secs]
252414.221: [GC (Allocation Failure)  395138K->9090K(1063424K), 0.0034456 secs]
252414.626: [GC (Allocation Failure)  383874K->9154K(1052672K), 0.0029391 secs]
252415.013: [GC (Allocation Failure)  373186K->9090K(1042432K), 0.0035480 secs]
252415.391: [GC (Allocation Failure)  362882K->9090K(1032704K), 0.0034305 secs]
252415.761: [GC (Allocation Failure)  353154K->9122K(1022976K), 0.0041035 secs]
252416.123: [GC (Allocation Failure)  343458K->9122K(1013760K), 0.0032136 secs]
252416.489: [GC (Allocation Failure)  334242K->9122K(1005056K), 0.0035952 secs]
252416.826: [GC (Allocation Failure)  325538K->9090K(1068544K), 0.0045177 secs]
252417.237: [GC (Allocation Failure)  388994K->9090K(1057280K), 0.0032578 secs]
252417.629: [GC (Allocation Failure)  377730K->9122K(1046528K), 0.0033905 secs]
252418.041: [GC (Allocation Failure)  367010K->9090K(1036288K), 0.0038205 secs]
252418.413: [GC (Allocation Failure)  356738K->9122K(1026560K), 0.0033038 secs]
252418.772: [GC (Allocation Failure)  347042K->9090K(1017344K), 0.0033616 secs]
252419.136: [GC (Allocation Failure)  337794K->9090K(1008640K), 0.0033752 secs]
252419.480: [GC (Allocation Failure)  329090K->9122K(999936K), 0.0038090 secs]
252419.812: [GC (Allocation Failure)  320418K->9122K(991744K), 0.0032598 secs]
252420.136: [GC (Allocation Failure)  312226K->9154K(984064K), 0.0037326 secs]
252420.453: [GC (Allocation Failure)  304578K->9122K(1043456K), 0.0037015 secs]
252420.829: [GC (Allocation Failure)  363938K->9122K(1033216K), 0.0034662 secs]
252421.197: [GC (Allocation Failure)  353698K->9090K(1023488K), 0.0033940 secs]
252421.553: [GC (Allocation Failure)  343938K->9122K(1014272K), 0.0033670 secs]
252421.899: [GC (Allocation Failure)  334754K->9090K(1005568K), 0.0035210 secs]
252422.236: [GC (Allocation Failure)  326018K->9122K(996864K), 0.0035085 secs]
252422.564: [GC (Allocation Failure)  317346K->9122K(988672K), 0.0034718 secs]
252422.883: [GC (Allocation Failure)  309154K->9090K(1049088K), 0.0037568 secs]
252423.303: [GC (Allocation Failure)  369538K->9090K(1038848K), 0.0032214 secs]
252423.694: [GC (Allocation Failure)  359298K->9090K(1029120K), 0.0031826 secs]
252424.058: [GC (Allocation Failure)  349570K->9090K(1019904K), 0.0028864 secs]
252424.410: [GC (Allocation Failure)  340354K->9122K(1010688K), 0.0031438 secs]
252424.753: [GC (Allocation Failure)  331170K->9122K(1001984K), 0.0031371 secs]
252425.086: [GC (Allocation Failure)  322466K->9122K(993792K), 0.0030676 secs]
252425.411: [GC (Allocation Failure)  314274K->9090K(985600K), 0.0032696 secs]
252425.727: [GC (Allocation Failure)  306050K->9154K(977920K), 0.0029785 secs]
252426.055: [GC (Allocation Failure)  298434K->9122K(970752K), 0.0031553 secs]
252426.354: [GC (Allocation Failure)  291234K->9122K(963584K), 0.0030958 secs]
252426.647: [GC (Allocation Failure)  284066K->9090K(956928K), 0.0032195 secs]
252426.933: [GC (Allocation Failure)  277378K->9122K(950272K), 0.0030736 secs]
252427.213: [GC (Allocation Failure)  270754K->9122K(1003008K), 0.0034102 secs]
252427.548: [GC (Allocation Failure)  323490K->9122K(1065984K), 0.0032572 secs]
252427.951: [GC (Allocation Failure)  386466K->9090K(1055232K), 0.0033936 secs]
252428.340: [GC (Allocation Failure)  375682K->9122K(1044480K), 0.0033247 secs]
252428.716: [GC (Allocation Failure)  364962K->9122K(1034240K), 0.0032681 secs]
252429.080: [GC (Allocation Failure)  354722K->9090K(1024512K), 0.0030427 secs]
252429.438: [GC (Allocation Failure)  344962K->9122K(1015296K), 0.0030216 secs]
252429.784: [GC (Allocation Failure)  335778K->9154K(1006592K), 0.0033890 secs]
252430.124: [GC (Allocation Failure)  327106K->9122K(997888K), 0.0037007 secs]
252430.453: [GC (Allocation Failure)  318370K->9122K(989696K), 0.0030813 secs]
252430.773: [GC (Allocation Failure)  310178K->9122K(982016K), 0.0031971 secs]
252431.085: [GC (Allocation Failure)  302498K->9122K(974336K), 0.0032815 secs]
252431.388: [GC (Allocation Failure)  294818K->9154K(967168K), 0.0033522 secs]
252431.686: [GC (Allocation Failure)  287682K->9122K(960000K), 0.0031403 secs]
252431.976: [GC (Allocation Failure)  280482K->9090K(1014272K), 0.0032175 secs]
252432.322: [GC (Allocation Failure)  334722K->9122K(1005568K), 0.0027421 secs]
252432.660: [GC (Allocation Failure)  326050K->9122K(996864K), 0.0032976 secs]
252432.989: [GC (Allocation Failure)  317346K->9122K(988672K), 0.0035680 secs]
252433.333: [GC (Allocation Failure)  309154K->9090K(980992K), 0.0031732 secs]
252433.644: [GC (Allocation Failure)  301442K->9122K(1039872K), 0.0041337 secs]
252434.019: [GC (Allocation Failure)  360354K->9154K(1110528K), 0.0036710 secs]
252434.467: [GC (Allocation Failure)  431042K->9090K(1097728K), 0.0039399 secs]
252434.904: [GC (Allocation Failure)  418178K->9090K(1085440K), 0.0035362 secs]
252435.324: [GC (Allocation Failure)  405890K->9122K(1073664K), 0.0035737 secs]
252435.734: [GC (Allocation Failure)  394146K->9122K(1062400K), 0.0029147 secs]
252436.130: [GC (Allocation Failure)  382882K->9122K(1051648K), 0.0028717 secs]
252436.515: [GC (Allocation Failure)  372130K->9090K(1041408K), 0.0035152 secs]
252436.892: [GC (Allocation Failure)  361858K->9122K(1031680K), 0.0031386 secs]
252437.259: [GC (Allocation Failure)  352162K->9122K(1021952K), 0.0034400 secs]
252437.615: [GC (Allocation Failure)  342434K->9122K(1012736K), 0.0032805 secs]
252437.959: [GC (Allocation Failure)  333218K->9122K(1004032K), 0.0034955 secs]
252438.296: [GC (Allocation Failure)  324514K->9122K(995840K), 0.0031275 secs]
252438.625: [GC (Allocation Failure)  316322K->9154K(987648K), 0.0037510 secs]
252438.943: [GC (Allocation Failure)  308162K->9090K(1047552K), 0.0042803 secs]
252439.328: [GC (Allocation Failure)  368002K->9154K(1037312K), 0.0033613 secs]
252439.697: [GC (Allocation Failure)  357826K->9090K(1027584K), 0.0038371 secs]
252440.062: [GC (Allocation Failure)  348034K->9090K(1095680K), 0.0039666 secs]
252440.496: [GC (Allocation Failure)  416130K->9090K(1083392K), 0.0033981 secs]
252440.915: [GC (Allocation Failure)  403842K->9090K(1071616K), 0.0037820 secs]
252441.322: [GC (Allocation Failure)  392066K->9122K(1060352K), 0.0033214 secs]
252441.746: [GC (Allocation Failure)  380834K->9122K(1049600K), 0.0034507 secs]
252442.151: [GC (Allocation Failure)  370082K->9090K(1039360K), 0.0029813 secs]
252442.525: [GC (Allocation Failure)  359810K->9122K(1029632K), 0.0027809 secs]
252442.889: [GC (Allocation Failure)  350114K->9122K(1020416K), 0.0031704 secs]
252443.242: [GC (Allocation Failure)  340898K->9122K(1011200K), 0.0035233 secs]
252443.587: [GC (Allocation Failure)  331682K->9122K(1002496K), 0.0036918 secs]
252443.978: [GC (Allocation Failure)  322978K->9090K(994304K), 0.0029520 secs]
252444.303: [GC (Allocation Failure)  314754K->9154K(986112K), 0.0027667 secs]
252444.619: [GC (Allocation Failure)  306626K->9122K(978432K), 0.0036481 secs]
252444.928: [GC (Allocation Failure)  298914K->9122K(971264K), 0.0037785 secs]
252445.230: [GC (Allocation Failure)  291746K->9122K(964096K), 0.0030819 secs]
252445.524: [GC (Allocation Failure)  284578K->9090K(1019392K), 0.0034848 secs]
252445.876: [GC (Allocation Failure)  339842K->9090K(1010176K), 0.0034155 secs]
252446.218: [GC (Allocation Failure)  330626K->9122K(1074688K), 0.0037635 secs]
252446.628: [GC (Allocation Failure)  395170K->9122K(1063424K), 0.0034468 secs]
252447.026: [GC (Allocation Failure)  383906K->9122K(1052672K), 0.0034613 secs]
252447.413: [GC (Allocation Failure)  373154K->9122K(1042432K), 0.0041584 secs]
252447.793: [GC (Allocation Failure)  362914K->9090K(1032704K), 0.0035768 secs]
252448.163: [GC (Allocation Failure)  353154K->9090K(1022976K), 0.0034945 secs]
252448.519: [GC (Allocation Failure)  343426K->9090K(1013760K), 0.0033479 secs]
252448.867: [GC (Allocation Failure)  334210K->9122K(1005056K), 0.0033035 secs]
252449.206: [GC (Allocation Failure)  325538K->9122K(996352K), 0.0033891 secs]
252449.534: [GC (Allocation Failure)  316834K->9122K(988160K), 0.0034503 secs]
252449.858: [GC (Allocation Failure)  308642K->9122K(1048064K), 0.0044128 secs]
252450.239: [GC (Allocation Failure)  368546K->9122K(1120256K), 0.0037623 secs]
252450.697: [GC (Allocation Failure)  440738K->9090K(1106944K), 0.0036098 secs]
252451.146: [GC (Allocation Failure)  427394K->9122K(1094144K), 0.0031874 secs]
252451.576: [GC (Allocation Failure)  414626K->9122K(1081856K), 0.0033629 secs]
252451.994: [GC (Allocation Failure)  402338K->9122K(1070080K), 0.0033848 secs]
252452.400: [GC (Allocation Failure)  390562K->9090K(1058816K), 0.0035850 secs]
252452.793: [GC (Allocation Failure)  379266K->9122K(1048064K), 0.0033636 secs]
252453.175: [GC (Allocation Failure)  368546K->9154K(1037824K), 0.0029956 secs]
252453.546: [GC (Allocation Failure)  358338K->9090K(1028096K), 0.0033556 secs]
252453.908: [GC (Allocation Failure)  348546K->9122K(1018880K), 0.0120350 secs]
252454.274: [GC (Allocation Failure)  339362K->9122K(1009664K), 0.0034006 secs]
252454.617: [GC (Allocation Failure)  330146K->9122K(1000960K), 0.0032030 secs]
252454.952: [GC (Allocation Failure)  321442K->9122K(992768K), 0.0038107 secs]
252455.276: [GC (Allocation Failure)  313250K->9122K(984576K), 0.0033909 secs]
252455.591: [GC (Allocation Failure)  305058K->9122K(976896K), 0.0034319 secs]
252455.899: [GC (Allocation Failure)  297378K->9090K(969728K), 0.0034155 secs]
252456.198: [GC (Allocation Failure)  290178K->9122K(1026048K), 0.0034079 secs]
252456.559: [GC (Allocation Failure)  346530K->9090K(1016832K), 0.0033298 secs]
252456.907: [GC (Allocation Failure)  337282K->9122K(1008128K), 0.0033668 secs]
252457.247: [GC (Allocation Failure)  328610K->9122K(999424K), 0.0031862 secs]
252457.580: [GC (Allocation Failure)  319906K->9122K(991232K), 0.0030845 secs]
252457.902: [GC (Allocation Failure)  311714K->9122K(983552K), 0.0036263 secs]
252458.216: [GC (Allocation Failure)  304034K->9122K(1042944K), 0.0035929 secs]
252458.595: [GC (Allocation Failure)  363426K->9090K(1032704K), 0.0036998 secs]
252458.964: [GC (Allocation Failure)  353154K->9122K(1022976K), 0.0034250 secs]
252459.361: [GC (Allocation Failure)  343458K->9154K(1013760K), 0.0037743 secs]
252459.709: [GC (Allocation Failure)  334274K->9122K(1005056K), 0.0035090 secs]
252460.050: [GC (Allocation Failure)  325538K->9090K(996352K), 0.0035169 secs]
252460.377: [GC (Allocation Failure)  316802K->9154K(988160K), 0.0031474 secs]
252460.696: [GC (Allocation Failure)  308674K->9090K(980480K), 0.0034051 secs]
252461.007: [GC (Allocation Failure)  300930K->9090K(972800K), 0.0034529 secs]
252461.310: [GC (Allocation Failure)  293250K->9090K(965632K), 0.0031239 secs]
252461.604: [GC (Allocation Failure)  286082K->9090K(1021440K), 0.0035091 secs]
252461.958: [GC (Allocation Failure)  341890K->9122K(1012224K), 0.0033077 secs]
252462.301: [GC (Allocation Failure)  332706K->9154K(1003520K), 0.0035568 secs]
252462.637: [GC (Allocation Failure)  324034K->9090K(995328K), 0.0033209 secs]
252462.966: [GC (Allocation Failure)  315778K->9090K(987136K), 0.0034882 secs]
252463.284: [GC (Allocation Failure)  307586K->9154K(1047040K), 0.0036555 secs]
252463.666: [GC (Allocation Failure)  367554K->9122K(1118720K), 0.0038530 secs]
252464.124: [GC (Allocation Failure)  439202K->9122K(1105408K), 0.0038506 secs]
252464.583: [GC (Allocation Failure)  425890K->9122K(1092608K), 0.0032576 secs]
252465.012: [GC (Allocation Failure)  413090K->9090K(1080320K), 0.0037895 secs]
252465.427: [GC (Allocation Failure)  400770K->9122K(1068544K), 0.0032253 secs]
252465.831: [GC (Allocation Failure)  389026K->9122K(1057280K), 0.0043951 secs]
252466.221: [GC (Allocation Failure)  377762K->9090K(1046528K), 0.0032751 secs]
252466.601: [GC (Allocation Failure)  366978K->9122K(1036288K), 0.0042694 secs]
252466.975: [GC (Allocation Failure)  356770K->9090K(1026560K), 0.0032939 secs]
252467.334: [GC (Allocation Failure)  347010K->9122K(1017344K), 0.0039629 secs]
252467.688: [GC (Allocation Failure)  337826K->9122K(1008640K), 0.0040898 secs]
252468.028: [GC (Allocation Failure)  329122K->9122K(999936K), 0.0028674 secs]
252468.359: [GC (Allocation Failure)  320418K->9122K(1062400K), 0.0046944 secs]
252468.760: [GC (Allocation Failure)  382882K->9090K(1051648K), 0.0031372 secs]
252469.145: [GC (Allocation Failure)  372098K->9090K(1041408K), 0.0035045 secs]
252469.619: [GC (Allocation Failure)  361858K->9090K(1031680K), 0.0037112 secs]
252469.989: [GC (Allocation Failure)  352130K->9122K(1021952K), 0.0033883 secs]
252470.343: [GC (Allocation Failure)  342434K->9122K(1012736K), 0.0041638 secs]
252470.689: [GC (Allocation Failure)  333218K->9122K(1004032K), 0.0029974 secs]
252471.024: [GC (Allocation Failure)  324514K->9122K(995840K), 0.0035519 secs]
252471.352: [GC (Allocation Failure)  316322K->9122K(987648K), 0.0033242 secs]
252471.674: [GC (Allocation Failure)  308130K->9122K(1047552K), 0.0039677 secs]
252472.058: [GC (Allocation Failure)  368034K->9122K(1119744K), 0.0038504 secs]
252472.514: [GC (Allocation Failure)  440226K->9122K(1106432K), 0.0037652 secs]
252472.958: [GC (Allocation Failure)  426914K->9090K(1093632K), 0.0046152 secs]
252473.387: [GC (Allocation Failure)  414082K->9122K(1081344K), 0.0038308 secs]
252473.806: [GC (Allocation Failure)  401826K->9122K(1069568K), 0.0033575 secs]
252474.211: [GC (Allocation Failure)  390050K->9090K(1058304K), 0.0034687 secs]
252474.637: [GC (Allocation Failure)  378754K->9122K(1047552K), 0.0035712 secs]
252475.021: [GC (Allocation Failure)  368034K->9122K(1037312K), 0.0041593 secs]
252475.392: [GC (Allocation Failure)  357794K->9122K(1027584K), 0.0036936 secs]
252475.753: [GC (Allocation Failure)  348066K->9122K(1018368K), 0.0034454 secs]
252476.104: [GC (Allocation Failure)  338850K->9122K(1084416K), 0.0048888 secs]
252476.531: [GC (Allocation Failure)  404898K->9122K(1072640K), 0.0038073 secs]
252476.942: [GC (Allocation Failure)  393122K->9090K(1061376K), 0.0034020 secs]
252477.339: [GC (Allocation Failure)  381826K->9122K(1050624K), 0.0034978 secs]
252477.722: [GC (Allocation Failure)  371106K->9090K(1040384K), 0.0036316 secs]
252478.100: [GC (Allocation Failure)  360834K->9122K(1030656K), 0.0036881 secs]
252478.465: [GC (Allocation Failure)  351138K->9090K(1020928K), 0.0037605 secs]
252478.819: [GC (Allocation Failure)  341378K->9122K(1011712K), 0.0035431 secs]
252479.163: [GC (Allocation Failure)  332194K->9122K(1003008K), 0.0037177 secs]
252479.499: [GC (Allocation Failure)  323490K->9154K(994816K), 0.0037251 secs]
252479.914: [GC (Allocation Failure)  315330K->9090K(986624K), 0.0038127 secs]
252480.232: [GC (Allocation Failure)  307074K->9122K(978944K), 0.0030806 secs]
252480.541: [GC (Allocation Failure)  299426K->9122K(1037312K), 0.0040094 secs]
252480.912: [GC (Allocation Failure)  357794K->9122K(1027584K), 0.0035397 secs]
252481.275: [GC (Allocation Failure)  348066K->9090K(1095680K), 0.0040766 secs]
252481.708: [GC (Allocation Failure)  416130K->9122K(1083392K), 0.0034391 secs]
252482.131: [GC (Allocation Failure)  403874K->9122K(1071616K), 0.0035729 secs]
252482.564: [GC (Allocation Failure)  392098K->9058K(1060352K), 0.0030784 secs]
252482.957: [GC (Allocation Failure)  380770K->9122K(1049600K), 0.0033175 secs]
252483.342: [GC (Allocation Failure)  370082K->9122K(1039360K), 0.0032186 secs]
252483.714: [GC (Allocation Failure)  359842K->9154K(1029632K), 0.0031239 secs]
252484.075: [GC (Allocation Failure)  350146K->9090K(1020416K), 0.0032130 secs]
252484.431: [GC (Allocation Failure)  340866K->9090K(1011200K), 0.0043959 secs]
252484.783: [GC (Allocation Failure)  331650K->9122K(1002496K), 0.0026391 secs]
252485.148: [GC (Allocation Failure)  322978K->9090K(994304K), 0.0037338 secs]
252485.475: [GC (Allocation Failure)  314754K->9122K(986112K), 0.0039396 secs]
252485.802: [GC (Allocation Failure)  306594K->9122K(1046016K), 0.0038282 secs]
252486.184: [GC (Allocation Failure)  366498K->9090K(1035776K), 0.0031712 secs]
252486.561: [GC (Allocation Failure)  356226K->9122K(1026048K), 0.0035563 secs]
252486.923: [GC (Allocation Failure)  346530K->9154K(1016832K), 0.0035997 secs]
252487.273: [GC (Allocation Failure)  337346K->9122K(1082880K), 0.0043596 secs]
252487.695: [GC (Allocation Failure)  403362K->9122K(1071104K), 0.0033486 secs]
252488.101: [GC (Allocation Failure)  391586K->9122K(1059840K), 0.0044786 secs]
252488.498: [GC (Allocation Failure)  380322K->9154K(1049088K), 0.0031004 secs]
252488.882: [GC (Allocation Failure)  369602K->9122K(1038848K), 0.0034035 secs]
252489.253: [GC (Allocation Failure)  359330K->9122K(1029120K), 0.0034788 secs]
252489.615: [GC (Allocation Failure)  349602K->9122K(1019904K), 0.0032323 secs]
252489.980: [GC (Allocation Failure)  340386K->9154K(1010688K), 0.0033329 secs]
252490.332: [GC (Allocation Failure)  331202K->9122K(1001984K), 0.0034915 secs]
252490.667: [GC (Allocation Failure)  322466K->9122K(993792K), 0.0034971 secs]
252491.000: [GC (Allocation Failure)  314274K->9122K(985600K), 0.0035276 secs]
252491.318: [GC (Allocation Failure)  306082K->9122K(1044992K), 0.0039488 secs]
252491.699: [GC (Allocation Failure)  365474K->9154K(1034752K), 0.0036848 secs]
252492.068: [GC (Allocation Failure)  355266K->9122K(1025024K), 0.0035717 secs]
252492.426: [GC (Allocation Failure)  345506K->9154K(1015808K), 0.0033405 secs]
252492.776: [GC (Allocation Failure)  336322K->9122K(1007104K), 0.0030457 secs]
252493.115: [GC (Allocation Failure)  327586K->9090K(1071104K), 0.0046504 secs]
252493.522: [GC (Allocation Failure)  391554K->9090K(1059840K), 0.0033146 secs]
252493.916: [GC (Allocation Failure)  380290K->9122K(1049088K), 0.0037404 secs]
252494.299: [GC (Allocation Failure)  369570K->9122K(1038848K), 0.0039247 secs]
252494.677: [GC (Allocation Failure)  359330K->9122K(1029120K), 0.0039404 secs]
252495.041: [GC (Allocation Failure)  349602K->9090K(1019904K), 0.0039392 secs]
252495.429: [GC (Allocation Failure)  340354K->9122K(1010688K), 0.0036439 secs]
252495.772: [GC (Allocation Failure)  331170K->9090K(1001984K), 0.0037170 secs]
252496.107: [GC (Allocation Failure)  322434K->9122K(993792K), 0.0035536 secs]
252496.435: [GC (Allocation Failure)  314274K->9122K(1055232K), 0.0036325 secs]
252496.825: [GC (Allocation Failure)  375714K->9090K(1128960K), 0.0040382 secs]
252497.293: [GC (Allocation Failure)  449410K->9090K(1115136K), 0.0040139 secs]
252497.747: [GC (Allocation Failure)  435586K->9122K(1102336K), 0.0033446 secs]
252498.186: [GC (Allocation Failure)  422818K->9090K(1090048K), 0.0039483 secs]
252498.614: [GC (Allocation Failure)  410498K->9090K(1078272K), 0.0035331 secs]
252499.027: [GC (Allocation Failure)  398722K->9122K(1067008K), 0.0035803 secs]
252499.431: [GC (Allocation Failure)  387490K->9090K(1056256K), 0.0032954 secs]
252499.824: [GC (Allocation Failure)  376706K->9090K(1045504K), 0.0032271 secs]
252500.204: [GC (Allocation Failure)  365954K->9154K(1035264K), 0.0034578 secs]
252500.606: [GC (Allocation Failure)  355778K->9122K(1025536K), 0.0035516 secs]
252500.965: [GC (Allocation Failure)  346018K->9122K(1016320K), 0.0033095 secs]
252501.318: [GC (Allocation Failure)  336802K->9090K(1007616K), 0.0031572 secs]
252501.657: [GC (Allocation Failure)  328066K->9090K(998912K), 0.0042109 secs]
252501.989: [GC (Allocation Failure)  319362K->9122K(990720K), 0.0030398 secs]
252502.309: [GC (Allocation Failure)  311202K->9122K(983040K), 0.0032321 secs]
252502.623: [GC (Allocation Failure)  303522K->9090K(975360K), 0.0032821 secs]
252502.927: [GC (Allocation Failure)  295810K->9122K(968192K), 0.0035382 secs]
252503.224: [GC (Allocation Failure)  288674K->9122K(1024512K), 0.0035320 secs]
252503.579: [GC (Allocation Failure)  344994K->9090K(1092096K), 0.0036252 secs]
252504.006: [GC (Allocation Failure)  412546K->9090K(1079808K), 0.0035212 secs]
252504.419: [GC (Allocation Failure)  400258K->9122K(1068032K), 0.0039462 secs]
252504.822: [GC (Allocation Failure)  388514K->9122K(1056768K), 0.0037074 secs]
252505.216: [GC (Allocation Failure)  377250K->9090K(1046016K), 0.0034607 secs]
252505.612: [GC (Allocation Failure)  366466K->9122K(1035776K), 0.0036432 secs]
252505.981: [GC (Allocation Failure)  356258K->9090K(1026048K), 0.0040968 secs]
252506.339: [GC (Allocation Failure)  346498K->9090K(1016832K), 0.0034402 secs]
252506.715: [GC (Allocation Failure)  337282K->9154K(1008128K), 0.0036903 secs]
252507.064: [GC (Allocation Failure)  328642K->9122K(999424K), 0.0034369 secs]
252507.394: [GC (Allocation Failure)  319906K->9122K(991232K), 0.0036081 secs]
252507.717: [GC (Allocation Failure)  311714K->9122K(1052160K), 0.0036492 secs]
252508.141: [GC (Allocation Failure)  372642K->9122K(1124864K), 0.0061622 secs]
252508.607: [GC (Allocation Failure)  445346K->9154K(1212416K), 0.0034169 secs]
252509.164: [GC (Allocation Failure)  532930K->9122K(1195008K), 0.0042273 secs]
252509.701: [GC (Allocation Failure)  515490K->9154K(1178624K), 0.0038329 secs]
252510.226: [GC (Allocation Failure)  499138K->9122K(1162752K), 0.0034630 secs]
252510.754: [GC (Allocation Failure)  483234K->9090K(1147904K), 0.0039825 secs]
252511.258: [GC (Allocation Failure)  468354K->9122K(1133568K), 0.0034330 secs]
252511.730: [GC (Allocation Failure)  454050K->9122K(1119744K), 0.0050289 secs]
252512.208: [GC (Allocation Failure)  440226K->9058K(1106432K), 0.0032863 secs]
252512.652: [GC (Allocation Failure)  426850K->9154K(1093632K), 0.0028785 secs]
252513.083: [GC (Allocation Failure)  414146K->9090K(1081344K), 0.0041464 secs]
252513.502: [GC (Allocation Failure)  401794K->9154K(1069568K), 0.0037188 secs]
252513.906: [GC (Allocation Failure)  390082K->9122K(1058304K), 0.0042964 secs]
252514.306: [GC (Allocation Failure)  378786K->9122K(1047552K), 0.0032545 secs]
252514.688: [GC (Allocation Failure)  368034K->9090K(1037312K), 0.0035660 secs]
252515.059: [GC (Allocation Failure)  357762K->9122K(1027584K), 0.0034335 secs]
252515.417: [GC (Allocation Failure)  348066K->9090K(1018368K), 0.0038154 secs]
252515.806: [GC (Allocation Failure)  338818K->9122K(1009152K), 0.0036853 secs]
252516.147: [GC (Allocation Failure)  329634K->9090K(1000448K), 0.0042359 secs]
252516.482: [GC (Allocation Failure)  320898K->9154K(1062912K), 0.0037023 secs]
252516.880: [GC (Allocation Failure)  383426K->9146K(1052160K), 0.0032152 secs]
252517.269: [GC (Allocation Failure)  372666K->9122K(1041920K), 0.0033415 secs]
252517.647: [GC (Allocation Failure)  362402K->9154K(1032192K), 0.0039555 secs]
252518.017: [GC (Allocation Failure)  352706K->9154K(1022464K), 0.0037827 secs]
252518.374: [GC (Allocation Failure)  342978K->9122K(1013248K), 0.0035498 secs]
252518.720: [GC (Allocation Failure)  333730K->9154K(1078272K), 0.0039676 secs]
252519.136: [GC (Allocation Failure)  398786K->9154K(1067008K), 0.0038301 secs]
252519.540: [GC (Allocation Failure)  387522K->9122K(1056256K), 0.0031122 secs]
252519.932: [GC (Allocation Failure)  376738K->9122K(1129984K), 0.0054767 secs]
252520.410: [GC (Allocation Failure)  450466K->9154K(1116160K), 0.0035343 secs]
252520.867: [GC (Allocation Failure)  436674K->9154K(1102848K), 0.0043032 secs]
252521.341: [GC (Allocation Failure)  423362K->9154K(1090560K), 0.0034049 secs]
252521.767: [GC (Allocation Failure)  411074K->9154K(1078784K), 0.0036416 secs]
252522.185: [GC (Allocation Failure)  399298K->9154K(1067520K), 0.0029612 secs]
252522.588: [GC (Allocation Failure)  388034K->9138K(1056256K), 0.0036421 secs]
252522.980: [GC (Allocation Failure)  376754K->9170K(1045504K), 0.0031240 secs]
252523.362: [GC (Allocation Failure)  366034K->9170K(1035264K), 0.0046493 secs]
252523.736: [GC (Allocation Failure)  355794K->9138K(1025536K), 0.0033520 secs]
252524.096: [GC (Allocation Failure)  346034K->9138K(1016320K), 0.0031649 secs]
252524.446: [GC (Allocation Failure)  336818K->9170K(1007616K), 0.0037098 secs]
252524.786: [GC (Allocation Failure)  328146K->9138K(998912K), 0.0032231 secs]
252525.115: [GC (Allocation Failure)  319410K->9202K(990720K), 0.0028283 secs]
252525.439: [GC (Allocation Failure)  311282K->9170K(983040K), 0.0039158 secs]
252525.753: [GC (Allocation Failure)  303570K->9138K(975360K), 0.0032476 secs]
252526.060: [GC (Allocation Failure)  295858K->9170K(968192K), 0.0032941 secs]
252526.374: [GC (Allocation Failure)  288722K->9170K(1024512K), 0.0037736 secs]
252526.732: [GC (Allocation Failure)  345042K->9138K(1015296K), 0.0030079 secs]
252527.079: [GC (Allocation Failure)  335794K->9170K(1006592K), 0.0032030 secs]
252527.417: [GC (Allocation Failure)  327122K->9202K(997888K), 0.0030668 secs]
252527.746: [GC (Allocation Failure)  318450K->9170K(989696K), 0.0028508 secs]
252528.065: [GC (Allocation Failure)  310226K->9170K(982016K), 0.0039613 secs]
252528.382: [GC (Allocation Failure)  302546K->9170K(974336K), 0.0030314 secs]
252528.686: [GC (Allocation Failure)  294866K->9170K(967168K), 0.0033205 secs]
252528.982: [GC (Allocation Failure)  287698K->9170K(1022976K), 0.0034334 secs]
252529.337: [GC (Allocation Failure)  343506K->9170K(1090048K), 0.0039046 secs]
252529.764: [GC (Allocation Failure)  410578K->9138K(1078272K), 0.0035903 secs]
252530.176: [GC (Allocation Failure)  398770K->9170K(1067008K), 0.0033127 secs]
252530.578: [GC (Allocation Failure)  387538K->9170K(1056256K), 0.0033437 secs]
252530.969: [GC (Allocation Failure)  376786K->9138K(1045504K), 0.0035057 secs]
252531.346: [GC (Allocation Failure)  366002K->9170K(1035264K), 0.0031675 secs]
252531.714: [GC (Allocation Failure)  355794K->9138K(1025536K), 0.0031831 secs]
252532.072: [GC (Allocation Failure)  346034K->9170K(1016320K), 0.0035873 secs]
252532.420: [GC (Allocation Failure)  336850K->9138K(1007616K), 0.0030999 secs]
252532.759: [GC (Allocation Failure)  328114K->9170K(998912K), 0.0045467 secs]
252533.094: [GC (Allocation Failure)  319442K->9170K(990720K), 0.0033861 secs]
252533.416: [GC (Allocation Failure)  311250K->9170K(983040K), 0.0030573 secs]
252533.728: [GC (Allocation Failure)  303570K->9202K(1041920K), 0.0036322 secs]
252534.107: [GC (Allocation Failure)  362482K->9170K(1032192K), 0.0032978 secs]
252534.472: [GC (Allocation Failure)  352722K->9170K(1022464K), 0.0039020 secs]
252534.832: [GC (Allocation Failure)  342994K->9170K(1089536K), 0.0041558 secs]
252535.262: [GC (Allocation Failure)  410066K->9202K(1077760K), 0.0040235 secs]
252535.675: [GC (Allocation Failure)  398322K->9170K(1066496K), 0.0033853 secs]
252536.075: [GC (Allocation Failure)  387026K->9138K(1055744K), 0.0031839 secs]
252536.466: [GC (Allocation Failure)  376242K->9170K(1044992K), 0.0031672 secs]
252536.870: [GC (Allocation Failure)  365522K->9138K(1034752K), 0.0036023 secs]
252537.238: [GC (Allocation Failure)  355250K->9138K(1025024K), 0.0036705 secs]
252537.598: [GC (Allocation Failure)  345522K->9170K(1015808K), 0.0033845 secs]
252537.947: [GC (Allocation Failure)  336338K->9170K(1007104K), 0.0032650 secs]
252538.287: [GC (Allocation Failure)  327634K->9138K(998400K), 0.0034090 secs]
252538.617: [GC (Allocation Failure)  318898K->9138K(1060352K), 0.0049064 secs]
252539.017: [GC (Allocation Failure)  380850K->9202K(1049600K), 0.0030112 secs]
252539.402: [GC (Allocation Failure)  370162K->9170K(1039360K), 0.0031843 secs]
252539.776: [GC (Allocation Failure)  359890K->9202K(1029632K), 0.0034803 secs]
252540.141: [GC (Allocation Failure)  350194K->9170K(1020416K), 0.0037415 secs]
252540.496: [GC (Allocation Failure)  340946K->9138K(1011200K), 0.0036514 secs]
252540.839: [GC (Allocation Failure)  331698K->9170K(1002496K), 0.0031574 secs]
252541.176: [GC (Allocation Failure)  323026K->9170K(994304K), 0.0040638 secs]
252541.504: [GC (Allocation Failure)  314834K->9170K(986112K), 0.0033559 secs]
252541.849: [GC (Allocation Failure)  306642K->9138K(1046016K), 0.0035870 secs]
252542.231: [GC (Allocation Failure)  366514K->9170K(1035776K), 0.0038546 secs]
252542.600: [GC (Allocation Failure)  356306K->9170K(1026048K), 0.0035539 secs]
252542.959: [GC (Allocation Failure)  346578K->9170K(1016832K), 0.0033549 secs]
252543.308: [GC (Allocation Failure)  337362K->9170K(1008128K), 0.0034731 secs]
252543.649: [GC (Allocation Failure)  328658K->9138K(1072128K), 0.0039078 secs]
252544.057: [GC (Allocation Failure)  392626K->9170K(1060864K), 0.0027747 secs]
252544.452: [GC (Allocation Failure)  381394K->9170K(1050112K), 0.0029117 secs]
252544.837: [GC (Allocation Failure)  370642K->9170K(1039872K), 0.0044721 secs]
252545.213: [GC (Allocation Failure)  360402K->9170K(1030144K), 0.0032770 secs]
252545.579: [GC (Allocation Failure)  350674K->9138K(1020928K), 0.0035803 secs]
252545.935: [GC (Allocation Failure)  341426K->9138K(1087488K), 0.0054453 secs]
252546.368: [GC (Allocation Failure)  407986K->9138K(1167360K), 0.0036198 secs]
252546.880: [GC (Allocation Failure)  487858K->9138K(1152000K), 0.0040627 secs]
252547.387: [GC (Allocation Failure)  472498K->9170K(1137152K), 0.0035778 secs]
252547.864: [GC (Allocation Failure)  457682K->9138K(1123328K), 0.0032629 secs]
252548.326: [GC (Allocation Failure)  443826K->9170K(1110016K), 0.0041582 secs]
252548.778: [GC (Allocation Failure)  430546K->9170K(1097216K), 0.0034669 secs]
252549.211: [GC (Allocation Failure)  417746K->9138K(1084928K), 0.0034894 secs]
252549.633: [GC (Allocation Failure)  405426K->9138K(1073152K), 0.0033202 secs]
252550.042: [GC (Allocation Failure)  393650K->9170K(1061888K), 0.0030523 secs]
252550.440: [GC (Allocation Failure)  382418K->9138K(1051136K), 0.0034496 secs]
252550.827: [GC (Allocation Failure)  371634K->9138K(1040896K), 0.0031804 secs]
252551.202: [GC (Allocation Failure)  361394K->9170K(1031168K), 0.0030016 secs]
252551.565: [GC (Allocation Failure)  351698K->9170K(1021440K), 0.0031591 secs]
252551.918: [GC (Allocation Failure)  341970K->9202K(1012224K), 0.0027940 secs]
252552.324: [GC (Allocation Failure)  332786K->9170K(1003520K), 0.0031757 secs]
252552.660: [GC (Allocation Failure)  324050K->9138K(995328K), 0.0034223 secs]
252552.988: [GC (Allocation Failure)  315826K->9138K(987136K), 0.0035629 secs]
252553.308: [GC (Allocation Failure)  307634K->9170K(979456K), 0.0034094 secs]
252553.618: [GC (Allocation Failure)  299986K->9170K(971776K), 0.0031495 secs]
252553.919: [GC (Allocation Failure)  292306K->9170K(964608K), 0.0035730 secs]
252554.211: [GC (Allocation Failure)  285138K->9170K(957952K), 0.0027603 secs]
252554.498: [GC (Allocation Failure)  278482K->9170K(1012224K), 0.0033683 secs]
252554.841: [GC (Allocation Failure)  332754K->9138K(1003520K), 0.0033406 secs]
252555.175: [GC (Allocation Failure)  324018K->9170K(995328K), 0.0029946 secs]
252555.500: [GC (Allocation Failure)  315858K->9170K(987136K), 0.0031371 secs]
252555.818: [GC (Allocation Failure)  307666K->9170K(979456K), 0.0031010 secs]
252556.126: [GC (Allocation Failure)  299986K->9170K(1037824K), 0.0037786 secs]
252556.498: [GC (Allocation Failure)  358354K->9170K(1028096K), 0.0030606 secs]
252556.859: [GC (Allocation Failure)  348626K->9202K(1018880K), 0.0027436 secs]
252557.210: [GC (Allocation Failure)  339442K->9170K(1009664K), 0.0039867 secs]
252557.553: [GC (Allocation Failure)  330194K->9106K(1000960K), 0.0027735 secs]
252557.887: [GC (Allocation Failure)  321426K->9202K(992768K), 0.0029987 secs]
252558.211: [GC (Allocation Failure)  313330K->9202K(984576K), 0.0032690 secs]
252558.527: [GC (Allocation Failure)  305138K->9138K(976896K), 0.0031563 secs]
252558.833: [GC (Allocation Failure)  297394K->9138K(969728K), 0.0030282 secs]
252559.133: [GC (Allocation Failure)  290226K->9170K(962560K), 0.0032591 secs]
252559.425: [GC (Allocation Failure)  283090K->9202K(955904K), 0.0029995 secs]
252559.710: [GC (Allocation Failure)  276466K->9170K(1009664K), 0.0032466 secs]
252560.051: [GC (Allocation Failure)  330194K->9170K(1074176K), 0.0037155 secs]
252560.459: [GC (Allocation Failure)  394706K->9138K(1062912K), 0.0033460 secs]
252560.855: [GC (Allocation Failure)  383410K->9170K(1052160K), 0.0030400 secs]
252561.241: [GC (Allocation Failure)  372690K->9138K(1041920K), 0.0030493 secs]
252561.617: [GC (Allocation Failure)  362418K->9170K(1032192K), 0.0034865 secs]
252561.984: [GC (Allocation Failure)  352722K->9170K(1101312K), 0.0054735 secs]
252562.422: [GC (Allocation Failure)  421842K->9202K(1089024K), 0.0030147 secs]
252562.872: [GC (Allocation Failure)  409586K->9170K(1077248K), 0.0036819 secs]
252563.285: [GC (Allocation Failure)  397778K->9170K(1065984K), 0.0035089 secs]
252563.700: [GC (Allocation Failure)  386514K->9170K(1055232K), 0.0031689 secs]
252564.092: [GC (Allocation Failure)  375762K->9170K(1044480K), 0.0035489 secs]
252564.472: [GC (Allocation Failure)  365010K->9138K(1034240K), 0.0041082 secs]
252564.844: [GC (Allocation Failure)  354738K->9170K(1024512K), 0.0035132 secs]
252565.202: [GC (Allocation Failure)  345042K->9138K(1015296K), 0.0040439 secs]
252565.550: [GC (Allocation Failure)  335794K->9170K(1006592K), 0.0030770 secs]
252565.888: [GC (Allocation Failure)  327122K->9138K(997888K), 0.0034480 secs]
252566.219: [GC (Allocation Failure)  318386K->9170K(989696K), 0.0033060 secs]
252566.540: [GC (Allocation Failure)  310226K->9202K(982016K), 0.0033558 secs]
252566.852: [GC (Allocation Failure)  302578K->9170K(974336K), 0.0031867 secs]
252567.158: [GC (Allocation Failure)  294866K->9202K(967168K), 0.0032536 secs]
252567.455: [GC (Allocation Failure)  287730K->9170K(1022976K), 0.0035197 secs]
252567.831: [GC (Allocation Failure)  343506K->9170K(1090048K), 0.0041094 secs]
252568.257: [GC (Allocation Failure)  410578K->9138K(1170432K), 0.0039159 secs]
252568.768: [GC (Allocation Failure)  490930K->9138K(1155072K), 0.0042423 secs]
252569.271: [GC (Allocation Failure)  475570K->9170K(1140224K), 0.0032691 secs]
252569.750: [GC (Allocation Failure)  460754K->9202K(1125888K), 0.0041098 secs]
252570.216: [GC (Allocation Failure)  446450K->9138K(1112576K), 0.0036167 secs]
252570.665: [GC (Allocation Failure)  433074K->9138K(1099776K), 0.0036641 secs]
252571.104: [GC (Allocation Failure)  420274K->9202K(1087488K), 0.0036583 secs]
252571.528: [GC (Allocation Failure)  408050K->9202K(1075712K), 0.0038797 secs]
252571.944: [GC (Allocation Failure)  396274K->9138K(1064448K), 0.0044208 secs]
252572.347: [GC (Allocation Failure)  384946K->9170K(1053696K), 0.0034030 secs]
252572.734: [GC (Allocation Failure)  374226K->9170K(1043456K), 0.0034904 secs]
252573.207: [GC (Allocation Failure)  363986K->9170K(1033216K), 0.0033569 secs]
252573.574: [GC (Allocation Failure)  353746K->9170K(1023488K), 0.0039757 secs]
252573.931: [GC (Allocation Failure)  344018K->9138K(1014272K), 0.0033300 secs]
252574.279: [GC (Allocation Failure)  334770K->9202K(1005568K), 0.0027816 secs]
252574.618: [GC (Allocation Failure)  326130K->9170K(996864K), 0.0033793 secs]
252574.949: [GC (Allocation Failure)  317394K->9170K(988672K), 0.0039963 secs]
252575.275: [GC (Allocation Failure)  309202K->9170K(980992K), 0.0035647 secs]
252575.586: [GC (Allocation Failure)  301522K->9138K(1039872K), 0.0042638 secs]
252575.967: [GC (Allocation Failure)  360370K->9138K(1110528K), 0.0033350 secs]
252576.416: [GC (Allocation Failure)  431026K->9138K(1097728K), 0.0037329 secs]
252576.853: [GC (Allocation Failure)  418226K->9202K(1085440K), 0.0028592 secs]
252577.277: [GC (Allocation Failure)  406002K->9202K(1073664K), 0.0045500 secs]
252577.693: [GC (Allocation Failure)  394226K->9170K(1062400K), 0.0039523 secs]
252578.092: [GC (Allocation Failure)  382930K->9138K(1051648K), 0.0036883 secs]
252578.518: [GC (Allocation Failure)  372146K->9138K(1041408K), 0.0036805 secs]
252578.893: [GC (Allocation Failure)  361906K->9202K(1031680K), 0.0039189 secs]
252579.258: [GC (Allocation Failure)  352242K->9170K(1021952K), 0.0034397 secs]
252579.612: [GC (Allocation Failure)  342482K->9170K(1012736K), 0.0035271 secs]
252579.957: [GC (Allocation Failure)  333266K->9138K(1004032K), 0.0034733 secs]
252580.294: [GC (Allocation Failure)  324530K->9202K(995840K), 0.0038248 secs]
252580.625: [GC (Allocation Failure)  316402K->9170K(1057280K), 0.0036389 secs]
252581.016: [GC (Allocation Failure)  377810K->9202K(1046528K), 0.0029642 secs]
252581.397: [GC (Allocation Failure)  367090K->9138K(1036288K), 0.0035265 secs]
252581.769: [GC (Allocation Failure)  356786K->9138K(1026560K), 0.0034035 secs]
252582.129: [GC (Allocation Failure)  347058K->9138K(1017344K), 0.0040790 secs]
252582.483: [GC (Allocation Failure)  337842K->9202K(1008640K), 0.0036304 secs]
252582.827: [GC (Allocation Failure)  329202K->9138K(1072640K), 0.0041928 secs]
252583.235: [GC (Allocation Failure)  393138K->9202K(1061376K), 0.0033378 secs]
252583.630: [GC (Allocation Failure)  381938K->9138K(1050624K), 0.0032488 secs]
252584.014: [GC (Allocation Failure)  371122K->9106K(1040384K), 0.0038787 secs]
252584.390: [GC (Allocation Failure)  360850K->9138K(1030656K), 0.0038034 secs]
252584.753: [GC (Allocation Failure)  351154K->9170K(1020928K), 0.0031234 secs]
252585.111: [GC (Allocation Failure)  341458K->9170K(1011712K), 0.0036972 secs]
252585.456: [GC (Allocation Failure)  332242K->9170K(1076736K), 0.0041742 secs]
252585.870: [GC (Allocation Failure)  397266K->9138K(1154560K), 0.0051178 secs]
252586.369: [GC (Allocation Failure)  475058K->9138K(1139712K), 0.0038304 secs]
252586.848: [GC (Allocation Failure)  460210K->9170K(1125376K), 0.0033556 secs]
252587.312: [GC (Allocation Failure)  445906K->9170K(1112064K), 0.0033477 secs]
252587.762: [GC (Allocation Failure)  432594K->9170K(1099264K), 0.0033894 secs]
252588.199: [GC (Allocation Failure)  419794K->9170K(1086976K), 0.0045495 secs]
252588.630: [GC (Allocation Failure)  407506K->9170K(1075200K), 0.0036276 secs]
252589.077: [GC (Allocation Failure)  395730K->9138K(1063936K), 0.0043849 secs]
252589.481: [GC (Allocation Failure)  384434K->9170K(1053184K), 0.0047681 secs]
252589.876: [GC (Allocation Failure)  373714K->9170K(1042944K), 0.0036901 secs]
252590.253: [GC (Allocation Failure)  363474K->9202K(1114112K), 0.0052320 secs]
252590.714: [GC (Allocation Failure)  434674K->9138K(1101312K), 0.0035000 secs]
252591.156: [GC (Allocation Failure)  421810K->9138K(1089024K), 0.0034705 secs]
252591.583: [GC (Allocation Failure)  409522K->9170K(1077248K), 0.0041328 secs]
252592.001: [GC (Allocation Failure)  397778K->9170K(1065984K), 0.0029154 secs]
252592.402: [GC (Allocation Failure)  386514K->9138K(1055232K), 0.0034016 secs]
252592.792: [GC (Allocation Failure)  375730K->9170K(1044480K), 0.0035336 secs]
252593.169: [GC (Allocation Failure)  365010K->9170K(1034240K), 0.0030653 secs]
252593.538: [GC (Allocation Failure)  354770K->9170K(1024512K), 0.0029677 secs]
252593.895: [GC (Allocation Failure)  345042K->9170K(1015296K), 0.0035827 secs]
252594.272: [GC (Allocation Failure)  335826K->9138K(1006592K), 0.0031317 secs]
252594.611: [GC (Allocation Failure)  327090K->9138K(997888K), 0.0033359 secs]
252594.942: [GC (Allocation Failure)  318386K->9170K(989696K), 0.0035340 secs]
252595.264: [GC (Allocation Failure)  310226K->9170K(982016K), 0.0033767 secs]
252595.575: [GC (Allocation Failure)  302546K->9170K(974336K), 0.0033344 secs]
252595.881: [GC (Allocation Failure)  294866K->9138K(967168K), 0.0034106 secs]
252596.179: [GC (Allocation Failure)  287666K->9202K(1022976K), 0.0035413 secs]
252596.534: [GC (Allocation Failure)  343538K->9170K(1090048K), 0.0034372 secs]
252596.957: [GC (Allocation Failure)  410578K->9138K(1078272K), 0.0036701 secs]
252597.375: [GC (Allocation Failure)  398770K->9170K(1067008K), 0.0028009 secs]
252597.778: [GC (Allocation Failure)  387538K->9170K(1056256K), 0.0035119 secs]
252598.199: [GC (Allocation Failure)  376786K->9170K(1045504K), 0.0046014 secs]
252598.582: [GC (Allocation Failure)  366034K->9202K(1035264K), 0.0034491 secs]
252598.950: [GC (Allocation Failure)  355826K->9138K(1025536K), 0.0032418 secs]
252599.337: [GC (Allocation Failure)  346034K->9202K(1016320K), 0.0034011 secs]
252599.685: [GC (Allocation Failure)  336882K->9170K(1007616K), 0.0040542 secs]
252600.030: [GC (Allocation Failure)  328146K->9138K(998912K), 0.0029171 secs]
252600.361: [GC (Allocation Failure)  319410K->9170K(990720K), 0.0031991 secs]
252600.683: [GC (Allocation Failure)  311250K->9202K(983040K), 0.0035372 secs]
252600.998: [GC (Allocation Failure)  303602K->9138K(975360K), 0.0032607 secs]
252601.304: [GC (Allocation Failure)  295858K->9170K(968192K), 0.0033952 secs]
252601.602: [GC (Allocation Failure)  288722K->9170K(1024512K), 0.0037816 secs]
252601.961: [GC (Allocation Failure)  345042K->9106K(1015296K), 0.0029809 secs]
252602.311: [GC (Allocation Failure)  335762K->9138K(1006592K), 0.0033843 secs]
252602.651: [GC (Allocation Failure)  327090K->9138K(997888K), 0.0031709 secs]
252602.981: [GC (Allocation Failure)  318386K->9138K(989696K), 0.0030364 secs]
252603.302: [GC (Allocation Failure)  310194K->9170K(982016K), 0.0034674 secs]
252603.614: [GC (Allocation Failure)  302546K->9170K(1040896K), 0.0035990 secs]
252603.989: [GC (Allocation Failure)  361426K->9138K(1031168K), 0.0033491 secs]
252604.380: [GC (Allocation Failure)  351666K->9170K(1021440K), 0.0033949 secs]
252604.736: [GC (Allocation Failure)  341970K->9138K(1012224K), 0.0029482 secs]
252605.081: [GC (Allocation Failure)  332722K->9170K(1003520K), 0.0032964 secs]
252605.416: [GC (Allocation Failure)  324050K->9138K(995328K), 0.0031089 secs]
252605.742: [GC (Allocation Failure)  315826K->9170K(987136K), 0.0032625 secs]
252606.061: [GC (Allocation Failure)  307666K->9170K(979456K), 0.0029752 secs]
252606.371: [GC (Allocation Failure)  299986K->9106K(971776K), 0.0033035 secs]
252606.674: [GC (Allocation Failure)  292242K->9170K(964608K), 0.0033478 secs]
252606.969: [GC (Allocation Failure)  285138K->9170K(1019904K), 0.0034203 secs]
252607.323: [GC (Allocation Failure)  340434K->9170K(1086464K), 0.0034603 secs]
252607.746: [GC (Allocation Failure)  406994K->9138K(1074688K), 0.0036006 secs]
252608.160: [GC (Allocation Failure)  395186K->9138K(1063424K), 0.0036612 secs]
252608.560: [GC (Allocation Failure)  383922K->9138K(1138688K), 0.0053864 secs]
252609.040: [GC (Allocation Failure)  459186K->9138K(1124864K), 0.0038419 secs]
252609.530: [GC (Allocation Failure)  445362K->9170K(1111552K), 0.0032574 secs]
252609.980: [GC (Allocation Failure)  432082K->9170K(1098752K), 0.0038976 secs]
252610.417: [GC (Allocation Failure)  419282K->9138K(1086464K), 0.0038445 secs]
252610.843: [GC (Allocation Failure)  406962K->9138K(1074688K), 0.0034801 secs]
252611.255: [GC (Allocation Failure)  395186K->9202K(1063424K), 0.0037312 secs]
252611.654: [GC (Allocation Failure)  383986K->9170K(1052672K), 0.0036253 secs]
252612.042: [GC (Allocation Failure)  373202K->9170K(1042432K), 0.0040761 secs]
252612.422: [GC (Allocation Failure)  362962K->9170K(1032704K), 0.0034365 secs]
252612.790: [GC (Allocation Failure)  353234K->9170K(1022976K), 0.0029260 secs]
252613.147: [GC (Allocation Failure)  343506K->9170K(1013760K), 0.0041225 secs]
252613.501: [GC (Allocation Failure)  334290K->9170K(1078784K), 0.0044904 secs]
252613.919: [GC (Allocation Failure)  399314K->9170K(1067520K), 0.0038126 secs]
252614.328: [GC (Allocation Failure)  388050K->9138K(1056256K), 0.0036106 secs]
252614.720: [GC (Allocation Failure)  376754K->9170K(1045504K), 0.0032438 secs]
252615.100: [GC (Allocation Failure)  366034K->9138K(1035264K), 0.0032178 secs]
252615.469: [GC (Allocation Failure)  355762K->9170K(1025536K), 0.0031157 secs]
252615.833: [GC (Allocation Failure)  346066K->9170K(1016320K), 0.0039829 secs]
252616.186: [GC (Allocation Failure)  336850K->9170K(1081856K), 0.0051305 secs]
252616.606: [GC (Allocation Failure)  402386K->9170K(1070080K), 0.0036340 secs]
252617.017: [GC (Allocation Failure)  390610K->9170K(1146368K), 0.0050441 secs]
252617.505: [GC (Allocation Failure)  466898K->9170K(1132032K), 0.0035637 secs]
252617.977: [GC (Allocation Failure)  452562K->9170K(1118208K), 0.0034879 secs]
252618.434: [GC (Allocation Failure)  438738K->9170K(1104896K), 0.0035924 secs]
252618.876: [GC (Allocation Failure)  425426K->9170K(1092096K), 0.0033335 secs]
252619.307: [GC (Allocation Failure)  412626K->9202K(1079808K), 0.0034295 secs]
252619.721: [GC (Allocation Failure)  400370K->9138K(1068032K), 0.0047097 secs]
252620.153: [GC (Allocation Failure)  388530K->9138K(1056768K), 0.0037707 secs]
252620.546: [GC (Allocation Failure)  377266K->9138K(1046016K), 0.0032864 secs]
252620.927: [GC (Allocation Failure)  366514K->9170K(1035776K), 0.0049759 secs]
252621.302: [GC (Allocation Failure)  356306K->9202K(1026048K), 0.0036323 secs]
252621.660: [GC (Allocation Failure)  346610K->9170K(1093632K), 0.0041470 secs]
252622.091: [GC (Allocation Failure)  414162K->9170K(1081344K), 0.0028501 secs]
252622.508: [GC (Allocation Failure)  401874K->9170K(1069568K), 0.0042187 secs]
252622.919: [GC (Allocation Failure)  390098K->9170K(1058304K), 0.0038077 secs]
252623.313: [GC (Allocation Failure)  378834K->9138K(1047552K), 0.0041079 secs]
252623.697: [GC (Allocation Failure)  368050K->9170K(1037312K), 0.0041675 secs]
252624.072: [GC (Allocation Failure)  357842K->9138K(1027584K), 0.0041059 secs]
252624.435: [GC (Allocation Failure)  348082K->9202K(1095680K), 0.0047030 secs]
252624.869: [GC (Allocation Failure)  416242K->9202K(1177088K), 0.0037879 secs]
252625.389: [GC (Allocation Failure)  497650K->9170K(1161216K), 0.0041188 secs]
252625.897: [GC (Allocation Failure)  481746K->9170K(1146368K), 0.0039346 secs]
252626.387: [GC (Allocation Failure)  466898K->9138K(1132032K), 0.0044832 secs]
252626.862: [GC (Allocation Failure)  452530K->9170K(1118208K), 0.0032533 secs]
252627.329: [GC (Allocation Failure)  438738K->9170K(1104896K), 0.0043419 secs]
252627.775: [GC (Allocation Failure)  425426K->9202K(1092096K), 0.0038478 secs]
252628.233: [GC (Allocation Failure)  412658K->9138K(1079808K), 0.0035765 secs]
252628.669: [GC (Allocation Failure)  400306K->9170K(1068032K), 0.0041664 secs]
252629.073: [GC (Allocation Failure)  388562K->9202K(1056768K), 0.0046646 secs]
252629.473: [GC (Allocation Failure)  377330K->9138K(1046016K), 0.0041601 secs]
252629.857: [GC (Allocation Failure)  366514K->9170K(1035776K), 0.0037889 secs]
252630.226: [GC (Allocation Failure)  356306K->9202K(1026048K), 0.0032399 secs]
252630.586: [GC (Allocation Failure)  346610K->9170K(1016832K), 0.0036686 secs]
252630.937: [GC (Allocation Failure)  337362K->9170K(1082880K), 0.0058229 secs]
252631.360: [GC (Allocation Failure)  403410K->9170K(1161728K), 0.0038470 secs]
252631.863: [GC (Allocation Failure)  482258K->9170K(1146880K), 0.0032110 secs]
252632.351: [GC (Allocation Failure)  467410K->9170K(1132544K), 0.0034704 secs]
252632.822: [GC (Allocation Failure)  453074K->9138K(1118720K), 0.0033534 secs]
252633.280: [GC (Allocation Failure)  439218K->9170K(1105408K), 0.0037212 secs]
252633.724: [GC (Allocation Failure)  425938K->9170K(1092608K), 0.0040488 secs]
252634.162: [GC (Allocation Failure)  413138K->9170K(1080320K), 0.0032968 secs]
252634.580: [GC (Allocation Failure)  400850K->9138K(1068544K), 0.0042238 secs]
252634.990: [GC (Allocation Failure)  389042K->9170K(1057280K), 0.0059488 secs]
252635.388: [GC (Allocation Failure)  377810K->9138K(1046528K), 0.0032283 secs]
252635.786: [GC (Allocation Failure)  367026K->9138K(1036288K), 0.0039209 secs]
252636.157: [GC (Allocation Failure)  356786K->9138K(1105920K), 0.0045881 secs]
252636.601: [GC (Allocation Failure)  426418K->9170K(1093120K), 0.0035023 secs]
252637.029: [GC (Allocation Failure)  413650K->9170K(1080832K), 0.0034732 secs]
252637.450: [GC (Allocation Failure)  401362K->9170K(1069056K), 0.0042424 secs]
252637.859: [GC (Allocation Failure)  389586K->9138K(1057792K), 0.0036409 secs]
252638.254: [GC (Allocation Failure)  378290K->9170K(1047040K), 0.0037785 secs]
252638.637: [GC (Allocation Failure)  367570K->9170K(1036800K), 0.0039303 secs]
252639.007: [GC (Allocation Failure)  357330K->9202K(1106432K), 0.0048601 secs]
252639.460: [GC (Allocation Failure)  426994K->9170K(1093632K), 0.0037389 secs]
252639.893: [GC (Allocation Failure)  414162K->9170K(1081344K), 0.0041656 secs]
252640.316: [GC (Allocation Failure)  401874K->9170K(1069568K), 0.0036179 secs]
252640.721: [GC (Allocation Failure)  390098K->9138K(1058304K), 0.0047946 secs]
252641.146: [GC (Allocation Failure)  378802K->9170K(1047552K), 0.0040357 secs]
252641.567: [GC (Allocation Failure)  368082K->9138K(1037312K), 0.0034444 secs]
252641.939: [GC (Allocation Failure)  357810K->9138K(1027584K), 0.0038808 secs]
252642.323: [GC (Allocation Failure)  348082K->9202K(1018368K), 0.0035425 secs]
252642.691: [GC (Allocation Failure)  338930K->9170K(1009152K), 0.0042336 secs]
252643.052: [GC (Allocation Failure)  329682K->9138K(1000448K), 0.0034548 secs]
252643.385: [GC (Allocation Failure)  320946K->9202K(1062912K), 0.0037376 secs]
252643.796: [GC (Allocation Failure)  383474K->9170K(1052160K), 0.0034742 secs]
252644.187: [GC (Allocation Failure)  372690K->9138K(1041920K), 0.0033279 secs]
252644.565: [GC (Allocation Failure)  362418K->9170K(1032192K), 0.0042489 secs]
252644.936: [GC (Allocation Failure)  352722K->9138K(1022464K), 0.0040665 secs]
252645.297: [GC (Allocation Failure)  342962K->9170K(1089536K), 0.0039465 secs]
252645.725: [GC (Allocation Failure)  410066K->9138K(1077760K), 0.0036295 secs]
252646.174: [GC (Allocation Failure)  398258K->9170K(1066496K), 0.0035223 secs]
252646.574: [GC (Allocation Failure)  387026K->9170K(1055744K), 0.0043045 secs]
252646.964: [GC (Allocation Failure)  376274K->9170K(1044992K), 0.0039268 secs]
252647.342: [GC (Allocation Failure)  365522K->9170K(1034752K), 0.0032669 secs]
252647.709: [GC (Allocation Failure)  355282K->9170K(1025024K), 0.0032582 secs]
252648.066: [GC (Allocation Failure)  345554K->9170K(1015808K), 0.0029666 secs]
252648.414: [GC (Allocation Failure)  336338K->9170K(1007104K), 0.0039582 secs]
252648.754: [GC (Allocation Failure)  327634K->9170K(1071104K), 0.0049556 secs]
252649.163: [GC (Allocation Failure)  391634K->9170K(1147904K), 0.0038235 secs]
252649.651: [GC (Allocation Failure)  468434K->9170K(1133568K), 0.0029184 secs]
252650.122: [GC (Allocation Failure)  454098K->9170K(1119744K), 0.0033339 secs]
252650.581: [GC (Allocation Failure)  440274K->9170K(1106432K), 0.0038613 secs]
252651.027: [GC (Allocation Failure)  426962K->9170K(1093632K), 0.0045286 secs]
252651.474: [GC (Allocation Failure)  414162K->9170K(1081344K), 0.0035178 secs]
252651.891: [GC (Allocation Failure)  401874K->9138K(1069568K), 0.0035211 secs]
252652.296: [GC (Allocation Failure)  390066K->9170K(1058304K), 0.0038183 secs]
252652.691: [GC (Allocation Failure)  378834K->9170K(1047552K), 0.0041934 secs]
252653.074: [GC (Allocation Failure)  368082K->9170K(1037312K), 0.0037386 secs]
252653.444: [GC (Allocation Failure)  357842K->9202K(1027584K), 0.0037552 secs]
252653.807: [GC (Allocation Failure)  348146K->9138K(1018368K), 0.0039327 secs]
252654.158: [GC (Allocation Failure)  338866K->9170K(1009152K), 0.0037313 secs]
252654.499: [GC (Allocation Failure)  329682K->9170K(1000448K), 0.0038041 secs]
252654.848: [GC (Allocation Failure)  320978K->9138K(1062912K), 0.0044480 secs]
252655.283: [GC (Allocation Failure)  383410K->9170K(1138176K), 0.0038217 secs]
252655.762: [GC (Allocation Failure)  458706K->9170K(1124352K), 0.0038915 secs]
252656.226: [GC (Allocation Failure)  444882K->9170K(1111040K), 0.0042046 secs]
252656.676: [GC (Allocation Failure)  431570K->9170K(1098240K), 0.0041247 secs]
252657.111: [GC (Allocation Failure)  418770K->9138K(1085952K), 0.0036183 secs]
252657.534: [GC (Allocation Failure)  406450K->9106K(1074176K), 0.0034277 secs]
252657.943: [GC (Allocation Failure)  394642K->9138K(1062912K), 0.0039148 secs]
252658.366: [GC (Allocation Failure)  383410K->9170K(1052160K), 0.0036436 secs]
252658.760: [GC (Allocation Failure)  372690K->9170K(1041920K), 0.0033975 secs]
252659.138: [GC (Allocation Failure)  362450K->9170K(1032192K), 0.0037886 secs]
252659.510: [GC (Allocation Failure)  352722K->9170K(1022464K), 0.0035682 secs]
252659.868: [GC (Allocation Failure)  342994K->9202K(1013248K), 0.0042060 secs]
252660.215: [GC (Allocation Failure)  333810K->9138K(1004544K), 0.0039781 secs]
252660.555: [GC (Allocation Failure)  325042K->9170K(1068032K), 0.0048113 secs]
252660.962: [GC (Allocation Failure)  388562K->9138K(1144320K), 0.0037903 secs]
252661.448: [GC (Allocation Failure)  464818K->9202K(1129984K), 0.0043949 secs]
252661.945: [GC (Allocation Failure)  450546K->9138K(1116160K), 0.0039413 secs]
252662.399: [GC (Allocation Failure)  436658K->9170K(1102848K), 0.0039445 secs]
252662.838: [GC (Allocation Failure)  423378K->9170K(1090560K), 0.0035914 secs]
252663.264: [GC (Allocation Failure)  411090K->9170K(1078784K), 0.0057575 secs]
252663.710: [GC (Allocation Failure)  399314K->9202K(1067520K), 0.0040302 secs]
252664.111: [GC (Allocation Failure)  388082K->9170K(1056256K), 0.0036570 secs]
252664.501: [GC (Allocation Failure)  376786K->9202K(1045504K), 0.0041445 secs]
252664.880: [GC (Allocation Failure)  366066K->9138K(1117184K), 0.0049487 secs]
252665.342: [GC (Allocation Failure)  437682K->9138K(1103872K), 0.0039394 secs]
252665.783: [GC (Allocation Failure)  424370K->9170K(1091072K), 0.0034841 secs]
252666.211: [GC (Allocation Failure)  411602K->9106K(1079296K), 0.0037003 secs]
252666.628: [GC (Allocation Failure)  399762K->9138K(1068032K), 0.0039130 secs]
252667.032: [GC (Allocation Failure)  388530K->9138K(1056768K), 0.0030866 secs]
252667.422: [GC (Allocation Failure)  377266K->9170K(1046016K), 0.0033407 secs]
252667.802: [GC (Allocation Failure)  366546K->9170K(1035776K), 0.0028678 secs]
252668.170: [GC (Allocation Failure)  356306K->9170K(1026048K), 0.0031523 secs]
252668.533: [GC (Allocation Failure)  346578K->9138K(1016832K), 0.0034292 secs]
252668.881: [GC (Allocation Failure)  337330K->9202K(1008128K), 0.0028919 secs]
252669.219: [GC (Allocation Failure)  328690K->9170K(999424K), 0.0035306 secs]
252669.551: [GC (Allocation Failure)  319954K->9170K(991232K), 0.0032555 secs]
252669.873: [GC (Allocation Failure)  311762K->9170K(1052160K), 0.0056771 secs]
252670.267: [GC (Allocation Failure)  372690K->9138K(1124864K), 0.0034581 secs]
252670.727: [GC (Allocation Failure)  445362K->9138K(1111552K), 0.0028129 secs]
252671.176: [GC (Allocation Failure)  432050K->9170K(1098752K), 0.0029813 secs]
252671.612: [GC (Allocation Failure)  419282K->9202K(1086464K), 0.0029775 secs]
252672.034: [GC (Allocation Failure)  407026K->9138K(1074688K), 0.0034327 secs]
252672.463: [GC (Allocation Failure)  395186K->9170K(1063424K), 0.0032492 secs]
252672.860: [GC (Allocation Failure)  383954K->9138K(1052672K), 0.0031885 secs]
252673.247: [GC (Allocation Failure)  373170K->9170K(1042432K), 0.0049084 secs]
252673.624: [GC (Allocation Failure)  362962K->9170K(1032704K), 0.0036753 secs]
252673.991: [GC (Allocation Failure)  353234K->9170K(1022976K), 0.0041217 secs]
252674.352: [GC (Allocation Failure)  343506K->9170K(1090048K), 0.0041871 secs]
252674.781: [GC (Allocation Failure)  410578K->9170K(1170432K), 0.0044915 secs]
252675.299: [GC (Allocation Failure)  490962K->9170K(1155072K), 0.0039658 secs]
252675.795: [GC (Allocation Failure)  475602K->9170K(1140224K), 0.0037654 secs]
252676.276: [GC (Allocation Failure)  460754K->9170K(1125888K), 0.0031361 secs]
252676.740: [GC (Allocation Failure)  446418K->9138K(1112576K), 0.0044000 secs]
252677.191: [GC (Allocation Failure)  433074K->9202K(1099776K), 0.0037438 secs]
252677.631: [GC (Allocation Failure)  420338K->9170K(1087488K), 0.0037401 secs]
252678.057: [GC (Allocation Failure)  408018K->9202K(1075712K), 0.0036608 secs]
252678.471: [GC (Allocation Failure)  396274K->9138K(1064448K), 0.0034299 secs]
252678.875: [GC (Allocation Failure)  384946K->9170K(1053696K), 0.0040764 secs]
252679.264: [GC (Allocation Failure)  374226K->9170K(1043456K), 0.0045208 secs]
252679.648: [GC (Allocation Failure)  363986K->9170K(1033216K), 0.0044996 secs]
252680.021: [GC (Allocation Failure)  353746K->9170K(1023488K), 0.0037682 secs]
252680.378: [GC (Allocation Failure)  344018K->9138K(1090560K), 0.0040040 secs]
252680.805: [GC (Allocation Failure)  411058K->9170K(1078784K), 0.0039579 secs]
252681.221: [GC (Allocation Failure)  399314K->9170K(1067520K), 0.0035385 secs]
252681.625: [GC (Allocation Failure)  388050K->9170K(1056256K), 0.0038462 secs]
252682.018: [GC (Allocation Failure)  376786K->9138K(1045504K), 0.0037515 secs]
252682.400: [GC (Allocation Failure)  366002K->9138K(1035264K), 0.0583073 secs]
252682.835: [GC (Allocation Failure)  355762K->9138K(1025536K), 0.0038737 secs]
252683.194: [GC (Allocation Failure)  346034K->9170K(1016320K), 0.0031705 secs]
252683.541: [GC (Allocation Failure)  336850K->9170K(1007616K), 0.0038050 secs]
252683.882: [GC (Allocation Failure)  328146K->9138K(998912K), 0.0039517 secs]
252684.213: [GC (Allocation Failure)  319410K->9138K(990720K), 0.0032906 secs]
252684.535: [GC (Allocation Failure)  311218K->9138K(983040K), 0.0031819 secs]
252684.849: [GC (Allocation Failure)  303538K->9170K(1041920K), 0.0048097 secs]
252685.229: [GC (Allocation Failure)  362450K->9202K(1112576K), 0.0035752 secs]
252685.677: [GC (Allocation Failure)  433138K->9170K(1099776K), 0.0035893 secs]
252686.112: [GC (Allocation Failure)  420306K->9170K(1087488K), 0.0034247 secs]
252686.535: [GC (Allocation Failure)  408018K->9138K(1075712K), 0.0038777 secs]
252686.946: [GC (Allocation Failure)  396210K->9138K(1064448K), 0.0032852 secs]
252687.345: [GC (Allocation Failure)  384946K->9202K(1053696K), 0.0031559 secs]
252687.733: [GC (Allocation Failure)  374258K->9170K(1043456K), 0.0038599 secs]
252688.111: [GC (Allocation Failure)  363986K->9138K(1033216K), 0.0036574 secs]
252688.478: [GC (Allocation Failure)  353714K->9170K(1023488K), 0.0032516 secs]
252688.833: [GC (Allocation Failure)  344018K->9138K(1014272K), 0.0038905 secs]
252689.180: [GC (Allocation Failure)  334770K->9170K(1005568K), 0.0030426 secs]
252689.516: [GC (Allocation Failure)  326098K->9170K(996864K), 0.0030528 secs]
252689.844: [GC (Allocation Failure)  317394K->9170K(988672K), 0.0032797 secs]
252690.163: [GC (Allocation Failure)  309202K->9170K(1049088K), 0.0041514 secs]
252690.550: [GC (Allocation Failure)  369618K->9170K(1038848K), 0.0033612 secs]
252690.922: [GC (Allocation Failure)  359378K->9202K(1029120K), 0.0029920 secs]
252691.282: [GC (Allocation Failure)  349682K->9202K(1019904K), 0.0029459 secs]
252691.635: [GC (Allocation Failure)  340466K->9170K(1010688K), 0.0036003 secs]
252691.980: [GC (Allocation Failure)  331218K->9106K(1001984K), 0.0035420 secs]
252692.312: [GC (Allocation Failure)  322450K->9170K(993792K), 0.0036944 secs]
252692.638: [GC (Allocation Failure)  314322K->9138K(985600K), 0.0035308 secs]
252692.955: [GC (Allocation Failure)  306098K->9202K(977920K), 0.0032144 secs]
252693.289: [GC (Allocation Failure)  298482K->9138K(970752K), 0.0031028 secs]
252693.592: [GC (Allocation Failure)  291250K->9170K(963584K), 0.0029954 secs]
252693.888: [GC (Allocation Failure)  284114K->9202K(1018880K), 0.0052574 secs]
252694.241: [GC (Allocation Failure)  339442K->9138K(1084928K), 0.0052330 secs]
252694.669: [GC (Allocation Failure)  405426K->9170K(1164288K), 0.0036318 secs]
252695.172: [GC (Allocation Failure)  484818K->9138K(1259520K), 0.0035260 secs]
252695.777: [GC (Allocation Failure)  580018K->9138K(1240064K), 0.0046677 secs]
252696.370: [GC (Allocation Failure)  560562K->9138K(1221632K), 0.0031258 secs]
252696.935: [GC (Allocation Failure)  542130K->9170K(1203712K), 0.0042939 secs]
252697.487: [GC (Allocation Failure)  524242K->9138K(1186816K), 0.0033071 secs]
252698.016: [GC (Allocation Failure)  507314K->9138K(1170432K), 0.0029899 secs]
252698.548: [GC (Allocation Failure)  490930K->9138K(1155072K), 0.0031414 secs]
252699.044: [GC (Allocation Failure)  475570K->9170K(1140224K), 0.0027438 secs]
252699.525: [GC (Allocation Failure)  460754K->9138K(1125888K), 0.0033561 secs]
252700.014: [GC (Allocation Failure)  446386K->9138K(1112576K), 0.0031159 secs]
252700.474: [GC (Allocation Failure)  433074K->9170K(1099776K), 0.0033428 secs]
252700.913: [GC (Allocation Failure)  420306K->9138K(1087488K), 0.0035342 secs]
252701.340: [GC (Allocation Failure)  407986K->9138K(1075712K), 0.0037774 secs]
252701.755: [GC (Allocation Failure)  396210K->9170K(1064448K), 0.0034781 secs]
252702.157: [GC (Allocation Failure)  384978K->9170K(1053696K), 0.0040517 secs]
252702.547: [GC (Allocation Failure)  374226K->9138K(1043456K), 0.0034894 secs]
252702.924: [GC (Allocation Failure)  363954K->9106K(1033216K), 0.0035893 secs]
252703.292: [GC (Allocation Failure)  353682K->9170K(1023488K), 0.0039850 secs]
252703.653: [GC (Allocation Failure)  344018K->9170K(1014272K), 0.0035914 secs]
252704.001: [GC (Allocation Failure)  334802K->9138K(1005568K), 0.0033788 secs]
252704.342: [GC (Allocation Failure)  326066K->9202K(996864K), 0.0030471 secs]
252704.674: [GC (Allocation Failure)  317426K->9170K(988672K), 0.0031282 secs]
252704.995: [GC (Allocation Failure)  309202K->9170K(980992K), 0.0041430 secs]
252705.312: [GC (Allocation Failure)  301522K->9138K(1039872K), 0.0039703 secs]
252705.687: [GC (Allocation Failure)  360370K->9170K(1030144K), 0.0030791 secs]
252706.049: [GC (Allocation Failure)  350674K->9138K(1020928K), 0.0032431 secs]
252706.403: [GC (Allocation Failure)  341426K->9202K(1011712K), 0.0033148 secs]
252706.746: [GC (Allocation Failure)  332274K->9106K(1076736K), 0.0040519 secs]
252707.166: [GC (Allocation Failure)  397202K->9170K(1065472K), 0.0038610 secs]
252707.568: [GC (Allocation Failure)  386002K->9138K(1054720K), 0.0034156 secs]
252707.958: [GC (Allocation Failure)  375218K->9202K(1044480K), 0.0031784 secs]
252708.337: [GC (Allocation Failure)  365042K->9170K(1034240K), 0.0035869 secs]
252708.734: [GC (Allocation Failure)  354770K->9138K(1024512K), 0.0037021 secs]
252709.093: [GC (Allocation Failure)  345010K->9170K(1015296K), 0.0032454 secs]
252709.442: [GC (Allocation Failure)  335826K->9170K(1006592K), 0.0030129 secs]
252709.781: [GC (Allocation Failure)  327122K->9138K(997888K), 0.0041617 secs]
252710.113: [GC (Allocation Failure)  318386K->9138K(989696K), 0.0033703 secs]
252710.434: [GC (Allocation Failure)  310194K->9138K(982016K), 0.0030440 secs]
252710.747: [GC (Allocation Failure)  302514K->9202K(974336K), 0.0034356 secs]
252711.052: [GC (Allocation Failure)  294898K->9202K(967168K), 0.0028851 secs]
252711.348: [GC (Allocation Failure)  287730K->9138K(960000K), 0.0026568 secs]
252711.638: [GC (Allocation Failure)  280498K->9170K(953344K), 0.0033795 secs]
252711.923: [GC (Allocation Failure)  273874K->9202K(1006592K), 0.0035454 secs]
252712.263: [GC (Allocation Failure)  327154K->9170K(1070592K), 0.0032100 secs]
252712.670: [GC (Allocation Failure)  391122K->9170K(1059328K), 0.0035288 secs]
252713.066: [GC (Allocation Failure)  379858K->9202K(1048576K), 0.0028989 secs]
252713.449: [GC (Allocation Failure)  369138K->9170K(1038336K), 0.0032585 secs]
252713.895: [GC (Allocation Failure)  358866K->9138K(1028608K), 0.0034172 secs]
252714.261: [GC (Allocation Failure)  349106K->9170K(1019392K), 0.0032789 secs]
252714.615: [GC (Allocation Failure)  339922K->9170K(1010176K), 0.0033052 secs]
252714.957: [GC (Allocation Failure)  330706K->9170K(1001472K), 0.0029407 secs]
252715.291: [GC (Allocation Failure)  322002K->9170K(993280K), 0.0033137 secs]
252715.617: [GC (Allocation Failure)  313810K->9138K(985088K), 0.0027839 secs]
252715.931: [GC (Allocation Failure)  305586K->9138K(977408K), 0.0033205 secs]
252716.238: [GC (Allocation Failure)  297906K->9138K(970240K), 0.0030299 secs]
252716.537: [GC (Allocation Failure)  290738K->9202K(963072K), 0.0028206 secs]
252716.829: [GC (Allocation Failure)  283634K->9202K(956416K), 0.0029607 secs]
252717.114: [GC (Allocation Failure)  276978K->9170K(949760K), 0.0027942 secs]
252717.392: [GC (Allocation Failure)  270290K->9170K(943616K), 0.0214865 secs]
252717.686: [GC (Allocation Failure)  264146K->9170K(937472K), 0.0026300 secs]
252717.950: [GC (Allocation Failure)  258002K->9170K(931840K), 0.0029194 secs]
252718.209: [GC (Allocation Failure)  252370K->9170K(980480K), 0.0038792 secs]
252718.521: [GC (Allocation Failure)  301010K->9170K(1038848K), 0.0041104 secs]
252718.925: [GC (Allocation Failure)  359378K->9170K(1108992K), 0.0033385 secs]
252719.372: [GC (Allocation Failure)  429522K->9138K(1096192K), 0.0033014 secs]
252719.805: [GC (Allocation Failure)  416690K->9170K(1083904K), 0.0029223 secs]
252720.222: [GC (Allocation Failure)  404434K->9170K(1072128K), 0.0028266 secs]
252720.628: [GC (Allocation Failure)  392658K->9138K(1060864K), 0.0033111 secs]
252721.022: [GC (Allocation Failure)  381362K->9170K(1050112K), 0.0030263 secs]
252721.407: [GC (Allocation Failure)  370642K->9170K(1039872K), 0.0032801 secs]
252721.803: [GC (Allocation Failure)  360402K->9138K(1030144K), 0.0032938 secs]
252722.187: [GC (Allocation Failure)  350642K->9202K(1020928K), 0.0031768 secs]
252722.540: [GC (Allocation Failure)  341490K->9170K(1011712K), 0.0032294 secs]
252722.883: [GC (Allocation Failure)  332242K->9170K(1003008K), 0.0029588 secs]
252723.236: [GC (Allocation Failure)  323538K->9138K(994816K), 0.0025991 secs]
252723.562: [GC (Allocation Failure)  315314K->9202K(986624K), 0.0032098 secs]
252723.898: [GC (Allocation Failure)  307186K->9170K(978944K), 0.0032148 secs]
252724.206: [GC (Allocation Failure)  299474K->9170K(971264K), 0.0031752 secs]
252724.494: [GC (Allocation Failure)  291794K->9170K(1028096K), 0.0069280 secs]
252724.854: [GC (Allocation Failure)  348626K->9170K(1096192K), 0.0030983 secs]
252725.269: [GC (Allocation Failure)  416722K->9170K(1178112K), 0.0034380 secs]
252725.768: [GC (Allocation Failure)  498642K->9138K(1162240K), 0.0032591 secs]
252726.247: [GC (Allocation Failure)  482738K->9138K(1147392K), 0.0031144 secs]
252726.714: [GC (Allocation Failure)  467890K->9170K(1133056K), 0.0032239 secs]
252727.164: [GC (Allocation Failure)  453586K->9106K(1119232K), 0.0037698 secs]
252727.602: [GC (Allocation Failure)  439698K->9202K(1105920K), 0.0034461 secs]
252728.026: [GC (Allocation Failure)  426482K->9138K(1093120K), 0.0035030 secs]
252728.437: [GC (Allocation Failure)  413618K->9170K(1080832K), 0.0036911 secs]
252728.835: [GC (Allocation Failure)  401362K->9138K(1069056K), 0.0033571 secs]
252729.251: [GC (Allocation Failure)  389554K->9202K(1057792K), 0.0032160 secs]
252729.627: [GC (Allocation Failure)  378354K->9170K(1047040K), 0.0033670 secs]
252729.993: [GC (Allocation Failure)  367570K->9170K(1036800K), 0.0032853 secs]
252730.349: [GC (Allocation Failure)  357330K->9170K(1027072K), 0.0034990 secs]
252730.698: [GC (Allocation Failure)  347602K->9202K(1017856K), 0.0030635 secs]
252731.034: [GC (Allocation Failure)  338418K->9170K(1008640K), 0.0043260 secs]
252731.365: [GC (Allocation Failure)  329170K->9138K(999936K), 0.0030139 secs]
252731.682: [GC (Allocation Failure)  320434K->9138K(991744K), 0.0033100 secs]
252731.989: [GC (Allocation Failure)  312242K->9170K(984064K), 0.0033198 secs]
252732.291: [GC (Allocation Failure)  304594K->9170K(1043456K), 0.0034060 secs]
252732.654: [GC (Allocation Failure)  363986K->9202K(1033216K), 0.0030334 secs]
252733.006: [GC (Allocation Failure)  353778K->9138K(1102336K), 0.0040842 secs]
252733.433: [GC (Allocation Failure)  422834K->9170K(1090048K), 0.0039670 secs]
252733.840: [GC (Allocation Failure)  410578K->9170K(1078272K), 0.0035384 secs]
252734.276: [GC (Allocation Failure)  398802K->9170K(1067008K), 0.0037056 secs]
252734.662: [GC (Allocation Failure)  387538K->9138K(1056256K), 0.0030496 secs]
252735.038: [GC (Allocation Failure)  376754K->9170K(1045504K), 0.0026357 secs]
252735.401: [GC (Allocation Failure)  366034K->9170K(1035264K), 0.0027980 secs]
252735.758: [GC (Allocation Failure)  355794K->9170K(1025536K), 0.0028364 secs]
252736.101: [GC (Allocation Failure)  346066K->9170K(1016320K), 0.0032908 secs]
252736.437: [GC (Allocation Failure)  336850K->9138K(1007616K), 0.0039166 secs]
252736.764: [GC (Allocation Failure)  328114K->9138K(998912K), 0.0037295 secs]
252737.080: [GC (Allocation Failure)  319410K->9170K(990720K), 0.0034419 secs]
252737.390: [GC (Allocation Failure)  311250K->9170K(983040K), 0.0031929 secs]
252737.690: [GC (Allocation Failure)  303570K->9138K(975360K), 0.0029629 secs]
252737.995: [GC (Allocation Failure)  295858K->9106K(1032704K), 0.0045073 secs]
252738.353: [GC (Allocation Failure)  353170K->9170K(1101824K), 0.0079232 secs]
252738.782: [GC (Allocation Failure)  422354K->9170K(1184768K), 0.0026134 secs]
252739.287: [GC (Allocation Failure)  505298K->9138K(1284096K), 0.0033827 secs]
252739.907: [GC (Allocation Failure)  604594K->9170K(1263616K), 0.0033360 secs]
252740.503: [GC (Allocation Failure)  584146K->9170K(1244160K), 0.0029071 secs]
252741.074: [GC (Allocation Failure)  564690K->9138K(1225216K), 0.0038176 secs]
252741.619: [GC (Allocation Failure)  545714K->9170K(1207296K), 0.0031004 secs]
252742.154: [GC (Allocation Failure)  527826K->9170K(1190400K), 0.0033062 secs]
252742.663: [GC (Allocation Failure)  510930K->9202K(1174016K), 0.0040449 secs]
252743.156: [GC (Allocation Failure)  494578K->9202K(1158656K), 0.0027393 secs]
252743.640: [GC (Allocation Failure)  479218K->9138K(1143808K), 0.0036806 secs]
252744.107: [GC (Allocation Failure)  464306K->9170K(1129472K), 0.0037779 secs]
252744.555: [GC (Allocation Failure)  450002K->9170K(1115648K), 0.0036284 secs]
252745.016: [GC (Allocation Failure)  436178K->9202K(1102848K), 0.0031316 secs]
252745.439: [GC (Allocation Failure)  423410K->9202K(1090560K), 0.0029564 secs]
252745.849: [GC (Allocation Failure)  411122K->9138K(1078784K), 0.0035429 secs]
252746.248: [GC (Allocation Failure)  399282K->9202K(1067520K), 0.0032657 secs]
252746.634: [GC (Allocation Failure)  388082K->9106K(1056256K), 0.0033210 secs]
252747.010: [GC (Allocation Failure)  376722K->9138K(1045504K), 0.0036310 secs]
252747.373: [GC (Allocation Failure)  366002K->9138K(1035264K), 0.0038988 secs]
252747.727: [GC (Allocation Failure)  355762K->9138K(1025536K), 0.0033739 secs]
252748.072: [GC (Allocation Failure)  346034K->9170K(1016320K), 0.0029949 secs]
252748.405: [GC (Allocation Failure)  336850K->9138K(1007616K), 0.0031551 secs]
252748.731: [GC (Allocation Failure)  328114K->9170K(998912K), 0.0031618 secs]
252749.056: [GC (Allocation Failure)  319442K->9202K(990720K), 0.0037405 secs]
252749.370: [GC (Allocation Failure)  311282K->9170K(1051136K), 0.0044175 secs]
252749.747: [GC (Allocation Failure)  371666K->9138K(1123840K), 0.0043386 secs]
252750.244: [GC (Allocation Failure)  444338K->9170K(1210880K), 0.0041099 secs]
252750.782: [GC (Allocation Failure)  531410K->9170K(1193472K), 0.0036450 secs]
252751.299: [GC (Allocation Failure)  514002K->9202K(1177088K), 0.0044163 secs]
252751.798: [GC (Allocation Failure)  497650K->9138K(1161216K), 0.0038089 secs]
252752.306: [GC (Allocation Failure)  481714K->9170K(1146368K), 0.0033246 secs]
252752.771: [GC (Allocation Failure)  466898K->9170K(1132032K), 0.0040522 secs]
252753.224: [GC (Allocation Failure)  452562K->9170K(1118208K), 0.0035039 secs]
252753.660: [GC (Allocation Failure)  438738K->9170K(1104896K), 0.0044767 secs]
252754.084: [GC (Allocation Failure)  425426K->9138K(1092096K), 0.0048068 secs]
252754.500: [GC (Allocation Failure)  412594K->9170K(1079808K), 0.0039944 secs]
252754.902: [GC (Allocation Failure)  400338K->9138K(1068032K), 0.0038334 secs]
252755.323: [GC (Allocation Failure)  388530K->9138K(1056768K), 0.0034411 secs]
252755.699: [GC (Allocation Failure)  377266K->9138K(1046016K), 0.0033406 secs]
252756.064: [GC (Allocation Failure)  366514K->9138K(1035776K), 0.0035505 secs]
252756.419: [GC (Allocation Failure)  356274K->9170K(1026048K), 0.0044009 secs]
252756.766: [GC (Allocation Failure)  346578K->9170K(1016832K), 0.0037389 secs]
252757.102: [GC (Allocation Failure)  337362K->9138K(1082880K), 0.0034821 secs]
252757.504: [GC (Allocation Failure)  403378K->9170K(1071104K), 0.0033897 secs]
252757.896: [GC (Allocation Failure)  391634K->9202K(1059840K), 0.0029972 secs]
252758.274: [GC (Allocation Failure)  380402K->9170K(1049088K), 0.0031254 secs]
252758.641: [GC (Allocation Failure)  369618K->9170K(1038848K), 0.0031491 secs]
252758.997: [GC (Allocation Failure)  359378K->9170K(1029120K), 0.0030926 secs]
252759.343: [GC (Allocation Failure)  349650K->9138K(1019904K), 0.0035686 secs]
252759.682: [GC (Allocation Failure)  340402K->9202K(1010688K), 0.0033382 secs]
252760.010: [GC (Allocation Failure)  331250K->9146K(1001984K), 0.0035571 secs]
252760.415: [GC (Allocation Failure)  322490K->9146K(993792K), 0.0036079 secs]
252760.728: [GC (Allocation Failure)  314298K->9146K(985600K), 0.0035821 secs]
252761.030: [GC (Allocation Failure)  306106K->9146K(1044992K), 0.0036920 secs]
252761.392: [GC (Allocation Failure)  365498K->9178K(1034752K), 0.0030750 secs]
252761.744: [GC (Allocation Failure)  355290K->9146K(1025024K), 0.0034327 secs]
252762.084: [GC (Allocation Failure)  345530K->9146K(1015808K), 0.0031265 secs]
252762.417: [GC (Allocation Failure)  336314K->9146K(1007104K), 0.0025385 secs]
252762.740: [GC (Allocation Failure)  327610K->9178K(998400K), 0.0037331 secs]
252763.055: [GC (Allocation Failure)  318938K->9242K(990208K), 0.0036655 secs]
252763.365: [GC (Allocation Failure)  310810K->9178K(1050624K), 0.0037851 secs]
252763.734: [GC (Allocation Failure)  371162K->9178K(1123328K), 0.0039843 secs]
252764.186: [GC (Allocation Failure)  443866K->9210K(1110016K), 0.0035568 secs]
252764.612: [GC (Allocation Failure)  430586K->9146K(1097216K), 0.0036899 secs]
252765.022: [GC (Allocation Failure)  417722K->9146K(1084928K), 0.0032226 secs]
252765.422: [GC (Allocation Failure)  405434K->9146K(1073152K), 0.0033302 secs]
252765.811: [GC (Allocation Failure)  393658K->9178K(1061888K), 0.0030244 secs]
252766.188: [GC (Allocation Failure)  382426K->9146K(1051136K), 0.0033170 secs]
252766.553: [GC (Allocation Failure)  371642K->9178K(1040896K), 0.0032215 secs]
252766.909: [GC (Allocation Failure)  361434K->9178K(1031168K), 0.0026947 secs]
252767.253: [GC (Allocation Failure)  351706K->9178K(1021440K), 0.0030951 secs]
252767.589: [GC (Allocation Failure)  341978K->9178K(1012224K), 0.0035720 secs]
252767.915: [GC (Allocation Failure)  332762K->9210K(1003520K), 0.0035056 secs]
252768.235: [GC (Allocation Failure)  324090K->9210K(995328K), 0.0033050 secs]
252768.548: [GC (Allocation Failure)  315898K->9202K(1056768K), 0.0038399 secs]
252768.921: [GC (Allocation Failure)  377330K->9186K(1046016K), 0.0030696 secs]
252769.283: [GC (Allocation Failure)  366562K->9218K(1117696K), 0.0043938 secs]
252769.717: [GC (Allocation Failure)  438274K->9234K(1104384K), 0.0033925 secs]
252770.138: [GC (Allocation Failure)  424978K->9234K(1091584K), 0.0041778 secs]
252770.573: [GC (Allocation Failure)  412178K->9234K(1079808K), 0.0036262 secs]
252770.967: [GC (Allocation Failure)  400402K->9234K(1068032K), 0.0035513 secs]
252771.351: [GC (Allocation Failure)  388626K->9234K(1056768K), 0.0034133 secs]
252771.724: [GC (Allocation Failure)  377362K->9202K(1046016K), 0.0033901 secs]
252772.089: [GC (Allocation Failure)  366578K->9234K(1035776K), 0.0035196 secs]
252772.443: [GC (Allocation Failure)  356370K->9218K(1026048K), 0.0031074 secs]
252772.782: [GC (Allocation Failure)  346626K->9250K(1016832K), 0.0039983 secs]
252773.113: [GC (Allocation Failure)  337442K->9250K(1008128K), 0.0033949 secs]
252773.436: [GC (Allocation Failure)  328738K->9250K(999424K), 0.0034661 secs]
252773.749: [GC (Allocation Failure)  320034K->9218K(1061888K), 0.0036528 secs]
252774.127: [GC (Allocation Failure)  382466K->9250K(1051136K), 0.0034898 secs]
252774.491: [GC (Allocation Failure)  371746K->9250K(1040896K), 0.0038181 secs]
252774.846: [GC (Allocation Failure)  361506K->9218K(1111552K), 0.0038056 secs]
252775.271: [GC (Allocation Failure)  432130K->9250K(1098752K), 0.0031349 secs]
252775.724: [GC (Allocation Failure)  419362K->9218K(1086464K), 0.0032008 secs]
252776.132: [GC (Allocation Failure)  407042K->9250K(1074688K), 0.0036336 secs]
252776.522: [GC (Allocation Failure)  395298K->9250K(1063424K), 0.0032071 secs]
252776.902: [GC (Allocation Failure)  384034K->9218K(1052672K), 0.0033796 secs]
252777.274: [GC (Allocation Failure)  373250K->9274K(1042432K), 0.0042133 secs]
252777.641: [GC (Allocation Failure)  363066K->9282K(1032704K), 0.0044814 secs]
252777.995: [GC (Allocation Failure)  353346K->9250K(1022976K), 0.0033074 secs]
252778.335: [GC (Allocation Failure)  343586K->9314K(1013760K), 0.0030047 secs]
252778.667: [GC (Allocation Failure)  334434K->9314K(1005056K), 0.0033249 secs]
252778.988: [GC (Allocation Failure)  325730K->9282K(996352K), 0.0028423 secs]
252779.299: [GC (Allocation Failure)  316994K->9282K(988160K), 0.0031893 secs]
252779.603: [GC (Allocation Failure)  308802K->9282K(1048064K), 0.0049669 secs]
252779.968: [GC (Allocation Failure)  368706K->9250K(1120256K), 0.0031733 secs]
252780.405: [GC (Allocation Failure)  440866K->9250K(1106944K), 0.0033794 secs]
252780.858: [GC (Allocation Failure)  427554K->9282K(1094144K), 0.0040137 secs]
252781.267: [GC (Allocation Failure)  414786K->9250K(1081856K), 0.0031854 secs]
252781.666: [GC (Allocation Failure)  402466K->9250K(1160704K), 0.0076408 secs]
252782.144: [GC (Allocation Failure)  481314K->9250K(1255424K), 0.0033991 secs]
252782.718: [GC (Allocation Failure)  576034K->9282K(1235968K), 0.0032482 secs]
252783.266: [GC (Allocation Failure)  556610K->9282K(1217536K), 0.0034615 secs]
252783.827: [GC (Allocation Failure)  538178K->9250K(1200128K), 0.0034830 secs]
252784.341: [GC (Allocation Failure)  520738K->9282K(1183232K), 0.0033639 secs]
252784.840: [GC (Allocation Failure)  503874K->9250K(1167360K), 0.0040557 secs]
252785.326: [GC (Allocation Failure)  487970K->9282K(1152000K), 0.0029340 secs]
252785.789: [GC (Allocation Failure)  472642K->9314K(1137152K), 0.0036719 secs]
252786.274: [GC (Allocation Failure)  457826K->9282K(1123328K), 0.0045771 secs]
252786.717: [GC (Allocation Failure)  443970K->9314K(1110016K), 0.0031474 secs]
252787.144: [GC (Allocation Failure)  430690K->9314K(1097216K), 0.0034059 secs]
252787.557: [GC (Allocation Failure)  417890K->9282K(1084928K), 0.0034848 secs]
252787.965: [GC (Allocation Failure)  405570K->9250K(1073152K), 0.0029908 secs]
252788.354: [GC (Allocation Failure)  393762K->9250K(1061888K), 0.0035088 secs]
252788.734: [GC (Allocation Failure)  382498K->9250K(1051136K), 0.0029766 secs]
252789.099: [GC (Allocation Failure)  371746K->9282K(1040896K), 0.0053939 secs]
252789.457: [GC (Allocation Failure)  361538K->9282K(1031168K), 0.0028985 secs]
252789.806: [GC (Allocation Failure)  351810K->9250K(1021440K), 0.0032670 secs]
252790.144: [GC (Allocation Failure)  342050K->9282K(1012224K), 0.0034111 secs]
252790.471: [GC (Allocation Failure)  332866K->9250K(1003520K), 0.0036028 secs]
252790.790: [GC (Allocation Failure)  324130K->9314K(995328K), 0.0031190 secs]
252791.100: [GC (Allocation Failure)  316002K->9282K(987136K), 0.0032584 secs]
252791.405: [GC (Allocation Failure)  307778K->9282K(979456K), 0.0033124 secs]
252791.700: [GC (Allocation Failure)  300098K->9258K(1037824K), 0.0033745 secs]
252792.053: [GC (Allocation Failure)  358442K->9290K(1107968K), 0.0047012 secs]
252792.479: [GC (Allocation Failure)  428618K->9258K(1095168K), 0.0030097 secs]
252792.894: [GC (Allocation Failure)  415786K->9290K(1082880K), 0.0033943 secs]
252793.294: [GC (Allocation Failure)  403530K->9290K(1071104K), 0.0032155 secs]
252793.683: [GC (Allocation Failure)  391754K->9290K(1147904K), 0.0054140 secs]
252794.147: [GC (Allocation Failure)  468554K->9290K(1133568K), 0.0033034 secs]
252794.601: [GC (Allocation Failure)  454218K->9290K(1119744K), 0.0035151 secs]
252795.041: [GC (Allocation Failure)  440394K->9290K(1106432K), 0.0032111 secs]
252795.462: [GC (Allocation Failure)  427082K->9290K(1093632K), 0.0032346 secs]
252795.870: [GC (Allocation Failure)  414282K->9258K(1081344K), 0.0043153 secs]
252796.274: [GC (Allocation Failure)  401962K->9290K(1069568K), 0.0032642 secs]
252796.718: [GC (Allocation Failure)  390218K->9290K(1058304K), 0.0036234 secs]
252797.092: [GC (Allocation Failure)  378954K->9258K(1047552K), 0.0034404 secs]
252797.455: [GC (Allocation Failure)  368170K->9258K(1037312K), 0.0033065 secs]
252797.811: [GC (Allocation Failure)  357930K->9290K(1027584K), 0.0035167 secs]
252798.158: [GC (Allocation Failure)  348234K->9314K(1018368K), 0.0046199 secs]
252798.494: [GC (Allocation Failure)  339042K->9298K(1084416K), 0.0053441 secs]
252798.898: [GC (Allocation Failure)  405074K->9330K(1163776K), 0.0033291 secs]
252799.377: [GC (Allocation Failure)  484466K->9306K(1148416K), 0.0032685 secs]
252799.842: [GC (Allocation Failure)  469082K->9306K(1134080K), 0.0044294 secs]
252800.297: [GC (Allocation Failure)  454746K->9306K(1120256K), 0.0035581 secs]
252800.734: [GC (Allocation Failure)  440922K->9338K(1106944K), 0.0032913 secs]
252801.158: [GC (Allocation Failure)  427642K->9338K(1094144K), 0.0036463 secs]
252801.575: [GC (Allocation Failure)  414842K->9306K(1081856K), 0.0034516 secs]
252802.015: [GC (Allocation Failure)  402522K->9306K(1070080K), 0.0034707 secs]
252802.403: [GC (Allocation Failure)  390746K->9338K(1058816K), 0.0037792 secs]
252802.793: [GC (Allocation Failure)  379514K->9306K(1048064K), 0.0030292 secs]
252803.158: [GC (Allocation Failure)  368730K->9338K(1037824K), 0.0031667 secs]
252803.510: [GC (Allocation Failure)  358522K->9338K(1028096K), 0.0033870 secs]
252803.856: [GC (Allocation Failure)  348794K->9338K(1018880K), 0.0035620 secs]
252804.190: [GC (Allocation Failure)  339578K->9306K(1009664K), 0.0029726 secs]
252804.514: [GC (Allocation Failure)  330330K->9370K(1000960K), 0.0031284 secs]
252804.829: [GC (Allocation Failure)  321690K->9338K(1063424K), 0.0046022 secs]
252805.209: [GC (Allocation Failure)  384122K->9306K(1052672K), 0.0029565 secs]
252805.575: [GC (Allocation Failure)  373338K->9306K(1042432K), 0.0034221 secs]
252805.935: [GC (Allocation Failure)  363098K->9338K(1032704K), 0.0040227 secs]
252806.283: [GC (Allocation Failure)  353402K->9338K(1022976K), 0.0036009 secs]
252806.623: [GC (Allocation Failure)  343674K->9306K(1013760K), 0.0037067 secs]
252806.958: [GC (Allocation Failure)  334426K->9338K(1005056K), 0.0035020 secs]
252807.284: [GC (Allocation Failure)  325754K->9426K(1068544K), 0.0038037 secs]
252807.670: [GC (Allocation Failure)  389330K->9378K(1057280K), 0.0031549 secs]
252808.050: [GC (Allocation Failure)  378018K->9386K(1046528K), 0.0033523 secs]
252808.417: [GC (Allocation Failure)  367274K->9370K(1036288K), 0.0039749 secs]
252808.771: [GC (Allocation Failure)  357018K->9402K(1026560K), 0.0038503 secs]
252809.117: [GC (Allocation Failure)  347322K->9402K(1094144K), 0.0043021 secs]
252809.529: [GC (Allocation Failure)  414906K->9402K(1081856K), 0.0035681 secs]
252809.926: [GC (Allocation Failure)  402618K->9370K(1070080K), 0.0028919 secs]
252810.313: [GC (Allocation Failure)  390810K->9402K(1058816K), 0.0038730 secs]
252810.689: [GC (Allocation Failure)  379578K->9370K(1048064K), 0.0033083 secs]
252811.058: [GC (Allocation Failure)  368794K->9402K(1037824K), 0.0038672 secs]
252811.418: [GC (Allocation Failure)  358586K->9402K(1028096K), 0.0035019 secs]
252811.762: [GC (Allocation Failure)  348858K->9386K(1018880K), 0.0036144 secs]
252812.128: [GC (Allocation Failure)  339626K->9418K(1009664K), 0.0034431 secs]
252812.454: [GC (Allocation Failure)  330442K->9386K(1000960K), 0.0036542 secs]
252812.772: [GC (Allocation Failure)  321706K->9418K(992768K), 0.0032598 secs]
252813.080: [GC (Allocation Failure)  313546K->9450K(984576K), 0.0033965 secs]
252813.380: [GC (Allocation Failure)  305386K->9418K(1043968K), 0.0031660 secs]
252813.739: [GC (Allocation Failure)  364746K->9450K(1033728K), 0.0028466 secs]
252814.088: [GC (Allocation Failure)  354538K->9418K(1024000K), 0.0032579 secs]
252814.427: [GC (Allocation Failure)  344778K->9386K(1014784K), 0.0033133 secs]
252814.757: [GC (Allocation Failure)  335530K->9418K(1006080K), 0.0032878 secs]
252815.076: [GC (Allocation Failure)  326858K->9418K(997376K), 0.0034599 secs]
252815.391: [GC (Allocation Failure)  318154K->9418K(989184K), 0.0031469 secs]
252815.695: [GC (Allocation Failure)  309962K->9418K(981504K), 0.0033440 secs]
252815.991: [GC (Allocation Failure)  302282K->9418K(1040384K), 0.0033195 secs]
252816.351: [GC (Allocation Failure)  361162K->9450K(1030656K), 0.0035853 secs]
252816.701: [GC (Allocation Failure)  351466K->9442K(1099264K), 0.0049753 secs]
252817.122: [GC (Allocation Failure)  420066K->9442K(1181696K), 0.0032817 secs]
252817.619: [GC (Allocation Failure)  502498K->9474K(1165824K), 0.0039466 secs]
252818.102: [GC (Allocation Failure)  486658K->9442K(1150464K), 0.0030456 secs]
252818.568: [GC (Allocation Failure)  471266K->9410K(1136128K), 0.0036143 secs]
252819.022: [GC (Allocation Failure)  456898K->9442K(1122304K), 0.0035338 secs]
252819.460: [GC (Allocation Failure)  443106K->9442K(1108992K), 0.0035044 secs]
252819.889: [GC (Allocation Failure)  429794K->9442K(1096192K), 0.0034215 secs]
252820.302: [GC (Allocation Failure)  416994K->9474K(1083904K), 0.0041230 secs]
252820.705: [GC (Allocation Failure)  404738K->9410K(1072128K), 0.0039702 secs]
252821.091: [GC (Allocation Failure)  392898K->9442K(1060864K), 0.0033606 secs]
252821.469: [GC (Allocation Failure)  381666K->9410K(1050112K), 0.0037768 secs]
252821.839: [GC (Allocation Failure)  370882K->9410K(1039872K), 0.0036965 secs]
252822.193: [GC (Allocation Failure)  360642K->9474K(1030144K), 0.0034456 secs]
252822.538: [GC (Allocation Failure)  350978K->9442K(1020928K), 0.0031951 secs]
252822.874: [GC (Allocation Failure)  341730K->9442K(1011712K), 0.0030290 secs]
252823.199: [GC (Allocation Failure)  332514K->9442K(1003008K), 0.0031862 secs]
252823.517: [GC (Allocation Failure)  323810K->9442K(994816K), 0.0035185 secs]
252823.826: [GC (Allocation Failure)  315618K->9442K(1056256K), 0.0042513 secs]
252824.199: [GC (Allocation Failure)  377058K->9442K(1045504K), 0.0032801 secs]
252824.557: [GC (Allocation Failure)  366306K->9442K(1035264K), 0.0034751 secs]
252824.910: [GC (Allocation Failure)  356066K->9442K(1025536K), 0.0037191 secs]
252825.251: [GC (Allocation Failure)  346338K->9442K(1093120K), 0.0037471 secs]
252825.659: [GC (Allocation Failure)  413922K->9410K(1080832K), 0.0035195 secs]
252826.054: [GC (Allocation Failure)  401602K->9474K(1069056K), 0.0036470 secs]
252826.441: [GC (Allocation Failure)  389890K->9442K(1057792K), 0.0035212 secs]
252826.815: [GC (Allocation Failure)  378594K->9442K(1047040K), 0.0035953 secs]
252827.176: [GC (Allocation Failure)  367842K->9410K(1036800K), 0.0037003 secs]
252827.528: [GC (Allocation Failure)  357570K->9410K(1106432K), 0.0052361 secs]
252827.986: [GC (Allocation Failure)  427202K->9442K(1093632K), 0.0033178 secs]
252828.395: [GC (Allocation Failure)  414434K->9442K(1081344K), 0.0031577 secs]
252828.793: [GC (Allocation Failure)  402146K->9378K(1069568K), 0.0038551 secs]
252829.179: [GC (Allocation Failure)  390306K->9442K(1058304K), 0.0031280 secs]
252829.552: [GC (Allocation Failure)  379106K->9410K(1047552K), 0.0035236 secs]
252829.916: [GC (Allocation Failure)  368322K->9474K(1037312K), 0.0034978 secs]
252830.276: [GC (Allocation Failure)  358146K->9442K(1027584K), 0.0037869 secs]
252830.624: [GC (Allocation Failure)  348386K->9410K(1018368K), 0.0034453 secs]
252830.960: [GC (Allocation Failure)  339138K->9410K(1084416K), 0.0043237 secs]
252831.364: [GC (Allocation Failure)  405186K->9474K(1072640K), 0.0037411 secs]
252831.754: [GC (Allocation Failure)  393474K->9442K(1061376K), 0.0039470 secs]
252832.138: [GC (Allocation Failure)  382178K->9442K(1050624K), 0.0037441 secs]
252832.504: [GC (Allocation Failure)  371426K->9442K(1040384K), 0.0040665 secs]
252832.864: [GC (Allocation Failure)  361186K->9442K(1030656K), 0.0193004 secs]
252833.229: [GC (Allocation Failure)  351458K->9602K(1020928K), 0.0030958 secs]
252833.555: [GC (Allocation Failure)  341890K->9474K(1011712K), 0.0035872 secs]
252833.870: [GC (Allocation Failure)  332546K->9514K(1003008K), 0.0035765 secs]
252834.179: [GC (Allocation Failure)  323882K->9530K(1065984K), 0.0033512 secs]
252834.554: [GC (Allocation Failure)  386874K->9578K(1141760K), 0.0039089 secs]
252835.010: [GC (Allocation Failure)  462698K->9602K(1127424K), 0.0029935 secs]
252835.451: [GC (Allocation Failure)  448386K->9586K(1114112K), 0.0037251 secs]
252835.882: [GC (Allocation Failure)  435058K->9586K(1101312K), 0.0039884 secs]
252836.299: [GC (Allocation Failure)  422258K->9554K(1089024K), 0.0030717 secs]
252836.725: [GC (Allocation Failure)  409938K->9554K(1169408K), 0.0107643 secs]
252837.216: [GC (Allocation Failure)  490322K->9586K(1265664K), 0.0036139 secs]
252837.799: [GC (Allocation Failure)  586610K->9586K(1381376K), 0.0040579 secs]
252838.501: [GC (Allocation Failure)  702322K->9586K(1356288K), 0.0050019 secs]
252839.188: [GC (Allocation Failure)  677234K->9586K(1332224K), 0.0036255 secs]
252839.837: [GC (Allocation Failure)  653170K->9586K(1309696K), 0.0035020 secs]
252840.464: [GC (Allocation Failure)  630642K->9586K(1288192K), 0.0034188 secs]
252841.066: [GC (Allocation Failure)  609138K->9586K(1267712K), 0.0034329 secs]
252841.647: [GC (Allocation Failure)  588658K->9554K(1247744K), 0.0035255 secs]
252842.210: [GC (Allocation Failure)  568658K->9586K(1228800K), 0.0046024 secs]
252842.754: [GC (Allocation Failure)  549746K->9586K(1210880K), 0.0034771 secs]
252843.282: [GC (Allocation Failure)  531826K->9554K(1193472K), 0.0041846 secs]
252843.794: [GC (Allocation Failure)  514386K->9586K(1177088K), 0.0044177 secs]
252844.315: [GC (Allocation Failure)  498034K->9586K(1161216K), 0.0034672 secs]
252844.792: [GC (Allocation Failure)  482162K->9586K(1146368K), 0.0034909 secs]
252845.252: [GC (Allocation Failure)  467314K->9586K(1132032K), 0.0034503 secs]
252845.697: [GC (Allocation Failure)  452978K->9586K(1118208K), 0.0032665 secs]
252846.128: [GC (Allocation Failure)  439154K->9586K(1104896K), 0.0035338 secs]
252846.547: [GC (Allocation Failure)  425842K->9586K(1092096K), 0.0038295 secs]
252846.954: [GC (Allocation Failure)  413042K->9586K(1079808K), 0.0042871 secs]
252847.354: [GC (Allocation Failure)  400754K->9554K(1068032K), 0.0035635 secs]
252847.739: [GC (Allocation Failure)  388946K->9554K(1056768K), 0.0039177 secs]
252848.112: [GC (Allocation Failure)  377682K->9586K(1046016K), 0.0030559 secs]
252848.473: [GC (Allocation Failure)  366962K->9554K(1035776K), 0.0034435 secs]
252848.823: [GC (Allocation Failure)  356690K->9586K(1026048K), 0.0029488 secs]
252849.192: [GC (Allocation Failure)  346994K->9554K(1016832K), 0.0036704 secs]
252849.523: [GC (Allocation Failure)  337746K->9554K(1082880K), 0.0105188 secs]
252849.933: [GC (Allocation Failure)  403794K->9586K(1161728K), 0.0038588 secs]
252850.412: [GC (Allocation Failure)  482674K->9554K(1256448K), 0.0039791 secs]
252850.985: [GC (Allocation Failure)  577362K->9554K(1370112K), 0.0029164 secs]
252851.686: [GC (Allocation Failure)  691026K->9554K(1345536K), 0.0032595 secs]
252852.347: [GC (Allocation Failure)  666450K->9554K(1321984K), 0.0033670 secs]
252852.987: [GC (Allocation Failure)  642898K->9586K(1299968K), 0.0057850 secs]
252853.614: [GC (Allocation Failure)  620914K->9554K(1278976K), 0.0041236 secs]
252854.211: [GC (Allocation Failure)  599890K->9586K(1258496K), 0.0037449 secs]
252854.820: [GC (Allocation Failure)  579442K->9586K(1239040K), 0.0041130 secs]
252855.377: [GC (Allocation Failure)  559986K->9562K(1220608K), 0.0043507 secs]
252855.914: [GC (Allocation Failure)  541530K->9562K(1203200K), 0.0077292 secs]
252856.437: [GC (Allocation Failure)  524122K->9594K(1186304K), 0.0034921 secs]
252856.936: [GC (Allocation Failure)  507258K->9594K(1169920K), 0.0032552 secs]
252857.424: [GC (Allocation Failure)  490874K->9594K(1154560K), 0.0030131 secs]
252857.894: [GC (Allocation Failure)  475514K->9562K(1139712K), 0.0034697 secs]
252858.350: [GC (Allocation Failure)  460634K->9594K(1125376K), 0.0068776 secs]
252858.795: [GC (Allocation Failure)  446330K->9562K(1112064K), 0.0037096 secs]
252859.225: [GC (Allocation Failure)  432986K->9594K(1099264K), 0.0034658 secs]
252859.668: [GC (Allocation Failure)  420218K->9626K(1086976K), 0.0034350 secs]
252860.073: [GC (Allocation Failure)  407962K->9594K(1075200K), 0.0033722 secs]
252860.466: [GC (Allocation Failure)  396154K->9594K(1063936K), 0.0029324 secs]
252860.848: [GC (Allocation Failure)  384890K->9594K(1053184K), 0.0029840 secs]
252861.219: [GC (Allocation Failure)  374138K->9626K(1042944K), 0.0038660 secs]
252861.579: [GC (Allocation Failure)  363930K->9626K(1032704K), 0.0036666 secs]
252861.929: [GC (Allocation Failure)  353690K->9594K(1022976K), 0.0036174 secs]
252862.265: [GC (Allocation Failure)  343930K->9594K(1013760K), 0.0032184 secs]
252862.593: [GC (Allocation Failure)  334714K->9626K(1005056K), 0.0038534 secs]
252862.910: [GC (Allocation Failure)  326042K->9594K(996352K), 0.0034001 secs]
252863.225: [GC (Allocation Failure)  317306K->9562K(988160K), 0.0025670 secs]
252863.528: [GC (Allocation Failure)  309082K->9594K(980480K), 0.0036101 secs]
252863.822: [GC (Allocation Failure)  301434K->9562K(972800K), 0.0027693 secs]
252864.110: [GC (Allocation Failure)  293722K->9594K(1029632K), 0.0038604 secs]
252864.456: [GC (Allocation Failure)  350586K->9626K(1098240K), 0.0030865 secs]
252864.904: [GC (Allocation Failure)  419226K->9594K(1085952K), 0.0033880 secs]
252865.307: [GC (Allocation Failure)  406906K->9626K(1074176K), 0.0034655 secs]
252865.696: [GC (Allocation Failure)  395162K->9594K(1062912K), 0.0032942 secs]
252866.076: [GC (Allocation Failure)  383866K->9594K(1052160K), 0.0035188 secs]
252866.467: [GC (Allocation Failure)  373114K->9626K(1041920K), 0.0028709 secs]
252866.826: [GC (Allocation Failure)  362906K->9562K(1032192K), 0.0034637 secs]
252867.172: [GC (Allocation Failure)  353114K->9626K(1022464K), 0.0028362 secs]
252867.508: [GC (Allocation Failure)  343450K->9594K(1013248K), 0.0035099 secs]
252867.837: [GC (Allocation Failure)  334202K->9562K(1004544K), 0.0035742 secs]
252868.157: [GC (Allocation Failure)  325466K->9594K(996352K), 0.0029631 secs]
252868.469: [GC (Allocation Failure)  317306K->9594K(988160K), 0.0037684 secs]
252868.772: [GC (Allocation Failure)  309114K->9562K(1048064K), 0.0039724 secs]
252869.139: [GC (Allocation Failure)  368986K->9594K(1120256K), 0.0032054 secs]
252869.574: [GC (Allocation Failure)  441210K->9562K(1106944K), 0.0035267 secs]
252870.002: [GC (Allocation Failure)  427866K->9594K(1094144K), 0.0045444 secs]
252870.420: [GC (Allocation Failure)  415098K->9562K(1081856K), 0.0033647 secs]
252870.820: [GC (Allocation Failure)  402778K->9594K(1070080K), 0.0031560 secs]
252871.204: [GC (Allocation Failure)  391034K->9562K(1058816K), 0.0032852 secs]
252871.578: [GC (Allocation Failure)  379738K->9594K(1048064K), 0.0041179 secs]
252871.945: [GC (Allocation Failure)  369018K->9562K(1037824K), 0.0033765 secs]
252872.301: [GC (Allocation Failure)  358746K->9562K(1107968K), 0.0053563 secs]
252872.732: [GC (Allocation Failure)  428890K->9562K(1191936K), 0.0038514 secs]
252873.237: [GC (Allocation Failure)  512858K->9594K(1175552K), 0.0037713 secs]
252873.727: [GC (Allocation Failure)  496506K->9594K(1159680K), 0.0034201 secs]
252874.203: [GC (Allocation Failure)  480634K->9562K(1144832K), 0.0037176 secs]
252874.664: [GC (Allocation Failure)  465754K->9594K(1130496K), 0.0029188 secs]
252875.130: [GC (Allocation Failure)  451450K->9594K(1116672K), 0.0030728 secs]
252875.565: [GC (Allocation Failure)  437626K->9594K(1103360K), 0.0035423 secs]
252875.985: [GC (Allocation Failure)  424314K->9594K(1091072K), 0.0031983 secs]
252876.391: [GC (Allocation Failure)  412026K->9594K(1079296K), 0.0032645 secs]
252876.786: [GC (Allocation Failure)  400250K->9594K(1068032K), 0.0032398 secs]
252877.169: [GC (Allocation Failure)  388986K->9562K(1056768K), 0.0040691 secs]
252877.543: [GC (Allocation Failure)  377690K->9594K(1046016K), 0.0044595 secs]
252877.914: [GC (Allocation Failure)  366970K->9650K(1035776K), 0.0032991 secs]
252878.266: [GC (Allocation Failure)  356786K->9666K(1026048K), 0.0031388 secs]
252878.613: [GC (Allocation Failure)  347074K->9602K(1016832K), 0.0032364 secs]
252878.948: [GC (Allocation Failure)  337794K->9634K(1008128K), 0.0030402 secs]
252879.272: [GC (Allocation Failure)  329122K->9634K(999424K), 0.0037494 secs]
252879.591: [GC (Allocation Failure)  320418K->9634K(991232K), 0.0037347 secs]
252879.934: [GC (Allocation Failure)  312226K->9602K(1052160K), 0.0039187 secs]
252880.342: [GC (Allocation Failure)  373122K->9634K(1124864K), 0.0043140 secs]
252880.811: [GC (Allocation Failure)  445858K->9602K(1111552K), 0.0034516 secs]
252881.265: [GC (Allocation Failure)  432514K->9666K(1098752K), 0.0033844 secs]
252881.700: [GC (Allocation Failure)  419778K->9642K(1086464K), 0.0042738 secs]
252882.127: [GC (Allocation Failure)  407466K->9642K(1074688K), 0.0036929 secs]
252882.534: [GC (Allocation Failure)  395690K->9642K(1063424K), 0.0033673 secs]
252882.933: [GC (Allocation Failure)  384426K->9642K(1052672K), 0.0036064 secs]
252883.317: [GC (Allocation Failure)  373674K->9610K(1042432K), 0.0035491 secs]
252883.688: [GC (Allocation Failure)  363402K->9610K(1032704K), 0.0051521 secs]
252884.059: [GC (Allocation Failure)  353674K->9674K(1022976K), 0.0035246 secs]
252884.411: [GC (Allocation Failure)  344010K->9610K(1013760K), 0.0034072 secs]
252884.758: [GC (Allocation Failure)  334730K->9642K(1005056K), 0.0033709 secs]
252885.096: [GC (Allocation Failure)  326058K->9642K(1068544K), 0.0049979 secs]
252885.499: [GC (Allocation Failure)  389546K->9642K(1057280K), 0.0040833 secs]
252885.895: [GC (Allocation Failure)  378282K->9642K(1046528K), 0.0038104 secs]
252886.273: [GC (Allocation Failure)  367530K->9610K(1118208K), 0.0041696 secs]
252886.734: [GC (Allocation Failure)  439178K->9642K(1104896K), 0.0039706 secs]
252887.189: [GC (Allocation Failure)  425898K->9610K(1092096K), 0.0040262 secs]
252887.619: [GC (Allocation Failure)  413066K->9610K(1079808K), 0.0034788 secs]
252888.035: [GC (Allocation Failure)  400778K->9610K(1068032K), 0.0036164 secs]
252888.463: [GC (Allocation Failure)  389002K->9674K(1056768K), 0.0039877 secs]
252888.853: [GC (Allocation Failure)  377802K->9674K(1046016K), 0.0034495 secs]
252889.238: [GC (Allocation Failure)  367050K->9642K(1035776K), 0.0038828 secs]
252889.610: [GC (Allocation Failure)  356778K->9642K(1026048K), 0.0041961 secs]
252889.969: [GC (Allocation Failure)  347050K->9610K(1016832K), 0.0039683 secs]
252890.332: [GC (Allocation Failure)  337802K->9642K(1008128K), 0.0038822 secs]
252890.718: [GC (Allocation Failure)  329130K->9610K(999424K), 0.0038247 secs]
252891.057: [GC (Allocation Failure)  320394K->9610K(1061888K), 0.0039696 secs]
252891.457: [GC (Allocation Failure)  382858K->9642K(1136640K), 0.0040936 secs]
252891.934: [GC (Allocation Failure)  457642K->9610K(1122816K), 0.0037302 secs]
252892.394: [GC (Allocation Failure)  443786K->9642K(1109504K), 0.0035252 secs]
252892.845: [GC (Allocation Failure)  430506K->9642K(1096704K), 0.0039016 secs]
252893.288: [GC (Allocation Failure)  417706K->9610K(1084416K), 0.0044460 secs]
252893.713: [GC (Allocation Failure)  405386K->9610K(1072640K), 0.0046938 secs]
252894.128: [GC (Allocation Failure)  393610K->9642K(1061376K), 0.0041346 secs]
252894.525: [GC (Allocation Failure)  382378K->9674K(1050624K), 0.0035029 secs]
252894.915: [GC (Allocation Failure)  371658K->9642K(1040384K), 0.0029924 secs]
252895.288: [GC (Allocation Failure)  361386K->9610K(1030656K), 0.0038233 secs]
252895.653: [GC (Allocation Failure)  351626K->9642K(1020928K), 0.0039569 secs]
252896.060: [GC (Allocation Failure)  341930K->9642K(1011712K), 0.0037099 secs]
252896.402: [GC (Allocation Failure)  332714K->9642K(1003008K), 0.0041994 secs]
252896.738: [GC (Allocation Failure)  324010K->9642K(1065984K), 0.0036866 secs]
252897.137: [GC (Allocation Failure)  386986K->9642K(1055232K), 0.0033419 secs]
252897.535: [GC (Allocation Failure)  376234K->9610K(1044480K), 0.0034397 secs]
252897.915: [GC (Allocation Failure)  365450K->9642K(1034240K), 0.0036274 secs]
252898.282: [GC (Allocation Failure)  355242K->9642K(1024512K), 0.0034362 secs]
252898.640: [GC (Allocation Failure)  345514K->9610K(1015296K), 0.0036834 secs]
252898.984: [GC (Allocation Failure)  336266K->9642K(1006592K), 0.0034792 secs]
252899.331: [GC (Allocation Failure)  327594K->9642K(997888K), 0.0031981 secs]
252899.661: [GC (Allocation Failure)  318890K->9642K(1059840K), 0.0049062 secs]
252900.058: [GC (Allocation Failure)  380842K->9642K(1049088K), 0.0033473 secs]
252900.440: [GC (Allocation Failure)  370090K->9642K(1038848K), 0.0035892 secs]
252900.809: [GC (Allocation Failure)  359850K->9610K(1029120K), 0.0039227 secs]
252901.206: [GC (Allocation Failure)  350090K->9642K(1019904K), 0.0040646 secs]
252901.566: [GC (Allocation Failure)  340906K->9610K(1010688K), 0.0037778 secs]
252901.910: [GC (Allocation Failure)  331658K->9610K(1001984K), 0.0035359 secs]
252902.252: [GC (Allocation Failure)  322954K->9610K(993792K), 0.0035025 secs]
252902.586: [GC (Allocation Failure)  314762K->9642K(985600K), 0.0031443 secs]
252902.906: [GC (Allocation Failure)  306602K->9578K(1044992K), 0.0040545 secs]
252903.295: [GC (Allocation Failure)  365930K->9610K(1116672K), 0.0038147 secs]
252903.756: [GC (Allocation Failure)  437642K->9642K(1103360K), 0.0038132 secs]
252904.195: [GC (Allocation Failure)  424362K->9642K(1091072K), 0.0032014 secs]
252904.623: [GC (Allocation Failure)  412074K->9706K(1079296K), 0.0036204 secs]
252905.027: [GC (Allocation Failure)  400362K->9642K(1068032K), 0.0036658 secs]
252905.414: [GC (Allocation Failure)  389034K->9674K(1056768K), 0.0035749 secs]
252905.789: [GC (Allocation Failure)  377802K->9658K(1046016K), 0.0040310 secs]
252906.171: [GC (Allocation Failure)  367034K->9690K(1035776K), 0.0035794 secs]
252906.549: [GC (Allocation Failure)  356826K->9754K(1026048K), 0.0030959 secs]
252906.914: [GC (Allocation Failure)  347162K->9746K(1016832K), 0.0041039 secs]
252907.267: [GC (Allocation Failure)  337938K->9778K(1008128K), 0.0034087 secs]
252907.620: [GC (Allocation Failure)  329266K->9802K(999424K), 0.0032478 secs]
252907.961: [GC (Allocation Failure)  320586K->9778K(991232K), 0.0033711 secs]
252908.283: [GC (Allocation Failure)  312370K->9778K(983552K), 0.0034399 secs]
252908.598: [GC (Allocation Failure)  304690K->9778K(975872K), 0.0036672 secs]
252908.902: [GC (Allocation Failure)  297010K->9746K(1033728K), 0.0034588 secs]
252909.266: [GC (Allocation Failure)  354834K->9778K(1102848K), 0.0035571 secs]
252909.703: [GC (Allocation Failure)  423986K->9746K(1090560K), 0.0031879 secs]
252910.141: [GC (Allocation Failure)  411666K->9778K(1078784K), 0.0035920 secs]
252910.554: [GC (Allocation Failure)  399922K->9778K(1067520K), 0.0036882 secs]
252910.960: [GC (Allocation Failure)  388658K->9810K(1143296K), 0.0060461 secs]
252911.450: [GC (Allocation Failure)  464466K->9778K(1128960K), 0.0042122 secs]
252911.950: [GC (Allocation Failure)  450098K->9778K(1115136K), 0.0046393 secs]
252912.411: [GC (Allocation Failure)  436274K->9778K(1200640K), 0.0053251 secs]
252912.956: [GC (Allocation Failure)  521778K->9810K(1183744K), 0.0036056 secs]
252913.485: [GC (Allocation Failure)  504914K->9778K(1167872K), 0.0037825 secs]
252914.000: [GC (Allocation Failure)  489010K->9778K(1152512K), 0.0037550 secs]
252914.490: [GC (Allocation Failure)  473650K->9778K(1137664K), 0.0030814 secs]
252914.965: [GC (Allocation Failure)  458802K->9778K(1123840K), 0.0032692 secs]
252915.425: [GC (Allocation Failure)  444978K->9778K(1110528K), 0.0034871 secs]
252915.872: [GC (Allocation Failure)  431666K->9778K(1097728K), 0.0038643 secs]
252916.308: [GC (Allocation Failure)  418866K->9778K(1085440K), 0.0036581 secs]
252916.727: [GC (Allocation Failure)  406578K->9810K(1073664K), 0.0032478 secs]
252917.170: [GC (Allocation Failure)  394834K->9778K(1062400K), 0.0034947 secs]
252917.567: [GC (Allocation Failure)  383538K->9746K(1051648K), 0.0034123 secs]
252917.951: [GC (Allocation Failure)  372754K->9746K(1041408K), 0.0045307 secs]
252918.329: [GC (Allocation Failure)  362514K->9746K(1031680K), 0.0038202 secs]
252918.696: [GC (Allocation Failure)  352786K->9778K(1021952K), 0.0034879 secs]
252919.054: [GC (Allocation Failure)  343090K->9778K(1012736K), 0.0034666 secs]
252919.400: [GC (Allocation Failure)  333874K->9778K(1077760K), 0.0045576 secs]
252919.814: [GC (Allocation Failure)  398898K->9778K(1066496K), 0.0035957 secs]
252920.232: [GC (Allocation Failure)  387634K->9746K(1055744K), 0.0036022 secs]
252920.636: [GC (Allocation Failure)  376850K->9810K(1044992K), 0.0042735 secs]
252921.025: [GC (Allocation Failure)  366162K->9778K(1034752K), 0.0032608 secs]
252921.411: [GC (Allocation Failure)  355890K->9746K(1025024K), 0.0040019 secs]
252921.770: [GC (Allocation Failure)  346130K->9778K(1092608K), 0.0056566 secs]
252922.221: [GC (Allocation Failure)  413746K->9746K(1173504K), 0.0040029 secs]
252922.731: [GC (Allocation Failure)  494610K->9778K(1158144K), 0.0041413 secs]
252923.242: [GC (Allocation Failure)  479282K->9778K(1143296K), 0.0035585 secs]
252923.722: [GC (Allocation Failure)  464434K->9778K(1128960K), 0.0053849 secs]
252924.191: [GC (Allocation Failure)  450098K->9778K(1115136K), 0.0045185 secs]
252924.646: [GC (Allocation Failure)  436274K->9778K(1102336K), 0.0036538 secs]
252925.083: [GC (Allocation Failure)  423474K->9746K(1090048K), 0.0036891 secs]
252925.518: [GC (Allocation Failure)  411154K->9746K(1078272K), 0.0047552 secs]
252925.944: [GC (Allocation Failure)  399378K->9778K(1067008K), 0.0034943 secs]
252926.345: [GC (Allocation Failure)  388146K->9746K(1056256K), 0.0043599 secs]
252926.740: [GC (Allocation Failure)  377362K->9810K(1045504K), 0.0036617 secs]
252927.126: [GC (Allocation Failure)  366674K->9778K(1035264K), 0.0037084 secs]
252927.503: [GC (Allocation Failure)  356402K->9778K(1025536K), 0.0033383 secs]
252927.867: [GC (Allocation Failure)  346674K->9778K(1016320K), 0.0033036 secs]
252928.216: [GC (Allocation Failure)  337458K->9778K(1007616K), 0.0045389 secs]
252928.558: [GC (Allocation Failure)  328754K->9778K(1071616K), 0.0037018 secs]
252928.971: [GC (Allocation Failure)  392754K->9778K(1060352K), 0.0032349 secs]
252929.363: [GC (Allocation Failure)  381490K->9810K(1049600K), 0.0033980 secs]
252929.745: [GC (Allocation Failure)  370770K->9778K(1039360K), 0.0036504 secs]
252930.118: [GC (Allocation Failure)  360498K->9778K(1029632K), 0.0036248 secs]
252930.480: [GC (Allocation Failure)  350770K->9778K(1020416K), 0.0032915 secs]
252930.829: [GC (Allocation Failure)  341554K->9746K(1011200K), 0.0033816 secs]
252931.170: [GC (Allocation Failure)  332306K->9746K(1002496K), 0.0040895 secs]
252931.506: [GC (Allocation Failure)  323602K->9778K(994304K), 0.0036165 secs]
252931.831: [GC (Allocation Failure)  315442K->9778K(1055744K), 0.0034672 secs]
252932.227: [GC (Allocation Failure)  376882K->9746K(1044992K), 0.0031553 secs]
252932.625: [GC (Allocation Failure)  366098K->9746K(1034752K), 0.0036348 secs]
252932.991: [GC (Allocation Failure)  355858K->9746K(1025024K), 0.0031152 secs]
252933.346: [GC (Allocation Failure)  346130K->9778K(1015808K), 0.0033257 secs]
252933.694: [GC (Allocation Failure)  336946K->9778K(1007104K), 0.0034366 secs]
252934.032: [GC (Allocation Failure)  328242K->9746K(998400K), 0.0033340 secs]
252934.372: [GC (Allocation Failure)  319506K->9746K(990208K), 0.0037291 secs]
252934.704: [GC (Allocation Failure)  311314K->9778K(982528K), 0.0033417 secs]
252935.016: [GC (Allocation Failure)  303666K->9778K(974848K), 0.0035022 secs]
252935.323: [GC (Allocation Failure)  295986K->9778K(1032192K), 0.0034845 secs]
252935.687: [GC (Allocation Failure)  353330K->9746K(1101312K), 0.0036578 secs]
252936.125: [GC (Allocation Failure)  422418K->9778K(1089024K), 0.0034904 secs]
252936.564: [GC (Allocation Failure)  410162K->9778K(1077248K), 0.0037117 secs]
252936.978: [GC (Allocation Failure)  398386K->9746K(1065984K), 0.0034904 secs]
252937.378: [GC (Allocation Failure)  387090K->9778K(1055232K), 0.0035024 secs]
252937.805: [GC (Allocation Failure)  376370K->9778K(1044480K), 0.0032869 secs]
252938.186: [GC (Allocation Failure)  365618K->9810K(1034240K), 0.0033381 secs]
252938.555: [GC (Allocation Failure)  355410K->9778K(1024512K), 0.0048844 secs]
252938.912: [GC (Allocation Failure)  345650K->9778K(1092096K), 0.0051610 secs]
252939.346: [GC (Allocation Failure)  413234K->9778K(1172992K), 0.0040197 secs]
252939.869: [GC (Allocation Failure)  494130K->9778K(1157632K), 0.0032291 secs]
252940.364: [GC (Allocation Failure)  478770K->9746K(1142784K), 0.0036322 secs]
252940.847: [GC (Allocation Failure)  463890K->9746K(1128448K), 0.0043399 secs]
252941.314: [GC (Allocation Failure)  449554K->9746K(1114624K), 0.0037682 secs]
252941.777: [GC (Allocation Failure)  435730K->9778K(1101824K), 0.0037568 secs]
252942.214: [GC (Allocation Failure)  422962K->9778K(1089536K), 0.0034689 secs]
252942.646: [GC (Allocation Failure)  410674K->9778K(1077760K), 0.0039183 secs]
252943.100: [GC (Allocation Failure)  398898K->9746K(1066496K), 0.0034680 secs]
252943.501: [GC (Allocation Failure)  387602K->9778K(1055744K), 0.0035118 secs]
252943.888: [GC (Allocation Failure)  376882K->9746K(1044992K), 0.0032593 secs]
252944.263: [GC (Allocation Failure)  366098K->9778K(1034752K), 0.0040224 secs]
252944.656: [GC (Allocation Failure)  355890K->9746K(1025024K), 0.0037280 secs]
252945.015: [GC (Allocation Failure)  346130K->9746K(1015808K), 0.0035843 secs]
252945.363: [GC (Allocation Failure)  336914K->9746K(1007104K), 0.0034409 secs]
252945.702: [GC (Allocation Failure)  328210K->9746K(998400K), 0.0034092 secs]
252946.034: [GC (Allocation Failure)  319506K->9746K(990208K), 0.0034554 secs]
252946.356: [GC (Allocation Failure)  311314K->9778K(1050624K), 0.0043829 secs]
252946.739: [GC (Allocation Failure)  371762K->9778K(1123328K), 0.0051629 secs]
252947.198: [GC (Allocation Failure)  444466K->9810K(1210368K), 0.0035048 secs]
252947.747: [GC (Allocation Failure)  531538K->9746K(1192960K), 0.0039110 secs]
252948.326: [GC (Allocation Failure)  514066K->9778K(1176576K), 0.0035872 secs]
252948.841: [GC (Allocation Failure)  497714K->9778K(1160704K), 0.0038370 secs]
252949.344: [GC (Allocation Failure)  481842K->9778K(1145856K), 0.0037724 secs]
252949.834: [GC (Allocation Failure)  466994K->9778K(1131520K), 0.0030517 secs]
252950.313: [GC (Allocation Failure)  452658K->9746K(1117696K), 0.0032437 secs]
252950.768: [GC (Allocation Failure)  438802K->9778K(1104384K), 0.0039659 secs]
252951.211: [GC (Allocation Failure)  425522K->9778K(1091584K), 0.0035090 secs]
252951.649: [GC (Allocation Failure)  412722K->9778K(1079808K), 0.0034089 secs]
252952.073: [GC (Allocation Failure)  400946K->9746K(1068032K), 0.0034710 secs]
252952.479: [GC (Allocation Failure)  389138K->9810K(1056768K), 0.0033897 secs]
252952.873: [GC (Allocation Failure)  377938K->9778K(1046016K), 0.0038549 secs]
252953.281: [GC (Allocation Failure)  367154K->9746K(1035776K), 0.0035904 secs]
252953.649: [GC (Allocation Failure)  356882K->9778K(1026048K), 0.0038796 secs]
252954.007: [GC (Allocation Failure)  347186K->9746K(1016832K), 0.0038183 secs]
252954.382: [GC (Allocation Failure)  337938K->9746K(1008128K), 0.0036267 secs]
252954.720: [GC (Allocation Failure)  329234K->9778K(999424K), 0.0033948 secs]
252955.049: [GC (Allocation Failure)  320562K->9778K(991232K), 0.0034164 secs]
252955.370: [GC (Allocation Failure)  312370K->9778K(983552K), 0.0037474 secs]
252955.683: [GC (Allocation Failure)  304690K->9778K(1042944K), 0.0036370 secs]
252956.060: [GC (Allocation Failure)  364082K->9746K(1114112K), 0.0038149 secs]
252956.520: [GC (Allocation Failure)  435218K->9746K(1101312K), 0.0036757 secs]
252956.973: [GC (Allocation Failure)  422418K->9778K(1089024K), 0.0030586 secs]
252957.399: [GC (Allocation Failure)  410162K->9746K(1077248K), 0.0038712 secs]
252957.822: [GC (Allocation Failure)  398354K->9746K(1065984K), 0.0035999 secs]
252958.226: [GC (Allocation Failure)  387090K->9746K(1055232K), 0.0035698 secs]
252958.616: [GC (Allocation Failure)  376338K->9746K(1128960K), 0.0057106 secs]
252959.087: [GC (Allocation Failure)  450066K->9746K(1115136K), 0.0042077 secs]
252959.561: [GC (Allocation Failure)  436242K->9746K(1102336K), 0.0032849 secs]
252960.000: [GC (Allocation Failure)  423442K->9778K(1090048K), 0.0036037 secs]
252960.424: [GC (Allocation Failure)  411186K->9778K(1078272K), 0.0040312 secs]
252960.840: [GC (Allocation Failure)  399410K->9746K(1067008K), 0.0036444 secs]
252961.241: [GC (Allocation Failure)  388114K->9746K(1056256K), 0.0036973 secs]
252961.630: [GC (Allocation Failure)  377362K->9778K(1045504K), 0.0030576 secs]
252962.008: [GC (Allocation Failure)  366642K->9778K(1035264K), 0.0034364 secs]
252962.380: [GC (Allocation Failure)  356402K->9778K(1025536K), 0.0032821 secs]
252962.737: [GC (Allocation Failure)  346674K->9746K(1016320K), 0.0041089 secs]
252963.092: [GC (Allocation Failure)  337426K->9714K(1007616K), 0.0035333 secs]
252963.430: [GC (Allocation Failure)  328690K->9778K(998912K), 0.0036861 secs]
252963.784: [GC (Allocation Failure)  320050K->9746K(990720K), 0.0038713 secs]
252964.111: [GC (Allocation Failure)  311826K->9746K(983040K), 0.0033955 secs]
252964.434: [GC (Allocation Failure)  304146K->9778K(1041920K), 0.0035033 secs]
252964.816: [GC (Allocation Failure)  363058K->9778K(1032192K), 0.0037709 secs]
252965.185: [GC (Allocation Failure)  353330K->9810K(1101312K), 0.0045362 secs]
252965.628: [GC (Allocation Failure)  422482K->9778K(1089024K), 0.0036734 secs]
252966.051: [GC (Allocation Failure)  410162K->9778K(1077248K), 0.0036412 secs]
252966.461: [GC (Allocation Failure)  398386K->9778K(1065984K), 0.0034181 secs]
252966.859: [GC (Allocation Failure)  387122K->9746K(1055232K), 0.0042065 secs]
252967.259: [GC (Allocation Failure)  376338K->9746K(1044480K), 0.0038840 secs]
252967.650: [GC (Allocation Failure)  365586K->9746K(1034240K), 0.0035464 secs]
252968.022: [GC (Allocation Failure)  355346K->9746K(1024512K), 0.0032893 secs]
252968.383: [GC (Allocation Failure)  345618K->9746K(1015296K), 0.0041128 secs]
252968.734: [GC (Allocation Failure)  336402K->9842K(1006592K), 0.0036133 secs]
252969.077: [GC (Allocation Failure)  327794K->9746K(997888K), 0.0037002 secs]
252969.406: [GC (Allocation Failure)  318994K->9810K(1059840K), 0.0038068 secs]
252969.805: [GC (Allocation Failure)  381010K->9778K(1134080K), 0.0046142 secs]
252970.277: [GC (Allocation Failure)  455218K->9746K(1120256K), 0.0038729 secs]
252970.738: [GC (Allocation Failure)  441362K->9778K(1106944K), 0.0040501 secs]
252971.180: [GC (Allocation Failure)  428082K->9746K(1094144K), 0.0039143 secs]
252971.608: [GC (Allocation Failure)  415250K->9778K(1081856K), 0.0049896 secs]
252972.032: [GC (Allocation Failure)  402994K->9778K(1070080K), 0.0043096 secs]
252972.447: [GC (Allocation Failure)  391218K->9778K(1058816K), 0.0038349 secs]
252972.840: [GC (Allocation Failure)  379954K->9746K(1048064K), 0.0039364 secs]
252973.219: [GC (Allocation Failure)  369170K->9746K(1037824K), 0.0036322 secs]
252973.587: [GC (Allocation Failure)  358930K->9778K(1028096K), 0.0031262 secs]
252973.948: [GC (Allocation Failure)  349234K->9778K(1018880K), 0.0034802 secs]
252974.320: [GC (Allocation Failure)  340018K->9778K(1009664K), 0.0033887 secs]
252974.661: [GC (Allocation Failure)  330802K->9746K(1000960K), 0.0033199 secs]
252974.995: [GC (Allocation Failure)  322066K->9778K(992768K), 0.0034993 secs]
252975.315: [GC (Allocation Failure)  313906K->9714K(984576K), 0.0031594 secs]
252975.628: [GC (Allocation Failure)  305650K->9778K(1043968K), 0.0040431 secs]
252976.007: [GC (Allocation Failure)  365106K->9778K(1033728K), 0.0033403 secs]
252976.371: [GC (Allocation Failure)  354866K->9810K(1102848K), 0.0045823 secs]
252976.810: [GC (Allocation Failure)  424018K->9778K(1090560K), 0.0039805 secs]
252977.252: [GC (Allocation Failure)  411698K->9778K(1078784K), 0.0032286 secs]
252977.677: [GC (Allocation Failure)  399922K->9746K(1067520K), 0.0048392 secs]
252978.084: [GC (Allocation Failure)  388626K->9778K(1056256K), 0.0038120 secs]
252978.474: [GC (Allocation Failure)  377394K->9778K(1045504K), 0.0035361 secs]
252978.852: [GC (Allocation Failure)  366642K->9746K(1035264K), 0.0031541 secs]
252979.219: [GC (Allocation Failure)  356370K->9778K(1025536K), 0.0033421 secs]
252979.578: [GC (Allocation Failure)  346674K->9778K(1016320K), 0.0036595 secs]
252979.939: [GC (Allocation Failure)  337458K->9746K(1007616K), 0.0036674 secs]
252980.279: [GC (Allocation Failure)  328722K->9778K(998912K), 0.0033151 secs]
252980.609: [GC (Allocation Failure)  320050K->9746K(990720K), 0.0040708 secs]
252980.935: [GC (Allocation Failure)  311826K->9746K(1051136K), 0.0039267 secs]
252981.318: [GC (Allocation Failure)  372242K->9746K(1123840K), 0.0039584 secs]
252981.789: [GC (Allocation Failure)  444946K->9778K(1110528K), 0.0034151 secs]
252982.237: [GC (Allocation Failure)  431666K->9746K(1097728K), 0.0042086 secs]
252982.671: [GC (Allocation Failure)  418834K->9778K(1085440K), 0.0051368 secs]
252983.100: [GC (Allocation Failure)  406578K->9778K(1073664K), 0.0038955 secs]
252983.520: [GC (Allocation Failure)  394802K->9778K(1062400K), 0.0038674 secs]
252983.922: [GC (Allocation Failure)  383538K->9778K(1051648K), 0.0036007 secs]
252984.305: [GC (Allocation Failure)  372786K->9778K(1041408K), 0.0030353 secs]
252984.752: [GC (Allocation Failure)  362546K->9778K(1031680K), 0.0037396 secs]
252985.115: [GC (Allocation Failure)  352818K->9746K(1021952K), 0.0033475 secs]
252985.476: [GC (Allocation Failure)  343058K->9746K(1012736K), 0.0033098 secs]
252985.818: [GC (Allocation Failure)  333842K->9778K(1004032K), 0.0033476 secs]
252986.155: [GC (Allocation Failure)  325170K->9778K(995840K), 0.0033510 secs]
252986.486: [GC (Allocation Failure)  316978K->9778K(987648K), 0.0035017 secs]
252986.810: [GC (Allocation Failure)  308786K->9746K(1047552K), 0.0044752 secs]
252987.197: [GC (Allocation Failure)  368658K->9778K(1119744K), 0.0041810 secs]
252987.668: [GC (Allocation Failure)  440882K->9746K(1206272K), 0.0045201 secs]
252988.232: [GC (Allocation Failure)  527378K->9746K(1189376K), 0.0037773 secs]
252988.772: [GC (Allocation Failure)  510482K->9778K(1172992K), 0.0039605 secs]
252989.303: [GC (Allocation Failure)  494130K->9778K(1157632K), 0.0036449 secs]
252989.807: [GC (Allocation Failure)  478770K->9778K(1142784K), 0.0035892 secs]
252990.343: [GC (Allocation Failure)  463922K->9778K(1128448K), 0.0052140 secs]
252990.824: [GC (Allocation Failure)  449586K->9778K(1114624K), 0.0040556 secs]
252991.277: [GC (Allocation Failure)  435762K->9746K(1101824K), 0.0039309 secs]
252991.714: [GC (Allocation Failure)  422930K->9778K(1089536K), 0.0032214 secs]
252992.140: [GC (Allocation Failure)  410674K->9778K(1077760K), 0.0041263 secs]
252992.558: [GC (Allocation Failure)  398898K->9746K(1066496K), 0.0035499 secs]
252992.958: [GC (Allocation Failure)  387602K->9778K(1055744K), 0.0037775 secs]
252993.352: [GC (Allocation Failure)  376882K->9746K(1044992K), 0.0038053 secs]
252993.729: [GC (Allocation Failure)  366098K->9778K(1034752K), 0.0039870 secs]
252994.102: [GC (Allocation Failure)  355890K->9778K(1025024K), 0.0034346 secs]
252994.469: [GC (Allocation Failure)  346162K->9778K(1015808K), 0.0032164 secs]
252994.814: [GC (Allocation Failure)  336946K->9778K(1007104K), 0.0033790 secs]
252995.180: [GC (Allocation Failure)  328242K->9746K(998400K), 0.0035228 secs]
252995.523: [GC (Allocation Failure)  319506K->9746K(990208K), 0.0039656 secs]
252995.844: [GC (Allocation Failure)  311314K->9778K(982528K), 0.0034226 secs]
252996.155: [GC (Allocation Failure)  303666K->9746K(974848K), 0.0033594 secs]
252996.465: [GC (Allocation Failure)  295954K->9746K(1032192K), 0.0038133 secs]
252996.828: [GC (Allocation Failure)  353298K->9778K(1022464K), 0.0029063 secs]
252997.182: [GC (Allocation Failure)  343602K->9746K(1089536K), 0.0039530 secs]
252997.611: [GC (Allocation Failure)  410642K->9746K(1077760K), 0.0037022 secs]
252998.029: [GC (Allocation Failure)  398866K->9778K(1066496K), 0.0032455 secs]
252998.438: [GC (Allocation Failure)  387634K->9778K(1055744K), 0.0033186 secs]
252998.834: [GC (Allocation Failure)  376882K->9778K(1044992K), 0.0032935 secs]
252999.210: [GC (Allocation Failure)  366130K->9778K(1034752K), 0.0038156 secs]
252999.579: [GC (Allocation Failure)  355890K->9746K(1025024K), 0.0034677 secs]
252999.935: [GC (Allocation Failure)  346130K->9746K(1015808K), 0.0036574 secs]
253000.314: [GC (Allocation Failure)  336914K->9810K(1007104K), 0.0033026 secs]
253000.655: [GC (Allocation Failure)  328274K->9778K(998400K), 0.0034597 secs]
253000.985: [GC (Allocation Failure)  319538K->9778K(990208K), 0.0032173 secs]
253001.312: [GC (Allocation Failure)  311346K->9778K(982528K), 0.0036348 secs]
253001.624: [GC (Allocation Failure)  303666K->9778K(1041408K), 0.0037151 secs]
253001.997: [GC (Allocation Failure)  362546K->9778K(1031680K), 0.0032944 secs]
253002.343: [GC (Allocation Failure)  352818K->9746K(1021952K), 0.0036301 secs]
253002.681: [GC (Allocation Failure)  343058K->9746K(1012736K), 0.0031966 secs]
253003.007: [GC (Allocation Failure)  333842K->9746K(1004032K), 0.0036661 secs]
253003.328: [GC (Allocation Failure)  325138K->9778K(995840K), 0.0033294 secs]
253003.639: [GC (Allocation Failure)  316978K->9746K(1057280K), 0.0041073 secs]
253004.017: [GC (Allocation Failure)  378386K->9746K(1131008K), 0.0034150 secs]
253004.466: [GC (Allocation Failure)  452114K->9778K(1117184K), 0.0033980 secs]
253004.903: [GC (Allocation Failure)  438322K->9810K(1103872K), 0.0034216 secs]
253005.323: [GC (Allocation Failure)  425042K->9778K(1091072K), 0.0037113 secs]
253005.758: [GC (Allocation Failure)  412210K->9778K(1079296K), 0.0037016 secs]
253006.159: [GC (Allocation Failure)  400434K->9778K(1068032K), 0.0035294 secs]
253006.542: [GC (Allocation Failure)  389170K->9746K(1056768K), 0.0033787 secs]
253006.914: [GC (Allocation Failure)  377874K->9778K(1046016K), 0.0028466 secs]
253007.274: [GC (Allocation Failure)  367154K->9810K(1035776K), 0.0033498 secs]
253007.626: [GC (Allocation Failure)  356946K->9778K(1026048K), 0.0032989 secs]
253007.967: [GC (Allocation Failure)  347186K->9746K(1016832K), 0.0038077 secs]
253008.298: [GC (Allocation Failure)  337938K->9746K(1008128K), 0.0030844 secs]
253008.622: [GC (Allocation Failure)  329234K->9778K(1072128K), 0.0048090 secs]
253009.011: [GC (Allocation Failure)  393266K->9778K(1148928K), 0.0036568 secs]
253009.475: [GC (Allocation Failure)  470066K->9810K(1134592K), 0.0029250 secs]
253009.929: [GC (Allocation Failure)  455762K->9778K(1120768K), 0.0037108 secs]
253010.364: [GC (Allocation Failure)  441906K->9778K(1107456K), 0.0035098 secs]
253010.786: [GC (Allocation Failure)  428594K->9810K(1094656K), 0.0034589 secs]
253011.197: [GC (Allocation Failure)  415826K->9746K(1082368K), 0.0033251 secs]
253011.595: [GC (Allocation Failure)  403474K->9778K(1070592K), 0.0040488 secs]
253011.987: [GC (Allocation Failure)  391730K->9810K(1059328K), 0.0031763 secs]
253012.364: [GC (Allocation Failure)  380498K->9746K(1048576K), 0.0032061 secs]
253012.732: [GC (Allocation Failure)  369682K->9778K(1038336K), 0.0033025 secs]
253013.133: [GC (Allocation Failure)  359474K->9810K(1028608K), 0.0033660 secs]
253013.485: [GC (Allocation Failure)  349778K->9746K(1019392K), 0.0039297 secs]
253013.820: [GC (Allocation Failure)  340498K->9746K(1010176K), 0.0041028 secs]
253014.147: [GC (Allocation Failure)  331282K->9778K(1001472K), 0.0035481 secs]
253014.464: [GC (Allocation Failure)  322610K->9778K(993280K), 0.0033922 secs]
253014.774: [GC (Allocation Failure)  314418K->9746K(985088K), 0.0030836 secs]
253015.075: [GC (Allocation Failure)  306194K->9746K(1044480K), 0.0038181 secs]
253015.437: [GC (Allocation Failure)  365586K->9746K(1034240K), 0.0031112 secs]
253015.803: [GC (Allocation Failure)  355346K->9778K(1024512K), 0.0034732 secs]
253016.144: [GC (Allocation Failure)  345650K->9746K(1015296K), 0.0037804 secs]
253016.475: [GC (Allocation Failure)  336402K->9746K(1080832K), 0.0039573 secs]
253016.876: [GC (Allocation Failure)  401938K->9778K(1159680K), 0.0039675 secs]
253017.354: [GC (Allocation Failure)  480818K->9778K(1144832K), 0.0041363 secs]
253017.823: [GC (Allocation Failure)  465970K->9778K(1130496K), 0.0046345 secs]
253018.285: [GC (Allocation Failure)  451634K->9778K(1116672K), 0.0038435 secs]
253018.726: [GC (Allocation Failure)  437810K->9778K(1103360K), 0.0032646 secs]
253019.155: [GC (Allocation Failure)  424498K->9778K(1091072K), 0.0048744 secs]
253019.578: [GC (Allocation Failure)  412210K->9778K(1079296K), 0.0043345 secs]
253020.002: [GC (Allocation Failure)  400434K->9778K(1068032K), 0.0030508 secs]
253020.385: [GC (Allocation Failure)  389170K->9810K(1056768K), 0.0038530 secs]
253020.754: [GC (Allocation Failure)  377938K->9778K(1046016K), 0.0030054 secs]
253021.146: [GC (Allocation Failure)  367154K->9778K(1035776K), 0.0047597 secs]
253021.503: [GC (Allocation Failure)  356914K->9778K(1026048K), 0.0036919 secs]
253021.845: [GC (Allocation Failure)  347186K->9746K(1016832K), 0.0035027 secs]
253022.178: [GC (Allocation Failure)  337938K->9746K(1008128K), 0.0036743 secs]
253022.501: [GC (Allocation Failure)  329234K->9746K(1072128K), 0.0041240 secs]
253022.894: [GC (Allocation Failure)  393234K->9778K(1148928K), 0.0036637 secs]
253023.360: [GC (Allocation Failure)  470066K->9746K(1134592K), 0.0034708 secs]
253023.810: [GC (Allocation Failure)  455698K->9778K(1120768K), 0.0038280 secs]
253024.248: [GC (Allocation Failure)  441906K->9778K(1107456K), 0.0037137 secs]
253024.672: [GC (Allocation Failure)  428594K->9746K(1094656K), 0.0034923 secs]
253025.085: [GC (Allocation Failure)  415762K->9778K(1082368K), 0.0039185 secs]
253025.482: [GC (Allocation Failure)  403506K->9778K(1070592K), 0.0034869 secs]
253025.869: [GC (Allocation Failure)  391730K->9778K(1059328K), 0.0042483 secs]
253026.245: [GC (Allocation Failure)  380466K->9810K(1048576K), 0.0035298 secs]
253026.609: [GC (Allocation Failure)  369746K->9778K(1038336K), 0.0037705 secs]
253026.963: [GC (Allocation Failure)  359474K->9778K(1028608K), 0.0035111 secs]
253027.309: [GC (Allocation Failure)  349746K->9746K(1019392K), 0.0039783 secs]
253027.645: [GC (Allocation Failure)  340498K->9746K(1085952K), 0.0042926 secs]
253028.048: [GC (Allocation Failure)  407058K->9778K(1165824K), 0.0037407 secs]
253028.534: [GC (Allocation Failure)  486962K->9778K(1150464K), 0.0033279 secs]
253029.012: [GC (Allocation Failure)  471602K->9778K(1136128K), 0.0038139 secs]
253029.465: [GC (Allocation Failure)  457266K->9778K(1122304K), 0.0038289 secs]
253029.903: [GC (Allocation Failure)  443442K->9778K(1108992K), 0.0033293 secs]
253030.330: [GC (Allocation Failure)  430130K->9746K(1096192K), 0.0039376 secs]
253030.744: [GC (Allocation Failure)  417298K->9778K(1083904K), 0.0033521 secs]
253031.144: [GC (Allocation Failure)  405042K->9778K(1072128K), 0.0036996 secs]
253031.571: [GC (Allocation Failure)  393266K->9778K(1060864K), 0.0035508 secs]
253031.949: [GC (Allocation Failure)  382002K->9810K(1050112K), 0.0037576 secs]
253032.316: [GC (Allocation Failure)  371282K->9746K(1039872K), 0.0039699 secs]
253032.672: [GC (Allocation Failure)  360978K->9746K(1030144K), 0.0040676 secs]
253033.018: [GC (Allocation Failure)  351250K->9746K(1098752K), 0.0051108 secs]
253033.437: [GC (Allocation Failure)  419858K->9746K(1181184K), 0.0033504 secs]
253033.935: [GC (Allocation Failure)  502290K->9778K(1165312K), 0.0037582 secs]
253034.419: [GC (Allocation Failure)  486450K->9778K(1149952K), 0.0035004 secs]
253034.884: [GC (Allocation Failure)  471090K->9778K(1135616K), 0.0032760 secs]
253035.337: [GC (Allocation Failure)  456754K->9778K(1121792K), 0.0033828 secs]
253035.774: [GC (Allocation Failure)  442930K->9778K(1108480K), 0.0034261 secs]
253036.197: [GC (Allocation Failure)  429618K->9778K(1095680K), 0.0031568 secs]
253036.636: [GC (Allocation Failure)  416818K->9778K(1083392K), 0.0036835 secs]
253037.037: [GC (Allocation Failure)  404530K->9778K(1071616K), 0.0031124 secs]
253037.422: [GC (Allocation Failure)  392754K->9778K(1060352K), 0.0043941 secs]
253037.805: [GC (Allocation Failure)  381490K->9746K(1049600K), 0.0034997 secs]
253038.168: [GC (Allocation Failure)  370706K->9778K(1039360K), 0.0033438 secs]
253038.525: [GC (Allocation Failure)  360498K->9746K(1029632K), 0.0042851 secs]
253038.875: [GC (Allocation Failure)  350738K->9746K(1020416K), 0.0033769 secs]
253039.226: [GC (Allocation Failure)  341522K->9778K(1011200K), 0.0033943 secs]
253039.554: [GC (Allocation Failure)  332338K->9778K(1002496K), 0.0032503 secs]
253039.873: [GC (Allocation Failure)  323634K->9778K(994304K), 0.0037883 secs]
253040.205: [GC (Allocation Failure)  315442K->9778K(986112K), 0.0030899 secs]
253040.508: [GC (Allocation Failure)  307250K->9746K(978432K), 0.0033612 secs]
253040.801: [GC (Allocation Failure)  299538K->9778K(1036800K), 0.0035945 secs]
253041.156: [GC (Allocation Failure)  357938K->9778K(1106432K), 0.0037255 secs]
253041.579: [GC (Allocation Failure)  427570K->9778K(1093632K), 0.0029815 secs]
253042.066: [GC (Allocation Failure)  414770K->9746K(1081344K), 0.0040064 secs]
253042.463: [GC (Allocation Failure)  402450K->9746K(1069568K), 0.0035952 secs]
253042.848: [GC (Allocation Failure)  390674K->9746K(1058304K), 0.0035581 secs]
253043.221: [GC (Allocation Failure)  379410K->9746K(1047552K), 0.0042454 secs]
253043.588: [GC (Allocation Failure)  368658K->9778K(1037312K), 0.0042174 secs]
253043.946: [GC (Allocation Failure)  358450K->9778K(1027584K), 0.0034074 secs]
253044.289: [GC (Allocation Failure)  348722K->9778K(1018368K), 0.0031522 secs]
253044.624: [GC (Allocation Failure)  339506K->9778K(1009152K), 0.0035226 secs]
253044.952: [GC (Allocation Failure)  330290K->9778K(1000448K), 0.0034908 secs]
253045.269: [GC (Allocation Failure)  321586K->9746K(1062912K), 0.0041890 secs]
253045.653: [GC (Allocation Failure)  384018K->9810K(1138176K), 0.0033180 secs]
253046.108: [GC (Allocation Failure)  459346K->9746K(1124352K), 0.0033962 secs]
253046.551: [GC (Allocation Failure)  445458K->9778K(1111040K), 0.0034246 secs]
253046.982: [GC (Allocation Failure)  432178K->9746K(1098240K), 0.0039724 secs]
253047.398: [GC (Allocation Failure)  419346K->9810K(1085952K), 0.0035863 secs]
253047.802: [GC (Allocation Failure)  407122K->9746K(1074176K), 0.0049890 secs]
253048.198: [GC (Allocation Failure)  395282K->9778K(1062912K), 0.0032848 secs]
253048.574: [GC (Allocation Failure)  384050K->9810K(1052160K), 0.0035791 secs]
253048.943: [GC (Allocation Failure)  373330K->9810K(1041920K), 0.0030749 secs]
253049.301: [GC (Allocation Failure)  363090K->9810K(1032192K), 0.0039800 secs]
253049.646: [GC (Allocation Failure)  353362K->9810K(1022464K), 0.0037986 secs]
253049.986: [GC (Allocation Failure)  343634K->9778K(1013248K), 0.0035138 secs]
253050.314: [GC (Allocation Failure)  334386K->9746K(1004544K), 0.0034355 secs]
253050.635: [GC (Allocation Failure)  325650K->9778K(996352K), 0.0030958 secs]
253050.947: [GC (Allocation Failure)  317490K->9746K(1058304K), 0.0041455 secs]
253051.321: [GC (Allocation Failure)  379410K->9778K(1132544K), 0.0034367 secs]
253051.767: [GC (Allocation Failure)  453682K->9778K(1118720K), 0.0032157 secs]
253052.203: [GC (Allocation Failure)  439858K->9778K(1105408K), 0.0034246 secs]
253052.624: [GC (Allocation Failure)  426546K->9778K(1092608K), 0.0034413 secs]
253053.031: [GC (Allocation Failure)  413746K->9746K(1080320K), 0.0047133 secs]
253053.434: [GC (Allocation Failure)  401426K->9810K(1158656K), 0.0057385 secs]
253053.916: [GC (Allocation Failure)  479826K->9746K(1252864K), 0.0041757 secs]
253054.489: [GC (Allocation Failure)  573970K->9778K(1233920K), 0.0039812 secs]
253055.039: [GC (Allocation Failure)  555058K->9778K(1215488K), 0.0037051 secs]
253055.568: [GC (Allocation Failure)  536626K->9746K(1198080K), 0.0039484 secs]
253056.083: [GC (Allocation Failure)  519186K->9746K(1181184K), 0.0038905 secs]
253056.582: [GC (Allocation Failure)  502290K->9778K(1165312K), 0.0034187 secs]
253057.064: [GC (Allocation Failure)  486450K->9810K(1149952K), 0.0040024 secs]
253057.530: [GC (Allocation Failure)  471122K->9778K(1135616K), 0.0036602 secs]
253058.011: [GC (Allocation Failure)  456754K->9746K(1121792K), 0.0034775 secs]
253058.451: [GC (Allocation Failure)  442898K->9778K(1108480K), 0.0033350 secs]
253058.874: [GC (Allocation Failure)  429618K->9778K(1095680K), 0.0032360 secs]
253059.287: [GC (Allocation Failure)  416818K->9746K(1083392K), 0.0029954 secs]
253059.689: [GC (Allocation Failure)  404498K->9778K(1071616K), 0.0035371 secs]
253060.078: [GC (Allocation Failure)  392754K->9778K(1060352K), 0.0036757 secs]
253060.454: [GC (Allocation Failure)  381490K->9746K(1049600K), 0.0033071 secs]
253060.819: [GC (Allocation Failure)  370706K->9810K(1039360K), 0.0033125 secs]
253061.174: [GC (Allocation Failure)  360530K->9746K(1029632K), 0.0032994 secs]
253061.520: [GC (Allocation Failure)  350738K->9778K(1020416K), 0.0032007 secs]
253061.860: [GC (Allocation Failure)  341554K->9778K(1011200K), 0.0037219 secs]
253062.186: [GC (Allocation Failure)  332338K->9746K(1002496K), 0.0034023 secs]
253062.503: [GC (Allocation Failure)  323602K->9746K(1065472K), 0.0040379 secs]
253062.885: [GC (Allocation Failure)  386578K->9778K(1054720K), 0.0032249 secs]
253063.276: [GC (Allocation Failure)  375858K->9778K(1044480K), 0.0039918 secs]
253063.637: [GC (Allocation Failure)  365618K->9778K(1034240K), 0.0034099 secs]
253063.988: [GC (Allocation Failure)  355378K->9746K(1103360K), 0.0047336 secs]
253064.408: [GC (Allocation Failure)  424466K->9746K(1186304K), 0.0042302 secs]
253064.916: [GC (Allocation Failure)  507410K->9746K(1169920K), 0.0036475 secs]
253065.400: [GC (Allocation Failure)  491026K->9778K(1154560K), 0.0037970 secs]
253065.869: [GC (Allocation Failure)  475698K->9746K(1139712K), 0.0038600 secs]
253066.323: [GC (Allocation Failure)  460818K->9810K(1125376K), 0.0044216 secs]
253066.762: [GC (Allocation Failure)  446546K->9778K(1112064K), 0.0034089 secs]
253067.190: [GC (Allocation Failure)  433202K->9746K(1099264K), 0.0034448 secs]
253067.604: [GC (Allocation Failure)  420370K->9778K(1086976K), 0.0031453 secs]
253068.004: [GC (Allocation Failure)  408114K->9778K(1075200K), 0.0037224 secs]
253068.397: [GC (Allocation Failure)  396338K->9746K(1063936K), 0.0039328 secs]
253068.776: [GC (Allocation Failure)  385042K->9746K(1053184K), 0.0040062 secs]
253069.145: [GC (Allocation Failure)  374290K->9778K(1042944K), 0.0032112 secs]
253069.507: [GC (Allocation Failure)  364082K->9746K(1032704K), 0.0042127 secs]
253069.860: [GC (Allocation Failure)  353810K->9778K(1022976K), 0.0039277 secs]
253070.200: [GC (Allocation Failure)  344114K->9778K(1090048K), 0.0040547 secs]
253070.610: [GC (Allocation Failure)  411186K->9746K(1078272K), 0.0036044 secs]
253071.008: [GC (Allocation Failure)  399378K->9746K(1067008K), 0.0030619 secs]
253071.392: [GC (Allocation Failure)  388114K->9746K(1056256K), 0.0039511 secs]
253071.764: [GC (Allocation Failure)  377362K->9778K(1045504K), 0.0033519 secs]
253072.123: [GC (Allocation Failure)  366642K->9746K(1035264K), 0.0043544 secs]
253072.479: [GC (Allocation Failure)  356370K->9778K(1025536K), 0.0034965 secs]
253072.823: [GC (Allocation Failure)  346674K->9778K(1016320K), 0.0036331 secs]
253073.163: [GC (Allocation Failure)  337458K->9778K(1007616K), 0.0034981 secs]
253073.490: [GC (Allocation Failure)  328754K->9714K(1071616K), 0.0038210 secs]
253073.876: [GC (Allocation Failure)  392690K->9778K(1060352K), 0.0032470 secs]
253074.250: [GC (Allocation Failure)  381490K->9746K(1049600K), 0.0035929 secs]
253074.616: [GC (Allocation Failure)  370706K->9778K(1039360K), 0.0032228 secs]
253074.971: [GC (Allocation Failure)  360498K->9746K(1029632K), 0.0037162 secs]
253075.315: [GC (Allocation Failure)  350738K->9778K(1020416K), 0.0030709 secs]
253075.651: [GC (Allocation Failure)  341554K->9746K(1011200K), 0.0035046 secs]
253075.976: [GC (Allocation Failure)  332306K->9746K(1075712K), 0.0039418 secs]
253076.375: [GC (Allocation Failure)  396818K->9778K(1064448K), 0.0034249 secs]
253076.755: [GC (Allocation Failure)  385586K->9746K(1053696K), 0.0033167 secs]
253077.123: [GC (Allocation Failure)  374802K->9746K(1043456K), 0.0034955 secs]
253077.481: [GC (Allocation Failure)  364562K->9778K(1033216K), 0.0029519 secs]
253077.830: [GC (Allocation Failure)  354354K->9778K(1023488K), 0.0035282 secs]
253078.168: [GC (Allocation Failure)  344626K->9810K(1014272K), 0.0029029 secs]
253078.535: [GC (Allocation Failure)  335442K->9810K(1005568K), 0.0040422 secs]
253078.856: [GC (Allocation Failure)  326738K->9778K(996864K), 0.0035223 secs]
253079.168: [GC (Allocation Failure)  318002K->9746K(1058816K), 0.0036905 secs]
253079.542: [GC (Allocation Failure)  379922K->9746K(1048064K), 0.0035229 secs]
253079.907: [GC (Allocation Failure)  369170K->9746K(1037824K), 0.0036055 secs]
253080.260: [GC (Allocation Failure)  358930K->9778K(1028096K), 0.0035322 secs]
253080.605: [GC (Allocation Failure)  349234K->9778K(1018880K), 0.0030420 secs]
253080.942: [GC (Allocation Failure)  340018K->9810K(1009664K), 0.0036608 secs]
253081.269: [GC (Allocation Failure)  330834K->9778K(1000960K), 0.0035751 secs]
253081.585: [GC (Allocation Failure)  322098K->9810K(992768K), 0.0030871 secs]
253081.893: [GC (Allocation Failure)  313938K->9778K(984576K), 0.0032151 secs]
253082.195: [GC (Allocation Failure)  305714K->9778K(1043968K), 0.0036642 secs]
253082.558: [GC (Allocation Failure)  365106K->9746K(1033728K), 0.0034234 secs]
253082.942: [GC (Allocation Failure)  354834K->9778K(1024000K), 0.0035340 secs]
253083.285: [GC (Allocation Failure)  345138K->9746K(1014784K), 0.0033349 secs]
253083.652: [GC (Allocation Failure)  335890K->9778K(1006080K), 0.0037315 secs]
253083.977: [GC (Allocation Failure)  327218K->9746K(997376K), 0.0034136 secs]
253084.291: [GC (Allocation Failure)  318482K->9778K(989184K), 0.0033579 secs]
253084.598: [GC (Allocation Failure)  310322K->9746K(1049600K), 0.0033831 secs]
253084.963: [GC (Allocation Failure)  370706K->9778K(1121792K), 0.0040151 secs]
253085.406: [GC (Allocation Failure)  442930K->9778K(1108480K), 0.0032516 secs]
253085.833: [GC (Allocation Failure)  429618K->9746K(1095680K), 0.0046053 secs]
253086.245: [GC (Allocation Failure)  416786K->9778K(1083392K), 0.0040356 secs]
253086.650: [GC (Allocation Failure)  404530K->9810K(1071616K), 0.0041393 secs]
253087.037: [GC (Allocation Failure)  392786K->9778K(1060352K), 0.0037482 secs]
253087.411: [GC (Allocation Failure)  381490K->9746K(1049600K), 0.0035713 secs]
253087.779: [GC (Allocation Failure)  370706K->9778K(1039360K), 0.0033475 secs]
253088.133: [GC (Allocation Failure)  360498K->9778K(1109504K), 0.0046537 secs]
253088.564: [GC (Allocation Failure)  430642K->9778K(1096704K), 0.0035825 secs]
253089.033: [GC (Allocation Failure)  417842K->9778K(1084416K), 0.0035188 secs]
253089.434: [GC (Allocation Failure)  405554K->9778K(1072640K), 0.0035420 secs]
253089.824: [GC (Allocation Failure)  393778K->9778K(1061376K), 0.0039179 secs]
253090.201: [GC (Allocation Failure)  382514K->9746K(1050624K), 0.0040563 secs]
253090.568: [GC (Allocation Failure)  371730K->9746K(1040384K), 0.0037718 secs]
253090.926: [GC (Allocation Failure)  361490K->9746K(1030656K), 0.0036214 secs]
253091.274: [GC (Allocation Failure)  351762K->9746K(1020928K), 0.0036018 secs]
253091.611: [GC (Allocation Failure)  342034K->9746K(1011712K), 0.0033585 secs]
253091.939: [GC (Allocation Failure)  332818K->9746K(1076736K), 0.0048233 secs]
253092.333: [GC (Allocation Failure)  397842K->9746K(1154560K), 0.0038950 secs]
253092.802: [GC (Allocation Failure)  475666K->9778K(1139712K), 0.0038304 secs]
253093.259: [GC (Allocation Failure)  460850K->9778K(1125376K), 0.0036431 secs]
253093.701: [GC (Allocation Failure)  446514K->9778K(1112064K), 0.0033383 secs]
253094.151: [GC (Allocation Failure)  433202K->9746K(1099264K), 0.0034046 secs]
253094.566: [GC (Allocation Failure)  420370K->9778K(1086976K), 0.0033409 secs]
253094.969: [GC (Allocation Failure)  408114K->9778K(1075200K), 0.0037227 secs]
253095.361: [GC (Allocation Failure)  396338K->9778K(1063936K), 0.0035417 secs]
253095.741: [GC (Allocation Failure)  385074K->9746K(1053184K), 0.0034088 secs]
253096.112: [GC (Allocation Failure)  374290K->9714K(1042944K), 0.0033383 secs]
253096.473: [GC (Allocation Failure)  364018K->9746K(1032704K), 0.0042142 secs]
253096.825: [GC (Allocation Failure)  353810K->9746K(1022976K), 0.0037811 secs]
253097.165: [GC (Allocation Failure)  344082K->9778K(1013760K), 0.0037726 secs]
253097.495: [GC (Allocation Failure)  334898K->9778K(1005056K), 0.0028456 secs]
253097.838: [GC (Allocation Failure)  326194K->9778K(996352K), 0.0034639 secs]
253098.150: [GC (Allocation Failure)  317490K->9778K(988160K), 0.0035734 secs]
253098.527: [GC (Allocation Failure)  309298K->9778K(1048064K), 0.0044432 secs]
253098.892: [GC (Allocation Failure)  369202K->9810K(1120256K), 0.0038238 secs]
253099.328: [GC (Allocation Failure)  441426K->9778K(1106944K), 0.0031792 secs]
253099.749: [GC (Allocation Failure)  428082K->9810K(1094144K), 0.0032119 secs]
253100.160: [GC (Allocation Failure)  415314K->9778K(1081856K), 0.0040557 secs]
253100.559: [GC (Allocation Failure)  402994K->9778K(1070080K), 0.0048290 secs]
253100.945: [GC (Allocation Failure)  391218K->9778K(1058816K), 0.0040610 secs]
253101.319: [GC (Allocation Failure)  379954K->9778K(1048064K), 0.0033955 secs]
253101.683: [GC (Allocation Failure)  369202K->9810K(1037824K), 0.0038311 secs]
253102.039: [GC (Allocation Failure)  358994K->9778K(1028096K), 0.0030899 secs]
253102.385: [GC (Allocation Failure)  349234K->9746K(1018880K), 0.0038922 secs]
253102.723: [GC (Allocation Failure)  339986K->9810K(1009664K), 0.0029518 secs]
253103.048: [GC (Allocation Failure)  330834K->9778K(1000960K), 0.0034066 secs]
253103.366: [GC (Allocation Failure)  322098K->9746K(992768K), 0.0034890 secs]
253103.676: [GC (Allocation Failure)  313874K->9778K(984576K), 0.0027420 secs]
253103.978: [GC (Allocation Failure)  305714K->9778K(976896K), 0.0031512 secs]
253104.298: [GC (Allocation Failure)  298034K->9746K(1034752K), 0.0041008 secs]
253104.651: [GC (Allocation Failure)  355858K->9778K(1104384K), 0.0032582 secs]
253105.072: [GC (Allocation Failure)  425522K->9746K(1091584K), 0.0035593 secs]
253105.477: [GC (Allocation Failure)  412690K->9810K(1079808K), 0.0029395 secs]
253105.869: [GC (Allocation Failure)  400978K->9778K(1068032K), 0.0035604 secs]
253106.255: [GC (Allocation Failure)  389170K->9778K(1056768K), 0.0040758 secs]
253106.628: [GC (Allocation Failure)  377906K->9810K(1046016K), 0.0033706 secs]
253106.989: [GC (Allocation Failure)  367186K->9778K(1035776K), 0.0031138 secs]
253107.341: [GC (Allocation Failure)  356914K->9778K(1026048K), 0.0030805 secs]
253107.679: [GC (Allocation Failure)  347186K->9778K(1016832K), 0.0035931 secs]
253108.009: [GC (Allocation Failure)  337970K->9746K(1008128K), 0.0040722 secs]
253108.334: [GC (Allocation Failure)  329234K->9746K(1072128K), 0.0035170 secs]
253108.723: [GC (Allocation Failure)  393234K->9810K(1148928K), 0.0041967 secs]
253109.188: [GC (Allocation Failure)  470098K->9746K(1134592K), 0.0037503 secs]
253109.640: [GC (Allocation Failure)  455698K->9778K(1120768K), 0.0035670 secs]
253110.074: [GC (Allocation Failure)  441906K->9778K(1107456K), 0.0034727 secs]
253110.497: [GC (Allocation Failure)  428594K->9778K(1094656K), 0.0033929 secs]
253110.909: [GC (Allocation Failure)  415794K->9778K(1082368K), 0.0031267 secs]
253111.308: [GC (Allocation Failure)  403506K->9778K(1070592K), 0.0030005 secs]
253111.700: [GC (Allocation Failure)  391730K->9746K(1059328K), 0.0028081 secs]
253112.076: [GC (Allocation Failure)  380434K->9778K(1048576K), 0.0035002 secs]
253112.438: [GC (Allocation Failure)  369714K->9746K(1038336K), 0.0032977 secs]
253112.793: [GC (Allocation Failure)  359442K->9778K(1028608K), 0.0030248 secs]
253113.137: [GC (Allocation Failure)  349746K->9778K(1019392K), 0.0037545 secs]
253113.470: [GC (Allocation Failure)  340530K->9746K(1010176K), 0.0033746 secs]
253113.794: [GC (Allocation Failure)  331282K->9746K(1001472K), 0.0037534 secs]
253114.113: [GC (Allocation Failure)  322578K->9746K(993280K), 0.0033882 secs]
253114.423: [GC (Allocation Failure)  314386K->9778K(985088K), 0.0031595 secs]
253114.770: [GC (Allocation Failure)  306226K->9778K(977408K), 0.0036115 secs]
253115.062: [GC (Allocation Failure)  298546K->9778K(1035264K), 0.0032713 secs]
253115.412: [GC (Allocation Failure)  356402K->9778K(1104896K), 0.0036521 secs]
253115.830: [GC (Allocation Failure)  426034K->9746K(1092096K), 0.0036713 secs]
253116.238: [GC (Allocation Failure)  413202K->9810K(1079808K), 0.0028079 secs]
253116.634: [GC (Allocation Failure)  400978K->9778K(1068032K), 0.0033991 secs]
253117.016: [GC (Allocation Failure)  389170K->9746K(1056768K), 0.0030925 secs]
253117.387: [GC (Allocation Failure)  377874K->9810K(1046016K), 0.0032806 secs]
253117.748: [GC (Allocation Failure)  367186K->9778K(1035776K), 0.0033868 secs]
253118.098: [GC (Allocation Failure)  356914K->9778K(1026048K), 0.0030090 secs]
253118.438: [GC (Allocation Failure)  347186K->9778K(1016832K), 0.0035417 secs]
253118.769: [GC (Allocation Failure)  337970K->9778K(1008128K), 0.0033018 secs]
253119.092: [GC (Allocation Failure)  329266K->9746K(999424K), 0.0031737 secs]
253119.405: [GC (Allocation Failure)  320530K->9810K(991232K), 0.0032774 secs]
253119.709: [GC (Allocation Failure)  312402K->9746K(983552K), 0.0033735 secs]
253120.033: [GC (Allocation Failure)  304658K->9778K(975872K), 0.0034422 secs]
253120.326: [GC (Allocation Failure)  297010K->9746K(1033728K), 0.0039420 secs]
253120.672: [GC (Allocation Failure)  354834K->9778K(1102848K), 0.0034289 secs]
253121.093: [GC (Allocation Failure)  423986K->9746K(1185792K), 0.0038824 secs]
253121.597: [GC (Allocation Failure)  506898K->9810K(1169920K), 0.0032503 secs]
253122.084: [GC (Allocation Failure)  491090K->9746K(1154560K), 0.0059154 secs]
253122.560: [GC (Allocation Failure)  475666K->9810K(1139712K), 0.0032613 secs]
253123.016: [GC (Allocation Failure)  460882K->9810K(1125376K), 0.0034281 secs]
253123.459: [GC (Allocation Failure)  446546K->9778K(1112064K), 0.0029891 secs]
253123.886: [GC (Allocation Failure)  433202K->9778K(1099264K), 0.0034298 secs]
253124.302: [GC (Allocation Failure)  420402K->9778K(1086976K), 0.0028345 secs]
253124.702: [GC (Allocation Failure)  408114K->9778K(1075200K), 0.0030011 secs]
253125.095: [GC (Allocation Failure)  396338K->9778K(1063936K), 0.0031970 secs]
253125.492: [GC (Allocation Failure)  385074K->9746K(1053184K), 0.0040481 secs]
253125.861: [GC (Allocation Failure)  374290K->9746K(1042944K), 0.0032562 secs]
253126.219: [GC (Allocation Failure)  364050K->9778K(1032704K), 0.0038915 secs]
253126.569: [GC (Allocation Failure)  353842K->9778K(1101824K), 0.0050373 secs]
253126.993: [GC (Allocation Failure)  422962K->9778K(1089536K), 0.0035237 secs]
253127.399: [GC (Allocation Failure)  410674K->9778K(1077760K), 0.0030800 secs]
253127.792: [GC (Allocation Failure)  398898K->9746K(1066496K), 0.0047671 secs]
253128.182: [GC (Allocation Failure)  387602K->9746K(1055744K), 0.0034611 secs]
253128.554: [GC (Allocation Failure)  376850K->9778K(1044992K), 0.0036974 secs]
253128.916: [GC (Allocation Failure)  366130K->9810K(1034752K), 0.0031110 secs]
253129.263: [GC (Allocation Failure)  355922K->9746K(1025024K), 0.0034807 secs]
253129.603: [GC (Allocation Failure)  346130K->9746K(1015808K), 0.0030409 secs]
253129.934: [GC (Allocation Failure)  336914K->9778K(1007104K), 0.0031033 secs]
253130.254: [GC (Allocation Failure)  328242K->9810K(998400K), 0.0032484 secs]
253130.605: [GC (Allocation Failure)  319570K->9778K(990208K), 0.0037447 secs]
253130.914: [GC (Allocation Failure)  311346K->9746K(982528K), 0.0031924 secs]
253131.211: [GC (Allocation Failure)  303634K->9778K(1041408K), 0.0034246 secs]
253131.572: [GC (Allocation Failure)  362546K->9746K(1112064K), 0.0037949 secs]
253132.002: [GC (Allocation Failure)  433170K->9746K(1099264K), 0.0038549 secs]
253132.420: [GC (Allocation Failure)  420370K->9746K(1086976K), 0.0038526 secs]
253132.825: [GC (Allocation Failure)  408082K->9746K(1075200K), 0.0033596 secs]
253133.215: [GC (Allocation Failure)  396306K->9778K(1063936K), 0.0030551 secs]
253133.597: [GC (Allocation Failure)  385074K->9746K(1053184K), 0.0036118 secs]
253133.968: [GC (Allocation Failure)  374290K->9746K(1042944K), 0.0031488 secs]
253134.326: [GC (Allocation Failure)  364050K->9810K(1032704K), 0.0028560 secs]
253134.674: [GC (Allocation Failure)  353874K->9778K(1022976K), 0.0029098 secs]
253135.012: [GC (Allocation Failure)  344114K->9810K(1013760K), 0.0032049 secs]
253135.341: [GC (Allocation Failure)  334930K->9778K(1005056K), 0.0030473 secs]
253135.710: [GC (Allocation Failure)  326194K->9746K(996352K), 0.0033583 secs]
253136.023: [GC (Allocation Failure)  317458K->9746K(988160K), 0.0037058 secs]
253136.327: [GC (Allocation Failure)  309266K->9810K(980480K), 0.0032930 secs]
253136.622: [GC (Allocation Failure)  301650K->9778K(972800K), 0.0031989 secs]
253136.910: [GC (Allocation Failure)  293938K->9746K(1029632K), 0.0031833 secs]
253137.253: [GC (Allocation Failure)  350738K->9778K(1098240K), 0.0037817 secs]
253137.667: [GC (Allocation Failure)  419378K->9778K(1085952K), 0.0033709 secs]
253138.068: [GC (Allocation Failure)  407090K->9778K(1074176K), 0.0031185 secs]
253138.454: [GC (Allocation Failure)  395314K->9778K(1062912K), 0.0032685 secs]
253138.832: [GC (Allocation Failure)  384050K->9778K(1052160K), 0.0033471 secs]
253139.202: [GC (Allocation Failure)  373298K->9810K(1041920K), 0.0033158 secs]
253139.566: [GC (Allocation Failure)  363090K->9778K(1032192K), 0.0031914 secs]
253139.915: [GC (Allocation Failure)  353330K->9810K(1022464K), 0.0034292 secs]
253140.253: [GC (Allocation Failure)  343634K->9778K(1013248K), 0.0032669 secs]
253140.581: [GC (Allocation Failure)  334386K->9778K(1004544K), 0.0033008 secs]
253140.939: [GC (Allocation Failure)  325682K->9778K(996352K), 0.0031794 secs]
253141.250: [GC (Allocation Failure)  317490K->9810K(988160K), 0.0031798 secs]
253141.552: [GC (Allocation Failure)  309330K->9778K(980480K), 0.0030767 secs]
253141.848: [GC (Allocation Failure)  301618K->9746K(972800K), 0.0032703 secs]
253142.136: [GC (Allocation Failure)  293906K->9746K(965632K), 0.0028418 secs]
253142.419: [GC (Allocation Failure)  286738K->9778K(958464K), 0.0025650 secs]
253142.692: [GC (Allocation Failure)  279602K->9778K(951808K), 0.0029875 secs]
253142.959: [GC (Allocation Failure)  272946K->9778K(1004544K), 0.0034584 secs]
253143.281: [GC (Allocation Failure)  325682K->9746K(1068032K), 0.0034319 secs]
253143.662: [GC (Allocation Failure)  389138K->9778K(1056768K), 0.0029544 secs]
253144.035: [GC (Allocation Failure)  377906K->9810K(1046016K), 0.0032223 secs]
253144.399: [GC (Allocation Failure)  367186K->9778K(1035776K), 0.0032669 secs]
253144.753: [GC (Allocation Failure)  356914K->9778K(1026048K), 0.0034025 secs]
253145.094: [GC (Allocation Failure)  347186K->9746K(1016832K), 0.0028828 secs]
253145.425: [GC (Allocation Failure)  337938K->9778K(1008128K), 0.0037180 secs]
253145.751: [GC (Allocation Failure)  329266K->9810K(999424K), 0.0032158 secs]
253146.083: [GC (Allocation Failure)  320594K->9746K(1061888K), 0.0039313 secs]
253146.462: [GC (Allocation Failure)  382994K->9778K(1051136K), 0.0030032 secs]
253146.831: [GC (Allocation Failure)  372274K->9746K(1040896K), 0.0034731 secs]
253147.189: [GC (Allocation Failure)  362002K->9778K(1031168K), 0.0041536 secs]
253147.536: [GC (Allocation Failure)  352306K->9746K(1021440K), 0.0035600 secs]
253147.876: [GC (Allocation Failure)  342546K->9746K(1012224K), 0.0033654 secs]
253148.203: [GC (Allocation Failure)  333330K->9746K(1003520K), 0.0030345 secs]
253148.523: [GC (Allocation Failure)  324626K->9778K(995328K), 0.0033251 secs]
253148.832: [GC (Allocation Failure)  316466K->9778K(987136K), 0.0030462 secs]
253149.135: [GC (Allocation Failure)  308274K->9778K(979456K), 0.0028955 secs]
253149.430: [GC (Allocation Failure)  300594K->9746K(971776K), 0.0026029 secs]
253149.718: [GC (Allocation Failure)  292882K->9778K(964608K), 0.0031958 secs]
253150.000: [GC (Allocation Failure)  285746K->9778K(957952K), 0.0032129 secs]
253150.274: [GC (Allocation Failure)  279090K->9778K(1012224K), 0.0035887 secs]
253150.602: [GC (Allocation Failure)  333362K->9810K(1077248K), 0.0031377 secs]
253150.995: [GC (Allocation Failure)  398418K->9778K(1065984K), 0.0033198 secs]
253151.416: [GC (Allocation Failure)  387122K->9778K(1055232K), 0.0035161 secs]
253151.789: [GC (Allocation Failure)  376370K->9778K(1044480K), 0.0032339 secs]
253152.150: [GC (Allocation Failure)  365618K->9778K(1034240K), 0.0032319 secs]
253152.499: [GC (Allocation Failure)  355378K->9778K(1024512K), 0.0029874 secs]
253152.838: [GC (Allocation Failure)  345650K->9746K(1015296K), 0.0032962 secs]
253153.171: [GC (Allocation Failure)  336402K->9746K(1006592K), 0.0039890 secs]
253153.498: [GC (Allocation Failure)  327698K->9778K(997888K), 0.0030060 secs]
253153.812: [GC (Allocation Failure)  319026K->9810K(989696K), 0.0031777 secs]
253154.116: [GC (Allocation Failure)  310866K->9778K(982016K), 0.0029980 secs]
253154.413: [GC (Allocation Failure)  303154K->9778K(974336K), 0.0029875 secs]
253154.705: [GC (Allocation Failure)  295474K->9778K(1031680K), 0.0035727 secs]
253155.054: [GC (Allocation Failure)  352818K->9746K(1021952K), 0.0031518 secs]
253155.397: [GC (Allocation Failure)  343058K->9746K(1089024K), 0.0042617 secs]
253155.808: [GC (Allocation Failure)  410130K->9778K(1169408K), 0.0039312 secs]
253156.302: [GC (Allocation Failure)  490546K->9778K(1154048K), 0.0036001 secs]
253156.775: [GC (Allocation Failure)  475186K->9746K(1139200K), 0.0033338 secs]
253157.232: [GC (Allocation Failure)  460306K->9746K(1125376K), 0.0036148 secs]
253157.676: [GC (Allocation Failure)  446482K->9810K(1112064K), 0.0027781 secs]
253158.102: [GC (Allocation Failure)  433234K->9746K(1099264K), 0.0033769 secs]
253158.519: [GC (Allocation Failure)  420370K->9778K(1086976K), 0.0036144 secs]
253158.926: [GC (Allocation Failure)  408114K->9810K(1075200K), 0.0032097 secs]
253159.317: [GC (Allocation Failure)  396370K->9746K(1063936K), 0.0032045 secs]
253159.696: [GC (Allocation Failure)  385042K->9778K(1053184K), 0.0031128 secs]
253160.064: [GC (Allocation Failure)  374322K->9778K(1042944K), 0.0029056 secs]
253160.422: [GC (Allocation Failure)  364082K->9778K(1032704K), 0.0032114 secs]
253160.770: [GC (Allocation Failure)  353842K->9778K(1022976K), 0.0037644 secs]
253161.111: [GC (Allocation Failure)  344114K->9746K(1013760K), 0.0029076 secs]
253161.441: [GC (Allocation Failure)  334866K->9778K(1005056K), 0.0030368 secs]
253161.788: [GC (Allocation Failure)  326194K->9746K(996352K), 0.0041150 secs]
253162.102: [GC (Allocation Failure)  317458K->9778K(988160K), 0.0030261 secs]
253162.404: [GC (Allocation Failure)  309298K->9778K(980480K), 0.0036775 secs]
253162.703: [GC (Allocation Failure)  301618K->9746K(1038848K), 0.0040077 secs]
253163.065: [GC (Allocation Failure)  359954K->9746K(1108992K), 0.0037719 secs]
253163.489: [GC (Allocation Failure)  430098K->9746K(1193472K), 0.0041180 secs]
253164.012: [GC (Allocation Failure)  514578K->9778K(1177088K), 0.0042276 secs]
253164.529: [GC (Allocation Failure)  498226K->9778K(1161216K), 0.0038052 secs]
253165.007: [GC (Allocation Failure)  482354K->9746K(1146368K), 0.0043631 secs]
253165.470: [GC (Allocation Failure)  467474K->9746K(1132032K), 0.0032710 secs]
253165.947: [GC (Allocation Failure)  453138K->9778K(1118208K), 0.0036849 secs]
253166.386: [GC (Allocation Failure)  439346K->9778K(1104896K), 0.0039216 secs]
253166.817: [GC (Allocation Failure)  426034K->9746K(1092096K), 0.0046338 secs]
253167.250: [GC (Allocation Failure)  413202K->9746K(1079808K), 0.0034850 secs]
253167.659: [GC (Allocation Failure)  400914K->9810K(1068032K), 0.0037077 secs]
253168.043: [GC (Allocation Failure)  389202K->9746K(1056768K), 0.0040625 secs]
253168.414: [GC (Allocation Failure)  377874K->9746K(1046016K), 0.0038038 secs]
253168.775: [GC (Allocation Failure)  367122K->9778K(1035776K), 0.0038991 secs]
253169.125: [GC (Allocation Failure)  356914K->9746K(1026048K), 0.0032500 secs]
253169.466: [GC (Allocation Failure)  347154K->9778K(1016832K), 0.0037248 secs]
253169.798: [GC (Allocation Failure)  337970K->9746K(1082880K), 0.0039321 secs]
253170.196: [GC (Allocation Failure)  403986K->9778K(1071104K), 0.0036543 secs]
253170.585: [GC (Allocation Failure)  392242K->9778K(1059840K), 0.0033709 secs]
253170.977: [GC (Allocation Failure)  380978K->9778K(1049088K), 0.0035741 secs]
253171.342: [GC (Allocation Failure)  370226K->9810K(1038848K), 0.0041037 secs]
253171.705: [GC (Allocation Failure)  360018K->9746K(1029120K), 0.0039608 secs]
253172.058: [GC (Allocation Failure)  350226K->9778K(1097216K), 0.0039328 secs]
253172.488: [GC (Allocation Failure)  418354K->9810K(1179136K), 0.0045544 secs]
253172.994: [GC (Allocation Failure)  500306K->9810K(1163264K), 0.0038433 secs]
253173.546: [GC (Allocation Failure)  484434K->9746K(1147904K), 0.0038526 secs]
253174.014: [GC (Allocation Failure)  469010K->9810K(1133568K), 0.0039059 secs]
253174.472: [GC (Allocation Failure)  454738K->9810K(1119744K), 0.0034081 secs]
253174.910: [GC (Allocation Failure)  440914K->9746K(1106432K), 0.0044781 secs]
253175.333: [GC (Allocation Failure)  427538K->9778K(1093632K), 0.0046718 secs]
253175.747: [GC (Allocation Failure)  414770K->9778K(1081344K), 0.0036265 secs]
253176.144: [GC (Allocation Failure)  402482K->9778K(1069568K), 0.0040309 secs]
253176.529: [GC (Allocation Failure)  390706K->9778K(1058304K), 0.0033978 secs]
253176.903: [GC (Allocation Failure)  379442K->9746K(1047552K), 0.0033986 secs]
253177.291: [GC (Allocation Failure)  368658K->9778K(1037312K), 0.0033753 secs]
253177.643: [GC (Allocation Failure)  358450K->9778K(1027584K), 0.0038302 secs]
253177.985: [GC (Allocation Failure)  348722K->9746K(1018368K), 0.0033726 secs]
253178.320: [GC (Allocation Failure)  339474K->9778K(1009152K), 0.0032414 secs]
253178.644: [GC (Allocation Failure)  330290K->9746K(1000448K), 0.0037566 secs]
253178.959: [GC (Allocation Failure)  321554K->9778K(1062912K), 0.0033688 secs]
253179.360: [GC (Allocation Failure)  384050K->9778K(1052160K), 0.0035709 secs]
253179.729: [GC (Allocation Failure)  373298K->9778K(1041920K), 0.0033532 secs]
253180.091: [GC (Allocation Failure)  363058K->9778K(1032192K), 0.0029878 secs]
253180.444: [GC (Allocation Failure)  353330K->9746K(1022464K), 0.0033648 secs]
253180.780: [GC (Allocation Failure)  343570K->9746K(1013248K), 0.0034887 secs]
253181.109: [GC (Allocation Failure)  334354K->9778K(1004544K), 0.0029258 secs]
253181.430: [GC (Allocation Failure)  325682K->9746K(996352K), 0.0033485 secs]
253181.741: [GC (Allocation Failure)  317458K->9778K(988160K), 0.0033949 secs]
253182.046: [GC (Allocation Failure)  309298K->9778K(980480K), 0.0029980 secs]
253182.352: [GC (Allocation Failure)  301618K->9810K(972800K), 0.0031901 secs]
253182.640: [GC (Allocation Failure)  293970K->9810K(1029632K), 0.0032513 secs]
253182.984: [GC (Allocation Failure)  350802K->9746K(1020416K), 0.0034391 secs]
253183.318: [GC (Allocation Failure)  341522K->9746K(1086976K), 0.0036256 secs]
253183.721: [GC (Allocation Failure)  408082K->9778K(1075200K), 0.0029647 secs]
253184.113: [GC (Allocation Failure)  396338K->9778K(1063936K), 0.0032914 secs]
253184.507: [GC (Allocation Failure)  385074K->9778K(1053184K), 0.0039356 secs]
253184.887: [GC (Allocation Failure)  374322K->9746K(1042944K), 0.0033280 secs]
253185.245: [GC (Allocation Failure)  364050K->9810K(1032704K), 0.0036988 secs]
253185.592: [GC (Allocation Failure)  353874K->9778K(1022976K), 0.0029854 secs]
253185.929: [GC (Allocation Failure)  344114K->9778K(1013760K), 0.0030003 secs]
253186.261: [GC (Allocation Failure)  334898K->9778K(1005056K), 0.0032575 secs]
253186.598: [GC (Allocation Failure)  326194K->9778K(996352K), 0.0031132 secs]
253186.916: [GC (Allocation Failure)  317490K->9810K(988160K), 0.0032350 secs]
253187.229: [GC (Allocation Failure)  309330K->9746K(980480K), 0.0035864 secs]
253187.524: [GC (Allocation Failure)  301586K->9778K(972800K), 0.0031370 secs]
253187.837: [GC (Allocation Failure)  293938K->9778K(965632K), 0.0031894 secs]
253188.128: [GC (Allocation Failure)  286770K->9778K(958464K), 0.0030884 secs]
253188.403: [GC (Allocation Failure)  279602K->9746K(951808K), 0.0027739 secs]
253188.669: [GC (Allocation Failure)  272914K->9778K(1004544K), 0.0029590 secs]
253188.989: [GC (Allocation Failure)  325682K->9778K(1068032K), 0.0032457 secs]
253189.376: [GC (Allocation Failure)  389170K->9778K(1056768K), 0.0028206 secs]
253189.749: [GC (Allocation Failure)  377906K->9746K(1046016K), 0.0026586 secs]
253190.111: [GC (Allocation Failure)  367122K->9778K(1035776K), 0.0031004 secs]
253190.468: [GC (Allocation Failure)  356914K->9778K(1026048K), 0.0028429 secs]
253190.813: [GC (Allocation Failure)  347186K->9778K(1016832K), 0.0035448 secs]
253191.149: [GC (Allocation Failure)  337970K->9746K(1008128K), 0.0037138 secs]
253191.475: [GC (Allocation Failure)  329234K->9746K(999424K), 0.0032463 secs]
253191.790: [GC (Allocation Failure)  320530K->9778K(1061888K), 0.0040878 secs]
253192.171: [GC (Allocation Failure)  383026K->9778K(1136640K), 0.0038845 secs]
253192.626: [GC (Allocation Failure)  457778K->9810K(1122816K), 0.0041913 secs]
253193.076: [GC (Allocation Failure)  443986K->9778K(1109504K), 0.0041040 secs]
253193.506: [GC (Allocation Failure)  430642K->9746K(1096704K), 0.0039933 secs]
253193.923: [GC (Allocation Failure)  417810K->9778K(1084416K), 0.0033071 secs]
253194.322: [GC (Allocation Failure)  405554K->9778K(1072640K), 0.0029435 secs]
253194.710: [GC (Allocation Failure)  393778K->9778K(1061376K), 0.0030205 secs]
253195.087: [GC (Allocation Failure)  382514K->9778K(1050624K), 0.0031935 secs]
253195.458: [GC (Allocation Failure)  371762K->9778K(1040384K), 0.0038906 secs]
253195.813: [GC (Allocation Failure)  361522K->9746K(1030656K), 0.0041798 secs]
253196.161: [GC (Allocation Failure)  351762K->9746K(1020928K), 0.0037111 secs]
253196.499: [GC (Allocation Failure)  342034K->9810K(1011712K), 0.0030931 secs]
253196.828: [GC (Allocation Failure)  332882K->9746K(1003008K), 0.0035843 secs]
253197.149: [GC (Allocation Failure)  324114K->9778K(994816K), 0.0031976 secs]
253197.462: [GC (Allocation Failure)  315954K->9778K(986624K), 0.0034965 secs]
253197.765: [GC (Allocation Failure)  307762K->9778K(1046528K), 0.0035073 secs]
253198.153: [GC (Allocation Failure)  367666K->9778K(1036288K), 0.0034960 secs]
253198.506: [GC (Allocation Failure)  357426K->9778K(1105920K), 0.0046587 secs]
253198.957: [GC (Allocation Failure)  427058K->9778K(1189376K), 0.0041783 secs]
253199.466: [GC (Allocation Failure)  510514K->9746K(1172992K), 0.0031779 secs]
253199.953: [GC (Allocation Failure)  494098K->9778K(1157632K), 0.0036480 secs]
253200.429: [GC (Allocation Failure)  478770K->9778K(1142784K), 0.0044884 secs]
253200.894: [GC (Allocation Failure)  463922K->9778K(1128448K), 0.0041474 secs]
253201.344: [GC (Allocation Failure)  449586K->9746K(1114624K), 0.0037166 secs]
253201.776: [GC (Allocation Failure)  435730K->9778K(1101824K), 0.0038399 secs]
253202.194: [GC (Allocation Failure)  422962K->9778K(1089536K), 0.0042627 secs]
253202.607: [GC (Allocation Failure)  410674K->9778K(1077760K), 0.0032524 secs]
253203.003: [GC (Allocation Failure)  398898K->9778K(1066496K), 0.0029143 secs]
253203.406: [GC (Allocation Failure)  387634K->9810K(1055744K), 0.0038322 secs]
253203.777: [GC (Allocation Failure)  376914K->9810K(1044992K), 0.0035383 secs]
253204.138: [GC (Allocation Failure)  366162K->9810K(1034752K), 0.0044970 secs]
253204.494: [GC (Allocation Failure)  355922K->9810K(1104384K), 0.0041701 secs]
253204.920: [GC (Allocation Failure)  425554K->9778K(1091584K), 0.0032723 secs]
253205.327: [GC (Allocation Failure)  412722K->9810K(1079808K), 0.0026816 secs]
253205.722: [GC (Allocation Failure)  400978K->9778K(1068032K), 0.0027598 secs]
253206.103: [GC (Allocation Failure)  389170K->9746K(1056768K), 0.0035607 secs]
253206.476: [GC (Allocation Failure)  377874K->9746K(1046016K), 0.0033486 secs]
253206.835: [GC (Allocation Failure)  367122K->9778K(1035776K), 0.0039376 secs]
253207.200: [GC (Allocation Failure)  356914K->9746K(1026048K), 0.0031512 secs]
253207.539: [GC (Allocation Failure)  347154K->9778K(1016832K), 0.0032081 secs]
253207.872: [GC (Allocation Failure)  337970K->9778K(1008128K), 0.0033632 secs]
253208.196: [GC (Allocation Failure)  329266K->9778K(999424K), 0.0037446 secs]
253208.610: [GC (Allocation Failure)  320562K->9778K(991232K), 0.0038148 secs]
253208.916: [GC (Allocation Failure)  312370K->9778K(983552K), 0.0025978 secs]
253209.236: [GC (Allocation Failure)  304690K->9778K(975872K), 0.0029342 secs]
253209.528: [GC (Allocation Failure)  297010K->9778K(1033728K), 0.0040350 secs]
253209.877: [GC (Allocation Failure)  354866K->9746K(1102848K), 0.0041516 secs]
253210.296: [GC (Allocation Failure)  423954K->9778K(1090560K), 0.0033422 secs]
253210.705: [GC (Allocation Failure)  411698K->9746K(1078784K), 0.0042031 secs]
253211.102: [GC (Allocation Failure)  399890K->9746K(1067520K), 0.0033480 secs]
253211.527: [GC (Allocation Failure)  388626K->9746K(1056256K), 0.0036631 secs]
253211.900: [GC (Allocation Failure)  377362K->9810K(1129984K), 0.0049995 secs]
253212.380: [GC (Allocation Failure)  451154K->9778K(1116160K), 0.0040134 secs]
253212.813: [GC (Allocation Failure)  437298K->9746K(1102848K), 0.0033870 secs]
253213.230: [GC (Allocation Failure)  423954K->9778K(1090560K), 0.0034873 secs]
253213.694: [GC (Allocation Failure)  411698K->9778K(1078784K), 0.0040069 secs]
253214.087: [GC (Allocation Failure)  399922K->9746K(1067520K), 0.0032904 secs]
253214.470: [GC (Allocation Failure)  388626K->9746K(1056256K), 0.0042469 secs]
253214.845: [GC (Allocation Failure)  377362K->9778K(1045504K), 0.0036704 secs]
253215.205: [GC (Allocation Failure)  366642K->9810K(1035264K), 0.0037739 secs]
253215.555: [GC (Allocation Failure)  356434K->9746K(1025536K), 0.0037275 secs]
253215.896: [GC (Allocation Failure)  346642K->9810K(1016320K), 0.0036447 secs]
253216.235: [GC (Allocation Failure)  337490K->9778K(1081856K), 0.0035734 secs]
253216.634: [GC (Allocation Failure)  402994K->9810K(1070080K), 0.0036233 secs]
253217.017: [GC (Allocation Failure)  391250K->9746K(1058816K), 0.0031338 secs]
253217.391: [GC (Allocation Failure)  379922K->9778K(1048064K), 0.0031643 secs]
253217.755: [GC (Allocation Failure)  369202K->9778K(1037824K), 0.0033226 secs]
253218.109: [GC (Allocation Failure)  358962K->9746K(1028096K), 0.0029778 secs]
253218.454: [GC (Allocation Failure)  349202K->9778K(1018880K), 0.0029128 secs]
253218.821: [GC (Allocation Failure)  340018K->9778K(1009664K), 0.0032780 secs]
253219.145: [GC (Allocation Failure)  330802K->9746K(1000960K), 0.0033263 secs]
253219.490: [GC (Allocation Failure)  322066K->9810K(992768K), 0.0026692 secs]
253219.799: [GC (Allocation Failure)  313938K->9746K(984576K), 0.0031775 secs]
253220.103: [GC (Allocation Failure)  305682K->9778K(976896K), 0.0032921 secs]
253220.396: [GC (Allocation Failure)  298034K->9778K(969728K), 0.0027752 secs]
253220.680: [GC (Allocation Failure)  290866K->9778K(962560K), 0.0032774 secs]
253220.960: [GC (Allocation Failure)  283698K->9778K(955904K), 0.0029444 secs]
253221.231: [GC (Allocation Failure)  277042K->9778K(949248K), 0.0028768 secs]
253221.494: [GC (Allocation Failure)  270386K->9778K(1001472K), 0.0027875 secs]
253221.809: [GC (Allocation Failure)  322610K->9778K(1064448K), 0.0031929 secs]
253222.188: [GC (Allocation Failure)  385586K->9778K(1053696K), 0.0029885 secs]
253222.572: [GC (Allocation Failure)  374834K->9746K(1043456K), 0.0033482 secs]
253222.931: [GC (Allocation Failure)  364562K->9778K(1033216K), 0.0034388 secs]
253223.322: [GC (Allocation Failure)  354354K->9778K(1023488K), 0.0031936 secs]
253223.661: [GC (Allocation Failure)  344626K->9810K(1014272K), 0.0028317 secs]
253223.994: [GC (Allocation Failure)  335442K->9810K(1005568K), 0.0028288 secs]
253224.315: [GC (Allocation Failure)  326738K->9778K(996864K), 0.0032065 secs]
253224.628: [GC (Allocation Failure)  318002K->9778K(988672K), 0.0028460 secs]
253224.932: [GC (Allocation Failure)  309810K->9746K(980992K), 0.0038833 secs]
253225.228: [GC (Allocation Failure)  302098K->9714K(1039872K), 0.0036396 secs]
253225.585: [GC (Allocation Failure)  360946K->9778K(1030144K), 0.0030746 secs]
253225.931: [GC (Allocation Failure)  351282K->9746K(1020928K), 0.0035273 secs]
253226.267: [GC (Allocation Failure)  342034K->9778K(1011712K), 0.0030648 secs]
253226.597: [GC (Allocation Failure)  332850K->9778K(1003008K), 0.0027981 secs]
253226.943: [GC (Allocation Failure)  324146K->9746K(994816K), 0.0033592 secs]
253227.254: [GC (Allocation Failure)  315922K->9778K(986624K), 0.0029107 secs]
253227.557: [GC (Allocation Failure)  307762K->9810K(978944K), 0.0029064 secs]
253227.850: [GC (Allocation Failure)  300114K->9778K(971264K), 0.0027129 secs]
253228.134: [GC (Allocation Failure)  292402K->9778K(964096K), 0.0031062 secs]
253228.413: [GC (Allocation Failure)  285234K->9746K(1019392K), 0.0039424 secs]
253228.754: [GC (Allocation Failure)  340498K->9778K(1085952K), 0.0031444 secs]
253229.188: [GC (Allocation Failure)  407090K->9746K(1074176K), 0.0031597 secs]
253229.578: [GC (Allocation Failure)  395282K->9746K(1151488K), 0.0047184 secs]
253230.053: [GC (Allocation Failure)  472594K->9778K(1136640K), 0.0034276 secs]
253230.509: [GC (Allocation Failure)  457778K->9714K(1122816K), 0.0036654 secs]
253230.947: [GC (Allocation Failure)  443890K->9778K(1109504K), 0.0030416 secs]
253231.372: [GC (Allocation Failure)  430642K->9778K(1096704K), 0.0036887 secs]
253231.785: [GC (Allocation Failure)  417842K->9778K(1084416K), 0.0033844 secs]
253232.186: [GC (Allocation Failure)  405554K->9778K(1072640K), 0.0029843 secs]
253232.573: [GC (Allocation Failure)  393778K->9746K(1061376K), 0.0043357 secs]
253232.955: [GC (Allocation Failure)  382482K->9746K(1050624K), 0.0034113 secs]
253233.321: [GC (Allocation Failure)  371730K->9778K(1040384K), 0.0040171 secs]
253233.681: [GC (Allocation Failure)  361522K->9810K(1030656K), 0.0032451 secs]
253234.030: [GC (Allocation Failure)  351826K->9746K(1020928K), 0.0030484 secs]
253234.365: [GC (Allocation Failure)  342034K->9778K(1011712K), 0.0028184 secs]
253234.694: [GC (Allocation Failure)  332850K->9746K(1003008K), 0.0031555 secs]
253235.012: [GC (Allocation Failure)  324114K->9746K(994816K), 0.0040452 secs]
253235.329: [GC (Allocation Failure)  315922K->9746K(986624K), 0.0034162 secs]
253235.633: [GC (Allocation Failure)  307730K->9778K(978944K), 0.0030034 secs]
253235.926: [GC (Allocation Failure)  300082K->9810K(971264K), 0.0027929 secs]
253236.215: [GC (Allocation Failure)  292434K->9746K(964096K), 0.0030930 secs]
253236.498: [GC (Allocation Failure)  285202K->9810K(957440K), 0.0030047 secs]
253236.768: [GC (Allocation Failure)  278610K->9778K(1011200K), 0.0032099 secs]
253237.096: [GC (Allocation Failure)  332338K->9746K(1075712K), 0.0032151 secs]
253237.490: [GC (Allocation Failure)  396818K->9810K(1064448K), 0.0031625 secs]
253237.869: [GC (Allocation Failure)  385618K->9746K(1053696K), 0.0036378 secs]
253238.240: [GC (Allocation Failure)  374802K->9778K(1043456K), 0.0031218 secs]
253238.599: [GC (Allocation Failure)  364594K->9746K(1033216K), 0.0031931 secs]
253238.948: [GC (Allocation Failure)  354322K->9778K(1023488K), 0.0029149 secs]
253239.288: [GC (Allocation Failure)  344626K->9810K(1014272K), 0.0032244 secs]
253239.616: [GC (Allocation Failure)  335442K->9778K(1005568K), 0.0033745 secs]
253239.937: [GC (Allocation Failure)  326706K->9778K(996864K), 0.0031864 secs]
253240.250: [GC (Allocation Failure)  318002K->9778K(988672K), 0.0034779 secs]
253240.556: [GC (Allocation Failure)  309810K->9746K(980992K), 0.0031548 secs]
253240.853: [GC (Allocation Failure)  302098K->9746K(1039872K), 0.0032747 secs]
253241.208: [GC (Allocation Failure)  360978K->9778K(1030144K), 0.0030103 secs]
253241.555: [GC (Allocation Failure)  351282K->9778K(1020928K), 0.0032553 secs]
253241.909: [GC (Allocation Failure)  342066K->9778K(1011712K), 0.0032660 secs]
253242.239: [GC (Allocation Failure)  332850K->9778K(1003008K), 0.0038938 secs]
253242.559: [GC (Allocation Failure)  324146K->9810K(994816K), 0.0028896 secs]
253242.873: [GC (Allocation Failure)  315986K->9778K(986624K), 0.0031237 secs]
253243.176: [GC (Allocation Failure)  307762K->9746K(978944K), 0.0034378 secs]
253243.498: [GC (Allocation Failure)  300050K->9778K(971264K), 0.0031095 secs]
253243.785: [GC (Allocation Failure)  292402K->9746K(1028096K), 0.0031667 secs]
253244.127: [GC (Allocation Failure)  349202K->9746K(1096192K), 0.0035127 secs]
253244.541: [GC (Allocation Failure)  417298K->9746K(1178112K), 0.0041998 secs]
253245.092: [GC (Allocation Failure)  499218K->9746K(1162240K), 0.0035499 secs]
253245.654: [GC (Allocation Failure)  483346K->9778K(1147392K), 0.0035745 secs]
253246.119: [GC (Allocation Failure)  468530K->9746K(1133056K), 0.0042441 secs]
253246.581: [GC (Allocation Failure)  454162K->9778K(1119232K), 0.0039144 secs]
253247.034: [GC (Allocation Failure)  440370K->9778K(1105920K), 0.0032739 secs]
253247.458: [GC (Allocation Failure)  427058K->9810K(1093120K), 0.0027715 secs]
253247.866: [GC (Allocation Failure)  414290K->9778K(1080832K), 0.0035070 secs]
253248.267: [GC (Allocation Failure)  401970K->9746K(1069056K), 0.0036020 secs]
253248.653: [GC (Allocation Failure)  390162K->9810K(1057792K), 0.0028611 secs]
253249.028: [GC (Allocation Failure)  378962K->9778K(1047040K), 0.0029310 secs]
253249.391: [GC (Allocation Failure)  368178K->9778K(1036800K), 0.0030073 secs]
253249.743: [GC (Allocation Failure)  357938K->9778K(1027072K), 0.0028946 secs]
253250.175: [GC (Allocation Failure)  348210K->9778K(1017856K), 0.0036019 secs]
253250.512: [GC (Allocation Failure)  338994K->9778K(1008640K), 0.0026827 secs]
253250.850: [GC (Allocation Failure)  329778K->9810K(999936K), 0.0033024 secs]
253251.192: [GC (Allocation Failure)  321106K->9778K(991744K), 0.0032434 secs]
253251.505: [GC (Allocation Failure)  312882K->9746K(984064K), 0.0041209 secs]
253251.808: [GC (Allocation Failure)  305170K->9778K(1043456K), 0.0040536 secs]
253252.174: [GC (Allocation Failure)  364594K->9778K(1114624K), 0.0034173 secs]
253252.651: [GC (Allocation Failure)  435762K->9778K(1101824K), 0.0033706 secs]
253253.071: [GC (Allocation Failure)  422962K->9746K(1089536K), 0.0034631 secs]
253253.480: [GC (Allocation Failure)  410642K->9778K(1077760K), 0.0031253 secs]
253253.929: [GC (Allocation Failure)  398898K->9746K(1066496K), 0.0041083 secs]
253254.317: [GC (Allocation Failure)  387602K->9778K(1055744K), 0.0034353 secs]
253254.689: [GC (Allocation Failure)  376882K->9778K(1044992K), 0.0038019 secs]
253255.058: [GC (Allocation Failure)  366130K->9786K(1034752K), 0.0029903 secs]
253255.408: [GC (Allocation Failure)  355898K->9754K(1025024K), 0.0033905 secs]
253255.758: [GC (Allocation Failure)  346138K->9850K(1015808K), 0.0032891 secs]
253256.094: [GC (Allocation Failure)  337018K->9922K(1081344K), 0.0054840 secs]
253256.502: [GC (Allocation Failure)  402626K->9850K(1160192K), 0.0033406 secs]
253256.988: [GC (Allocation Failure)  481402K->9818K(1145344K), 0.0032737 secs]
253257.455: [GC (Allocation Failure)  466522K->9826K(1131008K), 0.0039551 secs]
253257.908: [GC (Allocation Failure)  452194K->9858K(1117184K), 0.0032125 secs]
253258.363: [GC (Allocation Failure)  438402K->9858K(1103872K), 0.0046214 secs]
253258.791: [GC (Allocation Failure)  425090K->9826K(1091072K), 0.0039470 secs]
253259.204: [GC (Allocation Failure)  412258K->9858K(1079296K), 0.0037109 secs]
253259.601: [GC (Allocation Failure)  400514K->9858K(1068032K), 0.0035477 secs]
253259.988: [GC (Allocation Failure)  389250K->9858K(1056768K), 0.0042935 secs]
253260.363: [GC (Allocation Failure)  377986K->9826K(1046016K), 0.0031185 secs]
253260.753: [GC (Allocation Failure)  367202K->9858K(1035776K), 0.0034251 secs]
253261.105: [GC (Allocation Failure)  356994K->9826K(1026048K), 0.0035071 secs]
253261.450: [GC (Allocation Failure)  347234K->9826K(1016832K), 0.0036955 secs]
253261.782: [GC (Allocation Failure)  338018K->9858K(1008128K), 0.0032777 secs]
253262.111: [GC (Allocation Failure)  329346K->9826K(1072128K), 0.0046608 secs]
253262.508: [GC (Allocation Failure)  393314K->9890K(1148928K), 0.0036032 secs]
253262.975: [GC (Allocation Failure)  470178K->9930K(1134592K), 0.0030349 secs]
253263.423: [GC (Allocation Failure)  455882K->9882K(1120768K), 0.0031388 secs]
253263.863: [GC (Allocation Failure)  442010K->9882K(1107456K), 0.0039852 secs]
253264.289: [GC (Allocation Failure)  428698K->9914K(1094656K), 0.0033599 secs]
253264.700: [GC (Allocation Failure)  415930K->9914K(1082368K), 0.0048821 secs]
253265.104: [GC (Allocation Failure)  403642K->9914K(1070592K), 0.0046325 secs]
253265.498: [GC (Allocation Failure)  391866K->9914K(1059328K), 0.0031948 secs]
253265.908: [GC (Allocation Failure)  380602K->9850K(1133568K), 0.0061941 secs]
253266.371: [GC (Allocation Failure)  454778K->9914K(1119744K), 0.0032567 secs]
253266.813: [GC (Allocation Failure)  441018K->9914K(1106432K), 0.0028253 secs]
253267.237: [GC (Allocation Failure)  427706K->9914K(1093632K), 0.0033568 secs]
253267.646: [GC (Allocation Failure)  414906K->9914K(1081344K), 0.0033989 secs]
253268.056: [GC (Allocation Failure)  402618K->9914K(1069568K), 0.0044141 secs]
253268.448: [GC (Allocation Failure)  390842K->9946K(1058304K), 0.0039154 secs]
253268.823: [GC (Allocation Failure)  379610K->9882K(1047552K), 0.0040330 secs]
253269.186: [GC (Allocation Failure)  368794K->9914K(1037312K), 0.0036704 secs]
253269.544: [GC (Allocation Failure)  358586K->9914K(1027584K), 0.0029617 secs]
253269.889: [GC (Allocation Failure)  348858K->9914K(1095680K), 0.0048386 secs]
253270.299: [GC (Allocation Failure)  416954K->9946K(1083392K), 0.0033553 secs]
253270.722: [GC (Allocation Failure)  404698K->9914K(1071616K), 0.0033673 secs]
253271.133: [GC (Allocation Failure)  392890K->9882K(1060352K), 0.0035277 secs]
253271.528: [GC (Allocation Failure)  381594K->9882K(1049600K), 0.0034280 secs]
253271.984: [GC (Allocation Failure)  370842K->9882K(1039360K), 0.0035179 secs]
253272.340: [GC (Allocation Failure)  360602K->9914K(1029632K), 0.0030453 secs]
253272.687: [GC (Allocation Failure)  350906K->9946K(1020416K), 0.0045061 secs]
253273.030: [GC (Allocation Failure)  341722K->9914K(1011200K), 0.0036114 secs]
253273.398: [GC (Allocation Failure)  332474K->9914K(1002496K), 0.0033967 secs]
253273.740: [GC (Allocation Failure)  323770K->9914K(994304K), 0.0032902 secs]
253274.051: [GC (Allocation Failure)  315578K->9914K(1055744K), 0.0049850 secs]
253274.423: [GC (Allocation Failure)  377018K->9914K(1129472K), 0.0033979 secs]
253274.868: [GC (Allocation Failure)  450746K->9914K(1115648K), 0.0035895 secs]
253275.297: [GC (Allocation Failure)  436922K->9914K(1102848K), 0.0039179 secs]
253275.716: [GC (Allocation Failure)  424122K->9946K(1090560K), 0.0031422 secs]
253276.122: [GC (Allocation Failure)  411866K->9914K(1078784K), 0.0033557 secs]
253276.525: [GC (Allocation Failure)  400058K->9914K(1067520K), 0.0034359 secs]
253276.934: [GC (Allocation Failure)  388794K->9914K(1056256K), 0.0028005 secs]
253277.317: [GC (Allocation Failure)  377530K->9882K(1045504K), 0.0032379 secs]
253277.676: [GC (Allocation Failure)  366746K->9914K(1035264K), 0.0040419 secs]
253278.028: [GC (Allocation Failure)  356538K->9882K(1104896K), 0.0094794 secs]
253278.460: [GC (Allocation Failure)  426138K->9850K(1188352K), 0.0026116 secs]
253279.026: [GC (Allocation Failure)  509562K->9882K(1171968K), 0.0033165 secs]
253279.514: [GC (Allocation Failure)  493210K->9850K(1156608K), 0.0028768 secs]
253279.985: [GC (Allocation Failure)  477818K->9882K(1141760K), 0.0033992 secs]
253280.459: [GC (Allocation Failure)  463002K->9946K(1127424K), 0.0032066 secs]
253280.901: [GC (Allocation Failure)  448730K->9914K(1114112K), 0.0035469 secs]
253281.330: [GC (Allocation Failure)  435386K->9882K(1101312K), 0.0039035 secs]
253281.782: [GC (Allocation Failure)  422554K->9882K(1089024K), 0.0033626 secs]
253282.206: [GC (Allocation Failure)  410266K->9914K(1077248K), 0.0035423 secs]
253282.604: [GC (Allocation Failure)  398522K->9914K(1065984K), 0.0035779 secs]
253282.987: [GC (Allocation Failure)  387258K->9882K(1055232K), 0.0037429 secs]
253283.360: [GC (Allocation Failure)  376474K->9914K(1044480K), 0.0030315 secs]
253283.726: [GC (Allocation Failure)  365754K->9882K(1034240K), 0.0031680 secs]
253284.077: [GC (Allocation Failure)  355482K->9914K(1024512K), 0.0047073 secs]
253284.420: [GC (Allocation Failure)  345786K->9914K(1015296K), 0.0032343 secs]
253284.751: [GC (Allocation Failure)  336570K->9914K(1006592K), 0.0033387 secs]
253285.074: [GC (Allocation Failure)  327866K->9914K(997888K), 0.0035743 secs]
253285.387: [GC (Allocation Failure)  319162K->9914K(1059840K), 0.0033905 secs]
253285.777: [GC (Allocation Failure)  381114K->9946K(1049088K), 0.0033943 secs]
253286.158: [GC (Allocation Failure)  370394K->9914K(1038848K), 0.0032541 secs]
253286.512: [GC (Allocation Failure)  360122K->9882K(1029120K), 0.0035458 secs]
253286.873: [GC (Allocation Failure)  350362K->9914K(1019904K), 0.0030607 secs]
253287.209: [GC (Allocation Failure)  341178K->9882K(1086464K), 0.0046901 secs]
253287.622: [GC (Allocation Failure)  407706K->9882K(1074688K), 0.0033242 secs]
253288.020: [GC (Allocation Failure)  395930K->9882K(1152000K), 0.0050090 secs]
253288.490: [GC (Allocation Failure)  473242K->9882K(1137152K), 0.0037556 secs]
253288.946: [GC (Allocation Failure)  458394K->9914K(1123328K), 0.0030534 secs]
253289.387: [GC (Allocation Failure)  444602K->9946K(1110016K), 0.0032671 secs]
253289.815: [GC (Allocation Failure)  431322K->9914K(1097216K), 0.0041538 secs]
253290.232: [GC (Allocation Failure)  418490K->9914K(1084928K), 0.0044922 secs]
253290.642: [GC (Allocation Failure)  406202K->9946K(1073152K), 0.0037770 secs]
253291.035: [GC (Allocation Failure)  394458K->9906K(1061888K), 0.0035718 secs]
253291.418: [GC (Allocation Failure)  383154K->9906K(1051136K), 0.0033616 secs]
253291.788: [GC (Allocation Failure)  372402K->9906K(1040896K), 0.0034729 secs]
253292.191: [GC (Allocation Failure)  362162K->9906K(1031168K), 0.0036241 secs]
253292.542: [GC (Allocation Failure)  352434K->9938K(1021440K), 0.0033494 secs]
253292.882: [GC (Allocation Failure)  342738K->9938K(1012224K), 0.0034298 secs]
253293.231: [GC (Allocation Failure)  333522K->9938K(1003520K), 0.0033642 secs]
253293.554: [GC (Allocation Failure)  324818K->9906K(995328K), 0.0036151 secs]
253293.885: [GC (Allocation Failure)  316594K->9906K(1056768K), 0.0038523 secs]
253294.261: [GC (Allocation Failure)  378034K->9970K(1046016K), 0.0032026 secs]
253294.625: [GC (Allocation Failure)  367346K->9938K(1035776K), 0.0037341 secs]
253294.979: [GC (Allocation Failure)  357074K->9938K(1026048K), 0.0031140 secs]
253295.322: [GC (Allocation Failure)  347346K->9906K(1016832K), 0.0036839 secs]
253295.658: [GC (Allocation Failure)  338098K->9938K(1008128K), 0.0036988 secs]
253295.987: [GC (Allocation Failure)  329426K->9938K(1072128K), 0.0035298 secs]
253296.378: [GC (Allocation Failure)  393426K->9938K(1060864K), 0.0037374 secs]
253296.758: [GC (Allocation Failure)  382162K->9906K(1050112K), 0.0032602 secs]
253297.127: [GC (Allocation Failure)  371378K->9938K(1039872K), 0.0032108 secs]
253297.485: [GC (Allocation Failure)  361170K->9906K(1030144K), 0.0043150 secs]
253297.926: [GC (Allocation Failure)  351410K->9938K(1020928K), 0.0032973 secs]
253298.268: [GC (Allocation Failure)  342226K->9938K(1011712K), 0.0042076 secs]
253298.599: [GC (Allocation Failure)  333010K->9906K(1076736K), 0.0035999 secs]
253298.993: [GC (Allocation Failure)  398002K->9938K(1065472K), 0.0030570 secs]
253299.378: [GC (Allocation Failure)  386770K->9938K(1054720K), 0.0039628 secs]
253299.753: [GC (Allocation Failure)  376018K->9938K(1044480K), 0.0036175 secs]
253300.118: [GC (Allocation Failure)  365778K->9938K(1034240K), 0.0034891 secs]
253300.472: [GC (Allocation Failure)  355538K->9906K(1024512K), 0.0034930 secs]
253300.817: [GC (Allocation Failure)  345778K->9906K(1015296K), 0.0037239 secs]
253301.150: [GC (Allocation Failure)  336562K->9906K(1080832K), 0.0036709 secs]
253301.553: [GC (Allocation Failure)  402098K->9906K(1069056K), 0.0036097 secs]
253301.940: [GC (Allocation Failure)  390322K->9906K(1057792K), 0.0041496 secs]
253302.318: [GC (Allocation Failure)  379058K->9970K(1132032K), 0.0040057 secs]
253302.813: [GC (Allocation Failure)  453362K->9906K(1118208K), 0.0040008 secs]
253303.251: [GC (Allocation Failure)  439474K->9938K(1104896K), 0.0036469 secs]
253303.676: [GC (Allocation Failure)  426194K->9938K(1092096K), 0.0037816 secs]
253304.108: [GC (Allocation Failure)  413394K->9906K(1079808K), 0.0037099 secs]
253304.507: [GC (Allocation Failure)  401074K->9906K(1068032K), 0.0033793 secs]
253304.896: [GC (Allocation Failure)  389298K->9906K(1056768K), 0.0040826 secs]
253305.298: [GC (Allocation Failure)  378034K->9906K(1046016K), 0.0032442 secs]
253305.661: [GC (Allocation Failure)  367282K->9938K(1035776K), 0.0044936 secs]
253306.015: [GC (Allocation Failure)  357074K->9938K(1105408K), 0.0047736 secs]
253306.447: [GC (Allocation Failure)  426706K->9938K(1092608K), 0.0036087 secs]
253306.858: [GC (Allocation Failure)  413906K->9938K(1080320K), 0.0039007 secs]
253307.255: [GC (Allocation Failure)  401618K->9938K(1068544K), 0.0040947 secs]
253307.645: [GC (Allocation Failure)  389842K->9938K(1057280K), 0.0037275 secs]
253308.047: [GC (Allocation Failure)  378578K->9938K(1046528K), 0.0040962 secs]
253308.414: [GC (Allocation Failure)  367826K->9906K(1036288K), 0.0039193 secs]
253308.768: [GC (Allocation Failure)  357554K->9938K(1026560K), 0.0032069 secs]
253309.114: [GC (Allocation Failure)  347858K->9938K(1017344K), 0.0037205 secs]
253309.450: [GC (Allocation Failure)  338642K->9906K(1008640K), 0.0032988 secs]
253309.838: [GC (Allocation Failure)  329906K->9938K(999936K), 0.0035242 secs]
253310.155: [GC (Allocation Failure)  321234K->9906K(991744K), 0.0034537 secs]
253310.464: [GC (Allocation Failure)  313010K->9938K(1052672K), 0.0036536 secs]
253310.835: [GC (Allocation Failure)  373970K->9906K(1125888K), 0.0039268 secs]
253311.278: [GC (Allocation Failure)  447154K->9938K(1112576K), 0.0033794 secs]
253311.735: [GC (Allocation Failure)  433874K->9906K(1099776K), 0.0036007 secs]
253312.153: [GC (Allocation Failure)  421042K->9938K(1087488K), 0.0037283 secs]
253312.558: [GC (Allocation Failure)  408786K->9938K(1075712K), 0.0046646 secs]
253312.956: [GC (Allocation Failure)  397010K->9938K(1064448K), 0.0042029 secs]
253313.338: [GC (Allocation Failure)  385746K->9906K(1053696K), 0.0039348 secs]
253313.728: [GC (Allocation Failure)  374962K->9938K(1043456K), 0.0036823 secs]
253314.089: [GC (Allocation Failure)  364754K->9938K(1033216K), 0.0034501 secs]
253314.440: [GC (Allocation Failure)  354514K->9938K(1023488K), 0.0036587 secs]
253314.783: [GC (Allocation Failure)  344786K->9906K(1014272K), 0.0032799 secs]
253315.138: [GC (Allocation Failure)  335538K->9906K(1079808K), 0.0049401 secs]
253315.567: [GC (Allocation Failure)  401074K->9938K(1158144K), 0.0040957 secs]
253316.051: [GC (Allocation Failure)  479442K->9938K(1143296K), 0.0031852 secs]
253316.514: [GC (Allocation Failure)  464594K->9938K(1128960K), 0.0033978 secs]
253316.962: [GC (Allocation Failure)  450258K->9938K(1115136K), 0.0040493 secs]
253317.401: [GC (Allocation Failure)  436434K->9906K(1102336K), 0.0035637 secs]
253317.826: [GC (Allocation Failure)  423602K->9906K(1090048K), 0.0034975 secs]
253318.236: [GC (Allocation Failure)  411314K->9906K(1078272K), 0.0032939 secs]
253318.643: [GC (Allocation Failure)  399538K->9938K(1067008K), 0.0031781 secs]
253319.025: [GC (Allocation Failure)  388306K->9906K(1056256K), 0.0033305 secs]
253319.399: [GC (Allocation Failure)  377522K->9938K(1045504K), 0.0034146 secs]
253319.779: [GC (Allocation Failure)  366802K->9906K(1035264K), 0.0042483 secs]
253320.140: [GC (Allocation Failure)  356530K->9938K(1025536K), 0.0035168 secs]
253320.481: [GC (Allocation Failure)  346834K->9938K(1016320K), 0.0035670 secs]
253320.814: [GC (Allocation Failure)  337618K->9906K(1007616K), 0.0035824 secs]
253321.140: [GC (Allocation Failure)  328882K->9906K(998912K), 0.0036422 secs]
253321.457: [GC (Allocation Failure)  320178K->9970K(1061376K), 0.0040856 secs]
253321.844: [GC (Allocation Failure)  382706K->9938K(1136128K), 0.0038622 secs]
253322.299: [GC (Allocation Failure)  457426K->9938K(1122304K), 0.0037808 secs]
253322.739: [GC (Allocation Failure)  443602K->9874K(1108992K), 0.0035558 secs]
253323.166: [GC (Allocation Failure)  430226K->9906K(1096192K), 0.0040809 secs]
253323.585: [GC (Allocation Failure)  417458K->9970K(1083904K), 0.0031122 secs]
253324.008: [GC (Allocation Failure)  405234K->9938K(1072128K), 0.0036007 secs]
253324.424: [GC (Allocation Failure)  393426K->9938K(1060864K), 0.0031510 secs]
253324.799: [GC (Allocation Failure)  382162K->9906K(1050112K), 0.0033136 secs]
253325.167: [GC (Allocation Failure)  371378K->9938K(1039872K), 0.0039314 secs]
253325.525: [GC (Allocation Failure)  361170K->9906K(1030144K), 0.0039660 secs]
253325.891: [GC (Allocation Failure)  351410K->9938K(1020928K), 0.0038188 secs]
253326.228: [GC (Allocation Failure)  342226K->9938K(1011712K), 0.0031740 secs]
253326.557: [GC (Allocation Failure)  333010K->9938K(1003008K), 0.0033263 secs]
253326.875: [GC (Allocation Failure)  324306K->9970K(994816K), 0.0037351 secs]
253327.187: [GC (Allocation Failure)  316146K->9906K(1056256K), 0.0037777 secs]
253327.562: [GC (Allocation Failure)  377522K->9906K(1129984K), 0.0038843 secs]
253328.012: [GC (Allocation Failure)  451250K->9906K(1116160K), 0.0036996 secs]
253328.446: [GC (Allocation Failure)  437426K->9938K(1102848K), 0.0038876 secs]
253328.869: [GC (Allocation Failure)  424146K->9938K(1090560K), 0.0091829 secs]
253329.316: [GC (Allocation Failure)  411858K->9874K(1078784K), 0.0024821 secs]
253329.715: [GC (Allocation Failure)  400018K->9906K(1067520K), 0.0033676 secs]
253330.102: [GC (Allocation Failure)  388786K->9938K(1056256K), 0.0042327 secs]
253330.480: [GC (Allocation Failure)  377554K->9938K(1045504K), 0.0033810 secs]
253330.842: [GC (Allocation Failure)  366802K->9906K(1035264K), 0.0039382 secs]
253331.195: [GC (Allocation Failure)  356530K->9906K(1025536K), 0.0033525 secs]
253331.537: [GC (Allocation Failure)  346802K->9938K(1016320K), 0.0040469 secs]
253331.876: [GC (Allocation Failure)  337618K->9938K(1007616K), 0.0032809 secs]
253332.201: [GC (Allocation Failure)  328914K->9906K(998912K), 0.0035720 secs]
253332.517: [GC (Allocation Failure)  320178K->9906K(990720K), 0.0032898 secs]
253332.824: [GC (Allocation Failure)  311986K->9938K(1051136K), 0.0038343 secs]
253333.194: [GC (Allocation Failure)  372434K->9906K(1123840K), 0.0035487 secs]
253333.636: [GC (Allocation Failure)  445106K->9906K(1110528K), 0.0033998 secs]
253334.063: [GC (Allocation Failure)  431794K->9938K(1097728K), 0.0035471 secs]
253334.478: [GC (Allocation Failure)  419026K->9938K(1085440K), 0.0033732 secs]
253334.884: [GC (Allocation Failure)  406738K->9906K(1073664K), 0.0044878 secs]
253335.279: [GC (Allocation Failure)  394930K->9938K(1062400K), 0.0037850 secs]
253335.661: [GC (Allocation Failure)  383698K->9938K(1051648K), 0.0026828 secs]
253336.030: [GC (Allocation Failure)  372946K->9970K(1041408K), 0.0031355 secs]
253336.389: [GC (Allocation Failure)  362738K->9938K(1031680K), 0.0036229 secs]
253336.742: [GC (Allocation Failure)  352978K->9906K(1021952K), 0.0035413 secs]
253337.082: [GC (Allocation Failure)  343218K->9970K(1012736K), 0.0031661 secs]
253337.411: [GC (Allocation Failure)  334066K->9938K(1004032K), 0.0034801 secs]
253337.738: [GC (Allocation Failure)  325330K->9938K(995840K), 0.0034945 secs]
253338.051: [GC (Allocation Failure)  317138K->9938K(987648K), 0.0032258 secs]
253338.358: [GC (Allocation Failure)  308946K->9906K(979968K), 0.0035318 secs]
253338.659: [GC (Allocation Failure)  301234K->9970K(1038336K), 0.0032954 secs]
253339.014: [GC (Allocation Failure)  359666K->9938K(1028608K), 0.0030885 secs]
253339.358: [GC (Allocation Failure)  349906K->9938K(1019392K), 0.0032743 secs]
253339.694: [GC (Allocation Failure)  340690K->9938K(1010176K), 0.0035010 secs]
253340.021: [GC (Allocation Failure)  331474K->9938K(1074688K), 0.0039810 secs]
253340.435: [GC (Allocation Failure)  395986K->9938K(1063424K), 0.0033960 secs]
253340.814: [GC (Allocation Failure)  384722K->9938K(1052672K), 0.0033856 secs]
253341.184: [GC (Allocation Failure)  373970K->9938K(1042432K), 0.0036241 secs]
253341.542: [GC (Allocation Failure)  363730K->9938K(1032704K), 0.0036573 secs]
253341.914: [GC (Allocation Failure)  354002K->9906K(1101824K), 0.0049713 secs]
253342.334: [GC (Allocation Failure)  423090K->9938K(1089536K), 0.0032669 secs]
253342.740: [GC (Allocation Failure)  410834K->9938K(1077760K), 0.0039113 secs]
253343.137: [GC (Allocation Failure)  399058K->9938K(1066496K), 0.0037871 secs]
253343.563: [GC (Allocation Failure)  387794K->9970K(1142272K), 0.0051488 secs]
253344.031: [GC (Allocation Failure)  463602K->9938K(1127936K), 0.0033837 secs]
253344.477: [GC (Allocation Failure)  449234K->9938K(1114112K), 0.0033892 secs]
253344.943: [GC (Allocation Failure)  435410K->9938K(1101312K), 0.0035717 secs]
253345.360: [GC (Allocation Failure)  422610K->9938K(1089024K), 0.0037142 secs]
253345.766: [GC (Allocation Failure)  410322K->9906K(1077248K), 0.0034910 secs]
253346.161: [GC (Allocation Failure)  398514K->9906K(1065984K), 0.0032432 secs]
253346.559: [GC (Allocation Failure)  387250K->9906K(1055232K), 0.0034114 secs]
253346.934: [GC (Allocation Failure)  376498K->9938K(1044480K), 0.0031018 secs]
253347.299: [GC (Allocation Failure)  365778K->9906K(1034240K), 0.0038096 secs]
253347.652: [GC (Allocation Failure)  355506K->9938K(1024512K), 0.0035686 secs]
253347.995: [GC (Allocation Failure)  345810K->9906K(1015296K), 0.0040628 secs]
253348.329: [GC (Allocation Failure)  336562K->9938K(1006592K), 0.0035944 secs]
253348.659: [GC (Allocation Failure)  327890K->9938K(997888K), 0.0033456 secs]
253348.976: [GC (Allocation Failure)  319186K->9970K(1059840K), 0.0035641 secs]
253349.355: [GC (Allocation Failure)  381170K->9906K(1134080K), 0.0041304 secs]
253349.825: [GC (Allocation Failure)  455346K->9938K(1120256K), 0.0095793 secs]
253350.305: [GC (Allocation Failure)  441554K->9954K(1106944K), 0.0036748 secs]
253350.740: [GC (Allocation Failure)  428258K->9954K(1094144K), 0.0034289 secs]
253351.155: [GC (Allocation Failure)  415458K->9954K(1081856K), 0.0032247 secs]
253351.557: [GC (Allocation Failure)  403170K->9938K(1070080K), 0.0036333 secs]
253352.010: [GC (Allocation Failure)  391378K->10002K(1058816K), 0.0032236 secs]
253352.392: [GC (Allocation Failure)  380178K->9970K(1048064K), 0.0045723 secs]
253352.765: [GC (Allocation Failure)  369394K->9970K(1037824K), 0.0036449 secs]
253353.145: [GC (Allocation Failure)  359154K->9938K(1028096K), 0.0036979 secs]
253353.495: [GC (Allocation Failure)  349394K->9970K(1018880K), 0.0036143 secs]
253353.833: [GC (Allocation Failure)  340210K->9970K(1009664K), 0.0038657 secs]
253354.162: [GC (Allocation Failure)  330994K->10002K(1000960K), 0.0031648 secs]
253354.480: [GC (Allocation Failure)  322322K->9970K(992768K), 0.0033775 secs]
253354.791: [GC (Allocation Failure)  314098K->9970K(1053696K), 0.0039204 secs]
253355.167: [GC (Allocation Failure)  375026K->9970K(1126912K), 0.0036240 secs]
253355.634: [GC (Allocation Failure)  448242K->9970K(1113600K), 0.0040671 secs]
253356.075: [GC (Allocation Failure)  434930K->9970K(1100800K), 0.0033542 secs]
253356.497: [GC (Allocation Failure)  422130K->10002K(1088512K), 0.0037727 secs]
253356.904: [GC (Allocation Failure)  409874K->9970K(1076736K), 0.0043272 secs]
253357.314: [GC (Allocation Failure)  398066K->9970K(1065472K), 0.0036119 secs]
253357.726: [GC (Allocation Failure)  386802K->9970K(1054720K), 0.0031584 secs]
253358.098: [GC (Allocation Failure)  376050K->9970K(1044480K), 0.0032618 secs]
253358.460: [GC (Allocation Failure)  365810K->9938K(1034240K), 0.0042885 secs]
253358.812: [GC (Allocation Failure)  355538K->10002K(1103360K), 0.0054602 secs]
253359.243: [GC (Allocation Failure)  424722K->9970K(1091072K), 0.0031474 secs]
253359.653: [GC (Allocation Failure)  412402K->9938K(1079296K), 0.0040361 secs]
253360.051: [GC (Allocation Failure)  400594K->9970K(1068032K), 0.0030070 secs]
253360.437: [GC (Allocation Failure)  389362K->9938K(1056768K), 0.0036759 secs]
253360.846: [GC (Allocation Failure)  378066K->9970K(1046016K), 0.0033825 secs]
253361.209: [GC (Allocation Failure)  367346K->9938K(1035776K), 0.0035901 secs]
253361.563: [GC (Allocation Failure)  357074K->9970K(1026048K), 0.0033755 secs]
253361.905: [GC (Allocation Failure)  347378K->9938K(1016832K), 0.0039478 secs]
253362.254: [GC (Allocation Failure)  338130K->9970K(1008128K), 0.0032872 secs]
253362.581: [GC (Allocation Failure)  329458K->9938K(999424K), 0.0036889 secs]
253362.899: [GC (Allocation Failure)  320722K->9970K(1061888K), 0.0039837 secs]
253363.280: [GC (Allocation Failure)  383218K->9938K(1136640K), 0.0035419 secs]
253363.734: [GC (Allocation Failure)  457938K->9970K(1122816K), 0.0029655 secs]
253364.175: [GC (Allocation Failure)  444146K->10002K(1109504K), 0.0035756 secs]
253364.603: [GC (Allocation Failure)  430866K->9970K(1096704K), 0.0050345 secs]
253365.020: [GC (Allocation Failure)  418034K->9970K(1084416K), 0.0049230 secs]
253365.442: [GC (Allocation Failure)  405746K->9938K(1072640K), 0.0043174 secs]
253365.916: [GC (Allocation Failure)  393938K->9938K(1061376K), 0.0043709 secs]
253366.302: [GC (Allocation Failure)  382674K->10002K(1050624K), 0.0042867 secs]
253366.678: [GC (Allocation Failure)  371986K->9970K(1040384K), 0.0034712 secs]
253367.079: [GC (Allocation Failure)  361714K->9938K(1030656K), 0.0030945 secs]
253367.429: [GC (Allocation Failure)  351954K->9970K(1020928K), 0.0033901 secs]
253367.768: [GC (Allocation Failure)  342258K->10002K(1011712K), 0.0032497 secs]
253368.098: [GC (Allocation Failure)  333074K->10002K(1003008K), 0.0037878 secs]
253368.418: [GC (Allocation Failure)  324370K->9938K(994816K), 0.0033918 secs]
253368.732: [GC (Allocation Failure)  316114K->9938K(1056256K), 0.0035378 secs]
253369.109: [GC (Allocation Failure)  377554K->9938K(1045504K), 0.0031220 secs]
253369.481: [GC (Allocation Failure)  366802K->9938K(1035264K), 0.0034826 secs]
253369.835: [GC (Allocation Failure)  356562K->9970K(1025536K), 0.0032639 secs]
253370.178: [GC (Allocation Failure)  346866K->9938K(1016320K), 0.0036556 secs]
253370.512: [GC (Allocation Failure)  337618K->9938K(1007616K), 0.0027917 secs]
253370.878: [GC (Allocation Failure)  328914K->9938K(998912K), 0.0041512 secs]
253371.198: [GC (Allocation Failure)  320210K->10002K(990720K), 0.0035592 secs]
253371.507: [GC (Allocation Failure)  312082K->9970K(983040K), 0.0032597 secs]
253371.808: [GC (Allocation Failure)  304370K->9938K(1041920K), 0.0033444 secs]
253372.168: [GC (Allocation Failure)  363218K->9970K(1032192K), 0.0034154 secs]
253372.518: [GC (Allocation Failure)  353522K->9938K(1022464K), 0.0035133 secs]
253372.857: [GC (Allocation Failure)  343762K->9970K(1013248K), 0.0034957 secs]
253373.188: [GC (Allocation Failure)  334578K->9970K(1078272K), 0.0036907 secs]
253373.587: [GC (Allocation Failure)  399602K->9938K(1067008K), 0.0038293 secs]
253373.971: [GC (Allocation Failure)  388306K->9970K(1056256K), 0.0036976 secs]
253374.367: [GC (Allocation Failure)  377586K->9938K(1045504K), 0.0029867 secs]
253374.752: [GC (Allocation Failure)  366802K->9970K(1035264K), 0.0034656 secs]
253375.111: [GC (Allocation Failure)  356594K->10002K(1025536K), 0.0043178 secs]
253375.459: [GC (Allocation Failure)  346898K->9938K(1016320K), 0.0031581 secs]
253375.798: [GC (Allocation Failure)  337618K->9970K(1007616K), 0.0038021 secs]
253376.125: [GC (Allocation Failure)  328946K->9970K(998912K), 0.0035222 secs]
253376.440: [GC (Allocation Failure)  320242K->9970K(1061376K), 0.0034915 secs]
253376.820: [GC (Allocation Failure)  382706K->9970K(1050624K), 0.0035240 secs]
253377.189: [GC (Allocation Failure)  371954K->9938K(1040384K), 0.0038526 secs]
253377.546: [GC (Allocation Failure)  361682K->9970K(1030656K), 0.0032475 secs]
253377.901: [GC (Allocation Failure)  351986K->9970K(1099264K), 0.0043563 secs]
253378.317: [GC (Allocation Failure)  420594K->9970K(1086976K), 0.0033466 secs]
253378.722: [GC (Allocation Failure)  408306K->9938K(1075200K), 0.0033915 secs]
253379.115: [GC (Allocation Failure)  396498K->9970K(1063936K), 0.0033652 secs]
253379.521: [GC (Allocation Failure)  385266K->9970K(1053184K), 0.0038454 secs]
253379.894: [GC (Allocation Failure)  374514K->9938K(1042944K), 0.0032326 secs]
253380.254: [GC (Allocation Failure)  364242K->9938K(1032704K), 0.0035548 secs]
253380.605: [GC (Allocation Failure)  354002K->9970K(1022976K), 0.0035434 secs]
253380.946: [GC (Allocation Failure)  344306K->9970K(1013760K), 0.0035818 secs]
253381.307: [GC (Allocation Failure)  335090K->9938K(1005056K), 0.0038227 secs]
253381.630: [GC (Allocation Failure)  326354K->9970K(996352K), 0.0035087 secs]
253381.944: [GC (Allocation Failure)  317682K->9938K(1058304K), 0.0035941 secs]
253382.321: [GC (Allocation Failure)  379602K->9970K(1047552K), 0.0034660 secs]
253382.687: [GC (Allocation Failure)  368882K->9938K(1037312K), 0.0036815 secs]
253383.043: [GC (Allocation Failure)  358610K->9970K(1027584K), 0.0034962 secs]
253383.388: [GC (Allocation Failure)  348914K->9938K(1018368K), 0.0033224 secs]
253383.724: [GC (Allocation Failure)  339666K->9970K(1009152K), 0.0035678 secs]
253384.050: [GC (Allocation Failure)  330482K->9970K(1000448K), 0.0031517 secs]
253384.373: [GC (Allocation Failure)  321778K->10002K(992256K), 0.0031572 secs]
253384.682: [GC (Allocation Failure)  313618K->9938K(984064K), 0.0036114 secs]
253384.984: [GC (Allocation Failure)  305362K->10002K(1043456K), 0.0035659 secs]
253385.357: [GC (Allocation Failure)  364818K->9970K(1114624K), 0.0040317 secs]
253385.795: [GC (Allocation Failure)  435954K->10002K(1101824K), 0.0032117 secs]
253386.213: [GC (Allocation Failure)  423186K->9970K(1089536K), 0.0030503 secs]
253386.724: [GC (Allocation Failure)  410866K->9970K(1077760K), 0.0035001 secs]
253387.121: [GC (Allocation Failure)  399090K->9938K(1066496K), 0.0034925 secs]
253387.506: [GC (Allocation Failure)  387794K->9938K(1055744K), 0.0034209 secs]
253387.879: [GC (Allocation Failure)  377042K->10002K(1044992K), 0.0033742 secs]
253388.240: [GC (Allocation Failure)  366354K->10002K(1034752K), 0.0034622 secs]
253388.612: [GC (Allocation Failure)  356114K->9938K(1025024K), 0.0035991 secs]
253388.955: [GC (Allocation Failure)  346322K->10034K(1015808K), 0.0033657 secs]
253389.306: [GC (Allocation Failure)  337202K->10002K(1007104K), 0.0031163 secs]
253389.653: [GC (Allocation Failure)  328466K->9938K(998400K), 0.0031460 secs]
253389.969: [GC (Allocation Failure)  319698K->9938K(990208K), 0.0034338 secs]
253390.276: [GC (Allocation Failure)  311506K->9970K(982528K), 0.0031743 secs]
253390.574: [GC (Allocation Failure)  303858K->9970K(974848K), 0.0032263 secs]
253390.866: [GC (Allocation Failure)  296178K->9970K(967680K), 0.0031723 secs]
253391.150: [GC (Allocation Failure)  289010K->10002K(1023488K), 0.0034238 secs]
253391.490: [GC (Allocation Failure)  344850K->9970K(1014272K), 0.0027492 secs]
253391.906: [GC (Allocation Failure)  335602K->9970K(1005568K), 0.0038989 secs]
253392.232: [GC (Allocation Failure)  326898K->9970K(996864K), 0.0036012 secs]
253392.548: [GC (Allocation Failure)  318194K->9970K(1058816K), 0.0036841 secs]
253392.924: [GC (Allocation Failure)  380146K->9938K(1133056K), 0.0037891 secs]
253393.398: [GC (Allocation Failure)  454354K->9970K(1119232K), 0.0033144 secs]
253393.834: [GC (Allocation Failure)  440562K->10002K(1105920K), 0.0036053 secs]
253394.261: [GC (Allocation Failure)  427282K->9970K(1093120K), 0.0036361 secs]
253394.673: [GC (Allocation Failure)  414450K->9938K(1080832K), 0.0045869 secs]
253395.076: [GC (Allocation Failure)  402130K->9938K(1069056K), 0.0033129 secs]
253395.464: [GC (Allocation Failure)  390354K->9970K(1057792K), 0.0033848 secs]
253395.839: [GC (Allocation Failure)  379122K->9970K(1047040K), 0.0033582 secs]
253396.203: [GC (Allocation Failure)  368370K->9938K(1036800K), 0.0035250 secs]
253396.558: [GC (Allocation Failure)  358098K->9970K(1027072K), 0.0030747 secs]
253396.936: [GC (Allocation Failure)  348402K->9938K(1017856K), 0.0033618 secs]
253397.272: [GC (Allocation Failure)  339154K->9970K(1008640K), 0.0034682 secs]
253397.598: [GC (Allocation Failure)  329970K->9962K(999936K), 0.0036644 secs]
253397.921: [GC (Allocation Failure)  321258K->9994K(991744K), 0.0033924 secs]
253398.236: [GC (Allocation Failure)  313098K->9962K(984064K), 0.0034423 secs]
253398.542: [GC (Allocation Failure)  305386K->9994K(1043456K), 0.0040342 secs]
253398.906: [GC (Allocation Failure)  364810K->10026K(1114624K), 0.0032296 secs]
253399.345: [GC (Allocation Failure)  436010K->9994K(1101824K), 0.0038373 secs]
253399.769: [GC (Allocation Failure)  423178K->9994K(1184768K), 0.0048771 secs]
253400.299: [GC (Allocation Failure)  506122K->9930K(1168896K), 0.0033950 secs]
253400.789: [GC (Allocation Failure)  490186K->9962K(1153536K), 0.0034430 secs]
253401.266: [GC (Allocation Failure)  474858K->9962K(1138688K), 0.0032767 secs]
253401.743: [GC (Allocation Failure)  460010K->9994K(1124864K), 0.0034207 secs]
253402.249: [GC (Allocation Failure)  446218K->9994K(1111552K), 0.0032498 secs]
253402.683: [GC (Allocation Failure)  432906K->9994K(1098752K), 0.0034021 secs]
253403.099: [GC (Allocation Failure)  420106K->9994K(1086464K), 0.0037518 secs]
253403.551: [GC (Allocation Failure)  407818K->9962K(1074688K), 0.0037103 secs]
253403.944: [GC (Allocation Failure)  396010K->9994K(1063424K), 0.0035810 secs]
253404.326: [GC (Allocation Failure)  384778K->9994K(1052672K), 0.0037971 secs]
253404.697: [GC (Allocation Failure)  374026K->9994K(1042432K), 0.0036521 secs]
253405.059: [GC (Allocation Failure)  363786K->9994K(1032704K), 0.0034829 secs]
253405.411: [GC (Allocation Failure)  354058K->9994K(1022976K), 0.0035047 secs]
253405.753: [GC (Allocation Failure)  344330K->9962K(1013760K), 0.0034198 secs]
253406.086: [GC (Allocation Failure)  335082K->9994K(1005056K), 0.0035398 secs]
253406.409: [GC (Allocation Failure)  326410K->9962K(996352K), 0.0033476 secs]
253406.723: [GC (Allocation Failure)  317674K->9994K(1058304K), 0.0036933 secs]
253407.102: [GC (Allocation Failure)  379658K->9994K(1132544K), 0.0040294 secs]
253407.559: [GC (Allocation Failure)  453898K->9994K(1118720K), 0.0033454 secs]
253408.071: [GC (Allocation Failure)  440074K->9994K(1105408K), 0.0032215 secs]
253408.494: [GC (Allocation Failure)  426762K->10026K(1092608K), 0.0031805 secs]
253408.909: [GC (Allocation Failure)  413994K->9962K(1080320K), 0.0035517 secs]
253409.310: [GC (Allocation Failure)  401642K->9962K(1068544K), 0.0040156 secs]
253409.706: [GC (Allocation Failure)  389866K->9994K(1057280K), 0.0052982 secs]
253410.090: [GC (Allocation Failure)  378634K->9962K(1046528K), 0.0036973 secs]
253410.458: [GC (Allocation Failure)  367850K->9962K(1118208K), 0.0044762 secs]
253410.898: [GC (Allocation Failure)  439530K->9994K(1204224K), 0.0045269 secs]
253411.446: [GC (Allocation Failure)  525578K->9962K(1187328K), 0.0038676 secs]
253411.956: [GC (Allocation Failure)  508650K->9994K(1170944K), 0.0039950 secs]
253412.446: [GC (Allocation Failure)  492298K->9994K(1155584K), 0.0034575 secs]
253412.953: [GC (Allocation Failure)  476938K->9994K(1140736K), 0.0032189 secs]
253413.424: [GC (Allocation Failure)  462090K->9994K(1126400K), 0.0035348 secs]
253413.874: [GC (Allocation Failure)  447754K->9994K(1113088K), 0.0034260 secs]
253414.312: [GC (Allocation Failure)  434442K->9994K(1100288K), 0.0034911 secs]
253414.735: [GC (Allocation Failure)  421642K->9994K(1088000K), 0.0035656 secs]
253415.143: [GC (Allocation Failure)  409354K->9994K(1076224K), 0.0039193 secs]
253415.543: [GC (Allocation Failure)  397578K->9994K(1064960K), 0.0036029 secs]
253415.925: [GC (Allocation Failure)  386314K->9994K(1054208K), 0.0039907 secs]
253416.302: [GC (Allocation Failure)  375562K->9994K(1043968K), 0.0042544 secs]
253416.693: [GC (Allocation Failure)  365322K->9962K(1115136K), 0.0052756 secs]
253417.129: [GC (Allocation Failure)  436458K->9962K(1102336K), 0.0034989 secs]
253417.552: [GC (Allocation Failure)  423658K->10026K(1090048K), 0.0041630 secs]
253417.966: [GC (Allocation Failure)  411434K->9994K(1078272K), 0.0034132 secs]
253418.364: [GC (Allocation Failure)  399626K->9962K(1067008K), 0.0035786 secs]
253418.774: [GC (Allocation Failure)  388330K->9962K(1056256K), 0.0035992 secs]
253419.150: [GC (Allocation Failure)  377578K->9962K(1045504K), 0.0036063 secs]
253419.517: [GC (Allocation Failure)  366826K->9994K(1035264K), 0.0033501 secs]
253419.870: [GC (Allocation Failure)  356618K->9962K(1025536K), 0.0047943 secs]
253420.221: [GC (Allocation Failure)  346858K->9962K(1016320K), 0.0030383 secs]
253420.559: [GC (Allocation Failure)  337642K->9994K(1007616K), 0.0036599 secs]
253420.886: [GC (Allocation Failure)  328970K->9962K(1071616K), 0.0042401 secs]
253421.277: [GC (Allocation Failure)  392938K->9994K(1148416K), 0.0043689 secs]
253421.749: [GC (Allocation Failure)  469770K->9994K(1240576K), 0.0041310 secs]
253422.321: [GC (Allocation Failure)  561930K->9962K(1222144K), 0.0035538 secs]
253422.862: [GC (Allocation Failure)  543466K->10026K(1204224K), 0.0039119 secs]
253423.392: [GC (Allocation Failure)  525610K->9962K(1187328K), 0.0036021 secs]
253423.899: [GC (Allocation Failure)  508650K->9962K(1170944K), 0.0042016 secs]
253424.393: [GC (Allocation Failure)  492266K->9994K(1155584K), 0.0038611 secs]
253424.866: [GC (Allocation Failure)  476938K->9962K(1140736K), 0.0030587 secs]
253425.383: [GC (Allocation Failure)  462058K->9994K(1126400K), 0.0041557 secs]
253425.828: [GC (Allocation Failure)  447754K->10026K(1113088K), 0.0032286 secs]
253426.259: [GC (Allocation Failure)  434474K->9962K(1100288K), 0.0034143 secs]
253426.677: [GC (Allocation Failure)  421610K->9994K(1088000K), 0.0037716 secs]
253427.086: [GC (Allocation Failure)  409354K->9994K(1076224K), 0.0052684 secs]
253427.482: [GC (Allocation Failure)  397578K->9962K(1064960K), 0.0032170 secs]
253427.866: [GC (Allocation Failure)  386282K->9994K(1054208K), 0.0033956 secs]
253428.270: [GC (Allocation Failure)  375562K->9994K(1043968K), 0.0042762 secs]
253428.635: [GC (Allocation Failure)  365322K->9962K(1033728K), 0.0033456 secs]
253429.014: [GC (Allocation Failure)  355050K->9962K(1024000K), 0.0033247 secs]
253429.372: [GC (Allocation Failure)  345322K->9962K(1014784K), 0.0029141 secs]
253429.723: [GC (Allocation Failure)  336106K->9962K(1006080K), 0.0031964 secs]
253430.061: [GC (Allocation Failure)  327402K->9994K(997376K), 0.0036733 secs]
253430.392: [GC (Allocation Failure)  318730K->10026K(1059328K), 0.0045935 secs]
253430.804: [GC (Allocation Failure)  380714K->9994K(1048576K), 0.0030685 secs]
253431.190: [GC (Allocation Failure)  369930K->9994K(1038336K), 0.0032983 secs]
253431.544: [GC (Allocation Failure)  359690K->9994K(1028608K), 0.0033778 secs]
253431.890: [GC (Allocation Failure)  349962K->9994K(1019392K), 0.0029678 secs]
253432.226: [GC (Allocation Failure)  340746K->9994K(1010176K), 0.0035531 secs]
253432.558: [GC (Allocation Failure)  331530K->9962K(1001472K), 0.0033396 secs]
253432.882: [GC (Allocation Failure)  322794K->9962K(993280K), 0.0032313 secs]
253433.208: [GC (Allocation Failure)  314602K->9962K(985088K), 0.0031302 secs]
253433.512: [GC (Allocation Failure)  306410K->9994K(977408K), 0.0034269 secs]
253433.806: [GC (Allocation Failure)  298762K->9994K(1035264K), 0.0035554 secs]
253434.163: [GC (Allocation Failure)  356618K->9994K(1025536K), 0.0033703 secs]
253434.521: [GC (Allocation Failure)  346890K->9962K(1016320K), 0.0036577 secs]
253434.856: [GC (Allocation Failure)  337642K->9962K(1007616K), 0.0035642 secs]
253435.182: [GC (Allocation Failure)  328938K->9994K(1071616K), 0.0039772 secs]
253435.572: [GC (Allocation Failure)  392970K->9994K(1060352K), 0.0031877 secs]
253435.968: [GC (Allocation Failure)  381706K->9994K(1049600K), 0.0035171 secs]
253436.336: [GC (Allocation Failure)  370954K->9994K(1039360K), 0.0039896 secs]
253436.699: [GC (Allocation Failure)  360714K->9994K(1029632K), 0.0037375 secs]
253437.045: [GC (Allocation Failure)  350986K->9994K(1020416K), 0.0035164 secs]
253437.392: [GC (Allocation Failure)  341770K->9962K(1086976K), 0.0043525 secs]
253437.802: [GC (Allocation Failure)  408298K->9994K(1075200K), 0.0034899 secs]
253438.210: [GC (Allocation Failure)  396554K->9994K(1063936K), 0.0036349 secs]
253438.627: [GC (Allocation Failure)  385290K->9962K(1053184K), 0.0047325 secs]
253438.997: [GC (Allocation Failure)  374506K->9994K(1042944K), 0.0033240 secs]
253439.358: [GC (Allocation Failure)  364298K->10026K(1032704K), 0.0027760 secs]
253439.712: [GC (Allocation Failure)  354090K->9994K(1022976K), 0.0041073 secs]
253440.062: [GC (Allocation Failure)  344330K->9994K(1013760K), 0.0033445 secs]
253440.438: [GC (Allocation Failure)  335114K->9994K(1005056K), 0.0032371 secs]
253440.760: [GC (Allocation Failure)  326410K->9962K(996352K), 0.0032438 secs]
253441.075: [GC (Allocation Failure)  317674K->9994K(1058304K), 0.0045927 secs]
253441.455: [GC (Allocation Failure)  379658K->9994K(1132544K), 0.0035606 secs]
253441.904: [GC (Allocation Failure)  453898K->9962K(1118720K), 0.0035553 secs]
253442.345: [GC (Allocation Failure)  440042K->9994K(1105408K), 0.0032070 secs]
253442.772: [GC (Allocation Failure)  426762K->9962K(1092608K), 0.0036040 secs]
253443.183: [GC (Allocation Failure)  413930K->9994K(1080320K), 0.0036330 secs]
253443.585: [GC (Allocation Failure)  401674K->9930K(1068544K), 0.0038435 secs]
253443.996: [GC (Allocation Failure)  389834K->9994K(1057280K), 0.0035451 secs]
253444.378: [GC (Allocation Failure)  378634K->9994K(1046528K), 0.0038521 secs]
253444.746: [GC (Allocation Failure)  367882K->9994K(1036288K), 0.0033114 secs]
253445.099: [GC (Allocation Failure)  357642K->10026K(1026560K), 0.0032384 secs]
253445.441: [GC (Allocation Failure)  347946K->9962K(1017344K), 0.0033887 secs]
253445.776: [GC (Allocation Failure)  338666K->9994K(1008640K), 0.0034008 secs]
253446.108: [GC (Allocation Failure)  329994K->10026K(999936K), 0.0031028 secs]
253446.423: [GC (Allocation Failure)  321322K->9962K(991744K), 0.0031516 secs]
253446.730: [GC (Allocation Failure)  313066K->9962K(984064K), 0.0034702 secs]
253447.032: [GC (Allocation Failure)  305386K->9994K(976384K), 0.0034389 secs]
253447.326: [GC (Allocation Failure)  297738K->9962K(1034240K), 0.0036216 secs]
253447.678: [GC (Allocation Failure)  355562K->9962K(1103360K), 0.0035108 secs]
253448.099: [GC (Allocation Failure)  424682K->9962K(1091072K), 0.0032435 secs]
253448.505: [GC (Allocation Failure)  412394K->9994K(1079296K), 0.0032539 secs]
253448.903: [GC (Allocation Failure)  400650K->9994K(1068032K), 0.0036639 secs]
253449.314: [GC (Allocation Failure)  389386K->9962K(1056768K), 0.0028610 secs]
253449.689: [GC (Allocation Failure)  378090K->9962K(1046016K), 0.0036340 secs]
253450.054: [GC (Allocation Failure)  367338K->9962K(1035776K), 0.0032235 secs]
253450.411: [GC (Allocation Failure)  357098K->9962K(1026048K), 0.0032575 secs]
253450.753: [GC (Allocation Failure)  347370K->9994K(1016832K), 0.0035848 secs]
253451.087: [GC (Allocation Failure)  338186K->9994K(1008128K), 0.0032835 secs]
253451.410: [GC (Allocation Failure)  329482K->9962K(999424K), 0.0037970 secs]
253451.726: [GC (Allocation Failure)  320746K->9962K(1061888K), 0.0036218 secs]
253452.103: [GC (Allocation Failure)  383210K->9994K(1136640K), 0.0045524 secs]
253452.564: [GC (Allocation Failure)  457994K->9994K(1122816K), 0.0033016 secs]
253453.004: [GC (Allocation Failure)  444170K->9994K(1109504K), 0.0036407 secs]
253453.431: [GC (Allocation Failure)  430858K->9994K(1096704K), 0.0032240 secs]
253453.845: [GC (Allocation Failure)  418058K->9986K(1084416K), 0.0035383 secs]
253454.249: [GC (Allocation Failure)  405762K->10018K(1072640K), 0.0036448 secs]
253454.710: [GC (Allocation Failure)  394018K->10018K(1061376K), 0.0039894 secs]
253455.089: [GC (Allocation Failure)  382754K->10018K(1050624K), 0.0032676 secs]
253455.457: [GC (Allocation Failure)  372002K->10018K(1040384K), 0.0035104 secs]
253455.848: [GC (Allocation Failure)  361762K->9986K(1030656K), 0.0035785 secs]
253456.196: [GC (Allocation Failure)  352002K->10018K(1020928K), 0.0033754 secs]
253456.534: [GC (Allocation Failure)  342306K->10050K(1011712K), 0.0031242 secs]
253456.864: [GC (Allocation Failure)  333122K->9986K(1003008K), 0.0035053 secs]
253457.183: [GC (Allocation Failure)  324354K->10018K(994816K), 0.0032138 secs]
253457.508: [GC (Allocation Failure)  316194K->10018K(986624K), 0.0030985 secs]
253457.812: [GC (Allocation Failure)  308002K->10018K(978944K), 0.0030784 secs]
253458.113: [GC (Allocation Failure)  300322K->10018K(971264K), 0.0034946 secs]
253458.403: [GC (Allocation Failure)  292642K->10018K(1028096K), 0.0033438 secs]
253458.748: [GC (Allocation Failure)  349474K->10018K(1018880K), 0.0032970 secs]
253459.083: [GC (Allocation Failure)  340258K->10018K(1009664K), 0.0031359 secs]
253459.410: [GC (Allocation Failure)  331042K->10018K(1000960K), 0.0031941 secs]
253459.745: [GC (Allocation Failure)  322338K->10018K(992768K), 0.0030786 secs]
253460.055: [GC (Allocation Failure)  314146K->10018K(984576K), 0.0031565 secs]
253460.356: [GC (Allocation Failure)  305954K->10018K(976896K), 0.0033008 secs]
253460.649: [GC (Allocation Failure)  298274K->10018K(1034752K), 0.0037955 secs]
253461.002: [GC (Allocation Failure)  356130K->10018K(1104384K), 0.0035750 secs]
253461.442: [GC (Allocation Failure)  425762K->9986K(1091584K), 0.0033861 secs]
253461.853: [GC (Allocation Failure)  412930K->10018K(1079808K), 0.0036747 secs]
253462.266: [GC (Allocation Failure)  401186K->9986K(1068032K), 0.0039292 secs]
253462.656: [GC (Allocation Failure)  389378K->10018K(1056768K), 0.0039570 secs]
253463.035: [GC (Allocation Failure)  378146K->9986K(1046016K), 0.0034456 secs]
253463.407: [GC (Allocation Failure)  367362K->9986K(1035776K), 0.0035377 secs]
253463.761: [GC (Allocation Failure)  357122K->10018K(1026048K), 0.0032488 secs]
253464.106: [GC (Allocation Failure)  347426K->10018K(1016832K), 0.0043026 secs]
253464.447: [GC (Allocation Failure)  338210K->10018K(1008128K), 0.0028739 secs]
253464.816: [GC (Allocation Failure)  329506K->10050K(999424K), 0.0037810 secs]
253465.137: [GC (Allocation Failure)  320834K->10018K(991232K), 0.0032386 secs]
253465.455: [GC (Allocation Failure)  312610K->10018K(1052160K), 0.0039343 secs]
253465.827: [GC (Allocation Failure)  373538K->10018K(1041920K), 0.0035321 secs]
253466.195: [GC (Allocation Failure)  363298K->9986K(1112576K), 0.0040422 secs]
253466.628: [GC (Allocation Failure)  433922K->9986K(1099776K), 0.0037680 secs]
253467.077: [GC (Allocation Failure)  421122K->9986K(1087488K), 0.0038126 secs]
253467.483: [GC (Allocation Failure)  408834K->10018K(1075712K), 0.0028644 secs]
253467.901: [GC (Allocation Failure)  397090K->10018K(1064448K), 0.0028168 secs]
253468.284: [GC (Allocation Failure)  385826K->10018K(1053696K), 0.0038335 secs]
253468.655: [GC (Allocation Failure)  375074K->10018K(1043456K), 0.0033988 secs]
253469.017: [GC (Allocation Failure)  364834K->9986K(1033216K), 0.0039743 secs]
253469.371: [GC (Allocation Failure)  354562K->9986K(1023488K), 0.0039300 secs]
253469.716: [GC (Allocation Failure)  344834K->10018K(1014272K), 0.0040247 secs]
253470.064: [GC (Allocation Failure)  335650K->10018K(1079808K), 0.0040222 secs]
253470.466: [GC (Allocation Failure)  401186K->9986K(1068032K), 0.0036563 secs]
253470.852: [GC (Allocation Failure)  389378K->9986K(1056768K), 0.0034947 secs]
253471.229: [GC (Allocation Failure)  378114K->9986K(1046016K), 0.0038474 secs]
253471.594: [GC (Allocation Failure)  367362K->9986K(1035776K), 0.0036294 secs]
253471.948: [GC (Allocation Failure)  357122K->9986K(1026048K), 0.0039528 secs]
253472.297: [GC (Allocation Failure)  347394K->10050K(1016832K), 0.0031688 secs]
253472.634: [GC (Allocation Failure)  338242K->10018K(1008128K), 0.0038439 secs]
253472.992: [GC (Allocation Failure)  329506K->10018K(1072128K), 0.0039407 secs]
253473.383: [GC (Allocation Failure)  393506K->9986K(1148928K), 0.0039710 secs]
253473.873: [GC (Allocation Failure)  470274K->9986K(1134592K), 0.0042705 secs]
253474.333: [GC (Allocation Failure)  455938K->10050K(1120768K), 0.0039434 secs]
253474.775: [GC (Allocation Failure)  442178K->10050K(1107456K), 0.0034130 secs]
253475.226: [GC (Allocation Failure)  428866K->9986K(1094656K), 0.0041910 secs]
253475.641: [GC (Allocation Failure)  416002K->9986K(1082368K), 0.0040849 secs]
253476.044: [GC (Allocation Failure)  403714K->9986K(1070592K), 0.0035591 secs]
253476.473: [GC (Allocation Failure)  391938K->10050K(1059328K), 0.0026254 secs]
253476.861: [GC (Allocation Failure)  380738K->10050K(1048576K), 0.0032040 secs]
253477.254: [GC (Allocation Failure)  369986K->9986K(1038336K), 0.0034439 secs]
253477.610: [GC (Allocation Failure)  359682K->10018K(1028608K), 0.0028307 secs]
253477.956: [GC (Allocation Failure)  349986K->10018K(1019392K), 0.0032773 secs]
253478.293: [GC (Allocation Failure)  340770K->9954K(1010176K), 0.0036792 secs]
253478.638: [GC (Allocation Failure)  331490K->9986K(1001472K), 0.0034250 secs]
253478.958: [GC (Allocation Failure)  322818K->9986K(993280K), 0.0033318 secs]
253479.270: [GC (Allocation Failure)  314626K->9986K(985088K), 0.0033083 secs]
253479.574: [GC (Allocation Failure)  306434K->9986K(977408K), 0.0034990 secs]
253479.878: [GC (Allocation Failure)  298754K->10018K(970240K), 0.0031138 secs]
253480.198: [GC (Allocation Failure)  291618K->9986K(1026560K), 0.0037724 secs]
253480.561: [GC (Allocation Failure)  347906K->9986K(1017344K), 0.0032765 secs]
253480.896: [GC (Allocation Failure)  338690K->10018K(1008640K), 0.0033712 secs]
253481.242: [GC (Allocation Failure)  330018K->10018K(999936K), 0.0030814 secs]
253481.575: [GC (Allocation Failure)  321314K->10050K(991744K), 0.0036838 secs]
253481.899: [GC (Allocation Failure)  313154K->10018K(1052672K), 0.0034786 secs]
253482.289: [GC (Allocation Failure)  374050K->10018K(1042432K), 0.0033202 secs]
253482.671: [GC (Allocation Failure)  363810K->9986K(1032704K), 0.0036288 secs]
253483.042: [GC (Allocation Failure)  354050K->10018K(1022976K), 0.0031231 secs]
253483.399: [GC (Allocation Failure)  344354K->9986K(1013760K), 0.0032588 secs]
253483.753: [GC (Allocation Failure)  335106K->10018K(1005056K), 0.0036008 secs]
253484.089: [GC (Allocation Failure)  326434K->10018K(996352K), 0.0031439 secs]
253484.417: [GC (Allocation Failure)  317730K->9986K(988160K), 0.0033381 secs]
253484.741: [GC (Allocation Failure)  309506K->10018K(980480K), 0.0024429 secs]
253485.052: [GC (Allocation Failure)  301858K->9986K(972800K), 0.0038377 secs]
253485.433: [GC (Allocation Failure)  294146K->10018K(965632K), 0.0035389 secs]
253485.729: [GC (Allocation Failure)  287010K->10050K(1021440K), 0.0038550 secs]
253486.086: [GC (Allocation Failure)  342850K->9986K(1012224K), 0.0032365 secs]
253486.431: [GC (Allocation Failure)  333570K->10018K(1003520K), 0.0033366 secs]
253486.773: [GC (Allocation Failure)  324898K->10050K(995328K), 0.0030964 secs]
253487.103: [GC (Allocation Failure)  316738K->10018K(987136K), 0.0030778 secs]
253487.443: [GC (Allocation Failure)  308514K->9986K(979456K), 0.0029520 secs]
253487.753: [GC (Allocation Failure)  300802K->10018K(1037824K), 0.0041544 secs]
253488.127: [GC (Allocation Failure)  359202K->10018K(1028096K), 0.0031236 secs]
253488.489: [GC (Allocation Failure)  349474K->10018K(1018880K), 0.0035974 secs]
253488.844: [GC (Allocation Failure)  340258K->10018K(1009664K), 0.0034660 secs]
253489.191: [GC (Allocation Failure)  331042K->10018K(1000960K), 0.0033668 secs]
253489.542: [GC (Allocation Failure)  322338K->10050K(1063424K), 0.0042362 secs]
253489.947: [GC (Allocation Failure)  384834K->10018K(1138688K), 0.0044157 secs]
253490.426: [GC (Allocation Failure)  460066K->10018K(1124864K), 0.0034163 secs]
253490.981: [GC (Allocation Failure)  446242K->10018K(1111552K), 0.0037644 secs]
253491.436: [GC (Allocation Failure)  432930K->9986K(1098752K), 0.0044810 secs]
253491.883: [GC (Allocation Failure)  420098K->10018K(1086464K), 0.0029564 secs]
253492.305: [GC (Allocation Failure)  407842K->10050K(1074688K), 0.0041272 secs]
253492.732: [GC (Allocation Failure)  396098K->10050K(1063424K), 0.0034934 secs]
253493.133: [GC (Allocation Failure)  384834K->10018K(1052672K), 0.0033464 secs]
253493.524: [GC (Allocation Failure)  374050K->9986K(1042432K), 0.0035045 secs]
253493.900: [GC (Allocation Failure)  363778K->9986K(1032704K), 0.0039140 secs]
253494.266: [GC (Allocation Failure)  354050K->10018K(1022976K), 0.0029297 secs]
253494.627: [GC (Allocation Failure)  344354K->10018K(1013760K), 0.0043661 secs]
253494.974: [GC (Allocation Failure)  335138K->9986K(1005056K), 0.0037167 secs]
253495.316: [GC (Allocation Failure)  326402K->9986K(1068544K), 0.0041172 secs]
253495.725: [GC (Allocation Failure)  389890K->10018K(1144832K), 0.0039758 secs]
253496.254: [GC (Allocation Failure)  466210K->10050K(1130496K), 0.0037019 secs]
253496.726: [GC (Allocation Failure)  451906K->9986K(1116672K), 0.0035533 secs]
253497.184: [GC (Allocation Failure)  438018K->9986K(1103360K), 0.0034757 secs]
253497.674: [GC (Allocation Failure)  424706K->10050K(1091072K), 0.0035223 secs]
253498.107: [GC (Allocation Failure)  412482K->10018K(1079296K), 0.0029625 secs]
253498.534: [GC (Allocation Failure)  400674K->10018K(1068032K), 0.0037841 secs]
253498.939: [GC (Allocation Failure)  389410K->10018K(1056768K), 0.0034979 secs]
253499.330: [GC (Allocation Failure)  378146K->10050K(1046016K), 0.0031875 secs]
253499.708: [GC (Allocation Failure)  367426K->10018K(1035776K), 0.0042692 secs]
253500.085: [GC (Allocation Failure)  357154K->10050K(1026048K), 0.0032925 secs]
253500.524: [GC (Allocation Failure)  347458K->10050K(1016832K), 0.0034864 secs]
253500.872: [GC (Allocation Failure)  338242K->10018K(1008128K), 0.0031963 secs]
253501.215: [GC (Allocation Failure)  329506K->10018K(999424K), 0.0039723 secs]
253501.549: [GC (Allocation Failure)  320802K->9986K(991232K), 0.0032235 secs]
253501.958: [GC (Allocation Failure)  312578K->10018K(983552K), 0.0041814 secs]
253502.275: [GC (Allocation Failure)  304930K->10018K(975872K), 0.0033639 secs]
253502.582: [GC (Allocation Failure)  297250K->9986K(968704K), 0.0031351 secs]
253502.880: [GC (Allocation Failure)  290050K->9986K(1025024K), 0.0035528 secs]
253503.239: [GC (Allocation Failure)  346370K->9986K(1092608K), 0.0040541 secs]
253503.669: [GC (Allocation Failure)  413954K->9986K(1080320K), 0.0036266 secs]
253504.086: [GC (Allocation Failure)  401666K->9986K(1068544K), 0.0042624 secs]
253504.499: [GC (Allocation Failure)  389890K->9986K(1057280K), 0.0035894 secs]
253504.912: [GC (Allocation Failure)  378626K->9986K(1046528K), 0.0042670 secs]
253505.295: [GC (Allocation Failure)  367874K->10018K(1036288K), 0.0038737 secs]
253505.675: [GC (Allocation Failure)  357666K->10018K(1026560K), 0.0035254 secs]
253506.033: [GC (Allocation Failure)  347938K->9986K(1017344K), 0.0035051 secs]
253506.415: [GC (Allocation Failure)  338690K->9986K(1008640K), 0.0041045 secs]
253506.759: [GC (Allocation Failure)  329986K->10050K(1072640K), 0.0039809 secs]
253507.247: [GC (Allocation Failure)  394050K->10050K(1061376K), 0.0040037 secs]
253507.644: [GC (Allocation Failure)  382786K->10050K(1050624K), 0.0035628 secs]
253508.028: [GC (Allocation Failure)  372034K->9986K(1040384K), 0.0037379 secs]
253508.406: [GC (Allocation Failure)  361730K->10018K(1030656K), 0.0029798 secs]
253508.771: [GC (Allocation Failure)  352034K->10018K(1020928K), 0.0036891 secs]
253509.125: [GC (Allocation Failure)  342306K->10018K(1087488K), 0.0045040 secs]
253509.553: [GC (Allocation Failure)  408866K->9986K(1075712K), 0.0039210 secs]
253509.963: [GC (Allocation Failure)  397058K->9986K(1064448K), 0.0036994 secs]
253510.365: [GC (Allocation Failure)  385794K->9986K(1053696K), 0.0035252 secs]
253510.755: [GC (Allocation Failure)  375042K->9986K(1043456K), 0.0032614 secs]
253511.131: [GC (Allocation Failure)  364802K->10018K(1033216K), 0.0028201 secs]
253511.499: [GC (Allocation Failure)  354594K->10018K(1023488K), 0.0030709 secs]
253511.856: [GC (Allocation Failure)  344866K->10018K(1014272K), 0.0032851 secs]
253512.202: [GC (Allocation Failure)  335650K->9986K(1005568K), 0.0036891 secs]
253512.539: [GC (Allocation Failure)  326914K->10018K(996864K), 0.0042983 secs]
253512.868: [GC (Allocation Failure)  318242K->10018K(988672K), 0.0024773 secs]
253513.219: [GC (Allocation Failure)  310050K->10050K(980992K), 0.0027926 secs]
253513.528: [GC (Allocation Failure)  302402K->10018K(973312K), 0.0028344 secs]
253513.830: [GC (Allocation Failure)  294690K->10050K(966144K), 0.0036523 secs]
253514.126: [GC (Allocation Failure)  287554K->10050K(958976K), 0.0032279 secs]
253514.414: [GC (Allocation Failure)  280386K->9986K(952320K), 0.0029089 secs]
253514.693: [GC (Allocation Failure)  273666K->10018K(1005056K), 0.0031907 secs]
253515.031: [GC (Allocation Failure)  326434K->9986K(1068544K), 0.0045521 secs]
253515.449: [GC (Allocation Failure)  389890K->9986K(1144832K), 0.0038250 secs]
253515.934: [GC (Allocation Failure)  466178K->10018K(1130496K), 0.0034260 secs]
253516.473: [GC (Allocation Failure)  451874K->10026K(1116672K), 0.0038991 secs]
253516.963: [GC (Allocation Failure)  438058K->10058K(1103360K), 0.0036754 secs]
253517.403: [GC (Allocation Failure)  424778K->10058K(1091072K), 0.0032064 secs]
253517.829: [GC (Allocation Failure)  412490K->9994K(1079296K), 0.0034536 secs]
253518.244: [GC (Allocation Failure)  400650K->10058K(1068032K), 0.0031941 secs]
253518.648: [GC (Allocation Failure)  389450K->10026K(1056768K), 0.0037493 secs]
253519.041: [GC (Allocation Failure)  378154K->10026K(1046016K), 0.0030955 secs]
253519.422: [GC (Allocation Failure)  367402K->9994K(1035776K), 0.0032061 secs]
253519.792: [GC (Allocation Failure)  357130K->10026K(1026048K), 0.0032095 secs]
253520.152: [GC (Allocation Failure)  347434K->10058K(1016832K), 0.0032615 secs]
253520.505: [GC (Allocation Failure)  338250K->10026K(1008128K), 0.0036965 secs]
253520.870: [GC (Allocation Failure)  329514K->9994K(999424K), 0.0033700 secs]
253521.202: [GC (Allocation Failure)  320778K->10058K(991232K), 0.0034407 secs]
253521.524: [GC (Allocation Failure)  312650K->10026K(983552K), 0.0029984 secs]
253521.875: [GC (Allocation Failure)  304938K->9994K(975872K), 0.0035869 secs]
253522.182: [GC (Allocation Failure)  297226K->10026K(968704K), 0.0032232 secs]
253522.481: [GC (Allocation Failure)  290090K->9994K(1025024K), 0.0039346 secs]
253522.844: [GC (Allocation Failure)  346378K->10026K(1015808K), 0.0032761 secs]
253523.193: [GC (Allocation Failure)  337194K->9994K(1007104K), 0.0034443 secs]
253523.535: [GC (Allocation Failure)  328458K->9994K(1071104K), 0.0037632 secs]
253523.949: [GC (Allocation Failure)  392458K->9994K(1059840K), 0.0034775 secs]
253524.349: [GC (Allocation Failure)  381194K->10026K(1049088K), 0.0033000 secs]
253524.735: [GC (Allocation Failure)  370474K->9994K(1038848K), 0.0034371 secs]
253525.109: [GC (Allocation Failure)  360202K->10026K(1029120K), 0.0032420 secs]
253525.474: [GC (Allocation Failure)  350506K->10026K(1019904K), 0.0030460 secs]
253525.859: [GC (Allocation Failure)  341290K->10058K(1010688K), 0.0032961 secs]
253526.209: [GC (Allocation Failure)  332106K->10026K(1001984K), 0.0035495 secs]
253526.545: [GC (Allocation Failure)  323370K->9994K(993792K), 0.0029390 secs]
253526.905: [GC (Allocation Failure)  315146K->10026K(985600K), 0.0032037 secs]
253527.224: [GC (Allocation Failure)  306986K->9994K(977920K), 0.0037502 secs]
253527.537: [GC (Allocation Failure)  299274K->9994K(970752K), 0.0034222 secs]
253527.840: [GC (Allocation Failure)  292106K->9994K(1027584K), 0.0051979 secs]
253528.204: [GC (Allocation Failure)  348938K->10058K(1095680K), 0.0032684 secs]
253528.636: [GC (Allocation Failure)  417098K->10026K(1177088K), 0.0033736 secs]
253529.158: [GC (Allocation Failure)  498474K->10026K(1161216K), 0.0039669 secs]
253529.670: [GC (Allocation Failure)  482602K->9994K(1146368K), 0.0033811 secs]
253530.157: [GC (Allocation Failure)  467722K->10026K(1132032K), 0.0041927 secs]
253530.630: [GC (Allocation Failure)  453418K->10026K(1118208K), 0.0033140 secs]
253531.087: [GC (Allocation Failure)  439594K->9994K(1104896K), 0.0035162 secs]
253531.531: [GC (Allocation Failure)  426250K->9994K(1092096K), 0.0037249 secs]
253531.960: [GC (Allocation Failure)  413450K->10026K(1079808K), 0.0032236 secs]
253532.388: [GC (Allocation Failure)  401194K->9994K(1068032K), 0.0031787 secs]
253532.793: [GC (Allocation Failure)  389386K->9994K(1056768K), 0.0031615 secs]
253533.185: [GC (Allocation Failure)  378122K->10026K(1046016K), 0.0030766 secs]
253533.567: [GC (Allocation Failure)  367402K->10026K(1035776K), 0.0038294 secs]
253533.942: [GC (Allocation Failure)  357162K->10026K(1026048K), 0.0037796 secs]
253534.311: [GC (Allocation Failure)  347434K->9994K(1016832K), 0.0034229 secs]
253534.661: [GC (Allocation Failure)  338186K->10058K(1008128K), 0.0032211 secs]
253535.002: [GC (Allocation Failure)  329546K->10026K(999424K), 0.0033811 secs]
253535.339: [GC (Allocation Failure)  320810K->9994K(991232K), 0.0038069 secs]
253535.671: [GC (Allocation Failure)  312586K->9994K(983552K), 0.0032260 secs]
253535.986: [GC (Allocation Failure)  304906K->10026K(975872K), 0.0032324 secs]
253536.295: [GC (Allocation Failure)  297258K->10026K(968704K), 0.0031521 secs]
253536.594: [GC (Allocation Failure)  290090K->10026K(961536K), 0.0031144 secs]
253536.888: [GC (Allocation Failure)  282922K->9994K(1016320K), 0.0034722 secs]
253537.238: [GC (Allocation Failure)  337674K->9994K(1081856K), 0.0041034 secs]
253537.682: [GC (Allocation Failure)  403210K->10026K(1070080K), 0.0030456 secs]
253538.087: [GC (Allocation Failure)  391466K->10026K(1058816K), 0.0032761 secs]
253538.495: [GC (Allocation Failure)  380202K->10058K(1048064K), 0.0030896 secs]
253538.877: [GC (Allocation Failure)  369482K->10026K(1037824K), 0.0034193 secs]
253539.249: [GC (Allocation Failure)  359210K->9994K(1028096K), 0.0036035 secs]
253539.613: [GC (Allocation Failure)  349450K->10026K(1018880K), 0.0045389 secs]
253539.967: [GC (Allocation Failure)  340266K->10026K(1009664K), 0.0034512 secs]
253540.328: [GC (Allocation Failure)  331050K->10026K(1000960K), 0.0037141 secs]
253540.666: [GC (Allocation Failure)  322346K->10026K(992768K), 0.0033534 secs]
253540.991: [GC (Allocation Failure)  314154K->10026K(984576K), 0.0030048 secs]
253541.306: [GC (Allocation Failure)  305962K->10026K(976896K), 0.0029203 secs]
253541.613: [GC (Allocation Failure)  298282K->9994K(969728K), 0.0033250 secs]
253541.914: [GC (Allocation Failure)  291082K->10058K(962560K), 0.0030443 secs]
253542.205: [GC (Allocation Failure)  283978K->10026K(955904K), 0.0032064 secs]
253542.490: [GC (Allocation Failure)  277290K->10026K(949248K), 0.0028727 secs]
253542.811: [GC (Allocation Failure)  270634K->9994K(1001472K), 0.0034356 secs]
253543.145: [GC (Allocation Failure)  322826K->10026K(1064448K), 0.0037942 secs]
253543.547: [GC (Allocation Failure)  385834K->10026K(1053696K), 0.0031961 secs]
253543.932: [GC (Allocation Failure)  375082K->9994K(1043456K), 0.0036024 secs]
253544.314: [GC (Allocation Failure)  364810K->10026K(1033216K), 0.0038661 secs]
253544.680: [GC (Allocation Failure)  354602K->10026K(1102336K), 0.0057928 secs]
253545.131: [GC (Allocation Failure)  423722K->9994K(1185280K), 0.0041447 secs]
253545.660: [GC (Allocation Failure)  506634K->10058K(1169408K), 0.0035687 secs]
253546.169: [GC (Allocation Failure)  490826K->10026K(1154048K), 0.0037236 secs]
253546.687: [GC (Allocation Failure)  475434K->10026K(1139200K), 0.0033397 secs]
253547.167: [GC (Allocation Failure)  460586K->9994K(1125376K), 0.0035827 secs]
253547.632: [GC (Allocation Failure)  446730K->10026K(1112064K), 0.0033315 secs]
253548.110: [GC (Allocation Failure)  433450K->9994K(1099264K), 0.0032459 secs]
253548.546: [GC (Allocation Failure)  420618K->10058K(1086976K), 0.0029511 secs]
253548.970: [GC (Allocation Failure)  408394K->10026K(1075200K), 0.0032015 secs]
253549.380: [GC (Allocation Failure)  396586K->10026K(1063936K), 0.0028347 secs]
253549.779: [GC (Allocation Failure)  385322K->9994K(1053184K), 0.0028577 secs]
253550.167: [GC (Allocation Failure)  374538K->10026K(1042944K), 0.0033522 secs]
253550.543: [GC (Allocation Failure)  364330K->9994K(1032704K), 0.0036390 secs]
253550.912: [GC (Allocation Failure)  354058K->9994K(1022976K), 0.0033710 secs]
253551.268: [GC (Allocation Failure)  344330K->10026K(1013760K), 0.0041112 secs]
253551.619: [GC (Allocation Failure)  335146K->10026K(1005056K), 0.0031811 secs]
253551.957: [GC (Allocation Failure)  326442K->10026K(996352K), 0.0032712 secs]
253552.285: [GC (Allocation Failure)  317738K->9994K(988160K), 0.0033349 secs]
253552.624: [GC (Allocation Failure)  309514K->10026K(980480K), 0.0031175 secs]
253552.935: [GC (Allocation Failure)  301866K->9994K(1038848K), 0.0047250 secs]
253553.309: [GC (Allocation Failure)  360202K->10026K(1029120K), 0.0029333 secs]
253553.672: [GC (Allocation Failure)  350506K->10026K(1019904K), 0.0035429 secs]
253554.027: [GC (Allocation Failure)  341290K->10026K(1010688K), 0.0027967 secs]
253554.370: [GC (Allocation Failure)  332074K->10026K(1001984K), 0.0035605 secs]
253554.707: [GC (Allocation Failure)  323370K->10058K(993792K), 0.0030936 secs]
253555.037: [GC (Allocation Failure)  315210K->10026K(1055232K), 0.0049405 secs]
253555.433: [GC (Allocation Failure)  376618K->10026K(1128960K), 0.0033344 secs]
253555.907: [GC (Allocation Failure)  450346K->9994K(1115136K), 0.0037425 secs]
253556.361: [GC (Allocation Failure)  436490K->10026K(1102336K), 0.0031219 secs]
253556.823: [GC (Allocation Failure)  423722K->10026K(1090048K), 0.0039471 secs]
253557.250: [GC (Allocation Failure)  411434K->10026K(1078272K), 0.0031924 secs]
253557.683: [GC (Allocation Failure)  399658K->10026K(1067008K), 0.0035035 secs]
253558.103: [GC (Allocation Failure)  388394K->9994K(1056256K), 0.0029850 secs]
253558.526: [GC (Allocation Failure)  377610K->10026K(1045504K), 0.0031685 secs]
253558.906: [GC (Allocation Failure)  366890K->10026K(1035264K), 0.0036616 secs]
253559.282: [GC (Allocation Failure)  356650K->9994K(1025536K), 0.0035638 secs]
253559.642: [GC (Allocation Failure)  346890K->10058K(1016320K), 0.0030120 secs]
253560.004: [GC (Allocation Failure)  337738K->10026K(1007616K), 0.0033656 secs]
253560.343: [GC (Allocation Failure)  329002K->10026K(998912K), 0.0034848 secs]
253560.695: [GC (Allocation Failure)  320298K->9994K(990720K), 0.0030057 secs]
253561.015: [GC (Allocation Failure)  312074K->10026K(983040K), 0.0029166 secs]
253561.328: [GC (Allocation Failure)  304426K->9994K(975360K), 0.0036301 secs]
253561.632: [GC (Allocation Failure)  296714K->10026K(1032704K), 0.0037663 secs]
253562.000: [GC (Allocation Failure)  354090K->10026K(1022976K), 0.0029015 secs]
253562.355: [GC (Allocation Failure)  344362K->10026K(1013760K), 0.0031573 secs]
253562.700: [GC (Allocation Failure)  335146K->10026K(1005056K), 0.0032427 secs]
253563.037: [GC (Allocation Failure)  326442K->10026K(996352K), 0.0030771 secs]
253563.365: [GC (Allocation Failure)  317738K->9994K(988160K), 0.0027915 secs]
253563.720: [GC (Allocation Failure)  309514K->9994K(980480K), 0.0032021 secs]
253564.030: [GC (Allocation Failure)  301834K->10026K(972800K), 0.0027397 secs]
253564.332: [GC (Allocation Failure)  294186K->9994K(965632K), 0.0033250 secs]
253564.626: [GC (Allocation Failure)  286986K->10026K(958464K), 0.0030557 secs]
253564.914: [GC (Allocation Failure)  279850K->10026K(951808K), 0.0032468 secs]
253565.205: [GC (Allocation Failure)  273194K->9994K(1004544K), 0.0033018 secs]
253565.546: [GC (Allocation Failure)  325898K->10026K(1068032K), 0.0036167 secs]
253565.950: [GC (Allocation Failure)  389418K->9994K(1056768K), 0.0031614 secs]
253566.352: [GC (Allocation Failure)  378122K->10026K(1046016K), 0.0029561 secs]
253566.730: [GC (Allocation Failure)  367402K->10026K(1035776K), 0.0034472 secs]
253567.099: [GC (Allocation Failure)  357162K->9994K(1026048K), 0.0033213 secs]
253567.457: [GC (Allocation Failure)  347402K->10026K(1016832K), 0.0035280 secs]
253567.808: [GC (Allocation Failure)  338218K->10058K(1008128K), 0.0036452 secs]
253568.143: [GC (Allocation Failure)  329546K->10026K(999424K), 0.0036583 secs]
253568.471: [GC (Allocation Failure)  320810K->10026K(991232K), 0.0038512 secs]
253568.806: [GC (Allocation Failure)  312618K->9994K(983552K), 0.0030755 secs]
253569.109: [GC (Allocation Failure)  304906K->10026K(1042944K), 0.0035800 secs]
253569.484: [GC (Allocation Failure)  364330K->10026K(1032704K), 0.0035709 secs]
253569.840: [GC (Allocation Failure)  354090K->10026K(1022976K), 0.0035273 secs]
253570.181: [GC (Allocation Failure)  344362K->10026K(1090048K), 0.0045929 secs]
253570.600: [GC (Allocation Failure)  411434K->10026K(1170432K), 0.0038210 secs]
253571.093: [GC (Allocation Failure)  491818K->9994K(1155072K), 0.0032467 secs]
253571.568: [GC (Allocation Failure)  476426K->9994K(1140224K), 0.0031877 secs]
253572.026: [GC (Allocation Failure)  461578K->9994K(1125888K), 0.0038848 secs]
253572.471: [GC (Allocation Failure)  447242K->10058K(1112576K), 0.0030787 secs]
253572.899: [GC (Allocation Failure)  433994K->10026K(1099776K), 0.0037228 secs]
253573.316: [GC (Allocation Failure)  421162K->10026K(1087488K), 0.0032808 secs]
253573.721: [GC (Allocation Failure)  408874K->10026K(1075712K), 0.0033388 secs]
253574.162: [GC (Allocation Failure)  397098K->10026K(1064448K), 0.0037133 secs]
253574.544: [GC (Allocation Failure)  385834K->10026K(1053696K), 0.0034395 secs]
253574.919: [GC (Allocation Failure)  375082K->10090K(1043456K), 0.0036731 secs]
253575.281: [GC (Allocation Failure)  364906K->9994K(1033216K), 0.0036908 secs]
253575.703: [GC (Allocation Failure)  354570K->9994K(1023488K), 0.0033977 secs]
253576.045: [GC (Allocation Failure)  344842K->10026K(1014272K), 0.0033071 secs]
253576.377: [GC (Allocation Failure)  335658K->10058K(1005568K), 0.0028424 secs]
253576.703: [GC (Allocation Failure)  326986K->10026K(996864K), 0.0032077 secs]
253577.016: [GC (Allocation Failure)  318250K->9994K(988672K), 0.0032968 secs]
253577.320: [GC (Allocation Failure)  310026K->9994K(980992K), 0.0034071 secs]
253577.618: [GC (Allocation Failure)  302346K->9994K(973312K), 0.0034390 secs]
253577.911: [GC (Allocation Failure)  294666K->10026K(1030656K), 0.0033885 secs]
253578.258: [GC (Allocation Failure)  352042K->9994K(1020928K), 0.0033711 secs]
253578.600: [GC (Allocation Failure)  342282K->10058K(1087488K), 0.0035873 secs]
253579.010: [GC (Allocation Failure)  408906K->10018K(1075712K), 0.0034394 secs]
253579.405: [GC (Allocation Failure)  397090K->10050K(1064448K), 0.0035246 secs]
253579.787: [GC (Allocation Failure)  385858K->10018K(1053696K), 0.0034590 secs]
253580.162: [GC (Allocation Failure)  375074K->10050K(1043456K), 0.0042590 secs]
253580.545: [GC (Allocation Failure)  364866K->10018K(1114624K), 0.0046691 secs]
253580.984: [GC (Allocation Failure)  436002K->10050K(1101824K), 0.0035835 secs]
253581.404: [GC (Allocation Failure)  423234K->10050K(1089536K), 0.0036712 secs]
253581.817: [GC (Allocation Failure)  410946K->10050K(1077760K), 0.0043747 secs]
253582.215: [GC (Allocation Failure)  399170K->10050K(1066496K), 0.0032619 secs]
253582.599: [GC (Allocation Failure)  387906K->10050K(1055744K), 0.0032916 secs]
253582.974: [GC (Allocation Failure)  377154K->10050K(1044992K), 0.0029516 secs]
253583.338: [GC (Allocation Failure)  366402K->10050K(1034752K), 0.0037713 secs]
253583.690: [GC (Allocation Failure)  356162K->10018K(1025024K), 0.0032306 secs]
253584.051: [GC (Allocation Failure)  346402K->10050K(1015808K), 0.0035109 secs]
253584.422: [GC (Allocation Failure)  337218K->10018K(1007104K), 0.0034006 secs]
253584.746: [GC (Allocation Failure)  328482K->10050K(998400K), 0.0032103 secs]
253585.063: [GC (Allocation Failure)  319810K->10050K(990208K), 0.0033031 secs]
253585.370: [GC (Allocation Failure)  311618K->10082K(982528K), 0.0027943 secs]
253585.670: [GC (Allocation Failure)  303970K->10018K(974848K), 0.0036054 secs]
253585.968: [GC (Allocation Failure)  296226K->9986K(1032192K), 0.0037546 secs]
253586.321: [GC (Allocation Failure)  353538K->10018K(1101312K), 0.0033313 secs]
253586.740: [GC (Allocation Failure)  422690K->10050K(1184256K), 0.0048738 secs]
253587.250: [GC (Allocation Failure)  505666K->10050K(1168384K), 0.0045760 secs]
253587.742: [GC (Allocation Failure)  489794K->10050K(1153024K), 0.0033551 secs]
253588.212: [GC (Allocation Failure)  474434K->10018K(1138176K), 0.0032039 secs]
253588.671: [GC (Allocation Failure)  459554K->10050K(1124352K), 0.0033013 secs]
253589.117: [GC (Allocation Failure)  445762K->10082K(1111040K), 0.0029471 secs]
253589.556: [GC (Allocation Failure)  432482K->10050K(1098240K), 0.0037742 secs]
253589.976: [GC (Allocation Failure)  419650K->10082K(1085952K), 0.0031818 secs]
253590.381: [GC (Allocation Failure)  407394K->10050K(1074176K), 0.0031036 secs]
253590.822: [GC (Allocation Failure)  395586K->10050K(1062912K), 0.0030239 secs]
253591.205: [GC (Allocation Failure)  384322K->10018K(1052160K), 0.0030860 secs]
253591.594: [GC (Allocation Failure)  373538K->10018K(1041920K), 0.0041036 secs]
253591.955: [GC (Allocation Failure)  363298K->10018K(1032192K), 0.0033929 secs]
253592.307: [GC (Allocation Failure)  353570K->10018K(1022464K), 0.0031473 secs]
253592.648: [GC (Allocation Failure)  343842K->10082K(1013248K), 0.0035497 secs]
253592.978: [GC (Allocation Failure)  334690K->10018K(1004544K), 0.0029892 secs]
253593.300: [GC (Allocation Failure)  325922K->10018K(996352K), 0.0034525 secs]
253593.659: [GC (Allocation Failure)  317730K->10018K(988160K), 0.0032947 secs]
253593.965: [GC (Allocation Failure)  309538K->10018K(980480K), 0.0033223 secs]
253594.265: [GC (Allocation Failure)  301858K->10018K(972800K), 0.0032280 secs]
253594.589: [GC (Allocation Failure)  294178K->10018K(965632K), 0.0036507 secs]
253594.873: [GC (Allocation Failure)  287010K->10018K(1021440K), 0.0032546 secs]
253595.214: [GC (Allocation Failure)  342818K->10050K(1088000K), 0.0037859 secs]
253595.645: [GC (Allocation Failure)  409410K->10018K(1076224K), 0.0036111 secs]
253596.041: [GC (Allocation Failure)  397602K->10050K(1064960K), 0.0031364 secs]
253596.428: [GC (Allocation Failure)  386370K->10050K(1054208K), 0.0031638 secs]
253596.802: [GC (Allocation Failure)  375618K->10018K(1043968K), 0.0031290 secs]
253597.165: [GC (Allocation Failure)  365346K->10018K(1033728K), 0.0034179 secs]
253597.517: [GC (Allocation Failure)  355106K->10082K(1024000K), 0.0029640 secs]
253597.860: [GC (Allocation Failure)  345442K->10050K(1014784K), 0.0038296 secs]
253598.224: [GC (Allocation Failure)  336194K->10018K(1006080K), 0.0035396 secs]
253598.550: [GC (Allocation Failure)  327458K->10018K(1069568K), 0.0051279 secs]
253598.947: [GC (Allocation Failure)  390946K->10050K(1145856K), 0.0035228 secs]
253599.426: [GC (Allocation Failure)  467266K->10018K(1131520K), 0.0031486 secs]
253599.906: [GC (Allocation Failure)  452898K->10018K(1117696K), 0.0036292 secs]
253600.344: [GC (Allocation Failure)  439074K->10050K(1104384K), 0.0037358 secs]
253600.768: [GC (Allocation Failure)  425794K->10082K(1091584K), 0.0031769 secs]
253601.179: [GC (Allocation Failure)  413026K->10050K(1079808K), 0.0031588 secs]
253601.579: [GC (Allocation Failure)  401218K->10018K(1068032K), 0.0034694 secs]
253601.965: [GC (Allocation Failure)  389410K->10050K(1056768K), 0.0033149 secs]
253602.341: [GC (Allocation Failure)  378178K->10050K(1046016K), 0.0040359 secs]
253602.711: [GC (Allocation Failure)  367426K->10050K(1035776K), 0.0034662 secs]
253603.065: [GC (Allocation Failure)  357186K->10018K(1026048K), 0.0040454 secs]
253603.420: [GC (Allocation Failure)  347426K->9986K(1016832K), 0.0034324 secs]
253603.756: [GC (Allocation Failure)  338178K->10018K(1008128K), 0.0037621 secs]
253604.096: [GC (Allocation Failure)  329506K->10050K(999424K), 0.0035496 secs]
253604.414: [GC (Allocation Failure)  320834K->10050K(991232K), 0.0027543 secs]
253604.721: [GC (Allocation Failure)  312642K->10050K(983552K), 0.0031081 secs]
253605.058: [GC (Allocation Failure)  304962K->10050K(975872K), 0.0035262 secs]
253605.352: [GC (Allocation Failure)  297282K->10050K(968704K), 0.0031442 secs]
253605.658: [GC (Allocation Failure)  290114K->10050K(961536K), 0.0029849 secs]
253605.955: [GC (Allocation Failure)  282946K->10050K(954880K), 0.0032813 secs]
253606.226: [GC (Allocation Failure)  276290K->10050K(1008128K), 0.0031708 secs]
253606.553: [GC (Allocation Failure)  329538K->9986K(999424K), 0.0029607 secs]
253606.870: [GC (Allocation Failure)  320770K->10050K(991232K), 0.0029448 secs]
253607.179: [GC (Allocation Failure)  312642K->10050K(983552K), 0.0031396 secs]
253607.480: [GC (Allocation Failure)  304962K->10018K(1042944K), 0.0035325 secs]
253607.840: [GC (Allocation Failure)  364322K->10050K(1032704K), 0.0032972 secs]
253608.191: [GC (Allocation Failure)  354114K->10018K(1022976K), 0.0034908 secs]
253608.530: [GC (Allocation Failure)  344354K->10050K(1013760K), 0.0030099 secs]
253608.864: [GC (Allocation Failure)  335170K->10018K(1005056K), 0.0029428 secs]
253609.191: [GC (Allocation Failure)  326434K->10050K(996352K), 0.0028714 secs]
253609.506: [GC (Allocation Failure)  317762K->10050K(988160K), 0.0032370 secs]
253609.812: [GC (Allocation Failure)  309570K->10050K(980480K), 0.0034702 secs]
253610.119: [GC (Allocation Failure)  301890K->10050K(1038848K), 0.0036581 secs]
253610.478: [GC (Allocation Failure)  360258K->10018K(1029120K), 0.0035131 secs]
253610.851: [GC (Allocation Failure)  350498K->10050K(1019904K), 0.0033157 secs]
253611.203: [GC (Allocation Failure)  341314K->10050K(1010688K), 0.0038317 secs]
253611.538: [GC (Allocation Failure)  332098K->10050K(1001984K), 0.0033106 secs]
253611.858: [GC (Allocation Failure)  323394K->10018K(993792K), 0.0032994 secs]
253612.169: [GC (Allocation Failure)  315170K->10018K(985600K), 0.0031261 secs]
253612.473: [GC (Allocation Failure)  306978K->10050K(977920K), 0.0032164 secs]
253612.766: [GC (Allocation Failure)  299330K->10050K(970752K), 0.0029451 secs]
253613.054: [GC (Allocation Failure)  292162K->10050K(1027584K), 0.0032504 secs]
253613.399: [GC (Allocation Failure)  348994K->10050K(1018368K), 0.0031576 secs]
253613.739: [GC (Allocation Failure)  339778K->10018K(1009152K), 0.0033137 secs]
253614.067: [GC (Allocation Failure)  330530K->10050K(1000448K), 0.0031416 secs]
253614.462: [GC (Allocation Failure)  321858K->10050K(992256K), 0.0026487 secs]
253614.783: [GC (Allocation Failure)  313666K->10050K(984064K), 0.0035933 secs]
253615.085: [GC (Allocation Failure)  305474K->10050K(976384K), 0.0029940 secs]
253615.401: [GC (Allocation Failure)  297794K->10050K(969216K), 0.0033974 secs]
253615.687: [GC (Allocation Failure)  290626K->10050K(1025536K), 0.0035098 secs]
253616.029: [GC (Allocation Failure)  346946K->10050K(1016320K), 0.0032529 secs]
253616.364: [GC (Allocation Failure)  337730K->10018K(1007616K), 0.0033091 secs]
253616.689: [GC (Allocation Failure)  328994K->10050K(998912K), 0.0033405 secs]
253617.008: [GC (Allocation Failure)  320322K->10018K(990720K), 0.0033050 secs]
253617.315: [GC (Allocation Failure)  312098K->10018K(1051136K), 0.0038074 secs]
253617.686: [GC (Allocation Failure)  372514K->10050K(1040896K), 0.0032978 secs]
253618.044: [GC (Allocation Failure)  362306K->10018K(1031168K), 0.0032799 secs]
253618.393: [GC (Allocation Failure)  352546K->10050K(1021440K), 0.0035223 secs]
253618.732: [GC (Allocation Failure)  342850K->10050K(1012224K), 0.0035024 secs]
253619.125: [GC (Allocation Failure)  333634K->10050K(1003520K), 0.0035082 secs]
253619.447: [GC (Allocation Failure)  324930K->10050K(995328K), 0.0029766 secs]
253619.758: [GC (Allocation Failure)  316738K->10018K(987136K), 0.0032422 secs]
253620.063: [GC (Allocation Failure)  308514K->10018K(979456K), 0.0032758 secs]
253620.359: [GC (Allocation Failure)  300834K->10018K(1037824K), 0.0035652 secs]
253620.756: [GC (Allocation Failure)  359202K->10050K(1028096K), 0.0036358 secs]
253621.101: [GC (Allocation Failure)  349506K->10050K(1018880K), 0.0034759 secs]
253621.438: [GC (Allocation Failure)  340290K->10082K(1009664K), 0.0030333 secs]
253621.772: [GC (Allocation Failure)  331106K->10050K(1000960K), 0.0031615 secs]
253622.091: [GC (Allocation Failure)  322370K->10018K(992768K), 0.0035376 secs]
253622.405: [GC (Allocation Failure)  314146K->10018K(984576K), 0.0031056 secs]
253622.706: [GC (Allocation Failure)  305954K->10082K(976896K), 0.0032664 secs]
253623.000: [GC (Allocation Failure)  298338K->10082K(1034752K), 0.0033457 secs]
253623.352: [GC (Allocation Failure)  356194K->10050K(1025024K), 0.0034088 secs]
253623.698: [GC (Allocation Failure)  346434K->10050K(1015808K), 0.0032564 secs]
253624.031: [GC (Allocation Failure)  337218K->10018K(1007104K), 0.0033108 secs]
253624.357: [GC (Allocation Failure)  328482K->10018K(998400K), 0.0033055 secs]
253624.672: [GC (Allocation Failure)  319778K->10050K(990208K), 0.0034082 secs]
253624.980: [GC (Allocation Failure)  311618K->10018K(982528K), 0.0031766 secs]
253625.281: [GC (Allocation Failure)  303906K->10050K(974848K), 0.0032260 secs]
253625.572: [GC (Allocation Failure)  296258K->10050K(1032192K), 0.0031826 secs]
253625.921: [GC (Allocation Failure)  353602K->10050K(1022464K), 0.0030829 secs]
253626.264: [GC (Allocation Failure)  343874K->10018K(1013248K), 0.0034950 secs]
253626.615: [GC (Allocation Failure)  334626K->10050K(1004544K), 0.0034532 secs]
253626.937: [GC (Allocation Failure)  325954K->10082K(1068032K), 0.0037104 secs]
253627.327: [GC (Allocation Failure)  389474K->10018K(1056768K), 0.0037378 secs]
253627.701: [GC (Allocation Failure)  378146K->10082K(1046016K), 0.0029268 secs]
253628.063: [GC (Allocation Failure)  367458K->10050K(1035776K), 0.0033966 secs]
253628.444: [GC (Allocation Failure)  357186K->10018K(1026048K), 0.0030748 secs]
253628.785: [GC (Allocation Failure)  347426K->10018K(1016832K), 0.0040329 secs]
253629.216: [GC (Allocation Failure)  338210K->10050K(1008128K), 0.0031102 secs]
253629.542: [GC (Allocation Failure)  329538K->10050K(999424K), 0.0030419 secs]
253629.857: [GC (Allocation Failure)  320834K->10050K(991232K), 0.0038432 secs]
253630.187: [GC (Allocation Failure)  312642K->10050K(1052160K), 0.0049988 secs]
253630.585: [GC (Allocation Failure)  373570K->10114K(1041920K), 0.0029579 secs]
253630.996: [GC (Allocation Failure)  363394K->10114K(1032192K), 0.0036184 secs]
253631.347: [GC (Allocation Failure)  353666K->10090K(1022464K), 0.0035086 secs]
253631.710: [GC (Allocation Failure)  343914K->10090K(1013248K), 0.0035717 secs]
253632.041: [GC (Allocation Failure)  334698K->10090K(1004544K), 0.0033753 secs]
253632.392: [GC (Allocation Failure)  325994K->10090K(996352K), 0.0032679 secs]
253632.707: [GC (Allocation Failure)  317802K->10090K(1058304K), 0.0038204 secs]
253633.108: [GC (Allocation Failure)  379754K->10090K(1047552K), 0.0033299 secs]
253633.472: [GC (Allocation Failure)  369002K->10090K(1037312K), 0.0032510 secs]
253633.830: [GC (Allocation Failure)  358762K->10058K(1027584K), 0.0035478 secs]
253634.174: [GC (Allocation Failure)  349002K->10090K(1018368K), 0.0038404 secs]
253634.511: [GC (Allocation Failure)  339818K->10090K(1009152K), 0.0030173 secs]
253634.838: [GC (Allocation Failure)  330602K->10090K(1000448K), 0.0031190 secs]
253635.157: [GC (Allocation Failure)  321898K->10058K(992256K), 0.0034309 secs]
253635.466: [GC (Allocation Failure)  313674K->10058K(984064K), 0.0033941 secs]
253635.767: [GC (Allocation Failure)  305482K->10122K(976384K), 0.0028013 secs]
253636.091: [GC (Allocation Failure)  297866K->10090K(969216K), 0.0035513 secs]
253636.378: [GC (Allocation Failure)  290666K->10058K(1025536K), 0.0031991 secs]
253636.724: [GC (Allocation Failure)  346954K->10058K(1016320K), 0.0034983 secs]
253637.061: [GC (Allocation Failure)  337738K->10090K(1007616K), 0.0033449 secs]
253637.388: [GC (Allocation Failure)  329066K->10058K(1071616K), 0.0040818 secs]
253637.781: [GC (Allocation Failure)  393034K->10090K(1060352K), 0.0032938 secs]
253638.183: [GC (Allocation Failure)  381802K->10090K(1049600K), 0.0032554 secs]
253638.551: [GC (Allocation Failure)  371050K->10074K(1039360K), 0.0038942 secs]
253638.910: [GC (Allocation Failure)  360794K->10106K(1029632K), 0.0034062 secs]
253639.258: [GC (Allocation Failure)  351098K->10106K(1020416K), 0.0029005 secs]
253639.595: [GC (Allocation Failure)  341882K->10106K(1011200K), 0.0031997 secs]
253639.926: [GC (Allocation Failure)  332666K->10106K(1002496K), 0.0318053 secs]
253640.283: [GC (Allocation Failure)  323962K->10106K(994304K), 0.0032160 secs]
253640.617: [GC (Allocation Failure)  315770K->10106K(986112K), 0.0037916 secs]
253640.923: [GC (Allocation Failure)  307578K->10106K(978432K), 0.0033844 secs]
253641.222: [GC (Allocation Failure)  299898K->10138K(971264K), 0.0030578 secs]
253641.514: [GC (Allocation Failure)  292762K->10106K(1028096K), 0.0039772 secs]
253641.860: [GC (Allocation Failure)  349562K->10106K(1096192K), 0.0034868 secs]
253642.275: [GC (Allocation Failure)  417658K->10106K(1083904K), 0.0034720 secs]
253642.679: [GC (Allocation Failure)  405370K->10106K(1072128K), 0.0037134 secs]
253643.072: [GC (Allocation Failure)  393594K->10074K(1060864K), 0.0035812 secs]
253643.451: [GC (Allocation Failure)  382298K->10074K(1050112K), 0.0032399 secs]
253643.819: [GC (Allocation Failure)  371546K->10138K(1039872K), 0.0033946 secs]
253644.177: [GC (Allocation Failure)  361370K->10138K(1030144K), 0.0041276 secs]
253644.531: [GC (Allocation Failure)  351642K->10106K(1020928K), 0.0037164 secs]
253644.872: [GC (Allocation Failure)  342394K->10074K(1011712K), 0.0038967 secs]
253645.202: [GC (Allocation Failure)  333146K->10138K(1003008K), 0.0031192 secs]
253645.527: [GC (Allocation Failure)  324506K->10106K(994816K), 0.0032925 secs]
253645.841: [GC (Allocation Failure)  316282K->10106K(986624K), 0.0029134 secs]
253646.147: [GC (Allocation Failure)  308090K->10106K(978944K), 0.0034148 secs]
253646.475: [GC (Allocation Failure)  300410K->10074K(971264K), 0.0035209 secs]
253646.765: [GC (Allocation Failure)  292698K->10074K(1028096K), 0.0036936 secs]
253647.117: [GC (Allocation Failure)  349530K->10106K(1096192K), 0.0038278 secs]
253647.533: [GC (Allocation Failure)  417658K->10074K(1083904K), 0.0034331 secs]
253647.980: [GC (Allocation Failure)  405338K->10074K(1072128K), 0.0034661 secs]
253648.391: [GC (Allocation Failure)  393562K->10106K(1060864K), 0.0034310 secs]
253648.768: [GC (Allocation Failure)  382330K->10074K(1050112K), 0.0034565 secs]
253649.136: [GC (Allocation Failure)  371546K->10074K(1039872K), 0.0035496 secs]
253649.492: [GC (Allocation Failure)  361306K->10074K(1030144K), 0.0042601 secs]
253649.844: [GC (Allocation Failure)  351578K->10106K(1098752K), 0.0045128 secs]
253650.265: [GC (Allocation Failure)  420218K->10106K(1086464K), 0.0038190 secs]
253650.674: [GC (Allocation Failure)  407930K->10106K(1074688K), 0.0032183 secs]
253651.072: [GC (Allocation Failure)  396154K->10106K(1063424K), 0.0030117 secs]
253651.454: [GC (Allocation Failure)  384890K->10074K(1052672K), 0.0046969 secs]
253651.862: [GC (Allocation Failure)  374106K->10106K(1042432K), 0.0044335 secs]
253652.233: [GC (Allocation Failure)  363898K->10106K(1032704K), 0.0033860 secs]
253652.587: [GC (Allocation Failure)  354170K->10106K(1022976K), 0.0034899 secs]
253652.928: [GC (Allocation Failure)  344442K->10138K(1013760K), 0.0039168 secs]
253653.260: [GC (Allocation Failure)  335258K->10074K(1078784K), 0.0039601 secs]
253653.674: [GC (Allocation Failure)  400218K->10074K(1067520K), 0.0034237 secs]
253654.057: [GC (Allocation Failure)  388954K->10106K(1056256K), 0.0030351 secs]
253654.430: [GC (Allocation Failure)  377722K->10106K(1045504K), 0.0037163 secs]
253654.799: [GC (Allocation Failure)  366970K->10106K(1035264K), 0.0037674 secs]
253655.154: [GC (Allocation Failure)  356730K->10074K(1025536K), 0.0035223 secs]
253655.499: [GC (Allocation Failure)  346970K->10106K(1016320K), 0.0040854 secs]
253655.839: [GC (Allocation Failure)  337786K->10106K(1007616K), 0.0034590 secs]
253656.165: [GC (Allocation Failure)  329082K->10106K(1071616K), 0.0036631 secs]
253656.554: [GC (Allocation Failure)  393082K->10106K(1060352K), 0.0032115 secs]
253656.977: [GC (Allocation Failure)  381818K->10074K(1049600K), 0.0033494 secs]
253657.359: [GC (Allocation Failure)  371034K->10138K(1039360K), 0.0031268 secs]
253657.716: [GC (Allocation Failure)  360858K->10106K(1029632K), 0.0031738 secs]
253658.063: [GC (Allocation Failure)  351098K->10074K(1020416K), 0.0040141 secs]
253658.418: [GC (Allocation Failure)  341850K->10074K(1011200K), 0.0032510 secs]
253658.745: [GC (Allocation Failure)  332634K->10106K(1002496K), 0.0032762 secs]
253659.066: [GC (Allocation Failure)  323962K->10106K(1065472K), 0.0066624 secs]
253659.458: [GC (Allocation Failure)  386938K->10074K(1141248K), 0.0064283 secs]
253659.921: [GC (Allocation Failure)  462682K->10074K(1231872K), 0.0031663 secs]
253660.473: [GC (Allocation Failure)  553306K->10106K(1340928K), 0.0036477 secs]
253661.138: [GC (Allocation Failure)  662394K->10106K(1317888K), 0.0034230 secs]
253661.870: [GC (Allocation Failure)  639354K->10074K(1295872K), 0.0041584 secs]
253662.488: [GC (Allocation Failure)  617306K->10106K(1274880K), 0.0036114 secs]
253663.109: [GC (Allocation Failure)  596346K->10074K(1254912K), 0.0036754 secs]
253663.688: [GC (Allocation Failure)  576346K->10074K(1235968K), 0.0032498 secs]
253664.243: [GC (Allocation Failure)  557402K->10074K(1217536K), 0.0033224 secs]
253664.803: [GC (Allocation Failure)  538970K->10106K(1200128K), 0.0037351 secs]
253665.325: [GC (Allocation Failure)  521594K->10106K(1183232K), 0.0038049 secs]
253665.830: [GC (Allocation Failure)  504698K->10106K(1167360K), 0.0032411 secs]
253666.318: [GC (Allocation Failure)  488826K->10074K(1152000K), 0.0034043 secs]
253666.808: [GC (Allocation Failure)  473434K->10074K(1137152K), 0.0039769 secs]
253667.269: [GC (Allocation Failure)  458586K->10106K(1123328K), 0.0058762 secs]
253667.729: [GC (Allocation Failure)  444794K->10106K(1110016K), 0.0039556 secs]
253668.159: [GC (Allocation Failure)  431482K->10106K(1097216K), 0.0037092 secs]
253668.575: [GC (Allocation Failure)  418682K->10074K(1084928K), 0.0038818 secs]
253668.980: [GC (Allocation Failure)  406362K->10106K(1073152K), 0.0039844 secs]
253669.395: [GC (Allocation Failure)  394618K->10138K(1061888K), 0.0042478 secs]
253669.775: [GC (Allocation Failure)  383386K->10138K(1051136K), 0.0037371 secs]
253670.156: [GC (Allocation Failure)  372634K->10106K(1040896K), 0.0037275 secs]
253670.519: [GC (Allocation Failure)  362362K->10106K(1031168K), 0.0042985 secs]
253670.880: [GC (Allocation Failure)  352634K->10138K(1099776K), 0.0041947 secs]
253671.300: [GC (Allocation Failure)  421274K->10138K(1182208K), 0.0058090 secs]
253671.806: [GC (Allocation Failure)  503706K->10170K(1166336K), 0.0034134 secs]
253672.291: [GC (Allocation Failure)  487866K->10106K(1150976K), 0.0032023 secs]
253672.856: [GC (Allocation Failure)  472442K->10106K(1136640K), 0.0045279 secs]
253673.318: [GC (Allocation Failure)  458106K->10138K(1122816K), 0.0036982 secs]
253673.766: [GC (Allocation Failure)  444314K->10106K(1109504K), 0.0031983 secs]
253674.195: [GC (Allocation Failure)  430970K->10138K(1096704K), 0.0034711 secs]
253674.609: [GC (Allocation Failure)  418202K->10106K(1084416K), 0.0035528 secs]
253675.013: [GC (Allocation Failure)  405882K->10106K(1072640K), 0.0035489 secs]
253675.405: [GC (Allocation Failure)  394106K->10138K(1061376K), 0.0035642 secs]
253675.784: [GC (Allocation Failure)  382874K->10146K(1050624K), 0.0029159 secs]
253676.157: [GC (Allocation Failure)  372130K->10114K(1040384K), 0.0041285 secs]
253676.520: [GC (Allocation Failure)  361858K->10146K(1030656K), 0.0037944 secs]
253676.869: [GC (Allocation Failure)  352162K->10114K(1020928K), 0.0036266 secs]
253677.220: [GC (Allocation Failure)  342402K->10114K(1011712K), 0.0037470 secs]
253677.550: [GC (Allocation Failure)  333186K->10114K(1003008K), 0.0035259 secs]
253677.911: [GC (Allocation Failure)  324482K->10146K(1065984K), 0.0050560 secs]
253678.316: [GC (Allocation Failure)  387490K->10146K(1141760K), 0.0040244 secs]
253678.782: [GC (Allocation Failure)  463266K->10114K(1127424K), 0.0032224 secs]
253679.235: [GC (Allocation Failure)  448898K->10114K(1114112K), 0.0041516 secs]
253679.689: [GC (Allocation Failure)  435586K->10114K(1101312K), 0.0030789 secs]
253680.112: [GC (Allocation Failure)  422786K->10178K(1089024K), 0.0034045 secs]
253680.519: [GC (Allocation Failure)  410562K->10146K(1077248K), 0.0035416 secs]
253680.930: [GC (Allocation Failure)  398754K->10146K(1065984K), 0.0037638 secs]
253681.326: [GC (Allocation Failure)  387490K->10114K(1055232K), 0.0036537 secs]
253681.699: [GC (Allocation Failure)  376706K->10146K(1044480K), 0.0036676 secs]
253682.066: [GC (Allocation Failure)  365986K->10146K(1034240K), 0.0028938 secs]
253682.422: [GC (Allocation Failure)  355746K->10114K(1024512K), 0.0042715 secs]
253682.770: [GC (Allocation Failure)  345986K->10146K(1015296K), 0.0036732 secs]
253683.105: [GC (Allocation Failure)  336802K->10146K(1006592K), 0.0038461 secs]
253683.429: [GC (Allocation Failure)  328098K->10114K(1070592K), 0.0035882 secs]
253683.820: [GC (Allocation Failure)  392066K->10146K(1059328K), 0.0035830 secs]
253684.198: [GC (Allocation Failure)  380834K->10114K(1048576K), 0.0032993 secs]
253684.564: [GC (Allocation Failure)  370050K->10146K(1038336K), 0.0038940 secs]
253684.922: [GC (Allocation Failure)  359842K->10114K(1028608K), 0.0039614 secs]
253685.270: [GC (Allocation Failure)  350082K->10114K(1019392K), 0.0033155 secs]
253685.611: [GC (Allocation Failure)  340866K->10146K(1010176K), 0.0033387 secs]
253685.938: [GC (Allocation Failure)  331682K->10114K(1001472K), 0.0036563 secs]
253686.272: [GC (Allocation Failure)  322946K->10114K(1064448K), 0.0036766 secs]
253686.655: [GC (Allocation Failure)  385922K->10114K(1053696K), 0.0033270 secs]
253687.030: [GC (Allocation Failure)  375170K->10146K(1043456K), 0.0035348 secs]
253687.392: [GC (Allocation Failure)  364962K->10146K(1033216K), 0.0029641 secs]
253687.744: [GC (Allocation Failure)  354722K->10114K(1023488K), 0.0038136 secs]
253688.088: [GC (Allocation Failure)  344962K->10146K(1014272K), 0.0033511 secs]
253688.420: [GC (Allocation Failure)  335778K->10114K(1005568K), 0.0039275 secs]
253688.743: [GC (Allocation Failure)  327042K->10114K(1069056K), 0.0036184 secs]
253689.129: [GC (Allocation Failure)  390530K->10146K(1057792K), 0.0033015 secs]
253689.505: [GC (Allocation Failure)  379298K->10114K(1047040K), 0.0029742 secs]
253689.912: [GC (Allocation Failure)  368514K->10146K(1036800K), 0.0035911 secs]
253690.266: [GC (Allocation Failure)  358306K->10146K(1027072K), 0.0036651 secs]
253690.610: [GC (Allocation Failure)  348578K->10114K(1017856K), 0.0036537 secs]
253690.944: [GC (Allocation Failure)  339330K->10114K(1008640K), 0.0035712 secs]
253691.269: [GC (Allocation Failure)  330114K->10146K(999936K), 0.0033433 secs]
253691.584: [GC (Allocation Failure)  321442K->10146K(991744K), 0.0034146 secs]
253691.890: [GC (Allocation Failure)  313250K->10122K(984064K), 0.0030033 secs]
253692.188: [GC (Allocation Failure)  305546K->10154K(976384K), 0.0033163 secs]
253692.490: [GC (Allocation Failure)  297898K->10122K(1034240K), 0.0036038 secs]
253692.843: [GC (Allocation Failure)  355722K->10122K(1103360K), 0.0043454 secs]
253693.288: [GC (Allocation Failure)  424842K->10122K(1186304K), 0.0037960 secs]
253693.838: [GC (Allocation Failure)  507786K->10122K(1169920K), 0.0037877 secs]
253694.321: [GC (Allocation Failure)  491402K->10186K(1154560K), 0.0032393 secs]
253694.792: [GC (Allocation Failure)  476106K->10186K(1139712K), 0.0034196 secs]
253695.297: [GC (Allocation Failure)  461258K->10154K(1125376K), 0.0040689 secs]
253695.740: [GC (Allocation Failure)  446890K->10122K(1112064K), 0.0036839 secs]
253696.167: [GC (Allocation Failure)  433546K->10122K(1099264K), 0.0034507 secs]
253696.584: [GC (Allocation Failure)  420746K->10122K(1086976K), 0.0044501 secs]
253696.994: [GC (Allocation Failure)  408458K->10122K(1075200K), 0.0029144 secs]
253697.385: [GC (Allocation Failure)  396682K->10186K(1063936K), 0.0041624 secs]
253697.768: [GC (Allocation Failure)  385482K->10122K(1053184K), 0.0034165 secs]
253698.138: [GC (Allocation Failure)  374666K->10122K(1042944K), 0.0035773 secs]
253698.496: [GC (Allocation Failure)  364426K->10186K(1032704K), 0.0034882 secs]
253698.917: [GC (Allocation Failure)  354250K->10154K(1022976K), 0.0035829 secs]
253699.256: [GC (Allocation Failure)  344490K->10154K(1013760K), 0.0036063 secs]
253699.586: [GC (Allocation Failure)  335274K->10122K(1005056K), 0.0034919 secs]
253699.975: [GC (Allocation Failure)  326538K->10154K(996352K), 0.0032852 secs]
253700.290: [GC (Allocation Failure)  317866K->10154K(988160K), 0.0033594 secs]
253700.595: [GC (Allocation Failure)  309674K->10122K(980480K), 0.0035500 secs]
253700.894: [GC (Allocation Failure)  301962K->10154K(972800K), 0.0032481 secs]
253701.185: [GC (Allocation Failure)  294314K->10154K(1029632K), 0.0034653 secs]
253701.531: [GC (Allocation Failure)  351146K->10154K(1098240K), 0.0034017 secs]
253701.945: [GC (Allocation Failure)  419754K->10154K(1085952K), 0.0035601 secs]
253702.347: [GC (Allocation Failure)  407466K->10122K(1074176K), 0.0034867 secs]
253702.737: [GC (Allocation Failure)  395658K->10154K(1062912K), 0.0038466 secs]
253703.118: [GC (Allocation Failure)  384426K->10154K(1052160K), 0.0035766 secs]
253703.486: [GC (Allocation Failure)  373674K->10122K(1041920K), 0.0034468 secs]
253703.844: [GC (Allocation Failure)  363402K->10154K(1032192K), 0.0033838 secs]
253704.197: [GC (Allocation Failure)  353706K->10154K(1022464K), 0.0033805 secs]
253704.537: [GC (Allocation Failure)  343978K->10122K(1013248K), 0.0031387 secs]
253704.869: [GC (Allocation Failure)  334730K->10186K(1004544K), 0.0033039 secs]
253705.193: [GC (Allocation Failure)  326090K->10154K(996352K), 0.0032896 secs]
253705.507: [GC (Allocation Failure)  317866K->10154K(988160K), 0.0034628 secs]
253705.814: [GC (Allocation Failure)  309674K->10154K(1048064K), 0.0047270 secs]
253706.182: [GC (Allocation Failure)  369578K->10122K(1120256K), 0.0033664 secs]
253706.708: [GC (Allocation Failure)  441738K->10154K(1106944K), 0.0034049 secs]
253707.150: [GC (Allocation Failure)  428458K->10122K(1094144K), 0.0033714 secs]
253707.571: [GC (Allocation Failure)  415626K->10122K(1081856K), 0.0031423 secs]
253707.974: [GC (Allocation Failure)  403338K->10122K(1070080K), 0.0036878 secs]
253708.372: [GC (Allocation Failure)  391562K->10154K(1058816K), 0.0034625 secs]
253708.750: [GC (Allocation Failure)  380330K->10154K(1048064K), 0.0034893 secs]
253709.138: [GC (Allocation Failure)  369578K->10122K(1037824K), 0.0038058 secs]
253709.550: [GC (Allocation Failure)  359306K->10154K(1028096K), 0.0034497 secs]
253709.899: [GC (Allocation Failure)  349610K->10154K(1018880K), 0.0030562 secs]
253710.238: [GC (Allocation Failure)  340394K->10154K(1009664K), 0.0038011 secs]
253710.584: [GC (Allocation Failure)  331178K->10122K(1000960K), 0.0031136 secs]
253710.906: [GC (Allocation Failure)  322442K->10154K(992768K), 0.0040039 secs]
253711.225: [GC (Allocation Failure)  314282K->10154K(1053696K), 0.0048526 secs]
253711.601: [GC (Allocation Failure)  375210K->10186K(1126912K), 0.0033311 secs]
253712.048: [GC (Allocation Failure)  448458K->10186K(1113600K), 0.0039255 secs]
253712.487: [GC (Allocation Failure)  435146K->10122K(1198592K), 0.0050853 secs]
253713.008: [GC (Allocation Failure)  520074K->10122K(1181696K), 0.0035502 secs]
253713.512: [GC (Allocation Failure)  503178K->10122K(1165824K), 0.0034247 secs]
253714.000: [GC (Allocation Failure)  487306K->10122K(1150464K), 0.0037129 secs]
253714.471: [GC (Allocation Failure)  471946K->10154K(1136128K), 0.0035393 secs]
253714.965: [GC (Allocation Failure)  457642K->10154K(1122304K), 0.0039893 secs]
253715.408: [GC (Allocation Failure)  443818K->10154K(1108992K), 0.0034005 secs]
253715.842: [GC (Allocation Failure)  430506K->10122K(1096192K), 0.0047868 secs]
253716.261: [GC (Allocation Failure)  417674K->10122K(1083904K), 0.0039464 secs]
253716.664: [GC (Allocation Failure)  405386K->10154K(1072128K), 0.0044509 secs]
253717.060: [GC (Allocation Failure)  393642K->10122K(1060864K), 0.0035439 secs]
253717.441: [GC (Allocation Failure)  382346K->10154K(1050112K), 0.0046632 secs]
253717.812: [GC (Allocation Failure)  371626K->10154K(1039872K), 0.0037760 secs]
253718.171: [GC (Allocation Failure)  361386K->10154K(1030144K), 0.0032355 secs]
253718.521: [GC (Allocation Failure)  351658K->10154K(1020928K), 0.0035639 secs]
253718.863: [GC (Allocation Failure)  342442K->10154K(1011712K), 0.0033785 secs]
253719.192: [GC (Allocation Failure)  333226K->10154K(1003008K), 0.0033912 secs]
253719.514: [GC (Allocation Failure)  324522K->10122K(994816K), 0.0030726 secs]
253719.829: [GC (Allocation Failure)  316298K->10186K(1056256K), 0.0038842 secs]
253720.223: [GC (Allocation Failure)  377802K->10154K(1129984K), 0.0042928 secs]
253720.677: [GC (Allocation Failure)  451498K->10122K(1218560K), 0.0047140 secs]
253721.238: [GC (Allocation Failure)  540042K->10122K(1201152K), 0.0032992 secs]
253721.767: [GC (Allocation Failure)  522634K->10154K(1184256K), 0.0035975 secs]
253722.271: [GC (Allocation Failure)  505770K->10154K(1168384K), 0.0032870 secs]
253722.762: [GC (Allocation Failure)  489898K->10154K(1153024K), 0.0035548 secs]
253723.236: [GC (Allocation Failure)  474538K->10122K(1138176K), 0.0030996 secs]
253723.691: [GC (Allocation Failure)  459658K->10154K(1124352K), 0.0034628 secs]
253724.153: [GC (Allocation Failure)  445866K->10154K(1111040K), 0.0035655 secs]
253724.589: [GC (Allocation Failure)  432554K->10122K(1098240K), 0.0035770 secs]
253725.032: [GC (Allocation Failure)  419722K->10154K(1085952K), 0.0032509 secs]
253725.462: [GC (Allocation Failure)  407466K->10154K(1074176K), 0.0041331 secs]
253725.870: [GC (Allocation Failure)  395690K->10154K(1062912K), 0.0041392 secs]
253726.265: [GC (Allocation Failure)  384426K->10122K(1052160K), 0.0032108 secs]
253726.638: [GC (Allocation Failure)  373642K->10122K(1041920K), 0.0034101 secs]
253726.999: [GC (Allocation Failure)  363402K->10122K(1032192K), 0.0034830 secs]
253727.351: [GC (Allocation Failure)  353674K->10154K(1022464K), 0.0034767 secs]
253727.695: [GC (Allocation Failure)  343978K->10122K(1013248K), 0.0033553 secs]
253728.025: [GC (Allocation Failure)  334730K->10154K(1004544K), 0.0034586 secs]
253728.347: [GC (Allocation Failure)  326058K->10154K(996352K), 0.0035600 secs]
253728.680: [GC (Allocation Failure)  317866K->10154K(988160K), 0.0037133 secs]
253728.988: [GC (Allocation Failure)  309674K->10122K(1048064K), 0.0044716 secs]
253729.358: [GC (Allocation Failure)  369546K->10122K(1120256K), 0.0039249 secs]
253729.806: [GC (Allocation Failure)  441738K->10154K(1106944K), 0.0180441 secs]
253730.254: [GC (Allocation Failure)  428458K->10122K(1094144K), 0.0034558 secs]
253730.668: [GC (Allocation Failure)  415626K->10122K(1081856K), 0.0036635 secs]
253731.119: [GC (Allocation Failure)  403338K->10154K(1070080K), 0.0034763 secs]
253731.523: [GC (Allocation Failure)  391594K->10122K(1058816K), 0.0032523 secs]
253731.906: [GC (Allocation Failure)  380298K->10122K(1048064K), 0.0042340 secs]
253732.281: [GC (Allocation Failure)  369546K->10154K(1037824K), 0.0036394 secs]
253732.639: [GC (Allocation Failure)  359338K->10154K(1028096K), 0.0038568 secs]
253732.986: [GC (Allocation Failure)  349610K->10154K(1018880K), 0.0031518 secs]
253733.321: [GC (Allocation Failure)  340394K->10186K(1009664K), 0.0029504 secs]
253733.650: [GC (Allocation Failure)  331210K->10122K(1000960K), 0.0036760 secs]
253733.968: [GC (Allocation Failure)  322442K->10122K(992768K), 0.0032113 secs]
253734.295: [GC (Allocation Failure)  314250K->10154K(984576K), 0.0037346 secs]
253734.599: [GC (Allocation Failure)  306090K->10122K(1043968K), 0.0032603 secs]
253734.961: [GC (Allocation Failure)  365450K->10154K(1033728K), 0.0032201 secs]
253735.355: [GC (Allocation Failure)  355242K->10186K(1024000K), 0.0035593 secs]
253735.704: [GC (Allocation Failure)  345546K->10154K(1014784K), 0.0035711 secs]
253736.034: [GC (Allocation Failure)  336298K->10154K(1006080K), 0.0030572 secs]
253736.360: [GC (Allocation Failure)  327594K->10186K(1069568K), 0.0049791 secs]
253736.774: [GC (Allocation Failure)  391114K->10122K(1145856K), 0.0033632 secs]
253737.262: [GC (Allocation Failure)  467338K->10154K(1131520K), 0.0035688 secs]
253737.714: [GC (Allocation Failure)  453034K->10178K(1117696K), 0.0034070 secs]
253738.150: [GC (Allocation Failure)  439234K->10154K(1104384K), 0.0035026 secs]
253738.574: [GC (Allocation Failure)  425898K->10186K(1091584K), 0.0035688 secs]
253738.984: [GC (Allocation Failure)  413130K->10218K(1079808K), 0.0035780 secs]
253739.384: [GC (Allocation Failure)  401386K->10154K(1068032K), 0.0034021 secs]
253739.772: [GC (Allocation Failure)  389546K->10218K(1056768K), 0.0039906 secs]
253740.156: [GC (Allocation Failure)  378346K->10154K(1046016K), 0.0038401 secs]
253740.557: [GC (Allocation Failure)  367530K->10274K(1035776K), 0.0037022 secs]
253740.916: [GC (Allocation Failure)  357410K->10186K(1026048K), 0.0036131 secs]
253741.263: [GC (Allocation Failure)  347594K->10226K(1016832K), 0.0037594 secs]
253741.604: [GC (Allocation Failure)  338418K->10226K(1008128K), 0.0034959 secs]
253741.939: [GC (Allocation Failure)  329714K->10194K(999424K), 0.0034125 secs]
253742.259: [GC (Allocation Failure)  320978K->10226K(991232K), 0.0035731 secs]
253742.591: [GC (Allocation Failure)  312818K->10226K(983552K), 0.0030965 secs]
253742.896: [GC (Allocation Failure)  305138K->10234K(975872K), 0.0030960 secs]
253743.194: [GC (Allocation Failure)  297466K->10234K(968704K), 0.0033668 secs]
253743.481: [GC (Allocation Failure)  290298K->10210K(961536K), 0.0030303 secs]
253743.761: [GC (Allocation Failure)  283106K->10242K(1016320K), 0.0037938 secs]
253744.102: [GC (Allocation Failure)  337922K->10274K(1081856K), 0.0036156 secs]
253744.504: [GC (Allocation Failure)  403490K->10242K(1070080K), 0.0030764 secs]
253744.908: [GC (Allocation Failure)  391682K->10210K(1058816K), 0.0036457 secs]
253745.303: [GC (Allocation Failure)  380386K->10338K(1048064K), 0.0035212 secs]
253745.690: [GC (Allocation Failure)  369762K->10378K(1037824K), 0.0036612 secs]
253746.048: [GC (Allocation Failure)  359562K->10410K(1028096K), 0.0033120 secs]
253746.392: [GC (Allocation Failure)  349866K->10314K(1096192K), 0.0061245 secs]
253746.814: [GC (Allocation Failure)  417866K->10362K(1178112K), 0.0052050 secs]
253747.317: [GC (Allocation Failure)  499834K->10330K(1276416K), 0.0034321 secs]
253747.936: [GC (Allocation Failure)  598106K->10330K(1256448K), 0.0040013 secs]
253748.521: [GC (Allocation Failure)  578138K->10330K(1236992K), 0.0040002 secs]
253749.080: [GC (Allocation Failure)  558682K->10298K(1218560K), 0.0035574 secs]
253749.617: [GC (Allocation Failure)  540218K->10298K(1201152K), 0.0035144 secs]
253750.121: [GC (Allocation Failure)  522810K->10330K(1184256K), 0.0038416 secs]
253750.605: [GC (Allocation Failure)  505946K->10418K(1168384K), 0.0039437 secs]
253751.131: [GC (Allocation Failure)  490162K->10362K(1153024K), 0.0060701 secs]
253751.665: [GC (Allocation Failure)  474746K->10426K(1138176K), 0.0034440 secs]
253752.121: [GC (Allocation Failure)  459962K->10450K(1124352K), 0.0033081 secs]
253752.579: [GC (Allocation Failure)  446162K->10386K(1111040K), 0.0038554 secs]
253753.013: [GC (Allocation Failure)  432786K->10354K(1098240K), 0.0036419 secs]
253753.429: [GC (Allocation Failure)  419954K->10354K(1085952K), 0.0035689 secs]
253753.834: [GC (Allocation Failure)  407666K->10386K(1074176K), 0.0036139 secs]
253754.226: [GC (Allocation Failure)  395922K->10354K(1062912K), 0.0051449 secs]
253754.615: [GC (Allocation Failure)  384626K->10386K(1052160K), 0.0032199 secs]
253754.984: [GC (Allocation Failure)  373906K->10386K(1041920K), 0.0038422 secs]
253755.345: [GC (Allocation Failure)  363666K->10354K(1032192K), 0.0037702 secs]
253755.707: [GC (Allocation Failure)  353906K->10386K(1022464K), 0.0036296 secs]
253756.071: [GC (Allocation Failure)  344210K->10386K(1013248K), 0.0042495 secs]
253756.424: [GC (Allocation Failure)  334994K->10386K(1004544K), 0.0031461 secs]
253756.758: [GC (Allocation Failure)  326290K->10386K(1068032K), 0.0042834 secs]
253757.158: [GC (Allocation Failure)  389778K->10354K(1144320K), 0.0045945 secs]
253757.635: [GC (Allocation Failure)  466034K->10354K(1129984K), 0.0036508 secs]
253758.083: [GC (Allocation Failure)  451698K->10386K(1116160K), 0.0035293 secs]
253758.518: [GC (Allocation Failure)  437906K->10354K(1102848K), 0.0031555 secs]
253758.954: [GC (Allocation Failure)  424562K->10386K(1090560K), 0.0035609 secs]
253759.333: [GC (Allocation Failure)  412306K->10354K(1078784K), 0.0035671 secs]
253759.716: [GC (Allocation Failure)  400498K->10386K(1067520K), 0.0033957 secs]
253760.102: [GC (Allocation Failure)  389266K->10354K(1056256K), 0.0036679 secs]
253760.477: [GC (Allocation Failure)  377970K->10386K(1045504K), 0.0033679 secs]
253760.841: [GC (Allocation Failure)  367250K->10354K(1035264K), 0.0036182 secs]
253761.193: [GC (Allocation Failure)  356978K->10354K(1025536K), 0.0037765 secs]
253761.535: [GC (Allocation Failure)  347250K->10418K(1016320K), 0.0034322 secs]
253761.870: [GC (Allocation Failure)  338098K->10386K(1007616K), 0.0034327 secs]
253762.210: [GC (Allocation Failure)  329362K->10386K(998912K), 0.0040055 secs]
253762.530: [GC (Allocation Failure)  320658K->10386K(1061376K), 0.0039446 secs]
253762.911: [GC (Allocation Failure)  383122K->10386K(1136128K), 0.0034199 secs]
253763.404: [GC (Allocation Failure)  457874K->10386K(1122304K), 0.0032861 secs]
253763.852: [GC (Allocation Failure)  444050K->10354K(1108992K), 0.0034674 secs]
253764.303: [GC (Allocation Failure)  430706K->10354K(1096192K), 0.0039352 secs]
253764.718: [GC (Allocation Failure)  417906K->10386K(1083904K), 0.0036148 secs]
253765.148: [GC (Allocation Failure)  405650K->10354K(1072128K), 0.0043830 secs]
253765.543: [GC (Allocation Failure)  393842K->10354K(1060864K), 0.0035792 secs]
253765.969: [GC (Allocation Failure)  382578K->10354K(1050112K), 0.0058012 secs]
253766.370: [GC (Allocation Failure)  371826K->10386K(1039872K), 0.0031613 secs]
253766.751: [GC (Allocation Failure)  361618K->10386K(1030144K), 0.0035366 secs]
253767.098: [GC (Allocation Failure)  351890K->10386K(1020928K), 0.0033935 secs]
253767.450: [GC (Allocation Failure)  342674K->10354K(1011712K), 0.0036959 secs]
253767.774: [GC (Allocation Failure)  333426K->10354K(1076736K), 0.0040030 secs]
253768.177: [GC (Allocation Failure)  398450K->10386K(1065472K), 0.0034060 secs]
253768.559: [GC (Allocation Failure)  387218K->10386K(1054720K), 0.0035716 secs]
253768.931: [GC (Allocation Failure)  376466K->10354K(1044480K), 0.0038388 secs]
253769.295: [GC (Allocation Failure)  366194K->10354K(1034240K), 0.0035937 secs]
253769.661: [GC (Allocation Failure)  355954K->10418K(1024512K), 0.0040251 secs]
253770.006: [GC (Allocation Failure)  346290K->10578K(1015296K), 0.0028361 secs]
253770.342: [GC (Allocation Failure)  337234K->10490K(1006592K), 0.0034083 secs]
253770.667: [GC (Allocation Failure)  328442K->10434K(997888K), 0.0035930 secs]
253770.984: [GC (Allocation Failure)  319682K->10434K(989696K), 0.0033784 secs]
253771.318: [GC (Allocation Failure)  311490K->10434K(1050112K), 0.0037076 secs]
253771.685: [GC (Allocation Failure)  371906K->10530K(1039872K), 0.0036183 secs]
253772.044: [GC (Allocation Failure)  361762K->10562K(1110528K), 0.0041149 secs]
253772.479: [GC (Allocation Failure)  432450K->10602K(1097728K), 0.0041191 secs]
253772.900: [GC (Allocation Failure)  419690K->10602K(1085440K), 0.0039825 secs]
253773.308: [GC (Allocation Failure)  407402K->10602K(1073664K), 0.0034102 secs]
253773.703: [GC (Allocation Failure)  395626K->10586K(1150976K), 0.0051534 secs]
253774.189: [GC (Allocation Failure)  472922K->10586K(1136640K), 0.0033124 secs]
253774.645: [GC (Allocation Failure)  458586K->10618K(1122816K), 0.0032106 secs]
253775.086: [GC (Allocation Failure)  444794K->10682K(1109504K), 0.0037309 secs]
253775.523: [GC (Allocation Failure)  431546K->10642K(1096704K), 0.0041049 secs]
253775.951: [GC (Allocation Failure)  418706K->10650K(1084416K), 0.0035532 secs]
253776.359: [GC (Allocation Failure)  406426K->10650K(1072640K), 0.0032750 secs]
253776.813: [GC (Allocation Failure)  394650K->10618K(1061376K), 0.0044758 secs]
253777.208: [GC (Allocation Failure)  383354K->10650K(1050624K), 0.0037284 secs]
253777.600: [GC (Allocation Failure)  372634K->10714K(1040384K), 0.0031389 secs]
253777.961: [GC (Allocation Failure)  362458K->10698K(1030656K), 0.0044984 secs]
253778.340: [GC (Allocation Failure)  352714K->10698K(1020928K), 0.0036546 secs]
253778.684: [GC (Allocation Failure)  342986K->10698K(1011712K), 0.0035890 secs]
253779.016: [GC (Allocation Failure)  333770K->10698K(1003008K), 0.0035159 secs]
253779.338: [GC (Allocation Failure)  325066K->10698K(994816K), 0.0035540 secs]
253779.651: [GC (Allocation Failure)  316874K->10746K(986624K), 0.0030033 secs]
253779.956: [GC (Allocation Failure)  308730K->10706K(1046528K), 0.0034554 secs]
253780.324: [GC (Allocation Failure)  368594K->10706K(1036288K), 0.0035669 secs]
253780.678: [GC (Allocation Failure)  358354K->10802K(1105920K), 0.0042020 secs]
253781.111: [GC (Allocation Failure)  428082K->10722K(1093120K), 0.0038684 secs]
253781.525: [GC (Allocation Failure)  415202K->10722K(1080832K), 0.0038837 secs]
253781.929: [GC (Allocation Failure)  402914K->10722K(1069056K), 0.0036690 secs]
253782.321: [GC (Allocation Failure)  391138K->10818K(1057792K), 0.0032286 secs]
253782.699: [GC (Allocation Failure)  379970K->10794K(1047040K), 0.0034584 secs]
253783.067: [GC (Allocation Failure)  369194K->10834K(1036800K), 0.0034561 secs]
253783.424: [GC (Allocation Failure)  358994K->10802K(1027072K), 0.0035979 secs]
253783.770: [GC (Allocation Failure)  349234K->10802K(1017856K), 0.0035109 secs]
253784.106: [GC (Allocation Failure)  340018K->10802K(1008640K), 0.0036954 secs]
253784.435: [GC (Allocation Failure)  330802K->10866K(999936K), 0.0036321 secs]
253784.752: [GC (Allocation Failure)  322162K->10850K(991744K), 0.0030902 secs]
253785.061: [GC (Allocation Failure)  313954K->10866K(984064K), 0.0032936 secs]
253785.364: [GC (Allocation Failure)  306290K->10834K(1043456K), 0.0036049 secs]
253785.726: [GC (Allocation Failure)  365650K->10802K(1114624K), 0.0036650 secs]
253786.160: [GC (Allocation Failure)  436786K->10802K(1101824K), 0.0035965 secs]
253786.580: [GC (Allocation Failure)  423986K->10866K(1089536K), 0.0036348 secs]
253787.014: [GC (Allocation Failure)  411762K->10842K(1077760K), 0.0038663 secs]
253787.411: [GC (Allocation Failure)  399962K->10842K(1066496K), 0.0041269 secs]
253787.797: [GC (Allocation Failure)  388698K->10874K(1055744K), 0.0041342 secs]
253788.218: [GC (Allocation Failure)  377978K->10842K(1044992K), 0.0039148 secs]
253788.585: [GC (Allocation Failure)  367194K->10842K(1034752K), 0.0039098 secs]
253788.938: [GC (Allocation Failure)  356954K->10810K(1025024K), 0.0040062 secs]
253789.296: [GC (Allocation Failure)  347194K->10810K(1015808K), 0.0034119 secs]
253789.632: [GC (Allocation Failure)  337978K->10810K(1007104K), 0.0028679 secs]
253789.959: [GC (Allocation Failure)  329274K->10810K(1071104K), 0.0045682 secs]
253790.353: [GC (Allocation Failure)  393274K->10842K(1147904K), 0.0041967 secs]
253790.824: [GC (Allocation Failure)  470106K->10810K(1133568K), 0.0037956 secs]
253791.281: [GC (Allocation Failure)  455738K->10842K(1119744K), 0.0036341 secs]
253791.725: [GC (Allocation Failure)  441946K->10842K(1106432K), 0.0031447 secs]
253792.174: [GC (Allocation Failure)  428634K->10810K(1093632K), 0.0031133 secs]
253792.592: [GC (Allocation Failure)  415802K->10874K(1081344K), 0.0046934 secs]
253792.998: [GC (Allocation Failure)  403578K->10810K(1069568K), 0.0035344 secs]
253793.389: [GC (Allocation Failure)  391738K->10842K(1058304K), 0.0028526 secs]
253793.765: [GC (Allocation Failure)  380506K->10810K(1047552K), 0.0043397 secs]
253794.131: [GC (Allocation Failure)  369722K->10842K(1037312K), 0.0037150 secs]
253794.487: [GC (Allocation Failure)  359514K->10842K(1027584K), 0.0034862 secs]
253794.853: [GC (Allocation Failure)  349786K->10842K(1018368K), 0.0034164 secs]
253795.226: [GC (Allocation Failure)  340570K->10850K(1009152K), 0.0034332 secs]
253795.556: [GC (Allocation Failure)  331362K->10850K(1000448K), 0.0032176 secs]
253795.879: [GC (Allocation Failure)  322658K->10850K(992256K), 0.0032917 secs]
253796.206: [GC (Allocation Failure)  314466K->10818K(984064K), 0.0032570 secs]
253796.509: [GC (Allocation Failure)  306242K->10818K(976384K), 0.0035092 secs]
253796.807: [GC (Allocation Failure)  298562K->10882K(969216K), 0.0068806 secs]
253797.103: [GC (Allocation Failure)  291458K->10946K(1025536K), 0.0031914 secs]
253797.448: [GC (Allocation Failure)  347842K->10866K(1016320K), 0.0025978 secs]
253797.806: [GC (Allocation Failure)  338546K->10842K(1007616K), 0.0036823 secs]
253798.137: [GC (Allocation Failure)  329818K->10874K(998912K), 0.0036693 secs]
253798.455: [GC (Allocation Failure)  321146K->10874K(990720K), 0.0032085 secs]
253798.764: [GC (Allocation Failure)  312954K->10874K(983040K), 0.0031955 secs]
253799.066: [GC (Allocation Failure)  305274K->10906K(975360K), 0.0027612 secs]
253799.361: [GC (Allocation Failure)  297626K->10874K(968192K), 0.0031769 secs]
253799.646: [GC (Allocation Failure)  290426K->10938K(961024K), 0.0030393 secs]
253799.929: [GC (Allocation Failure)  283322K->10874K(954368K), 0.0029623 secs]
253800.219: [GC (Allocation Failure)  276602K->10874K(1007616K), 0.0034635 secs]
253800.548: [GC (Allocation Failure)  329850K->10874K(1071616K), 0.0035444 secs]
253800.942: [GC (Allocation Failure)  393850K->10906K(1060352K), 0.0033461 secs]
253801.338: [GC (Allocation Failure)  382618K->10874K(1049600K), 0.0035241 secs]
253801.714: [GC (Allocation Failure)  371834K->10874K(1039360K), 0.0025384 secs]
253802.077: [GC (Allocation Failure)  361594K->10906K(1029632K), 0.0029971 secs]
253802.450: [GC (Allocation Failure)  351898K->10842K(1020416K), 0.0034660 secs]
253802.790: [GC (Allocation Failure)  342618K->10874K(1011200K), 0.0029226 secs]
253803.121: [GC (Allocation Failure)  333434K->10842K(1002496K), 0.0044951 secs]
253803.444: [GC (Allocation Failure)  324698K->10882K(994304K), 0.0032309 secs]
253803.757: [GC (Allocation Failure)  316546K->10914K(986112K), 0.0031661 secs]
253804.062: [GC (Allocation Failure)  308386K->10914K(1046016K), 0.0035881 secs]
253804.429: [GC (Allocation Failure)  368290K->10882K(1035776K), 0.0028409 secs]
253804.785: [GC (Allocation Failure)  358018K->10882K(1026048K), 0.0035465 secs]
253805.129: [GC (Allocation Failure)  348290K->10858K(1016832K), 0.0035446 secs]
253805.467: [GC (Allocation Failure)  339050K->10890K(1008128K), 0.0031057 secs]
253805.793: [GC (Allocation Failure)  330378K->10890K(999424K), 0.0030498 secs]
253806.134: [GC (Allocation Failure)  321674K->10890K(991232K), 0.0031320 secs]
253806.444: [GC (Allocation Failure)  313482K->10890K(983552K), 0.0036424 secs]
253806.767: [GC (Allocation Failure)  305802K->10922K(975872K), 0.0028296 secs]
253807.062: [GC (Allocation Failure)  298154K->10890K(968704K), 0.0033307 secs]
253807.354: [GC (Allocation Failure)  290954K->10890K(961536K), 0.0026118 secs]
253807.649: [GC (Allocation Failure)  283786K->10890K(1016320K), 0.0036463 secs]
253808.003: [GC (Allocation Failure)  338570K->10890K(1007616K), 0.0035075 secs]
253808.333: [GC (Allocation Failure)  329866K->10890K(1071616K), 0.0035622 secs]
253808.748: [GC (Allocation Failure)  393866K->10890K(1060352K), 0.0037704 secs]
253809.129: [GC (Allocation Failure)  382602K->10858K(1049600K), 0.0034214 secs]
253809.499: [GC (Allocation Failure)  371818K->10890K(1039360K), 0.0030978 secs]
253809.925: [GC (Allocation Failure)  361610K->10858K(1029632K), 0.0034024 secs]
253810.276: [GC (Allocation Failure)  351850K->10890K(1020416K), 0.0138054 secs]
253810.630: [GC (Allocation Failure)  342666K->10858K(1011200K), 0.0033542 secs]
253810.980: [GC (Allocation Failure)  333418K->10826K(1002496K), 0.0028476 secs]
253811.300: [GC (Allocation Failure)  324682K->10890K(994304K), 0.0031253 secs]
253811.646: [GC (Allocation Failure)  316554K->10890K(986112K), 0.0026417 secs]
253811.954: [GC (Allocation Failure)  308362K->10890K(978432K), 0.0032909 secs]
253812.253: [GC (Allocation Failure)  300682K->10922K(971264K), 0.0031507 secs]
253812.545: [GC (Allocation Failure)  293546K->10826K(964096K), 0.0032504 secs]
253812.851: [GC (Allocation Failure)  286282K->10890K(957440K), 0.0035750 secs]
253813.127: [GC (Allocation Failure)  279690K->10858K(1011200K), 0.0035257 secs]
253813.459: [GC (Allocation Failure)  333418K->10890K(1075712K), 0.0037222 secs]
253813.854: [GC (Allocation Failure)  397962K->10922K(1153536K), 0.0034196 secs]
253814.362: [GC (Allocation Failure)  475818K->10890K(1138688K), 0.0032320 secs]
253814.822: [GC (Allocation Failure)  460938K->10922K(1124864K), 0.0030261 secs]
253815.267: [GC (Allocation Failure)  447146K->10890K(1111552K), 0.0599708 secs]
253815.766: [GC (Allocation Failure)  433802K->10858K(1098752K), 0.0030872 secs]
253816.203: [GC (Allocation Failure)  420970K->10890K(1086464K), 0.0032870 secs]
253816.608: [GC (Allocation Failure)  408714K->10890K(1074688K), 0.0029090 secs]
253817.002: [GC (Allocation Failure)  396938K->10890K(1063424K), 0.0033943 secs]
253817.421: [GC (Allocation Failure)  385674K->10890K(1052672K), 0.0041527 secs]
253817.792: [GC (Allocation Failure)  374922K->10858K(1042432K), 0.0036591 secs]
253818.154: [GC (Allocation Failure)  364650K->10890K(1032704K), 0.0032768 secs]
253818.505: [GC (Allocation Failure)  354954K->10890K(1022976K), 0.0032280 secs]
253818.853: [GC (Allocation Failure)  345226K->10890K(1013760K), 0.0041264 secs]
253819.206: [GC (Allocation Failure)  336010K->10858K(1005056K), 0.0034989 secs]
253819.531: [GC (Allocation Failure)  327274K->10858K(996352K), 0.0031194 secs]
253819.862: [GC (Allocation Failure)  318570K->10890K(988160K), 0.0032027 secs]
253820.169: [GC (Allocation Failure)  310410K->10890K(1048064K), 0.0043563 secs]
253820.609: [GC (Allocation Failure)  370314K->10890K(1037824K), 0.0031306 secs]
253820.970: [GC (Allocation Failure)  360074K->10890K(1028096K), 0.0035166 secs]
253821.324: [GC (Allocation Failure)  350346K->10858K(1018880K), 0.0032959 secs]
253821.669: [GC (Allocation Failure)  341098K->10922K(1009664K), 0.0036761 secs]
253821.997: [GC (Allocation Failure)  331946K->10890K(1000960K), 0.0035519 secs]
253822.327: [GC (Allocation Failure)  323210K->10954K(992768K), 0.0027233 secs]
253822.642: [GC (Allocation Failure)  315082K->10858K(984576K), 0.0033832 secs]
253822.947: [GC (Allocation Failure)  306794K->10890K(976896K), 0.0033698 secs]
253823.274: [GC (Allocation Failure)  299146K->10890K(1034752K), 0.0036227 secs]
253823.628: [GC (Allocation Failure)  357002K->10858K(1025024K), 0.0035950 secs]
253823.971: [GC (Allocation Failure)  347242K->10858K(1015808K), 0.0035826 secs]
253824.305: [GC (Allocation Failure)  338026K->10858K(1081344K), 0.0041205 secs]
253824.709: [GC (Allocation Failure)  403562K->10890K(1069568K), 0.0033063 secs]
253825.138: [GC (Allocation Failure)  391818K->10858K(1058304K), 0.0042026 secs]
253825.521: [GC (Allocation Failure)  380522K->10890K(1132544K), 0.0042878 secs]
253825.977: [GC (Allocation Failure)  454794K->10890K(1118720K), 0.0041400 secs]
253826.422: [GC (Allocation Failure)  440970K->10890K(1105408K), 0.0035882 secs]
253826.851: [GC (Allocation Failure)  427658K->10858K(1092608K), 0.0030671 secs]
253827.267: [GC (Allocation Failure)  414826K->10858K(1080320K), 0.0036111 secs]
253827.669: [GC (Allocation Failure)  402538K->10890K(1068544K), 0.0038544 secs]
253828.059: [GC (Allocation Failure)  390794K->10890K(1057280K), 0.0031260 secs]
253828.485: [GC (Allocation Failure)  379530K->10890K(1046528K), 0.0038234 secs]
253828.849: [GC (Allocation Failure)  368778K->10866K(1036288K), 0.0030100 secs]
253829.203: [GC (Allocation Failure)  358514K->10866K(1026560K), 0.0038470 secs]
253829.550: [GC (Allocation Failure)  348786K->10898K(1017344K), 0.0037888 secs]
253829.890: [GC (Allocation Failure)  339602K->10866K(1008640K), 0.0039842 secs]
253830.218: [GC (Allocation Failure)  330866K->10898K(999936K), 0.0034650 secs]
253830.538: [GC (Allocation Failure)  322194K->10866K(1062400K), 0.0035014 secs]
253830.921: [GC (Allocation Failure)  384626K->10898K(1051648K), 0.0033425 secs]
253831.292: [GC (Allocation Failure)  373906K->10898K(1041408K), 0.0029050 secs]
253831.670: [GC (Allocation Failure)  363666K->10898K(1031680K), 0.0035729 secs]
253832.021: [GC (Allocation Failure)  353938K->10898K(1021952K), 0.0039311 secs]
253832.363: [GC (Allocation Failure)  344210K->10930K(1012736K), 0.0038164 secs]
253832.695: [GC (Allocation Failure)  335026K->10898K(1004032K), 0.0034331 secs]
253833.016: [GC (Allocation Failure)  326290K->10866K(1067520K), 0.0036335 secs]
253833.402: [GC (Allocation Failure)  389746K->10930K(1056256K), 0.0029117 secs]
253833.829: [GC (Allocation Failure)  378546K->10866K(1045504K), 0.0035742 secs]
253834.196: [GC (Allocation Failure)  367730K->10930K(1035264K), 0.0033543 secs]
253834.566: [GC (Allocation Failure)  357554K->10866K(1025536K), 0.0031547 secs]
253834.916: [GC (Allocation Failure)  347762K->10898K(1016320K), 0.0038307 secs]
253835.255: [GC (Allocation Failure)  338578K->10898K(1007616K), 0.0030854 secs]
253835.589: [GC (Allocation Failure)  329874K->10866K(998912K), 0.0036500 secs]
253835.923: [GC (Allocation Failure)  321138K->10866K(1061376K), 0.0050755 secs]
253836.311: [GC (Allocation Failure)  383602K->10930K(1136128K), 0.0034120 secs]
253836.768: [GC (Allocation Failure)  458418K->10866K(1122304K), 0.0041323 secs]
253837.240: [GC (Allocation Failure)  444530K->10866K(1108992K), 0.0034580 secs]
253837.672: [GC (Allocation Failure)  431218K->10898K(1096192K), 0.0034906 secs]
253838.087: [GC (Allocation Failure)  418450K->10898K(1083904K), 0.0034260 secs]
253838.490: [GC (Allocation Failure)  406162K->10866K(1072128K), 0.0034538 secs]
253838.916: [GC (Allocation Failure)  394354K->10898K(1060864K), 0.0031140 secs]
253839.296: [GC (Allocation Failure)  383122K->10866K(1050112K), 0.0036361 secs]
253839.664: [GC (Allocation Failure)  372338K->10898K(1039872K), 0.0031049 secs]
253840.022: [GC (Allocation Failure)  362130K->10866K(1030144K), 0.0048244 secs]
253840.373: [GC (Allocation Failure)  352370K->10866K(1020928K), 0.0033582 secs]
253840.713: [GC (Allocation Failure)  343154K->10866K(1087488K), 0.0041910 secs]
253841.121: [GC (Allocation Failure)  409714K->10898K(1075712K), 0.0034621 secs]
253841.518: [GC (Allocation Failure)  397970K->10898K(1064448K), 0.0036662 secs]
253841.904: [GC (Allocation Failure)  386706K->10898K(1053696K), 0.0026211 secs]
253842.278: [GC (Allocation Failure)  375954K->10930K(1043456K), 0.0035538 secs]
253842.642: [GC (Allocation Failure)  365746K->10930K(1033216K), 0.0031410 secs]
253843.004: [GC (Allocation Failure)  355506K->10898K(1023488K), 0.0035931 secs]
253843.349: [GC (Allocation Failure)  345746K->10898K(1014272K), 0.0035414 secs]
253843.688: [GC (Allocation Failure)  336530K->10898K(1079808K), 0.0044904 secs]
253844.128: [GC (Allocation Failure)  402066K->10898K(1068032K), 0.0039630 secs]
253844.514: [GC (Allocation Failure)  390290K->10866K(1056768K), 0.0040680 secs]
253844.894: [GC (Allocation Failure)  378994K->10898K(1046016K), 0.0034212 secs]
253845.277: [GC (Allocation Failure)  368274K->10866K(1035776K), 0.0036847 secs]
253845.631: [GC (Allocation Failure)  358002K->10898K(1026048K), 0.0038873 secs]
253845.976: [GC (Allocation Failure)  348306K->10898K(1016832K), 0.0031896 secs]
253846.311: [GC (Allocation Failure)  339090K->10898K(1008128K), 0.0034899 secs]
253846.636: [GC (Allocation Failure)  330386K->10898K(1072128K), 0.0037070 secs]
253847.032: [GC (Allocation Failure)  394386K->10866K(1060864K), 0.0032178 secs]
253847.410: [GC (Allocation Failure)  383090K->10898K(1050112K), 0.0040227 secs]
253847.799: [GC (Allocation Failure)  372370K->10834K(1039872K), 0.0034095 secs]
253848.158: [GC (Allocation Failure)  362066K->10866K(1030144K), 0.0035070 secs]
253848.524: [GC (Allocation Failure)  352370K->10898K(1020928K), 0.0037901 secs]
253848.866: [GC (Allocation Failure)  343186K->10898K(1011712K), 0.0027999 secs]
253849.194: [GC (Allocation Failure)  333970K->10866K(1003008K), 0.0036695 secs]
253849.517: [GC (Allocation Failure)  325234K->10962K(994816K), 0.0030802 secs]
253849.831: [GC (Allocation Failure)  317138K->10866K(986624K), 0.0033190 secs]
253850.137: [GC (Allocation Failure)  308850K->10898K(978944K), 0.0035416 secs]
253850.435: [GC (Allocation Failure)  301202K->10898K(1037312K), 0.0033045 secs]
253850.823: [GC (Allocation Failure)  359570K->10866K(1027584K), 0.0032129 secs]
253851.171: [GC (Allocation Failure)  349810K->10898K(1018368K), 0.0031776 secs]
253851.508: [GC (Allocation Failure)  340626K->10866K(1009152K), 0.0031399 secs]
253851.837: [GC (Allocation Failure)  331378K->10898K(1000448K), 0.0031771 secs]
253852.162: [GC (Allocation Failure)  322706K->10866K(992256K), 0.0032155 secs]
253852.476: [GC (Allocation Failure)  314482K->10898K(984064K), 0.0035090 secs]
253852.781: [GC (Allocation Failure)  306322K->10898K(976384K), 0.0027790 secs]
253853.074: [GC (Allocation Failure)  298642K->10866K(1034240K), 0.0036821 secs]
253853.425: [GC (Allocation Failure)  356466K->10866K(1024512K), 0.0032362 secs]
253853.770: [GC (Allocation Failure)  346738K->10930K(1092096K), 0.0038543 secs]
253854.201: [GC (Allocation Failure)  414386K->10930K(1079808K), 0.0032041 secs]
253854.601: [GC (Allocation Failure)  402098K->10866K(1068032K), 0.0032891 secs]
253854.988: [GC (Allocation Failure)  390258K->10898K(1056768K), 0.0034763 secs]
253855.364: [GC (Allocation Failure)  379026K->10898K(1046016K), 0.0043441 secs]
253855.731: [GC (Allocation Failure)  368274K->10866K(1035776K), 0.0031328 secs]
253856.089: [GC (Allocation Failure)  358002K->10866K(1026048K), 0.0032297 secs]
253856.458: [GC (Allocation Failure)  348274K->10898K(1016832K), 0.0035169 secs]
253856.793: [GC (Allocation Failure)  339090K->10898K(1008128K), 0.0030336 secs]
253857.121: [GC (Allocation Failure)  330386K->10898K(999424K), 0.0031093 secs]
253857.463: [GC (Allocation Failure)  321682K->10866K(991232K), 0.0033539 secs]
253857.784: [GC (Allocation Failure)  313458K->10866K(983552K), 0.0034312 secs]
253858.086: [GC (Allocation Failure)  305778K->10866K(1042944K), 0.0037588 secs]
253858.452: [GC (Allocation Failure)  365170K->10898K(1032704K), 0.0034424 secs]
253858.803: [GC (Allocation Failure)  354962K->10898K(1022976K), 0.0037929 secs]
253859.149: [GC (Allocation Failure)  345234K->10866K(1013760K), 0.0032239 secs]
253859.482: [GC (Allocation Failure)  335986K->10938K(1005056K), 0.0031547 secs]
253859.844: [GC (Allocation Failure)  327354K->10906K(996352K), 0.0032491 secs]
253860.159: [GC (Allocation Failure)  318618K->10906K(988160K), 0.0030724 secs]
253860.469: [GC (Allocation Failure)  310426K->10890K(980480K), 0.0032334 secs]
253860.783: [GC (Allocation Failure)  302730K->10890K(1038848K), 0.0063498 secs]
253861.147: [GC (Allocation Failure)  361098K->10922K(1108992K), 0.0030196 secs]
253861.578: [GC (Allocation Failure)  431274K->10922K(1193472K), 0.0036074 secs]
253862.097: [GC (Allocation Failure)  515754K->10922K(1177088K), 0.0034106 secs]
253862.649: [GC (Allocation Failure)  499370K->10898K(1161216K), 0.0033987 secs]
253863.129: [GC (Allocation Failure)  483474K->10930K(1146368K), 0.0043985 secs]
253863.597: [GC (Allocation Failure)  468658K->10906K(1132032K), 0.0035082 secs]
253864.048: [GC (Allocation Failure)  454298K->10906K(1118208K), 0.0035296 secs]
253864.485: [GC (Allocation Failure)  440474K->10970K(1104896K), 0.0030683 secs]
253864.962: [GC (Allocation Failure)  427226K->10938K(1092096K), 0.0034555 secs]
253865.435: [GC (Allocation Failure)  414394K->10938K(1079808K), 0.0030423 secs]
253865.835: [GC (Allocation Failure)  402106K->10906K(1068032K), 0.0033251 secs]
253866.239: [GC (Allocation Failure)  390298K->10938K(1056768K), 0.0033178 secs]
253866.642: [GC (Allocation Failure)  379066K->10906K(1046016K), 0.0033355 secs]
253867.005: [GC (Allocation Failure)  368282K->10938K(1035776K), 0.0031277 secs]
253867.380: [GC (Allocation Failure)  358074K->10938K(1026048K), 0.0032994 secs]
253867.724: [GC (Allocation Failure)  348346K->10938K(1016832K), 0.0027005 secs]
253868.062: [GC (Allocation Failure)  339130K->10938K(1008128K), 0.0047686 secs]
253868.393: [GC (Allocation Failure)  330426K->10938K(999424K), 0.0035226 secs]
253868.711: [GC (Allocation Failure)  321722K->10938K(991232K), 0.0035355 secs]
253869.020: [GC (Allocation Failure)  313530K->10938K(1052160K), 0.0043889 secs]
253869.391: [GC (Allocation Failure)  374458K->10938K(1124864K), 0.0034038 secs]
253869.859: [GC (Allocation Failure)  447162K->10970K(1111552K), 0.0033569 secs]
253870.289: [GC (Allocation Failure)  433882K->10970K(1098752K), 0.0035675 secs]
253870.708: [GC (Allocation Failure)  421082K->10938K(1086464K), 0.0030382 secs]
253871.116: [GC (Allocation Failure)  408762K->10938K(1074688K), 0.0032639 secs]
253871.510: [GC (Allocation Failure)  396986K->10906K(1063424K), 0.0035834 secs]
253871.919: [GC (Allocation Failure)  385690K->10938K(1052672K), 0.0035641 secs]
253872.291: [GC (Allocation Failure)  374970K->10906K(1042432K), 0.0036408 secs]
253872.669: [GC (Allocation Failure)  364698K->10906K(1032704K), 0.0038122 secs]
253873.020: [GC (Allocation Failure)  354970K->10906K(1022976K), 0.0030570 secs]
253873.360: [GC (Allocation Failure)  345242K->10938K(1013760K), 0.0036095 secs]
253873.692: [GC (Allocation Failure)  336058K->10906K(1005056K), 0.0033661 secs]
253874.050: [GC (Allocation Failure)  327322K->10938K(996352K), 0.0028421 secs]
253874.369: [GC (Allocation Failure)  318650K->10938K(988160K), 0.0032561 secs]
253874.678: [GC (Allocation Failure)  310458K->10938K(980480K), 0.0034372 secs]
253874.991: [GC (Allocation Failure)  302778K->10906K(972800K), 0.0032253 secs]
253875.300: [GC (Allocation Failure)  295066K->10938K(965632K), 0.0035988 secs]
253875.585: [GC (Allocation Failure)  287930K->10906K(1021440K), 0.0032241 secs]
253875.925: [GC (Allocation Failure)  343706K->10938K(1088000K), 0.0034421 secs]
253876.332: [GC (Allocation Failure)  410298K->10914K(1076224K), 0.0033876 secs]
253876.786: [GC (Allocation Failure)  398498K->10946K(1064960K), 0.0033260 secs]
253877.170: [GC (Allocation Failure)  387266K->10914K(1054208K), 0.0035046 secs]
253877.560: [GC (Allocation Failure)  376482K->10946K(1043968K), 0.0039211 secs]
253877.924: [GC (Allocation Failure)  366274K->10946K(1033728K), 0.0036700 secs]
253878.277: [GC (Allocation Failure)  356034K->10914K(1024000K), 0.0041956 secs]
253878.631: [GC (Allocation Failure)  346274K->10978K(1014784K), 0.0033354 secs]
253878.975: [GC (Allocation Failure)  337122K->10946K(1080320K), 0.0042948 secs]
253879.375: [GC (Allocation Failure)  402626K->10914K(1068544K), 0.0032590 secs]
253879.763: [GC (Allocation Failure)  390818K->10946K(1057280K), 0.0039636 secs]
253880.156: [GC (Allocation Failure)  379586K->10914K(1046528K), 0.0037707 secs]
253880.581: [GC (Allocation Failure)  368802K->10914K(1036288K), 0.0031302 secs]
253880.934: [GC (Allocation Failure)  358562K->10946K(1026560K), 0.0040183 secs]
253881.282: [GC (Allocation Failure)  348866K->10914K(1017344K), 0.0039279 secs]
253881.622: [GC (Allocation Failure)  339618K->10914K(1083392K), 0.0038373 secs]
253882.027: [GC (Allocation Failure)  405666K->10914K(1071616K), 0.0034967 secs]
253882.419: [GC (Allocation Failure)  393890K->10946K(1060352K), 0.0034993 secs]
253882.799: [GC (Allocation Failure)  382658K->10978K(1049600K), 0.0032490 secs]
253883.174: [GC (Allocation Failure)  371938K->10946K(1039360K), 0.0037812 secs]
253883.537: [GC (Allocation Failure)  361666K->10978K(1029632K), 0.0034200 secs]
253883.887: [GC (Allocation Failure)  351970K->10946K(1020416K), 0.0034609 secs]
253884.228: [GC (Allocation Failure)  342722K->10946K(1011200K), 0.0036635 secs]
253884.558: [GC (Allocation Failure)  333506K->10914K(1002496K), 0.0029693 secs]
253884.879: [GC (Allocation Failure)  324770K->10946K(994304K), 0.0033148 secs]
253885.209: [GC (Allocation Failure)  316610K->11010K(986112K), 0.0034212 secs]
253885.550: [GC (Allocation Failure)  308482K->10946K(978432K), 0.0036906 secs]
253885.847: [GC (Allocation Failure)  300738K->10978K(1036800K), 0.0037174 secs]
253886.207: [GC (Allocation Failure)  359138K->10946K(1106432K), 0.0039409 secs]
253886.638: [GC (Allocation Failure)  428738K->10914K(1093632K), 0.0035512 secs]
253887.053: [GC (Allocation Failure)  415906K->10946K(1081344K), 0.0039628 secs]
253887.459: [GC (Allocation Failure)  403650K->10946K(1069568K), 0.0040418 secs]
253887.850: [GC (Allocation Failure)  391874K->10946K(1058304K), 0.0037261 secs]
253888.229: [GC (Allocation Failure)  380610K->10978K(1047552K), 0.0035860 secs]
253888.598: [GC (Allocation Failure)  369890K->10914K(1037312K), 0.0033418 secs]
253888.954: [GC (Allocation Failure)  359586K->10914K(1027584K), 0.0038795 secs]
253889.312: [GC (Allocation Failure)  349858K->10914K(1018368K), 0.0041107 secs]
253889.684: [GC (Allocation Failure)  340642K->10914K(1009152K), 0.0036361 secs]
253890.015: [GC (Allocation Failure)  331426K->10946K(1073664K), 0.0043668 secs]
253890.409: [GC (Allocation Failure)  395970K->10946K(1150976K), 0.0035027 secs]
253890.914: [GC (Allocation Failure)  473282K->10922K(1136640K), 0.0041213 secs]
253891.371: [GC (Allocation Failure)  458922K->10986K(1122816K), 0.0032575 secs]
253891.872: [GC (Allocation Failure)  445162K->10978K(1109504K), 0.0033431 secs]
253892.302: [GC (Allocation Failure)  431842K->10946K(1096704K), 0.0034083 secs]
253892.718: [GC (Allocation Failure)  419010K->10978K(1084416K), 0.0030568 secs]
253893.121: [GC (Allocation Failure)  406754K->10986K(1072640K), 0.0037170 secs]
253893.513: [GC (Allocation Failure)  394986K->10954K(1061376K), 0.0034449 secs]
253893.894: [GC (Allocation Failure)  383690K->10954K(1050624K), 0.0037878 secs]
253894.268: [GC (Allocation Failure)  372938K->10954K(1040384K), 0.0034981 secs]
253894.627: [GC (Allocation Failure)  362698K->10986K(1030656K), 0.0033525 secs]
253894.999: [GC (Allocation Failure)  353002K->10986K(1020928K), 0.0034231 secs]
253895.339: [GC (Allocation Failure)  343274K->10954K(1011712K), 0.0034540 secs]
253895.671: [GC (Allocation Failure)  334026K->10986K(1003008K), 0.0030651 secs]
253896.015: [GC (Allocation Failure)  325354K->10954K(994816K), 0.0035173 secs]
253896.331: [GC (Allocation Failure)  317130K->11018K(1056256K), 0.0047990 secs]
253896.716: [GC (Allocation Failure)  378634K->10954K(1129984K), 0.0037753 secs]
253897.165: [GC (Allocation Failure)  452298K->10986K(1116160K), 0.0037615 secs]
253897.602: [GC (Allocation Failure)  438506K->10994K(1102848K), 0.0036560 secs]
253898.042: [GC (Allocation Failure)  425202K->10962K(1090560K), 0.0034915 secs]
253898.452: [GC (Allocation Failure)  412882K->10962K(1078784K), 0.0031259 secs]
253898.851: [GC (Allocation Failure)  401106K->10962K(1067520K), 0.0036438 secs]
253899.237: [GC (Allocation Failure)  389842K->11002K(1056256K), 0.0055056 secs]
253899.620: [GC (Allocation Failure)  378618K->11002K(1045504K), 0.0036494 secs]
253899.987: [GC (Allocation Failure)  367866K->11002K(1035264K), 0.0039692 secs]
253900.347: [GC (Allocation Failure)  357626K->11002K(1025536K), 0.0035254 secs]
253900.693: [GC (Allocation Failure)  347898K->11002K(1093120K), 0.0043178 secs]
253901.123: [GC (Allocation Failure)  415482K->11002K(1080832K), 0.0031638 secs]
253901.524: [GC (Allocation Failure)  403194K->11002K(1069056K), 0.0038469 secs]
253901.930: [GC (Allocation Failure)  391418K->11034K(1057792K), 0.0040509 secs]
253902.310: [GC (Allocation Failure)  380186K->11002K(1047040K), 0.0032822 secs]
253902.691: [GC (Allocation Failure)  369402K->10970K(1036800K), 0.0034507 secs]
253903.049: [GC (Allocation Failure)  359130K->11002K(1027072K), 0.0036358 secs]
253903.415: [GC (Allocation Failure)  349434K->11002K(1017856K), 0.0034719 secs]
253903.759: [GC (Allocation Failure)  340218K->10970K(1008640K), 0.0034552 secs]
253904.083: [GC (Allocation Failure)  330970K->10970K(999936K), 0.0034916 secs]
253904.399: [GC (Allocation Failure)  322266K->11034K(1062400K), 0.0036709 secs]
253904.792: [GC (Allocation Failure)  384794K->10970K(1051648K), 0.0035933 secs]
253905.162: [GC (Allocation Failure)  373978K->11002K(1041408K), 0.0034981 secs]
253905.559: [GC (Allocation Failure)  363770K->11010K(1031680K), 0.0032329 secs]
253905.924: [GC (Allocation Failure)  354050K->11018K(1021952K), 0.0031301 secs]
253906.279: [GC (Allocation Failure)  344330K->11018K(1012736K), 0.0035229 secs]
253906.625: [GC (Allocation Failure)  335114K->11050K(1004032K), 0.0033982 secs]
253906.999: [GC (Allocation Failure)  326442K->10986K(995840K), 0.0036518 secs]
253907.325: [GC (Allocation Failure)  318186K->10986K(1057280K), 0.0040907 secs]
253907.726: [GC (Allocation Failure)  379626K->11018K(1046528K), 0.0035842 secs]
253908.108: [GC (Allocation Failure)  368906K->11018K(1036288K), 0.0034079 secs]
253908.504: [GC (Allocation Failure)  358666K->11050K(1026560K), 0.0036551 secs]
253908.865: [GC (Allocation Failure)  348970K->11058K(1017344K), 0.0036276 secs]
253909.256: [GC (Allocation Failure)  339762K->11074K(1008640K), 0.0027252 secs]
253909.597: [GC (Allocation Failure)  331074K->11042K(999936K), 0.0033984 secs]
253909.929: [GC (Allocation Failure)  322338K->11010K(991744K), 0.0029488 secs]
253910.258: [GC (Allocation Failure)  314114K->11042K(984064K), 0.0032902 secs]
253910.580: [GC (Allocation Failure)  306466K->11042K(976384K), 0.0028301 secs]
253910.875: [GC (Allocation Failure)  298786K->11042K(969216K), 0.0033402 secs]
253911.174: [GC (Allocation Failure)  291618K->11042K(962048K), 0.0035181 secs]
253911.486: [GC (Allocation Failure)  284450K->11010K(1016832K), 0.0036500 secs]
253911.835: [GC (Allocation Failure)  339202K->11010K(1082880K), 0.0033847 secs]
253912.254: [GC (Allocation Failure)  405250K->11010K(1071104K), 0.0030125 secs]
253912.659: [GC (Allocation Failure)  393474K->11010K(1059840K), 0.0030055 secs]
253913.107: [GC (Allocation Failure)  382210K->11010K(1049088K), 0.0035552 secs]
253913.504: [GC (Allocation Failure)  371458K->11042K(1038848K), 0.0032995 secs]
253913.886: [GC (Allocation Failure)  361250K->11042K(1029120K), 0.0031891 secs]
253914.248: [GC (Allocation Failure)  351522K->11074K(1019904K), 0.0031974 secs]
253914.602: [GC (Allocation Failure)  342338K->11074K(1010688K), 0.0031241 secs]
253914.947: [GC (Allocation Failure)  333122K->11010K(1001984K), 0.0030028 secs]
253915.281: [GC (Allocation Failure)  324354K->11042K(993792K), 0.0035029 secs]
253915.608: [GC (Allocation Failure)  316194K->11010K(985600K), 0.0032528 secs]
253915.927: [GC (Allocation Failure)  307970K->11082K(977920K), 0.0031841 secs]
253916.235: [GC (Allocation Failure)  300362K->11058K(970752K), 0.0029765 secs]
253916.568: [GC (Allocation Failure)  293170K->11066K(963584K), 0.0036361 secs]
253916.863: [GC (Allocation Failure)  286010K->11098K(1018880K), 0.0036005 secs]
253917.214: [GC (Allocation Failure)  341338K->11098K(1084928K), 0.0035672 secs]
253917.657: [GC (Allocation Failure)  407386K->11066K(1073152K), 0.0031687 secs]
253918.093: [GC (Allocation Failure)  395578K->11098K(1061888K), 0.0034932 secs]
253918.497: [GC (Allocation Failure)  384346K->11130K(1051136K), 0.0033745 secs]
253918.884: [GC (Allocation Failure)  373626K->11098K(1040896K), 0.0035517 secs]
253919.255: [GC (Allocation Failure)  363354K->11098K(1031168K), 0.0029130 secs]
253919.653: [GC (Allocation Failure)  353626K->11098K(1021440K), 0.0050202 secs]
253920.007: [GC (Allocation Failure)  343898K->11066K(1012224K), 0.0029769 secs]
253920.352: [GC (Allocation Failure)  334650K->11098K(1003520K), 0.0035506 secs]
253920.689: [GC (Allocation Failure)  325978K->11098K(995328K), 0.0032058 secs]
253921.016: [GC (Allocation Failure)  317786K->11066K(987136K), 0.0035550 secs]
253921.342: [GC (Allocation Failure)  309562K->11130K(979456K), 0.0034138 secs]
253921.675: [GC (Allocation Failure)  301946K->11098K(971776K), 0.0033512 secs]
253921.976: [GC (Allocation Failure)  294234K->11098K(964608K), 0.0031653 secs]
253922.275: [GC (Allocation Failure)  287066K->11066K(1019904K), 0.0034727 secs]
253922.626: [GC (Allocation Failure)  342330K->11098K(1010688K), 0.0033215 secs]
253922.968: [GC (Allocation Failure)  333146K->11066K(1001984K), 0.0035093 secs]
253923.305: [GC (Allocation Failure)  324410K->11098K(993792K), 0.0032131 secs]
253923.631: [GC (Allocation Failure)  316250K->11074K(1055232K), 0.0041951 secs]
253924.027: [GC (Allocation Failure)  377666K->11106K(1044480K), 0.0034121 secs]
253924.408: [GC (Allocation Failure)  366946K->11114K(1034240K), 0.0039349 secs]
253924.776: [GC (Allocation Failure)  356714K->11082K(1024512K), 0.0034853 secs]
253925.141: [GC (Allocation Failure)  346954K->11114K(1015296K), 0.0034069 secs]
253925.504: [GC (Allocation Failure)  337770K->11114K(1006592K), 0.0033159 secs]
253925.851: [GC (Allocation Failure)  329066K->11114K(1070592K), 0.0047438 secs]
253926.260: [GC (Allocation Failure)  393066K->11146K(1059328K), 0.0029290 secs]
253926.658: [GC (Allocation Failure)  381834K->11082K(1048576K), 0.0037408 secs]
253927.066: [GC (Allocation Failure)  371018K->11114K(1038336K), 0.0034600 secs]
253927.436: [GC (Allocation Failure)  360810K->11114K(1028608K), 0.0033845 secs]
253927.801: [GC (Allocation Failure)  351082K->11082K(1019392K), 0.0029210 secs]
253928.153: [GC (Allocation Failure)  341834K->11082K(1010176K), 0.0037533 secs]
253928.498: [GC (Allocation Failure)  332618K->11114K(1001472K), 0.0031105 secs]
253928.830: [GC (Allocation Failure)  323946K->11114K(993280K), 0.0037030 secs]
253929.156: [GC (Allocation Failure)  315754K->11114K(985088K), 0.0033423 secs]
253929.474: [GC (Allocation Failure)  307562K->11114K(977408K), 0.0029491 secs]
253929.783: [GC (Allocation Failure)  299882K->11114K(970240K), 0.0035844 secs]
253930.082: [GC (Allocation Failure)  292714K->11114K(1026560K), 0.0037235 secs]
253930.450: [GC (Allocation Failure)  349034K->11114K(1017344K), 0.0029659 secs]
253930.799: [GC (Allocation Failure)  339818K->11146K(1008640K), 0.0028770 secs]
253931.146: [GC (Allocation Failure)  331146K->11114K(999936K), 0.0032416 secs]
253931.478: [GC (Allocation Failure)  322410K->11114K(1062400K), 0.0041378 secs]
253931.883: [GC (Allocation Failure)  384874K->11082K(1051648K), 0.0031524 secs]
253932.266: [GC (Allocation Failure)  374090K->11082K(1041408K), 0.0025698 secs]
253932.641: [GC (Allocation Failure)  363850K->11114K(1031680K), 0.0034819 secs]
253933.037: [GC (Allocation Failure)  354154K->11050K(1021952K), 0.0034134 secs]
253933.395: [GC (Allocation Failure)  344362K->11114K(1012736K), 0.0039964 secs]
253933.751: [GC (Allocation Failure)  335210K->11130K(1004032K), 0.0031358 secs]
253934.087: [GC (Allocation Failure)  326522K->11162K(995840K), 0.0035533 secs]
253934.427: [GC (Allocation Failure)  318362K->11194K(987648K), 0.0022337 secs]
253934.763: [GC (Allocation Failure)  310202K->11130K(979968K), 0.0036643 secs]
253935.085: [GC (Allocation Failure)  302458K->11130K(972288K), 0.0038480 secs]
253935.402: [GC (Allocation Failure)  294778K->11130K(965120K), 0.0031840 secs]
253935.724: [GC (Allocation Failure)  287610K->11130K(958464K), 0.0032572 secs]
253936.010: [GC (Allocation Failure)  280954K->11098K(1012736K), 0.0033807 secs]
253936.363: [GC (Allocation Failure)  335194K->11130K(1077760K), 0.0035492 secs]
253936.783: [GC (Allocation Failure)  400250K->11098K(1066496K), 0.0038838 secs]
253937.182: [GC (Allocation Failure)  388954K->11098K(1055744K), 0.0034255 secs]
253937.606: [GC (Allocation Failure)  378202K->11130K(1044992K), 0.0031781 secs]
253937.982: [GC (Allocation Failure)  367482K->11130K(1034752K), 0.0036308 secs]
253938.379: [GC (Allocation Failure)  357242K->11130K(1025024K), 0.0035244 secs]
253938.746: [GC (Allocation Failure)  347514K->11130K(1015808K), 0.0033461 secs]
253939.103: [GC (Allocation Failure)  338298K->11162K(1007104K), 0.0032016 secs]
253939.446: [GC (Allocation Failure)  329626K->11138K(998400K), 0.0041463 secs]
253939.782: [GC (Allocation Failure)  320898K->11106K(1060352K), 0.0040311 secs]
253940.182: [GC (Allocation Failure)  382818K->11106K(1049600K), 0.0036753 secs]
253940.602: [GC (Allocation Failure)  372066K->11138K(1039360K), 0.0036239 secs]
253940.990: [GC (Allocation Failure)  361858K->11106K(1029632K), 0.0033169 secs]
253941.376: [GC (Allocation Failure)  352098K->11170K(1020416K), 0.0036252 secs]
253941.736: [GC (Allocation Failure)  342946K->11122K(1011200K), 0.0033543 secs]
253942.081: [GC (Allocation Failure)  333682K->11154K(1002496K), 0.0033969 secs]
253942.422: [GC (Allocation Failure)  325010K->11170K(994304K), 0.0034240 secs]
253942.789: [GC (Allocation Failure)  316834K->11146K(986112K), 0.0039698 secs]
253943.110: [GC (Allocation Failure)  308618K->11178K(1046016K), 0.0037522 secs]
253943.501: [GC (Allocation Failure)  368554K->11178K(1035776K), 0.0033040 secs]
253943.868: [GC (Allocation Failure)  358314K->11178K(1026048K), 0.0037061 secs]
253944.309: [GC (Allocation Failure)  348586K->11218K(1016832K), 0.0031999 secs]
253944.678: [GC (Allocation Failure)  339410K->11202K(1008128K), 0.0032797 secs]
253945.056: [GC (Allocation Failure)  330690K->11218K(999424K), 0.0029028 secs]
253945.392: [GC (Allocation Failure)  322002K->11226K(991232K), 0.0036509 secs]
253945.718: [GC (Allocation Failure)  313818K->11242K(983552K), 0.0036323 secs]
253946.113: [GC (Allocation Failure)  306154K->11210K(975872K), 0.0036681 secs]
253946.422: [GC (Allocation Failure)  298442K->11274K(968704K), 0.0036090 secs]
253946.722: [GC (Allocation Failure)  291338K->11250K(1025024K), 0.0041196 secs]
253947.094: [GC (Allocation Failure)  347634K->11250K(1092608K), 0.0043117 secs]
253947.529: [GC (Allocation Failure)  415218K->11226K(1173504K), 0.0037790 secs]
253948.064: [GC (Allocation Failure)  496090K->11258K(1158144K), 0.0031850 secs]
253948.565: [GC (Allocation Failure)  480762K->11266K(1143296K), 0.0034438 secs]
253949.051: [GC (Allocation Failure)  465922K->11274K(1128960K), 0.0039448 secs]
253949.526: [GC (Allocation Failure)  451594K->11274K(1115136K), 0.0034742 secs]
253949.992: [GC (Allocation Failure)  437770K->11242K(1102336K), 0.0039143 secs]
253950.456: [GC (Allocation Failure)  424938K->11274K(1090048K), 0.0036182 secs]
253950.892: [GC (Allocation Failure)  412682K->11242K(1078272K), 0.0036765 secs]
253951.315: [GC (Allocation Failure)  400874K->11274K(1067008K), 0.0033139 secs]
253951.725: [GC (Allocation Failure)  389642K->11274K(1056256K), 0.0039167 secs]
253952.123: [GC (Allocation Failure)  378890K->11282K(1045504K), 0.0034286 secs]
253952.508: [GC (Allocation Failure)  368146K->11282K(1035264K), 0.0033630 secs]
253952.909: [GC (Allocation Failure)  357906K->11314K(1025536K), 0.0041454 secs]
253953.310: [GC (Allocation Failure)  348210K->11250K(1016320K), 0.0048646 secs]
253953.671: [GC (Allocation Failure)  338930K->11282K(1007616K), 0.0033661 secs]
253954.050: [GC (Allocation Failure)  330258K->11250K(998912K), 0.0034765 secs]
253954.388: [GC (Allocation Failure)  321522K->11346K(990720K), 0.0029917 secs]
253954.716: [GC (Allocation Failure)  313426K->11282K(983040K), 0.0032032 secs]
253955.065: [GC (Allocation Failure)  305682K->11282K(975360K), 0.0036570 secs]
253955.377: [GC (Allocation Failure)  298002K->11282K(968192K), 0.0033220 secs]
253955.687: [GC (Allocation Failure)  290834K->11282K(1024512K), 0.0035677 secs]
253956.073: [GC (Allocation Failure)  347154K->11218K(1015296K), 0.0035235 secs]
253956.430: [GC (Allocation Failure)  337874K->11218K(1080832K), 0.0042638 secs]
253956.869: [GC (Allocation Failure)  403410K->11282K(1069056K), 0.0035074 secs]
253957.290: [GC (Allocation Failure)  391698K->11282K(1057792K), 0.0031560 secs]
253957.689: [GC (Allocation Failure)  380434K->11282K(1047040K), 0.0036627 secs]
253958.091: [GC (Allocation Failure)  369682K->11250K(1036800K), 0.0856168 secs]
253958.569: [GC (Allocation Failure)  359410K->11250K(1106432K), 0.0078353 secs]
253959.028: [GC (Allocation Failure)  429042K->11282K(1190400K), 0.0034563 secs]
253959.570: [GC (Allocation Failure)  513042K->11314K(1174016K), 0.0032129 secs]
253960.105: [GC (Allocation Failure)  496690K->11250K(1158656K), 0.0036457 secs]
253960.613: [GC (Allocation Failure)  481266K->11250K(1143808K), 0.0039162 secs]
253961.132: [GC (Allocation Failure)  466418K->11250K(1129472K), 0.0037977 secs]
253961.622: [GC (Allocation Failure)  452082K->11282K(1115648K), 0.0048632 secs]
253962.168: [GC (Allocation Failure)  438290K->11314K(1102848K), 0.0030808 secs]
253962.643: [GC (Allocation Failure)  425522K->11314K(1090560K), 0.0032872 secs]
253963.086: [GC (Allocation Failure)  413234K->11314K(1078784K), 0.0035378 secs]
253963.507: [GC (Allocation Failure)  401458K->11282K(1067520K), 0.0033643 secs]
253963.985: [GC (Allocation Failure)  390162K->11250K(1056256K), 0.0043758 secs]
253964.386: [GC (Allocation Failure)  378866K->11282K(1045504K), 0.0032343 secs]
253964.771: [GC (Allocation Failure)  368146K->11314K(1035264K), 0.0032496 secs]
253965.147: [GC (Allocation Failure)  357938K->11282K(1025536K), 0.0035783 secs]
253965.512: [GC (Allocation Failure)  348178K->11282K(1016320K), 0.0035166 secs]
253965.867: [GC (Allocation Failure)  338962K->11250K(1081856K), 0.0063208 secs]
253966.294: [GC (Allocation Failure)  404466K->11282K(1160704K), 0.0035813 secs]
253966.807: [GC (Allocation Failure)  483346K->11282K(1145856K), 0.0029254 secs]
253967.302: [GC (Allocation Failure)  468498K->11250K(1131520K), 0.0033112 secs]
253967.779: [GC (Allocation Failure)  454130K->11282K(1117696K), 0.0045847 secs]
253968.309: [GC (Allocation Failure)  440338K->11250K(1104384K), 0.0039973 secs]
253968.771: [GC (Allocation Failure)  426994K->11282K(1091584K), 0.0031035 secs]
253969.234: [GC (Allocation Failure)  414226K->11250K(1079808K), 0.0032292 secs]
253969.657: [GC (Allocation Failure)  402418K->11282K(1068032K), 0.0037226 secs]
253970.067: [GC (Allocation Failure)  390674K->11314K(1056768K), 0.0032793 secs]
253970.464: [GC (Allocation Failure)  379442K->11282K(1046016K), 0.0030038 secs]
253970.873: [GC (Allocation Failure)  368658K->11282K(1035776K), 0.0034422 secs]
253971.251: [GC (Allocation Failure)  358418K->11282K(1026048K), 0.0034059 secs]
253971.618: [GC (Allocation Failure)  348690K->11250K(1016832K), 0.0028477 secs]
253971.973: [GC (Allocation Failure)  339442K->11250K(1008128K), 0.0037680 secs]
253972.320: [GC (Allocation Failure)  330738K->11282K(999424K), 0.0036039 secs]
253972.657: [GC (Allocation Failure)  322066K->11282K(991232K), 0.0038385 secs]
253972.988: [GC (Allocation Failure)  313874K->11314K(983552K), 0.0032651 secs]
253973.307: [GC (Allocation Failure)  306226K->11282K(975872K), 0.0032525 secs]
253973.618: [GC (Allocation Failure)  298514K->11282K(1033728K), 0.0035651 secs]
253973.991: [GC (Allocation Failure)  356370K->11250K(1024000K), 0.0035192 secs]
253974.362: [GC (Allocation Failure)  346610K->11282K(1014784K), 0.0032139 secs]
253974.714: [GC (Allocation Failure)  337426K->11282K(1006080K), 0.0030981 secs]
253975.058: [GC (Allocation Failure)  328722K->11314K(997376K), 0.0042099 secs]
253975.406: [GC (Allocation Failure)  320050K->11314K(989184K), 0.0028696 secs]
253975.732: [GC (Allocation Failure)  311858K->11282K(981504K), 0.0036588 secs]
253976.051: [GC (Allocation Failure)  304146K->11250K(973824K), 0.0032139 secs]
253976.369: [GC (Allocation Failure)  296434K->11282K(966656K), 0.0032146 secs]
253976.672: [GC (Allocation Failure)  289298K->11314K(1022464K), 0.0035069 secs]
253977.036: [GC (Allocation Failure)  345138K->11282K(1089536K), 0.0037864 secs]
253977.479: [GC (Allocation Failure)  412178K->11282K(1077760K), 0.0033947 secs]
253977.901: [GC (Allocation Failure)  400402K->11282K(1066496K), 0.0032418 secs]
253978.321: [GC (Allocation Failure)  389138K->11282K(1055744K), 0.0040363 secs]
253978.728: [GC (Allocation Failure)  378386K->11250K(1044992K), 0.0038989 secs]
253979.159: [GC (Allocation Failure)  367602K->11250K(1034752K), 0.0033567 secs]
253979.552: [GC (Allocation Failure)  357362K->11250K(1025024K), 0.0039124 secs]
253979.917: [GC (Allocation Failure)  347634K->11282K(1015808K), 0.0036710 secs]
253980.274: [GC (Allocation Failure)  338450K->11282K(1007104K), 0.0033665 secs]
253980.630: [GC (Allocation Failure)  329746K->11282K(998400K), 0.0034969 secs]
253980.966: [GC (Allocation Failure)  321042K->11282K(1060352K), 0.0043348 secs]
253981.374: [GC (Allocation Failure)  382994K->11250K(1135104K), 0.0044689 secs]
253981.873: [GC (Allocation Failure)  457714K->11346K(1121280K), 0.0037656 secs]
253982.346: [GC (Allocation Failure)  443986K->11250K(1107968K), 0.0032999 secs]
253982.805: [GC (Allocation Failure)  430578K->11282K(1095168K), 0.0038482 secs]
253983.246: [GC (Allocation Failure)  417810K->11282K(1082880K), 0.0032482 secs]
253983.678: [GC (Allocation Failure)  405522K->11282K(1071104K), 0.0036130 secs]
253984.094: [GC (Allocation Failure)  393746K->11282K(1059840K), 0.0034928 secs]
253984.579: [GC (Allocation Failure)  382482K->11282K(1049088K), 0.0034989 secs]
253984.993: [GC (Allocation Failure)  371730K->11250K(1038848K), 0.0034990 secs]
253985.373: [GC (Allocation Failure)  361458K->11282K(1029120K), 0.0036146 secs]
253985.745: [GC (Allocation Failure)  351762K->11250K(1019904K), 0.0043241 secs]
253986.108: [GC (Allocation Failure)  342514K->11218K(1010688K), 0.0036099 secs]
253986.456: [GC (Allocation Failure)  333266K->11282K(1001984K), 0.0035840 secs]
253986.796: [GC (Allocation Failure)  324626K->11250K(993792K), 0.0037787 secs]
253987.131: [GC (Allocation Failure)  316402K->11250K(985600K), 0.0031393 secs]
253987.452: [GC (Allocation Failure)  308210K->11250K(1044992K), 0.0037063 secs]
253987.837: [GC (Allocation Failure)  367602K->11250K(1034752K), 0.0036904 secs]
253988.219: [GC (Allocation Failure)  357362K->11282K(1025024K), 0.0035477 secs]
253988.601: [GC (Allocation Failure)  347666K->11314K(1015808K), 0.0036458 secs]
253988.954: [GC (Allocation Failure)  338482K->11282K(1007104K), 0.0037851 secs]
253989.302: [GC (Allocation Failure)  329746K->11218K(998400K), 0.0035064 secs]
253989.647: [GC (Allocation Failure)  320978K->11282K(990208K), 0.0030616 secs]
253989.974: [GC (Allocation Failure)  312850K->11250K(982528K), 0.0029378 secs]
253990.293: [GC (Allocation Failure)  305138K->11282K(974848K), 0.0032192 secs]
253990.639: [GC (Allocation Failure)  297490K->11282K(967680K), 0.0034128 secs]
253990.942: [GC (Allocation Failure)  290322K->11282K(960512K), 0.0034400 secs]
253991.236: [GC (Allocation Failure)  283154K->11282K(1015296K), 0.0037610 secs]
253991.591: [GC (Allocation Failure)  337938K->11314K(1080832K), 0.0034892 secs]
253992.026: [GC (Allocation Failure)  403506K->11282K(1069056K), 0.0032309 secs]
253992.437: [GC (Allocation Failure)  391698K->11218K(1057792K), 0.0033611 secs]
253992.837: [GC (Allocation Failure)  380370K->11282K(1047040K), 0.0037201 secs]
253993.225: [GC (Allocation Failure)  369682K->11282K(1036800K), 0.0034071 secs]
253993.601: [GC (Allocation Failure)  359442K->11282K(1027072K), 0.0038093 secs]
253993.966: [GC (Allocation Failure)  349714K->11282K(1017856K), 0.0031576 secs]
253994.325: [GC (Allocation Failure)  340498K->11314K(1008640K), 0.0037499 secs]
253994.673: [GC (Allocation Failure)  331314K->11250K(999936K), 0.0033451 secs]
253995.036: [GC (Allocation Failure)  322546K->11282K(991744K), 0.0034892 secs]
253995.370: [GC (Allocation Failure)  314386K->11282K(1052672K), 0.0042425 secs]
253995.769: [GC (Allocation Failure)  375314K->11282K(1042432K), 0.0037790 secs]
253996.152: [GC (Allocation Failure)  365074K->11282K(1113600K), 0.0045799 secs]
253996.614: [GC (Allocation Failure)  436242K->11282K(1100800K), 0.0034255 secs]
253997.059: [GC (Allocation Failure)  423442K->11282K(1088512K), 0.0032767 secs]
253997.499: [GC (Allocation Failure)  411154K->11282K(1076736K), 0.0032934 secs]
253997.919: [GC (Allocation Failure)  399378K->11250K(1065472K), 0.0039771 secs]
253998.328: [GC (Allocation Failure)  388082K->11314K(1054720K), 0.0033816 secs]
253998.734: [GC (Allocation Failure)  377394K->11250K(1044480K), 0.0036580 secs]
253999.123: [GC (Allocation Failure)  367090K->11282K(1034240K), 0.0034630 secs]
253999.497: [GC (Allocation Failure)  356882K->11250K(1024512K), 0.0039150 secs]
253999.865: [GC (Allocation Failure)  347122K->11282K(1015296K), 0.0033504 secs]
254000.326: [GC (Allocation Failure)  337938K->11250K(1006592K), 0.0036481 secs]
254000.673: [GC (Allocation Failure)  329202K->11282K(997888K), 0.0036640 secs]
254001.017: [GC (Allocation Failure)  320530K->11282K(989696K), 0.0034950 secs]
254001.354: [GC (Allocation Failure)  312338K->11282K(982016K), 0.0034511 secs]
254001.687: [GC (Allocation Failure)  304658K->11250K(974336K), 0.0032770 secs]
254002.001: [GC (Allocation Failure)  296946K->11282K(1031680K), 0.0044171 secs]
254002.383: [GC (Allocation Failure)  354322K->11282K(1100288K), 0.0033172 secs]
254002.832: [GC (Allocation Failure)  422930K->11282K(1088000K), 0.0040641 secs]
254003.266: [GC (Allocation Failure)  410642K->11250K(1076224K), 0.0035499 secs]
254003.698: [GC (Allocation Failure)  398834K->11282K(1064960K), 0.0033539 secs]
254004.106: [GC (Allocation Failure)  387602K->11282K(1054208K), 0.0031516 secs]
254004.502: [GC (Allocation Failure)  376850K->11282K(1043968K), 0.0027107 secs]
254004.899: [GC (Allocation Failure)  366610K->11250K(1033728K), 0.0036636 secs]
254005.310: [GC (Allocation Failure)  356338K->11282K(1024000K), 0.0029358 secs]
254005.684: [GC (Allocation Failure)  346642K->11250K(1014784K), 0.0035847 secs]
254006.039: [GC (Allocation Failure)  337394K->11282K(1006080K), 0.0033139 secs]
254006.387: [GC (Allocation Failure)  328722K->11250K(1069568K), 0.0059746 secs]
254006.803: [GC (Allocation Failure)  392178K->11282K(1058304K), 0.0029877 secs]
254007.204: [GC (Allocation Failure)  380946K->11282K(1047552K), 0.0036153 secs]
254007.593: [GC (Allocation Failure)  370194K->11250K(1037312K), 0.0039542 secs]
254007.973: [GC (Allocation Failure)  359922K->11282K(1027584K), 0.0035524 secs]
254008.347: [GC (Allocation Failure)  350226K->11282K(1018368K), 0.0039543 secs]
254008.714: [GC (Allocation Failure)  341010K->11250K(1009152K), 0.0029953 secs]
254009.062: [GC (Allocation Failure)  331762K->11282K(1000448K), 0.0031602 secs]
254009.401: [GC (Allocation Failure)  323090K->11314K(992256K), 0.0033913 secs]
254009.731: [GC (Allocation Failure)  314930K->11282K(984064K), 0.0037637 secs]
254010.089: [GC (Allocation Failure)  306706K->11250K(976384K), 0.0037488 secs]
254010.402: [GC (Allocation Failure)  298994K->11282K(1034240K), 0.0034520 secs]
254010.776: [GC (Allocation Failure)  356882K->11282K(1103360K), 0.0042276 secs]
254011.232: [GC (Allocation Failure)  426002K->11282K(1091072K), 0.0041225 secs]
254011.673: [GC (Allocation Failure)  413714K->11282K(1171968K), 0.0051931 secs]
254012.204: [GC (Allocation Failure)  494610K->11282K(1156608K), 0.0033038 secs]
254012.713: [GC (Allocation Failure)  479250K->11282K(1141760K), 0.0035863 secs]
254013.203: [GC (Allocation Failure)  464402K->11250K(1127424K), 0.0037496 secs]
254013.714: [GC (Allocation Failure)  450034K->11250K(1114112K), 0.0040570 secs]
254014.179: [GC (Allocation Failure)  436722K->11250K(1101312K), 0.0045626 secs]
254014.627: [GC (Allocation Failure)  423922K->11282K(1089024K), 0.0037832 secs]
254015.060: [GC (Allocation Failure)  411666K->11250K(1077248K), 0.0034990 secs]
254015.479: [GC (Allocation Failure)  399858K->11282K(1065984K), 0.0036736 secs]
254015.952: [GC (Allocation Failure)  388626K->11282K(1055232K), 0.0033601 secs]
254016.352: [GC (Allocation Failure)  377874K->11282K(1044480K), 0.0041315 secs]
254016.741: [GC (Allocation Failure)  367122K->11282K(1034240K), 0.0042362 secs]
254017.119: [GC (Allocation Failure)  356882K->11282K(1024512K), 0.0041529 secs]
254017.483: [GC (Allocation Failure)  347154K->11282K(1015296K), 0.0039827 secs]
254017.842: [GC (Allocation Failure)  337938K->11282K(1080832K), 0.0056903 secs]
254018.272: [GC (Allocation Failure)  403474K->11282K(1159680K), 0.0040162 secs]
254018.779: [GC (Allocation Failure)  482322K->11250K(1253888K), 0.0044095 secs]
254019.395: [GC (Allocation Failure)  576498K->11282K(1234944K), 0.0035828 secs]
254020.012: [GC (Allocation Failure)  557586K->11282K(1216512K), 0.0033046 secs]
254020.598: [GC (Allocation Failure)  539154K->11314K(1199104K), 0.0035753 secs]
254021.163: [GC (Allocation Failure)  521778K->11250K(1182208K), 0.0036851 secs]
254021.696: [GC (Allocation Failure)  504818K->11282K(1166336K), 0.0029234 secs]
254022.209: [GC (Allocation Failure)  488978K->11250K(1150976K), 0.0037063 secs]
254022.709: [GC (Allocation Failure)  473586K->11282K(1136640K), 0.0038934 secs]
254023.198: [GC (Allocation Failure)  459282K->11282K(1122816K), 0.0030165 secs]
254023.665: [GC (Allocation Failure)  445458K->11250K(1109504K), 0.0037605 secs]
254024.122: [GC (Allocation Failure)  432114K->11250K(1096704K), 0.0029995 secs]
254024.562: [GC (Allocation Failure)  419314K->11282K(1084416K), 0.0030186 secs]
254024.989: [GC (Allocation Failure)  407058K->11282K(1072640K), 0.0034114 secs]
254025.417: [GC (Allocation Failure)  395282K->11282K(1061376K), 0.0034038 secs]
254025.836: [GC (Allocation Failure)  384018K->11282K(1050624K), 0.0030683 secs]
254026.233: [GC (Allocation Failure)  373266K->11250K(1040384K), 0.0030599 secs]
254026.611: [GC (Allocation Failure)  362994K->11314K(1030656K), 0.0031888 secs]
254026.982: [GC (Allocation Failure)  353330K->11282K(1020928K), 0.0032134 secs]
254027.340: [GC (Allocation Failure)  343570K->11282K(1011712K), 0.0030638 secs]
254027.689: [GC (Allocation Failure)  334354K->11282K(1003008K), 0.0035985 secs]
254028.029: [GC (Allocation Failure)  325650K->11282K(994816K), 0.0041430 secs]
254028.379: [GC (Allocation Failure)  317458K->11282K(986624K), 0.0036483 secs]
254028.702: [GC (Allocation Failure)  309266K->11250K(1046528K), 0.0041237 secs]
254029.093: [GC (Allocation Failure)  369138K->11282K(1036288K), 0.0029848 secs]
254029.468: [GC (Allocation Failure)  358930K->11282K(1026560K), 0.0038471 secs]
254029.839: [GC (Allocation Failure)  349202K->11218K(1017344K), 0.0040627 secs]
254030.194: [GC (Allocation Failure)  339922K->11250K(1083392K), 0.0040013 secs]
254030.624: [GC (Allocation Failure)  406002K->11282K(1071616K), 0.0038712 secs]
254031.039: [GC (Allocation Failure)  394258K->11282K(1060352K), 0.0041780 secs]
254031.501: [GC (Allocation Failure)  382994K->11282K(1135104K), 0.0049978 secs]
254031.989: [GC (Allocation Failure)  457746K->11314K(1121280K), 0.0037044 secs]
254032.455: [GC (Allocation Failure)  443954K->11282K(1107968K), 0.0030406 secs]
254032.905: [GC (Allocation Failure)  430610K->11282K(1095168K), 0.0029988 secs]
254033.342: [GC (Allocation Failure)  417810K->11282K(1082880K), 0.0036767 secs]
254033.788: [GC (Allocation Failure)  405522K->11282K(1071104K), 0.0036823 secs]
254034.200: [GC (Allocation Failure)  393746K->11250K(1059840K), 0.0030346 secs]
254034.625: [GC (Allocation Failure)  382450K->11250K(1049088K), 0.0039410 secs]
254035.018: [GC (Allocation Failure)  371698K->11282K(1038848K), 0.0035723 secs]
254035.397: [GC (Allocation Failure)  361490K->11282K(1029120K), 0.0044341 secs]
254035.768: [GC (Allocation Failure)  351762K->11282K(1019904K), 0.0036925 secs]
254036.127: [GC (Allocation Failure)  342546K->11282K(1010688K), 0.0033738 secs]
254036.501: [GC (Allocation Failure)  333330K->11282K(1001984K), 0.0037574 secs]
254036.839: [GC (Allocation Failure)  324626K->11282K(993792K), 0.0036370 secs]
254037.169: [GC (Allocation Failure)  316434K->11250K(1055232K), 0.0039456 secs]
254037.569: [GC (Allocation Failure)  377842K->11314K(1044480K), 0.0031087 secs]
254037.951: [GC (Allocation Failure)  367154K->11282K(1034240K), 0.0033736 secs]
254038.324: [GC (Allocation Failure)  356882K->11250K(1024512K), 0.0026383 secs]
254038.688: [GC (Allocation Failure)  347122K->11282K(1015296K), 0.0033990 secs]
254039.041: [GC (Allocation Failure)  337938K->11282K(1006592K), 0.0042110 secs]
254039.385: [GC (Allocation Failure)  329234K->11282K(997888K), 0.0032486 secs]
254039.724: [GC (Allocation Failure)  320530K->11282K(989696K), 0.0031149 secs]
254040.050: [GC (Allocation Failure)  312338K->11282K(982016K), 0.0038921 secs]
254040.368: [GC (Allocation Failure)  304658K->11314K(974336K), 0.0031597 secs]
254040.676: [GC (Allocation Failure)  297010K->11314K(967168K), 0.0030517 secs]
254040.979: [GC (Allocation Failure)  289842K->11282K(1022976K), 0.0036500 secs]
254041.346: [GC (Allocation Failure)  345618K->11282K(1090048K), 0.0043463 secs]
254041.809: [GC (Allocation Failure)  412690K->11250K(1170432K), 0.0040934 secs]
254042.329: [GC (Allocation Failure)  493042K->11282K(1155072K), 0.0032416 secs]
254042.870: [GC (Allocation Failure)  477714K->11282K(1140224K), 0.0032941 secs]
254043.357: [GC (Allocation Failure)  462866K->11250K(1125888K), 0.0033154 secs]
254043.830: [GC (Allocation Failure)  448498K->11282K(1112576K), 0.0034189 secs]
254044.291: [GC (Allocation Failure)  435218K->11314K(1099776K), 0.0038357 secs]
254044.740: [GC (Allocation Failure)  422450K->11250K(1087488K), 0.0030128 secs]
254045.171: [GC (Allocation Failure)  410098K->11314K(1075712K), 0.0035837 secs]
254045.587: [GC (Allocation Failure)  398386K->11250K(1064448K), 0.0034508 secs]
254045.993: [GC (Allocation Failure)  387058K->11282K(1053696K), 0.0035504 secs]
254046.387: [GC (Allocation Failure)  376338K->11282K(1043456K), 0.0036961 secs]
254046.798: [GC (Allocation Failure)  366098K->11282K(1033216K), 0.0042563 secs]
254047.176: [GC (Allocation Failure)  355858K->11282K(1023488K), 0.0042712 secs]
254047.551: [GC (Allocation Failure)  346130K->11250K(1014272K), 0.0041009 secs]
254047.908: [GC (Allocation Failure)  336882K->11282K(1005568K), 0.0039066 secs]
254048.250: [GC (Allocation Failure)  328210K->11282K(996864K), 0.0034624 secs]
254048.583: [GC (Allocation Failure)  319506K->11282K(1058816K), 0.0057191 secs]
254048.987: [GC (Allocation Failure)  381458K->11218K(1133056K), 0.0039553 secs]
254049.465: [GC (Allocation Failure)  455634K->11250K(1222144K), 0.0041276 secs]
254050.044: [GC (Allocation Failure)  544754K->11282K(1204224K), 0.0038772 secs]
254050.601: [GC (Allocation Failure)  526866K->11282K(1187328K), 0.0041386 secs]
254051.141: [GC (Allocation Failure)  509970K->11282K(1170944K), 0.0043462 secs]
254051.663: [GC (Allocation Failure)  493586K->11250K(1155584K), 0.0032957 secs]
254052.165: [GC (Allocation Failure)  478194K->11250K(1140736K), 0.0030695 secs]
254052.676: [GC (Allocation Failure)  463346K->11282K(1126400K), 0.0038054 secs]
254053.153: [GC (Allocation Failure)  449042K->11250K(1113088K), 0.0049159 secs]
254053.611: [GC (Allocation Failure)  435698K->11282K(1100288K), 0.0042105 secs]
254054.055: [GC (Allocation Failure)  422930K->11218K(1088000K), 0.0053253 secs]
254054.487: [GC (Allocation Failure)  410578K->11282K(1076224K), 0.0038765 secs]
254054.918: [GC (Allocation Failure)  398866K->11282K(1064960K), 0.0037905 secs]
254055.339: [GC (Allocation Failure)  387602K->11250K(1054208K), 0.0038978 secs]
254055.749: [GC (Allocation Failure)  376818K->11250K(1043968K), 0.0039729 secs]
254056.135: [GC (Allocation Failure)  366578K->11250K(1033728K), 0.0040750 secs]
254056.514: [GC (Allocation Failure)  356338K->11282K(1024000K), 0.0029814 secs]
254056.891: [GC (Allocation Failure)  346642K->11250K(1014784K), 0.0033467 secs]
254057.291: [GC (Allocation Failure)  337394K->11314K(1006080K), 0.0040951 secs]
254057.636: [GC (Allocation Failure)  328754K->11250K(997376K), 0.0044526 secs]
254057.978: [GC (Allocation Failure)  319986K->11282K(989184K), 0.0033749 secs]
254058.306: [GC (Allocation Failure)  311826K->11250K(981504K), 0.0031762 secs]
254058.626: [GC (Allocation Failure)  304114K->11282K(1040384K), 0.0042837 secs]
254059.007: [GC (Allocation Failure)  363026K->11282K(1030656K), 0.0033398 secs]
254059.390: [GC (Allocation Failure)  353298K->11218K(1020928K), 0.0030316 secs]
254059.748: [GC (Allocation Failure)  343506K->11282K(1011712K), 0.0040493 secs]
254060.099: [GC (Allocation Failure)  334354K->11314K(1003008K), 0.0036879 secs]
254060.440: [GC (Allocation Failure)  325682K->11282K(994816K), 0.0033711 secs]
254060.772: [GC (Allocation Failure)  317458K->11250K(1056256K), 0.0087199 secs]
254061.188: [GC (Allocation Failure)  378866K->11250K(1129984K), 0.0037573 secs]
254061.670: [GC (Allocation Failure)  452594K->11282K(1218560K), 0.0034099 secs]
254062.260: [GC (Allocation Failure)  541202K->11282K(1324544K), 0.0045572 secs]
254062.946: [GC (Allocation Failure)  647186K->11250K(1302016K), 0.0044282 secs]
254063.628: [GC (Allocation Failure)  624626K->11282K(1280512K), 0.0037146 secs]
254064.264: [GC (Allocation Failure)  603154K->11250K(1260032K), 0.0045020 secs]
254064.890: [GC (Allocation Failure)  582642K->11282K(1240576K), 0.0036418 secs]
254065.497: [GC (Allocation Failure)  563218K->11282K(1222144K), 0.0034120 secs]
254066.072: [GC (Allocation Failure)  544786K->11250K(1204224K), 0.0038301 secs]
254066.630: [GC (Allocation Failure)  526834K->11314K(1187328K), 0.0034206 secs]
254067.192: [GC (Allocation Failure)  510002K->11250K(1170944K), 0.0036199 secs]
254067.731: [GC (Allocation Failure)  493554K->11282K(1155584K), 0.0033488 secs]
254068.275: [GC (Allocation Failure)  478226K->11250K(1140736K), 0.0034449 secs]
254068.766: [GC (Allocation Failure)  463346K->11314K(1126400K), 0.0035492 secs]
254069.251: [GC (Allocation Failure)  449074K->11282K(1113088K), 0.0030920 secs]
254069.713: [GC (Allocation Failure)  435730K->11314K(1100288K), 0.0031408 secs]
254070.165: [GC (Allocation Failure)  422962K->11282K(1088000K), 0.0039289 secs]
254070.595: [GC (Allocation Failure)  410642K->11282K(1076224K), 0.0028213 secs]
254071.037: [GC (Allocation Failure)  398866K->11282K(1064960K), 0.0029710 secs]
254071.449: [GC (Allocation Failure)  387602K->11282K(1054208K), 0.0030581 secs]
254071.844: [GC (Allocation Failure)  376850K->11250K(1043968K), 0.0030757 secs]
254072.226: [GC (Allocation Failure)  366578K->11282K(1033728K), 0.0034722 secs]
254072.601: [GC (Allocation Failure)  356370K->11282K(1024000K), 0.0035749 secs]
254072.964: [GC (Allocation Failure)  346642K->11282K(1014784K), 0.0030818 secs]
254073.393: [GC (Allocation Failure)  337426K->11282K(1006080K), 0.0033948 secs]
254073.736: [GC (Allocation Failure)  328722K->11282K(997376K), 0.0036023 secs]
254074.074: [GC (Allocation Failure)  320018K->11282K(989184K), 0.0040134 secs]
254074.412: [GC (Allocation Failure)  311826K->11282K(981504K), 0.0032344 secs]
254074.728: [GC (Allocation Failure)  304146K->11282K(973824K), 0.0036272 secs]
254075.041: [GC (Allocation Failure)  296466K->11282K(966656K), 0.0035740 secs]
254075.364: [GC (Allocation Failure)  289298K->11218K(1022464K), 0.0035888 secs]
254075.725: [GC (Allocation Failure)  345042K->11282K(1089536K), 0.0044843 secs]
254076.165: [GC (Allocation Failure)  412178K->11282K(1169920K), 0.0039882 secs]
254076.689: [GC (Allocation Failure)  492562K->11282K(1154560K), 0.0036865 secs]
254077.190: [GC (Allocation Failure)  477202K->11314K(1139712K), 0.0036599 secs]
254077.679: [GC (Allocation Failure)  462386K->11282K(1125376K), 0.0047830 secs]
254078.154: [GC (Allocation Failure)  448018K->11282K(1112064K), 0.0033781 secs]
254078.613: [GC (Allocation Failure)  434706K->11282K(1099264K), 0.0035728 secs]
254079.073: [GC (Allocation Failure)  421906K->11282K(1086976K), 0.0039296 secs]
254079.503: [GC (Allocation Failure)  409618K->11282K(1075200K), 0.0032885 secs]
254079.926: [GC (Allocation Failure)  397842K->11250K(1063936K), 0.0039392 secs]
254080.330: [GC (Allocation Failure)  386546K->11282K(1053184K), 0.0031149 secs]
254080.723: [GC (Allocation Failure)  375826K->11250K(1042944K), 0.0035936 secs]
254081.107: [GC (Allocation Failure)  365554K->11346K(1032704K), 0.0028676 secs]
254081.478: [GC (Allocation Failure)  355410K->11250K(1022976K), 0.0032677 secs]
254081.838: [GC (Allocation Failure)  345586K->11282K(1013760K), 0.0035204 secs]
254082.203: [GC (Allocation Failure)  336402K->11282K(1005056K), 0.0035328 secs]
254082.545: [GC (Allocation Failure)  327698K->11282K(996352K), 0.0039044 secs]
254082.880: [GC (Allocation Failure)  318994K->11282K(1058304K), 0.0055604 secs]
254083.298: [GC (Allocation Failure)  380946K->11282K(1132544K), 0.0035850 secs]
254083.811: [GC (Allocation Failure)  455186K->11250K(1118720K), 0.0038512 secs]
254084.275: [GC (Allocation Failure)  441330K->11250K(1105408K), 0.0041084 secs]
254084.729: [GC (Allocation Failure)  428018K->11314K(1092608K), 0.0046156 secs]
254085.214: [GC (Allocation Failure)  415282K->11250K(1080320K), 0.0046566 secs]
254085.642: [GC (Allocation Failure)  402930K->11282K(1068544K), 0.0043836 secs]
254086.060: [GC (Allocation Failure)  391186K->11250K(1057280K), 0.0037313 secs]
254086.470: [GC (Allocation Failure)  379890K->11282K(1046528K), 0.0039323 secs]
254086.857: [GC (Allocation Failure)  369170K->11250K(1036288K), 0.0038736 secs]
254087.235: [GC (Allocation Failure)  358898K->11282K(1026560K), 0.0034697 secs]
254087.632: [GC (Allocation Failure)  349202K->11250K(1017344K), 0.0039255 secs]
254088.006: [GC (Allocation Failure)  339954K->11250K(1008640K), 0.0038046 secs]
254088.353: [GC (Allocation Failure)  331250K->11250K(999936K), 0.0039101 secs]
254088.717: [GC (Allocation Failure)  322546K->11250K(991744K), 0.0037563 secs]
254089.053: [GC (Allocation Failure)  314354K->11282K(1052672K), 0.0040432 secs]
254089.462: [GC (Allocation Failure)  375314K->11314K(1042432K), 0.0035741 secs]
254089.845: [GC (Allocation Failure)  365106K->11282K(1032704K), 0.0035302 secs]
254090.218: [GC (Allocation Failure)  355346K->11282K(1022976K), 0.0034734 secs]
254090.583: [GC (Allocation Failure)  345618K->11314K(1013760K), 0.0040631 secs]
254090.939: [GC (Allocation Failure)  336434K->11282K(1005056K), 0.0036046 secs]
254091.282: [GC (Allocation Failure)  327698K->11282K(996352K), 0.0032948 secs]
254091.617: [GC (Allocation Failure)  318994K->11250K(988160K), 0.0035203 secs]
254091.942: [GC (Allocation Failure)  310770K->11282K(980480K), 0.0032983 secs]
254092.264: [GC (Allocation Failure)  303122K->11314K(1038848K), 0.0038732 secs]
254092.649: [GC (Allocation Failure)  361522K->11282K(1108992K), 0.0040411 secs]
254093.111: [GC (Allocation Failure)  431634K->11282K(1096192K), 0.0030797 secs]
254093.551: [GC (Allocation Failure)  418834K->11282K(1083904K), 0.0035495 secs]
254093.980: [GC (Allocation Failure)  406546K->11282K(1072128K), 0.0037612 secs]
254094.396: [GC (Allocation Failure)  394770K->11250K(1060864K), 0.0056668 secs]
254094.803: [GC (Allocation Failure)  383474K->11250K(1050112K), 0.0038641 secs]
254095.201: [GC (Allocation Failure)  372722K->11282K(1039872K), 0.0038268 secs]
254095.608: [GC (Allocation Failure)  362514K->11282K(1030144K), 0.0033747 secs]
254096.002: [GC (Allocation Failure)  352786K->11250K(1020928K), 0.0032589 secs]
254096.363: [GC (Allocation Failure)  343538K->11250K(1011712K), 0.0038373 secs]
254096.720: [GC (Allocation Failure)  334322K->11282K(1003008K), 0.0043451 secs]
254097.088: [GC (Allocation Failure)  325650K->11250K(1065984K), 0.0045542 secs]
254097.502: [GC (Allocation Failure)  388594K->11282K(1055232K), 0.0037189 secs]
254097.899: [GC (Allocation Failure)  377874K->11250K(1044480K), 0.0034719 secs]
254098.295: [GC (Allocation Failure)  367090K->11250K(1034240K), 0.0038869 secs]
254098.688: [GC (Allocation Failure)  356850K->11250K(1024512K), 0.0037012 secs]
254099.086: [GC (Allocation Failure)  347122K->11282K(1015296K), 0.0044793 secs]
254099.450: [GC (Allocation Failure)  337938K->11282K(1006592K), 0.0034025 secs]
254099.794: [GC (Allocation Failure)  329234K->11250K(1070592K), 0.0054587 secs]
254100.233: [GC (Allocation Failure)  393202K->11250K(1147392K), 0.0042277 secs]
254100.735: [GC (Allocation Failure)  470002K->11282K(1133056K), 0.0040594 secs]
254101.216: [GC (Allocation Failure)  455698K->11282K(1119232K), 0.0050044 secs]
254101.690: [GC (Allocation Failure)  441874K->11282K(1105920K), 0.0039291 secs]
254102.148: [GC (Allocation Failure)  428562K->11250K(1093120K), 0.0032699 secs]
254102.584: [GC (Allocation Failure)  415730K->11282K(1080832K), 0.0037164 secs]
254103.010: [GC (Allocation Failure)  403474K->11282K(1069056K), 0.0037855 secs]
254103.424: [GC (Allocation Failure)  391698K->11250K(1057792K), 0.0035811 secs]
254103.834: [GC (Allocation Failure)  380402K->11282K(1047040K), 0.0040527 secs]
254104.252: [GC (Allocation Failure)  369682K->11250K(1036800K), 0.0041522 secs]
254104.638: [GC (Allocation Failure)  359410K->11282K(1027072K), 0.0031895 secs]
254105.021: [GC (Allocation Failure)  349714K->11250K(1017856K), 0.0039180 secs]
254105.390: [GC (Allocation Failure)  340466K->11282K(1008640K), 0.0035977 secs]
254105.738: [GC (Allocation Failure)  331282K->11282K(1072640K), 0.0046129 secs]
254106.152: [GC (Allocation Failure)  395282K->11282K(1061376K), 0.0037540 secs]
254106.557: [GC (Allocation Failure)  384018K->11282K(1050624K), 0.0044441 secs]
254107.010: [GC (Allocation Failure)  373266K->11250K(1040384K), 0.0037513 secs]
254107.393: [GC (Allocation Failure)  362994K->11282K(1030656K), 0.0038486 secs]
254107.763: [GC (Allocation Failure)  353298K->11282K(1020928K), 0.0037785 secs]
254108.124: [GC (Allocation Failure)  343570K->11282K(1087488K), 0.0047874 secs]
254108.555: [GC (Allocation Failure)  410130K->11282K(1167360K), 0.0042423 secs]
254109.080: [GC (Allocation Failure)  490002K->11250K(1263104K), 0.0053359 secs]
254109.727: [GC (Allocation Failure)  585714K->11282K(1243648K), 0.0038819 secs]
254110.356: [GC (Allocation Failure)  566290K->11282K(1225216K), 0.0038538 secs]
254110.945: [GC (Allocation Failure)  547858K->11282K(1207296K), 0.0033167 secs]
254111.512: [GC (Allocation Failure)  529938K->11282K(1190400K), 0.0038406 secs]
254112.078: [GC (Allocation Failure)  513042K->11282K(1174016K), 0.0032049 secs]
254112.605: [GC (Allocation Failure)  496658K->11314K(1158656K), 0.0034221 secs]
254113.116: [GC (Allocation Failure)  481330K->11282K(1143808K), 0.0033075 secs]
254113.610: [GC (Allocation Failure)  466450K->11250K(1129472K), 0.0035879 secs]
254114.099: [GC (Allocation Failure)  452082K->11282K(1115648K), 0.0043201 secs]
254114.581: [GC (Allocation Failure)  438290K->11250K(1102848K), 0.0035008 secs]
254115.031: [GC (Allocation Failure)  425458K->11314K(1090560K), 0.0036083 secs]
254115.482: [GC (Allocation Failure)  413234K->11218K(1078784K), 0.0056436 secs]
254115.912: [GC (Allocation Failure)  401362K->11282K(1067520K), 0.0033701 secs]
254116.333: [GC (Allocation Failure)  390162K->11250K(1056256K), 0.0039755 secs]
254116.736: [GC (Allocation Failure)  378866K->11250K(1045504K), 0.0036941 secs]
254117.122: [GC (Allocation Failure)  368114K->11250K(1035264K), 0.0039654 secs]
254117.502: [GC (Allocation Failure)  357874K->11282K(1025536K), 0.0040339 secs]
254117.873: [GC (Allocation Failure)  348178K->11282K(1016320K), 0.0035666 secs]
254118.229: [GC (Allocation Failure)  338962K->11282K(1007616K), 0.0040262 secs]
254118.574: [GC (Allocation Failure)  330258K->11282K(998912K), 0.0039176 secs]
254118.910: [GC (Allocation Failure)  321554K->11250K(990720K), 0.0033445 secs]
254119.238: [GC (Allocation Failure)  313330K->11282K(1051136K), 0.0037032 secs]
254119.670: [GC (Allocation Failure)  373778K->11250K(1040896K), 0.0036479 secs]
254120.051: [GC (Allocation Failure)  363506K->11282K(1031168K), 0.0043188 secs]
254120.421: [GC (Allocation Failure)  353810K->11250K(1099776K), 0.0039719 secs]
254120.867: [GC (Allocation Failure)  422386K->11282K(1087488K), 0.0033799 secs]
254121.314: [GC (Allocation Failure)  410130K->11282K(1075712K), 0.0031178 secs]
254121.742: [GC (Allocation Failure)  398354K->11282K(1064448K), 0.0038158 secs]
254122.149: [GC (Allocation Failure)  387090K->11250K(1053696K), 0.0043164 secs]
254122.566: [GC (Allocation Failure)  376306K->11282K(1043456K), 0.0035014 secs]
254122.950: [GC (Allocation Failure)  366098K->11282K(1033216K), 0.0038772 secs]
254123.327: [GC (Allocation Failure)  355858K->11282K(1023488K), 0.0037289 secs]
254123.690: [GC (Allocation Failure)  346130K->11314K(1014272K), 0.0033623 secs]
254124.043: [GC (Allocation Failure)  336946K->11282K(1005568K), 0.0033866 secs]
254124.387: [GC (Allocation Failure)  328210K->11250K(996864K), 0.0030172 secs]
254124.770: [GC (Allocation Failure)  319474K->11250K(988672K), 0.0042346 secs]
254125.101: [GC (Allocation Failure)  311282K->11282K(1049088K), 0.0043797 secs]
254125.498: [GC (Allocation Failure)  371730K->11282K(1038848K), 0.0030600 secs]
254125.881: [GC (Allocation Failure)  361490K->11250K(1029120K), 0.0033421 secs]
254126.250: [GC (Allocation Failure)  351730K->11282K(1019904K), 0.0036606 secs]
254126.609: [GC (Allocation Failure)  342546K->11282K(1010688K), 0.0033202 secs]
254126.959: [GC (Allocation Failure)  333330K->11282K(1001984K), 0.0038709 secs]
254127.325: [GC (Allocation Failure)  324626K->11282K(993792K), 0.0037249 secs]
254127.656: [GC (Allocation Failure)  316434K->11282K(985600K), 0.0036017 secs]
254127.990: [GC (Allocation Failure)  308242K->11314K(1044992K), 0.0036604 secs]
254128.377: [GC (Allocation Failure)  367666K->11314K(1034752K), 0.0030540 secs]
254128.751: [GC (Allocation Failure)  357426K->11282K(1025024K), 0.0035295 secs]
254129.127: [GC (Allocation Failure)  347666K->11250K(1015808K), 0.0037519 secs]
254129.482: [GC (Allocation Failure)  338418K->11250K(1007104K), 0.0037279 secs]
254129.862: [GC (Allocation Failure)  329714K->11250K(998400K), 0.0035580 secs]
254130.199: [GC (Allocation Failure)  321010K->11282K(990208K), 0.0032446 secs]
254130.525: [GC (Allocation Failure)  312850K->11282K(982528K), 0.0034184 secs]
254130.875: [GC (Allocation Failure)  305170K->11282K(974848K), 0.0040094 secs]
254131.189: [GC (Allocation Failure)  297490K->11282K(1032192K), 0.0037002 secs]
254131.565: [GC (Allocation Failure)  354834K->11282K(1101312K), 0.0037394 secs]
254132.020: [GC (Allocation Failure)  423954K->11282K(1089024K), 0.0029049 secs]
254132.451: [GC (Allocation Failure)  411666K->11250K(1077248K), 0.0036114 secs]
254132.870: [GC (Allocation Failure)  399858K->11282K(1065984K), 0.0033544 secs]
254133.278: [GC (Allocation Failure)  388626K->11290K(1055232K), 0.0035204 secs]
254133.675: [GC (Allocation Failure)  377882K->11290K(1044480K), 0.0033638 secs]
254134.059: [GC (Allocation Failure)  367130K->11258K(1034240K), 0.0036748 secs]
254134.434: [GC (Allocation Failure)  356858K->11298K(1024512K), 0.0036677 secs]
254134.826: [GC (Allocation Failure)  347170K->11298K(1015296K), 0.0039449 secs]
254135.226: [GC (Allocation Failure)  337954K->11298K(1080832K), 0.0054134 secs]
254135.657: [GC (Allocation Failure)  403490K->11298K(1069056K), 0.0036013 secs]
254136.071: [GC (Allocation Failure)  391714K->11338K(1057792K), 0.0031042 secs]
254136.472: [GC (Allocation Failure)  380490K->11306K(1047040K), 0.0038530 secs]
254136.862: [GC (Allocation Failure)  369706K->11306K(1036800K), 0.0035618 secs]
254137.239: [GC (Allocation Failure)  359466K->11314K(1027072K), 0.0033410 secs]
254137.606: [GC (Allocation Failure)  349746K->11322K(1017856K), 0.0040354 secs]
254137.964: [GC (Allocation Failure)  340538K->11354K(1008640K), 0.0037328 secs]
254138.311: [GC (Allocation Failure)  331354K->11322K(1072640K), 0.0047207 secs]
254138.737: [GC (Allocation Failure)  395322K->11354K(1061376K), 0.0037059 secs]
254139.141: [GC (Allocation Failure)  384090K->11322K(1050624K), 0.0034043 secs]
254139.534: [GC (Allocation Failure)  373306K->11290K(1040384K), 0.0040889 secs]
254139.919: [GC (Allocation Failure)  363034K->11322K(1030656K), 0.0034215 secs]
254140.314: [GC (Allocation Failure)  353338K->11290K(1020928K), 0.0037299 secs]
254140.674: [GC (Allocation Failure)  343578K->11290K(1011712K), 0.0037657 secs]
254141.024: [GC (Allocation Failure)  334362K->11354K(1003008K), 0.0037895 secs]
254141.365: [GC (Allocation Failure)  325722K->11322K(994816K), 0.0034308 secs]
254141.714: [GC (Allocation Failure)  317498K->11290K(986624K), 0.0033809 secs]
254142.037: [GC (Allocation Failure)  309274K->11290K(1046528K), 0.0038180 secs]
254142.437: [GC (Allocation Failure)  369178K->11322K(1036288K), 0.0034618 secs]
254142.816: [GC (Allocation Failure)  358970K->11322K(1026560K), 0.0038728 secs]
254143.184: [GC (Allocation Failure)  349242K->11386K(1017344K), 0.0030516 secs]
254143.546: [GC (Allocation Failure)  340090K->11322K(1008640K), 0.0033766 secs]
254143.892: [GC (Allocation Failure)  331322K->11290K(999936K), 0.0032307 secs]
254144.227: [GC (Allocation Failure)  322586K->11290K(991744K), 0.0037810 secs]
254144.556: [GC (Allocation Failure)  314394K->11322K(1052672K), 0.0041013 secs]
254144.950: [GC (Allocation Failure)  375354K->11290K(1125888K), 0.0040854 secs]
254145.477: [GC (Allocation Failure)  448538K->11322K(1112576K), 0.0042495 secs]
254145.971: [GC (Allocation Failure)  435258K->11322K(1099776K), 0.0079068 secs]
254146.423: [GC (Allocation Failure)  422458K->11322K(1087488K), 0.0036899 secs]
254146.863: [GC (Allocation Failure)  410170K->11322K(1075712K), 0.0036214 secs]
254147.282: [GC (Allocation Failure)  398394K->11354K(1064448K), 0.0036131 secs]
254147.697: [GC (Allocation Failure)  387162K->11330K(1053696K), 0.0038647 secs]
254148.092: [GC (Allocation Failure)  376386K->11330K(1043456K), 0.0037096 secs]
254148.475: [GC (Allocation Failure)  366146K->11298K(1033216K), 0.0041452 secs]
254148.873: [GC (Allocation Failure)  355874K->11298K(1023488K), 0.0043574 secs]
254149.242: [GC (Allocation Failure)  346146K->11298K(1014272K), 0.0034791 secs]
254149.597: [GC (Allocation Failure)  336930K->11298K(1005568K), 0.0034813 secs]
254149.960: [GC (Allocation Failure)  328226K->11298K(1069056K), 0.0044327 secs]
254150.422: [GC (Allocation Failure)  391714K->11338K(1057792K), 0.0034908 secs]
254150.828: [GC (Allocation Failure)  380490K->11346K(1047040K), 0.0035820 secs]
254151.217: [GC (Allocation Failure)  369746K->11314K(1036800K), 0.0042963 secs]
254151.599: [GC (Allocation Failure)  359474K->11314K(1027072K), 0.0034514 secs]
254151.967: [GC (Allocation Failure)  349746K->11346K(1017856K), 0.0045819 secs]
254152.331: [GC (Allocation Failure)  340562K->11314K(1083904K), 0.0042365 secs]
254152.761: [GC (Allocation Failure)  406578K->11346K(1072128K), 0.0038357 secs]
254153.179: [GC (Allocation Failure)  394834K->11346K(1060864K), 0.0040500 secs]
254153.588: [GC (Allocation Failure)  383570K->11346K(1050112K), 0.0036337 secs]
254153.981: [GC (Allocation Failure)  372818K->11346K(1039872K), 0.0041667 secs]
254154.367: [GC (Allocation Failure)  362578K->11346K(1030144K), 0.0042430 secs]
254154.743: [GC (Allocation Failure)  352850K->11346K(1020928K), 0.0036291 secs]
254155.105: [GC (Allocation Failure)  343634K->11314K(1011712K), 0.0038411 secs]
254155.457: [GC (Allocation Failure)  334386K->11378K(1076736K), 0.0038323 secs]
254155.876: [GC (Allocation Failure)  399474K->11346K(1154560K), 0.0045967 secs]
254156.450: [GC (Allocation Failure)  477266K->11346K(1139712K), 0.0038693 secs]
254156.937: [GC (Allocation Failure)  462418K->11346K(1125376K), 0.0039987 secs]
254157.414: [GC (Allocation Failure)  448082K->11322K(1112064K), 0.0048081 secs]
254157.876: [GC (Allocation Failure)  434746K->11354K(1099264K), 0.0038017 secs]
254158.356: [GC (Allocation Failure)  421978K->11290K(1086976K), 0.0039450 secs]
254158.787: [GC (Allocation Failure)  409626K->11354K(1075200K), 0.0037185 secs]
254159.208: [GC (Allocation Failure)  397914K->11354K(1063936K), 0.0036211 secs]
254159.624: [GC (Allocation Failure)  386650K->11322K(1053184K), 0.0041451 secs]
254160.022: [GC (Allocation Failure)  375866K->11354K(1042944K), 0.0051136 secs]
254160.417: [GC (Allocation Failure)  365658K->11322K(1032704K), 0.0035641 secs]
254160.816: [GC (Allocation Failure)  355386K->11322K(1022976K), 0.0038427 secs]
254161.182: [GC (Allocation Failure)  345658K->11354K(1013760K), 0.0038578 secs]
254161.536: [GC (Allocation Failure)  336474K->11354K(1005056K), 0.0036113 secs]
254161.880: [GC (Allocation Failure)  327770K->11354K(996352K), 0.0033737 secs]
254162.213: [GC (Allocation Failure)  319066K->11322K(988160K), 0.0034524 secs]
254162.539: [GC (Allocation Failure)  310842K->11322K(980480K), 0.0035954 secs]
254162.855: [GC (Allocation Failure)  303162K->11354K(1038848K), 0.0036376 secs]
254163.236: [GC (Allocation Failure)  361562K->11354K(1029120K), 0.0036800 secs]
254163.605: [GC (Allocation Failure)  351834K->11322K(1019904K), 0.0037261 secs]
254163.968: [GC (Allocation Failure)  342586K->11330K(1010688K), 0.0038096 secs]
254164.316: [GC (Allocation Failure)  333378K->11362K(1001984K), 0.0036516 secs]
254164.656: [GC (Allocation Failure)  324706K->11362K(993792K), 0.0030617 secs]
254164.990: [GC (Allocation Failure)  316514K->11330K(985600K), 0.0036174 secs]
254165.323: [GC (Allocation Failure)  308290K->11330K(1044992K), 0.0036448 secs]
254165.707: [GC (Allocation Failure)  367682K->11362K(1034752K), 0.0036814 secs]
254166.127: [GC (Allocation Failure)  357474K->11330K(1025024K), 0.0039021 secs]
254166.506: [GC (Allocation Failure)  347714K->11362K(1015808K), 0.0035394 secs]
254166.861: [GC (Allocation Failure)  338530K->11362K(1007104K), 0.0031484 secs]
254167.229: [GC (Allocation Failure)  329826K->11362K(998400K), 0.0032819 secs]
254167.573: [GC (Allocation Failure)  321122K->11330K(990208K), 0.0036498 secs]
254167.899: [GC (Allocation Failure)  312898K->11330K(982528K), 0.0040145 secs]
254168.217: [GC (Allocation Failure)  305218K->11362K(1041408K), 0.0035160 secs]
254168.599: [GC (Allocation Failure)  364130K->11362K(1031680K), 0.0037622 secs]
254169.039: [GC (Allocation Failure)  354402K->11362K(1021952K), 0.0042173 secs]
254169.415: [GC (Allocation Failure)  344674K->11330K(1012736K), 0.0036085 secs]
254169.775: [GC (Allocation Failure)  335426K->11362K(1004032K), 0.0034630 secs]
254170.117: [GC (Allocation Failure)  326754K->11362K(1067520K), 0.0044347 secs]
254170.532: [GC (Allocation Failure)  390242K->11330K(1056256K), 0.0037020 secs]
254170.944: [GC (Allocation Failure)  378946K->11362K(1045504K), 0.0034847 secs]
254171.340: [GC (Allocation Failure)  368226K->11362K(1035264K), 0.0032186 secs]
254171.714: [GC (Allocation Failure)  357986K->11394K(1025536K), 0.0035422 secs]
254172.094: [GC (Allocation Failure)  348290K->11330K(1016320K), 0.0034826 secs]
254172.458: [GC (Allocation Failure)  339010K->11330K(1007616K), 0.0036478 secs]
254172.808: [GC (Allocation Failure)  330306K->11362K(998912K), 0.0036287 secs]
254173.147: [GC (Allocation Failure)  321634K->11362K(990720K), 0.0034590 secs]
254173.482: [GC (Allocation Failure)  313442K->11330K(983040K), 0.0038175 secs]
254173.802: [GC (Allocation Failure)  305730K->11362K(975360K), 0.0034481 secs]
254174.112: [GC (Allocation Failure)  298082K->11362K(1032704K), 0.0033375 secs]
254174.485: [GC (Allocation Failure)  355426K->11362K(1022976K), 0.0032964 secs]
254174.848: [GC (Allocation Failure)  345698K->11362K(1013760K), 0.0034821 secs]
254175.206: [GC (Allocation Failure)  336482K->11362K(1078784K), 0.0043677 secs]
254175.629: [GC (Allocation Failure)  401506K->11362K(1067520K), 0.0036241 secs]
254176.041: [GC (Allocation Failure)  390242K->11362K(1056256K), 0.0090349 secs]
254176.448: [GC (Allocation Failure)  378978K->11330K(1045504K), 0.0038220 secs]
254176.857: [GC (Allocation Failure)  368194K->11362K(1035264K), 0.0035470 secs]
254177.238: [GC (Allocation Failure)  357986K->11330K(1025536K), 0.0041294 secs]
254177.608: [GC (Allocation Failure)  348226K->11362K(1016320K), 0.0034098 secs]
254177.963: [GC (Allocation Failure)  339042K->11362K(1007616K), 0.0038021 secs]
254178.309: [GC (Allocation Failure)  330338K->11362K(998912K), 0.0037460 secs]
254178.647: [GC (Allocation Failure)  321634K->11362K(1061376K), 0.0043253 secs]
254179.056: [GC (Allocation Failure)  384098K->11362K(1050624K), 0.0036067 secs]
254179.458: [GC (Allocation Failure)  373346K->11362K(1040384K), 0.0037144 secs]
254179.841: [GC (Allocation Failure)  363106K->11330K(1030656K), 0.0035760 secs]
254180.218: [GC (Allocation Failure)  353346K->11362K(1020928K), 0.0035150 secs]
254180.604: [GC (Allocation Failure)  343650K->11362K(1011712K), 0.0039485 secs]
254180.956: [GC (Allocation Failure)  334434K->11330K(1076736K), 0.0042653 secs]
254181.382: [GC (Allocation Failure)  399426K->11362K(1065472K), 0.0034716 secs]
254181.828: [GC (Allocation Failure)  388194K->11362K(1054720K), 0.0039256 secs]
254182.224: [GC (Allocation Failure)  377442K->11362K(1044480K), 0.0039392 secs]
254182.612: [GC (Allocation Failure)  367202K->11330K(1034240K), 0.0038552 secs]
254182.986: [GC (Allocation Failure)  356930K->11362K(1024512K), 0.0042576 secs]
254183.355: [GC (Allocation Failure)  347234K->11330K(1015296K), 0.0030009 secs]
254183.711: [GC (Allocation Failure)  337986K->11362K(1006592K), 0.0033251 secs]
254184.057: [GC (Allocation Failure)  329314K->11330K(997888K), 0.0034833 secs]
254184.397: [GC (Allocation Failure)  320578K->11426K(1059840K), 0.0049982 secs]
254184.824: [GC (Allocation Failure)  382626K->11330K(1134080K), 0.0040891 secs]
254185.318: [GC (Allocation Failure)  456770K->11362K(1120256K), 0.0032338 secs]
254185.787: [GC (Allocation Failure)  442978K->11362K(1106944K), 0.0035078 secs]
254186.239: [GC (Allocation Failure)  429666K->11330K(1094144K), 0.0041217 secs]
254186.683: [GC (Allocation Failure)  416834K->11362K(1081856K), 0.0036220 secs]
254187.132: [GC (Allocation Failure)  404578K->11362K(1070080K), 0.0042210 secs]
254187.554: [GC (Allocation Failure)  392802K->11330K(1058816K), 0.0039701 secs]
254187.960: [GC (Allocation Failure)  381506K->11394K(1048064K), 0.0038101 secs]
254188.365: [GC (Allocation Failure)  370818K->11362K(1037824K), 0.0036557 secs]
254188.760: [GC (Allocation Failure)  360546K->11330K(1028096K), 0.0039331 secs]
254189.130: [GC (Allocation Failure)  350786K->11330K(1018880K), 0.0044275 secs]
254189.525: [GC (Allocation Failure)  341570K->11394K(1084928K), 0.0050727 secs]
254189.986: [GC (Allocation Failure)  407682K->11362K(1073152K), 0.0035171 secs]
254190.405: [GC (Allocation Failure)  395874K->11362K(1061888K), 0.0040701 secs]
254190.812: [GC (Allocation Failure)  384610K->11330K(1051136K), 0.0035413 secs]
254191.209: [GC (Allocation Failure)  373826K->11330K(1040896K), 0.0040525 secs]
254191.597: [GC (Allocation Failure)  363586K->11330K(1031168K), 0.0035970 secs]
254191.967: [GC (Allocation Failure)  353858K->11362K(1021440K), 0.0034527 secs]
254192.330: [GC (Allocation Failure)  344162K->11330K(1012224K), 0.0040458 secs]
254192.684: [GC (Allocation Failure)  334914K->11330K(1003520K), 0.0037961 secs]
254193.026: [GC (Allocation Failure)  326210K->11362K(995328K), 0.0037006 secs]
254193.361: [GC (Allocation Failure)  318050K->11362K(1056768K), 0.0043711 secs]
254193.767: [GC (Allocation Failure)  379490K->11362K(1046016K), 0.0034116 secs]
254194.156: [GC (Allocation Failure)  368738K->11330K(1117696K), 0.0053685 secs]
254194.628: [GC (Allocation Failure)  440386K->11330K(1104384K), 0.0030943 secs]
254195.075: [GC (Allocation Failure)  427074K->11394K(1091584K), 0.0031733 secs]
254195.509: [GC (Allocation Failure)  414338K->11330K(1079808K), 0.0037516 secs]
254195.949: [GC (Allocation Failure)  402498K->11362K(1068032K), 0.0040301 secs]
254196.363: [GC (Allocation Failure)  390754K->11362K(1056768K), 0.0036614 secs]
254196.762: [GC (Allocation Failure)  379490K->11362K(1046016K), 0.0041791 secs]
254197.155: [GC (Allocation Failure)  368738K->11330K(1035776K), 0.0033901 secs]
254197.531: [GC (Allocation Failure)  358466K->11330K(1026048K), 0.0039818 secs]
254197.904: [GC (Allocation Failure)  348738K->11330K(1016832K), 0.0043611 secs]
254198.263: [GC (Allocation Failure)  339522K->11362K(1008128K), 0.0036565 secs]
254198.609: [GC (Allocation Failure)  330850K->11330K(1072128K), 0.0039186 secs]
254199.038: [GC (Allocation Failure)  394818K->11330K(1060864K), 0.0032449 secs]
254199.452: [GC (Allocation Failure)  383554K->11362K(1050112K), 0.0037400 secs]
254199.842: [GC (Allocation Failure)  372834K->11330K(1039872K), 0.0042209 secs]
254200.228: [GC (Allocation Failure)  362562K->11330K(1030144K), 0.0034687 secs]
254200.600: [GC (Allocation Failure)  352834K->11330K(1020928K), 0.0041685 secs]
254200.968: [GC (Allocation Failure)  343618K->11362K(1011712K), 0.0034278 secs]
254201.323: [GC (Allocation Failure)  334434K->11394K(1003008K), 0.0040945 secs]
254201.663: [GC (Allocation Failure)  325762K->11330K(994816K), 0.0035246 secs]
254202.023: [GC (Allocation Failure)  317506K->11362K(986624K), 0.0032068 secs]
254202.349: [GC (Allocation Failure)  309346K->11362K(1046528K), 0.0043939 secs]
254202.755: [GC (Allocation Failure)  369250K->11362K(1118208K), 0.0040118 secs]
254203.218: [GC (Allocation Failure)  440930K->11330K(1104896K), 0.0039213 secs]
254203.669: [GC (Allocation Failure)  427586K->11330K(1092096K), 0.0039324 secs]
254204.106: [GC (Allocation Failure)  414786K->11362K(1079808K), 0.0045250 secs]
254204.534: [GC (Allocation Failure)  402530K->11362K(1068032K), 0.0036477 secs]
254204.943: [GC (Allocation Failure)  390754K->11362K(1056768K), 0.0037233 secs]
254205.341: [GC (Allocation Failure)  379490K->11330K(1130496K), 0.0053088 secs]
254205.825: [GC (Allocation Failure)  453186K->11330K(1116672K), 0.0037175 secs]
254206.309: [GC (Allocation Failure)  439362K->11362K(1103360K), 0.0040205 secs]
254206.777: [GC (Allocation Failure)  426082K->11362K(1091072K), 0.0035759 secs]
254207.216: [GC (Allocation Failure)  413794K->11362K(1079296K), 0.0034118 secs]
254207.644: [GC (Allocation Failure)  402018K->11330K(1068032K), 0.0034492 secs]
254208.128: [GC (Allocation Failure)  390722K->11362K(1056768K), 0.0036449 secs]
254208.526: [GC (Allocation Failure)  379490K->11330K(1046016K), 0.0037073 secs]
254208.912: [GC (Allocation Failure)  368706K->11362K(1035776K), 0.0037263 secs]
254209.287: [GC (Allocation Failure)  358498K->11362K(1026048K), 0.0033868 secs]
254209.655: [GC (Allocation Failure)  348770K->11362K(1016832K), 0.0038447 secs]
254210.015: [GC (Allocation Failure)  339554K->11330K(1008128K), 0.0043596 secs]
254210.377: [GC (Allocation Failure)  330818K->11362K(999424K), 0.0037070 secs]
254210.722: [GC (Allocation Failure)  322146K->11362K(991232K), 0.0035559 secs]
254211.057: [GC (Allocation Failure)  313954K->11362K(983552K), 0.0035579 secs]
254211.405: [GC (Allocation Failure)  306274K->11330K(1042944K), 0.0050885 secs]
254211.870: [GC (Allocation Failure)  365634K->11362K(1032704K), 0.0029906 secs]
254212.242: [GC (Allocation Failure)  355426K->11362K(1022976K), 0.0030498 secs]
254212.604: [GC (Allocation Failure)  345698K->11330K(1013760K), 0.0032744 secs]
254212.962: [GC (Allocation Failure)  336450K->11330K(1005056K), 0.0038204 secs]
254213.310: [GC (Allocation Failure)  327746K->11330K(996352K), 0.0035219 secs]
254213.645: [GC (Allocation Failure)  319042K->11362K(988160K), 0.0036789 secs]
254213.979: [GC (Allocation Failure)  310882K->11330K(980480K), 0.0033422 secs]
254214.296: [GC (Allocation Failure)  303170K->11362K(1038848K), 0.0039081 secs]
254214.679: [GC (Allocation Failure)  361570K->11394K(1108992K), 0.0037628 secs]
254215.139: [GC (Allocation Failure)  431746K->11330K(1096192K), 0.0036062 secs]
254215.611: [GC (Allocation Failure)  418882K->11330K(1083904K), 0.0044449 secs]
254216.040: [GC (Allocation Failure)  406594K->11362K(1072128K), 0.0040172 secs]
254216.457: [GC (Allocation Failure)  394850K->11362K(1060864K), 0.0038741 secs]
254216.867: [GC (Allocation Failure)  383586K->11394K(1050112K), 0.0037807 secs]
254217.261: [GC (Allocation Failure)  372866K->11362K(1039872K), 0.0041539 secs]
254217.662: [GC (Allocation Failure)  362594K->11362K(1030144K), 0.0037382 secs]
254218.033: [GC (Allocation Failure)  352866K->11330K(1020928K), 0.0039257 secs]
254218.427: [GC (Allocation Failure)  343618K->11362K(1011712K), 0.0037831 secs]
254218.779: [GC (Allocation Failure)  334434K->11330K(1003008K), 0.0039607 secs]
254219.122: [GC (Allocation Failure)  325698K->11362K(1065984K), 0.0038965 secs]
254219.531: [GC (Allocation Failure)  388706K->11362K(1055232K), 0.0035292 secs]
254219.930: [GC (Allocation Failure)  377954K->11362K(1044480K), 0.0039322 secs]
254220.322: [GC (Allocation Failure)  367202K->11362K(1034240K), 0.0039386 secs]
254220.714: [GC (Allocation Failure)  356962K->11362K(1024512K), 0.0038794 secs]
254221.079: [GC (Allocation Failure)  347234K->11330K(1092096K), 0.0045717 secs]
254221.520: [GC (Allocation Failure)  414786K->11362K(1079808K), 0.0041210 secs]
254221.956: [GC (Allocation Failure)  402530K->11362K(1068032K), 0.0037976 secs]
254222.371: [GC (Allocation Failure)  390754K->11362K(1056768K), 0.0034334 secs]
254222.769: [GC (Allocation Failure)  379490K->11330K(1046016K), 0.0040528 secs]
254223.161: [GC (Allocation Failure)  368706K->11394K(1035776K), 0.0041644 secs]
254223.572: [GC (Allocation Failure)  358530K->11330K(1026048K), 0.0042989 secs]
254223.942: [GC (Allocation Failure)  348738K->11362K(1016832K), 0.0038760 secs]
254224.299: [GC (Allocation Failure)  339554K->11362K(1008128K), 0.0037830 secs]
254224.668: [GC (Allocation Failure)  330850K->11362K(1072128K), 0.0040132 secs]
254225.082: [GC (Allocation Failure)  394850K->11330K(1060864K), 0.0039224 secs]
254225.498: [GC (Allocation Failure)  383554K->11362K(1050112K), 0.0034926 secs]
254225.889: [GC (Allocation Failure)  372834K->11362K(1039872K), 0.0036158 secs]
254226.274: [GC (Allocation Failure)  362594K->11362K(1030144K), 0.0035238 secs]
254226.645: [GC (Allocation Failure)  352866K->11362K(1020928K), 0.0036735 secs]
254227.005: [GC (Allocation Failure)  343650K->11362K(1011712K), 0.0032111 secs]
254227.356: [GC (Allocation Failure)  334434K->11362K(1003008K), 0.0031855 secs]
254227.717: [GC (Allocation Failure)  325730K->11362K(994816K), 0.0035347 secs]
254228.060: [GC (Allocation Failure)  317538K->11394K(986624K), 0.0039250 secs]
254228.384: [GC (Allocation Failure)  309378K->11362K(978944K), 0.0033586 secs]
254228.723: [GC (Allocation Failure)  301666K->11362K(971264K), 0.0037906 secs]
254229.036: [GC (Allocation Failure)  293986K->11330K(1028096K), 0.0034725 secs]
254229.404: [GC (Allocation Failure)  350786K->11330K(1018880K), 0.0034782 secs]
254229.765: [GC (Allocation Failure)  341570K->11362K(1009664K), 0.0030412 secs]
254230.123: [GC (Allocation Failure)  332386K->11362K(1074176K), 0.0047702 secs]
254230.548: [GC (Allocation Failure)  396898K->11362K(1062912K), 0.0032462 secs]
254230.957: [GC (Allocation Failure)  385634K->11362K(1052160K), 0.0032485 secs]
254231.359: [GC (Allocation Failure)  374882K->11362K(1041920K), 0.0040564 secs]
254231.754: [GC (Allocation Failure)  364642K->11362K(1032192K), 0.0033498 secs]
254232.129: [GC (Allocation Failure)  354914K->11330K(1022464K), 0.0038075 secs]
254232.498: [GC (Allocation Failure)  345154K->11362K(1013248K), 0.0033271 secs]
254232.853: [GC (Allocation Failure)  335970K->11330K(1004544K), 0.0037662 secs]
254233.197: [GC (Allocation Failure)  327234K->11362K(996352K), 0.0031404 secs]
254233.537: [GC (Allocation Failure)  319074K->11330K(988160K), 0.0033926 secs]
254233.872: [GC (Allocation Failure)  310850K->11330K(980480K), 0.0038694 secs]
254234.192: [GC (Allocation Failure)  303170K->11362K(972800K), 0.0033345 secs]
254234.500: [GC (Allocation Failure)  295522K->11362K(965632K), 0.0030736 secs]
254234.800: [GC (Allocation Failure)  288354K->11362K(1021440K), 0.0037293 secs]
254235.161: [GC (Allocation Failure)  344162K->11362K(1088000K), 0.0034876 secs]
254235.603: [GC (Allocation Failure)  410722K->11330K(1076224K), 0.0036066 secs]
254236.028: [GC (Allocation Failure)  398914K->11362K(1064960K), 0.0032834 secs]
254236.436: [GC (Allocation Failure)  387682K->11362K(1054208K), 0.0036180 secs]
254236.832: [GC (Allocation Failure)  376930K->11362K(1043968K), 0.0029778 secs]
254237.218: [GC (Allocation Failure)  366690K->11330K(1033728K), 0.0033050 secs]
254237.598: [GC (Allocation Failure)  356418K->11330K(1024000K), 0.0049543 secs]
254237.987: [GC (Allocation Failure)  346690K->11362K(1014784K), 0.0034417 secs]
254238.340: [GC (Allocation Failure)  337506K->11330K(1006080K), 0.0031007 secs]
254238.686: [GC (Allocation Failure)  328770K->11362K(997376K), 0.0031332 secs]
254239.032: [GC (Allocation Failure)  320098K->11362K(989184K), 0.0036594 secs]
254239.358: [GC (Allocation Failure)  311906K->11330K(981504K), 0.0037112 secs]
254239.678: [GC (Allocation Failure)  304194K->11298K(1040384K), 0.0036913 secs]
254240.068: [GC (Allocation Failure)  363042K->11362K(1030656K), 0.0034695 secs]
254240.437: [GC (Allocation Failure)  353378K->11362K(1099264K), 0.0045279 secs]
254240.898: [GC (Allocation Failure)  421986K->11362K(1181696K), 0.0045373 secs]
254241.435: [GC (Allocation Failure)  504418K->11362K(1165824K), 0.0051821 secs]
254242.024: [GC (Allocation Failure)  488546K->11362K(1150464K), 0.0035909 secs]
254242.538: [GC (Allocation Failure)  473186K->11394K(1136128K), 0.0036446 secs]
254243.027: [GC (Allocation Failure)  458882K->11330K(1122304K), 0.0038418 secs]
254243.498: [GC (Allocation Failure)  444994K->11362K(1108992K), 0.0041252 secs]
254243.956: [GC (Allocation Failure)  431714K->11362K(1096192K), 0.0216152 secs]
254244.422: [GC (Allocation Failure)  418914K->11362K(1083904K), 0.0050456 secs]
254244.861: [GC (Allocation Failure)  406626K->11330K(1072128K), 0.0043344 secs]
254245.281: [GC (Allocation Failure)  394818K->11362K(1060864K), 0.0033504 secs]
254245.685: [GC (Allocation Failure)  383586K->11330K(1050112K), 0.0039464 secs]
254246.103: [GC (Allocation Failure)  372802K->11330K(1039872K), 0.0040615 secs]
254246.483: [GC (Allocation Failure)  362562K->11394K(1030144K), 0.0041139 secs]
254246.854: [GC (Allocation Failure)  352898K->11362K(1098752K), 0.0050396 secs]
254247.316: [GC (Allocation Failure)  421474K->11362K(1181184K), 0.0058016 secs]
254247.863: [GC (Allocation Failure)  503906K->11298K(1165312K), 0.0035439 secs]
254248.381: [GC (Allocation Failure)  487970K->11330K(1149952K), 0.0043063 secs]
254248.882: [GC (Allocation Failure)  472642K->11362K(1135616K), 0.0041256 secs]
254249.372: [GC (Allocation Failure)  458338K->11330K(1121792K), 0.0047016 secs]
254249.864: [GC (Allocation Failure)  444482K->11362K(1108480K), 0.0052303 secs]
254250.327: [GC (Allocation Failure)  431202K->11362K(1095680K), 0.0038865 secs]
254250.776: [GC (Allocation Failure)  418402K->11362K(1083392K), 0.0045398 secs]
254251.208: [GC (Allocation Failure)  406114K->11362K(1071616K), 0.0036265 secs]
254251.625: [GC (Allocation Failure)  394338K->11362K(1060352K), 0.0045296 secs]
254252.038: [GC (Allocation Failure)  383074K->11362K(1049600K), 0.0034573 secs]
254252.430: [GC (Allocation Failure)  372322K->11362K(1039360K), 0.0040950 secs]
254252.816: [GC (Allocation Failure)  362082K->11362K(1029632K), 0.0041119 secs]
254253.190: [GC (Allocation Failure)  352354K->11330K(1098240K), 0.0045895 secs]
254253.648: [GC (Allocation Failure)  420930K->11330K(1085952K), 0.0043393 secs]
254254.079: [GC (Allocation Failure)  408642K->11362K(1074176K), 0.0038086 secs]
254254.506: [GC (Allocation Failure)  396898K->11362K(1062912K), 0.0040986 secs]
254254.936: [GC (Allocation Failure)  385634K->11362K(1052160K), 0.0042433 secs]
254255.334: [GC (Allocation Failure)  374882K->11362K(1041920K), 0.0036465 secs]
254255.722: [GC (Allocation Failure)  364642K->11362K(1032192K), 0.0040471 secs]
254256.110: [GC (Allocation Failure)  354914K->11330K(1022464K), 0.0042406 secs]
254256.472: [GC (Allocation Failure)  345154K->11330K(1089536K), 0.0040430 secs]
254256.910: [GC (Allocation Failure)  412226K->11362K(1169920K), 0.0048537 secs]
254257.436: [GC (Allocation Failure)  492642K->11362K(1154560K), 0.0036113 secs]
254257.937: [GC (Allocation Failure)  477282K->11362K(1139712K), 0.0041519 secs]
254258.428: [GC (Allocation Failure)  462434K->11362K(1125376K), 0.0036962 secs]
254258.899: [GC (Allocation Failure)  448098K->11362K(1112064K), 0.0040412 secs]
254259.357: [GC (Allocation Failure)  434786K->11394K(1099264K), 0.0037592 secs]
254259.802: [GC (Allocation Failure)  422018K->11362K(1086976K), 0.0040333 secs]
254260.261: [GC (Allocation Failure)  409698K->11362K(1075200K), 0.0046527 secs]
254260.679: [GC (Allocation Failure)  397922K->11394K(1063936K), 0.0037083 secs]
254261.117: [GC (Allocation Failure)  386690K->11330K(1053184K), 0.0039681 secs]
254261.511: [GC (Allocation Failure)  375874K->11362K(1042944K), 0.0041633 secs]
254261.902: [GC (Allocation Failure)  365666K->11362K(1032704K), 0.0035765 secs]
254262.291: [GC (Allocation Failure)  355426K->11330K(1022976K), 0.0035457 secs]
254262.656: [GC (Allocation Failure)  345666K->11362K(1013760K), 0.0035964 secs]
254263.014: [GC (Allocation Failure)  336482K->11330K(1005056K), 0.0037073 secs]
254263.376: [GC (Allocation Failure)  327746K->11362K(996352K), 0.0036205 secs]
254263.710: [GC (Allocation Failure)  319074K->11394K(988160K), 0.0037889 secs]
254264.036: [GC (Allocation Failure)  310914K->11330K(980480K), 0.0034145 secs]
254264.426: [GC (Allocation Failure)  303170K->11330K(972800K), 0.0037359 secs]
254264.734: [GC (Allocation Failure)  295490K->11362K(1029632K), 0.0039503 secs]
254265.109: [GC (Allocation Failure)  352354K->11362K(1020416K), 0.0032603 secs]
254265.469: [GC (Allocation Failure)  343138K->11362K(1011200K), 0.0037313 secs]
254265.839: [GC (Allocation Failure)  333922K->11394K(1002496K), 0.0035346 secs]
254266.208: [GC (Allocation Failure)  325250K->11362K(994304K), 0.0032923 secs]
254266.538: [GC (Allocation Failure)  317026K->11330K(1055744K), 0.0046475 secs]
254266.958: [GC (Allocation Failure)  378434K->11330K(1044992K), 0.0035958 secs]
254267.382: [GC (Allocation Failure)  367682K->11362K(1034752K), 0.0034572 secs]
254267.758: [GC (Allocation Failure)  357474K->11330K(1104384K), 0.0052994 secs]
254268.206: [GC (Allocation Failure)  427074K->11362K(1091584K), 0.0037730 secs]
254268.646: [GC (Allocation Failure)  414306K->11362K(1079808K), 0.0037297 secs]
254269.080: [GC (Allocation Failure)  402530K->11362K(1068032K), 0.0034589 secs]
254269.507: [GC (Allocation Failure)  390754K->11394K(1056768K), 0.0035984 secs]
254269.920: [GC (Allocation Failure)  379522K->11394K(1046016K), 0.0033932 secs]
254270.308: [GC (Allocation Failure)  368770K->11362K(1035776K), 0.0037000 secs]
254270.713: [GC (Allocation Failure)  358498K->11362K(1026048K), 0.0044507 secs]
254271.084: [GC (Allocation Failure)  348770K->11394K(1016832K), 0.0032056 secs]
254271.438: [GC (Allocation Failure)  339586K->11362K(1008128K), 0.0031356 secs]
254271.784: [GC (Allocation Failure)  330850K->11330K(999424K), 0.0032100 secs]
254272.124: [GC (Allocation Failure)  322114K->11362K(991232K), 0.0035748 secs]
254272.456: [GC (Allocation Failure)  313954K->11330K(983552K), 0.0042515 secs]
254272.781: [GC (Allocation Failure)  306242K->11362K(1042944K), 0.0034199 secs]
254273.164: [GC (Allocation Failure)  365666K->11362K(1032704K), 0.0034599 secs]
254273.536: [GC (Allocation Failure)  355426K->11362K(1022976K), 0.0041272 secs]
254273.898: [GC (Allocation Failure)  345698K->11330K(1013760K), 0.0037045 secs]
254274.250: [GC (Allocation Failure)  336450K->11362K(1078784K), 0.0046073 secs]
254274.688: [GC (Allocation Failure)  401506K->11362K(1157120K), 0.0045782 secs]
254275.200: [GC (Allocation Failure)  479842K->11362K(1142272K), 0.0036721 secs]
254275.691: [GC (Allocation Failure)  464994K->11362K(1127936K), 0.0036847 secs]
254276.184: [GC (Allocation Failure)  450658K->11362K(1114112K), 0.0038962 secs]
254276.647: [GC (Allocation Failure)  436834K->11362K(1101312K), 0.0046461 secs]
254277.092: [GC (Allocation Failure)  424034K->11426K(1089024K), 0.0041659 secs]
254277.524: [GC (Allocation Failure)  411810K->11394K(1077248K), 0.0035470 secs]
254277.942: [GC (Allocation Failure)  400002K->11362K(1155072K), 0.0072864 secs]
254278.447: [GC (Allocation Failure)  477794K->11362K(1140224K), 0.0032768 secs]
254278.927: [GC (Allocation Failure)  462946K->11330K(1125888K), 0.0033585 secs]
254279.392: [GC (Allocation Failure)  448578K->11362K(1112576K), 0.0037820 secs]
254279.842: [GC (Allocation Failure)  435298K->11330K(1099776K), 0.0036809 secs]
254280.281: [GC (Allocation Failure)  422466K->11362K(1087488K), 0.0037860 secs]
254280.705: [GC (Allocation Failure)  410210K->11330K(1075712K), 0.0040467 secs]
254281.175: [GC (Allocation Failure)  398402K->11362K(1064448K), 0.0040867 secs]
254281.592: [GC (Allocation Failure)  387170K->11394K(1139712K), 0.0100921 secs]
254282.082: [GC (Allocation Failure)  462466K->11362K(1230336K), 0.0034069 secs]
254282.675: [GC (Allocation Failure)  553058K->11330K(1212416K), 0.0028348 secs]
254283.241: [GC (Allocation Failure)  535106K->11362K(1195008K), 0.0037297 secs]
254283.780: [GC (Allocation Failure)  517730K->11362K(1178624K), 0.0031706 secs]
254284.306: [GC (Allocation Failure)  501346K->11330K(1162752K), 0.0036663 secs]
254284.810: [GC (Allocation Failure)  485442K->11330K(1147904K), 0.0036441 secs]
254285.316: [GC (Allocation Failure)  470594K->11362K(1133568K), 0.0047836 secs]
254285.791: [GC (Allocation Failure)  456290K->11362K(1119744K), 0.0034871 secs]
254286.298: [GC (Allocation Failure)  442466K->11330K(1206272K), 0.0112353 secs]
254286.856: [GC (Allocation Failure)  528962K->11330K(1310208K), 0.0037839 secs]
254287.540: [GC (Allocation Failure)  632898K->11362K(1288704K), 0.0033770 secs]
254288.200: [GC (Allocation Failure)  611426K->11330K(1268224K), 0.0033030 secs]
254288.866: [GC (Allocation Failure)  590914K->11330K(1248256K), 0.0028558 secs]
254289.460: [GC (Allocation Failure)  570946K->11330K(1229312K), 0.0044171 secs]
254290.060: [GC (Allocation Failure)  552002K->11362K(1211392K), 0.0034568 secs]
254290.620: [GC (Allocation Failure)  534114K->11362K(1193984K), 0.0060891 secs]
254291.166: [GC (Allocation Failure)  516706K->11362K(1177600K), 0.0034833 secs]
254291.687: [GC (Allocation Failure)  500322K->11330K(1161728K), 0.0034094 secs]
254292.192: [GC (Allocation Failure)  484418K->11362K(1146880K), 0.0083365 secs]
254292.688: [GC (Allocation Failure)  469602K->11362K(1238528K), 0.0063756 secs]
254293.283: [GC (Allocation Failure)  561250K->11362K(1220096K), 0.0034363 secs]
254293.853: [GC (Allocation Failure)  542818K->11394K(1202688K), 0.0036297 secs]
254294.405: [GC (Allocation Failure)  525442K->11394K(1185792K), 0.0035219 secs]
254294.935: [GC (Allocation Failure)  508546K->11394K(1169920K), 0.0034591 secs]
254295.449: [GC (Allocation Failure)  492674K->11362K(1154560K), 0.0038310 secs]
254295.947: [GC (Allocation Failure)  477282K->11394K(1139712K), 0.0037248 secs]
254296.428: [GC (Allocation Failure)  462466K->11330K(1125376K), 0.0034057 secs]
254296.945: [GC (Allocation Failure)  448066K->11330K(1112064K), 0.0037070 secs]
254297.407: [GC (Allocation Failure)  434754K->11330K(1099264K), 0.0044808 secs]
254297.855: [GC (Allocation Failure)  421954K->11362K(1086976K), 0.0028584 secs]
254298.283: [GC (Allocation Failure)  409698K->11394K(1075200K), 0.0042833 secs]
254298.701: [GC (Allocation Failure)  397954K->11330K(1152512K), 0.0082154 secs]
254299.206: [GC (Allocation Failure)  475202K->11394K(1137664K), 0.0036409 secs]
254299.687: [GC (Allocation Failure)  460418K->11362K(1123840K), 0.0035716 secs]
254300.212: [GC (Allocation Failure)  446562K->11362K(1110528K), 0.0040131 secs]
254300.663: [GC (Allocation Failure)  433250K->11362K(1097728K), 0.0039487 secs]
254301.099: [GC (Allocation Failure)  420450K->11330K(1085440K), 0.0033815 secs]
254301.524: [GC (Allocation Failure)  408130K->11330K(1073664K), 0.0039594 secs]
254301.956: [GC (Allocation Failure)  396354K->11330K(1062400K), 0.0041667 secs]
254302.355: [GC (Allocation Failure)  385090K->11330K(1051648K), 0.0034695 secs]
254302.754: [GC (Allocation Failure)  374338K->11330K(1041408K), 0.0042594 secs]
254303.131: [GC (Allocation Failure)  364098K->11330K(1031680K), 0.0030137 secs]
254303.499: [GC (Allocation Failure)  354370K->11362K(1021952K), 0.0035647 secs]
254303.856: [GC (Allocation Failure)  344674K->11394K(1012736K), 0.0033022 secs]
254304.204: [GC (Allocation Failure)  335490K->11394K(1004032K), 0.0035708 secs]
254304.544: [GC (Allocation Failure)  326786K->11362K(995840K), 0.0036150 secs]
254304.875: [GC (Allocation Failure)  318562K->11330K(1057280K), 0.0045734 secs]
254305.270: [GC (Allocation Failure)  379970K->11330K(1046528K), 0.0029736 secs]
254305.656: [GC (Allocation Failure)  369218K->11362K(1036288K), 0.0033371 secs]
254306.029: [GC (Allocation Failure)  359010K->11330K(1026560K), 0.0038938 secs]
254306.392: [GC (Allocation Failure)  349250K->11330K(1017344K), 0.0034666 secs]
254306.743: [GC (Allocation Failure)  340034K->11362K(1008640K), 0.0030845 secs]
254307.118: [GC (Allocation Failure)  331362K->11362K(999936K), 0.0032266 secs]
254307.457: [GC (Allocation Failure)  322658K->11330K(991744K), 0.0034746 secs]
254307.782: [GC (Allocation Failure)  314434K->11394K(984064K), 0.0033955 secs]
254308.098: [GC (Allocation Failure)  306818K->11362K(976384K), 0.0036575 secs]
254308.407: [GC (Allocation Failure)  299106K->11330K(1034240K), 0.0039180 secs]
254308.777: [GC (Allocation Failure)  356930K->11330K(1103360K), 0.0043409 secs]
254309.221: [GC (Allocation Failure)  426050K->11362K(1186304K), 0.0038057 secs]
254309.751: [GC (Allocation Failure)  509026K->11330K(1169920K), 0.0031717 secs]
254310.273: [GC (Allocation Failure)  492610K->11394K(1154560K), 0.0030821 secs]
254310.769: [GC (Allocation Failure)  477314K->11330K(1139712K), 0.0030881 secs]
254311.252: [GC (Allocation Failure)  462402K->11362K(1125376K), 0.0036570 secs]
254311.732: [GC (Allocation Failure)  448098K->11394K(1112064K), 0.0031728 secs]
254312.206: [GC (Allocation Failure)  434818K->11330K(1099264K), 0.0048113 secs]
254312.651: [GC (Allocation Failure)  421954K->11330K(1086976K), 0.0041442 secs]
254313.078: [GC (Allocation Failure)  409666K->11330K(1075200K), 0.0036871 secs]
254313.494: [GC (Allocation Failure)  397890K->11362K(1063936K), 0.0027308 secs]
254313.896: [GC (Allocation Failure)  386658K->11330K(1053184K), 0.0036644 secs]
254314.288: [GC (Allocation Failure)  375874K->11362K(1042944K), 0.0034652 secs]
254314.669: [GC (Allocation Failure)  365666K->11362K(1032704K), 0.0030866 secs]
254315.038: [GC (Allocation Failure)  355426K->11426K(1022976K), 0.0030320 secs]
254315.395: [GC (Allocation Failure)  345762K->11362K(1013760K), 0.0031261 secs]
254315.765: [GC (Allocation Failure)  336482K->11330K(1005056K), 0.0035835 secs]
254316.103: [GC (Allocation Failure)  327746K->11362K(996352K), 0.0037207 secs]
254316.435: [GC (Allocation Failure)  319074K->11330K(988160K), 0.0032640 secs]
254316.755: [GC (Allocation Failure)  310850K->11330K(980480K), 0.0032761 secs]
254317.067: [GC (Allocation Failure)  303170K->11330K(972800K), 0.0031520 secs]
254317.373: [GC (Allocation Failure)  295490K->11362K(965632K), 0.0031075 secs]
254317.690: [GC (Allocation Failure)  288354K->11362K(958464K), 0.0034321 secs]
254317.981: [GC (Allocation Failure)  281186K->11330K(1012736K), 0.0034589 secs]
254318.330: [GC (Allocation Failure)  335426K->11362K(1004032K), 0.0029430 secs]
254318.669: [GC (Allocation Failure)  326754K->11362K(995840K), 0.0035673 secs]
254318.998: [GC (Allocation Failure)  318562K->11362K(1057280K), 0.0038953 secs]
254319.392: [GC (Allocation Failure)  380002K->11330K(1046528K), 0.0034978 secs]
254319.778: [GC (Allocation Failure)  369218K->11330K(1036288K), 0.0034595 secs]
254320.155: [GC (Allocation Failure)  358978K->11330K(1026560K), 0.0041372 secs]
254320.518: [GC (Allocation Failure)  349250K->11330K(1017344K), 0.0037981 secs]
254320.878: [GC (Allocation Failure)  340034K->11330K(1008640K), 0.0034596 secs]
254321.240: [GC (Allocation Failure)  331330K->11362K(1072640K), 0.0044330 secs]
254321.651: [GC (Allocation Failure)  395362K->11362K(1149440K), 0.0053527 secs]
254322.144: [GC (Allocation Failure)  472162K->11330K(1241600K), 0.0039969 secs]
254322.730: [GC (Allocation Failure)  564290K->11362K(1223168K), 0.0045065 secs]
254323.308: [GC (Allocation Failure)  545890K->11362K(1205248K), 0.0034904 secs]
254323.860: [GC (Allocation Failure)  527970K->11330K(1188352K), 0.0038497 secs]
254324.398: [GC (Allocation Failure)  511042K->11362K(1171968K), 0.0037165 secs]
254324.914: [GC (Allocation Failure)  494690K->11330K(1156608K), 0.0033848 secs]
254325.414: [GC (Allocation Failure)  479298K->11362K(1141760K), 0.0032754 secs]
254325.897: [GC (Allocation Failure)  464482K->11362K(1127424K), 0.0043774 secs]
254326.370: [GC (Allocation Failure)  450146K->11362K(1114112K), 0.0036570 secs]
254326.826: [GC (Allocation Failure)  436834K->11330K(1101312K), 0.0037039 secs]
254327.271: [GC (Allocation Failure)  424002K->11362K(1089024K), 0.0034011 secs]
254327.703: [GC (Allocation Failure)  411746K->11362K(1077248K), 0.0036438 secs]
254328.118: [GC (Allocation Failure)  399970K->11362K(1065984K), 0.0061755 secs]
254328.550: [GC (Allocation Failure)  388706K->11362K(1055232K), 0.0047362 secs]
254328.941: [GC (Allocation Failure)  377954K->11362K(1044480K), 0.0036088 secs]
254329.320: [GC (Allocation Failure)  367202K->11362K(1115648K), 0.0049309 secs]
254329.777: [GC (Allocation Failure)  438370K->11362K(1102848K), 0.0033969 secs]
254330.231: [GC (Allocation Failure)  425570K->11362K(1090560K), 0.0041295 secs]
254330.664: [GC (Allocation Failure)  413282K->11362K(1078784K), 0.0035798 secs]
254331.079: [GC (Allocation Failure)  401506K->11330K(1067520K), 0.0038793 secs]
254331.509: [GC (Allocation Failure)  390210K->11330K(1056256K), 0.0039275 secs]
254331.906: [GC (Allocation Failure)  378946K->11330K(1045504K), 0.0041431 secs]
254332.292: [GC (Allocation Failure)  368194K->11330K(1035264K), 0.0039914 secs]
254332.669: [GC (Allocation Failure)  357954K->11330K(1025536K), 0.0037151 secs]
254333.030: [GC (Allocation Failure)  348226K->11330K(1016320K), 0.0036734 secs]
254333.381: [GC (Allocation Failure)  339010K->11362K(1007616K), 0.0030872 secs]
254333.758: [GC (Allocation Failure)  330338K->11330K(1071616K), 0.0070192 secs]
254334.174: [GC (Allocation Failure)  394306K->11362K(1148416K), 0.0035853 secs]
254334.663: [GC (Allocation Failure)  471138K->11362K(1134080K), 0.0036669 secs]
254335.137: [GC (Allocation Failure)  456802K->11330K(1120256K), 0.0032007 secs]
254335.605: [GC (Allocation Failure)  442946K->11362K(1106944K), 0.0033542 secs]
254336.058: [GC (Allocation Failure)  429666K->11394K(1094144K), 0.0060940 secs]
254336.497: [GC (Allocation Failure)  416898K->11362K(1081856K), 0.0032899 secs]
254336.914: [GC (Allocation Failure)  404578K->11330K(1070080K), 0.0049674 secs]
254337.323: [GC (Allocation Failure)  392770K->11362K(1058816K), 0.0032174 secs]
254337.721: [GC (Allocation Failure)  381538K->11330K(1048064K), 0.0050239 secs]
254338.105: [GC (Allocation Failure)  370754K->11362K(1037824K), 0.0037800 secs]
254338.480: [GC (Allocation Failure)  360546K->11362K(1028096K), 0.0033626 secs]
254338.868: [GC (Allocation Failure)  350818K->11330K(1018880K), 0.0035833 secs]
254339.225: [GC (Allocation Failure)  341570K->11362K(1084928K), 0.0079766 secs]
254339.661: [GC (Allocation Failure)  407650K->11330K(1164288K), 0.0036627 secs]
254340.179: [GC (Allocation Failure)  486978K->11362K(1259520K), 0.0036291 secs]
254340.790: [GC (Allocation Failure)  582242K->11330K(1240064K), 0.0030064 secs]
254341.378: [GC (Allocation Failure)  562754K->11330K(1221632K), 0.0041314 secs]
254341.952: [GC (Allocation Failure)  544322K->11394K(1203712K), 0.0036132 secs]
254342.503: [GC (Allocation Failure)  526466K->11362K(1186816K), 0.0033244 secs]
254343.033: [GC (Allocation Failure)  509538K->11362K(1170432K), 0.0034557 secs]
254343.614: [GC (Allocation Failure)  493154K->11362K(1155072K), 0.0034003 secs]
254344.138: [GC (Allocation Failure)  477794K->11362K(1140224K), 0.0032380 secs]
254344.623: [GC (Allocation Failure)  462946K->11362K(1125888K), 0.0033682 secs]
254345.091: [GC (Allocation Failure)  448610K->11362K(1112576K), 0.0034708 secs]
254345.548: [GC (Allocation Failure)  435298K->11362K(1099776K), 0.0043491 secs]
254345.997: [GC (Allocation Failure)  422498K->11330K(1087488K), 0.0053372 secs]
254346.430: [GC (Allocation Failure)  410178K->11362K(1075712K), 0.0039766 secs]
254346.849: [GC (Allocation Failure)  398434K->11330K(1064448K), 0.0037680 secs]
254347.251: [GC (Allocation Failure)  387138K->11362K(1139712K), 0.0073846 secs]
254347.755: [GC (Allocation Failure)  462434K->11330K(1125376K), 0.0036775 secs]
254348.238: [GC (Allocation Failure)  448066K->11362K(1112064K), 0.0037453 secs]
254348.690: [GC (Allocation Failure)  434786K->11362K(1099264K), 0.0032763 secs]
254349.152: [GC (Allocation Failure)  421986K->11394K(1086976K), 0.0035653 secs]
254349.620: [GC (Allocation Failure)  409730K->11330K(1075200K), 0.0038835 secs]
254350.047: [GC (Allocation Failure)  397890K->11362K(1063936K), 0.0033165 secs]
254350.468: [GC (Allocation Failure)  386658K->11362K(1053184K), 0.0039790 secs]
254350.864: [GC (Allocation Failure)  375906K->11362K(1126400K), 0.0087668 secs]
254351.341: [GC (Allocation Failure)  449122K->11394K(1213952K), 0.0039221 secs]
254351.912: [GC (Allocation Failure)  536706K->11362K(1196544K), 0.0037494 secs]
254352.450: [GC (Allocation Failure)  519266K->11362K(1180160K), 0.0043394 secs]
254352.975: [GC (Allocation Failure)  502882K->11394K(1164288K), 0.0043272 secs]
254353.492: [GC (Allocation Failure)  487042K->11362K(1148928K), 0.0040384 secs]
254353.985: [GC (Allocation Failure)  471650K->11330K(1134592K), 0.0037066 secs]
254354.464: [GC (Allocation Failure)  457282K->11362K(1120768K), 0.0045558 secs]
254354.928: [GC (Allocation Failure)  443490K->11330K(1107456K), 0.0031013 secs]
254355.374: [GC (Allocation Failure)  430146K->11330K(1094656K), 0.0050959 secs]
254355.809: [GC (Allocation Failure)  417346K->11330K(1082368K), 0.0042270 secs]
254356.242: [GC (Allocation Failure)  405058K->11362K(1070592K), 0.0038570 secs]
254356.662: [GC (Allocation Failure)  393314K->11330K(1059328K), 0.0038282 secs]
254357.066: [GC (Allocation Failure)  382018K->11330K(1048576K), 0.0045677 secs]
254357.457: [GC (Allocation Failure)  371266K->11362K(1038336K), 0.0039382 secs]
254357.832: [GC (Allocation Failure)  361058K->11330K(1028608K), 0.0037876 secs]
254358.205: [GC (Allocation Failure)  351298K->11362K(1019392K), 0.0035114 secs]
254358.560: [GC (Allocation Failure)  342114K->11362K(1010176K), 0.0034743 secs]
254358.905: [GC (Allocation Failure)  332898K->11362K(1001472K), 0.0038693 secs]
254359.240: [GC (Allocation Failure)  324194K->11394K(1064448K), 0.0038837 secs]
254359.665: [GC (Allocation Failure)  387202K->11410K(1053696K), 0.0035713 secs]
254360.058: [GC (Allocation Failure)  376466K->11378K(1043456K), 0.0041431 secs]
254360.455: [GC (Allocation Failure)  366194K->11378K(1033216K), 0.0035949 secs]
254360.836: [GC (Allocation Failure)  355954K->11346K(1023488K), 0.0030345 secs]
254361.192: [GC (Allocation Failure)  346194K->11378K(1014272K), 0.0032889 secs]
254361.552: [GC (Allocation Failure)  337010K->11346K(1005568K), 0.0041485 secs]
254361.891: [GC (Allocation Failure)  328274K->11346K(996864K), 0.0032217 secs]
254362.219: [GC (Allocation Failure)  319570K->11346K(988672K), 0.0029483 secs]
254362.541: [GC (Allocation Failure)  311378K->11378K(980992K), 0.0034138 secs]
254362.850: [GC (Allocation Failure)  303730K->11378K(973312K), 0.0032122 secs]
254363.153: [GC (Allocation Failure)  296050K->11346K(1030656K), 0.0034802 secs]
254363.518: [GC (Allocation Failure)  353362K->11378K(1020928K), 0.0031397 secs]
254363.884: [GC (Allocation Failure)  343666K->11346K(1011712K), 0.0035964 secs]
254364.227: [GC (Allocation Failure)  334418K->11378K(1076736K), 0.0097838 secs]
254364.669: [GC (Allocation Failure)  399474K->11378K(1154560K), 0.0038129 secs]
254365.162: [GC (Allocation Failure)  477298K->11410K(1247744K), 0.0034020 secs]
254365.775: [GC (Allocation Failure)  570514K->11346K(1228800K), 0.0035227 secs]
254366.349: [GC (Allocation Failure)  551506K->11410K(1210880K), 0.0032744 secs]
254366.900: [GC (Allocation Failure)  533650K->11378K(1193472K), 0.0031187 secs]
254367.451: [GC (Allocation Failure)  516210K->11346K(1177088K), 0.0047672 secs]
254367.977: [GC (Allocation Failure)  499794K->11378K(1161216K), 0.0041664 secs]
254368.490: [GC (Allocation Failure)  483954K->11378K(1146368K), 0.0047015 secs]
254368.996: [GC (Allocation Failure)  469106K->11346K(1132032K), 0.0036317 secs]
254369.469: [GC (Allocation Failure)  454738K->11346K(1118208K), 0.0030932 secs]
254369.955: [GC (Allocation Failure)  440914K->11378K(1104896K), 0.0036023 secs]
254370.419: [GC (Allocation Failure)  427634K->11346K(1092096K), 0.0034586 secs]
254370.847: [GC (Allocation Failure)  414802K->11410K(1079808K), 0.0032057 secs]
254371.294: [GC (Allocation Failure)  402578K->11410K(1068032K), 0.0026533 secs]
254371.735: [GC (Allocation Failure)  390802K->11442K(1056768K), 0.0024374 secs]
254372.127: [GC (Allocation Failure)  379570K->11378K(1046016K), 0.0034626 secs]
254372.509: [GC (Allocation Failure)  368754K->11378K(1035776K), 0.0030506 secs]
254372.876: [GC (Allocation Failure)  358514K->11378K(1026048K), 0.0032285 secs]
254373.261: [GC (Allocation Failure)  348786K->11346K(1016832K), 0.0040424 secs]
254373.612: [GC (Allocation Failure)  339538K->11378K(1008128K), 0.0037663 secs]
254373.950: [GC (Allocation Failure)  330866K->11346K(999424K), 0.0035525 secs]
254374.280: [GC (Allocation Failure)  322130K->11346K(991232K), 0.0037835 secs]
254374.602: [GC (Allocation Failure)  313938K->11410K(983552K), 0.0030595 secs]
254374.963: [GC (Allocation Failure)  306322K->11346K(975872K), 0.0041544 secs]
254375.305: [GC (Allocation Failure)  298578K->11346K(1033728K), 0.0035003 secs]
254375.678: [GC (Allocation Failure)  356434K->11378K(1024000K), 0.0032986 secs]
254376.052: [GC (Allocation Failure)  346738K->11378K(1014784K), 0.0035253 secs]
254376.399: [GC (Allocation Failure)  337522K->11378K(1006080K), 0.0034883 secs]
254376.738: [GC (Allocation Failure)  328818K->11378K(997376K), 0.0030347 secs]
254377.085: [GC (Allocation Failure)  320114K->11378K(989184K), 0.0030728 secs]
254377.404: [GC (Allocation Failure)  311922K->11410K(981504K), 0.0035365 secs]
254377.751: [GC (Allocation Failure)  304274K->11346K(973824K), 0.0030401 secs]
254378.056: [GC (Allocation Failure)  296530K->11378K(966656K), 0.0034261 secs]
254378.352: [GC (Allocation Failure)  289394K->11314K(1022464K), 0.0038113 secs]
254378.706: [GC (Allocation Failure)  345138K->11346K(1089536K), 0.0038326 secs]
254379.131: [GC (Allocation Failure)  412242K->11378K(1077760K), 0.0035259 secs]
254379.541: [GC (Allocation Failure)  400498K->11346K(1066496K), 0.0032929 secs]
254379.948: [GC (Allocation Failure)  389202K->11346K(1055744K), 0.0036084 secs]
254380.337: [GC (Allocation Failure)  378450K->11378K(1044992K), 0.0035153 secs]
254380.761: [GC (Allocation Failure)  367730K->11346K(1034752K), 0.0039636 secs]
254381.134: [GC (Allocation Failure)  357458K->11346K(1025024K), 0.0036287 secs]
254381.492: [GC (Allocation Failure)  347730K->11346K(1015808K), 0.0032521 secs]
254381.839: [GC (Allocation Failure)  338514K->11378K(1007104K), 0.0033816 secs]
254382.176: [GC (Allocation Failure)  329842K->11378K(998400K), 0.0033930 secs]
254382.505: [GC (Allocation Failure)  321138K->11378K(990208K), 0.0031825 secs]
254382.825: [GC (Allocation Failure)  312946K->11346K(982528K), 0.0035295 secs]
254383.138: [GC (Allocation Failure)  305234K->11378K(1041408K), 0.0035154 secs]
254383.512: [GC (Allocation Failure)  364146K->11346K(1031680K), 0.0034885 secs]
254383.875: [GC (Allocation Failure)  354386K->11378K(1021952K), 0.0037003 secs]
254384.228: [GC (Allocation Failure)  344690K->11410K(1089024K), 0.0038536 secs]
254384.652: [GC (Allocation Failure)  411794K->11346K(1169408K), 0.0043388 secs]
254385.160: [GC (Allocation Failure)  492114K->11378K(1154048K), 0.0032107 secs]
254385.651: [GC (Allocation Failure)  476786K->11378K(1139200K), 0.0033418 secs]
254386.126: [GC (Allocation Failure)  461938K->11346K(1125376K), 0.0046296 secs]
254386.593: [GC (Allocation Failure)  448082K->11346K(1112064K), 0.0035297 secs]
254387.041: [GC (Allocation Failure)  434770K->11378K(1099264K), 0.0034001 secs]
254387.479: [GC (Allocation Failure)  422002K->11378K(1086976K), 0.0034118 secs]
254387.902: [GC (Allocation Failure)  409714K->11410K(1075200K), 0.0037053 secs]
254388.317: [GC (Allocation Failure)  397970K->11378K(1063936K), 0.0029260 secs]
254388.718: [GC (Allocation Failure)  386674K->11346K(1053184K), 0.0034741 secs]
254389.121: [GC (Allocation Failure)  375890K->11346K(1042944K), 0.0036591 secs]
254389.499: [GC (Allocation Failure)  365650K->11378K(1032704K), 0.0031566 secs]
254389.867: [GC (Allocation Failure)  355442K->11378K(1022976K), 0.0032004 secs]
254390.224: [GC (Allocation Failure)  345714K->11314K(1013760K), 0.0039681 secs]
254390.579: [GC (Allocation Failure)  336434K->11378K(1005056K), 0.0030665 secs]
254390.926: [GC (Allocation Failure)  327794K->11378K(996352K), 0.0042978 secs]
254391.265: [GC (Allocation Failure)  319090K->11346K(988160K), 0.0035506 secs]
254391.586: [GC (Allocation Failure)  310866K->11346K(980480K), 0.0033659 secs]
254391.898: [GC (Allocation Failure)  303186K->11346K(972800K), 0.0029478 secs]
254392.201: [GC (Allocation Failure)  295506K->11346K(1029632K), 0.0035348 secs]
254392.567: [GC (Allocation Failure)  352338K->11346K(1098240K), 0.0037629 secs]
254393.002: [GC (Allocation Failure)  420946K->11346K(1085952K), 0.0033162 secs]
254393.421: [GC (Allocation Failure)  408658K->11378K(1074176K), 0.0034285 secs]
254393.828: [GC (Allocation Failure)  396914K->11410K(1062912K), 0.0028433 secs]
254394.226: [GC (Allocation Failure)  385682K->11378K(1052160K), 0.0028732 secs]
254394.612: [GC (Allocation Failure)  374898K->11378K(1041920K), 0.0028217 secs]
254394.987: [GC (Allocation Failure)  364658K->11378K(1032192K), 0.0032784 secs]
254395.361: [GC (Allocation Failure)  354930K->11410K(1022464K), 0.0033794 secs]
254395.722: [GC (Allocation Failure)  345234K->11378K(1013248K), 0.0038334 secs]
254396.095: [GC (Allocation Failure)  335986K->11410K(1078272K), 0.0064818 secs]
254396.563: [GC (Allocation Failure)  401042K->11346K(1067008K), 0.0035487 secs]
254397.001: [GC (Allocation Failure)  389714K->11346K(1056256K), 0.0028974 secs]
254397.410: [GC (Allocation Failure)  378962K->11378K(1045504K), 0.0027651 secs]
254397.794: [GC (Allocation Failure)  368242K->11378K(1117184K), 0.0077895 secs]
254398.260: [GC (Allocation Failure)  439922K->11378K(1203200K), 0.0037941 secs]
254398.811: [GC (Allocation Failure)  525938K->11346K(1186304K), 0.0039001 secs]
254399.428: [GC (Allocation Failure)  509010K->11410K(1169920K), 0.0032755 secs]
254399.947: [GC (Allocation Failure)  492690K->11378K(1154560K), 0.0030958 secs]
254400.494: [GC (Allocation Failure)  477298K->11346K(1139712K), 0.0033936 secs]
254401.001: [GC (Allocation Failure)  462418K->11378K(1125376K), 0.0042864 secs]
254401.475: [GC (Allocation Failure)  448114K->11410K(1112064K), 0.0036352 secs]
254401.958: [GC (Allocation Failure)  434834K->11378K(1099264K), 0.0035239 secs]
254402.406: [GC (Allocation Failure)  422002K->11410K(1086976K), 0.0034838 secs]
254402.834: [GC (Allocation Failure)  409746K->11378K(1075200K), 0.0039426 secs]
254403.253: [GC (Allocation Failure)  397938K->11346K(1063936K), 0.0040092 secs]
254403.662: [GC (Allocation Failure)  386642K->11378K(1053184K), 0.0033596 secs]
254404.063: [GC (Allocation Failure)  375922K->11378K(1042944K), 0.0040391 secs]
254404.447: [GC (Allocation Failure)  365682K->11346K(1032704K), 0.0040927 secs]
254404.820: [GC (Allocation Failure)  355410K->11346K(1022976K), 0.0041146 secs]
254405.185: [GC (Allocation Failure)  345682K->11378K(1013760K), 0.0034229 secs]
254405.536: [GC (Allocation Failure)  336498K->11410K(1005056K), 0.0037235 secs]
254405.876: [GC (Allocation Failure)  327826K->11378K(1068544K), 0.0039994 secs]
254406.286: [GC (Allocation Failure)  391282K->11346K(1144832K), 0.0043775 secs]
254406.774: [GC (Allocation Failure)  467538K->11378K(1236480K), 0.0048003 secs]
254407.385: [GC (Allocation Failure)  559218K->11346K(1218048K), 0.0043346 secs]
254407.974: [GC (Allocation Failure)  540754K->11378K(1200640K), 0.0037727 secs]
254408.543: [GC (Allocation Failure)  523378K->11346K(1183744K), 0.0035721 secs]
254409.092: [GC (Allocation Failure)  506450K->11410K(1167872K), 0.0044140 secs]
254409.609: [GC (Allocation Failure)  490642K->11378K(1152512K), 0.0030558 secs]
254410.103: [GC (Allocation Failure)  475250K->11378K(1137664K), 0.0034201 secs]
254410.617: [GC (Allocation Failure)  460402K->11346K(1123840K), 0.0040923 secs]
254411.088: [GC (Allocation Failure)  446546K->11346K(1110528K), 0.0055078 secs]
254411.543: [GC (Allocation Failure)  433234K->11378K(1097728K), 0.0033395 secs]
254411.981: [GC (Allocation Failure)  420466K->11378K(1085440K), 0.0051083 secs]
254412.417: [GC (Allocation Failure)  408178K->11378K(1073664K), 0.0048274 secs]
254412.849: [GC (Allocation Failure)  396402K->11346K(1062400K), 0.0044320 secs]
254413.255: [GC (Allocation Failure)  385106K->11378K(1051648K), 0.0040835 secs]
254413.649: [GC (Allocation Failure)  374386K->11378K(1041408K), 0.0036279 secs]
254414.028: [GC (Allocation Failure)  364146K->11378K(1031680K), 0.0039981 secs]
254414.422: [GC (Allocation Failure)  354418K->11378K(1021952K), 0.0030141 secs]
254414.787: [GC (Allocation Failure)  344690K->11346K(1012736K), 0.0030287 secs]
254415.133: [GC (Allocation Failure)  335442K->11346K(1004032K), 0.0033747 secs]
254415.470: [GC (Allocation Failure)  326738K->11378K(995840K), 0.0037112 secs]
254415.800: [GC (Allocation Failure)  318578K->11378K(1057280K), 0.0049391 secs]
254416.230: [GC (Allocation Failure)  380018K->11378K(1131008K), 0.0042254 secs]
254416.706: [GC (Allocation Failure)  453746K->11378K(1117184K), 0.0035931 secs]
254417.165: [GC (Allocation Failure)  439922K->11378K(1103872K), 0.0034467 secs]
254417.647: [GC (Allocation Failure)  426610K->11346K(1091072K), 0.0042282 secs]
254418.083: [GC (Allocation Failure)  413778K->11410K(1079296K), 0.0036675 secs]
254418.503: [GC (Allocation Failure)  402066K->11378K(1068032K), 0.0031806 secs]
254418.910: [GC (Allocation Failure)  390770K->11378K(1056768K), 0.0035716 secs]
254419.321: [GC (Allocation Failure)  379506K->11410K(1130496K), 0.0092110 secs]
254419.800: [GC (Allocation Failure)  453266K->11410K(1219072K), 0.0031475 secs]
254420.367: [GC (Allocation Failure)  541842K->11378K(1201664K), 0.0033408 secs]
254420.916: [GC (Allocation Failure)  524402K->11378K(1184768K), 0.0031623 secs]
254421.444: [GC (Allocation Failure)  507506K->11378K(1168896K), 0.0036789 secs]
254421.958: [GC (Allocation Failure)  491634K->11378K(1153536K), 0.0034155 secs]
254422.471: [GC (Allocation Failure)  476274K->11410K(1138688K), 0.0033775 secs]
254423.018: [GC (Allocation Failure)  461458K->11378K(1124864K), 0.0041582 secs]
254423.486: [GC (Allocation Failure)  447602K->11378K(1111552K), 0.0033611 secs]
254423.938: [GC (Allocation Failure)  434290K->11378K(1098752K), 0.0055712 secs]
254424.378: [GC (Allocation Failure)  421490K->11378K(1086464K), 0.0033462 secs]
254424.801: [GC (Allocation Failure)  409202K->11410K(1074688K), 0.0034157 secs]
254425.212: [GC (Allocation Failure)  397458K->11434K(1063424K), 0.0033193 secs]
254425.609: [GC (Allocation Failure)  386218K->11402K(1052672K), 0.0030426 secs]
254425.993: [GC (Allocation Failure)  375434K->11402K(1042432K), 0.0034960 secs]
254426.368: [GC (Allocation Failure)  365194K->11370K(1032704K), 0.0036051 secs]
254426.750: [GC (Allocation Failure)  355434K->11370K(1022976K), 0.0035470 secs]
254427.105: [GC (Allocation Failure)  345706K->11370K(1013760K), 0.0033662 secs]
254427.462: [GC (Allocation Failure)  336490K->11402K(1005056K), 0.0034163 secs]
254427.801: [GC (Allocation Failure)  327818K->11402K(996352K), 0.0036125 secs]
254428.159: [GC (Allocation Failure)  319114K->11370K(988160K), 0.0033226 secs]
254428.476: [GC (Allocation Failure)  310890K->11370K(1048064K), 0.0046972 secs]
254428.907: [GC (Allocation Failure)  370794K->11402K(1037824K), 0.0034260 secs]
254429.289: [GC (Allocation Failure)  360586K->11402K(1028096K), 0.0033099 secs]
254429.667: [GC (Allocation Failure)  350858K->11402K(1018880K), 0.0031252 secs]
254430.043: [GC (Allocation Failure)  341642K->11442K(1009664K), 0.0040812 secs]
254430.388: [GC (Allocation Failure)  332466K->11410K(1000960K), 0.0039436 secs]
254430.724: [GC (Allocation Failure)  323730K->11442K(992768K), 0.0031337 secs]
254431.064: [GC (Allocation Failure)  315570K->11410K(984576K), 0.0033745 secs]
254431.382: [GC (Allocation Failure)  307346K->11410K(1043968K), 0.0043092 secs]
254431.784: [GC (Allocation Failure)  366738K->11378K(1033728K), 0.0032644 secs]
254432.154: [GC (Allocation Failure)  356466K->11410K(1024000K), 0.0030026 secs]
254432.514: [GC (Allocation Failure)  346770K->11410K(1014784K), 0.0036514 secs]
254432.866: [GC (Allocation Failure)  337554K->11410K(1080320K), 0.0044315 secs]
254433.322: [GC (Allocation Failure)  403090K->11410K(1068544K), 0.0032857 secs]
254433.733: [GC (Allocation Failure)  391314K->11378K(1057280K), 0.0036391 secs]
254434.129: [GC (Allocation Failure)  380018K->11410K(1046528K), 0.0035660 secs]
254434.516: [GC (Allocation Failure)  369298K->11378K(1036288K), 0.0036195 secs]
254434.889: [GC (Allocation Failure)  359026K->11442K(1026560K), 0.0032095 secs]
254435.252: [GC (Allocation Failure)  349362K->11442K(1017344K), 0.0036888 secs]
254435.619: [GC (Allocation Failure)  340146K->11410K(1008640K), 0.0034199 secs]
254435.980: [GC (Allocation Failure)  331410K->11378K(999936K), 0.0036554 secs]
254436.317: [GC (Allocation Failure)  322674K->11410K(991744K), 0.0036435 secs]
254436.647: [GC (Allocation Failure)  314514K->11378K(984064K), 0.0036537 secs]
254436.965: [GC (Allocation Failure)  306802K->11410K(1043456K), 0.0035560 secs]
254437.349: [GC (Allocation Failure)  366226K->11378K(1033216K), 0.0036090 secs]
254437.720: [GC (Allocation Failure)  355954K->11410K(1102336K), 0.0045566 secs]
254438.168: [GC (Allocation Failure)  425106K->11410K(1090048K), 0.0031937 secs]
254438.673: [GC (Allocation Failure)  412818K->11378K(1078272K), 0.0040801 secs]
254439.096: [GC (Allocation Failure)  401010K->11442K(1067008K), 0.0038543 secs]
254439.502: [GC (Allocation Failure)  389810K->11378K(1056256K), 0.0036896 secs]
254439.898: [GC (Allocation Failure)  378994K->11410K(1045504K), 0.0034462 secs]
254440.282: [GC (Allocation Failure)  368274K->11442K(1035264K), 0.0030650 secs]
254440.657: [GC (Allocation Failure)  358066K->11378K(1025536K), 0.0040587 secs]
254441.019: [GC (Allocation Failure)  348274K->11426K(1016320K), 0.0040910 secs]
254441.384: [GC (Allocation Failure)  339106K->11394K(1007616K), 0.0040797 secs]
254441.734: [GC (Allocation Failure)  330370K->11394K(998912K), 0.0036031 secs]
254442.083: [GC (Allocation Failure)  321666K->11426K(1061376K), 0.0046195 secs]
254442.496: [GC (Allocation Failure)  384162K->11394K(1136128K), 0.0042923 secs]
254442.981: [GC (Allocation Failure)  458882K->11394K(1122304K), 0.0037994 secs]
254443.445: [GC (Allocation Failure)  445058K->11394K(1108992K), 0.0041252 secs]
254443.988: [GC (Allocation Failure)  431746K->11394K(1096192K), 0.0038168 secs]
254444.424: [GC (Allocation Failure)  418946K->11394K(1083904K), 0.0045999 secs]
254444.848: [GC (Allocation Failure)  406658K->11394K(1072128K), 0.0044367 secs]
254445.286: [GC (Allocation Failure)  394882K->11426K(1060864K), 0.0037937 secs]
254445.711: [GC (Allocation Failure)  383650K->11458K(1050112K), 0.0040962 secs]
254446.102: [GC (Allocation Failure)  372930K->11426K(1039872K), 0.0030358 secs]
254446.482: [GC (Allocation Failure)  362658K->11426K(1030144K), 0.0035994 secs]
254446.875: [GC (Allocation Failure)  352930K->11426K(1020928K), 0.0033352 secs]
254447.232: [GC (Allocation Failure)  343714K->11426K(1011712K), 0.0039287 secs]
254447.579: [GC (Allocation Failure)  334498K->11426K(1003008K), 0.0040543 secs]
254447.917: [GC (Allocation Failure)  325794K->11426K(1065984K), 0.0042966 secs]
254448.323: [GC (Allocation Failure)  388770K->11394K(1141760K), 0.0042286 secs]
254448.812: [GC (Allocation Failure)  464514K->11426K(1127424K), 0.0036875 secs]
254449.305: [GC (Allocation Failure)  450210K->11426K(1114112K), 0.0034943 secs]
254449.768: [GC (Allocation Failure)  436898K->11426K(1101312K), 0.0037022 secs]
254450.223: [GC (Allocation Failure)  424098K->11426K(1089024K), 0.0049010 secs]
254450.665: [GC (Allocation Failure)  411810K->11426K(1077248K), 0.0047764 secs]
254451.090: [GC (Allocation Failure)  400034K->11394K(1065984K), 0.0034182 secs]
254451.496: [GC (Allocation Failure)  388738K->11394K(1055232K), 0.0040258 secs]
254451.944: [GC (Allocation Failure)  377986K->11394K(1044480K), 0.0040624 secs]
254452.331: [GC (Allocation Failure)  367234K->11426K(1034240K), 0.0039527 secs]
254452.703: [GC (Allocation Failure)  357026K->11426K(1024512K), 0.0044780 secs]
254453.115: [GC (Allocation Failure)  347298K->11394K(1015296K), 0.0032402 secs]
254453.482: [GC (Allocation Failure)  338050K->11426K(1006592K), 0.0039990 secs]
254453.826: [GC (Allocation Failure)  329378K->11426K(997888K), 0.0038205 secs]
254454.196: [GC (Allocation Failure)  320674K->11394K(989696K), 0.0030802 secs]
254454.520: [GC (Allocation Failure)  312450K->11458K(982016K), 0.0028638 secs]
254454.835: [GC (Allocation Failure)  304834K->11394K(974336K), 0.0039193 secs]
254455.145: [GC (Allocation Failure)  297090K->11426K(1031680K), 0.0038422 secs]
254455.517: [GC (Allocation Failure)  354466K->11426K(1100288K), 0.0038834 secs]
254455.963: [GC (Allocation Failure)  423074K->11426K(1088000K), 0.0039652 secs]
254456.415: [GC (Allocation Failure)  410786K->11426K(1076224K), 0.0040058 secs]
254456.833: [GC (Allocation Failure)  399010K->11458K(1064960K), 0.0043621 secs]
254457.239: [GC (Allocation Failure)  387778K->11458K(1054208K), 0.0037028 secs]
254457.632: [GC (Allocation Failure)  377026K->11394K(1043968K), 0.0036503 secs]
254458.014: [GC (Allocation Failure)  366722K->11426K(1033728K), 0.0040051 secs]
254458.388: [GC (Allocation Failure)  356514K->11426K(1024000K), 0.0042325 secs]
254458.763: [GC (Allocation Failure)  346786K->11394K(1091072K), 0.0041340 secs]
254459.218: [GC (Allocation Failure)  413826K->11426K(1079296K), 0.0032207 secs]
254459.638: [GC (Allocation Failure)  402082K->11426K(1068032K), 0.0034751 secs]
254460.122: [GC (Allocation Failure)  390818K->11426K(1056768K), 0.0033003 secs]
254460.528: [GC (Allocation Failure)  379554K->11458K(1046016K), 0.0036080 secs]
254460.914: [GC (Allocation Failure)  368834K->11426K(1035776K), 0.0033949 secs]
254461.289: [GC (Allocation Failure)  358562K->11394K(1026048K), 0.0033268 secs]
254461.651: [GC (Allocation Failure)  348802K->11426K(1016832K), 0.0026386 secs]
254462.003: [GC (Allocation Failure)  339618K->11394K(1008128K), 0.0036046 secs]
254462.371: [GC (Allocation Failure)  330882K->11426K(999424K), 0.0035738 secs]
254462.712: [GC (Allocation Failure)  322210K->11426K(991232K), 0.0035055 secs]
254463.038: [GC (Allocation Failure)  314018K->11426K(983552K), 0.0037859 secs]
254463.356: [GC (Allocation Failure)  306338K->11426K(1042944K), 0.0039729 secs]
254463.738: [GC (Allocation Failure)  365730K->11426K(1032704K), 0.0033846 secs]
254464.108: [GC (Allocation Failure)  355490K->11426K(1022976K), 0.0034927 secs]
254464.478: [GC (Allocation Failure)  345762K->11458K(1013760K), 0.0035022 secs]
254464.861: [GC (Allocation Failure)  336578K->11394K(1005056K), 0.0042795 secs]
254465.202: [GC (Allocation Failure)  327810K->11426K(996352K), 0.0035858 secs]
254465.542: [GC (Allocation Failure)  319138K->11426K(1058304K), 0.0037172 secs]
254465.944: [GC (Allocation Failure)  381090K->11426K(1047552K), 0.0034041 secs]
254466.331: [GC (Allocation Failure)  370338K->11394K(1037312K), 0.0034587 secs]
254466.714: [GC (Allocation Failure)  360066K->11394K(1027584K), 0.0034203 secs]
254467.092: [GC (Allocation Failure)  350338K->11426K(1018368K), 0.0037840 secs]
254467.448: [GC (Allocation Failure)  341154K->11394K(1009152K), 0.0039633 secs]
254467.802: [GC (Allocation Failure)  331906K->11426K(1073664K), 0.0042055 secs]
254468.221: [GC (Allocation Failure)  396450K->11394K(1062400K), 0.0035808 secs]
254468.643: [GC (Allocation Failure)  385154K->11394K(1051648K), 0.0033983 secs]
254469.064: [GC (Allocation Failure)  374402K->11426K(1041408K), 0.0035776 secs]
254469.471: [GC (Allocation Failure)  364194K->11426K(1031680K), 0.0043035 secs]
254469.857: [GC (Allocation Failure)  354466K->11426K(1021952K), 0.0042888 secs]
254470.242: [GC (Allocation Failure)  344738K->11426K(1012736K), 0.0040768 secs]
254470.598: [GC (Allocation Failure)  335522K->11394K(1004032K), 0.0035520 secs]
254470.943: [GC (Allocation Failure)  326786K->11394K(1067520K), 0.0041372 secs]
254471.350: [GC (Allocation Failure)  390274K->11394K(1143296K), 0.0048694 secs]
254471.840: [GC (Allocation Failure)  466050K->11426K(1128960K), 0.0035575 secs]
254472.313: [GC (Allocation Failure)  451746K->11426K(1115136K), 0.0048912 secs]
254472.774: [GC (Allocation Failure)  437922K->11394K(1200640K), 0.0053170 secs]
254473.328: [GC (Allocation Failure)  523394K->11394K(1183744K), 0.0039585 secs]
254473.859: [GC (Allocation Failure)  506498K->11426K(1167872K), 0.0031430 secs]
254474.375: [GC (Allocation Failure)  490658K->11394K(1152512K), 0.0039113 secs]
254474.909: [GC (Allocation Failure)  475266K->11426K(1137664K), 0.0043440 secs]
254475.421: [GC (Allocation Failure)  460450K->11426K(1123840K), 0.0039061 secs]
254475.911: [GC (Allocation Failure)  446626K->11394K(1110528K), 0.0033121 secs]
254476.373: [GC (Allocation Failure)  433282K->11426K(1097728K), 0.0033806 secs]
254476.812: [GC (Allocation Failure)  420514K->11426K(1085440K), 0.0039951 secs]
254477.239: [GC (Allocation Failure)  408226K->11426K(1073664K), 0.0037831 secs]
254477.653: [GC (Allocation Failure)  396450K->11426K(1062400K), 0.0038539 secs]
254478.055: [GC (Allocation Failure)  385186K->11394K(1051648K), 0.0039483 secs]
254478.452: [GC (Allocation Failure)  374402K->11426K(1041408K), 0.0036876 secs]
254478.831: [GC (Allocation Failure)  364194K->11458K(1031680K), 0.0032990 secs]
254479.206: [GC (Allocation Failure)  354498K->11426K(1021952K), 0.0035492 secs]
254479.565: [GC (Allocation Failure)  344738K->11426K(1012736K), 0.0032700 secs]
254479.913: [GC (Allocation Failure)  335522K->11426K(1004032K), 0.0035675 secs]
254480.315: [GC (Allocation Failure)  326818K->11426K(995840K), 0.0038514 secs]
254480.646: [GC (Allocation Failure)  318626K->11426K(987648K), 0.0032142 secs]
254480.970: [GC (Allocation Failure)  310434K->11394K(979968K), 0.0032443 secs]
254481.294: [GC (Allocation Failure)  302722K->11394K(972288K), 0.0036406 secs]
254481.607: [GC (Allocation Failure)  295042K->11426K(1029120K), 0.0037358 secs]
254481.994: [GC (Allocation Failure)  351906K->11426K(1019904K), 0.0030455 secs]
254482.357: [GC (Allocation Failure)  342690K->11394K(1010688K), 0.0036005 secs]
254482.718: [GC (Allocation Failure)  333442K->11426K(1001984K), 0.0036233 secs]
254483.066: [GC (Allocation Failure)  324770K->11426K(993792K), 0.0038279 secs]
254483.413: [GC (Allocation Failure)  316578K->11426K(985600K), 0.0034947 secs]
254483.735: [GC (Allocation Failure)  308386K->11394K(1044992K), 0.0035615 secs]
254484.167: [GC (Allocation Failure)  367746K->11426K(1034752K), 0.0035392 secs]
254484.555: [GC (Allocation Failure)  357538K->11458K(1025024K), 0.0038441 secs]
254484.924: [GC (Allocation Failure)  347842K->11426K(1015808K), 0.0034829 secs]
254485.304: [GC (Allocation Failure)  338594K->11394K(1007104K), 0.0036286 secs]
254485.672: [GC (Allocation Failure)  329858K->11426K(998400K), 0.0035713 secs]
254486.010: [GC (Allocation Failure)  321186K->11426K(990208K), 0.0038292 secs]
254486.351: [GC (Allocation Failure)  312994K->11426K(982528K), 0.0032605 secs]
254486.668: [GC (Allocation Failure)  305314K->11394K(974848K), 0.0034933 secs]
254486.977: [GC (Allocation Failure)  297602K->11426K(1032192K), 0.0043689 secs]
254487.346: [GC (Allocation Failure)  354978K->11426K(1101312K), 0.0035713 secs]
254487.789: [GC (Allocation Failure)  424098K->11394K(1089024K), 0.0031842 secs]
254488.240: [GC (Allocation Failure)  411778K->11426K(1077248K), 0.0035272 secs]
254488.656: [GC (Allocation Failure)  400034K->11426K(1065984K), 0.0039535 secs]
254489.067: [GC (Allocation Failure)  388770K->11426K(1055232K), 0.0039699 secs]
254489.483: [GC (Allocation Failure)  378018K->11394K(1044480K), 0.0040873 secs]
254489.898: [GC (Allocation Failure)  367234K->11458K(1034240K), 0.0031707 secs]
254490.276: [GC (Allocation Failure)  357058K->11394K(1024512K), 0.0036386 secs]
254490.651: [GC (Allocation Failure)  347266K->11426K(1015296K), 0.0032406 secs]
254491.012: [GC (Allocation Failure)  338082K->11394K(1006592K), 0.0044172 secs]
254491.375: [GC (Allocation Failure)  329346K->11426K(997888K), 0.0039988 secs]
254491.713: [GC (Allocation Failure)  320674K->11426K(1059840K), 0.0037495 secs]
254492.134: [GC (Allocation Failure)  382626K->11426K(1049088K), 0.0029320 secs]
254492.570: [GC (Allocation Failure)  371874K->11426K(1038848K), 0.0034380 secs]
254492.949: [GC (Allocation Failure)  361634K->11394K(1029120K), 0.0032544 secs]
254493.323: [GC (Allocation Failure)  351874K->11426K(1019904K), 0.0035554 secs]
254493.689: [GC (Allocation Failure)  342690K->11426K(1010688K), 0.0034444 secs]
254494.043: [GC (Allocation Failure)  333474K->11394K(1001984K), 0.0033765 secs]
254494.384: [GC (Allocation Failure)  324738K->11426K(993792K), 0.0036723 secs]
254494.723: [GC (Allocation Failure)  316578K->11426K(985600K), 0.0036784 secs]
254495.044: [GC (Allocation Failure)  308386K->11394K(1044992K), 0.0038272 secs]
254495.474: [GC (Allocation Failure)  367746K->11458K(1034752K), 0.0037629 secs]
254495.911: [GC (Allocation Failure)  357570K->11426K(1025024K), 0.0032186 secs]
254496.296: [GC (Allocation Failure)  347810K->11426K(1015808K), 0.0038108 secs]
254496.658: [GC (Allocation Failure)  338594K->11426K(1007104K), 0.0035756 secs]
254497.022: [GC (Allocation Failure)  329890K->11394K(998400K), 0.0043702 secs]
254497.356: [GC (Allocation Failure)  321154K->11394K(1060352K), 0.0037585 secs]
254497.755: [GC (Allocation Failure)  383106K->11426K(1049600K), 0.0035517 secs]
254498.207: [GC (Allocation Failure)  372386K->11426K(1039360K), 0.0040794 secs]
254498.587: [GC (Allocation Failure)  362146K->11394K(1029632K), 0.0035695 secs]
254498.974: [GC (Allocation Failure)  352386K->11426K(1020416K), 0.0039349 secs]
254499.336: [GC (Allocation Failure)  343202K->11394K(1011200K), 0.0035297 secs]
254499.685: [GC (Allocation Failure)  333954K->11426K(1002496K), 0.0036223 secs]
254500.026: [GC (Allocation Failure)  325282K->11394K(994304K), 0.0035282 secs]
254500.354: [GC (Allocation Failure)  317058K->11426K(986112K), 0.0035848 secs]
254500.674: [GC (Allocation Failure)  308898K->11426K(1046016K), 0.0035254 secs]
254501.156: [GC (Allocation Failure)  368802K->11394K(1035776K), 0.0038077 secs]
254501.527: [GC (Allocation Failure)  358530K->11458K(1026048K), 0.0033602 secs]
254501.900: [GC (Allocation Failure)  348866K->11394K(1016832K), 0.0038479 secs]
254502.256: [GC (Allocation Failure)  339586K->11426K(1008128K), 0.0036229 secs]
254502.601: [GC (Allocation Failure)  330914K->11426K(999424K), 0.0032634 secs]
254502.935: [GC (Allocation Failure)  322210K->11394K(991232K), 0.0036491 secs]
254503.264: [GC (Allocation Failure)  313986K->11394K(983552K), 0.0035060 secs]
254503.601: [GC (Allocation Failure)  306306K->11426K(975872K), 0.0034127 secs]
254503.916: [GC (Allocation Failure)  298658K->11426K(1033728K), 0.0039844 secs]
254504.293: [GC (Allocation Failure)  356514K->11458K(1102848K), 0.0035502 secs]
254504.748: [GC (Allocation Failure)  425666K->11394K(1090560K), 0.0034704 secs]
254505.180: [GC (Allocation Failure)  413314K->11426K(1078784K), 0.0037105 secs]
254505.598: [GC (Allocation Failure)  401570K->11394K(1067520K), 0.0036900 secs]
254506.004: [GC (Allocation Failure)  390274K->11426K(1056256K), 0.0042277 secs]
254506.519: [GC (Allocation Failure)  379042K->11394K(1045504K), 0.0035951 secs]
254506.901: [GC (Allocation Failure)  368258K->11394K(1035264K), 0.0036144 secs]
254507.291: [GC (Allocation Failure)  358018K->11394K(1025536K), 0.0037534 secs]
254507.658: [GC (Allocation Failure)  348290K->11458K(1016320K), 0.0037831 secs]
254508.041: [GC (Allocation Failure)  339138K->11426K(1007616K), 0.0035721 secs]
254508.388: [GC (Allocation Failure)  330402K->11426K(998912K), 0.0032778 secs]
254508.721: [GC (Allocation Failure)  321698K->11426K(990720K), 0.0041105 secs]
254509.059: [GC (Allocation Failure)  313506K->11394K(983040K), 0.0027811 secs]
254509.377: [GC (Allocation Failure)  305794K->11426K(975360K), 0.0037791 secs]
254509.705: [GC (Allocation Failure)  298146K->11394K(1032704K), 0.0039621 secs]
254510.076: [GC (Allocation Failure)  355458K->11394K(1101824K), 0.0035987 secs]
254510.530: [GC (Allocation Failure)  424578K->11394K(1089536K), 0.0034272 secs]
254510.966: [GC (Allocation Failure)  412290K->11394K(1077760K), 0.0037297 secs]
254511.384: [GC (Allocation Failure)  400514K->11426K(1066496K), 0.0036577 secs]
254511.789: [GC (Allocation Failure)  389282K->11394K(1055744K), 0.0039235 secs]
254512.184: [GC (Allocation Failure)  378498K->11426K(1044992K), 0.0039900 secs]
254512.569: [GC (Allocation Failure)  367778K->11426K(1034752K), 0.0032033 secs]
254512.942: [GC (Allocation Failure)  357538K->11394K(1025024K), 0.0034442 secs]
254513.303: [GC (Allocation Failure)  347778K->11394K(1015808K), 0.0037088 secs]
254513.668: [GC (Allocation Failure)  338562K->11394K(1007104K), 0.0031047 secs]
254514.044: [GC (Allocation Failure)  329858K->11426K(998400K), 0.0037424 secs]
254514.383: [GC (Allocation Failure)  321186K->11458K(990208K), 0.0037221 secs]
254514.708: [GC (Allocation Failure)  313026K->11426K(982528K), 0.0035315 secs]
254515.032: [GC (Allocation Failure)  305314K->11426K(974848K), 0.0033664 secs]
254515.340: [GC (Allocation Failure)  297634K->11394K(1032192K), 0.0046372 secs]
254515.715: [GC (Allocation Failure)  354946K->11394K(1101312K), 0.0036863 secs]
254516.179: [GC (Allocation Failure)  424066K->11426K(1089024K), 0.0035934 secs]
254516.607: [GC (Allocation Failure)  411810K->11394K(1077248K), 0.0033135 secs]
254517.054: [GC (Allocation Failure)  400002K->11394K(1065984K), 0.0034788 secs]
254517.457: [GC (Allocation Failure)  388738K->11426K(1055232K), 0.0038549 secs]
254517.854: [GC (Allocation Failure)  378018K->11394K(1044480K), 0.0033010 secs]
254518.237: [GC (Allocation Failure)  367234K->11394K(1034240K), 0.0035012 secs]
254518.608: [GC (Allocation Failure)  356994K->11426K(1024512K), 0.0035157 secs]
254518.975: [GC (Allocation Failure)  347298K->11426K(1015296K), 0.0036933 secs]
254519.345: [GC (Allocation Failure)  338082K->11426K(1006592K), 0.0036572 secs]
254519.687: [GC (Allocation Failure)  329378K->11426K(997888K), 0.0037983 secs]
254520.022: [GC (Allocation Failure)  320674K->11426K(989696K), 0.0035487 secs]
254520.347: [GC (Allocation Failure)  312482K->11426K(982016K), 0.0032839 secs]
254520.662: [GC (Allocation Failure)  304802K->11394K(974336K), 0.0034682 secs]
254520.969: [GC (Allocation Failure)  297090K->11394K(1031680K), 0.0034789 secs]
254521.338: [GC (Allocation Failure)  354434K->11426K(1021952K), 0.0032610 secs]
254521.700: [GC (Allocation Failure)  344738K->11394K(1012736K), 0.0036256 secs]
254522.068: [GC (Allocation Failure)  335490K->11394K(1077760K), 0.0051375 secs]
254522.492: [GC (Allocation Failure)  400514K->11394K(1155584K), 0.0036925 secs]
254522.996: [GC (Allocation Failure)  478338K->11394K(1140736K), 0.0037121 secs]
254523.496: [GC (Allocation Failure)  463490K->11362K(1126400K), 0.0033320 secs]
254523.964: [GC (Allocation Failure)  449122K->11426K(1113088K), 0.0039336 secs]
254524.437: [GC (Allocation Failure)  435874K->11458K(1100288K), 0.0053046 secs]
254524.896: [GC (Allocation Failure)  423106K->11426K(1088000K), 0.0042302 secs]
254525.327: [GC (Allocation Failure)  410786K->11426K(1076224K), 0.0032431 secs]
254525.752: [GC (Allocation Failure)  399010K->11426K(1064960K), 0.0041442 secs]
254526.162: [GC (Allocation Failure)  387746K->11394K(1054208K), 0.0035301 secs]
254526.555: [GC (Allocation Failure)  376962K->11458K(1043968K), 0.0030962 secs]
254526.935: [GC (Allocation Failure)  366786K->11426K(1033728K), 0.0033844 secs]
254527.334: [GC (Allocation Failure)  356514K->11394K(1024000K), 0.0040953 secs]
254527.696: [GC (Allocation Failure)  346754K->11426K(1014784K), 0.0040855 secs]
254528.053: [GC (Allocation Failure)  337570K->11394K(1006080K), 0.0038876 secs]
254528.396: [GC (Allocation Failure)  328834K->11458K(997376K), 0.0034461 secs]
254528.732: [GC (Allocation Failure)  320194K->11394K(989184K), 0.0035108 secs]
254529.055: [GC (Allocation Failure)  311938K->11394K(1049600K), 0.0038328 secs]
254529.446: [GC (Allocation Failure)  372354K->11426K(1039360K), 0.0032706 secs]
254529.825: [GC (Allocation Failure)  362146K->11426K(1029632K), 0.0039243 secs]
254530.203: [GC (Allocation Failure)  352418K->11426K(1020416K), 0.0038994 secs]
254530.560: [GC (Allocation Failure)  343202K->11426K(1011200K), 0.0034501 secs]
254530.908: [GC (Allocation Failure)  333986K->11426K(1002496K), 0.0035144 secs]
254531.246: [GC (Allocation Failure)  325282K->11426K(994304K), 0.0032902 secs]
254531.577: [GC (Allocation Failure)  317090K->11394K(1055744K), 0.0037103 secs]
254531.973: [GC (Allocation Failure)  378498K->11458K(1044992K), 0.0037998 secs]
254532.374: [GC (Allocation Failure)  367810K->11426K(1034752K), 0.0037384 secs]
254532.747: [GC (Allocation Failure)  357538K->11394K(1025024K), 0.0037741 secs]
254533.108: [GC (Allocation Failure)  347778K->11426K(1092608K), 0.0040414 secs]
254533.569: [GC (Allocation Failure)  415394K->11394K(1080320K), 0.0040979 secs]
254534.011: [GC (Allocation Failure)  403074K->11426K(1068544K), 0.0037516 secs]
254534.421: [GC (Allocation Failure)  391330K->11426K(1057280K), 0.0033000 secs]
254534.818: [GC (Allocation Failure)  380066K->11458K(1046528K), 0.0039731 secs]
254535.205: [GC (Allocation Failure)  369346K->11426K(1036288K), 0.0038387 secs]
254535.579: [GC (Allocation Failure)  359074K->11458K(1026560K), 0.0037568 secs]
254535.942: [GC (Allocation Failure)  349378K->11426K(1094144K), 0.0057090 secs]
254536.390: [GC (Allocation Failure)  416930K->11426K(1175552K), 0.0034007 secs]
254536.914: [GC (Allocation Failure)  498338K->11394K(1159680K), 0.0037917 secs]
254537.422: [GC (Allocation Failure)  482434K->11490K(1144832K), 0.0030094 secs]
254537.939: [GC (Allocation Failure)  467682K->11426K(1130496K), 0.0037117 secs]
254538.414: [GC (Allocation Failure)  453282K->11394K(1116672K), 0.0035027 secs]
254538.873: [GC (Allocation Failure)  439426K->11426K(1103360K), 0.0037775 secs]
254539.317: [GC (Allocation Failure)  426146K->11458K(1091072K), 0.0036315 secs]
254539.750: [GC (Allocation Failure)  413890K->11426K(1079296K), 0.0037114 secs]
254540.169: [GC (Allocation Failure)  402082K->11426K(1068032K), 0.0036982 secs]
254540.578: [GC (Allocation Failure)  390818K->11426K(1056768K), 0.0035714 secs]
254540.973: [GC (Allocation Failure)  379554K->11394K(1046016K), 0.0033377 secs]
254541.356: [GC (Allocation Failure)  368770K->11426K(1035776K), 0.0034586 secs]
254541.730: [GC (Allocation Failure)  358562K->11426K(1026048K), 0.0033646 secs]
254542.090: [GC (Allocation Failure)  348834K->11426K(1016832K), 0.0031751 secs]
254542.466: [GC (Allocation Failure)  339618K->11426K(1008128K), 0.0032756 secs]
254542.883: [GC (Allocation Failure)  330914K->11426K(999424K), 0.0034550 secs]
254543.253: [GC (Allocation Failure)  322210K->11394K(991232K), 0.0041619 secs]
254543.581: [GC (Allocation Failure)  313986K->11394K(983552K), 0.0037045 secs]
254543.899: [GC (Allocation Failure)  306306K->11394K(975872K), 0.0029170 secs]
254544.207: [GC (Allocation Failure)  298626K->11426K(968704K), 0.0033785 secs]
254544.510: [GC (Allocation Failure)  291490K->11426K(961536K), 0.0030465 secs]
254544.805: [GC (Allocation Failure)  284322K->11426K(1016320K), 0.0046279 secs]
254545.158: [GC (Allocation Failure)  339106K->11426K(1081856K), 0.0033605 secs]
254545.579: [GC (Allocation Failure)  404642K->11426K(1160704K), 0.0043377 secs]
254546.159: [GC (Allocation Failure)  483490K->11426K(1145856K), 0.0035059 secs]
254546.650: [GC (Allocation Failure)  468642K->11458K(1131520K), 0.0038127 secs]
254547.126: [GC (Allocation Failure)  454338K->11426K(1117696K), 0.0032358 secs]
254547.588: [GC (Allocation Failure)  440482K->11394K(1104384K), 0.0030754 secs]
254548.061: [GC (Allocation Failure)  427138K->11426K(1091584K), 0.0031559 secs]
254548.492: [GC (Allocation Failure)  414370K->11426K(1079808K), 0.0034025 secs]
254548.930: [GC (Allocation Failure)  402594K->11426K(1068032K), 0.0033737 secs]
254549.349: [GC (Allocation Failure)  390818K->11426K(1056768K), 0.0037614 secs]
254549.762: [GC (Allocation Failure)  379554K->11394K(1046016K), 0.0033457 secs]
254550.152: [GC (Allocation Failure)  368770K->11458K(1035776K), 0.0040503 secs]
254550.536: [GC (Allocation Failure)  358594K->11426K(1026048K), 0.0031208 secs]
254550.902: [GC (Allocation Failure)  348834K->11426K(1016832K), 0.0036984 secs]
254551.258: [GC (Allocation Failure)  339618K->11426K(1008128K), 0.0037955 secs]
254551.606: [GC (Allocation Failure)  330914K->11394K(999424K), 0.0036212 secs]
254551.942: [GC (Allocation Failure)  322178K->11426K(991232K), 0.0120915 secs]
254552.283: [GC (Allocation Failure)  314018K->11426K(983552K), 0.0029499 secs]
254552.610: [GC (Allocation Failure)  306338K->11426K(975872K), 0.0033281 secs]
254552.956: [GC (Allocation Failure)  298658K->11394K(968704K), 0.0035812 secs]
254553.258: [GC (Allocation Failure)  291458K->11394K(961536K), 0.0032558 secs]
254553.552: [GC (Allocation Failure)  284290K->11426K(1016320K), 0.0044623 secs]
254553.911: [GC (Allocation Failure)  339106K->11426K(1081856K), 0.0036250 secs]
254554.338: [GC (Allocation Failure)  404642K->11394K(1070080K), 0.0030541 secs]
254554.758: [GC (Allocation Failure)  392834K->11426K(1058816K), 0.0044363 secs]
254555.161: [GC (Allocation Failure)  381602K->11458K(1048064K), 0.0040933 secs]
254555.549: [GC (Allocation Failure)  370882K->11394K(1037824K), 0.0035779 secs]
254555.938: [GC (Allocation Failure)  360578K->11394K(1028096K), 0.0034204 secs]
254556.307: [GC (Allocation Failure)  350850K->11426K(1018880K), 0.0037124 secs]
254556.663: [GC (Allocation Failure)  341666K->11426K(1084928K), 0.0043322 secs]
254557.102: [GC (Allocation Failure)  407714K->11394K(1073152K), 0.0033676 secs]
254557.539: [GC (Allocation Failure)  395906K->11426K(1061888K), 0.0033829 secs]
254557.957: [GC (Allocation Failure)  384674K->11394K(1051136K), 0.0037243 secs]
254558.348: [GC (Allocation Failure)  373890K->11426K(1040896K), 0.0039766 secs]
254558.726: [GC (Allocation Failure)  363682K->11426K(1111552K), 0.0052248 secs]
254559.184: [GC (Allocation Failure)  434338K->11426K(1098752K), 0.0038039 secs]
254559.643: [GC (Allocation Failure)  421538K->11458K(1086464K), 0.0036562 secs]
254560.071: [GC (Allocation Failure)  409282K->11426K(1074688K), 0.0035113 secs]
254560.485: [GC (Allocation Failure)  397474K->11426K(1063424K), 0.0040801 secs]
254560.895: [GC (Allocation Failure)  386210K->11426K(1052672K), 0.0041581 secs]
254561.286: [GC (Allocation Failure)  375458K->11426K(1042432K), 0.0031136 secs]
254561.667: [GC (Allocation Failure)  365218K->11426K(1032704K), 0.0034873 secs]
254562.080: [GC (Allocation Failure)  355490K->11458K(1022976K), 0.0035308 secs]
254562.437: [GC (Allocation Failure)  345794K->11394K(1013760K), 0.0034664 secs]
254562.785: [GC (Allocation Failure)  336514K->11426K(1005056K), 0.0031934 secs]
254563.132: [GC (Allocation Failure)  327842K->11426K(996352K), 0.0040547 secs]
254563.561: [GC (Allocation Failure)  319138K->11394K(988160K), 0.0034981 secs]
254563.886: [GC (Allocation Failure)  310914K->11394K(980480K), 0.0033772 secs]
254564.200: [GC (Allocation Failure)  303234K->11426K(1038848K), 0.0039616 secs]
254564.645: [GC (Allocation Failure)  361634K->11426K(1029120K), 0.0036905 secs]
254565.012: [GC (Allocation Failure)  351906K->11426K(1019904K), 0.0040268 secs]
254565.367: [GC (Allocation Failure)  342690K->11394K(1010688K), 0.0035092 secs]
254565.728: [GC (Allocation Failure)  333442K->11426K(1075200K), 0.0040189 secs]
254566.148: [GC (Allocation Failure)  397986K->11394K(1063936K), 0.0041263 secs]
254566.555: [GC (Allocation Failure)  386690K->11426K(1053184K), 0.0032582 secs]
254566.951: [GC (Allocation Failure)  375970K->11394K(1042944K), 0.0030992 secs]
254567.344: [GC (Allocation Failure)  365698K->11426K(1032704K), 0.0038858 secs]
254567.714: [GC (Allocation Failure)  355490K->11426K(1022976K), 0.0034712 secs]
254568.087: [GC (Allocation Failure)  345762K->11458K(1013760K), 0.0041796 secs]
254568.442: [GC (Allocation Failure)  336578K->11426K(1005056K), 0.0036566 secs]
254568.801: [GC (Allocation Failure)  327842K->11426K(996352K), 0.0039590 secs]
254569.143: [GC (Allocation Failure)  319138K->11426K(1058304K), 0.0038150 secs]
254569.541: [GC (Allocation Failure)  381090K->11426K(1047552K), 0.0034145 secs]
254569.929: [GC (Allocation Failure)  370338K->11426K(1119744K), 0.0059308 secs]
254570.413: [GC (Allocation Failure)  442530K->11394K(1106432K), 0.0033673 secs]
254570.861: [GC (Allocation Failure)  429186K->11426K(1093632K), 0.0042678 secs]
254571.330: [GC (Allocation Failure)  416418K->11458K(1081344K), 0.0036415 secs]
254571.750: [GC (Allocation Failure)  404162K->11394K(1069568K), 0.0043205 secs]
254572.166: [GC (Allocation Failure)  392322K->11394K(1058304K), 0.0038120 secs]
254572.572: [GC (Allocation Failure)  381058K->11426K(1047552K), 0.0038199 secs]
254572.986: [GC (Allocation Failure)  370338K->11394K(1119744K), 0.0057738 secs]
254573.455: [GC (Allocation Failure)  442498K->11458K(1206272K), 0.0042809 secs]
254574.093: [GC (Allocation Failure)  529090K->11426K(1189376K), 0.0042351 secs]
254574.655: [GC (Allocation Failure)  512162K->11458K(1172992K), 0.0036188 secs]
254575.177: [GC (Allocation Failure)  495810K->11394K(1157632K), 0.0044624 secs]
254575.699: [GC (Allocation Failure)  480386K->11394K(1142784K), 0.0044872 secs]
254576.216: [GC (Allocation Failure)  465538K->11394K(1128448K), 0.0033427 secs]
254576.693: [GC (Allocation Failure)  451202K->11426K(1114624K), 0.0046527 secs]
254577.158: [GC (Allocation Failure)  437410K->11394K(1101824K), 0.0032169 secs]
254577.602: [GC (Allocation Failure)  424578K->11394K(1089536K), 0.0035620 secs]
254578.032: [GC (Allocation Failure)  412290K->11458K(1077760K), 0.0034026 secs]
254578.451: [GC (Allocation Failure)  400578K->11394K(1066496K), 0.0042833 secs]
254578.856: [GC (Allocation Failure)  389250K->11394K(1055744K), 0.0037207 secs]
254579.266: [GC (Allocation Failure)  378498K->11394K(1044992K), 0.0034363 secs]
254579.659: [GC (Allocation Failure)  367746K->11394K(1034752K), 0.0034331 secs]
254580.035: [GC (Allocation Failure)  357506K->11394K(1025024K), 0.0031416 secs]
254580.400: [GC (Allocation Failure)  347778K->11426K(1015808K), 0.0036154 secs]
254580.752: [GC (Allocation Failure)  338594K->11426K(1007104K), 0.0028116 secs]
254581.092: [GC (Allocation Failure)  329890K->11394K(998400K), 0.0028288 secs]
254581.426: [GC (Allocation Failure)  321154K->11426K(990208K), 0.0034842 secs]
254581.749: [GC (Allocation Failure)  312994K->11394K(982528K), 0.0034190 secs]
254582.066: [GC (Allocation Failure)  305282K->11426K(974848K), 0.0032216 secs]
254582.374: [GC (Allocation Failure)  297634K->11394K(967680K), 0.0031357 secs]
254582.675: [GC (Allocation Failure)  290434K->11394K(960512K), 0.0032057 secs]
254582.968: [GC (Allocation Failure)  283266K->11426K(1015296K), 0.0036913 secs]
254583.319: [GC (Allocation Failure)  338082K->11426K(1080832K), 0.0036987 secs]
254583.739: [GC (Allocation Failure)  403618K->11394K(1069056K), 0.0030296 secs]
254584.148: [GC (Allocation Failure)  391810K->11394K(1057792K), 0.0030891 secs]
254584.576: [GC (Allocation Failure)  380546K->11394K(1047040K), 0.0033771 secs]
254584.964: [GC (Allocation Failure)  369794K->11394K(1036800K), 0.0033071 secs]
254585.339: [GC (Allocation Failure)  359554K->11426K(1027072K), 0.0039232 secs]
254585.703: [GC (Allocation Failure)  349858K->11426K(1017856K), 0.0034159 secs]
254586.070: [GC (Allocation Failure)  340642K->11394K(1008640K), 0.0030011 secs]
254586.414: [GC (Allocation Failure)  331394K->11426K(999936K), 0.0035169 secs]
254586.749: [GC (Allocation Failure)  322722K->11394K(991744K), 0.0031783 secs]
254587.075: [GC (Allocation Failure)  314498K->11426K(984064K), 0.0031754 secs]
254587.434: [GC (Allocation Failure)  306850K->11394K(976384K), 0.0034657 secs]
254587.744: [GC (Allocation Failure)  299138K->11362K(969216K), 0.0037893 secs]
254588.051: [GC (Allocation Failure)  291938K->11458K(962048K), 0.0032162 secs]
254588.346: [GC (Allocation Failure)  284866K->11426K(1016832K), 0.0043365 secs]
254588.705: [GC (Allocation Failure)  339618K->11458K(1082880K), 0.0031846 secs]
254589.131: [GC (Allocation Failure)  405698K->11426K(1071104K), 0.0032707 secs]
254589.541: [GC (Allocation Failure)  393890K->11426K(1059840K), 0.0031211 secs]
254589.940: [GC (Allocation Failure)  382626K->11426K(1049088K), 0.0027270 secs]
254590.355: [GC (Allocation Failure)  371874K->11426K(1038848K), 0.0031619 secs]
254590.733: [GC (Allocation Failure)  361634K->11394K(1029120K), 0.0032998 secs]
254591.100: [GC (Allocation Failure)  351874K->11394K(1019904K), 0.0030322 secs]
254591.455: [GC (Allocation Failure)  342658K->11426K(1010688K), 0.0035657 secs]
254591.804: [GC (Allocation Failure)  333474K->11426K(1001984K), 0.0031074 secs]
254592.140: [GC (Allocation Failure)  324770K->11394K(993792K), 0.0032668 secs]
254592.489: [GC (Allocation Failure)  316546K->11426K(985600K), 0.0031530 secs]
254592.809: [GC (Allocation Failure)  308386K->11394K(977920K), 0.0029702 secs]
254593.121: [GC (Allocation Failure)  300674K->11426K(970752K), 0.0031529 secs]
254593.425: [GC (Allocation Failure)  293538K->11394K(963584K), 0.0031543 secs]
254593.721: [GC (Allocation Failure)  286338K->11458K(1018880K), 0.0037558 secs]
254594.076: [GC (Allocation Failure)  341698K->11426K(1009664K), 0.0030959 secs]
254594.421: [GC (Allocation Failure)  332450K->11426K(1000960K), 0.0028476 secs]
254594.757: [GC (Allocation Failure)  323746K->11394K(992768K), 0.0033135 secs]
254595.126: [GC (Allocation Failure)  315522K->11426K(984576K), 0.0039910 secs]
254595.449: [GC (Allocation Failure)  307362K->11426K(976896K), 0.0030691 secs]
254595.759: [GC (Allocation Failure)  299682K->11458K(1034752K), 0.0037762 secs]
254596.137: [GC (Allocation Failure)  357570K->11458K(1025024K), 0.0033627 secs]
254596.498: [GC (Allocation Failure)  347842K->11426K(1015808K), 0.0037964 secs]
254596.871: [GC (Allocation Failure)  338594K->11394K(1081344K), 0.0044706 secs]
254597.292: [GC (Allocation Failure)  404098K->11426K(1069568K), 0.0035326 secs]
254597.699: [GC (Allocation Failure)  392354K->11458K(1058304K), 0.0029156 secs]
254598.093: [GC (Allocation Failure)  381122K->11426K(1047552K), 0.0032392 secs]
254598.475: [GC (Allocation Failure)  370338K->11426K(1037312K), 0.0031953 secs]
254598.834: [GC (Allocation Failure)  360098K->11458K(1027584K), 0.0032240 secs]
254599.181: [GC (Allocation Failure)  350402K->11426K(1018368K), 0.0033816 secs]
254599.519: [GC (Allocation Failure)  341154K->11426K(1009152K), 0.0030416 secs]
254599.850: [GC (Allocation Failure)  331938K->11426K(1000448K), 0.0033843 secs]
254600.170: [GC (Allocation Failure)  323234K->11426K(992256K), 0.0037761 secs]
254600.482: [GC (Allocation Failure)  315042K->11458K(1053184K), 0.0040102 secs]
254600.859: [GC (Allocation Failure)  376002K->11458K(1126400K), 0.0035437 secs]
254601.342: [GC (Allocation Failure)  449218K->11426K(1113088K), 0.0030817 secs]
254601.790: [GC (Allocation Failure)  435874K->11362K(1100288K), 0.0033603 secs]
254602.211: [GC (Allocation Failure)  423010K->11394K(1088000K), 0.0039189 secs]
254602.620: [GC (Allocation Failure)  410754K->11426K(1076224K), 0.0040046 secs]
254603.017: [GC (Allocation Failure)  399010K->11426K(1064960K), 0.0037826 secs]
254603.402: [GC (Allocation Failure)  387746K->11394K(1054208K), 0.0032033 secs]
254603.778: [GC (Allocation Failure)  376962K->11394K(1043968K), 0.0038964 secs]
254604.146: [GC (Allocation Failure)  366722K->11426K(1033728K), 0.0031308 secs]
254604.501: [GC (Allocation Failure)  356514K->11426K(1024000K), 0.0036141 secs]
254604.853: [GC (Allocation Failure)  346786K->11426K(1014784K), 0.0038708 secs]
254605.215: [GC (Allocation Failure)  337570K->11394K(1006080K), 0.0039385 secs]
254605.540: [GC (Allocation Failure)  328834K->11394K(1069568K), 0.0038553 secs]
254605.932: [GC (Allocation Failure)  392322K->11426K(1145856K), 0.0039996 secs]
254606.401: [GC (Allocation Failure)  468642K->11426K(1131520K), 0.0039007 secs]
254606.858: [GC (Allocation Failure)  454306K->11394K(1117696K), 0.0042238 secs]
254607.304: [GC (Allocation Failure)  440450K->11394K(1104384K), 0.0037963 secs]
254607.727: [GC (Allocation Failure)  427138K->11426K(1091584K), 0.0033344 secs]
254608.140: [GC (Allocation Failure)  414370K->11426K(1079808K), 0.0037276 secs]
254608.542: [GC (Allocation Failure)  402594K->11426K(1068032K), 0.0036032 secs]
254608.930: [GC (Allocation Failure)  390818K->11394K(1056768K), 0.0037463 secs]
254609.306: [GC (Allocation Failure)  379522K->11362K(1046016K), 0.0032807 secs]
254609.673: [GC (Allocation Failure)  368738K->11394K(1035776K), 0.0033940 secs]
254610.029: [GC (Allocation Failure)  358530K->11426K(1026048K), 0.0034912 secs]
254610.402: [GC (Allocation Failure)  348834K->11394K(1016832K), 0.0038186 secs]
254610.739: [GC (Allocation Failure)  339586K->11426K(1008128K), 0.0035974 secs]
254611.066: [GC (Allocation Failure)  330914K->11426K(999424K), 0.0032031 secs]
254611.384: [GC (Allocation Failure)  322210K->11426K(991232K), 0.0032693 secs]
254611.699: [GC (Allocation Failure)  314018K->11426K(1052160K), 0.0046852 secs]
254612.080: [GC (Allocation Failure)  374946K->11426K(1124864K), 0.0056397 secs]
254612.536: [GC (Allocation Failure)  447650K->11426K(1212416K), 0.0046039 secs]
254613.079: [GC (Allocation Failure)  535202K->11426K(1195008K), 0.0031993 secs]
254613.596: [GC (Allocation Failure)  517794K->11394K(1178624K), 0.0035942 secs]
254614.099: [GC (Allocation Failure)  501378K->11394K(1162752K), 0.0037588 secs]
254614.586: [GC (Allocation Failure)  485506K->11458K(1147904K), 0.0035145 secs]
254615.057: [GC (Allocation Failure)  470722K->11394K(1133568K), 0.0035222 secs]
254615.561: [GC (Allocation Failure)  456322K->11426K(1119744K), 0.0036850 secs]
254616.029: [GC (Allocation Failure)  442530K->11458K(1106432K), 0.0034941 secs]
254616.456: [GC (Allocation Failure)  429250K->11426K(1093632K), 0.0039697 secs]
254616.873: [GC (Allocation Failure)  416418K->11426K(1081344K), 0.0042166 secs]
254617.283: [GC (Allocation Failure)  404130K->11394K(1069568K), 0.0034421 secs]
254617.673: [GC (Allocation Failure)  392322K->11426K(1058304K), 0.0039668 secs]
254618.051: [GC (Allocation Failure)  381090K->11426K(1047552K), 0.0034369 secs]
254618.421: [GC (Allocation Failure)  370338K->11394K(1037312K), 0.0032998 secs]
254618.818: [GC (Allocation Failure)  360066K->11426K(1027584K), 0.0029076 secs]
254619.198: [GC (Allocation Failure)  350370K->11426K(1018368K), 0.0036475 secs]
254619.539: [GC (Allocation Failure)  341154K->11458K(1009152K), 0.0037662 secs]
254619.870: [GC (Allocation Failure)  331970K->11458K(1000448K), 0.0034572 secs]
254620.197: [GC (Allocation Failure)  323266K->11362K(992256K), 0.0033348 secs]
254620.534: [GC (Allocation Failure)  314978K->11426K(984064K), 0.0036351 secs]
254620.838: [GC (Allocation Failure)  306850K->11394K(976384K), 0.0029090 secs]
254621.135: [GC (Allocation Failure)  299138K->11426K(969216K), 0.0033664 secs]
254621.424: [GC (Allocation Failure)  292002K->11426K(1025536K), 0.0035378 secs]
254621.771: [GC (Allocation Failure)  348322K->11426K(1093120K), 0.0038828 secs]
254622.190: [GC (Allocation Failure)  415906K->11426K(1080832K), 0.0032590 secs]
254622.591: [GC (Allocation Failure)  403618K->11426K(1069056K), 0.0032036 secs]
254622.977: [GC (Allocation Failure)  391842K->11434K(1057792K), 0.0034870 secs]
254623.355: [GC (Allocation Failure)  380586K->11402K(1047040K), 0.0028523 secs]
254623.721: [GC (Allocation Failure)  369802K->11434K(1036800K), 0.0029063 secs]
254624.076: [GC (Allocation Failure)  359594K->11466K(1027072K), 0.0035451 secs]
254624.420: [GC (Allocation Failure)  349898K->11426K(1017856K), 0.0039060 secs]
254624.756: [GC (Allocation Failure)  340642K->11426K(1008640K), 0.0032859 secs]
254625.083: [GC (Allocation Failure)  331426K->11490K(999936K), 0.0031069 secs]
254625.402: [GC (Allocation Failure)  322786K->11490K(991744K), 0.0035975 secs]
254625.712: [GC (Allocation Failure)  314594K->11490K(984064K), 0.0032445 secs]
254626.013: [GC (Allocation Failure)  306914K->11490K(1043456K), 0.0035298 secs]
254626.381: [GC (Allocation Failure)  366306K->11458K(1033216K), 0.0028572 secs]
254626.734: [GC (Allocation Failure)  356034K->11402K(1023488K), 0.0034071 secs]
254627.072: [GC (Allocation Failure)  346250K->11402K(1014272K), 0.0030425 secs]
254627.400: [GC (Allocation Failure)  337034K->11466K(1005568K), 0.0033273 secs]
254627.721: [GC (Allocation Failure)  328394K->11466K(996864K), 0.0035021 secs]
254628.036: [GC (Allocation Failure)  319690K->11466K(988672K), 0.0031960 secs]
254628.342: [GC (Allocation Failure)  311498K->11466K(1049088K), 0.0036914 secs]
254628.727: [GC (Allocation Failure)  371914K->11498K(1038848K), 0.0030605 secs]
254629.080: [GC (Allocation Failure)  361706K->11434K(1029120K), 0.0032036 secs]
254629.428: [GC (Allocation Failure)  351914K->11434K(1019904K), 0.0040312 secs]
254629.764: [GC (Allocation Failure)  342698K->11434K(1010688K), 0.0034213 secs]
254630.092: [GC (Allocation Failure)  333482K->11434K(1001984K), 0.0034139 secs]
254630.414: [GC (Allocation Failure)  324778K->11466K(993792K), 0.0031276 secs]
254630.779: [GC (Allocation Failure)  316618K->11434K(1055232K), 0.0039847 secs]
254631.158: [GC (Allocation Failure)  378026K->11450K(1044480K), 0.0035063 secs]
254631.523: [GC (Allocation Failure)  367290K->11450K(1034240K), 0.0034810 secs]
254631.880: [GC (Allocation Failure)  357050K->11450K(1024512K), 0.0035538 secs]
254632.227: [GC (Allocation Failure)  347322K->11490K(1015296K), 0.0035630 secs]
254632.562: [GC (Allocation Failure)  338146K->11498K(1080832K), 0.0037923 secs]
254632.968: [GC (Allocation Failure)  403690K->11530K(1069056K), 0.0033158 secs]
254633.358: [GC (Allocation Failure)  391946K->11498K(1057792K), 0.0039617 secs]
254633.737: [GC (Allocation Failure)  380650K->11498K(1047040K), 0.0033636 secs]
254634.104: [GC (Allocation Failure)  369898K->11498K(1036800K), 0.0034951 secs]
254634.460: [GC (Allocation Failure)  359658K->11498K(1027072K), 0.0029611 secs]
254634.847: [GC (Allocation Failure)  349930K->11538K(1017856K), 0.0039299 secs]
254635.187: [GC (Allocation Failure)  340754K->11506K(1008640K), 0.0035937 secs]
254635.534: [GC (Allocation Failure)  331506K->11506K(999936K), 0.0030242 secs]
254635.889: [GC (Allocation Failure)  322802K->11506K(991744K), 0.0038770 secs]
254636.203: [GC (Allocation Failure)  314610K->11474K(984064K), 0.0034217 secs]
254636.506: [GC (Allocation Failure)  306898K->11506K(976384K), 0.0027435 secs]
254636.797: [GC (Allocation Failure)  299250K->11506K(1034240K), 0.0034725 secs]
254637.153: [GC (Allocation Failure)  357106K->11506K(1024512K), 0.0029710 secs]
254637.497: [GC (Allocation Failure)  347378K->11474K(1015296K), 0.0037497 secs]
254637.831: [GC (Allocation Failure)  338130K->11506K(1006592K), 0.0033893 secs]
254638.182: [GC (Allocation Failure)  329458K->11474K(997888K), 0.0034535 secs]
254638.497: [GC (Allocation Failure)  320722K->11474K(989696K), 0.0033129 secs]
254638.804: [GC (Allocation Failure)  312530K->11506K(982016K), 0.0031784 secs]
254639.130: [GC (Allocation Failure)  304882K->11506K(974336K), 0.0026412 secs]
254639.445: [GC (Allocation Failure)  297202K->11506K(967168K), 0.0033422 secs]
254639.755: [GC (Allocation Failure)  290034K->11506K(960000K), 0.0027931 secs]
254640.032: [GC (Allocation Failure)  282866K->11474K(953344K), 0.0027733 secs]
254640.306: [GC (Allocation Failure)  276178K->11474K(1006592K), 0.0037260 secs]
254640.635: [GC (Allocation Failure)  329426K->11474K(1070592K), 0.0032393 secs]
254641.051: [GC (Allocation Failure)  393426K->11474K(1059328K), 0.0034164 secs]
254641.432: [GC (Allocation Failure)  382162K->11506K(1048576K), 0.0040334 secs]
254641.789: [GC (Allocation Failure)  371442K->11506K(1038336K), 0.0031934 secs]
254642.129: [GC (Allocation Failure)  361202K->11506K(1028608K), 0.0032411 secs]
254642.476: [GC (Allocation Failure)  351474K->11506K(1019392K), 0.0030187 secs]
254642.820: [GC (Allocation Failure)  342258K->11474K(1010176K), 0.0033595 secs]
254643.148: [GC (Allocation Failure)  333010K->11538K(1001472K), 0.0032762 secs]
254643.468: [GC (Allocation Failure)  324370K->11538K(993280K), 0.0025190 secs]
254643.778: [GC (Allocation Failure)  316178K->11506K(985088K), 0.0032272 secs]
254644.082: [GC (Allocation Failure)  307954K->11474K(977408K), 0.0033137 secs]
254644.378: [GC (Allocation Failure)  300242K->11538K(970240K), 0.0029865 secs]
254644.728: [GC (Allocation Failure)  293138K->11506K(963072K), 0.0032824 secs]
254645.008: [GC (Allocation Failure)  285938K->11506K(956416K), 0.0026739 secs]
254645.283: [GC (Allocation Failure)  279282K->11506K(949760K), 0.0033333 secs]
254645.552: [GC (Allocation Failure)  272626K->11506K(1001984K), 0.0028585 secs]
254645.871: [GC (Allocation Failure)  324850K->11506K(993792K), 0.0242973 secs]
254646.188: [GC (Allocation Failure)  316658K->11538K(1055232K), 0.0032219 secs]
254646.561: [GC (Allocation Failure)  378130K->11474K(1128960K), 0.0042801 secs]
254647.015: [GC (Allocation Failure)  451794K->11474K(1115136K), 0.0027451 secs]
254647.449: [GC (Allocation Failure)  437970K->11570K(1102336K), 0.0033487 secs]
254647.862: [GC (Allocation Failure)  425266K->11682K(1090048K), 0.0035849 secs]
254648.254: [GC (Allocation Failure)  413090K->11666K(1078272K), 0.0035945 secs]
254648.644: [GC (Allocation Failure)  401298K->11650K(1067008K), 0.0030888 secs]
254649.042: [GC (Allocation Failure)  390018K->11682K(1056256K), 0.0031412 secs]
254649.414: [GC (Allocation Failure)  379298K->11610K(1045504K), 0.0026775 secs]
254649.775: [GC (Allocation Failure)  368474K->11642K(1035264K), 0.0032601 secs]
254650.128: [GC (Allocation Failure)  358266K->11610K(1025536K), 0.0031541 secs]
254650.467: [GC (Allocation Failure)  348506K->11674K(1016320K), 0.0032558 secs]
254650.804: [GC (Allocation Failure)  339354K->11706K(1007616K), 0.0032600 secs]
254651.127: [GC (Allocation Failure)  330682K->11794K(998912K), 0.0031507 secs]
254651.516: [GC (Allocation Failure)  322066K->11682K(990720K), 0.0034323 secs]
254651.823: [GC (Allocation Failure)  313762K->11746K(983040K), 0.0035456 secs]
254652.123: [GC (Allocation Failure)  306146K->11682K(975360K), 0.0663581 secs]
254652.481: [GC (Allocation Failure)  298402K->11746K(968192K), 0.0030647 secs]
254652.766: [GC (Allocation Failure)  291298K->11746K(961024K), 0.0030075 secs]
254653.043: [GC (Allocation Failure)  284130K->11714K(1015808K), 0.0042620 secs]
254653.377: [GC (Allocation Failure)  338882K->11714K(1081344K), 0.0027936 secs]
254653.766: [GC (Allocation Failure)  404418K->11714K(1069568K), 0.0031795 secs]
254654.155: [GC (Allocation Failure)  392642K->11714K(1058304K), 0.0033521 secs]
254654.532: [GC (Allocation Failure)  381378K->11714K(1047552K), 0.0032659 secs]
254654.896: [GC (Allocation Failure)  370626K->11682K(1037312K), 0.0036387 secs]
254655.249: [GC (Allocation Failure)  360354K->11682K(1027584K), 0.0035043 secs]
254655.596: [GC (Allocation Failure)  350626K->11714K(1018368K), 0.0034841 secs]
254655.931: [GC (Allocation Failure)  341442K->11714K(1009152K), 0.0028325 secs]
254656.278: [GC (Allocation Failure)  332226K->11682K(1000448K), 0.0030347 secs]
254656.623: [GC (Allocation Failure)  323490K->11714K(992256K), 0.0035608 secs]
254656.933: [GC (Allocation Failure)  315330K->11802K(984064K), 0.0036490 secs]
254657.241: [GC (Allocation Failure)  307226K->11762K(976384K), 0.0030839 secs]
254657.548: [GC (Allocation Failure)  299506K->11770K(969216K), 0.0030222 secs]
254657.836: [GC (Allocation Failure)  292346K->11778K(962048K), 0.0029343 secs]
254658.154: [GC (Allocation Failure)  285186K->11778K(955392K), 0.0026090 secs]
254658.428: [GC (Allocation Failure)  278530K->11778K(948736K), 0.0031594 secs]
254658.694: [GC (Allocation Failure)  271874K->11786K(1000960K), 0.0032426 secs]
254659.014: [GC (Allocation Failure)  324106K->11754K(1063424K), 0.0035964 secs]
254659.421: [GC (Allocation Failure)  386538K->11786K(1052672K), 0.0042843 secs]
254659.799: [GC (Allocation Failure)  375818K->11818K(1042432K), 0.0032744 secs]
254660.160: [GC (Allocation Failure)  365610K->11762K(1032704K), 0.0035443 secs]
254660.512: [GC (Allocation Failure)  355826K->11762K(1022976K), 0.0037640 secs]
254660.870: [GC (Allocation Failure)  346098K->11826K(1013760K), 0.0031294 secs]
254661.202: [GC (Allocation Failure)  336946K->11794K(1005056K), 0.0031924 secs]
254661.552: [GC (Allocation Failure)  328210K->11762K(996352K), 0.0036248 secs]
254661.888: [GC (Allocation Failure)  319474K->11794K(988160K), 0.0033323 secs]
254662.214: [GC (Allocation Failure)  311314K->11826K(980480K), 0.0029954 secs]
254662.512: [GC (Allocation Failure)  303666K->11762K(1038848K), 0.0042525 secs]
254662.869: [GC (Allocation Failure)  361970K->11794K(1108992K), 0.0034086 secs]
254663.299: [GC (Allocation Failure)  432146K->11874K(1096192K), 0.0028734 secs]
254663.711: [GC (Allocation Failure)  419426K->11818K(1083904K), 0.0033456 secs]
254664.112: [GC (Allocation Failure)  407082K->11818K(1072128K), 0.0033169 secs]
254664.502: [GC (Allocation Failure)  395306K->11850K(1060864K), 0.0031882 secs]
254664.879: [GC (Allocation Failure)  384074K->11786K(1050112K), 0.0033982 secs]
254665.248: [GC (Allocation Failure)  373258K->11786K(1039872K), 0.0043391 secs]
254665.605: [GC (Allocation Failure)  363018K->11786K(1030144K), 0.0033423 secs]
254665.958: [GC (Allocation Failure)  353290K->11818K(1020928K), 0.0033916 secs]
254666.297: [GC (Allocation Failure)  344106K->11786K(1011712K), 0.0037759 secs]
254666.626: [GC (Allocation Failure)  334858K->11850K(1003008K), 0.0030351 secs]
254666.994: [GC (Allocation Failure)  326218K->11818K(994816K), 0.0038459 secs]
254667.308: [GC (Allocation Failure)  317994K->11786K(986624K), 0.0030663 secs]
254667.610: [GC (Allocation Failure)  309770K->11818K(1046528K), 0.0039113 secs]
254667.948: [GC (Allocation Failure)  369706K->11786K(1118208K), 0.0037469 secs]
254668.384: [GC (Allocation Failure)  441354K->11786K(1104896K), 0.0032513 secs]
254668.807: [GC (Allocation Failure)  428042K->11818K(1092096K), 0.0036730 secs]
254669.218: [GC (Allocation Failure)  415274K->11786K(1079808K), 0.0037296 secs]
254669.617: [GC (Allocation Failure)  402954K->11786K(1068032K), 0.0036467 secs]
254670.004: [GC (Allocation Failure)  391178K->11818K(1056768K), 0.0037803 secs]
254670.381: [GC (Allocation Failure)  379946K->11850K(1046016K), 0.0038301 secs]
254670.744: [GC (Allocation Failure)  369226K->11786K(1035776K), 0.0035703 secs]
254671.100: [GC (Allocation Failure)  358922K->11818K(1026048K), 0.0034921 secs]
254671.444: [GC (Allocation Failure)  349226K->11850K(1016832K), 0.0036385 secs]
254671.754: [GC (Allocation Failure)  340042K->11786K(1082880K), 0.0036598 secs]
254672.186: [GC (Allocation Failure)  406026K->11818K(1071104K), 0.0036147 secs]
254672.577: [GC (Allocation Failure)  394282K->11818K(1059840K), 0.0034814 secs]
254672.962: [GC (Allocation Failure)  383018K->11818K(1049088K), 0.0039396 secs]
254673.333: [GC (Allocation Failure)  372266K->11826K(1038848K), 0.0037111 secs]
254673.734: [GC (Allocation Failure)  362034K->11858K(1029120K), 0.0033927 secs]
254674.088: [GC (Allocation Failure)  352338K->11762K(1019904K), 0.0036385 secs]
254674.431: [GC (Allocation Failure)  343026K->11826K(1010688K), 0.0035744 secs]
254674.761: [GC (Allocation Failure)  333874K->11826K(1075200K), 0.0040689 secs]
254675.165: [GC (Allocation Failure)  398386K->11826K(1063936K), 0.0040006 secs]
254675.557: [GC (Allocation Failure)  387122K->11826K(1053184K), 0.0037788 secs]
254675.932: [GC (Allocation Failure)  376370K->11826K(1042944K), 0.0028753 secs]
254676.299: [GC (Allocation Failure)  366130K->11858K(1032704K), 0.0030476 secs]
254676.653: [GC (Allocation Failure)  355922K->11826K(1022976K), 0.0033304 secs]
254676.996: [GC (Allocation Failure)  346162K->11794K(1013760K), 0.0035856 secs]
254677.332: [GC (Allocation Failure)  336914K->11826K(1005056K), 0.0034759 secs]
254677.658: [GC (Allocation Failure)  328242K->11826K(996352K), 0.0033232 secs]
254677.977: [GC (Allocation Failure)  319538K->11826K(988160K), 0.0036158 secs]
254678.286: [GC (Allocation Failure)  311346K->11858K(980480K), 0.0027032 secs]
254678.586: [GC (Allocation Failure)  303698K->11858K(1038848K), 0.0037649 secs]
254678.966: [GC (Allocation Failure)  362066K->11858K(1029120K), 0.0027251 secs]
254679.314: [GC (Allocation Failure)  352338K->11826K(1019904K), 0.0037048 secs]
254679.654: [GC (Allocation Failure)  343090K->11826K(1010688K), 0.0035957 secs]
254679.988: [GC (Allocation Failure)  333874K->11826K(1001984K), 0.0032054 secs]
254680.310: [GC (Allocation Failure)  325170K->11826K(993792K), 0.0032035 secs]
254680.624: [GC (Allocation Failure)  316978K->11826K(985600K), 0.0032417 secs]
254680.931: [GC (Allocation Failure)  308786K->11826K(1044992K), 0.0039206 secs]
254681.298: [GC (Allocation Failure)  368178K->11826K(1116672K), 0.0035450 secs]
254681.736: [GC (Allocation Failure)  439858K->11826K(1103360K), 0.0033980 secs]
254682.165: [GC (Allocation Failure)  426546K->11858K(1091072K), 0.0040694 secs]
254682.640: [GC (Allocation Failure)  414290K->11826K(1079296K), 0.0029582 secs]
254683.064: [GC (Allocation Failure)  402482K->11826K(1068032K), 0.0033786 secs]
254683.481: [GC (Allocation Failure)  391218K->11794K(1056768K), 0.0033232 secs]
254683.857: [GC (Allocation Failure)  379922K->11826K(1046016K), 0.0041782 secs]
254684.228: [GC (Allocation Failure)  369202K->11794K(1035776K), 0.0039596 secs]
254684.586: [GC (Allocation Failure)  358930K->11858K(1026048K), 0.0034599 secs]
254684.932: [GC (Allocation Failure)  349266K->11794K(1016832K), 0.0034467 secs]
254685.274: [GC (Allocation Failure)  339986K->11826K(1008128K), 0.0033226 secs]
254685.603: [GC (Allocation Failure)  331314K->11858K(999424K), 0.0036252 secs]
254685.924: [GC (Allocation Failure)  322642K->11794K(991232K), 0.0032730 secs]
254686.235: [GC (Allocation Failure)  314386K->11826K(983552K), 0.0033748 secs]
254686.538: [GC (Allocation Failure)  306738K->11826K(1042944K), 0.0033545 secs]
254686.903: [GC (Allocation Failure)  366130K->11826K(1032704K), 0.0036080 secs]
254687.257: [GC (Allocation Failure)  355890K->11826K(1022976K), 0.0030932 secs]
254687.654: [GC (Allocation Failure)  346162K->11826K(1013760K), 0.0033504 secs]
254687.989: [GC (Allocation Failure)  336946K->11826K(1005056K), 0.0035026 secs]
254688.314: [GC (Allocation Failure)  328242K->11826K(996352K), 0.0032191 secs]
254688.630: [GC (Allocation Failure)  319538K->11826K(988160K), 0.0030268 secs]
254688.939: [GC (Allocation Failure)  311346K->11794K(980480K), 0.0035265 secs]
254689.242: [GC (Allocation Failure)  303634K->11826K(1038848K), 0.0038953 secs]
254689.608: [GC (Allocation Failure)  362034K->11826K(1029120K), 0.0028848 secs]
254689.965: [GC (Allocation Failure)  352306K->11826K(1019904K), 0.0031918 secs]
254690.306: [GC (Allocation Failure)  343090K->11794K(1010688K), 0.0034708 secs]
254690.637: [GC (Allocation Failure)  333842K->11826K(1001984K), 0.0032864 secs]
254690.961: [GC (Allocation Failure)  325170K->11826K(993792K), 0.0030041 secs]
254691.276: [GC (Allocation Failure)  316978K->11826K(985600K), 0.0028532 secs]
254691.582: [GC (Allocation Failure)  308786K->11762K(977920K), 0.0034585 secs]
254691.879: [GC (Allocation Failure)  301042K->11826K(1035776K), 0.0042560 secs]
254692.236: [GC (Allocation Failure)  358962K->11826K(1105408K), 0.0040093 secs]
254692.667: [GC (Allocation Failure)  428594K->11826K(1188864K), 0.0036058 secs]
254693.210: [GC (Allocation Failure)  512050K->11794K(1172480K), 0.0036881 secs]
254693.713: [GC (Allocation Failure)  495634K->11826K(1157120K), 0.0039992 secs]
254694.192: [GC (Allocation Failure)  480306K->11794K(1142272K), 0.0032095 secs]
254694.672: [GC (Allocation Failure)  465426K->11826K(1127936K), 0.0027470 secs]
254695.137: [GC (Allocation Failure)  451122K->11794K(1114112K), 0.0037458 secs]
254695.571: [GC (Allocation Failure)  437266K->11826K(1101312K), 0.0032819 secs]
254696.018: [GC (Allocation Failure)  424498K->11826K(1089024K), 0.0037986 secs]
254696.427: [GC (Allocation Failure)  412210K->11794K(1077248K), 0.0038657 secs]
254696.826: [GC (Allocation Failure)  400402K->11794K(1065984K), 0.0035487 secs]
254697.222: [GC (Allocation Failure)  389138K->11826K(1055232K), 0.0030721 secs]
254697.597: [GC (Allocation Failure)  378418K->11794K(1044480K), 0.0031614 secs]
254697.962: [GC (Allocation Failure)  367634K->11794K(1034240K), 0.0039282 secs]
254698.316: [GC (Allocation Failure)  357394K->11826K(1024512K), 0.0031262 secs]
254698.663: [GC (Allocation Failure)  347698K->11794K(1015296K), 0.0049025 secs]
254699.007: [GC (Allocation Failure)  338450K->11858K(1006592K), 0.0033475 secs]
254699.336: [GC (Allocation Failure)  329810K->11826K(1070592K), 0.0040637 secs]
254699.731: [GC (Allocation Failure)  393778K->11890K(1059328K), 0.0029581 secs]
254700.110: [GC (Allocation Failure)  382578K->11794K(1048576K), 0.0034653 secs]
254700.478: [GC (Allocation Failure)  371730K->11826K(1038336K), 0.0033527 secs]
254700.837: [GC (Allocation Failure)  361522K->11858K(1028608K), 0.0034412 secs]
254701.186: [GC (Allocation Failure)  351826K->11794K(1019392K), 0.0034380 secs]
254701.525: [GC (Allocation Failure)  342546K->11794K(1010176K), 0.0036767 secs]
254701.853: [GC (Allocation Failure)  333330K->11826K(1001472K), 0.0034235 secs]
254702.174: [GC (Allocation Failure)  324658K->11794K(1064448K), 0.0038342 secs]
254702.565: [GC (Allocation Failure)  387602K->11826K(1053696K), 0.0034174 secs]
254702.939: [GC (Allocation Failure)  376882K->11826K(1043456K), 0.0035560 secs]
254703.306: [GC (Allocation Failure)  366642K->11826K(1033216K), 0.0031311 secs]
254703.684: [GC (Allocation Failure)  356402K->11762K(1023488K), 0.0036098 secs]
254704.029: [GC (Allocation Failure)  346610K->11858K(1014272K), 0.0032525 secs]
254704.364: [GC (Allocation Failure)  337490K->11794K(1079808K), 0.0044775 secs]
254704.771: [GC (Allocation Failure)  402962K->11826K(1068032K), 0.0032278 secs]
254705.159: [GC (Allocation Failure)  391218K->11826K(1056768K), 0.0033459 secs]
254705.535: [GC (Allocation Failure)  379954K->11794K(1046016K), 0.0030134 secs]
254705.929: [GC (Allocation Failure)  369170K->11826K(1035776K), 0.0035661 secs]
254706.292: [GC (Allocation Failure)  358962K->11826K(1026048K), 0.0036356 secs]
254706.644: [GC (Allocation Failure)  349234K->11794K(1016832K), 0.0037261 secs]
254706.980: [GC (Allocation Failure)  339986K->11794K(1082880K), 0.0042320 secs]
254707.388: [GC (Allocation Failure)  406034K->11826K(1071104K), 0.0122066 secs]
254707.794: [GC (Allocation Failure)  394290K->11826K(1059840K), 0.0032711 secs]
254708.173: [GC (Allocation Failure)  383026K->11826K(1049088K), 0.0043740 secs]
254708.543: [GC (Allocation Failure)  372274K->11826K(1038848K), 0.0037609 secs]
254708.932: [GC (Allocation Failure)  362034K->11826K(1029120K), 0.0040479 secs]
254709.285: [GC (Allocation Failure)  352306K->11826K(1019904K), 0.0036169 secs]
254709.625: [GC (Allocation Failure)  343090K->11794K(1086464K), 0.0048545 secs]
254710.034: [GC (Allocation Failure)  409618K->11826K(1166336K), 0.0041961 secs]
254710.523: [GC (Allocation Failure)  489522K->11826K(1262080K), 0.0041357 secs]
254711.110: [GC (Allocation Failure)  585266K->11826K(1242624K), 0.0047460 secs]
254711.682: [GC (Allocation Failure)  565810K->11794K(1224192K), 0.0035273 secs]
254712.228: [GC (Allocation Failure)  547346K->11794K(1206272K), 0.0042477 secs]
254712.761: [GC (Allocation Failure)  529426K->11826K(1189376K), 0.0039160 secs]
254713.273: [GC (Allocation Failure)  512562K->11826K(1172992K), 0.0032997 secs]
254713.768: [GC (Allocation Failure)  496178K->11826K(1157632K), 0.0040577 secs]
254714.275: [GC (Allocation Failure)  480818K->11826K(1142784K), 0.0034433 secs]
254714.755: [GC (Allocation Failure)  465970K->11794K(1128448K), 0.0040245 secs]
254715.234: [GC (Allocation Failure)  451602K->11858K(1114624K), 0.0033185 secs]
254715.676: [GC (Allocation Failure)  437842K->11826K(1101824K), 0.0037289 secs]
254716.098: [GC (Allocation Failure)  425010K->11826K(1089536K), 0.0055434 secs]
254716.517: [GC (Allocation Failure)  412722K->11794K(1077760K), 0.0045522 secs]
254716.920: [GC (Allocation Failure)  400914K->11826K(1066496K), 0.0038334 secs]
254717.306: [GC (Allocation Failure)  389682K->11826K(1055744K), 0.0048047 secs]
254717.684: [GC (Allocation Failure)  378930K->11826K(1129472K), 0.0043334 secs]
254718.141: [GC (Allocation Failure)  452658K->11794K(1115648K), 0.0042940 secs]
254718.583: [GC (Allocation Failure)  438802K->11858K(1102848K), 0.0036853 secs]
254719.008: [GC (Allocation Failure)  426066K->11794K(1090560K), 0.0038350 secs]
254719.419: [GC (Allocation Failure)  413714K->11826K(1078784K), 0.0040325 secs]
254719.869: [GC (Allocation Failure)  401970K->11826K(1067520K), 0.0043937 secs]
254720.260: [GC (Allocation Failure)  390706K->11826K(1056256K), 0.0043025 secs]
254720.641: [GC (Allocation Failure)  379442K->11826K(1129984K), 0.0045521 secs]
254721.091: [GC (Allocation Failure)  453170K->11826K(1116160K), 0.0035372 secs]
254721.532: [GC (Allocation Failure)  439346K->11858K(1102848K), 0.0035952 secs]
254721.954: [GC (Allocation Failure)  426066K->11794K(1090560K), 0.0030513 secs]
254722.368: [GC (Allocation Failure)  413714K->11858K(1078784K), 0.0033204 secs]
254722.786: [GC (Allocation Failure)  402002K->11794K(1067520K), 0.0033865 secs]
254723.173: [GC (Allocation Failure)  390674K->11794K(1056256K), 0.0033342 secs]
254723.556: [GC (Allocation Failure)  379410K->11858K(1045504K), 0.0032696 secs]
254723.921: [GC (Allocation Failure)  368722K->11826K(1035264K), 0.0031469 secs]
254724.290: [GC (Allocation Failure)  358450K->11866K(1025536K), 0.0035323 secs]
254724.731: [GC (Allocation Failure)  348762K->11834K(1016320K), 0.0034802 secs]
254725.068: [GC (Allocation Failure)  339514K->11818K(1007616K), 0.0034027 secs]
254725.398: [GC (Allocation Failure)  330794K->11850K(998912K), 0.0032369 secs]
254725.716: [GC (Allocation Failure)  322122K->11818K(990720K), 0.0033821 secs]
254726.026: [GC (Allocation Failure)  313898K->11850K(983040K), 0.0031481 secs]
254726.329: [GC (Allocation Failure)  306250K->11850K(975360K), 0.0032257 secs]
254726.623: [GC (Allocation Failure)  298570K->11850K(968192K), 0.0030915 secs]
254726.910: [GC (Allocation Failure)  291402K->11914K(961024K), 0.0030680 secs]
254727.191: [GC (Allocation Failure)  284298K->11850K(1015808K), 0.0037755 secs]
254727.527: [GC (Allocation Failure)  339018K->11898K(1081344K), 0.0031910 secs]
254727.933: [GC (Allocation Failure)  404602K->11866K(1069568K), 0.0036907 secs]
254728.322: [GC (Allocation Failure)  392794K->11874K(1058304K), 0.0029497 secs]
254728.701: [GC (Allocation Failure)  381538K->11874K(1047552K), 0.0033397 secs]
254729.070: [GC (Allocation Failure)  370786K->11874K(1037312K), 0.0033190 secs]
254729.429: [GC (Allocation Failure)  360546K->11874K(1027584K), 0.0030821 secs]
254729.802: [GC (Allocation Failure)  350818K->11850K(1018368K), 0.0035493 secs]
254730.120: [GC (Allocation Failure)  341578K->11818K(1009152K), 0.0033014 secs]
254730.428: [GC (Allocation Failure)  332330K->11882K(1000448K), 0.0034973 secs]
254730.740: [GC (Allocation Failure)  323690K->11914K(992256K), 0.0035360 secs]
254731.054: [GC (Allocation Failure)  315530K->11970K(984064K), 0.0030094 secs]
254731.355: [GC (Allocation Failure)  307394K->11874K(976384K), 0.0033518 secs]
254731.633: [GC (Allocation Failure)  299618K->11874K(1034240K), 0.0038160 secs]
254731.967: [GC (Allocation Failure)  357474K->11874K(1103360K), 0.0037382 secs]
254732.365: [GC (Allocation Failure)  426594K->11906K(1186304K), 0.0034323 secs]
254732.842: [GC (Allocation Failure)  509570K->11938K(1169920K), 0.0032075 secs]
254733.303: [GC (Allocation Failure)  493218K->11906K(1154560K), 0.0033968 secs]
254733.748: [GC (Allocation Failure)  477826K->11906K(1139712K), 0.0030997 secs]
254734.180: [GC (Allocation Failure)  462978K->11938K(1125376K), 0.0027828 secs]
254734.599: [GC (Allocation Failure)  448674K->11906K(1112064K), 0.0035332 secs]
254735.014: [GC (Allocation Failure)  435330K->11906K(1099264K), 0.0036248 secs]
254735.407: [GC (Allocation Failure)  422530K->11906K(1086976K), 0.0030469 secs]
254735.791: [GC (Allocation Failure)  410242K->11906K(1075200K), 0.0032885 secs]
254736.159: [GC (Allocation Failure)  398466K->11874K(1063936K), 0.0033872 secs]
254736.531: [GC (Allocation Failure)  387170K->11906K(1053184K), 0.0033856 secs]
254736.898: [GC (Allocation Failure)  376450K->11930K(1042944K), 0.0034636 secs]
254737.254: [GC (Allocation Failure)  366234K->11978K(1032704K), 0.0031997 secs]
254737.602: [GC (Allocation Failure)  356042K->11922K(1022976K), 0.0033382 secs]
254737.941: [GC (Allocation Failure)  346258K->11954K(1013760K), 0.0040394 secs]
254738.277: [GC (Allocation Failure)  337074K->11922K(1005056K), 0.0031371 secs]
254738.597: [GC (Allocation Failure)  328338K->11954K(996352K), 0.0031963 secs]
254738.908: [GC (Allocation Failure)  319666K->11922K(988160K), 0.0032995 secs]
254739.208: [GC (Allocation Failure)  311442K->11922K(980480K), 0.0029730 secs]
254739.501: [GC (Allocation Failure)  303762K->11922K(1038848K), 0.0038311 secs]
254739.847: [GC (Allocation Failure)  362130K->11986K(1108992K), 0.0032614 secs]
254740.261: [GC (Allocation Failure)  432338K->11954K(1096192K), 0.0034520 secs]
254740.662: [GC (Allocation Failure)  419506K->11954K(1083904K), 0.0034296 secs]
254741.052: [GC (Allocation Failure)  407218K->11954K(1072128K), 0.0032621 secs]
254741.430: [GC (Allocation Failure)  395442K->11954K(1060864K), 0.0032750 secs]
254741.796: [GC (Allocation Failure)  384178K->11954K(1050112K), 0.0034637 secs]
254742.165: [GC (Allocation Failure)  373426K->12018K(1039872K), 0.0029499 secs]
254742.526: [GC (Allocation Failure)  363250K->11954K(1030144K), 0.0029313 secs]
254742.870: [GC (Allocation Failure)  353458K->12002K(1020928K), 0.0030349 secs]
254743.192: [GC (Allocation Failure)  344290K->11970K(1011712K), 0.0033899 secs]
254743.502: [GC (Allocation Failure)  335042K->11938K(1003008K), 0.0033248 secs]
254743.833: [GC (Allocation Failure)  326306K->11970K(994816K), 0.0034003 secs]
254744.149: [GC (Allocation Failure)  318146K->11938K(986624K), 0.0032446 secs]
254744.548: [GC (Allocation Failure)  309922K->11970K(978944K), 0.0030539 secs]
254744.828: [GC (Allocation Failure)  302274K->11938K(971264K), 0.0034874 secs]
254745.100: [GC (Allocation Failure)  294562K->11938K(964096K), 0.0028862 secs]
254745.397: [GC (Allocation Failure)  287394K->11970K(957440K), 0.0032709 secs]
254745.667: [GC (Allocation Failure)  280770K->11970K(1011200K), 0.0033474 secs]
254745.985: [GC (Allocation Failure)  334530K->11938K(1075712K), 0.0040015 secs]
254746.366: [GC (Allocation Failure)  399010K->11970K(1153536K), 0.0029678 secs]
254746.840: [GC (Allocation Failure)  476866K->11970K(1138688K), 0.0042340 secs]
254747.288: [GC (Allocation Failure)  462018K->11938K(1124864K), 0.0035767 secs]
254747.721: [GC (Allocation Failure)  448162K->12002K(1111552K), 0.0028638 secs]
254748.141: [GC (Allocation Failure)  434914K->11938K(1098752K), 0.0032118 secs]
254748.534: [GC (Allocation Failure)  422050K->11970K(1086464K), 0.0034130 secs]
254748.904: [GC (Allocation Failure)  409794K->11970K(1074688K), 0.0035572 secs]
254749.264: [GC (Allocation Failure)  398018K->11938K(1063424K), 0.0039233 secs]
254749.614: [GC (Allocation Failure)  386722K->11938K(1052672K), 0.0030397 secs]
254749.972: [GC (Allocation Failure)  375970K->12002K(1042432K), 0.0035405 secs]
254750.303: [GC (Allocation Failure)  365794K->12002K(1032704K), 0.0031337 secs]
254750.659: [GC (Allocation Failure)  356066K->11938K(1022976K), 0.0029487 secs]
254750.971: [GC (Allocation Failure)  346274K->11970K(1013760K), 0.0031354 secs]
254751.275: [GC (Allocation Failure)  337090K->11970K(1005056K), 0.0032777 secs]
254751.571: [GC (Allocation Failure)  328386K->11938K(996352K), 0.0036339 secs]
254751.859: [GC (Allocation Failure)  319650K->11938K(1058304K), 0.0034603 secs]
254752.205: [GC (Allocation Failure)  381602K->11970K(1047552K), 0.0029888 secs]
254752.560: [GC (Allocation Failure)  370882K->12002K(1037312K), 0.0031383 secs]
254752.920: [GC (Allocation Failure)  360674K->11986K(1027584K), 0.0035630 secs]
254753.268: [GC (Allocation Failure)  350930K->12034K(1018368K), 0.0031977 secs]
254753.604: [GC (Allocation Failure)  341762K->12002K(1009152K), 0.0033345 secs]
254753.932: [GC (Allocation Failure)  332514K->12010K(1000448K), 0.0037312 secs]
254754.252: [GC (Allocation Failure)  323818K->12042K(992256K), 0.0031381 secs]
254754.564: [GC (Allocation Failure)  315658K->12010K(1053184K), 0.0036738 secs]
254754.937: [GC (Allocation Failure)  376554K->12042K(1042944K), 0.0032941 secs]
254755.298: [GC (Allocation Failure)  366346K->12026K(1032704K), 0.0029476 secs]
254755.643: [GC (Allocation Failure)  356090K->12058K(1022976K), 0.0036806 secs]
254756.011: [GC (Allocation Failure)  346394K->12058K(1013760K), 0.0040498 secs]
254756.345: [GC (Allocation Failure)  337178K->11994K(1005056K), 0.0030586 secs]
254756.717: [GC (Allocation Failure)  328410K->12026K(996352K), 0.0032160 secs]
254757.031: [GC (Allocation Failure)  319738K->11994K(988160K), 0.0033753 secs]
254757.339: [GC (Allocation Failure)  311514K->12058K(1048064K), 0.0040654 secs]
254757.706: [GC (Allocation Failure)  371482K->12026K(1120256K), 0.0039550 secs]
254758.149: [GC (Allocation Failure)  443642K->12026K(1106944K), 0.0026270 secs]
254758.576: [GC (Allocation Failure)  430330K->12058K(1094144K), 0.0030518 secs]
254759.010: [GC (Allocation Failure)  417562K->12058K(1081856K), 0.0034521 secs]
254759.412: [GC (Allocation Failure)  405274K->11994K(1070080K), 0.0039181 secs]
254759.805: [GC (Allocation Failure)  393434K->11994K(1058816K), 0.0032694 secs]
254760.183: [GC (Allocation Failure)  382170K->12026K(1048064K), 0.0031493 secs]
254760.552: [GC (Allocation Failure)  371450K->12058K(1120256K), 0.0086739 secs]
254761.002: [GC (Allocation Failure)  443674K->12026K(1206784K), 0.0035212 secs]
254761.536: [GC (Allocation Failure)  530170K->12026K(1189888K), 0.0036727 secs]
254762.045: [GC (Allocation Failure)  513274K->12026K(1173504K), 0.0036917 secs]
254762.539: [GC (Allocation Failure)  496890K->12026K(1158144K), 0.0034130 secs]
254763.017: [GC (Allocation Failure)  481530K->11994K(1143296K), 0.0034124 secs]
254763.480: [GC (Allocation Failure)  466650K->12026K(1128960K), 0.0036250 secs]
254763.928: [GC (Allocation Failure)  452346K->12026K(1115136K), 0.0036537 secs]
254764.361: [GC (Allocation Failure)  438522K->12026K(1102336K), 0.0034550 secs]
254764.782: [GC (Allocation Failure)  425722K->11994K(1090048K), 0.0037574 secs]
254765.188: [GC (Allocation Failure)  413402K->12026K(1078272K), 0.0030106 secs]
254765.587: [GC (Allocation Failure)  401658K->11994K(1067008K), 0.0044456 secs]
254765.976: [GC (Allocation Failure)  390362K->12026K(1056256K), 0.0030700 secs]
254766.351: [GC (Allocation Failure)  379642K->12058K(1045504K), 0.0047041 secs]
254766.715: [GC (Allocation Failure)  368922K->11994K(1035264K), 0.0031744 secs]
254767.069: [GC (Allocation Failure)  358618K->12058K(1025536K), 0.0039390 secs]
254767.412: [GC (Allocation Failure)  348954K->12026K(1016320K), 0.0037726 secs]
254767.747: [GC (Allocation Failure)  339706K->11994K(1081856K), 0.0042337 secs]
254768.163: [GC (Allocation Failure)  405210K->11994K(1070080K), 0.0033857 secs]
254768.574: [GC (Allocation Failure)  393434K->11994K(1058816K), 0.0037423 secs]
254768.948: [GC (Allocation Failure)  382170K->11994K(1048064K), 0.0031483 secs]
254769.312: [GC (Allocation Failure)  371418K->11994K(1037824K), 0.0027879 secs]
254769.665: [GC (Allocation Failure)  361178K->12026K(1028096K), 0.0036836 secs]
254770.013: [GC (Allocation Failure)  351482K->11994K(1018880K), 0.0032198 secs]
254770.349: [GC (Allocation Failure)  342234K->12058K(1009664K), 0.0033049 secs]
254770.676: [GC (Allocation Failure)  333082K->12058K(1000960K), 0.0033592 secs]
254770.993: [GC (Allocation Failure)  324378K->12058K(992768K), 0.0038084 secs]
254771.307: [GC (Allocation Failure)  316186K->12026K(1053696K), 0.0041502 secs]
254771.679: [GC (Allocation Failure)  377082K->12026K(1043456K), 0.0029122 secs]
254772.065: [GC (Allocation Failure)  366842K->12026K(1033216K), 0.0036701 secs]
254772.416: [GC (Allocation Failure)  356602K->11994K(1102336K), 0.0100565 secs]
254772.844: [GC (Allocation Failure)  425690K->12026K(1185280K), 0.0032736 secs]
254773.347: [GC (Allocation Failure)  508666K->12058K(1284608K), 0.0029118 secs]
254773.947: [GC (Allocation Failure)  608026K->12058K(1264128K), 0.0029530 secs]
254774.528: [GC (Allocation Failure)  587546K->11994K(1244672K), 0.0035136 secs]
254775.087: [GC (Allocation Failure)  568026K->11994K(1225728K), 0.0027396 secs]
254775.628: [GC (Allocation Failure)  549082K->12058K(1207808K), 0.0028204 secs]
254776.150: [GC (Allocation Failure)  531226K->12058K(1190912K), 0.0027430 secs]
254776.656: [GC (Allocation Failure)  514330K->12058K(1174528K), 0.0036679 secs]
254777.162: [GC (Allocation Failure)  497946K->11994K(1159168K), 0.0033005 secs]
254777.638: [GC (Allocation Failure)  482522K->12026K(1144320K), 0.0034578 secs]
254778.096: [GC (Allocation Failure)  467706K->12026K(1129984K), 0.0053869 secs]
254778.544: [GC (Allocation Failure)  453370K->12058K(1116160K), 0.0039368 secs]
254778.976: [GC (Allocation Failure)  439578K->12026K(1102848K), 0.0042578 secs]
254779.398: [GC (Allocation Failure)  426234K->11994K(1090560K), 0.0046532 secs]
254779.808: [GC (Allocation Failure)  413914K->11994K(1078784K), 0.0033378 secs]
254780.202: [GC (Allocation Failure)  402138K->12058K(1067520K), 0.0032726 secs]
254780.584: [GC (Allocation Failure)  390938K->11994K(1056256K), 0.0037646 secs]
254780.958: [GC (Allocation Failure)  379610K->12026K(1129984K), 0.0085383 secs]
254781.415: [GC (Allocation Failure)  453370K->12026K(1218560K), 0.0030014 secs]
254781.946: [GC (Allocation Failure)  541946K->12026K(1201152K), 0.0041063 secs]
254782.464: [GC (Allocation Failure)  524538K->12058K(1184256K), 0.0038005 secs]
254782.990: [GC (Allocation Failure)  507674K->11994K(1168384K), 0.0038315 secs]
254783.472: [GC (Allocation Failure)  491738K->11994K(1153024K), 0.0036530 secs]
254783.939: [GC (Allocation Failure)  476378K->12026K(1138176K), 0.0040098 secs]
254784.393: [GC (Allocation Failure)  461562K->12026K(1124352K), 0.0035841 secs]
254784.834: [GC (Allocation Failure)  447738K->12026K(1111040K), 0.0032571 secs]
254785.259: [GC (Allocation Failure)  434426K->12058K(1098240K), 0.0029976 secs]
254785.671: [GC (Allocation Failure)  421658K->12026K(1085952K), 0.0027272 secs]
254786.071: [GC (Allocation Failure)  409338K->12058K(1074176K), 0.0030702 secs]
254786.459: [GC (Allocation Failure)  397594K->11994K(1062912K), 0.0040811 secs]
254786.838: [GC (Allocation Failure)  386266K->12026K(1052160K), 0.0028541 secs]
254787.204: [GC (Allocation Failure)  375546K->12026K(1041920K), 0.0038930 secs]
254787.562: [GC (Allocation Failure)  365306K->11994K(1032192K), 0.0032620 secs]
254787.910: [GC (Allocation Failure)  355546K->11994K(1022464K), 0.0040207 secs]
254788.247: [GC (Allocation Failure)  345818K->11994K(1089536K), 0.0043590 secs]
254788.653: [GC (Allocation Failure)  412890K->12026K(1169920K), 0.0046765 secs]
254789.139: [GC (Allocation Failure)  493306K->11994K(1154560K), 0.0040975 secs]
254789.634: [GC (Allocation Failure)  477914K->12026K(1139712K), 0.0035439 secs]
254790.089: [GC (Allocation Failure)  463098K->12026K(1125376K), 0.0035267 secs]
254790.530: [GC (Allocation Failure)  448762K->12058K(1112064K), 0.0031849 secs]
254790.959: [GC (Allocation Failure)  435482K->11994K(1099264K), 0.0037998 secs]
254791.374: [GC (Allocation Failure)  422618K->11994K(1181696K), 0.0072695 secs]
254791.880: [GC (Allocation Failure)  505050K->12026K(1165824K), 0.0034691 secs]
254792.362: [GC (Allocation Failure)  489210K->11994K(1150464K), 0.0037008 secs]
254792.827: [GC (Allocation Failure)  473818K->11994K(1136128K), 0.0043256 secs]
254793.315: [GC (Allocation Failure)  459482K->12026K(1122304K), 0.0044837 secs]
254793.753: [GC (Allocation Failure)  445690K->12026K(1108992K), 0.0041858 secs]
254794.200: [GC (Allocation Failure)  432378K->12026K(1096192K), 0.0037527 secs]
254794.612: [GC (Allocation Failure)  419578K->11994K(1083904K), 0.0038986 secs]
254795.026: [GC (Allocation Failure)  407258K->12026K(1072128K), 0.0032364 secs]
254795.414: [GC (Allocation Failure)  395514K->12058K(1060864K), 0.0042603 secs]
254795.790: [GC (Allocation Failure)  384282K->12026K(1050112K), 0.0038992 secs]
254796.155: [GC (Allocation Failure)  373498K->11994K(1039872K), 0.0041387 secs]
254796.510: [GC (Allocation Failure)  363226K->12058K(1030144K), 0.0029280 secs]
254796.856: [GC (Allocation Failure)  353562K->12058K(1020928K), 0.0031507 secs]
254797.191: [GC (Allocation Failure)  344346K->12058K(1011712K), 0.0038432 secs]
254797.518: [GC (Allocation Failure)  335130K->11994K(1076736K), 0.0040004 secs]
254797.916: [GC (Allocation Failure)  400090K->11994K(1154560K), 0.0040117 secs]
254798.387: [GC (Allocation Failure)  477914K->12026K(1139712K), 0.0039147 secs]
254798.840: [GC (Allocation Failure)  463098K->12058K(1125376K), 0.0031671 secs]
254799.281: [GC (Allocation Failure)  448794K->11994K(1112064K), 0.0042763 secs]
254799.714: [GC (Allocation Failure)  435418K->12026K(1099264K), 0.0048004 secs]
254800.135: [GC (Allocation Failure)  422650K->12026K(1086976K), 0.0033153 secs]
254800.537: [GC (Allocation Failure)  410362K->12026K(1075200K), 0.0030505 secs]
254800.926: [GC (Allocation Failure)  398586K->12058K(1063936K), 0.0050072 secs]
254801.313: [GC (Allocation Failure)  387354K->12026K(1053184K), 0.0033181 secs]
254801.683: [GC (Allocation Failure)  376570K->12026K(1042944K), 0.0042601 secs]
254802.046: [GC (Allocation Failure)  366330K->12026K(1032704K), 0.0036884 secs]
254802.395: [GC (Allocation Failure)  356090K->12026K(1022976K), 0.0031703 secs]
254802.733: [GC (Allocation Failure)  346362K->12026K(1090048K), 0.0040971 secs]
254803.138: [GC (Allocation Failure)  413434K->11994K(1078272K), 0.0039471 secs]
254803.531: [GC (Allocation Failure)  401626K->11962K(1067008K), 0.0040245 secs]
254803.914: [GC (Allocation Failure)  390330K->11994K(1056256K), 0.0036289 secs]
254804.287: [GC (Allocation Failure)  379610K->11994K(1045504K), 0.0039331 secs]
254804.649: [GC (Allocation Failure)  368858K->11994K(1035264K), 0.0034644 secs]
254805.002: [GC (Allocation Failure)  358618K->12026K(1025536K), 0.0032980 secs]
254805.344: [GC (Allocation Failure)  348922K->12026K(1016320K), 0.0037398 secs]
254805.677: [GC (Allocation Failure)  339706K->11994K(1007616K), 0.0035334 secs]
254806.000: [GC (Allocation Failure)  330970K->12058K(1071616K), 0.0039014 secs]
254806.387: [GC (Allocation Failure)  395034K->12026K(1148416K), 0.0040528 secs]
254806.854: [GC (Allocation Failure)  471802K->11994K(1240576K), 0.0046159 secs]
254807.415: [GC (Allocation Failure)  563930K->11994K(1222144K), 0.0048708 secs]
254807.955: [GC (Allocation Failure)  545498K->12026K(1204224K), 0.0034890 secs]
254808.475: [GC (Allocation Failure)  527610K->12026K(1187328K), 0.0040096 secs]
254809.018: [GC (Allocation Failure)  510714K->12058K(1170944K), 0.0031402 secs]
254809.504: [GC (Allocation Failure)  494362K->12026K(1155584K), 0.0036146 secs]
254809.974: [GC (Allocation Failure)  478970K->12026K(1249280K), 0.0100943 secs]
254810.550: [GC (Allocation Failure)  572666K->12090K(1230336K), 0.0032014 secs]
254811.096: [GC (Allocation Failure)  553786K->12058K(1212416K), 0.0036499 secs]
254811.625: [GC (Allocation Failure)  535834K->11994K(1195008K), 0.0040115 secs]
254812.157: [GC (Allocation Failure)  518362K->11994K(1178624K), 0.0041916 secs]
254812.651: [GC (Allocation Failure)  501978K->12026K(1162752K), 0.0048745 secs]
254813.137: [GC (Allocation Failure)  486138K->11994K(1147904K), 0.0045991 secs]
254813.600: [GC (Allocation Failure)  471258K->11994K(1133568K), 0.0044833 secs]
254814.088: [GC (Allocation Failure)  456922K->12026K(1119744K), 0.0039805 secs]
254814.524: [GC (Allocation Failure)  443130K->11994K(1106432K), 0.0031929 secs]
254814.953: [GC (Allocation Failure)  429786K->12090K(1093632K), 0.0035809 secs]
254815.368: [GC (Allocation Failure)  417082K->12058K(1081344K), 0.0036059 secs]
254815.769: [GC (Allocation Failure)  404762K->11994K(1160192K), 0.0112335 secs]
254816.255: [GC (Allocation Failure)  483546K->12026K(1254912K), 0.0038246 secs]
254816.830: [GC (Allocation Failure)  578298K->12026K(1368576K), 0.0039066 secs]
254817.516: [GC (Allocation Failure)  691962K->12026K(1344000K), 0.0035447 secs]
254818.175: [GC (Allocation Failure)  667386K->12026K(1320960K), 0.0040310 secs]
254818.810: [GC (Allocation Failure)  644346K->11994K(1298944K), 0.0032092 secs]
254819.448: [GC (Allocation Failure)  622298K->12026K(1277952K), 0.0030602 secs]
254820.046: [GC (Allocation Failure)  601338K->11994K(1257472K), 0.0035812 secs]
254820.637: [GC (Allocation Failure)  580826K->12026K(1238016K), 0.0036626 secs]
254821.194: [GC (Allocation Failure)  561402K->12058K(1219584K), 0.0031418 secs]
254821.734: [GC (Allocation Failure)  543002K->11994K(1202176K), 0.0042766 secs]
254822.256: [GC (Allocation Failure)  525530K->12026K(1185280K), 0.0032728 secs]
254822.755: [GC (Allocation Failure)  508666K->12058K(1169408K), 0.0031505 secs]
254823.240: [GC (Allocation Failure)  492826K->12026K(1154048K), 0.0030316 secs]
254823.719: [GC (Allocation Failure)  477434K->12034K(1139200K), 0.0092862 secs]
254824.245: [GC (Allocation Failure)  462594K->12042K(1125376K), 0.0034950 secs]
254824.706: [GC (Allocation Failure)  448778K->12042K(1112064K), 0.0034813 secs]
254825.139: [GC (Allocation Failure)  435466K->12018K(1099264K), 0.0034276 secs]
254825.556: [GC (Allocation Failure)  422642K->12042K(1086976K), 0.0035911 secs]
254825.943: [GC (Allocation Failure)  410378K->12074K(1075200K), 0.0036305 secs]
254826.315: [GC (Allocation Failure)  398634K->12074K(1063936K), 0.0035800 secs]
254826.690: [GC (Allocation Failure)  387370K->12042K(1053184K), 0.0036971 secs]
254827.065: [GC (Allocation Failure)  376586K->12010K(1042944K), 0.0041274 secs]
254827.434: [GC (Allocation Failure)  366314K->12170K(1032704K), 0.0027321 secs]
254827.788: [GC (Allocation Failure)  356234K->12162K(1022976K), 0.0031415 secs]
254828.131: [GC (Allocation Failure)  346498K->12122K(1013760K), 0.0037967 secs]
254828.465: [GC (Allocation Failure)  337242K->12154K(1005056K), 0.0026517 secs]
254828.791: [GC (Allocation Failure)  328570K->12138K(996352K), 0.0034726 secs]
254829.107: [GC (Allocation Failure)  319850K->12106K(988160K), 0.0039343 secs]
254829.424: [GC (Allocation Failure)  311626K->12114K(980480K), 0.0028700 secs]
254829.748: [GC (Allocation Failure)  303954K->12114K(972800K), 0.0034983 secs]
254830.053: [GC (Allocation Failure)  296274K->12146K(1029632K), 0.0033827 secs]
254830.393: [GC (Allocation Failure)  353138K->12146K(1098240K), 0.0074279 secs]
254830.814: [GC (Allocation Failure)  421746K->12210K(1180160K), 0.0031094 secs]
254831.286: [GC (Allocation Failure)  503730K->12178K(1164288K), 0.0026139 secs]
254831.751: [GC (Allocation Failure)  487826K->12146K(1148928K), 0.0033179 secs]
254832.209: [GC (Allocation Failure)  472434K->12178K(1134592K), 0.0033288 secs]
254832.656: [GC (Allocation Failure)  458130K->12210K(1120768K), 0.0029170 secs]
254833.098: [GC (Allocation Failure)  444338K->12170K(1107456K), 0.0030249 secs]
254833.534: [GC (Allocation Failure)  430986K->12202K(1094656K), 0.0031863 secs]
254833.949: [GC (Allocation Failure)  418218K->12170K(1082368K), 0.0031493 secs]
254834.351: [GC (Allocation Failure)  405898K->12170K(1070592K), 0.0034470 secs]
254834.741: [GC (Allocation Failure)  394122K->12202K(1059328K), 0.0053318 secs]
254835.147: [GC (Allocation Failure)  382890K->12178K(1048576K), 0.0045126 secs]
254835.518: [GC (Allocation Failure)  372114K->12210K(1038336K), 0.0025309 secs]
254835.875: [GC (Allocation Failure)  361906K->12210K(1028608K), 0.0030279 secs]
254836.223: [GC (Allocation Failure)  352178K->12178K(1019392K), 0.0037850 secs]
254836.562: [GC (Allocation Failure)  342930K->12210K(1010176K), 0.0032996 secs]
254836.893: [GC (Allocation Failure)  333746K->12194K(1001472K), 0.0030894 secs]
254837.213: [GC (Allocation Failure)  325026K->12202K(993280K), 0.0027355 secs]
254837.525: [GC (Allocation Failure)  316842K->12202K(985088K), 0.0029728 secs]
254837.830: [GC (Allocation Failure)  308650K->12234K(977408K), 0.0033866 secs]
254838.125: [GC (Allocation Failure)  301002K->12234K(970240K), 0.0029340 secs]
254838.412: [GC (Allocation Failure)  293834K->12234K(1026560K), 0.0040178 secs]
254838.757: [GC (Allocation Failure)  350154K->12266K(1094144K), 0.0037567 secs]
254839.170: [GC (Allocation Failure)  417770K->12202K(1175552K), 0.0037348 secs]
254839.666: [GC (Allocation Failure)  499114K->12234K(1159680K), 0.0034183 secs]
254840.148: [GC (Allocation Failure)  483274K->12234K(1144832K), 0.0200514 secs]
254840.631: [GC (Allocation Failure)  468426K->12202K(1130496K), 0.0038553 secs]
254841.083: [GC (Allocation Failure)  454058K->12266K(1116672K), 0.0031285 secs]
254841.520: [GC (Allocation Failure)  440298K->12314K(1103360K), 0.0027362 secs]
254841.942: [GC (Allocation Failure)  427034K->12250K(1091072K), 0.0041653 secs]
254842.360: [GC (Allocation Failure)  414682K->12250K(1079296K), 0.0039144 secs]
254842.758: [GC (Allocation Failure)  402906K->12298K(1068032K), 0.0041427 secs]
254843.151: [GC (Allocation Failure)  391690K->12298K(1056768K), 0.0032439 secs]
254843.529: [GC (Allocation Failure)  380426K->12234K(1046016K), 0.0044015 secs]
254843.899: [GC (Allocation Failure)  369610K->12234K(1035776K), 0.0036851 secs]
254844.255: [GC (Allocation Failure)  359370K->12266K(1026048K), 0.0031743 secs]
254844.600: [GC (Allocation Failure)  349674K->12266K(1016832K), 0.0027836 secs]
254844.936: [GC (Allocation Failure)  340458K->12266K(1008128K), 0.0031997 secs]
254845.302: [GC (Allocation Failure)  331754K->12266K(999424K), 0.0030276 secs]
254845.657: [GC (Allocation Failure)  323050K->12266K(991232K), 0.0036319 secs]
254845.966: [GC (Allocation Failure)  314858K->12266K(983552K), 0.0033421 secs]
254846.268: [GC (Allocation Failure)  307178K->12298K(1042944K), 0.0087198 secs]
254846.639: [GC (Allocation Failure)  366602K->12266K(1114112K), 0.0031670 secs]
254847.077: [GC (Allocation Failure)  437738K->12266K(1199616K), 0.0034188 secs]
254847.601: [GC (Allocation Failure)  523242K->12266K(1302016K), 0.0034957 secs]
254848.228: [GC (Allocation Failure)  625642K->12266K(1280512K), 0.0025860 secs]
254848.833: [GC (Allocation Failure)  604138K->12266K(1260032K), 0.0031572 secs]
254849.417: [GC (Allocation Failure)  583658K->12306K(1240576K), 0.0029861 secs]
254849.981: [GC (Allocation Failure)  564242K->12306K(1222144K), 0.0031029 secs]
254850.527: [GC (Allocation Failure)  545810K->12306K(1204224K), 0.0033197 secs]
254851.083: [GC (Allocation Failure)  527890K->12274K(1187328K), 0.0032912 secs]
254851.594: [GC (Allocation Failure)  510962K->12274K(1170944K), 0.0032476 secs]
254852.085: [GC (Allocation Failure)  494578K->12274K(1155584K), 0.0029009 secs]
254852.562: [GC (Allocation Failure)  479218K->12274K(1140736K), 0.0028825 secs]
254853.024: [GC (Allocation Failure)  464370K->12274K(1126400K), 0.0033020 secs]
254853.472: [GC (Allocation Failure)  450034K->12242K(1113088K), 0.0032607 secs]
254853.904: [GC (Allocation Failure)  436690K->12274K(1100288K), 0.0026592 secs]
254854.326: [GC (Allocation Failure)  423922K->12242K(1088000K), 0.0032555 secs]
254854.755: [GC (Allocation Failure)  411602K->12274K(1076224K), 0.0027048 secs]
254855.160: [GC (Allocation Failure)  399858K->12242K(1064960K), 0.0027966 secs]
254855.545: [GC (Allocation Failure)  388562K->12306K(1054208K), 0.0024711 secs]
254855.952: [GC (Allocation Failure)  377874K->12306K(1043968K), 0.0033372 secs]
254856.317: [GC (Allocation Failure)  367634K->12242K(1033728K), 0.0033854 secs]
254856.670: [GC (Allocation Failure)  357330K->12274K(1024000K), 0.0031688 secs]
254857.015: [GC (Allocation Failure)  347634K->12306K(1014784K), 0.0029229 secs]
254857.350: [GC (Allocation Failure)  338450K->12274K(1006080K), 0.0037288 secs]
254857.675: [GC (Allocation Failure)  329714K->12274K(997376K), 0.0031284 secs]
254857.992: [GC (Allocation Failure)  321010K->12242K(989184K), 0.0030781 secs]
254858.302: [GC (Allocation Failure)  312786K->12274K(981504K), 0.0029157 secs]
254858.620: [GC (Allocation Failure)  305138K->12274K(973824K), 0.0031843 secs]
254858.913: [GC (Allocation Failure)  297458K->12242K(966656K), 0.0030363 secs]
254859.198: [GC (Allocation Failure)  290258K->12274K(959488K), 0.0031472 secs]
254859.475: [GC (Allocation Failure)  283122K->12274K(952832K), 0.0022867 secs]
254859.745: [GC (Allocation Failure)  276466K->12242K(946176K), 0.0029680 secs]
254860.010: [GC (Allocation Failure)  269778K->12274K(940032K), 0.0030107 secs]
254860.269: [GC (Allocation Failure)  263666K->12306K(990720K), 0.0033588 secs]
254860.580: [GC (Allocation Failure)  314386K->12274K(1051136K), 0.0032769 secs]
254860.951: [GC (Allocation Failure)  374770K->12274K(1123840K), 0.0034036 secs]
254861.395: [GC (Allocation Failure)  447474K->12242K(1110528K), 0.0029490 secs]
254861.828: [GC (Allocation Failure)  434130K->12242K(1097728K), 0.0031579 secs]
254862.246: [GC (Allocation Failure)  421330K->12242K(1085440K), 0.0036703 secs]
254862.652: [GC (Allocation Failure)  409042K->12274K(1073664K), 0.0029537 secs]
254863.045: [GC (Allocation Failure)  397298K->12274K(1062400K), 0.0029204 secs]
254863.445: [GC (Allocation Failure)  386034K->12274K(1051648K), 0.0036637 secs]
254863.816: [GC (Allocation Failure)  375282K->12274K(1041408K), 0.0040149 secs]
254864.183: [GC (Allocation Failure)  365042K->12274K(1031680K), 0.0036610 secs]
254864.536: [GC (Allocation Failure)  355314K->12274K(1021952K), 0.0033688 secs]
254864.879: [GC (Allocation Failure)  345586K->12274K(1012736K), 0.0033646 secs]
254865.212: [GC (Allocation Failure)  336370K->12306K(1004032K), 0.0036065 secs]
254865.537: [GC (Allocation Failure)  327698K->12306K(995840K), 0.0036944 secs]
254865.869: [GC (Allocation Failure)  319506K->12242K(1057280K), 0.0039878 secs]
254866.265: [GC (Allocation Failure)  380882K->12274K(1131008K), 0.0041915 secs]
254866.718: [GC (Allocation Failure)  454642K->12274K(1117184K), 0.0033676 secs]
254867.154: [GC (Allocation Failure)  440818K->12258K(1103872K), 0.0031737 secs]
254867.592: [GC (Allocation Failure)  427490K->12290K(1091072K), 0.0033367 secs]
254868.004: [GC (Allocation Failure)  414722K->12290K(1079296K), 0.0032660 secs]
254868.403: [GC (Allocation Failure)  402946K->12290K(1068032K), 0.0043746 secs]
254868.798: [GC (Allocation Failure)  391682K->12290K(1056768K), 0.0035100 secs]
254869.184: [GC (Allocation Failure)  380418K->12290K(1046016K), 0.0031468 secs]
254869.553: [GC (Allocation Failure)  369666K->12290K(1035776K), 0.0032169 secs]
254869.909: [GC (Allocation Failure)  359426K->12290K(1026048K), 0.0034406 secs]
254870.257: [GC (Allocation Failure)  349698K->12290K(1016832K), 0.0035140 secs]
254870.592: [GC (Allocation Failure)  340482K->12290K(1082880K), 0.0084671 secs]
254871.002: [GC (Allocation Failure)  406530K->12290K(1161728K), 0.0025799 secs]
254871.513: [GC (Allocation Failure)  485378K->12290K(1256448K), 0.0041760 secs]
254872.093: [GC (Allocation Failure)  580098K->12258K(1236992K), 0.0033422 secs]
254872.651: [GC (Allocation Failure)  560610K->12290K(1218560K), 0.0033056 secs]
254873.208: [GC (Allocation Failure)  542210K->12290K(1201152K), 0.0035680 secs]
254873.729: [GC (Allocation Failure)  524802K->12258K(1184256K), 0.0035426 secs]
254874.236: [GC (Allocation Failure)  507874K->12354K(1168384K), 0.0035160 secs]
254874.728: [GC (Allocation Failure)  492098K->12322K(1153024K), 0.0038334 secs]
254875.205: [GC (Allocation Failure)  476706K->12290K(1138176K), 0.0033671 secs]
254875.661: [GC (Allocation Failure)  461826K->12290K(1124352K), 0.0033778 secs]
254876.107: [GC (Allocation Failure)  448002K->12290K(1111040K), 0.0034470 secs]
254876.595: [GC (Allocation Failure)  434690K->12258K(1098240K), 0.0037286 secs]
254877.033: [GC (Allocation Failure)  421858K->12290K(1085952K), 0.0026880 secs]
254877.439: [GC (Allocation Failure)  409602K->12290K(1074176K), 0.0029444 secs]
254877.835: [GC (Allocation Failure)  397826K->12258K(1062912K), 0.0032701 secs]
254878.243: [GC (Allocation Failure)  386530K->12226K(1052160K), 0.0039586 secs]
254878.614: [GC (Allocation Failure)  375746K->12290K(1041920K), 0.0040460 secs]
254878.979: [GC (Allocation Failure)  365570K->12290K(1032192K), 0.0029036 secs]
254879.333: [GC (Allocation Failure)  355842K->12290K(1022464K), 0.0044834 secs]
254879.678: [GC (Allocation Failure)  346114K->12290K(1013248K), 0.0040278 secs]
254880.011: [GC (Allocation Failure)  336898K->12290K(1078272K), 0.0044681 secs]
254880.412: [GC (Allocation Failure)  401922K->12322K(1156608K), 0.0037990 secs]
254880.897: [GC (Allocation Failure)  480290K->12258K(1141760K), 0.0037246 secs]
254881.360: [GC (Allocation Failure)  465378K->12290K(1127424K), 0.0044805 secs]
254881.825: [GC (Allocation Failure)  451074K->12258K(1114112K), 0.0034744 secs]
254882.261: [GC (Allocation Failure)  437730K->12290K(1101312K), 0.0030105 secs]
254882.685: [GC (Allocation Failure)  424962K->12290K(1089024K), 0.0036159 secs]
254883.097: [GC (Allocation Failure)  412674K->12290K(1077248K), 0.0037754 secs]
254883.495: [GC (Allocation Failure)  400898K->12290K(1065984K), 0.0031617 secs]
254883.886: [GC (Allocation Failure)  389634K->12290K(1055232K), 0.0033259 secs]
254884.262: [GC (Allocation Failure)  378882K->12258K(1044480K), 0.0031428 secs]
254884.626: [GC (Allocation Failure)  368098K->12322K(1034240K), 0.0033317 secs]
254884.980: [GC (Allocation Failure)  357922K->12290K(1024512K), 0.0032576 secs]
254885.323: [GC (Allocation Failure)  348162K->12258K(1015296K), 0.0036200 secs]
254885.657: [GC (Allocation Failure)  338914K->12290K(1006592K), 0.0030169 secs]
254885.985: [GC (Allocation Failure)  330242K->12290K(997888K), 0.0030099 secs]
254886.309: [GC (Allocation Failure)  321538K->12290K(989696K), 0.0032982 secs]
254886.618: [GC (Allocation Failure)  313346K->12290K(982016K), 0.0027780 secs]
254886.942: [GC (Allocation Failure)  305666K->12290K(974336K), 0.0031573 secs]
254887.236: [GC (Allocation Failure)  297986K->12290K(1031680K), 0.0040556 secs]
254887.587: [GC (Allocation Failure)  355330K->12258K(1100288K), 0.0043633 secs]
254888.010: [GC (Allocation Failure)  423906K->12290K(1182720K), 0.0037879 secs]
254888.512: [GC (Allocation Failure)  506370K->12258K(1166848K), 0.0039117 secs]
254888.999: [GC (Allocation Failure)  490466K->12322K(1151488K), 0.0040075 secs]
254889.472: [GC (Allocation Failure)  475170K->12290K(1136640K), 0.0046810 secs]
254889.936: [GC (Allocation Failure)  460290K->12258K(1122816K), 0.0042444 secs]
254890.380: [GC (Allocation Failure)  446434K->12290K(1109504K), 0.0035917 secs]
254890.831: [GC (Allocation Failure)  433154K->12258K(1096704K), 0.0038231 secs]
254891.249: [GC (Allocation Failure)  420322K->12290K(1084416K), 0.0038040 secs]
254891.652: [GC (Allocation Failure)  408066K->12258K(1072640K), 0.0032637 secs]
254892.130: [GC (Allocation Failure)  396258K->12290K(1061376K), 0.0030133 secs]
254892.512: [GC (Allocation Failure)  385026K->12290K(1050624K), 0.0028729 secs]
254892.884: [GC (Allocation Failure)  374274K->12354K(1040384K), 0.0031211 secs]
254893.266: [GC (Allocation Failure)  364098K->12258K(1030656K), 0.0045253 secs]
254893.621: [GC (Allocation Failure)  354274K->12258K(1020928K), 0.0035938 secs]
254893.963: [GC (Allocation Failure)  344546K->12290K(1011712K), 0.0038716 secs]
254894.294: [GC (Allocation Failure)  335362K->12258K(1003008K), 0.0033448 secs]
254894.616: [GC (Allocation Failure)  326626K->12290K(994816K), 0.0032719 secs]
254894.929: [GC (Allocation Failure)  318466K->12290K(986624K), 0.0032852 secs]
254895.236: [GC (Allocation Failure)  310274K->12226K(1046528K), 0.0039857 secs]
254895.623: [GC (Allocation Failure)  370114K->12322K(1118208K), 0.0038130 secs]
254896.062: [GC (Allocation Failure)  441890K->12354K(1104896K), 0.0031490 secs]
254896.486: [GC (Allocation Failure)  428610K->12322K(1092096K), 0.0038467 secs]
254896.901: [GC (Allocation Failure)  415778K->12290K(1079808K), 0.0037660 secs]
254897.301: [GC (Allocation Failure)  403458K->12290K(1068032K), 0.0035624 secs]
254897.685: [GC (Allocation Failure)  391682K->12258K(1056768K), 0.0037344 secs]
254898.064: [GC (Allocation Failure)  380386K->12290K(1046016K), 0.0040315 secs]
254898.432: [GC (Allocation Failure)  369666K->12282K(1035776K), 0.0032239 secs]
254898.787: [GC (Allocation Failure)  359418K->12314K(1026048K), 0.0043253 secs]
254899.138: [GC (Allocation Failure)  349722K->12314K(1016832K), 0.0034004 secs]
254899.474: [GC (Allocation Failure)  340506K->12346K(1082880K), 0.0041880 secs]
254899.883: [GC (Allocation Failure)  406586K->12314K(1071104K), 0.0035410 secs]
254900.273: [GC (Allocation Failure)  394778K->12282K(1059840K), 0.0042116 secs]
254900.657: [GC (Allocation Failure)  383482K->12282K(1134080K), 0.0040583 secs]
254901.114: [GC (Allocation Failure)  457722K->12314K(1120256K), 0.0039199 secs]
254901.558: [GC (Allocation Failure)  443930K->12314K(1106944K), 0.0032526 secs]
254901.984: [GC (Allocation Failure)  430618K->12314K(1094144K), 0.0029587 secs]
254902.415: [GC (Allocation Failure)  417818K->12314K(1081856K), 0.0036426 secs]
254902.819: [GC (Allocation Failure)  405530K->12282K(1160704K), 0.0092354 secs]
254903.307: [GC (Allocation Failure)  484346K->12354K(1255424K), 0.0029212 secs]
254903.883: [GC (Allocation Failure)  579138K->12322K(1235968K), 0.0030774 secs]
254904.441: [GC (Allocation Failure)  559650K->12322K(1217536K), 0.0035102 secs]
254904.982: [GC (Allocation Failure)  541218K->12322K(1200128K), 0.0030867 secs]
254905.502: [GC (Allocation Failure)  523810K->12354K(1183232K), 0.0038423 secs]
254906.008: [GC (Allocation Failure)  506946K->12354K(1167360K), 0.0027136 secs]
254906.494: [GC (Allocation Failure)  491074K->12322K(1152000K), 0.0027776 secs]
254906.975: [GC (Allocation Failure)  475682K->12322K(1137152K), 0.0032979 secs]
254907.442: [GC (Allocation Failure)  460834K->12322K(1123328K), 0.0041084 secs]
254907.908: [GC (Allocation Failure)  447010K->12322K(1110016K), 0.0034028 secs]
254908.338: [GC (Allocation Failure)  433698K->12322K(1097216K), 0.0054987 secs]
254908.768: [GC (Allocation Failure)  420898K->12322K(1084928K), 0.0031280 secs]
254909.170: [GC (Allocation Failure)  408610K->12322K(1073152K), 0.0046994 secs]
254909.569: [GC (Allocation Failure)  396834K->12290K(1061888K), 0.0035098 secs]
254909.951: [GC (Allocation Failure)  385538K->12322K(1051136K), 0.0032103 secs]
254910.322: [GC (Allocation Failure)  374818K->12322K(1123840K), 0.0065370 secs]
254910.774: [GC (Allocation Failure)  447522K->12322K(1110528K), 0.0029731 secs]
254911.203: [GC (Allocation Failure)  434210K->12322K(1097728K), 0.0025461 secs]
254911.622: [GC (Allocation Failure)  421410K->12290K(1085440K), 0.0030758 secs]
254912.026: [GC (Allocation Failure)  409090K->12322K(1073664K), 0.0032719 secs]
254912.418: [GC (Allocation Failure)  397346K->12354K(1062400K), 0.0038085 secs]
254912.802: [GC (Allocation Failure)  386114K->12322K(1051648K), 0.0045546 secs]
254913.179: [GC (Allocation Failure)  375330K->12290K(1041408K), 0.0042173 secs]
254913.540: [GC (Allocation Failure)  365058K->12354K(1031680K), 0.0036197 secs]
254913.890: [GC (Allocation Failure)  355394K->12322K(1100288K), 0.0044982 secs]
254914.310: [GC (Allocation Failure)  423970K->12290K(1182720K), 0.0040926 secs]
254914.812: [GC (Allocation Failure)  506370K->12410K(1166848K), 0.0039891 secs]
254915.300: [GC (Allocation Failure)  490618K->12314K(1151488K), 0.0041051 secs]
254915.777: [GC (Allocation Failure)  475162K->12314K(1136640K), 0.0042804 secs]
254916.242: [GC (Allocation Failure)  460314K->12378K(1122816K), 0.0038240 secs]
254916.684: [GC (Allocation Failure)  446554K->12314K(1109504K), 0.0042341 secs]
254917.114: [GC (Allocation Failure)  433178K->12314K(1096704K), 0.0044034 secs]
254917.536: [GC (Allocation Failure)  420378K->12378K(1084416K), 0.0040080 secs]
254917.939: [GC (Allocation Failure)  408154K->12346K(1072640K), 0.0041410 secs]
254918.347: [GC (Allocation Failure)  396346K->12314K(1061376K), 0.0040437 secs]
254918.729: [GC (Allocation Failure)  385050K->12346K(1050624K), 0.0037574 secs]
254919.098: [GC (Allocation Failure)  374330K->12314K(1123328K), 0.0048786 secs]
254919.544: [GC (Allocation Failure)  447002K->12346K(1110016K), 0.0037851 secs]
254919.975: [GC (Allocation Failure)  433722K->12346K(1097216K), 0.0034677 secs]
254920.394: [GC (Allocation Failure)  420922K->12314K(1084928K), 0.0040092 secs]
254920.799: [GC (Allocation Failure)  408602K->12346K(1073152K), 0.0037301 secs]
254921.192: [GC (Allocation Failure)  396858K->12346K(1061888K), 0.0045571 secs]
254921.580: [GC (Allocation Failure)  385594K->12346K(1051136K), 0.0039842 secs]
254921.952: [GC (Allocation Failure)  374842K->12314K(1123840K), 0.0041529 secs]
254922.397: [GC (Allocation Failure)  447514K->12346K(1110528K), 0.0034570 secs]
254922.825: [GC (Allocation Failure)  434234K->12314K(1097728K), 0.0040708 secs]
254923.248: [GC (Allocation Failure)  421402K->12378K(1085440K), 0.0044207 secs]
254923.668: [GC (Allocation Failure)  409178K->12346K(1073664K), 0.0042895 secs]
254924.062: [GC (Allocation Failure)  397370K->12314K(1062400K), 0.0033056 secs]
254924.444: [GC (Allocation Failure)  386074K->12314K(1051648K), 0.0040903 secs]
254924.821: [GC (Allocation Failure)  375322K->12346K(1124352K), 0.0047013 secs]
254925.265: [GC (Allocation Failure)  448058K->12314K(1111040K), 0.0039093 secs]
254925.697: [GC (Allocation Failure)  434714K->12346K(1098240K), 0.0044324 secs]
254926.115: [GC (Allocation Failure)  421946K->12346K(1085952K), 0.0036927 secs]
254926.519: [GC (Allocation Failure)  409658K->12346K(1074176K), 0.0035944 secs]
254926.935: [GC (Allocation Failure)  397882K->12314K(1062912K), 0.0048894 secs]
254927.321: [GC (Allocation Failure)  386586K->12378K(1052160K), 0.0035509 secs]
254927.695: [GC (Allocation Failure)  375898K->12346K(1041920K), 0.0030778 secs]
254928.055: [GC (Allocation Failure)  365626K->12354K(1032192K), 0.0039492 secs]
254928.412: [GC (Allocation Failure)  355906K->12386K(1022464K), 0.0031855 secs]
254928.789: [GC (Allocation Failure)  346210K->12338K(1013248K), 0.0039255 secs]
254929.122: [GC (Allocation Failure)  336946K->12402K(1078272K), 0.0042080 secs]
254929.523: [GC (Allocation Failure)  402034K->12370K(1067008K), 0.0037769 secs]
254929.912: [GC (Allocation Failure)  390738K->12370K(1056256K), 0.0036530 secs]
254930.289: [GC (Allocation Failure)  379986K->12338K(1045504K), 0.0040214 secs]
254930.654: [GC (Allocation Failure)  369202K->12338K(1117184K), 0.0039581 secs]
254931.093: [GC (Allocation Failure)  440882K->12370K(1103872K), 0.0036768 secs]
254931.521: [GC (Allocation Failure)  427602K->12338K(1091072K), 0.0034898 secs]
254931.938: [GC (Allocation Failure)  414770K->12370K(1079296K), 0.0036575 secs]
254932.337: [GC (Allocation Failure)  403026K->12338K(1068032K), 0.0037555 secs]
254932.728: [GC (Allocation Failure)  391730K->12370K(1056768K), 0.0030100 secs]
254933.104: [GC (Allocation Failure)  380498K->12370K(1046016K), 0.0040014 secs]
254933.475: [GC (Allocation Failure)  369746K->12370K(1035776K), 0.0039793 secs]
254933.851: [GC (Allocation Failure)  359506K->12370K(1105408K), 0.0057745 secs]
254934.283: [GC (Allocation Failure)  429138K->12370K(1092608K), 0.0031212 secs]
254934.695: [GC (Allocation Failure)  416338K->12370K(1080320K), 0.0037022 secs]
254935.092: [GC (Allocation Failure)  404050K->12402K(1068544K), 0.0036959 secs]
254935.481: [GC (Allocation Failure)  392306K->12338K(1057280K), 0.0041950 secs]
254935.864: [GC (Allocation Failure)  380978K->12370K(1046528K), 0.0036002 secs]
254936.229: [GC (Allocation Failure)  370258K->12370K(1036288K), 0.0038133 secs]
254936.587: [GC (Allocation Failure)  360018K->12370K(1105920K), 0.0040322 secs]
254937.012: [GC (Allocation Failure)  429650K->12370K(1093120K), 0.0039758 secs]
254937.427: [GC (Allocation Failure)  416850K->12370K(1080832K), 0.0042775 secs]
254937.829: [GC (Allocation Failure)  404562K->12338K(1069056K), 0.0035688 secs]
254938.221: [GC (Allocation Failure)  392754K->12370K(1057792K), 0.0033249 secs]
254938.599: [GC (Allocation Failure)  381522K->12338K(1047040K), 0.0044351 secs]
254938.991: [GC (Allocation Failure)  370738K->12338K(1118720K), 0.0046797 secs]
254939.432: [GC (Allocation Failure)  442418K->12370K(1105408K), 0.0036463 secs]
254939.856: [GC (Allocation Failure)  429138K->12338K(1092608K), 0.0030437 secs]
254940.269: [GC (Allocation Failure)  416306K->12402K(1080320K), 0.0032203 secs]
254940.670: [GC (Allocation Failure)  404082K->12402K(1068544K), 0.0030058 secs]
254941.060: [GC (Allocation Failure)  392306K->12402K(1057280K), 0.0040962 secs]
254941.443: [GC (Allocation Failure)  381042K->12370K(1046528K), 0.0033529 secs]
254941.811: [GC (Allocation Failure)  370258K->12338K(1036288K), 0.0030017 secs]
254942.166: [GC (Allocation Failure)  359986K->12338K(1026560K), 0.0036429 secs]
254942.512: [GC (Allocation Failure)  350258K->12402K(1017344K), 0.0029837 secs]
254942.872: [GC (Allocation Failure)  341106K->12338K(1008640K), 0.0033997 secs]
254943.201: [GC (Allocation Failure)  332338K->12370K(999936K), 0.0043717 secs]
254943.524: [GC (Allocation Failure)  323666K->12370K(991744K), 0.0031332 secs]
254943.834: [GC (Allocation Failure)  315474K->12370K(984064K), 0.0033618 secs]
254944.138: [GC (Allocation Failure)  307794K->12370K(1043456K), 0.0042162 secs]
254944.507: [GC (Allocation Failure)  367186K->12338K(1114624K), 0.0035348 secs]
254944.941: [GC (Allocation Failure)  438322K->12306K(1200128K), 0.0046981 secs]
254945.467: [GC (Allocation Failure)  523794K->12338K(1183232K), 0.0039293 secs]
254945.972: [GC (Allocation Failure)  506930K->12370K(1167360K), 0.0034956 secs]
254946.467: [GC (Allocation Failure)  491090K->12370K(1152000K), 0.0035998 secs]
254946.940: [GC (Allocation Failure)  475730K->12338K(1137152K), 0.0038187 secs]
254947.399: [GC (Allocation Failure)  460850K->12370K(1123328K), 0.0038972 secs]
254947.845: [GC (Allocation Failure)  447058K->12370K(1110016K), 0.0028908 secs]
254948.275: [GC (Allocation Failure)  433746K->12338K(1097216K), 0.0037421 secs]
254948.694: [GC (Allocation Failure)  420914K->12402K(1084928K), 0.0031276 secs]
254949.099: [GC (Allocation Failure)  408690K->12370K(1073152K), 0.0053254 secs]
254949.494: [GC (Allocation Failure)  396882K->12402K(1061888K), 0.0034555 secs]
254949.876: [GC (Allocation Failure)  385650K->12370K(1051136K), 0.0032728 secs]
254950.247: [GC (Allocation Failure)  374866K->12370K(1040896K), 0.0038511 secs]
254950.609: [GC (Allocation Failure)  364626K->12370K(1031168K), 0.0036570 secs]
254950.959: [GC (Allocation Failure)  354898K->12370K(1021440K), 0.0038295 secs]
254951.301: [GC (Allocation Failure)  345170K->12370K(1088000K), 0.0040230 secs]
254951.715: [GC (Allocation Failure)  411730K->12338K(1076224K), 0.0032462 secs]
254952.111: [GC (Allocation Failure)  399922K->12402K(1064960K), 0.0037334 secs]
254952.498: [GC (Allocation Failure)  388722K->12402K(1054208K), 0.0031017 secs]
254952.872: [GC (Allocation Failure)  377970K->12370K(1043968K), 0.0031788 secs]
254953.240: [GC (Allocation Failure)  367698K->12370K(1033728K), 0.0044571 secs]
254953.599: [GC (Allocation Failure)  357458K->12370K(1024000K), 0.0035800 secs]
254953.945: [GC (Allocation Failure)  347730K->12338K(1014784K), 0.0035230 secs]
254954.290: [GC (Allocation Failure)  338482K->12370K(1006080K), 0.0033009 secs]
254954.635: [GC (Allocation Failure)  329810K->12370K(997376K), 0.0033073 secs]
254954.950: [GC (Allocation Failure)  321106K->12338K(989184K), 0.0034020 secs]
254955.260: [GC (Allocation Failure)  312882K->12338K(981504K), 0.0030246 secs]
254955.561: [GC (Allocation Failure)  305202K->12370K(1040384K), 0.0048349 secs]
254955.928: [GC (Allocation Failure)  364114K->12370K(1111040K), 0.0035190 secs]
254956.361: [GC (Allocation Failure)  434770K->12370K(1098240K), 0.0033783 secs]
254956.779: [GC (Allocation Failure)  421970K->12370K(1085952K), 0.0040953 secs]
254957.188: [GC (Allocation Failure)  409682K->12338K(1074176K), 0.0031795 secs]
254957.581: [GC (Allocation Failure)  397874K->12370K(1062912K), 0.0029275 secs]
254957.963: [GC (Allocation Failure)  386642K->12370K(1052160K), 0.0731512 secs]
254958.413: [GC (Allocation Failure)  375890K->12338K(1041920K), 0.0036719 secs]
254958.776: [GC (Allocation Failure)  365618K->12370K(1032192K), 0.0029982 secs]
254959.131: [GC (Allocation Failure)  355922K->12370K(1022464K), 0.0037817 secs]
254959.473: [GC (Allocation Failure)  346194K->12338K(1013248K), 0.0038586 secs]
254959.807: [GC (Allocation Failure)  336946K->12370K(1004544K), 0.0038814 secs]
254960.132: [GC (Allocation Failure)  328274K->12370K(1068032K), 0.0034677 secs]
254960.520: [GC (Allocation Failure)  391762K->12402K(1144320K), 0.0045524 secs]
254960.986: [GC (Allocation Failure)  468082K->12370K(1235456K), 0.0047998 secs]
254961.551: [GC (Allocation Failure)  559186K->12378K(1217024K), 0.0027903 secs]
254962.092: [GC (Allocation Failure)  540762K->12410K(1199616K), 0.0031902 secs]
254962.612: [GC (Allocation Failure)  523386K->12378K(1182720K), 0.0034888 secs]
254963.118: [GC (Allocation Failure)  506458K->12378K(1166848K), 0.0032986 secs]
254963.605: [GC (Allocation Failure)  490586K->12378K(1151488K), 0.0041424 secs]
254964.083: [GC (Allocation Failure)  475226K->12410K(1136640K), 0.0039981 secs]
254964.544: [GC (Allocation Failure)  460410K->12410K(1122816K), 0.0030694 secs]
254965.013: [GC (Allocation Failure)  446586K->12378K(1109504K), 0.0047844 secs]
254965.448: [GC (Allocation Failure)  433242K->12378K(1096704K), 0.0029367 secs]
254965.867: [GC (Allocation Failure)  420442K->12346K(1084416K), 0.0043438 secs]
254966.276: [GC (Allocation Failure)  408122K->12346K(1072640K), 0.0035311 secs]
254966.670: [GC (Allocation Failure)  396346K->12378K(1061376K), 0.0034396 secs]
254967.055: [GC (Allocation Failure)  385114K->12346K(1050624K), 0.0047137 secs]
254967.430: [GC (Allocation Failure)  374330K->12378K(1040384K), 0.0030533 secs]
254967.790: [GC (Allocation Failure)  364122K->12346K(1030656K), 0.0033599 secs]
254968.140: [GC (Allocation Failure)  354362K->12378K(1020928K), 0.0039245 secs]
254968.481: [GC (Allocation Failure)  344666K->12378K(1011712K), 0.0027742 secs]
254968.811: [GC (Allocation Failure)  335450K->12378K(1003008K), 0.0033827 secs]
254969.132: [GC (Allocation Failure)  326746K->12378K(994816K), 0.0033459 secs]
254969.448: [GC (Allocation Failure)  318554K->12378K(986624K), 0.0029289 secs]
254969.754: [GC (Allocation Failure)  310362K->12378K(1046528K), 0.0041376 secs]
254970.144: [GC (Allocation Failure)  370266K->12346K(1118208K), 0.0036943 secs]
254970.586: [GC (Allocation Failure)  441914K->12410K(1104896K), 0.0036325 secs]
254971.001: [GC (Allocation Failure)  428666K->12362K(1092096K), 0.0046761 secs]
254971.394: [GC (Allocation Failure)  415818K->12426K(1079808K), 0.0032041 secs]
254971.773: [GC (Allocation Failure)  403594K->12394K(1068032K), 0.0034926 secs]
254972.163: [GC (Allocation Failure)  391786K->12394K(1056768K), 0.0038402 secs]
254972.544: [GC (Allocation Failure)  380522K->12394K(1046016K), 0.0043246 secs]
254972.907: [GC (Allocation Failure)  369770K->12394K(1035776K), 0.0036953 secs]
254973.261: [GC (Allocation Failure)  359530K->12442K(1026048K), 0.0036710 secs]
254973.607: [GC (Allocation Failure)  349850K->12410K(1016832K), 0.0032542 secs]
254973.941: [GC (Allocation Failure)  340602K->12410K(1008128K), 0.0033304 secs]
254974.256: [GC (Allocation Failure)  331898K->12378K(1072128K), 0.0039599 secs]
254974.639: [GC (Allocation Failure)  395866K->12410K(1148928K), 0.0035288 secs]
254975.107: [GC (Allocation Failure)  472698K->12410K(1134592K), 0.0036635 secs]
254975.566: [GC (Allocation Failure)  458362K->12410K(1120768K), 0.0039638 secs]
254976.012: [GC (Allocation Failure)  444538K->12386K(1107456K), 0.0049314 secs]
254976.444: [GC (Allocation Failure)  431202K->12386K(1094656K), 0.0039092 secs]
254976.861: [GC (Allocation Failure)  418402K->12418K(1082368K), 0.0045272 secs]
254977.286: [GC (Allocation Failure)  406146K->12418K(1070592K), 0.0031934 secs]
254977.678: [GC (Allocation Failure)  394370K->12418K(1059328K), 0.0030642 secs]
254978.079: [GC (Allocation Failure)  383106K->12450K(1048576K), 0.0116718 secs]
254978.464: [GC (Allocation Failure)  372386K->12418K(1038336K), 0.0036964 secs]
254978.825: [GC (Allocation Failure)  362114K->12418K(1028608K), 0.0037573 secs]
254979.176: [GC (Allocation Failure)  352386K->12450K(1019392K), 0.0032089 secs]
254979.514: [GC (Allocation Failure)  343202K->12386K(1010176K), 0.0033837 secs]
254979.845: [GC (Allocation Failure)  333922K->12418K(1001472K), 0.0033448 secs]
254980.167: [GC (Allocation Failure)  325250K->12418K(993280K), 0.0033250 secs]
254980.517: [GC (Allocation Failure)  317058K->12418K(985088K), 0.0036137 secs]
254980.821: [GC (Allocation Failure)  308866K->12418K(1044480K), 0.0043777 secs]
254981.188: [GC (Allocation Failure)  368258K->12386K(1115648K), 0.0033483 secs]
254981.600: [GC (Allocation Failure)  439394K->12418K(1102848K), 0.0029957 secs]
254981.997: [GC (Allocation Failure)  426626K->12386K(1090560K), 0.0041514 secs]
254982.407: [GC (Allocation Failure)  414306K->12418K(1078784K), 0.0031137 secs]
254982.808: [GC (Allocation Failure)  402562K->12418K(1067520K), 0.0037092 secs]
254983.193: [GC (Allocation Failure)  391298K->12450K(1056256K), 0.0036803 secs]
254983.569: [GC (Allocation Failure)  380066K->12418K(1045504K), 0.0032902 secs]
254983.930: [GC (Allocation Failure)  369282K->12450K(1035264K), 0.0034963 secs]
254984.267: [GC (Allocation Failure)  359074K->12450K(1104896K), 0.0087140 secs]
254984.701: [GC (Allocation Failure)  428706K->12450K(1188352K), 0.0042667 secs]
254985.211: [GC (Allocation Failure)  512162K->12458K(1288704K), 0.0037921 secs]
254985.856: [GC (Allocation Failure)  612522K->12426K(1268224K), 0.0036553 secs]
254986.446: [GC (Allocation Failure)  592010K->12426K(1248256K), 0.0040922 secs]
254987.019: [GC (Allocation Failure)  572042K->12474K(1229312K), 0.0044959 secs]
254987.573: [GC (Allocation Failure)  553146K->12474K(1211392K), 0.0035992 secs]
254988.107: [GC (Allocation Failure)  535226K->12442K(1193984K), 0.0173071 secs]
254988.640: [GC (Allocation Failure)  517786K->12410K(1177600K), 0.0038085 secs]
254989.139: [GC (Allocation Failure)  501370K->12474K(1161728K), 0.0040662 secs]
254989.622: [GC (Allocation Failure)  485562K->12410K(1146880K), 0.0029101 secs]
254990.090: [GC (Allocation Failure)  470650K->12410K(1132544K), 0.0042941 secs]
254990.545: [GC (Allocation Failure)  456314K->12442K(1118720K), 0.0042119 secs]
254991.011: [GC (Allocation Failure)  442522K->12442K(1105408K), 0.0036767 secs]
254991.435: [GC (Allocation Failure)  429210K->12442K(1092608K), 0.0045410 secs]
254991.844: [GC (Allocation Failure)  416410K->12450K(1080320K), 0.0034745 secs]
254992.240: [GC (Allocation Failure)  404130K->12482K(1068544K), 0.0031379 secs]
254992.624: [GC (Allocation Failure)  392386K->12450K(1057280K), 0.0041968 secs]
254993.003: [GC (Allocation Failure)  381090K->12418K(1046528K), 0.0037321 secs]
254993.370: [GC (Allocation Failure)  370306K->12418K(1036288K), 0.0039886 secs]
254993.726: [GC (Allocation Failure)  360066K->12450K(1026560K), 0.0033583 secs]
254994.069: [GC (Allocation Failure)  350370K->12450K(1017344K), 0.0035483 secs]
254994.407: [GC (Allocation Failure)  341154K->12482K(1083392K), 0.0053937 secs]
254994.808: [GC (Allocation Failure)  407234K->12450K(1162752K), 0.0036488 secs]
254995.286: [GC (Allocation Failure)  486562K->12482K(1147904K), 0.0031490 secs]
254995.749: [GC (Allocation Failure)  471746K->12450K(1133568K), 0.0046890 secs]
254996.236: [GC (Allocation Failure)  457378K->12450K(1119744K), 0.0036297 secs]
254996.672: [GC (Allocation Failure)  443554K->12482K(1106432K), 0.0032814 secs]
254997.094: [GC (Allocation Failure)  430274K->12482K(1093632K), 0.0035815 secs]
254997.516: [GC (Allocation Failure)  417474K->12450K(1081344K), 0.0034517 secs]
254997.947: [GC (Allocation Failure)  405154K->12514K(1069568K), 0.0036114 secs]
254998.333: [GC (Allocation Failure)  393442K->12418K(1058304K), 0.0036461 secs]
254998.728: [GC (Allocation Failure)  382082K->12482K(1047552K), 0.0035186 secs]
254999.095: [GC (Allocation Failure)  371394K->12450K(1037312K), 0.0031160 secs]
254999.453: [GC (Allocation Failure)  361122K->12490K(1027584K), 0.0029111 secs]
254999.800: [GC (Allocation Failure)  351434K->12458K(1018368K), 0.0039686 secs]
255000.137: [GC (Allocation Failure)  342186K->12426K(1009152K), 0.0043577 secs]
255000.479: [GC (Allocation Failure)  332938K->12458K(1000448K), 0.0033615 secs]
255000.798: [GC (Allocation Failure)  324266K->12490K(992256K), 0.0032515 secs]
255001.110: [GC (Allocation Failure)  316106K->12458K(984064K), 0.0032507 secs]
255001.412: [GC (Allocation Failure)  307882K->12458K(976384K), 0.0027307 secs]
255001.709: [GC (Allocation Failure)  300202K->12490K(969216K), 0.0031791 secs]
255001.996: [GC (Allocation Failure)  293066K->12458K(962048K), 0.0027735 secs]
255002.276: [GC (Allocation Failure)  285866K->12442K(955392K), 0.0030695 secs]
255002.549: [GC (Allocation Failure)  279194K->12474K(1009152K), 0.0031935 secs]
255002.877: [GC (Allocation Failure)  332986K->12506K(1000448K), 0.0029324 secs]
255003.196: [GC (Allocation Failure)  324314K->12474K(992256K), 0.0032141 secs]
255003.508: [GC (Allocation Failure)  316090K->12474K(1053184K), 0.0037680 secs]
255003.879: [GC (Allocation Failure)  377018K->12506K(1042944K), 0.0031625 secs]
255004.240: [GC (Allocation Failure)  366810K->12474K(1032704K), 0.0026900 secs]
255004.590: [GC (Allocation Failure)  356538K->12474K(1022976K), 0.0033147 secs]
255004.928: [GC (Allocation Failure)  346810K->12506K(1013760K), 0.0032255 secs]
255005.260: [GC (Allocation Failure)  337626K->12474K(1005056K), 0.0033525 secs]
255005.588: [GC (Allocation Failure)  328890K->12474K(996352K), 0.0029324 secs]
255005.905: [GC (Allocation Failure)  320186K->12442K(988160K), 0.0036056 secs]
255006.240: [GC (Allocation Failure)  311962K->12474K(980480K), 0.0035592 secs]
255006.558: [GC (Allocation Failure)  304314K->12474K(1038848K), 0.0037914 secs]
255006.918: [GC (Allocation Failure)  362682K->12442K(1029120K), 0.0031845 secs]
255007.268: [GC (Allocation Failure)  352922K->12506K(1019904K), 0.0031546 secs]
255007.625: [GC (Allocation Failure)  343770K->12474K(1010688K), 0.0033759 secs]
255007.955: [GC (Allocation Failure)  334522K->12538K(1001984K), 0.0032218 secs]
255008.278: [GC (Allocation Failure)  325882K->12474K(993792K), 0.0036082 secs]
255008.591: [GC (Allocation Failure)  317626K->12506K(1055232K), 0.0037738 secs]
255008.968: [GC (Allocation Failure)  379098K->12474K(1128960K), 0.0039208 secs]
255009.419: [GC (Allocation Failure)  452794K->12506K(1115136K), 0.0035191 secs]
255009.857: [GC (Allocation Failure)  439002K->12474K(1102336K), 0.0034851 secs]
255010.280: [GC (Allocation Failure)  426170K->12442K(1090048K), 0.0031292 secs]
255010.692: [GC (Allocation Failure)  413850K->12506K(1078272K), 0.0034376 secs]
255011.091: [GC (Allocation Failure)  402138K->12442K(1067008K), 0.0032939 secs]
255011.523: [GC (Allocation Failure)  390810K->12474K(1056256K), 0.0038275 secs]
255011.906: [GC (Allocation Failure)  380090K->12474K(1045504K), 0.0042364 secs]
255012.279: [GC (Allocation Failure)  369338K->12474K(1035264K), 0.0041460 secs]
255012.642: [GC (Allocation Failure)  359098K->12442K(1025536K), 0.0037409 secs]
255012.992: [GC (Allocation Failure)  349338K->12506K(1016320K), 0.0033127 secs]
255013.333: [GC (Allocation Failure)  340186K->12442K(1081856K), 0.0041668 secs]
255013.744: [GC (Allocation Failure)  405658K->12474K(1070080K), 0.0039542 secs]
255014.142: [GC (Allocation Failure)  393914K->12474K(1058816K), 0.0034745 secs]
255014.526: [GC (Allocation Failure)  382650K->12474K(1048064K), 0.0032285 secs]
255014.895: [GC (Allocation Failure)  371898K->12474K(1037824K), 0.0028611 secs]
255015.254: [GC (Allocation Failure)  361658K->12474K(1028096K), 0.0028993 secs]
255015.602: [GC (Allocation Failure)  351930K->12474K(1018880K), 0.0034791 secs]
255015.941: [GC (Allocation Failure)  342714K->12474K(1009664K), 0.0042022 secs]
255016.277: [GC (Allocation Failure)  333498K->12506K(1074176K), 0.0044210 secs]
255016.685: [GC (Allocation Failure)  398042K->12442K(1062912K), 0.0034068 secs]
255017.071: [GC (Allocation Failure)  386714K->12474K(1052160K), 0.0034038 secs]
255017.444: [GC (Allocation Failure)  375994K->12474K(1041920K), 0.0040790 secs]
255017.811: [GC (Allocation Failure)  365754K->12506K(1112576K), 0.0048592 secs]
255018.249: [GC (Allocation Failure)  436442K->12474K(1197568K), 0.0045698 secs]
255018.793: [GC (Allocation Failure)  521402K->12474K(1181184K), 0.0034256 secs]
255019.298: [GC (Allocation Failure)  505018K->12442K(1165312K), 0.0031226 secs]
255019.787: [GC (Allocation Failure)  489114K->12442K(1149952K), 0.0033261 secs]
255020.260: [GC (Allocation Failure)  473754K->12474K(1135616K), 0.0032095 secs]
255020.717: [GC (Allocation Failure)  459450K->12474K(1121792K), 0.0032140 secs]
255021.162: [GC (Allocation Failure)  445626K->12442K(1108480K), 0.0037153 secs]
255021.594: [GC (Allocation Failure)  432282K->12474K(1095680K), 0.0031024 secs]
255022.011: [GC (Allocation Failure)  419514K->12442K(1083392K), 0.0038319 secs]
255022.415: [GC (Allocation Failure)  407194K->12442K(1071616K), 0.0035784 secs]
255022.808: [GC (Allocation Failure)  395418K->12474K(1060352K), 0.0031900 secs]
255023.189: [GC (Allocation Failure)  384186K->12474K(1049600K), 0.0030973 secs]
255023.561: [GC (Allocation Failure)  373434K->12442K(1039360K), 0.0035716 secs]
255023.921: [GC (Allocation Failure)  363162K->12474K(1029632K), 0.0032354 secs]
255024.272: [GC (Allocation Failure)  353466K->12474K(1020416K), 0.0039831 secs]
255024.614: [GC (Allocation Failure)  344250K->12474K(1011200K), 0.0036788 secs]
255024.947: [GC (Allocation Failure)  335034K->12474K(1002496K), 0.0034705 secs]
255025.271: [GC (Allocation Failure)  326330K->12474K(994304K), 0.0035244 secs]
255025.586: [GC (Allocation Failure)  318138K->12474K(986112K), 0.0031462 secs]
255025.891: [GC (Allocation Failure)  309946K->12474K(1046016K), 0.0036943 secs]
255026.258: [GC (Allocation Failure)  369850K->12474K(1035776K), 0.0030851 secs]
255026.613: [GC (Allocation Failure)  359610K->12474K(1026048K), 0.0032076 secs]
255026.980: [GC (Allocation Failure)  349882K->12442K(1016832K), 0.0035534 secs]
255027.318: [GC (Allocation Failure)  340634K->12474K(1008128K), 0.0033999 secs]
255027.644: [GC (Allocation Failure)  331962K->12474K(999424K), 0.0028410 secs]
255027.962: [GC (Allocation Failure)  323258K->12474K(991232K), 0.0032496 secs]
255028.272: [GC (Allocation Failure)  315066K->12506K(983552K), 0.0036624 secs]
255028.575: [GC (Allocation Failure)  307418K->12442K(1042944K), 0.0034502 secs]
255028.939: [GC (Allocation Failure)  366746K->12506K(1032704K), 0.0034132 secs]
255029.291: [GC (Allocation Failure)  356570K->12506K(1022976K), 0.0035496 secs]
255029.634: [GC (Allocation Failure)  346842K->12474K(1013760K), 0.0032983 secs]
255029.968: [GC (Allocation Failure)  337594K->12474K(1005056K), 0.0033053 secs]
255030.294: [GC (Allocation Failure)  328890K->12474K(996352K), 0.0034478 secs]
255030.610: [GC (Allocation Failure)  320186K->12410K(988160K), 0.0033202 secs]
255030.919: [GC (Allocation Failure)  311930K->12506K(980480K), 0.0029256 secs]
255031.220: [GC (Allocation Failure)  304346K->12474K(1038848K), 0.0034263 secs]
255031.580: [GC (Allocation Failure)  362682K->12474K(1029120K), 0.0028209 secs]
255031.928: [GC (Allocation Failure)  352954K->12474K(1019904K), 0.0026905 secs]
255032.267: [GC (Allocation Failure)  343738K->12506K(1010688K), 0.0028907 secs]
255032.598: [GC (Allocation Failure)  334554K->12474K(1001984K), 0.0031158 secs]
255032.920: [GC (Allocation Failure)  325818K->12442K(993792K), 0.0031431 secs]
255033.233: [GC (Allocation Failure)  317594K->12442K(985600K), 0.0035557 secs]
255033.539: [GC (Allocation Failure)  309402K->12538K(977920K), 0.0028782 secs]
255033.837: [GC (Allocation Failure)  301818K->12506K(970752K), 0.0031618 secs]
255034.128: [GC (Allocation Failure)  294618K->12474K(963584K), 0.0029601 secs]
255034.411: [GC (Allocation Failure)  287418K->12474K(956928K), 0.0029117 secs]
255034.686: [GC (Allocation Failure)  280762K->12474K(950272K), 0.0027002 secs]
255034.956: [GC (Allocation Failure)  274106K->12474K(944128K), 0.0027675 secs]
255035.217: [GC (Allocation Failure)  267962K->12474K(995328K), 0.0031324 secs]
255035.531: [GC (Allocation Failure)  319162K->12506K(1056768K), 0.0031567 secs]
255035.908: [GC (Allocation Failure)  380634K->12442K(1046016K), 0.0035686 secs]
255036.276: [GC (Allocation Failure)  369818K->12506K(1035776K), 0.0031135 secs]
255036.633: [GC (Allocation Failure)  359642K->12474K(1026048K), 0.0032359 secs]
255036.979: [GC (Allocation Failure)  349882K->12442K(1016832K), 0.0032972 secs]
255037.362: [GC (Allocation Failure)  340634K->12442K(1008128K), 0.0030687 secs]
255037.692: [GC (Allocation Failure)  331930K->12474K(999424K), 0.0033471 secs]
255038.012: [GC (Allocation Failure)  323258K->12506K(991232K), 0.0031651 secs]
255038.323: [GC (Allocation Failure)  315098K->12474K(983552K), 0.0035207 secs]
255038.626: [GC (Allocation Failure)  307386K->12474K(975872K), 0.0030505 secs]
255038.921: [GC (Allocation Failure)  299706K->12474K(1033728K), 0.0034457 secs]
255039.275: [GC (Allocation Failure)  357562K->12474K(1024000K), 0.0031213 secs]
255039.621: [GC (Allocation Failure)  347834K->12506K(1014784K), 0.0032186 secs]
255039.956: [GC (Allocation Failure)  338650K->12474K(1006080K), 0.0036959 secs]
255040.285: [GC (Allocation Failure)  329914K->12506K(997376K), 0.0034351 secs]
255040.604: [GC (Allocation Failure)  321242K->12442K(1059328K), 0.0033849 secs]
255040.987: [GC (Allocation Failure)  383130K->12474K(1048576K), 0.0032981 secs]
255041.360: [GC (Allocation Failure)  372410K->12474K(1120768K), 0.0048916 secs]
255041.806: [GC (Allocation Failure)  444602K->12442K(1107456K), 0.0037828 secs]
255042.238: [GC (Allocation Failure)  431258K->12474K(1094656K), 0.0038848 secs]
255042.687: [GC (Allocation Failure)  418490K->12474K(1082368K), 0.0035474 secs]
255043.092: [GC (Allocation Failure)  406202K->12506K(1070592K), 0.0036065 secs]
255043.491: [GC (Allocation Failure)  394458K->12442K(1059328K), 0.0043209 secs]
255043.873: [GC (Allocation Failure)  383130K->12474K(1048576K), 0.0038797 secs]
255044.264: [GC (Allocation Failure)  372410K->12442K(1038336K), 0.0039231 secs]
255044.623: [GC (Allocation Failure)  362138K->12474K(1028608K), 0.0033122 secs]
255044.972: [GC (Allocation Failure)  352442K->12442K(1019392K), 0.0040355 secs]
255045.314: [GC (Allocation Failure)  343194K->12474K(1010176K), 0.0030614 secs]
255045.644: [GC (Allocation Failure)  334010K->12506K(1001472K), 0.0037971 secs]
255045.987: [GC (Allocation Failure)  325338K->12474K(1064448K), 0.0039953 secs]
255046.374: [GC (Allocation Failure)  388282K->12506K(1053696K), 0.0033095 secs]
255046.750: [GC (Allocation Failure)  377562K->12442K(1043456K), 0.0038070 secs]
255047.114: [GC (Allocation Failure)  367258K->12474K(1033216K), 0.0029565 secs]
255047.467: [GC (Allocation Failure)  357050K->12474K(1023488K), 0.0032780 secs]
255047.905: [GC (Allocation Failure)  347322K->12442K(1014272K), 0.0036600 secs]
255048.240: [GC (Allocation Failure)  338074K->12410K(1005568K), 0.0032349 secs]
255048.567: [GC (Allocation Failure)  329338K->12506K(996864K), 0.0035957 secs]
255048.884: [GC (Allocation Failure)  320730K->12474K(988672K), 0.0032761 secs]
255049.192: [GC (Allocation Failure)  312506K->12474K(1049088K), 0.0041707 secs]
255049.563: [GC (Allocation Failure)  372922K->12506K(1121280K), 0.0037203 secs]
255050.008: [GC (Allocation Failure)  445146K->12474K(1107968K), 0.0033801 secs]
255050.437: [GC (Allocation Failure)  431802K->12506K(1095168K), 0.0037628 secs]
255050.855: [GC (Allocation Failure)  419034K->12442K(1082880K), 0.0043256 secs]
255051.259: [GC (Allocation Failure)  406682K->12442K(1071104K), 0.0038059 secs]
255051.653: [GC (Allocation Failure)  394906K->12474K(1059840K), 0.0034843 secs]
255052.034: [GC (Allocation Failure)  383674K->12474K(1049088K), 0.0030960 secs]
255052.403: [GC (Allocation Failure)  372922K->12474K(1038848K), 0.0034618 secs]
255052.763: [GC (Allocation Failure)  362682K->12474K(1029120K), 0.0034825 secs]
255053.142: [GC (Allocation Failure)  352954K->12474K(1019904K), 0.0034131 secs]
255053.484: [GC (Allocation Failure)  343738K->12506K(1010688K), 0.0029299 secs]
255053.813: [GC (Allocation Failure)  334554K->12506K(1001984K), 0.0038485 secs]
255054.138: [GC (Allocation Failure)  325850K->12506K(993792K), 0.0037150 secs]
255054.452: [GC (Allocation Failure)  317658K->12474K(985600K), 0.0029440 secs]
255054.757: [GC (Allocation Failure)  309434K->12474K(977920K), 0.0030814 secs]
255055.055: [GC (Allocation Failure)  301754K->12506K(970752K), 0.0032580 secs]
255055.344: [GC (Allocation Failure)  294618K->12442K(963584K), 0.0029396 secs]
255055.628: [GC (Allocation Failure)  287386K->12474K(1018880K), 0.0033819 secs]
255055.968: [GC (Allocation Failure)  342714K->12442K(1084928K), 0.0041613 secs]
255056.374: [GC (Allocation Failure)  408730K->12474K(1073152K), 0.0031336 secs]
255056.767: [GC (Allocation Failure)  396986K->12442K(1061888K), 0.0034499 secs]
255057.150: [GC (Allocation Failure)  385690K->12442K(1051136K), 0.0031483 secs]
255057.522: [GC (Allocation Failure)  374938K->12442K(1040896K), 0.0033093 secs]
255057.888: [GC (Allocation Failure)  364698K->12410K(1031168K), 0.0037467 secs]
255058.239: [GC (Allocation Failure)  354938K->12442K(1021440K), 0.0033015 secs]
255058.581: [GC (Allocation Failure)  345242K->12506K(1012224K), 0.0028954 secs]
255058.913: [GC (Allocation Failure)  336090K->12474K(1003520K), 0.0033916 secs]
255059.237: [GC (Allocation Failure)  327354K->12442K(995328K), 0.0029444 secs]
255059.552: [GC (Allocation Failure)  319130K->12442K(987136K), 0.0026004 secs]
255059.859: [GC (Allocation Failure)  310938K->12474K(979456K), 0.0040141 secs]
255060.167: [GC (Allocation Failure)  303290K->12474K(1037824K), 0.0034362 secs]
255060.527: [GC (Allocation Failure)  361658K->12474K(1107968K), 0.0039824 secs]
255060.957: [GC (Allocation Failure)  431802K->12474K(1095168K), 0.0038487 secs]
255061.375: [GC (Allocation Failure)  419002K->12474K(1082880K), 0.0033186 secs]
255061.781: [GC (Allocation Failure)  406714K->12474K(1071104K), 0.0034935 secs]
255062.180: [GC (Allocation Failure)  394938K->12474K(1059840K), 0.0039896 secs]
255062.564: [GC (Allocation Failure)  383674K->12474K(1049088K), 0.0039819 secs]
255062.940: [GC (Allocation Failure)  372922K->12474K(1038848K), 0.0034804 secs]
255063.328: [GC (Allocation Failure)  362682K->12474K(1029120K), 0.0045099 secs]
255063.684: [GC (Allocation Failure)  352954K->12442K(1097216K), 0.0086666 secs]
255064.112: [GC (Allocation Failure)  421018K->12474K(1179136K), 0.0041380 secs]
255064.625: [GC (Allocation Failure)  502970K->12474K(1277440K), 0.0042555 secs]
255065.233: [GC (Allocation Failure)  601274K->12442K(1257472K), 0.0034808 secs]
255065.816: [GC (Allocation Failure)  581274K->12442K(1238016K), 0.0038559 secs]
255066.380: [GC (Allocation Failure)  561818K->12442K(1219584K), 0.0036270 secs]
255066.931: [GC (Allocation Failure)  543386K->12474K(1202176K), 0.0038100 secs]
255067.455: [GC (Allocation Failure)  526010K->12474K(1185280K), 0.0029974 secs]
255067.963: [GC (Allocation Failure)  509114K->12442K(1169408K), 0.0034401 secs]
255068.495: [GC (Allocation Failure)  493210K->12474K(1154048K), 0.0035995 secs]
255068.975: [GC (Allocation Failure)  477882K->12506K(1139200K), 0.0042565 secs]
255069.439: [GC (Allocation Failure)  463066K->12474K(1125376K), 0.0039744 secs]
255069.887: [GC (Allocation Failure)  449210K->12538K(1112064K), 0.0031979 secs]
255070.319: [GC (Allocation Failure)  435962K->12442K(1099264K), 0.0033529 secs]
255070.749: [GC (Allocation Failure)  423066K->12474K(1086976K), 0.0047947 secs]
255071.163: [GC (Allocation Failure)  410810K->12442K(1075200K), 0.0043382 secs]
255071.561: [GC (Allocation Failure)  399002K->12474K(1063936K), 0.0033656 secs]
255071.947: [GC (Allocation Failure)  387770K->12474K(1053184K), 0.0035352 secs]
255072.321: [GC (Allocation Failure)  377018K->12474K(1042944K), 0.0035499 secs]
255072.688: [GC (Allocation Failure)  366778K->12474K(1032704K), 0.0034981 secs]
255073.041: [GC (Allocation Failure)  356538K->12474K(1022976K), 0.0042299 secs]
255073.421: [GC (Allocation Failure)  346810K->12506K(1013760K), 0.0035278 secs]
255073.754: [GC (Allocation Failure)  337626K->12474K(1005056K), 0.0036532 secs]
255074.079: [GC (Allocation Failure)  328890K->12442K(1068544K), 0.0045780 secs]
255074.472: [GC (Allocation Failure)  392346K->12474K(1144832K), 0.0074398 secs]
255074.944: [GC (Allocation Failure)  468666K->12474K(1236480K), 0.0040586 secs]
255075.505: [GC (Allocation Failure)  560314K->12474K(1346048K), 0.0045127 secs]
255076.175: [GC (Allocation Failure)  669882K->12474K(1322496K), 0.0037489 secs]
255076.823: [GC (Allocation Failure)  646330K->12506K(1300480K), 0.0043204 secs]
255077.448: [GC (Allocation Failure)  624346K->12474K(1278976K), 0.0043943 secs]
255078.051: [GC (Allocation Failure)  602810K->12474K(1258496K), 0.0038852 secs]
255078.649: [GC (Allocation Failure)  582330K->12474K(1239040K), 0.0043259 secs]
255079.213: [GC (Allocation Failure)  562874K->12474K(1220608K), 0.0036026 secs]
255079.758: [GC (Allocation Failure)  544442K->12474K(1203200K), 0.0037476 secs]
255080.284: [GC (Allocation Failure)  527034K->12474K(1186304K), 0.0034959 secs]
255080.815: [GC (Allocation Failure)  510138K->12474K(1169920K), 0.0033263 secs]
255081.305: [GC (Allocation Failure)  493754K->12474K(1154560K), 0.0035215 secs]
255081.783: [GC (Allocation Failure)  478394K->12474K(1139712K), 0.0034545 secs]
255082.245: [GC (Allocation Failure)  463546K->12474K(1125376K), 0.0031903 secs]
255082.693: [GC (Allocation Failure)  449210K->12474K(1112064K), 0.0035307 secs]
255083.128: [GC (Allocation Failure)  435898K->12442K(1099264K), 0.0035526 secs]
255083.573: [GC (Allocation Failure)  423066K->12474K(1086976K), 0.0038543 secs]
255083.981: [GC (Allocation Failure)  410810K->12474K(1075200K), 0.0030995 secs]
255084.377: [GC (Allocation Failure)  399034K->12442K(1063936K), 0.0035966 secs]
255084.764: [GC (Allocation Failure)  387738K->12474K(1053184K), 0.0033465 secs]
255085.138: [GC (Allocation Failure)  377018K->12442K(1042944K), 0.0032830 secs]
255085.503: [GC (Allocation Failure)  366746K->12474K(1032704K), 0.0033272 secs]
255085.860: [GC (Allocation Failure)  356538K->12442K(1022976K), 0.0032629 secs]
255086.203: [GC (Allocation Failure)  346778K->12474K(1013760K), 0.0032915 secs]
255086.538: [GC (Allocation Failure)  337594K->12442K(1005056K), 0.0034631 secs]
255086.864: [GC (Allocation Failure)  328858K->12474K(996352K), 0.0039362 secs]
255087.186: [GC (Allocation Failure)  320186K->12506K(988160K), 0.0036147 secs]
255087.496: [GC (Allocation Failure)  312026K->12442K(1048064K), 0.0038756 secs]
255087.866: [GC (Allocation Failure)  371866K->12442K(1120256K), 0.0034979 secs]
255088.309: [GC (Allocation Failure)  444058K->12474K(1106944K), 0.0032032 secs]
255088.762: [GC (Allocation Failure)  430778K->12506K(1094144K), 0.0051879 secs]
255089.180: [GC (Allocation Failure)  418010K->12538K(1081856K), 0.0033187 secs]
255089.584: [GC (Allocation Failure)  405754K->12506K(1070080K), 0.0028012 secs]
255089.975: [GC (Allocation Failure)  393946K->12474K(1058816K), 0.0035049 secs]
255090.358: [GC (Allocation Failure)  382650K->12474K(1048064K), 0.0034611 secs]
255090.728: [GC (Allocation Failure)  371898K->12442K(1037824K), 0.0050113 secs]
255091.094: [GC (Allocation Failure)  361626K->12474K(1028096K), 0.0036000 secs]
255091.444: [GC (Allocation Failure)  351930K->12442K(1018880K), 0.0035955 secs]
255091.787: [GC (Allocation Failure)  342682K->12474K(1009664K), 0.0032103 secs]
255092.117: [GC (Allocation Failure)  333498K->12442K(1000960K), 0.0034911 secs]
255092.437: [GC (Allocation Failure)  324762K->12442K(1063424K), 0.0040998 secs]
255092.824: [GC (Allocation Failure)  387226K->12442K(1138688K), 0.0037571 secs]
255093.284: [GC (Allocation Failure)  462490K->12474K(1124864K), 0.0036640 secs]
255093.732: [GC (Allocation Failure)  448698K->12474K(1111552K), 0.0039630 secs]
255094.196: [GC (Allocation Failure)  435386K->12474K(1098752K), 0.0034847 secs]
255094.617: [GC (Allocation Failure)  422586K->12442K(1086464K), 0.0027638 secs]
255095.026: [GC (Allocation Failure)  410266K->12506K(1074688K), 0.0031550 secs]
255095.422: [GC (Allocation Failure)  398554K->12474K(1063424K), 0.0033766 secs]
255095.806: [GC (Allocation Failure)  387258K->12474K(1052672K), 0.0042109 secs]
255096.186: [GC (Allocation Failure)  376506K->12474K(1042432K), 0.0049269 secs]
255096.556: [GC (Allocation Failure)  366266K->12474K(1032704K), 0.0034005 secs]
255096.910: [GC (Allocation Failure)  356538K->12442K(1022976K), 0.0035482 secs]
255097.256: [GC (Allocation Failure)  346778K->12442K(1013760K), 0.0035228 secs]
255097.591: [GC (Allocation Failure)  337562K->12442K(1005056K), 0.0033089 secs]
255097.918: [GC (Allocation Failure)  328858K->12442K(996352K), 0.0033512 secs]
255098.234: [GC (Allocation Failure)  320154K->12474K(988160K), 0.0029292 secs]
255098.543: [GC (Allocation Failure)  311994K->12442K(1048064K), 0.0043420 secs]
255098.913: [GC (Allocation Failure)  371866K->12474K(1120256K), 0.0032536 secs]
255099.355: [GC (Allocation Failure)  444090K->12442K(1106944K), 0.0035200 secs]
255099.783: [GC (Allocation Failure)  430746K->12474K(1094144K), 0.0045732 secs]
255100.199: [GC (Allocation Failure)  417978K->12474K(1175552K), 0.0052954 secs]
255100.701: [GC (Allocation Failure)  499386K->12474K(1273344K), 0.0045414 secs]
255101.304: [GC (Allocation Failure)  597178K->12442K(1253376K), 0.0056765 secs]
255101.888: [GC (Allocation Failure)  577178K->12474K(1234432K), 0.0039794 secs]
255102.450: [GC (Allocation Failure)  558266K->12474K(1216000K), 0.0037085 secs]
255102.990: [GC (Allocation Failure)  539834K->12506K(1198592K), 0.0035303 secs]
255103.512: [GC (Allocation Failure)  522458K->12474K(1181696K), 0.0038817 secs]
255104.017: [GC (Allocation Failure)  505530K->12442K(1165824K), 0.0053848 secs]
255104.522: [GC (Allocation Failure)  489626K->12474K(1150464K), 0.0045207 secs]
255104.994: [GC (Allocation Failure)  474298K->12506K(1136128K), 0.0036001 secs]
255105.454: [GC (Allocation Failure)  459994K->12474K(1122304K), 0.0042650 secs]
255105.902: [GC (Allocation Failure)  446138K->12474K(1108992K), 0.0039900 secs]
255106.333: [GC (Allocation Failure)  432826K->12442K(1096192K), 0.0050096 secs]
255106.753: [GC (Allocation Failure)  419994K->12474K(1083904K), 0.0041043 secs]
255107.158: [GC (Allocation Failure)  407738K->12506K(1072128K), 0.0048902 secs]
255107.554: [GC (Allocation Failure)  395994K->12474K(1060864K), 0.0035626 secs]
255107.935: [GC (Allocation Failure)  384698K->12474K(1135616K), 0.0045598 secs]
255108.394: [GC (Allocation Failure)  459450K->12474K(1121792K), 0.0040104 secs]
255108.843: [GC (Allocation Failure)  445626K->12474K(1208832K), 0.0050224 secs]
255109.376: [GC (Allocation Failure)  532666K->12474K(1191936K), 0.0036993 secs]
255109.915: [GC (Allocation Failure)  515770K->12442K(1175552K), 0.0038345 secs]
255110.415: [GC (Allocation Failure)  499354K->12442K(1159680K), 0.0039013 secs]
255110.899: [GC (Allocation Failure)  483482K->12538K(1144832K), 0.0035470 secs]
255111.367: [GC (Allocation Failure)  468730K->12442K(1130496K), 0.0046569 secs]
255111.826: [GC (Allocation Failure)  454298K->12474K(1116672K), 0.0028727 secs]
255112.265: [GC (Allocation Failure)  440506K->12442K(1103360K), 0.0031131 secs]
255112.692: [GC (Allocation Failure)  427162K->12442K(1091072K), 0.0038773 secs]
255113.105: [GC (Allocation Failure)  414874K->12474K(1079296K), 0.0032645 secs]
255113.506: [GC (Allocation Failure)  403130K->12474K(1068032K), 0.0035351 secs]
255113.897: [GC (Allocation Failure)  391866K->12442K(1056768K), 0.0034490 secs]
255114.274: [GC (Allocation Failure)  380570K->12474K(1046016K), 0.0039088 secs]
255114.644: [GC (Allocation Failure)  369850K->12474K(1035776K), 0.0036485 secs]
255115.031: [GC (Allocation Failure)  359610K->12474K(1026048K), 0.0031759 secs]
255115.379: [GC (Allocation Failure)  349882K->12474K(1016832K), 0.0037615 secs]
255115.717: [GC (Allocation Failure)  340666K->12474K(1008128K), 0.0040534 secs]
255116.047: [GC (Allocation Failure)  331962K->12474K(999424K), 0.0030832 secs]
255116.366: [GC (Allocation Failure)  323258K->12474K(991232K), 0.0028242 secs]
255116.678: [GC (Allocation Failure)  315066K->12442K(983552K), 0.0028746 secs]
255116.983: [GC (Allocation Failure)  307354K->12474K(975872K), 0.0032014 secs]
255117.280: [GC (Allocation Failure)  299706K->12474K(968704K), 0.0034763 secs]
255117.569: [GC (Allocation Failure)  292538K->12474K(961536K), 0.0028017 secs]
255117.852: [GC (Allocation Failure)  285370K->12474K(1016320K), 0.0033328 secs]
255118.210: [GC (Allocation Failure)  340154K->12442K(1007616K), 0.0034310 secs]
255118.552: [GC (Allocation Failure)  331418K->12506K(998912K), 0.0031177 secs]
255118.887: [GC (Allocation Failure)  322778K->12474K(1061376K), 0.0062792 secs]
255119.289: [GC (Allocation Failure)  385210K->12474K(1136128K), 0.0037711 secs]
255119.767: [GC (Allocation Failure)  459962K->12474K(1225728K), 0.0032354 secs]
255120.340: [GC (Allocation Failure)  549562K->12474K(1207808K), 0.0034287 secs]
255120.895: [GC (Allocation Failure)  531642K->12442K(1190912K), 0.0039246 secs]
255121.432: [GC (Allocation Failure)  514714K->12474K(1174528K), 0.0039512 secs]
255121.952: [GC (Allocation Failure)  498362K->12474K(1159168K), 0.0036942 secs]
255122.455: [GC (Allocation Failure)  483002K->12442K(1144320K), 0.0038444 secs]
255122.943: [GC (Allocation Failure)  468122K->12474K(1129984K), 0.0035825 secs]
255123.419: [GC (Allocation Failure)  453818K->12474K(1116160K), 0.0039448 secs]
255123.878: [GC (Allocation Failure)  439994K->12474K(1102848K), 0.0036722 secs]
255124.323: [GC (Allocation Failure)  426682K->12474K(1090560K), 0.0033079 secs]
255124.753: [GC (Allocation Failure)  414394K->12474K(1078784K), 0.0040249 secs]
255125.170: [GC (Allocation Failure)  402618K->12538K(1067520K), 0.0034030 secs]
255125.574: [GC (Allocation Failure)  391418K->12538K(1056256K), 0.0037321 secs]
255125.967: [GC (Allocation Failure)  380154K->12474K(1045504K), 0.0037126 secs]
255126.348: [GC (Allocation Failure)  369338K->12442K(1035264K), 0.0045064 secs]
255126.719: [GC (Allocation Failure)  359066K->12442K(1025536K), 0.0045019 secs]
255127.080: [GC (Allocation Failure)  349338K->12474K(1016320K), 0.0037156 secs]
255127.430: [GC (Allocation Failure)  340154K->12442K(1007616K), 0.0032518 secs]
255127.772: [GC (Allocation Failure)  331418K->12474K(1071616K), 0.0043633 secs]
255128.184: [GC (Allocation Failure)  395450K->12474K(1060352K), 0.0036454 secs]
255128.582: [GC (Allocation Failure)  384186K->12442K(1049600K), 0.0039789 secs]
255128.969: [GC (Allocation Failure)  373402K->12474K(1039360K), 0.0038852 secs]
255129.345: [GC (Allocation Failure)  363194K->12442K(1029632K), 0.0034230 secs]
255129.709: [GC (Allocation Failure)  353434K->12474K(1020416K), 0.0032165 secs]
255130.064: [GC (Allocation Failure)  344250K->12442K(1011200K), 0.0032054 secs]
255130.410: [GC (Allocation Failure)  335002K->12474K(1002496K), 0.0040273 secs]
255130.769: [GC (Allocation Failure)  326330K->12442K(994304K), 0.0038656 secs]
255131.097: [GC (Allocation Failure)  318106K->12474K(1055744K), 0.0046012 secs]
255131.493: [GC (Allocation Failure)  379578K->12474K(1129472K), 0.0036889 secs]
255131.962: [GC (Allocation Failure)  453306K->12474K(1115648K), 0.0041674 secs]
255132.422: [GC (Allocation Failure)  439482K->12442K(1102848K), 0.0034810 secs]
255132.864: [GC (Allocation Failure)  426650K->12474K(1090560K), 0.0041825 secs]
255133.293: [GC (Allocation Failure)  414394K->12474K(1078784K), 0.0050731 secs]
255133.716: [GC (Allocation Failure)  402618K->12474K(1067520K), 0.0041533 secs]
255134.121: [GC (Allocation Failure)  391354K->12474K(1056256K), 0.0030931 secs]
255134.513: [GC (Allocation Failure)  380090K->12474K(1045504K), 0.0034864 secs]
255134.893: [GC (Allocation Failure)  369338K->12474K(1035264K), 0.0035806 secs]
255135.264: [GC (Allocation Failure)  359098K->12474K(1025536K), 0.0037630 secs]
255135.625: [GC (Allocation Failure)  349370K->12474K(1016320K), 0.0034785 secs]
255136.006: [GC (Allocation Failure)  340154K->12442K(1007616K), 0.0035335 secs]
255136.348: [GC (Allocation Failure)  331418K->12442K(998912K), 0.0037323 secs]
255136.681: [GC (Allocation Failure)  322714K->12474K(1061376K), 0.0039929 secs]
255137.080: [GC (Allocation Failure)  385210K->12474K(1050624K), 0.0034753 secs]
255137.467: [GC (Allocation Failure)  374458K->12474K(1040384K), 0.0035175 secs]
255137.845: [GC (Allocation Failure)  364218K->12474K(1030656K), 0.0037304 secs]
255138.211: [GC (Allocation Failure)  354490K->12442K(1020928K), 0.0038762 secs]
255138.567: [GC (Allocation Failure)  344730K->12474K(1011712K), 0.0039723 secs]
255138.915: [GC (Allocation Failure)  335546K->12474K(1003008K), 0.0034283 secs]
255139.252: [GC (Allocation Failure)  326842K->12442K(994816K), 0.0032582 secs]
255139.581: [GC (Allocation Failure)  318618K->12442K(1056256K), 0.0039152 secs]
255139.974: [GC (Allocation Failure)  380058K->12474K(1129984K), 0.0045715 secs]
255140.449: [GC (Allocation Failure)  453818K->12474K(1116160K), 0.0038800 secs]
255140.906: [GC (Allocation Failure)  439994K->12474K(1102848K), 0.0035185 secs]
255141.366: [GC (Allocation Failure)  426682K->12442K(1090560K), 0.0040339 secs]
255141.797: [GC (Allocation Failure)  414362K->12474K(1078784K), 0.0044219 secs]
255142.214: [GC (Allocation Failure)  402618K->12474K(1157120K), 0.0053259 secs]
255142.713: [GC (Allocation Failure)  480954K->12474K(1142272K), 0.0041861 secs]
255143.201: [GC (Allocation Failure)  466106K->12474K(1127936K), 0.0040186 secs]
255143.674: [GC (Allocation Failure)  451770K->12442K(1114112K), 0.0038990 secs]
255144.127: [GC (Allocation Failure)  437914K->12474K(1101312K), 0.0035497 secs]
255144.568: [GC (Allocation Failure)  425146K->12474K(1089024K), 0.0043374 secs]
255145.006: [GC (Allocation Failure)  412858K->12474K(1077248K), 0.0041418 secs]
255145.427: [GC (Allocation Failure)  401082K->12474K(1065984K), 0.0043652 secs]
255145.830: [GC (Allocation Failure)  389818K->12442K(1055232K), 0.0037062 secs]
255146.220: [GC (Allocation Failure)  379034K->12474K(1044480K), 0.0040750 secs]
255146.617: [GC (Allocation Failure)  368314K->12474K(1034240K), 0.0033603 secs]
255146.986: [GC (Allocation Failure)  358074K->12442K(1024512K), 0.0038680 secs]
255147.345: [GC (Allocation Failure)  348314K->12474K(1015296K), 0.0043636 secs]
255147.699: [GC (Allocation Failure)  339130K->12442K(1006592K), 0.0034772 secs]
255148.039: [GC (Allocation Failure)  330394K->12474K(1070592K), 0.0041255 secs]
255148.451: [GC (Allocation Failure)  394426K->12474K(1059328K), 0.0035180 secs]
255148.848: [GC (Allocation Failure)  383162K->12506K(1048576K), 0.0042994 secs]
255149.234: [GC (Allocation Failure)  372442K->12474K(1038336K), 0.0037658 secs]
255149.609: [GC (Allocation Failure)  362170K->12474K(1028608K), 0.0034685 secs]
255149.973: [GC (Allocation Failure)  352442K->12474K(1019392K), 0.0038905 secs]
255150.326: [GC (Allocation Failure)  343226K->12442K(1085952K), 0.0042249 secs]
255150.750: [GC (Allocation Failure)  409754K->12474K(1074176K), 0.0037434 secs]
255151.163: [GC (Allocation Failure)  398010K->12474K(1062912K), 0.0043299 secs]
255151.562: [GC (Allocation Failure)  386746K->12442K(1052160K), 0.0032900 secs]
255151.966: [GC (Allocation Failure)  375962K->12474K(1041920K), 0.0035817 secs]
255152.343: [GC (Allocation Failure)  365754K->12506K(1032192K), 0.0040878 secs]
255152.709: [GC (Allocation Failure)  356058K->12442K(1022464K), 0.0042396 secs]
255153.070: [GC (Allocation Failure)  346266K->12474K(1089536K), 0.0045368 secs]
255153.504: [GC (Allocation Failure)  413370K->12474K(1077760K), 0.0182666 secs]
255153.941: [GC (Allocation Failure)  401594K->12474K(1066496K), 0.0035091 secs]
255154.345: [GC (Allocation Failure)  390330K->12474K(1055744K), 0.0029397 secs]
255154.736: [GC (Allocation Failure)  379578K->12474K(1044992K), 0.0033709 secs]
255155.118: [GC (Allocation Failure)  368826K->12474K(1034752K), 0.0034689 secs]
255155.489: [GC (Allocation Failure)  358586K->12474K(1025024K), 0.0033323 secs]
255155.850: [GC (Allocation Failure)  348858K->12474K(1015808K), 0.0034055 secs]
255156.201: [GC (Allocation Failure)  339642K->12442K(1007104K), 0.0045559 secs]
255156.547: [GC (Allocation Failure)  330906K->12474K(998400K), 0.0036021 secs]
255156.881: [GC (Allocation Failure)  322234K->12474K(1060352K), 0.0040641 secs]
255157.314: [GC (Allocation Failure)  384186K->12474K(1135104K), 0.0041928 secs]
255157.794: [GC (Allocation Failure)  458938K->12474K(1121280K), 0.0031016 secs]
255158.252: [GC (Allocation Failure)  445114K->12442K(1107968K), 0.0034135 secs]
255158.699: [GC (Allocation Failure)  431770K->12474K(1095168K), 0.0036589 secs]
255159.134: [GC (Allocation Failure)  419002K->12506K(1082880K), 0.0035081 secs]
255159.556: [GC (Allocation Failure)  406746K->12474K(1071104K), 0.0039818 secs]
255159.965: [GC (Allocation Failure)  394938K->12474K(1059840K), 0.0036507 secs]
255160.362: [GC (Allocation Failure)  383674K->12442K(1049088K), 0.0035097 secs]
255160.754: [GC (Allocation Failure)  372890K->12474K(1038848K), 0.0037430 secs]
255161.129: [GC (Allocation Failure)  362682K->12474K(1029120K), 0.0043939 secs]
255161.499: [GC (Allocation Failure)  352954K->12442K(1019904K), 0.0039188 secs]
255161.856: [GC (Allocation Failure)  343706K->12506K(1010688K), 0.0037445 secs]
255162.201: [GC (Allocation Failure)  334554K->12474K(1075200K), 0.0050202 secs]
255162.613: [GC (Allocation Failure)  399034K->12474K(1152512K), 0.0033977 secs]
255163.108: [GC (Allocation Failure)  476346K->12474K(1137664K), 0.0031374 secs]
255163.588: [GC (Allocation Failure)  461498K->12474K(1123840K), 0.0036701 secs]
255164.052: [GC (Allocation Failure)  447674K->12474K(1110528K), 0.0031486 secs]
255164.501: [GC (Allocation Failure)  434362K->12474K(1097728K), 0.0037988 secs]
255164.938: [GC (Allocation Failure)  421562K->12474K(1085440K), 0.0036846 secs]
255165.362: [GC (Allocation Failure)  409274K->12474K(1073664K), 0.0033375 secs]
255165.773: [GC (Allocation Failure)  397498K->12474K(1062400K), 0.0035213 secs]
255166.173: [GC (Allocation Failure)  386234K->12442K(1051648K), 0.0037043 secs]
255166.565: [GC (Allocation Failure)  375450K->12442K(1041408K), 0.0031712 secs]
255166.950: [GC (Allocation Failure)  365210K->12474K(1031680K), 0.0037450 secs]
255167.318: [GC (Allocation Failure)  355514K->12506K(1021952K), 0.0037950 secs]
255167.696: [GC (Allocation Failure)  345818K->12442K(1012736K), 0.0035078 secs]
255168.043: [GC (Allocation Failure)  336538K->12442K(1004032K), 0.0033946 secs]
255168.380: [GC (Allocation Failure)  327834K->12506K(995840K), 0.0031811 secs]
255168.709: [GC (Allocation Failure)  319706K->12474K(987648K), 0.0037636 secs]
255169.029: [GC (Allocation Failure)  311482K->12442K(979968K), 0.0032739 secs]
255169.341: [GC (Allocation Failure)  303770K->12474K(1038336K), 0.0040245 secs]
255169.719: [GC (Allocation Failure)  362170K->12474K(1028608K), 0.0034295 secs]
255170.084: [GC (Allocation Failure)  352442K->12474K(1096704K), 0.0043232 secs]
255170.524: [GC (Allocation Failure)  420538K->12474K(1178624K), 0.0046592 secs]
255171.050: [GC (Allocation Failure)  502458K->12474K(1162752K), 0.0034774 secs]
255171.555: [GC (Allocation Failure)  486586K->12474K(1147904K), 0.0041536 secs]
255172.044: [GC (Allocation Failure)  471738K->12474K(1133568K), 0.0033043 secs]
255172.519: [GC (Allocation Failure)  457402K->12474K(1119744K), 0.0032208 secs]
255172.999: [GC (Allocation Failure)  443578K->12442K(1106432K), 0.0039741 secs]
255173.443: [GC (Allocation Failure)  430234K->12506K(1093632K), 0.0032864 secs]
255173.876: [GC (Allocation Failure)  417498K->12474K(1081344K), 0.0032706 secs]
255174.301: [GC (Allocation Failure)  405178K->12442K(1069568K), 0.0035938 secs]
255174.709: [GC (Allocation Failure)  393370K->12474K(1058304K), 0.0043363 secs]
255175.105: [GC (Allocation Failure)  382138K->12474K(1047552K), 0.0035794 secs]
255175.490: [GC (Allocation Failure)  371386K->12442K(1037312K), 0.0036715 secs]
255175.862: [GC (Allocation Failure)  361114K->12506K(1027584K), 0.0038811 secs]
255176.225: [GC (Allocation Failure)  351450K->12442K(1018368K), 0.0037243 secs]
255176.578: [GC (Allocation Failure)  342170K->12474K(1009152K), 0.0038408 secs]
255176.930: [GC (Allocation Failure)  332986K->12474K(1000448K), 0.0035431 secs]
255177.264: [GC (Allocation Failure)  324282K->12474K(992256K), 0.0035382 secs]
255177.589: [GC (Allocation Failure)  316090K->12442K(984064K), 0.0036091 secs]
255177.936: [GC (Allocation Failure)  307866K->12442K(1043456K), 0.0046550 secs]
255178.318: [GC (Allocation Failure)  367258K->12474K(1114624K), 0.0035972 secs]
255178.779: [GC (Allocation Failure)  438458K->12474K(1101824K), 0.0037323 secs]
255179.220: [GC (Allocation Failure)  425658K->12474K(1089536K), 0.0030588 secs]
255179.649: [GC (Allocation Failure)  413370K->12474K(1077760K), 0.0036463 secs]
255180.067: [GC (Allocation Failure)  401594K->12442K(1066496K), 0.0033546 secs]
255180.483: [GC (Allocation Failure)  390298K->12474K(1055744K), 0.0028677 secs]
255180.877: [GC (Allocation Failure)  379578K->12474K(1044992K), 0.0041268 secs]
255181.257: [GC (Allocation Failure)  368826K->12474K(1034752K), 0.0043327 secs]
255181.633: [GC (Allocation Failure)  358586K->12474K(1025024K), 0.0033145 secs]
255181.993: [GC (Allocation Failure)  348858K->12442K(1015808K), 0.0035136 secs]
255182.343: [GC (Allocation Failure)  339610K->12474K(1007104K), 0.0036751 secs]
255182.686: [GC (Allocation Failure)  330938K->12506K(998400K), 0.0033608 secs]
255183.042: [GC (Allocation Failure)  322266K->12474K(990208K), 0.0037848 secs]
255183.365: [GC (Allocation Failure)  314042K->12474K(1050624K), 0.0040723 secs]
255183.754: [GC (Allocation Failure)  374458K->12474K(1123328K), 0.0037730 secs]
255184.217: [GC (Allocation Failure)  447162K->12474K(1110016K), 0.0031433 secs]
255184.667: [GC (Allocation Failure)  433850K->12506K(1097216K), 0.0028935 secs]
255185.106: [GC (Allocation Failure)  421082K->12474K(1084928K), 0.0036655 secs]
255185.530: [GC (Allocation Failure)  408762K->12474K(1073152K), 0.0033446 secs]
255185.937: [GC (Allocation Failure)  396986K->12474K(1061888K), 0.0035954 secs]
255186.336: [GC (Allocation Failure)  385722K->12474K(1051136K), 0.0032697 secs]
255186.723: [GC (Allocation Failure)  374970K->12474K(1040896K), 0.0033278 secs]
255187.099: [GC (Allocation Failure)  364730K->12474K(1031168K), 0.0032676 secs]
255187.465: [GC (Allocation Failure)  355002K->12442K(1021440K), 0.0040812 secs]
255187.821: [GC (Allocation Failure)  345242K->12474K(1012224K), 0.0042574 secs]
255188.189: [GC (Allocation Failure)  336058K->12442K(1003520K), 0.0039501 secs]
255188.526: [GC (Allocation Failure)  327322K->12442K(1066496K), 0.0038892 secs]
255188.931: [GC (Allocation Failure)  390298K->12474K(1055744K), 0.0036488 secs]
255189.324: [GC (Allocation Failure)  379578K->12442K(1044992K), 0.0042995 secs]
255189.707: [GC (Allocation Failure)  368794K->12442K(1034752K), 0.0036352 secs]
255190.079: [GC (Allocation Failure)  358554K->12474K(1025024K), 0.0032734 secs]
255190.438: [GC (Allocation Failure)  348858K->12442K(1015808K), 0.0036118 secs]
255190.789: [GC (Allocation Failure)  339610K->12474K(1007104K), 0.0039413 secs]
255191.131: [GC (Allocation Failure)  330938K->12474K(1071104K), 0.0040667 secs]
255191.547: [GC (Allocation Failure)  394938K->12442K(1059840K), 0.0034490 secs]
255191.945: [GC (Allocation Failure)  383642K->12474K(1049088K), 0.0036795 secs]
255192.330: [GC (Allocation Failure)  372922K->12506K(1038848K), 0.0031074 secs]
255192.706: [GC (Allocation Failure)  362714K->12474K(1029120K), 0.0034516 secs]
255193.070: [GC (Allocation Failure)  352954K->12442K(1019904K), 0.0039803 secs]
255193.427: [GC (Allocation Failure)  343706K->12506K(1010688K), 0.0037719 secs]
255193.774: [GC (Allocation Failure)  334554K->12442K(1001984K), 0.0040171 secs]
255194.110: [GC (Allocation Failure)  325786K->12474K(993792K), 0.0034529 secs]
255194.437: [GC (Allocation Failure)  317626K->12474K(985600K), 0.0031177 secs]
255194.755: [GC (Allocation Failure)  309434K->12442K(1044992K), 0.0036446 secs]
255195.135: [GC (Allocation Failure)  368794K->12474K(1034752K), 0.0034371 secs]
255195.507: [GC (Allocation Failure)  358586K->12506K(1025024K), 0.0033657 secs]
255195.869: [GC (Allocation Failure)  348890K->12506K(1015808K), 0.0042542 secs]
255196.218: [GC (Allocation Failure)  339674K->12442K(1081344K), 0.0044446 secs]
255196.643: [GC (Allocation Failure)  405146K->12442K(1160192K), 0.0051591 secs]
255197.149: [GC (Allocation Failure)  483994K->12474K(1254912K), 0.0043082 secs]
255197.753: [GC (Allocation Failure)  578746K->12474K(1235968K), 0.0037856 secs]
255198.336: [GC (Allocation Failure)  559802K->12474K(1217536K), 0.0048515 secs]
255198.937: [GC (Allocation Failure)  541370K->12474K(1200128K), 0.0038479 secs]
255199.483: [GC (Allocation Failure)  523962K->12474K(1183232K), 0.0038888 secs]
255200.009: [GC (Allocation Failure)  507066K->12474K(1167360K), 0.0029681 secs]
255200.520: [GC (Allocation Failure)  491194K->12474K(1152000K), 0.0039290 secs]
255201.015: [GC (Allocation Failure)  475834K->12474K(1137152K), 0.0035123 secs]
255201.493: [GC (Allocation Failure)  460986K->12474K(1123328K), 0.0034209 secs]
255201.958: [GC (Allocation Failure)  447162K->12442K(1110016K), 0.0037326 secs]
255202.410: [GC (Allocation Failure)  433818K->12474K(1097216K), 0.0035668 secs]
255202.849: [GC (Allocation Failure)  421050K->12474K(1084928K), 0.0033271 secs]
255203.271: [GC (Allocation Failure)  408762K->12442K(1073152K), 0.0033472 secs]
255203.682: [GC (Allocation Failure)  396954K->12442K(1061888K), 0.0039568 secs]
255204.130: [GC (Allocation Failure)  385690K->12442K(1051136K), 0.0038536 secs]
255204.519: [GC (Allocation Failure)  374938K->12442K(1040896K), 0.0036295 secs]
255204.906: [GC (Allocation Failure)  364698K->12474K(1031168K), 0.0035011 secs]
255205.276: [GC (Allocation Failure)  355002K->12474K(1021440K), 0.0034968 secs]
255205.631: [GC (Allocation Failure)  345274K->12474K(1012224K), 0.0031568 secs]
255205.976: [GC (Allocation Failure)  336058K->12474K(1003520K), 0.0038509 secs]
255206.313: [GC (Allocation Failure)  327354K->12442K(995328K), 0.0043169 secs]
255206.649: [GC (Allocation Failure)  319130K->12474K(1056768K), 0.0038504 secs]
255207.041: [GC (Allocation Failure)  380602K->12474K(1130496K), 0.0041805 secs]
255207.516: [GC (Allocation Failure)  454330K->12442K(1219072K), 0.0047957 secs]
255208.084: [GC (Allocation Failure)  542874K->12474K(1201664K), 0.0036195 secs]
255208.631: [GC (Allocation Failure)  525498K->12474K(1184768K), 0.0054742 secs]
255209.167: [GC (Allocation Failure)  508602K->12474K(1168896K), 0.0042277 secs]
255209.682: [GC (Allocation Failure)  492730K->12442K(1153536K), 0.0039986 secs]
255210.182: [GC (Allocation Failure)  477338K->12474K(1138688K), 0.0036178 secs]
255210.660: [GC (Allocation Failure)  462522K->12474K(1124864K), 0.0040219 secs]
255211.126: [GC (Allocation Failure)  448698K->12442K(1111552K), 0.0035962 secs]
255211.576: [GC (Allocation Failure)  435354K->12474K(1098752K), 0.0036747 secs]
255212.018: [GC (Allocation Failure)  422586K->12442K(1086464K), 0.0036985 secs]
255212.448: [GC (Allocation Failure)  410266K->12442K(1074688K), 0.0033473 secs]
255212.860: [GC (Allocation Failure)  398490K->12474K(1063424K), 0.0034881 secs]
255213.259: [GC (Allocation Failure)  387258K->12442K(1052672K), 0.0039603 secs]
255213.647: [GC (Allocation Failure)  376474K->12474K(1042432K), 0.0030962 secs]
255214.023: [GC (Allocation Failure)  366266K->12506K(1032704K), 0.0038333 secs]
255214.392: [GC (Allocation Failure)  356570K->12474K(1022976K), 0.0041287 secs]
255214.770: [GC (Allocation Failure)  346810K->12442K(1013760K), 0.0038228 secs]
255215.117: [GC (Allocation Failure)  337562K->12474K(1005056K), 0.0040377 secs]
255215.455: [GC (Allocation Failure)  328890K->12442K(1068544K), 0.0038576 secs]
255215.861: [GC (Allocation Failure)  392346K->12442K(1057280K), 0.0031719 secs]
255216.255: [GC (Allocation Failure)  381082K->12506K(1046528K), 0.0041997 secs]
255216.637: [GC (Allocation Failure)  370394K->12474K(1118208K), 0.0046852 secs]
255217.098: [GC (Allocation Failure)  442042K->12474K(1104896K), 0.0037758 secs]
255217.540: [GC (Allocation Failure)  428730K->12474K(1092096K), 0.0042746 secs]
255217.971: [GC (Allocation Failure)  415930K->12442K(1079808K), 0.0033980 secs]
255218.388: [GC (Allocation Failure)  403610K->12474K(1068032K), 0.0033108 secs]
255218.794: [GC (Allocation Failure)  391866K->12442K(1056768K), 0.0038103 secs]
255219.188: [GC (Allocation Failure)  380570K->12506K(1046016K), 0.0039705 secs]
255219.569: [GC (Allocation Failure)  369882K->12474K(1035776K), 0.0039657 secs]
255219.969: [GC (Allocation Failure)  359610K->12474K(1026048K), 0.0042694 secs]
255220.335: [GC (Allocation Failure)  349882K->12410K(1016832K), 0.0034490 secs]
255220.687: [GC (Allocation Failure)  340602K->12474K(1008128K), 0.0034812 secs]
255221.032: [GC (Allocation Failure)  331962K->12506K(999424K), 0.0030847 secs]
255221.364: [GC (Allocation Failure)  323290K->12506K(991232K), 0.0037378 secs]
255221.687: [GC (Allocation Failure)  315098K->12442K(983552K), 0.0033327 secs]
255222.003: [GC (Allocation Failure)  307354K->12474K(975872K), 0.0033925 secs]
255222.311: [GC (Allocation Failure)  299706K->12474K(1033728K), 0.0034241 secs]
255222.680: [GC (Allocation Failure)  357562K->12506K(1024000K), 0.0033313 secs]
255223.039: [GC (Allocation Failure)  347866K->12474K(1014784K), 0.0034628 secs]
255223.391: [GC (Allocation Failure)  338618K->12442K(1006080K), 0.0030787 secs]
255223.734: [GC (Allocation Failure)  329882K->12442K(997376K), 0.0034223 secs]
255224.067: [GC (Allocation Failure)  321178K->12442K(989184K), 0.0034817 secs]
255224.388: [GC (Allocation Failure)  312986K->12474K(1049600K), 0.0038131 secs]
255224.773: [GC (Allocation Failure)  373434K->12506K(1039360K), 0.0033307 secs]
255225.149: [GC (Allocation Failure)  363226K->12474K(1029632K), 0.0030238 secs]
255225.514: [GC (Allocation Failure)  353466K->12506K(1020416K), 0.0031851 secs]
255225.869: [GC (Allocation Failure)  344282K->12474K(1011200K), 0.0039133 secs]
255226.214: [GC (Allocation Failure)  335034K->12474K(1002496K), 0.0037082 secs]
255226.551: [GC (Allocation Failure)  326330K->12442K(994304K), 0.0034965 secs]
255226.878: [GC (Allocation Failure)  318106K->12442K(986112K), 0.0033077 secs]
255227.197: [GC (Allocation Failure)  309914K->12474K(1046016K), 0.0038237 secs]
255227.581: [GC (Allocation Failure)  369850K->12474K(1035776K), 0.0032734 secs]
255227.953: [GC (Allocation Failure)  359610K->12474K(1026048K), 0.0033686 secs]
255228.314: [GC (Allocation Failure)  349882K->12474K(1016832K), 0.0038694 secs]
255228.666: [GC (Allocation Failure)  340666K->12474K(1008128K), 0.0037743 secs]
255229.009: [GC (Allocation Failure)  331962K->12442K(1072128K), 0.0039132 secs]
255229.419: [GC (Allocation Failure)  395930K->12410K(1148928K), 0.0044688 secs]
255229.911: [GC (Allocation Failure)  472698K->12474K(1134592K), 0.0034208 secs]
255230.438: [GC (Allocation Failure)  458426K->12474K(1120768K), 0.0045277 secs]
255230.899: [GC (Allocation Failure)  444602K->12442K(1107456K), 0.0040225 secs]
255231.349: [GC (Allocation Failure)  431258K->12442K(1094656K), 0.0034408 secs]
255231.782: [GC (Allocation Failure)  418458K->12474K(1082368K), 0.0036724 secs]
255232.202: [GC (Allocation Failure)  406202K->12474K(1070592K), 0.0034503 secs]
255232.609: [GC (Allocation Failure)  394426K->12442K(1059328K), 0.0054510 secs]
255233.006: [GC (Allocation Failure)  383130K->12474K(1048576K), 0.0036605 secs]
255233.392: [GC (Allocation Failure)  372410K->12442K(1038336K), 0.0033024 secs]
255233.765: [GC (Allocation Failure)  362138K->12474K(1028608K), 0.0034497 secs]
255234.129: [GC (Allocation Failure)  352442K->12474K(1019392K), 0.0035289 secs]
255234.483: [GC (Allocation Failure)  343226K->12474K(1010176K), 0.0035428 secs]
255234.826: [GC (Allocation Failure)  334010K->12442K(1001472K), 0.0037455 secs]
255235.161: [GC (Allocation Failure)  325274K->12474K(993280K), 0.0032495 secs]
255235.521: [GC (Allocation Failure)  317114K->12474K(985088K), 0.0038360 secs]
255235.839: [GC (Allocation Failure)  308922K->12474K(1044480K), 0.0046203 secs]
255236.221: [GC (Allocation Failure)  368314K->12474K(1115648K), 0.0041861 secs]
255236.678: [GC (Allocation Failure)  439482K->12474K(1201152K), 0.0041324 secs]
255237.226: [GC (Allocation Failure)  524986K->12474K(1184256K), 0.0043906 secs]
255237.760: [GC (Allocation Failure)  508090K->12442K(1168384K), 0.0035168 secs]
255238.271: [GC (Allocation Failure)  492186K->12474K(1153024K), 0.0032058 secs]
255238.768: [GC (Allocation Failure)  476858K->12474K(1138176K), 0.0038115 secs]
255239.246: [GC (Allocation Failure)  462010K->12442K(1124352K), 0.0037319 secs]
255239.717: [GC (Allocation Failure)  448154K->12442K(1111040K), 0.0041339 secs]
255240.173: [GC (Allocation Failure)  434842K->12474K(1098240K), 0.0032607 secs]
255240.645: [GC (Allocation Failure)  422074K->12474K(1085952K), 0.0036562 secs]
255241.068: [GC (Allocation Failure)  409786K->12474K(1074176K), 0.0035403 secs]
255241.480: [GC (Allocation Failure)  398010K->12442K(1062912K), 0.0035949 secs]
255241.880: [GC (Allocation Failure)  386714K->12474K(1052160K), 0.0038005 secs]
255242.269: [GC (Allocation Failure)  375994K->12474K(1041920K), 0.0040882 secs]
255242.647: [GC (Allocation Failure)  365754K->12474K(1032192K), 0.0045771 secs]
255243.018: [GC (Allocation Failure)  356026K->12442K(1022464K), 0.0041740 secs]
255243.378: [GC (Allocation Failure)  346266K->12474K(1013248K), 0.0038882 secs]
255243.725: [GC (Allocation Failure)  337082K->12442K(1078272K), 0.0036764 secs]
255244.140: [GC (Allocation Failure)  402074K->12474K(1067008K), 0.0032789 secs]
255244.542: [GC (Allocation Failure)  390842K->12474K(1056256K), 0.0036089 secs]
255244.934: [GC (Allocation Failure)  380090K->12474K(1045504K), 0.0036211 secs]
255245.316: [GC (Allocation Failure)  369338K->12474K(1035264K), 0.0034772 secs]
255245.705: [GC (Allocation Failure)  359098K->12474K(1104896K), 0.0054832 secs]
255246.158: [GC (Allocation Failure)  428730K->12474K(1092096K), 0.0034726 secs]
255246.588: [GC (Allocation Failure)  415930K->12442K(1079808K), 0.0035472 secs]
255247.003: [GC (Allocation Failure)  403610K->12442K(1068032K), 0.0039480 secs]
255247.410: [GC (Allocation Failure)  391834K->12442K(1056768K), 0.0034530 secs]
255247.801: [GC (Allocation Failure)  380570K->12442K(1046016K), 0.0041854 secs]
255248.182: [GC (Allocation Failure)  369818K->12474K(1035776K), 0.0034848 secs]
255248.553: [GC (Allocation Failure)  359610K->12474K(1026048K), 0.0034529 secs]
255248.913: [GC (Allocation Failure)  349882K->12474K(1016832K), 0.0037002 secs]
255249.262: [GC (Allocation Failure)  340666K->12474K(1008128K), 0.0033200 secs]
255249.601: [GC (Allocation Failure)  331962K->12474K(999424K), 0.0033587 secs]
255249.934: [GC (Allocation Failure)  323258K->12474K(991232K), 0.0033121 secs]
255250.255: [GC (Allocation Failure)  315066K->12442K(983552K), 0.0034557 secs]
255250.569: [GC (Allocation Failure)  307354K->12506K(1042944K), 0.0040652 secs]
255250.968: [GC (Allocation Failure)  366810K->12474K(1114112K), 0.0041422 secs]
255251.418: [GC (Allocation Failure)  437946K->12442K(1101312K), 0.0038033 secs]
255251.854: [GC (Allocation Failure)  425114K->12474K(1089024K), 0.0039268 secs]
255252.278: [GC (Allocation Failure)  412858K->12474K(1077248K), 0.0036777 secs]
255252.689: [GC (Allocation Failure)  401082K->12474K(1065984K), 0.0032932 secs]
255253.089: [GC (Allocation Failure)  389818K->12474K(1055232K), 0.0038591 secs]
255253.478: [GC (Allocation Failure)  379066K->12474K(1044480K), 0.0036123 secs]
255253.857: [GC (Allocation Failure)  368314K->12474K(1034240K), 0.0039622 secs]
255254.215: [GC (Allocation Failure)  358074K->12474K(1024512K), 0.0033838 secs]
255254.570: [GC (Allocation Failure)  348346K->12474K(1015296K), 0.0036188 secs]
255254.918: [GC (Allocation Failure)  339130K->12442K(1006592K), 0.0038322 secs]
255255.257: [GC (Allocation Failure)  330394K->12474K(997888K), 0.0034858 secs]
255255.586: [GC (Allocation Failure)  321722K->12442K(1059840K), 0.0043523 secs]
255255.998: [GC (Allocation Failure)  383642K->12410K(1134080K), 0.0045586 secs]
255256.471: [GC (Allocation Failure)  457850K->12442K(1223168K), 0.0050428 secs]
255257.029: [GC (Allocation Failure)  546970K->12474K(1205248K), 0.0040941 secs]
255257.575: [GC (Allocation Failure)  529082K->12442K(1188352K), 0.0042448 secs]
255258.110: [GC (Allocation Failure)  512154K->12506K(1171968K), 0.0038045 secs]
255258.613: [GC (Allocation Failure)  495834K->12570K(1156608K), 0.0043592 secs]
255259.097: [GC (Allocation Failure)  480538K->12602K(1141760K), 0.0046034 secs]
255259.583: [GC (Allocation Failure)  465722K->12586K(1127424K), 0.0040059 secs]
255260.046: [GC (Allocation Failure)  451370K->12594K(1114112K), 0.0035678 secs]
255260.492: [GC (Allocation Failure)  438066K->12570K(1101312K), 0.0033158 secs]
255260.921: [GC (Allocation Failure)  425242K->12602K(1089024K), 0.0085685 secs]
255261.343: [GC (Allocation Failure)  412986K->12634K(1077248K), 0.0034035 secs]
255261.743: [GC (Allocation Failure)  401242K->12602K(1065984K), 0.0042573 secs]
