Java HotSpot(TM) 64-Bit Server VM (25.91-b14) for linux-amd64 JRE (1.8.0_91-b14), built on Apr  1 2016 00:57:21 by "java_re" with gcc 4.3.0 20080428 (Red Hat 4.3.0-8)
Memory: 4k page, physical 10239976k(3863984k free), swap 4192252k(4192252k free)
CommandLine flags: -XX:InitialHeapSize=163839616 -XX:MaxHeapSize=2621433856 -XX:+PrintGC -XX:+PrintGCTimeStamps -XX:+UseCompressedClassPointers -XX:+UseCompressedOops 
0.831: [GC (Allocation Failure)  43136K->8105K(156416K), 0.0173485 secs]
1.247: [GC (Allocation Failure)  51241K->18708K(156416K), 0.0610494 secs]
1.731: [GC (Allocation Failure)  61844K->25121K(156416K), 0.0306599 secs]
1.908: [Full GC (System.gc())  33271K->26432K(156416K), 0.0505224 secs]
1.967: [Full GC (System.gc())  26432K->26432K(156544K), 0.0312164 secs]
2.005: [Full GC (System.gc())  26432K->26432K(156544K), 0.0343604 secs]
2.045: [Full GC (System.gc())  26432K->23687K(156544K), 0.0458413 secs]
2.096: [Full GC (System.gc())  23687K->23687K(156544K), 0.0412090 secs]
3.238: [Full GC (System.gc())  42299K->27931K(156544K), 0.0404121 secs]
3.285: [Full GC (System.gc())  27931K->27931K(156544K), 0.0393707 secs]
3.337: [Full GC (System.gc())  27931K->25480K(156544K), 0.0439108 secs]
3.386: [Full GC (System.gc())  25480K->25480K(156544K), 0.0710823 secs]
3.471: [Full GC (System.gc())  25480K->25480K(156544K), 0.0569752 secs]
3.547: [Full GC (System.gc())  27394K->25576K(156544K), 0.0315299 secs]
3.588: [Full GC (System.gc())  25576K->20374K(156544K), 0.0374213 secs]
3.628: [Full GC (System.gc())  20374K->20374K(156544K), 0.0331734 secs]
3.667: [Full GC (System.gc())  20374K->20374K(156544K), 0.0306282 secs]
3.702: [Full GC (System.gc())  20374K->20374K(156544K), 0.0349927 secs]
3.747: [Full GC (System.gc())  21239K->20372K(156544K), 0.0307721 secs]
3.781: [Full GC (System.gc())  20372K->20372K(156544K), 0.0314768 secs]
3.815: [Full GC (System.gc())  20372K->20372K(156544K), 0.0302628 secs]
3.845: [Full GC (System.gc())  20372K->20372K(156544K), 0.0303913 secs]
3.876: [Full GC (System.gc())  20372K->20372K(156544K), 0.0311782 secs]
5.232: [GC (Allocation Failure)  63636K->23784K(156544K), 0.0112171 secs]
5.751: [GC (Allocation Failure)  67048K->24235K(156544K), 0.0139182 secs]
6.332: [GC (Allocation Failure)  67499K->27459K(156544K), 0.0118711 secs]
6.756: [GC (Allocation Failure)  70723K->28600K(156544K), 0.0124017 secs]
7.237: [GC (Allocation Failure)  71864K->31735K(156544K), 0.0139605 secs]
7.586: [GC (Allocation Failure)  74999K->34148K(156544K), 0.0349376 secs]
7.890: [GC (Allocation Failure)  77412K->35974K(156544K), 0.0167106 secs]
8.340: [GC (Allocation Failure)  79238K->40692K(156544K), 0.0302850 secs]
8.651: [GC (Allocation Failure)  83944K->43707K(156544K), 0.0331161 secs]
8.947: [GC (Allocation Failure)  86971K->46053K(156544K), 0.0157168 secs]
9.332: [GC (Allocation Failure)  89317K->49562K(156544K), 0.0191686 secs]
9.731: [GC (Allocation Failure)  92826K->52763K(156544K), 0.0229498 secs]
10.071: [GC (Allocation Failure)  96027K->56100K(156544K), 0.0244919 secs]
10.424: [GC (Allocation Failure)  99364K->58365K(156544K), 0.0228390 secs]
10.729: [GC (Allocation Failure)  101629K->61244K(156544K), 0.0419215 secs]
11.000: [GC (Allocation Failure)  104508K->64358K(156544K), 0.0422376 secs]
11.363: [GC (Allocation Failure)  107622K->68423K(156544K), 0.0314356 secs]
11.774: [GC (Allocation Failure)  111687K->72961K(156544K), 0.0472245 secs]
12.196: [GC (Allocation Failure)  116225K->77786K(156544K), 0.0252616 secs]
12.531: [GC (Allocation Failure)  121050K->82169K(156544K), 0.0470245 secs]
12.940: [GC (Allocation Failure)  125433K->85829K(156544K), 0.0219127 secs]
13.321: [GC (Allocation Failure)  129093K->90692K(156544K), 0.0408703 secs]
13.691: [GC (Allocation Failure)  133956K->94104K(156544K), 0.0292311 secs]
14.092: [GC (Allocation Failure)  137368K->100135K(156544K), 0.0567739 secs]
14.524: [GC (Allocation Failure)  143399K->106249K(156544K), 0.0512250 secs]
14.884: [GC (Allocation Failure)  149513K->115725K(159040K), 0.0684107 secs]
14.952: [Full GC (Allocation Failure)  115725K->91939K(159040K), 0.5248914 secs]
15.956: [GC (Allocation Failure)  153379K->101601K(222288K), 0.0389622 secs]
16.117: [Full GC (System.gc())  116350K->98982K(222288K), 0.3345115 secs]
16.457: [Full GC (System.gc())  98982K->98982K(239276K), 0.2438123 secs]
16.711: [Full GC (System.gc())  98982K->91320K(239276K), 0.3389939 secs]
17.054: [Full GC (System.gc())  91320K->91320K(239276K), 0.2217931 secs]
17.281: [Full GC (System.gc())  91320K->91320K(239276K), 0.2397556 secs]
17.844: [GC (Allocation Failure)  157432K->94799K(239276K), 0.0192360 secs]
18.386: [GC (Allocation Failure)  160911K->95088K(239276K), 0.0051681 secs]
18.634: [GC (Allocation Failure)  161200K->94315K(239276K), 0.0390631 secs]
