Java HotSpot(TM) 64-Bit Server VM (25.91-b14) for linux-amd64 JRE (1.8.0_91-b14), built on Apr  1 2016 00:57:21 by "java_re" with gcc 4.3.0 20080428 (Red Hat 4.3.0-8)
Memory: 4k page, physical 10239976k(3864808k free), swap 4192252k(4192252k free)
CommandLine flags: -XX:InitialHeapSize=163839616 -XX:MaxHeapSize=2621433856 -XX:+PrintGC -XX:+PrintGCTimeStamps -XX:+UseCompressedClassPointers -XX:+UseCompressedOops 
0.622: [GC (Allocation Failure)  43136K->6722K(156416K), 0.0120029 secs]
0.827: [GC (Allocation Failure)  49858K->12851K(156416K), 0.0309578 secs]
1.038: [GC (Allocation Failure)  55987K->19146K(156416K), 0.0266575 secs]
1.308: [GC (Allocation Failure)  62282K->25494K(156416K), 0.0281208 secs]
1.513: [GC (Allocation Failure)  68630K->32107K(156416K), 0.0183474 secs]
1.779: [GC (Allocation Failure)  75243K->37902K(156416K), 0.0247224 secs]
1.959: [GC (Allocation Failure)  81038K->43659K(156416K), 0.0251268 secs]
2.149: [GC (Allocation Failure)  86795K->49632K(156416K), 0.0169639 secs]
2.360: [GC (Allocation Failure)  92768K->56489K(156416K), 0.0842983 secs]
2.619: [GC (Allocation Failure)  99625K->62493K(156416K), 0.0256213 secs]
2.889: [GC (Allocation Failure)  105620K->68400K(156416K), 0.0290575 secs]
3.099: [GC (Allocation Failure)  111536K->74001K(156416K), 0.0213494 secs]
3.300: [GC (Allocation Failure)  117137K->78764K(156416K), 0.0226004 secs]
3.491: [GC (Allocation Failure)  121900K->84285K(156416K), 0.0167615 secs]
3.748: [GC (Allocation Failure)  127421K->90393K(156416K), 0.0313740 secs]
3.928: [GC (Allocation Failure)  133529K->96023K(156416K), 0.0421422 secs]
4.180: [GC (Allocation Failure)  139159K->101994K(156416K), 0.0309836 secs]
4.334: [GC (Allocation Failure)  145130K->107530K(156416K), 0.0368411 secs]
4.522: [GC (Allocation Failure)  150666K->113703K(156992K), 0.0339370 secs]
4.556: [Full GC (Allocation Failure)  113703K->109630K(156992K), 0.3883551 secs]
5.218: [GC (Allocation Failure)  180863K->117562K(262208K), 0.0602354 secs]
5.889: [GC (Allocation Failure)  189946K->133864K(262208K), 0.0472126 secs]
6.647: [GC (Allocation Failure)  206248K->144965K(262208K), 0.0688750 secs]
7.179: [GC (Allocation Failure)  217349K->156869K(262208K), 0.0744473 secs]
7.760: [GC (Allocation Failure)  229253K->169113K(262208K), 0.0402402 secs]
8.253: [GC (Allocation Failure)  241497K->180507K(262208K), 0.0670860 secs]
8.573: [Full GC (System.gc())  206480K->147675K(262208K), 0.3472698 secs]
8.928: [Full GC (System.gc())  147675K->147675K(356912K), 0.2421697 secs]
9.178: [Full GC (System.gc())  147675K->140157K(356912K), 0.2841388 secs]
9.468: [Full GC (System.gc())  140157K->140157K(356912K), 0.3196743 secs]
9.793: [Full GC (System.gc())  140157K->140157K(356912K), 0.2802388 secs]
10.971: [Full GC (System.gc())  161783K->133577K(356912K), 0.2880955 secs]
11.276: [Full GC (System.gc())  133577K->121849K(356912K), 0.3010935 secs]
11.584: [Full GC (System.gc())  121849K->121849K(356912K), 0.2378295 secs]
11.830: [Full GC (System.gc())  121849K->121849K(356912K), 0.3060791 secs]
12.140: [Full GC (System.gc())  121849K->121849K(356912K), 0.2724219 secs]
12.513: [Full GC (System.gc())  123879K->110249K(356912K), 0.2766403 secs]
12.798: [Full GC (System.gc())  110323K->110249K(356912K), 0.2300483 secs]
13.038: [Full GC (System.gc())  110249K->110249K(356912K), 0.2770749 secs]
13.331: [Full GC (System.gc())  110249K->110249K(356912K), 0.2418193 secs]
13.578: [Full GC (System.gc())  110249K->110249K(356912K), 0.2987192 secs]
13.884: [Full GC (System.gc())  112205K->110250K(356912K), 0.2365028 secs]
14.125: [Full GC (System.gc())  110250K->110250K(356912K), 0.2350611 secs]
14.366: [Full GC (System.gc())  110250K->110250K(356912K), 0.3254172 secs]
14.695: [Full GC (System.gc())  110250K->110246K(356912K), 0.2939984 secs]
14.989: [Full GC (System.gc())  110246K->110246K(356912K), 0.2254425 secs]
16.733: [GC (Allocation Failure)  208742K->115199K(356912K), 0.0239012 secs]
18.758: [GC (Allocation Failure)  213695K->119991K(356912K), 0.0256008 secs]
19.617: [GC (Allocation Failure)  218487K->124497K(356912K), 0.0362129 secs]
20.595: [GC (Allocation Failure)  222993K->129938K(356912K), 0.0455552 secs]
21.628: [GC (Allocation Failure)  228434K->135450K(356912K), 0.0369102 secs]
22.530: [GC (Allocation Failure)  233946K->141258K(356912K), 0.0670335 secs]
23.821: [GC (Allocation Failure)  239754K->147450K(356912K), 0.0560400 secs]
25.019: [GC (Allocation Failure)  245946K->152884K(356912K), 0.0655683 secs]
25.998: [GC (Allocation Failure)  251380K->158484K(356912K), 0.0561871 secs]
27.030: [GC (Allocation Failure)  256980K->164620K(356912K), 0.0743211 secs]
28.223: [GC (Allocation Failure)  263116K->170321K(356912K), 0.0730587 secs]
29.801: [GC (Allocation Failure)  268817K->177151K(356912K), 0.0447161 secs]
30.720: [GC (Allocation Failure)  275647K->182605K(356912K), 0.0919025 secs]
31.923: [GC (Allocation Failure)  281101K->188988K(356912K), 0.0599930 secs]
32.665: [GC (Allocation Failure)  287484K->193397K(356912K), 0.0996930 secs]
34.360: [GC (Allocation Failure)  291893K->199510K(356912K), 0.0377736 secs]
35.459: [GC (Allocation Failure)  298006K->205170K(356912K), 0.0442972 secs]
36.350: [GC (Allocation Failure)  303666K->212995K(356912K), 0.0371381 secs]
36.969: [GC (Allocation Failure)  311491K->218177K(356912K), 0.0409419 secs]
38.085: [GC (Allocation Failure)  316673K->224966K(356912K), 0.0553674 secs]
38.905: [GC (Allocation Failure)  323462K->230130K(356912K), 0.1259921 secs]
39.945: [GC (Allocation Failure)  328626K->238242K(356912K), 0.0530520 secs]
40.784: [GC (Allocation Failure)  336738K->240833K(356912K), 0.0582891 secs]
41.810: [GC (Allocation Failure)  339329K->244996K(356912K), 0.0223774 secs]
43.037: [GC (Allocation Failure)  343492K->250471K(356912K), 0.0356894 secs]
44.053: [GC (Allocation Failure)  348967K->256904K(356912K), 0.0758143 secs]
45.138: [GC (Allocation Failure)  355400K->261113K(367604K), 0.0399475 secs]
45.178: [Full GC (Allocation Failure)  261113K->239234K(367604K), 0.6001476 secs]
47.549: [GC (Allocation Failure)  398850K->251712K(578244K), 0.0886208 secs]
48.967: [GC (Allocation Failure)  411328K->267178K(578244K), 0.1034413 secs]
50.339: [GC (Allocation Failure)  426794K->278943K(578244K), 0.0974893 secs]
52.517: [GC (Allocation Failure)  438559K->286675K(578244K), 0.0611724 secs]
53.993: [GC (Allocation Failure)  446291K->296638K(578244K), 0.0632438 secs]
55.585: [GC (Allocation Failure)  456254K->307455K(578244K), 0.1494413 secs]
57.741: [GC (Allocation Failure)  467071K->333500K(578244K), 0.1266482 secs]
59.494: [GC (Allocation Failure)  493116K->351945K(578244K), 0.1899597 secs]
61.237: [GC (Allocation Failure)  511561K->361575K(578244K), 0.0876942 secs]
62.478: [GC (Allocation Failure)  521191K->369595K(578244K), 0.0699015 secs]
63.706: [GC (Allocation Failure)  529211K->376701K(578244K), 0.0951066 secs]
65.895: [GC (Allocation Failure)  536317K->389051K(578244K), 0.1123150 secs]
68.198: [GC (Allocation Failure)  548667K->398748K(578244K), 0.1409444 secs]
70.256: [GC (Allocation Failure)  558364K->416965K(578244K), 0.1783423 secs]
70.435: [Full GC (Allocation Failure)  416965K->360609K(578244K), 0.9828914 secs]
73.288: [GC (Allocation Failure)  601121K->379904K(871548K), 0.0893432 secs]
75.496: [GC (Allocation Failure)  620416K->393357K(871548K), 0.1040519 secs]
77.660: [GC (Allocation Failure)  633869K->407624K(871548K), 0.1312100 secs]
80.428: [GC (Allocation Failure)  648136K->430068K(871548K), 0.1502925 secs]
82.383: [GC (Allocation Failure)  670580K->441946K(871548K), 0.2066652 secs]
84.317: [GC (Allocation Failure)  682458K->471515K(871548K), 0.1916850 secs]
85.974: [GC (Allocation Failure)  712027K->502719K(871548K), 0.2259673 secs]
87.254: [GC (Allocation Failure)  743231K->569689K(871548K), 0.2209599 secs]
89.060: [GC (Allocation Failure)  810201K->629277K(871548K), 0.1102404 secs]
90.790: [GC (Allocation Failure)  869789K->664556K(905148K), 0.1733030 secs]
90.963: [Full GC (Allocation Failure)  664556K->463635K(905148K), 1.3256416 secs]
94.333: [GC (Allocation Failure)  772883K->525923K(1120568K), 0.0901842 secs]
96.584: [GC (Allocation Failure)  835171K->619194K(1120568K), 0.1649088 secs]
100.792: [GC (Allocation Failure)  928442K->648849K(1120568K), 0.1438278 secs]
103.114: [GC (Allocation Failure)  958097K->703300K(1120568K), 0.1309051 secs]
104.550: [GC (Allocation Failure)  1012548K->851090K(1160504K), 0.2031351 secs]
104.753: [Full GC (Allocation Failure)  851090K->580515K(1160504K), 1.8942264 secs]
108.188: [GC (Allocation Failure)  967651K->760769K(1402984K), 0.1632120 secs]
109.308: [Full GC (System.gc())  1039289K->624280K(1402984K), 1.9277768 secs]
111.236: [Full GC (System.gc())  624280K->624280K(1508756K), 1.2261608 secs]
112.462: [Full GC (System.gc())  624280K->575994K(1508756K), 1.4016899 secs]
113.864: [Full GC (System.gc())  575994K->575994K(1508756K), 1.2341549 secs]
115.099: [Full GC (System.gc())  575994K->575994K(1508756K), 1.3884070 secs]
117.856: [GC (Allocation Failure)  992314K->587709K(1508756K), 0.0740109 secs]
