Java HotSpot(TM) 64-Bit Server VM (25.91-b14) for linux-amd64 JRE (1.8.0_91-b14), built on Apr  1 2016 00:57:21 by "java_re" with gcc 4.3.0 20080428 (Red Hat 4.3.0-8)
Memory: 4k page, physical 10239976k(3863992k free), swap 4192252k(4192252k free)
CommandLine flags: -XX:InitialHeapSize=163839616 -XX:MaxHeapSize=2621433856 -XX:+PrintGC -XX:+PrintGCTimeStamps -XX:+UseCompressedClassPointers -XX:+UseCompressedOops 
1.708: [GC (Allocation Failure)  43136K->12361K(156416K), 0.0347172 secs]
3.281: [GC (Allocation Failure)  55497K->19555K(156416K), 0.0346924 secs]
3.731: [GC (Allocation Failure)  62691K->24931K(156416K), 0.0251511 secs]
4.193: [GC (Allocation Failure)  68067K->30544K(156416K), 0.0330346 secs]
4.602: [GC (Allocation Failure)  73680K->37334K(156416K), 0.0368886 secs]
5.037: [GC (Allocation Failure)  80470K->43940K(156416K), 0.0302286 secs]
5.573: [GC (Allocation Failure)  87076K->50456K(156416K), 0.0359385 secs]
6.182: [GC (Allocation Failure)  93592K->57767K(156416K), 0.0303682 secs]
6.791: [GC (Allocation Failure)  100903K->67097K(156416K), 0.1218396 secs]
7.739: [GC (Allocation Failure)  110233K->71555K(156416K), 0.0259806 secs]
8.294: [GC (Allocation Failure)  114691K->76496K(156416K), 0.0406461 secs]
8.911: [GC (Allocation Failure)  119524K->81434K(156416K), 0.0282750 secs]
9.422: [GC (Allocation Failure)  124570K->89780K(156416K), 0.0503673 secs]
10.049: [GC (Allocation Failure)  132916K->95891K(156416K), 0.0476302 secs]
10.748: [GC (Allocation Failure)  139027K->96849K(156416K), 0.0359665 secs]
11.699: [GC (Allocation Failure)  139985K->97324K(156416K), 0.0105250 secs]
12.421: [GC (Allocation Failure)  140460K->98905K(156416K), 0.0200249 secs]
12.959: [GC (Allocation Failure)  142041K->103265K(156416K), 0.0318418 secs]
13.949: [GC (Allocation Failure)  146401K->104038K(156416K), 0.0259516 secs]
14.532: [GC (Allocation Failure)  147174K->106803K(156416K), 0.0195019 secs]
15.213: [GC (Allocation Failure)  149939K->110477K(156416K), 0.0169522 secs]
15.333: [GC (Allocation Failure)  153613K->108698K(156416K), 0.0083079 secs]
15.489: [GC (Allocation Failure)  151834K->109252K(156416K), 0.0062285 secs]
15.673: [GC (Allocation Failure)  152388K->109494K(156416K), 0.0114773 secs]
15.761: [GC (Allocation Failure)  152630K->109740K(156416K), 0.0054799 secs]
