Java HotSpot(TM) 64-Bit Server VM (25.91-b14) for linux-amd64 JRE (1.8.0_91-b14), built on Apr  1 2016 00:57:21 by "java_re" with gcc 4.3.0 20080428 (Red Hat 4.3.0-8)
Memory: 4k page, physical 10239976k(3864176k free), swap 4192252k(4192252k free)
CommandLine flags: -XX:InitialHeapSize=163839616 -XX:MaxHeapSize=2621433856 -XX:+PrintGC -XX:+PrintGCTimeStamps -XX:+UseCompressedClassPointers -XX:+UseCompressedOops 
2.758: [GC (Allocation Failure)  43136K->8410K(156416K), 0.0207661 secs]
3.005: [GC (Allocation Failure)  51546K->18758K(156416K), 0.0393827 secs]
3.618: [GC (Allocation Failure)  61894K->28872K(156416K), 0.0519055 secs]
4.039: [GC (Allocation Failure)  72008K->34466K(156416K), 0.0651274 secs]
7.611: [GC (Allocation Failure)  77602K->43619K(156416K), 0.0707159 secs]
9.918: [GC (Allocation Failure)  86755K->51414K(156416K), 0.0294344 secs]
10.985: [GC (Allocation Failure)  94550K->58585K(156416K), 0.0323010 secs]
11.388: [GC (Allocation Failure)  101721K->64643K(156416K), 0.0320399 secs]
11.763: [GC (Allocation Failure)  107779K->70569K(156416K), 0.0415348 secs]
12.210: [GC (Allocation Failure)  113705K->76562K(156416K), 0.0477686 secs]
12.668: [GC (Allocation Failure)  119698K->83147K(156416K), 0.0713602 secs]
13.201: [GC (Allocation Failure)  126283K->90562K(156416K), 0.0385360 secs]
13.660: [GC (Allocation Failure)  133698K->97734K(156416K), 0.0604284 secs]
15.359: [GC (Allocation Failure)  140870K->106082K(156416K), 0.0704055 secs]
16.270: [GC (Allocation Failure)  149218K->111372K(156416K), 0.0605254 secs]
17.070: [GC (Allocation Failure)  154508K->119651K(162944K), 0.0654323 secs]
17.135: [Full GC (Allocation Failure)  119651K->51920K(162944K), 0.1818453 secs]
17.876: [GC (Allocation Failure)  95184K->60310K(156544K), 0.0854740 secs]
18.723: [GC (Allocation Failure)  103574K->67822K(156544K), 0.1375022 secs]
19.872: [GC (Allocation Failure)  111086K->72770K(156544K), 0.1846058 secs]
20.741: [GC (Allocation Failure)  116034K->78282K(156544K), 0.0293735 secs]
21.272: [GC (Allocation Failure)  121546K->83532K(156544K), 0.0375088 secs]
22.222: [GC (Allocation Failure)  126796K->90397K(156544K), 0.0624536 secs]
23.126: [GC (Allocation Failure)  133661K->98509K(156544K), 0.0621202 secs]
23.787: [GC (Allocation Failure)  141773K->103282K(156544K), 0.0653928 secs]
24.629: [GC (Allocation Failure)  146546K->104321K(156544K), 0.0165211 secs]
25.228: [GC (Allocation Failure)  147585K->106488K(156544K), 0.0156940 secs]
25.665: [GC (Allocation Failure)  149752K->113700K(157120K), 0.0394499 secs]
25.704: [Full GC (Allocation Failure)  113700K->93164K(157120K), 0.2478114 secs]
26.971: [GC (Allocation Failure)  155372K->95915K(225228K), 0.0106068 secs]
28.075: [GC (Allocation Failure)  158123K->97445K(225228K), 0.0175637 secs]
29.383: [GC (Allocation Failure)  159653K->99220K(225228K), 0.0183104 secs]
29.935: [GC (Allocation Failure)  161428K->104139K(225228K), 0.0451262 secs]
30.198: [GC (Allocation Failure)  166347K->102420K(225228K), 0.0274248 secs]
30.393: [GC (Allocation Failure)  164628K->102687K(225228K), 0.0033929 secs]
30.527: [GC (Allocation Failure)  164895K->102939K(225228K), 0.0036893 secs]
